________________________________________________
|             CALL API : START                |
________________________________________________

Informations : 
Called API: meteo - 29 June 2024, 10:00
Method: GETMETEO - Timeout : 300 - Cache : 1
URL CALLED : https://api.openweathermap.org/data/2.5/forecast/daily?q=Brussels,be&units=metric&cnt=4&appid=ea18c0706135505149200c3836f29800
-------------------------
________________________________________________
|             CALL API : START                |
________________________________________________

Informations : 
Called API: meteo - 29 June 2024, 10:00
Method: GETMETEO - Timeout : 300 - Cache : 1
URL CALLED : https://api.openweathermap.org/data/2.5/forecast/daily?q=Brussels,be&units=metric&cnt=4&appid=ea18c0706135505149200c3836f29800
-------------------------
{"city":{"id":2800866,"name":"Brussels","coord":{"lon":4.3488,"lat":50.8504},"country":"BE","population":1019022,"timezone":7200},"cod":"200","message":0.0702311,"cnt":4,"list":[{"dt":1719658800,"sunrise":1719631926,"sunset":1719691194,"temp":{"day":20.84,"min":12.36,"max":23.25,"night":16.97,"eve":23.08,"morn":15.83},"feels_like":{"day":20.55,"night":16.68,"eve":22.85,"morn":15.53},"pressure":1015,"humidity":60,"weather":[{"id":803,"main":"Clouds","description":"broken clouds","icon":"04d"}],"speed":4.23,"deg":345,"gust":7.8,"clouds":53,"pop":0},{"dt":1719745200,"sunrise":1719718362,"sunset":1719777580,"temp":{"day":21.43,"min":13.44,"max":21.43,"night":13.44,"eve":14.68,"morn":16.04},"feels_like":{"day":21.17,"night":13.29,"eve":14.53,"morn":15.89},"pressure":1011,"humidity":59,"weather":[{"id":500,"main":"Rain","description":"light rain","icon":"10d"}],"speed":5.31,"deg":311,"gust":8.93,"clouds":100,"pop":1,"rain":0.98},{"dt":1719831600,"sunrise":1719804801,"sunset":1719863963,"temp":{"day":18.44,"min":10.27,"max":19.55,"night":14.48,"eve":18.52,"morn":11.42},"feels_like":{"day":17.96,"night":13.97,"eve":17.97,"morn":11.02},"pressure":1017,"humidity":62,"weather":[{"id":500,"main":"Rain","description":"light rain","icon":"10d"}],"speed":5.79,"deg":291,"gust":6.57,"clouds":97,"pop":1,"rain":0.83},{"dt":1719918000,"sunrise":1719891243,"sunset":1719950343,"temp":{"day":17.83,"min":13.31,"max":18.14,"night":13.95,"eve":16.44,"morn":13.31},"feels_like":{"day":17.24,"night":13.49,"eve":16.02,"morn":13.18},"pressure":1016,"humidity":60,"weather":[{"id":500,"main":"Rain","description":"light rain","icon":"10d"}],"speed":4.9,"deg":296,"gust":8.18,"clouds":100,"pop":1,"rain":1.16}]}
--- ENF OF RECEIVED DATA ---

{"city":{"id":2800866,"name":"Brussels","coord":{"lon":4.3488,"lat":50.8504},"country":"BE","population":1019022,"timezone":7200},"cod":"200","message":0.0702311,"cnt":4,"list":[{"dt":1719658800,"sunrise":1719631926,"sunset":1719691194,"temp":{"day":20.84,"min":12.36,"max":23.25,"night":16.97,"eve":23.08,"morn":15.83},"feels_like":{"day":20.55,"night":16.68,"eve":22.85,"morn":15.53},"pressure":1015,"humidity":60,"weather":[{"id":803,"main":"Clouds","description":"broken clouds","icon":"04d"}],"speed":4.23,"deg":345,"gust":7.8,"clouds":53,"pop":0},{"dt":1719745200,"sunrise":1719718362,"sunset":1719777580,"temp":{"day":21.43,"min":13.44,"max":21.43,"night":13.44,"eve":14.68,"morn":16.04},"feels_like":{"day":21.17,"night":13.29,"eve":14.53,"morn":15.89},"pressure":1011,"humidity":59,"weather":[{"id":500,"main":"Rain","description":"light rain","icon":"10d"}],"speed":5.31,"deg":311,"gust":8.93,"clouds":100,"pop":1,"rain":0.98},{"dt":1719831600,"sunrise":1719804801,"sunset":1719863963,"temp":{"day":18.44,"min":10.27,"max":19.55,"night":14.48,"eve":18.52,"morn":11.42},"feels_like":{"day":17.96,"night":13.97,"eve":17.97,"morn":11.02},"pressure":1017,"humidity":62,"weather":[{"id":500,"main":"Rain","description":"light rain","icon":"10d"}],"speed":5.79,"deg":291,"gust":6.57,"clouds":97,"pop":1,"rain":0.83},{"dt":1719918000,"sunrise":1719891243,"sunset":1719950343,"temp":{"day":17.83,"min":13.31,"max":18.14,"night":13.95,"eve":16.44,"morn":13.31},"feels_like":{"day":17.24,"night":13.49,"eve":16.02,"morn":13.18},"pressure":1016,"humidity":60,"weather":[{"id":500,"main":"Rain","description":"light rain","icon":"10d"}],"speed":4.9,"deg":296,"gust":8.18,"clouds":100,"pop":1,"rain":1.16}]}
--- ENF OF RECEIVED DATA ---

