________________________________________________
|             CALL API : START                |
________________________________________________

Informations : 
Called API: meteo - 28 December 2024, 21:20
Method: GETMETEO - Timeout : 300 - Cache : 1
URL CALLED : https://api.openweathermap.org/data/2.5/forecast/daily?q=Brussels,be&units=metric&cnt=4&appid=ea18c0706135505149200c3836f29800
-------------------------
________________________________________________
|             CALL API : START                |
________________________________________________

Informations : 
Called API: meteo - 28 December 2024, 21:20
Method: GETMETEO - Timeout : 300 - Cache : 1
URL CALLED : https://api.openweathermap.org/data/2.5/forecast/daily?q=Brussels,be&units=metric&cnt=4&appid=ea18c0706135505149200c3836f29800
-------------------------
{"city":{"id":2800866,"name":"Brussels","coord":{"lon":4.3488,"lat":50.8504},"country":"BE","population":1019022,"timezone":3600},"cod":"200","message":0.8971139,"cnt":4,"list":[{"dt":1735383600,"sunrise":1735371899,"sunset":1735400602,"temp":{"day":5.34,"min":0.39,"max":6.32,"night":0.59,"eve":1.93,"morn":2.39},"feels_like":{"day":3.68,"night":-2.76,"eve":-0.89,"morn":1.14},"pressure":1030,"humidity":50,"weather":[{"id":802,"main":"Clouds","description":"scattered clouds","icon":"03d"}],"speed":3.03,"deg":210,"gust":5.37,"clouds":48,"pop":0},{"dt":1735470000,"sunrise":1735458304,"sunset":1735487053,"temp":{"day":3.96,"min":0.33,"max":4.98,"night":4.21,"eve":4.53,"morn":0.34},"feels_like":{"day":1.27,"night":0.99,"eve":2.06,"morn":-2.93},"pressure":1030,"humidity":85,"weather":[{"id":802,"main":"Clouds","description":"scattered clouds","icon":"03d"}],"speed":3.84,"deg":208,"gust":7.83,"clouds":29,"pop":0},{"dt":1735556400,"sunrise":1735544707,"sunset":1735573507,"temp":{"day":5.51,"min":2.63,"max":6.83,"night":4.02,"eve":4.27,"morn":2.97},"feels_like":{"day":1.95,"night":0.64,"eve":1.1,"morn":-0.78},"pressure":1031,"humidity":85,"weather":[{"id":801,"main":"Clouds","description":"few clouds","icon":"02d"}],"speed":5.05,"deg":223,"gust":10.13,"clouds":19,"pop":0},{"dt":1735642800,"sunrise":1735631106,"sunset":1735659964,"temp":{"day":5.09,"min":3.05,"max":7.03,"night":5.7,"eve":5.35,"morn":3.25},"feels_like":{"day":0.55,"night":0.64,"eve":0.46,"morn":-0.87},"pressure":1025,"humidity":80,"weather":[{"id":804,"main":"Clouds","description":"overcast clouds","icon":"04d"}],"speed":9.52,"deg":220,"gust":19.84,"clouds":100,"pop":0}]}
--- ENF OF RECEIVED DATA ---

{"city":{"id":2800866,"name":"Brussels","coord":{"lon":4.3488,"lat":50.8504},"country":"BE","population":1019022,"timezone":3600},"cod":"200","message":0.8971139,"cnt":4,"list":[{"dt":1735383600,"sunrise":1735371899,"sunset":1735400602,"temp":{"day":5.34,"min":0.39,"max":6.32,"night":0.59,"eve":1.93,"morn":2.39},"feels_like":{"day":3.68,"night":-2.76,"eve":-0.89,"morn":1.14},"pressure":1030,"humidity":50,"weather":[{"id":802,"main":"Clouds","description":"scattered clouds","icon":"03d"}],"speed":3.03,"deg":210,"gust":5.37,"clouds":48,"pop":0},{"dt":1735470000,"sunrise":1735458304,"sunset":1735487053,"temp":{"day":3.96,"min":0.33,"max":4.98,"night":4.21,"eve":4.53,"morn":0.34},"feels_like":{"day":1.27,"night":0.99,"eve":2.06,"morn":-2.93},"pressure":1030,"humidity":85,"weather":[{"id":802,"main":"Clouds","description":"scattered clouds","icon":"03d"}],"speed":3.84,"deg":208,"gust":7.83,"clouds":29,"pop":0},{"dt":1735556400,"sunrise":1735544707,"sunset":1735573507,"temp":{"day":5.51,"min":2.63,"max":6.83,"night":4.02,"eve":4.27,"morn":2.97},"feels_like":{"day":1.95,"night":0.64,"eve":1.1,"morn":-0.78},"pressure":1031,"humidity":85,"weather":[{"id":801,"main":"Clouds","description":"few clouds","icon":"02d"}],"speed":5.05,"deg":223,"gust":10.13,"clouds":19,"pop":0},{"dt":1735642800,"sunrise":1735631106,"sunset":1735659964,"temp":{"day":5.09,"min":3.05,"max":7.03,"night":5.7,"eve":5.35,"morn":3.25},"feels_like":{"day":0.55,"night":0.64,"eve":0.46,"morn":-0.87},"pressure":1025,"humidity":80,"weather":[{"id":804,"main":"Clouds","description":"overcast clouds","icon":"04d"}],"speed":9.52,"deg":220,"gust":19.84,"clouds":100,"pop":0}]}
--- ENF OF RECEIVED DATA ---

