________________________________________________
|             CALL API : START                |
________________________________________________

Informations : 
Called API: meteo - 4 January 2025, 00:00
Method: GETMETEO - Timeout : 300 - Cache : 1
URL CALLED : https://api.openweathermap.org/data/2.5/forecast/daily?q=Brussels,be&units=metric&cnt=4&appid=ea18c0706135505149200c3836f29800
-------------------------
________________________________________________
|             CALL API : START                |
________________________________________________

Informations : 
Called API: meteo - 4 January 2025, 00:00
Method: GETMETEO - Timeout : 300 - Cache : 1
URL CALLED : https://api.openweathermap.org/data/2.5/forecast/daily?q=Brussels,be&units=metric&cnt=4&appid=ea18c0706135505149200c3836f29800
-------------------------
{"city":{"id":2800866,"name":"Brussels","coord":{"lon":4.3488,"lat":50.8504},"country":"BE","population":1019022,"timezone":3600},"cod":"200","message":0.0194294,"cnt":4,"list":[{"dt":1735902000,"sunrise":1735890284,"sunset":1735919351,"temp":{"day":2.55,"min":-0.07,"max":3.85,"night":1.6,"eve":3.17,"morn":0},"feels_like":{"day":-2.24,"night":-1.84,"eve":-0.59,"morn":-4.5},"pressure":1022,"humidity":72,"weather":[{"id":802,"main":"Clouds","description":"scattered clouds","icon":"03d"}],"speed":6.05,"deg":254,"gust":10.57,"clouds":44,"pop":0},{"dt":1735988400,"sunrise":1735976670,"sunset":1736005818,"temp":{"day":2.31,"min":0.35,"max":2.97,"night":0.89,"eve":2.04,"morn":0.57},"feels_like":{"day":-0.9,"night":-3.86,"eve":-0.8,"morn":-2.66},"pressure":1020,"humidity":81,"weather":[{"id":600,"main":"Snow","description":"light snow","icon":"13d"}],"speed":5.1,"deg":133,"gust":11.78,"clouds":100,"pop":1,"snow":0.7},{"dt":1736074800,"sunrise":1736063053,"sunset":1736092288,"temp":{"day":9.39,"min":0.28,"max":10.82,"night":10.43,"eve":9.74,"morn":1.48},"feels_like":{"day":5.48,"night":9.75,"eve":6.02,"morn":-2.38},"pressure":995,"humidity":93,"weather":[{"id":616,"main":"Snow","description":"rain and snow","icon":"13d"}],"speed":10.5,"deg":218,"gust":20.8,"clouds":100,"pop":1,"rain":14.12,"snow":4.87},{"dt":1736161200,"sunrise":1736149433,"sunset":1736178760,"temp":{"day":11.66,"min":4.44,"max":11.66,"night":4.44,"eve":10.05,"morn":10.91},"feels_like":{"day":10.81,"night":-0.48,"eve":9.41,"morn":10.3},"pressure":986,"humidity":74,"weather":[{"id":501,"main":"Rain","description":"moderate rain","icon":"10d"}],"speed":11.48,"deg":201,"gust":21.79,"clouds":100,"pop":1,"rain":5.54}]}
--- ENF OF RECEIVED DATA ---

{"city":{"id":2800866,"name":"Brussels","coord":{"lon":4.3488,"lat":50.8504},"country":"BE","population":1019022,"timezone":3600},"cod":"200","message":0.0194294,"cnt":4,"list":[{"dt":1735902000,"sunrise":1735890284,"sunset":1735919351,"temp":{"day":2.55,"min":-0.07,"max":3.85,"night":1.6,"eve":3.17,"morn":0},"feels_like":{"day":-2.24,"night":-1.84,"eve":-0.59,"morn":-4.5},"pressure":1022,"humidity":72,"weather":[{"id":802,"main":"Clouds","description":"scattered clouds","icon":"03d"}],"speed":6.05,"deg":254,"gust":10.57,"clouds":44,"pop":0},{"dt":1735988400,"sunrise":1735976670,"sunset":1736005818,"temp":{"day":2.31,"min":0.35,"max":2.97,"night":0.89,"eve":2.04,"morn":0.57},"feels_like":{"day":-0.9,"night":-3.86,"eve":-0.8,"morn":-2.66},"pressure":1020,"humidity":81,"weather":[{"id":600,"main":"Snow","description":"light snow","icon":"13d"}],"speed":5.1,"deg":133,"gust":11.78,"clouds":100,"pop":1,"snow":0.7},{"dt":1736074800,"sunrise":1736063053,"sunset":1736092288,"temp":{"day":9.39,"min":0.28,"max":10.82,"night":10.43,"eve":9.74,"morn":1.48},"feels_like":{"day":5.48,"night":9.75,"eve":6.02,"morn":-2.38},"pressure":995,"humidity":93,"weather":[{"id":616,"main":"Snow","description":"rain and snow","icon":"13d"}],"speed":10.5,"deg":218,"gust":20.8,"clouds":100,"pop":1,"rain":14.12,"snow":4.87},{"dt":1736161200,"sunrise":1736149433,"sunset":1736178760,"temp":{"day":11.66,"min":4.44,"max":11.66,"night":4.44,"eve":10.05,"morn":10.91},"feels_like":{"day":10.81,"night":-0.48,"eve":9.41,"morn":10.3},"pressure":986,"humidity":74,"weather":[{"id":501,"main":"Rain","description":"moderate rain","icon":"10d"}],"speed":11.48,"deg":201,"gust":21.79,"clouds":100,"pop":1,"rain":5.54}]}
--- ENF OF RECEIVED DATA ---

