________________________________________________
|             CALL API : START                |
________________________________________________

Informations : 
Called API: meteo - 24 May 2023, 22:00
Method: GETMETEO - Timeout : 300 - Cache : 1
URL CALLED : https://api.openweathermap.org/data/2.5/forecast/daily?q=Brussels,be&units=metric&cnt=4&appid=ea18c0706135505149200c3836f29800
-------------------------
________________________________________________
|             CALL API : START                |
________________________________________________

Informations : 
Called API: meteo - 24 May 2023, 22:00
Method: GETMETEO - Timeout : 300 - Cache : 1
URL CALLED : https://api.openweathermap.org/data/2.5/forecast/daily?q=Brussels,be&units=metric&cnt=4&appid=ea18c0706135505149200c3836f29800
-------------------------
{"city":{"id":2800866,"name":"Brussels","coord":{"lon":4.3488,"lat":50.8504},"country":"BE","population":1019022,"timezone":7200},"cod":"200","message":10.7591845,"cnt":4,"list":[{"dt":1684926000,"sunrise":1684899750,"sunset":1684956998,"temp":{"day":14.42,"min":6.02,"max":15.6,"night":13.13,"eve":14.21,"morn":7.27},"feels_like":{"day":13.41,"night":12.4,"eve":13.44,"morn":6.12},"pressure":1024,"humidity":57,"weather":[{"id":803,"main":"Clouds","description":"broken clouds","icon":"04d"}],"speed":3.73,"deg":12,"gust":8.28,"clouds":76,"pop":0},{"dt":1685012400,"sunrise":1684986084,"sunset":1685043476,"temp":{"day":17.31,"min":7.17,"max":19.02,"night":11.91,"eve":18.13,"morn":8.03},"feels_like":{"day":16.58,"night":11.06,"eve":17.57,"morn":6.28},"pressure":1027,"humidity":57,"weather":[{"id":801,"main":"Clouds","description":"few clouds","icon":"02d"}],"speed":5.34,"deg":39,"gust":11.22,"clouds":22,"pop":0},{"dt":1685098800,"sunrise":1685072420,"sunset":1685129952,"temp":{"day":16.39,"min":6.52,"max":18.29,"night":11.76,"eve":17.43,"morn":7.23},"feels_like":{"day":15.26,"night":10.9,"eve":16.66,"morn":4.3},"pressure":1030,"humidity":45,"weather":[{"id":800,"main":"Clear","description":"sky is clear","icon":"01d"}],"speed":6.37,"deg":52,"gust":12.14,"clouds":0,"pop":0},{"dt":1685185200,"sunrise":1685158759,"sunset":1685216427,"temp":{"day":17.95,"min":6.4,"max":20.34,"night":13.11,"eve":17.98,"morn":7.31},"feels_like":{"day":17.21,"night":12.51,"eve":17.56,"morn":4.7},"pressure":1026,"humidity":54,"weather":[{"id":803,"main":"Clouds","description":"broken clouds","icon":"04d"}],"speed":5.05,"deg":48,"gust":12.23,"clouds":69,"pop":0}]}
--- ENF OF RECEIVED DATA ---

{"city":{"id":2800866,"name":"Brussels","coord":{"lon":4.3488,"lat":50.8504},"country":"BE","population":1019022,"timezone":7200},"cod":"200","message":10.7591845,"cnt":4,"list":[{"dt":1684926000,"sunrise":1684899750,"sunset":1684956998,"temp":{"day":14.42,"min":6.02,"max":15.6,"night":13.13,"eve":14.21,"morn":7.27},"feels_like":{"day":13.41,"night":12.4,"eve":13.44,"morn":6.12},"pressure":1024,"humidity":57,"weather":[{"id":803,"main":"Clouds","description":"broken clouds","icon":"04d"}],"speed":3.73,"deg":12,"gust":8.28,"clouds":76,"pop":0},{"dt":1685012400,"sunrise":1684986084,"sunset":1685043476,"temp":{"day":17.31,"min":7.17,"max":19.02,"night":11.91,"eve":18.13,"morn":8.03},"feels_like":{"day":16.58,"night":11.06,"eve":17.57,"morn":6.28},"pressure":1027,"humidity":57,"weather":[{"id":801,"main":"Clouds","description":"few clouds","icon":"02d"}],"speed":5.34,"deg":39,"gust":11.22,"clouds":22,"pop":0},{"dt":1685098800,"sunrise":1685072420,"sunset":1685129952,"temp":{"day":16.39,"min":6.52,"max":18.29,"night":11.76,"eve":17.43,"morn":7.23},"feels_like":{"day":15.26,"night":10.9,"eve":16.66,"morn":4.3},"pressure":1030,"humidity":45,"weather":[{"id":800,"main":"Clear","description":"sky is clear","icon":"01d"}],"speed":6.37,"deg":52,"gust":12.14,"clouds":0,"pop":0},{"dt":1685185200,"sunrise":1685158759,"sunset":1685216427,"temp":{"day":17.95,"min":6.4,"max":20.34,"night":13.11,"eve":17.98,"morn":7.31},"feels_like":{"day":17.21,"night":12.51,"eve":17.56,"morn":4.7},"pressure":1026,"humidity":54,"weather":[{"id":803,"main":"Clouds","description":"broken clouds","icon":"04d"}],"speed":5.05,"deg":48,"gust":12.23,"clouds":69,"pop":0}]}
--- ENF OF RECEIVED DATA ---

