________________________________________________
|             CALL API : START                |
________________________________________________

Informations : 
Called API: meteo - 17 May 2024, 07:10
Method: GETMETEO - Timeout : 300 - Cache : 1
URL CALLED : https://api.openweathermap.org/data/2.5/forecast/daily?q=Brussels,be&units=metric&cnt=4&appid=ea18c0706135505149200c3836f29800
-------------------------
________________________________________________
|             CALL API : START                |
________________________________________________

Informations : 
Called API: meteo - 17 May 2024, 07:10
Method: GETMETEO - Timeout : 300 - Cache : 1
URL CALLED : https://api.openweathermap.org/data/2.5/forecast/daily?q=Brussels,be&units=metric&cnt=4&appid=ea18c0706135505149200c3836f29800
-------------------------
{"city":{"id":2800866,"name":"Brussels","coord":{"lon":4.3488,"lat":50.8504},"country":"BE","population":1019022,"timezone":7200},"cod":"200","message":0.7464372,"cnt":4,"list":[{"dt":1715943600,"sunrise":1715917814,"sunset":1715974081,"temp":{"day":17.72,"min":11.31,"max":17.84,"night":12.5,"eve":13.69,"morn":12.22},"feels_like":{"day":17.3,"night":12.36,"eve":13.54,"morn":11.9},"pressure":1009,"humidity":67,"weather":[{"id":501,"main":"Rain","description":"moderate rain","icon":"10d"}],"speed":5.87,"deg":295,"gust":10.88,"clouds":100,"pop":1,"rain":11.5},{"dt":1716030000,"sunrise":1716004134,"sunset":1716060567,"temp":{"day":15.23,"min":12.35,"max":18.82,"night":12.35,"eve":16.93,"morn":12.84},"feels_like":{"day":14.95,"night":12.07,"eve":16.77,"morn":12.71},"pressure":1009,"humidity":82,"weather":[{"id":501,"main":"Rain","description":"moderate rain","icon":"10d"}],"speed":5.58,"deg":297,"gust":10.43,"clouds":94,"pop":1,"rain":5.36},{"dt":1716116400,"sunrise":1716090456,"sunset":1716147052,"temp":{"day":15.04,"min":9.74,"max":17.76,"night":10.89,"eve":16.49,"morn":10.64},"feels_like":{"day":14.9,"night":10.57,"eve":16.26,"morn":10.32},"pressure":1011,"humidity":88,"weather":[{"id":500,"main":"Rain","description":"light rain","icon":"10d"}],"speed":4.72,"deg":335,"gust":7.51,"clouds":99,"pop":1,"rain":4.39},{"dt":1716202800,"sunrise":1716176780,"sunset":1716233535,"temp":{"day":18.83,"min":10.73,"max":19.36,"night":14.8,"eve":18.35,"morn":12.33},"feels_like":{"day":18.44,"night":14.56,"eve":18.23,"morn":11.94},"pressure":1009,"humidity":64,"weather":[{"id":500,"main":"Rain","description":"light rain","icon":"10d"}],"speed":2.39,"deg":306,"gust":4.62,"clouds":74,"pop":1,"rain":1.1}]}
--- ENF OF RECEIVED DATA ---

{"city":{"id":2800866,"name":"Brussels","coord":{"lon":4.3488,"lat":50.8504},"country":"BE","population":1019022,"timezone":7200},"cod":"200","message":0.7464372,"cnt":4,"list":[{"dt":1715943600,"sunrise":1715917814,"sunset":1715974081,"temp":{"day":17.72,"min":11.31,"max":17.84,"night":12.5,"eve":13.69,"morn":12.22},"feels_like":{"day":17.3,"night":12.36,"eve":13.54,"morn":11.9},"pressure":1009,"humidity":67,"weather":[{"id":501,"main":"Rain","description":"moderate rain","icon":"10d"}],"speed":5.87,"deg":295,"gust":10.88,"clouds":100,"pop":1,"rain":11.5},{"dt":1716030000,"sunrise":1716004134,"sunset":1716060567,"temp":{"day":15.23,"min":12.35,"max":18.82,"night":12.35,"eve":16.93,"morn":12.84},"feels_like":{"day":14.95,"night":12.07,"eve":16.77,"morn":12.71},"pressure":1009,"humidity":82,"weather":[{"id":501,"main":"Rain","description":"moderate rain","icon":"10d"}],"speed":5.58,"deg":297,"gust":10.43,"clouds":94,"pop":1,"rain":5.36},{"dt":1716116400,"sunrise":1716090456,"sunset":1716147052,"temp":{"day":15.04,"min":9.74,"max":17.76,"night":10.89,"eve":16.49,"morn":10.64},"feels_like":{"day":14.9,"night":10.57,"eve":16.26,"morn":10.32},"pressure":1011,"humidity":88,"weather":[{"id":500,"main":"Rain","description":"light rain","icon":"10d"}],"speed":4.72,"deg":335,"gust":7.51,"clouds":99,"pop":1,"rain":4.39},{"dt":1716202800,"sunrise":1716176780,"sunset":1716233535,"temp":{"day":18.83,"min":10.73,"max":19.36,"night":14.8,"eve":18.35,"morn":12.33},"feels_like":{"day":18.44,"night":14.56,"eve":18.23,"morn":11.94},"pressure":1009,"humidity":64,"weather":[{"id":500,"main":"Rain","description":"light rain","icon":"10d"}],"speed":2.39,"deg":306,"gust":4.62,"clouds":74,"pop":1,"rain":1.1}]}
--- ENF OF RECEIVED DATA ---

