________________________________________________
|             CALL API : START                |
________________________________________________

Informations : 
Called API: meteo - 14 September 2023, 13:30
Method: GETMETEO - Timeout : 300 - Cache : 1
URL CALLED : https://api.openweathermap.org/data/2.5/forecast/daily?q=Brussels,be&units=metric&cnt=4&appid=ea18c0706135505149200c3836f29800
-------------------------
________________________________________________
|             CALL API : START                |
________________________________________________

Informations : 
Called API: meteo - 14 September 2023, 13:30
Method: GETMETEO - Timeout : 300 - Cache : 1
URL CALLED : https://api.openweathermap.org/data/2.5/forecast/daily?q=Brussels,be&units=metric&cnt=4&appid=ea18c0706135505149200c3836f29800
-------------------------
{"city":{"id":2800866,"name":"Brussels","coord":{"lon":4.3488,"lat":50.8504},"country":"BE","population":1019022,"timezone":7200},"cod":"200","message":39.8241221,"cnt":4,"list":[{"dt":1694689200,"sunrise":1694668546,"sunset":1694714471,"temp":{"day":21.16,"min":14.23,"max":22.32,"night":15.88,"eve":21.19,"morn":14.79},"feels_like":{"day":20.92,"night":15.33,"eve":20.77,"morn":14.31},"pressure":1023,"humidity":61,"weather":[{"id":802,"main":"Clouds","description":"scattered clouds","icon":"03d"}],"speed":2.93,"deg":118,"gust":4.62,"clouds":43,"pop":0},{"dt":1694775600,"sunrise":1694755038,"sunset":1694800735,"temp":{"day":22.09,"min":13.08,"max":24.41,"night":17.47,"eve":22.39,"morn":13.08},"feels_like":{"day":21.69,"night":17.02,"eve":22.12,"morn":12.43},"pressure":1017,"humidity":51,"weather":[{"id":803,"main":"Clouds","description":"broken clouds","icon":"04d"}],"speed":2.89,"deg":148,"gust":4.34,"clouds":80,"pop":0},{"dt":1694862000,"sunrise":1694841531,"sunset":1694886998,"temp":{"day":24.33,"min":15.08,"max":25.97,"night":17.79,"eve":22.89,"morn":15.08},"feels_like":{"day":24.1,"night":17.35,"eve":22.67,"morn":14.6},"pressure":1015,"humidity":49,"weather":[{"id":802,"main":"Clouds","description":"scattered clouds","icon":"03d"}],"speed":3.46,"deg":33,"gust":7.53,"clouds":41,"pop":0.27},{"dt":1694948400,"sunrise":1694928023,"sunset":1694973262,"temp":{"day":24.25,"min":14.54,"max":24.9,"night":19.72,"eve":21.34,"morn":14.54},"feels_like":{"day":24.25,"night":19.84,"eve":21.46,"morn":14.22},"pressure":1014,"humidity":58,"weather":[{"id":803,"main":"Clouds","description":"broken clouds","icon":"04d"}],"speed":4.33,"deg":79,"gust":8.09,"clouds":80,"pop":0.06}]}
--- ENF OF RECEIVED DATA ---

{"city":{"id":2800866,"name":"Brussels","coord":{"lon":4.3488,"lat":50.8504},"country":"BE","population":1019022,"timezone":7200},"cod":"200","message":39.8241221,"cnt":4,"list":[{"dt":1694689200,"sunrise":1694668546,"sunset":1694714471,"temp":{"day":21.16,"min":14.23,"max":22.32,"night":15.88,"eve":21.19,"morn":14.79},"feels_like":{"day":20.92,"night":15.33,"eve":20.77,"morn":14.31},"pressure":1023,"humidity":61,"weather":[{"id":802,"main":"Clouds","description":"scattered clouds","icon":"03d"}],"speed":2.93,"deg":118,"gust":4.62,"clouds":43,"pop":0},{"dt":1694775600,"sunrise":1694755038,"sunset":1694800735,"temp":{"day":22.09,"min":13.08,"max":24.41,"night":17.47,"eve":22.39,"morn":13.08},"feels_like":{"day":21.69,"night":17.02,"eve":22.12,"morn":12.43},"pressure":1017,"humidity":51,"weather":[{"id":803,"main":"Clouds","description":"broken clouds","icon":"04d"}],"speed":2.89,"deg":148,"gust":4.34,"clouds":80,"pop":0},{"dt":1694862000,"sunrise":1694841531,"sunset":1694886998,"temp":{"day":24.33,"min":15.08,"max":25.97,"night":17.79,"eve":22.89,"morn":15.08},"feels_like":{"day":24.1,"night":17.35,"eve":22.67,"morn":14.6},"pressure":1015,"humidity":49,"weather":[{"id":802,"main":"Clouds","description":"scattered clouds","icon":"03d"}],"speed":3.46,"deg":33,"gust":7.53,"clouds":41,"pop":0.27},{"dt":1694948400,"sunrise":1694928023,"sunset":1694973262,"temp":{"day":24.25,"min":14.54,"max":24.9,"night":19.72,"eve":21.34,"morn":14.54},"feels_like":{"day":24.25,"night":19.84,"eve":21.46,"morn":14.22},"pressure":1014,"humidity":58,"weather":[{"id":803,"main":"Clouds","description":"broken clouds","icon":"04d"}],"speed":4.33,"deg":79,"gust":8.09,"clouds":80,"pop":0.06}]}
--- ENF OF RECEIVED DATA ---

