________________________________________________
|             CALL API : START                |
________________________________________________

Informations : 
Called API: meteo - 6 October 2024, 00:30
Method: GETMETEO - Timeout : 300 - Cache : 1
URL CALLED : https://api.openweathermap.org/data/2.5/forecast/daily?q=Brussels,be&units=metric&cnt=4&appid=ea18c0706135505149200c3836f29800
-------------------------
________________________________________________
|             CALL API : START                |
________________________________________________

Informations : 
Called API: meteo - 6 October 2024, 00:30
Method: GETMETEO - Timeout : 300 - Cache : 1
URL CALLED : https://api.openweathermap.org/data/2.5/forecast/daily?q=Brussels,be&units=metric&cnt=4&appid=ea18c0706135505149200c3836f29800
-------------------------
{"city":{"id":2800866,"name":"Brussels","coord":{"lon":4.3488,"lat":50.8504},"country":"BE","population":1019022,"timezone":7200},"cod":"200","message":0.0894113,"cnt":4,"list":[{"dt":1728212400,"sunrise":1728193875,"sunset":1728234585,"temp":{"day":14.66,"min":7.26,"max":15.01,"night":13.84,"eve":12.81,"morn":7.79},"feels_like":{"day":13.77,"night":13.58,"eve":12.1,"morn":5.56},"pressure":1006,"humidity":61,"weather":[{"id":804,"main":"Clouds","description":"overcast clouds","icon":"04d"}],"speed":5.56,"deg":161,"gust":12.14,"clouds":94,"pop":0},{"dt":1728298800,"sunrise":1728280371,"sunset":1728320854,"temp":{"day":18.07,"min":12.34,"max":19.17,"night":15.94,"eve":16.23,"morn":13.29},"feels_like":{"day":17.58,"night":15.99,"eve":16.13,"morn":13},"pressure":1005,"humidity":63,"weather":[{"id":500,"main":"Rain","description":"light rain","icon":"10d"}],"speed":6.99,"deg":205,"gust":14.92,"clouds":54,"pop":1,"rain":1.83},{"dt":1728385200,"sunrise":1728366868,"sunset":1728407122,"temp":{"day":16.98,"min":14.37,"max":17.34,"night":15.31,"eve":15.57,"morn":15.07},"feels_like":{"day":16.61,"night":15.04,"eve":15.27,"morn":15.03},"pressure":1002,"humidity":72,"weather":[{"id":804,"main":"Clouds","description":"overcast clouds","icon":"04d"}],"speed":6.83,"deg":192,"gust":13.75,"clouds":100,"pop":0.8},{"dt":1728471600,"sunrise":1728453365,"sunset":1728493391,"temp":{"day":16.6,"min":13.45,"max":16.6,"night":13.85,"eve":13.76,"morn":13.45},"feels_like":{"day":16.35,"night":13.82,"eve":13.67,"morn":13.2},"pressure":993,"humidity":78,"weather":[{"id":501,"main":"Rain","description":"moderate rain","icon":"10d"}],"speed":7.74,"deg":192,"gust":13.66,"clouds":94,"pop":1,"rain":17.71}]}
--- ENF OF RECEIVED DATA ---

{"city":{"id":2800866,"name":"Brussels","coord":{"lon":4.3488,"lat":50.8504},"country":"BE","population":1019022,"timezone":7200},"cod":"200","message":0.0894113,"cnt":4,"list":[{"dt":1728212400,"sunrise":1728193875,"sunset":1728234585,"temp":{"day":14.66,"min":7.26,"max":15.01,"night":13.84,"eve":12.81,"morn":7.79},"feels_like":{"day":13.77,"night":13.58,"eve":12.1,"morn":5.56},"pressure":1006,"humidity":61,"weather":[{"id":804,"main":"Clouds","description":"overcast clouds","icon":"04d"}],"speed":5.56,"deg":161,"gust":12.14,"clouds":94,"pop":0},{"dt":1728298800,"sunrise":1728280371,"sunset":1728320854,"temp":{"day":18.07,"min":12.34,"max":19.17,"night":15.94,"eve":16.23,"morn":13.29},"feels_like":{"day":17.58,"night":15.99,"eve":16.13,"morn":13},"pressure":1005,"humidity":63,"weather":[{"id":500,"main":"Rain","description":"light rain","icon":"10d"}],"speed":6.99,"deg":205,"gust":14.92,"clouds":54,"pop":1,"rain":1.83},{"dt":1728385200,"sunrise":1728366868,"sunset":1728407122,"temp":{"day":16.98,"min":14.37,"max":17.34,"night":15.31,"eve":15.57,"morn":15.07},"feels_like":{"day":16.61,"night":15.04,"eve":15.27,"morn":15.03},"pressure":1002,"humidity":72,"weather":[{"id":804,"main":"Clouds","description":"overcast clouds","icon":"04d"}],"speed":6.83,"deg":192,"gust":13.75,"clouds":100,"pop":0.8},{"dt":1728471600,"sunrise":1728453365,"sunset":1728493391,"temp":{"day":16.6,"min":13.45,"max":16.6,"night":13.85,"eve":13.76,"morn":13.45},"feels_like":{"day":16.35,"night":13.82,"eve":13.67,"morn":13.2},"pressure":993,"humidity":78,"weather":[{"id":501,"main":"Rain","description":"moderate rain","icon":"10d"}],"speed":7.74,"deg":192,"gust":13.66,"clouds":94,"pop":1,"rain":17.71}]}
--- ENF OF RECEIVED DATA ---

