________________________________________________
|             CALL API : START                |
________________________________________________

Informations : 
Called API: meteo - 14 May 2024, 18:20
Method: GETMETEO - Timeout : 300 - Cache : 1
URL CALLED : https://api.openweathermap.org/data/2.5/forecast/daily?q=Brussels,be&units=metric&cnt=4&appid=ea18c0706135505149200c3836f29800
-------------------------
________________________________________________
|             CALL API : START                |
________________________________________________

Informations : 
Called API: meteo - 14 May 2024, 18:20
Method: GETMETEO - Timeout : 300 - Cache : 1
URL CALLED : https://api.openweathermap.org/data/2.5/forecast/daily?q=Brussels,be&units=metric&cnt=4&appid=ea18c0706135505149200c3836f29800
-------------------------
{"city":{"id":2800866,"name":"Brussels","coord":{"lon":4.3488,"lat":50.8504},"country":"BE","population":1019022,"timezone":7200},"cod":"200","message":0.1054209,"cnt":4,"list":[{"dt":1715684400,"sunrise":1715658866,"sunset":1715714618,"temp":{"day":21.12,"min":13.78,"max":22.18,"night":14.37,"eve":20.93,"morn":14.58},"feels_like":{"day":21.09,"night":14.21,"eve":20.7,"morn":14.37},"pressure":1004,"humidity":69,"weather":[{"id":500,"main":"Rain","description":"light rain","icon":"10d"}],"speed":6.65,"deg":188,"gust":13.23,"clouds":91,"pop":1,"rain":2.09},{"dt":1715770800,"sunrise":1715745180,"sunset":1715801107,"temp":{"day":12.93,"min":12.11,"max":14.73,"night":12.51,"eve":14.73,"morn":12.39},"feels_like":{"day":12.73,"night":12.27,"eve":14.5,"morn":12.24},"pressure":1007,"humidity":94,"weather":[{"id":501,"main":"Rain","description":"moderate rain","icon":"10d"}],"speed":3.2,"deg":253,"gust":4.54,"clouds":100,"pop":1,"rain":11.58},{"dt":1715857200,"sunrise":1715831496,"sunset":1715887594,"temp":{"day":12.8,"min":11.81,"max":15.98,"night":12.42,"eve":14.56,"morn":12.1},"feels_like":{"day":12.67,"night":12.25,"eve":14.32,"morn":11.95},"pressure":1005,"humidity":97,"weather":[{"id":501,"main":"Rain","description":"moderate rain","icon":"10d"}],"speed":3.36,"deg":292,"gust":6.51,"clouds":100,"pop":1,"rain":15.86},{"dt":1715943600,"sunrise":1715917814,"sunset":1715974081,"temp":{"day":14.41,"min":11.71,"max":17.96,"night":13.65,"eve":15.71,"morn":11.71},"feels_like":{"day":14.13,"night":13.47,"eve":15.58,"morn":11.5},"pressure":1011,"humidity":85,"weather":[{"id":501,"main":"Rain","description":"moderate rain","icon":"10d"}],"speed":2.24,"deg":32,"gust":3.87,"clouds":100,"pop":1,"rain":7.14}]}
--- ENF OF RECEIVED DATA ---

{"city":{"id":2800866,"name":"Brussels","coord":{"lon":4.3488,"lat":50.8504},"country":"BE","population":1019022,"timezone":7200},"cod":"200","message":0.1054209,"cnt":4,"list":[{"dt":1715684400,"sunrise":1715658866,"sunset":1715714618,"temp":{"day":21.12,"min":13.78,"max":22.18,"night":14.37,"eve":20.93,"morn":14.58},"feels_like":{"day":21.09,"night":14.21,"eve":20.7,"morn":14.37},"pressure":1004,"humidity":69,"weather":[{"id":500,"main":"Rain","description":"light rain","icon":"10d"}],"speed":6.65,"deg":188,"gust":13.23,"clouds":91,"pop":1,"rain":2.09},{"dt":1715770800,"sunrise":1715745180,"sunset":1715801107,"temp":{"day":12.93,"min":12.11,"max":14.73,"night":12.51,"eve":14.73,"morn":12.39},"feels_like":{"day":12.73,"night":12.27,"eve":14.5,"morn":12.24},"pressure":1007,"humidity":94,"weather":[{"id":501,"main":"Rain","description":"moderate rain","icon":"10d"}],"speed":3.2,"deg":253,"gust":4.54,"clouds":100,"pop":1,"rain":11.58},{"dt":1715857200,"sunrise":1715831496,"sunset":1715887594,"temp":{"day":12.8,"min":11.81,"max":15.98,"night":12.42,"eve":14.56,"morn":12.1},"feels_like":{"day":12.67,"night":12.25,"eve":14.32,"morn":11.95},"pressure":1005,"humidity":97,"weather":[{"id":501,"main":"Rain","description":"moderate rain","icon":"10d"}],"speed":3.36,"deg":292,"gust":6.51,"clouds":100,"pop":1,"rain":15.86},{"dt":1715943600,"sunrise":1715917814,"sunset":1715974081,"temp":{"day":14.41,"min":11.71,"max":17.96,"night":13.65,"eve":15.71,"morn":11.71},"feels_like":{"day":14.13,"night":13.47,"eve":15.58,"morn":11.5},"pressure":1011,"humidity":85,"weather":[{"id":501,"main":"Rain","description":"moderate rain","icon":"10d"}],"speed":2.24,"deg":32,"gust":3.87,"clouds":100,"pop":1,"rain":7.14}]}
--- ENF OF RECEIVED DATA ---

