________________________________________________
|             CALL API : START                |
________________________________________________

Informations : 
Called API: meteo - 27 July 2024, 17:10
Method: GETMETEO - Timeout : 300 - Cache : 1
URL CALLED : https://api.openweathermap.org/data/2.5/forecast/daily?q=Brussels,be&units=metric&cnt=4&appid=ea18c0706135505149200c3836f29800
-------------------------
________________________________________________
|             CALL API : START                |
________________________________________________

Informations : 
Called API: meteo - 27 July 2024, 17:10
Method: GETMETEO - Timeout : 300 - Cache : 1
URL CALLED : https://api.openweathermap.org/data/2.5/forecast/daily?q=Brussels,be&units=metric&cnt=4&appid=ea18c0706135505149200c3836f29800
-------------------------
{"city":{"id":2800866,"name":"Brussels","coord":{"lon":4.3488,"lat":50.8504},"country":"BE","population":1019022,"timezone":7200},"cod":"200","message":0.0873107,"cnt":4,"list":[{"dt":1722078000,"sunrise":1722052921,"sunset":1722108958,"temp":{"day":19.63,"min":15.86,"max":21.45,"night":15.86,"eve":20.7,"morn":16.07},"feels_like":{"day":19.63,"night":15.67,"eve":20.55,"morn":16},"pressure":1014,"humidity":76,"weather":[{"id":500,"main":"Rain","description":"light rain","icon":"10d"}],"speed":3.66,"deg":266,"gust":6.06,"clouds":80,"pop":0.86,"rain":0.66},{"dt":1722164400,"sunrise":1722139406,"sunset":1722195272,"temp":{"day":23.08,"min":12.86,"max":24.64,"night":17.88,"eve":24.12,"morn":13.45},"feels_like":{"day":22.72,"night":17.55,"eve":23.87,"morn":13.12},"pressure":1026,"humidity":49,"weather":[{"id":801,"main":"Clouds","description":"few clouds","icon":"02d"}],"speed":3.1,"deg":293,"gust":6.42,"clouds":23,"pop":0.24},{"dt":1722250800,"sunrise":1722225892,"sunset":1722281584,"temp":{"day":24.75,"min":14.29,"max":27.15,"night":20.13,"eve":26.46,"morn":14.66},"feels_like":{"day":24.53,"night":20.05,"eve":26.46,"morn":14.3},"pressure":1023,"humidity":48,"weather":[{"id":800,"main":"Clear","description":"sky is clear","icon":"01d"}],"speed":3.91,"deg":98,"gust":5.28,"clouds":7,"pop":0},{"dt":1722337200,"sunrise":1722312379,"sunset":1722367894,"temp":{"day":27.36,"min":17.39,"max":29.22,"night":21.96,"eve":26.79,"morn":17.61},"feels_like":{"day":27.43,"night":21.96,"eve":27.45,"morn":17.41},"pressure":1016,"humidity":45,"weather":[{"id":801,"main":"Clouds","description":"few clouds","icon":"02d"}],"speed":2.96,"deg":83,"gust":3.88,"clouds":16,"pop":0}]}
--- ENF OF RECEIVED DATA ---

{"city":{"id":2800866,"name":"Brussels","coord":{"lon":4.3488,"lat":50.8504},"country":"BE","population":1019022,"timezone":7200},"cod":"200","message":0.0873107,"cnt":4,"list":[{"dt":1722078000,"sunrise":1722052921,"sunset":1722108958,"temp":{"day":19.63,"min":15.86,"max":21.45,"night":15.86,"eve":20.7,"morn":16.07},"feels_like":{"day":19.63,"night":15.67,"eve":20.55,"morn":16},"pressure":1014,"humidity":76,"weather":[{"id":500,"main":"Rain","description":"light rain","icon":"10d"}],"speed":3.66,"deg":266,"gust":6.06,"clouds":80,"pop":0.86,"rain":0.66},{"dt":1722164400,"sunrise":1722139406,"sunset":1722195272,"temp":{"day":23.08,"min":12.86,"max":24.64,"night":17.88,"eve":24.12,"morn":13.45},"feels_like":{"day":22.72,"night":17.55,"eve":23.87,"morn":13.12},"pressure":1026,"humidity":49,"weather":[{"id":801,"main":"Clouds","description":"few clouds","icon":"02d"}],"speed":3.1,"deg":293,"gust":6.42,"clouds":23,"pop":0.24},{"dt":1722250800,"sunrise":1722225892,"sunset":1722281584,"temp":{"day":24.75,"min":14.29,"max":27.15,"night":20.13,"eve":26.46,"morn":14.66},"feels_like":{"day":24.53,"night":20.05,"eve":26.46,"morn":14.3},"pressure":1023,"humidity":48,"weather":[{"id":800,"main":"Clear","description":"sky is clear","icon":"01d"}],"speed":3.91,"deg":98,"gust":5.28,"clouds":7,"pop":0},{"dt":1722337200,"sunrise":1722312379,"sunset":1722367894,"temp":{"day":27.36,"min":17.39,"max":29.22,"night":21.96,"eve":26.79,"morn":17.61},"feels_like":{"day":27.43,"night":21.96,"eve":27.45,"morn":17.41},"pressure":1016,"humidity":45,"weather":[{"id":801,"main":"Clouds","description":"few clouds","icon":"02d"}],"speed":2.96,"deg":83,"gust":3.88,"clouds":16,"pop":0}]}
--- ENF OF RECEIVED DATA ---

