________________________________________________
|             CALL API : START                |
________________________________________________

Informations : 
Called API: meteo - 3 February 2025, 07:00
Method: GETMETEO - Timeout : 300 - Cache : 1
URL CALLED : https://api.openweathermap.org/data/2.5/forecast/daily?q=Brussels,be&units=metric&cnt=4&appid=ea18c0706135505149200c3836f29800
-------------------------
________________________________________________
|             CALL API : START                |
________________________________________________

Informations : 
Called API: meteo - 3 February 2025, 07:00
Method: GETMETEO - Timeout : 300 - Cache : 1
URL CALLED : https://api.openweathermap.org/data/2.5/forecast/daily?q=Brussels,be&units=metric&cnt=4&appid=ea18c0706135505149200c3836f29800
-------------------------
{"city":{"id":2800866,"name":"Brussels","coord":{"lon":4.3488,"lat":50.8504},"country":"BE","population":1019022,"timezone":3600},"cod":"200","message":0.0306621,"cnt":4,"list":[{"dt":1738580400,"sunrise":1738566943,"sunset":1738600626,"temp":{"day":5.24,"min":-1.66,"max":7.34,"night":1.79,"eve":3.99,"morn":-1.2},"feels_like":{"day":3.42,"night":-1.54,"eve":1.5,"morn":-4.57},"pressure":1028,"humidity":66,"weather":[{"id":800,"main":"Clear","description":"sky is clear","icon":"01d"}],"speed":3.23,"deg":215,"gust":6.2,"clouds":9,"pop":0},{"dt":1738666800,"sunrise":1738653250,"sunset":1738687133,"temp":{"day":6.31,"min":1,"max":8.54,"night":4.12,"eve":5.18,"morn":1.1},"feels_like":{"day":3.09,"night":0.27,"eve":1.85,"morn":-2.25},"pressure":1027,"humidity":66,"weather":[{"id":800,"main":"Clear","description":"sky is clear","icon":"01d"}],"speed":5.25,"deg":210,"gust":12.4,"clouds":7,"pop":0},{"dt":1738753200,"sunrise":1738739554,"sunset":1738773640,"temp":{"day":7.56,"min":3.41,"max":8.94,"night":3.41,"eve":5.43,"morn":4.67},"feels_like":{"day":5.58,"night":0.89,"eve":2.73,"morn":1.99},"pressure":1038,"humidity":83,"weather":[{"id":802,"main":"Clouds","description":"scattered clouds","icon":"03d"}],"speed":4.95,"deg":209,"gust":11.71,"clouds":47,"pop":0},{"dt":1738839600,"sunrise":1738825856,"sunset":1738860148,"temp":{"day":6.08,"min":1.46,"max":6.7,"night":2.62,"eve":4.01,"morn":1.66},"feels_like":{"day":2.84,"night":-1.04,"eve":0.4,"morn":-1.38},"pressure":1040,"humidity":74,"weather":[{"id":802,"main":"Clouds","description":"scattered clouds","icon":"03d"}],"speed":5.68,"deg":38,"gust":9.73,"clouds":40,"pop":0}]}
--- ENF OF RECEIVED DATA ---

{"city":{"id":2800866,"name":"Brussels","coord":{"lon":4.3488,"lat":50.8504},"country":"BE","population":1019022,"timezone":3600},"cod":"200","message":0.0306621,"cnt":4,"list":[{"dt":1738580400,"sunrise":1738566943,"sunset":1738600626,"temp":{"day":5.24,"min":-1.66,"max":7.34,"night":1.79,"eve":3.99,"morn":-1.2},"feels_like":{"day":3.42,"night":-1.54,"eve":1.5,"morn":-4.57},"pressure":1028,"humidity":66,"weather":[{"id":800,"main":"Clear","description":"sky is clear","icon":"01d"}],"speed":3.23,"deg":215,"gust":6.2,"clouds":9,"pop":0},{"dt":1738666800,"sunrise":1738653250,"sunset":1738687133,"temp":{"day":6.31,"min":1,"max":8.54,"night":4.12,"eve":5.18,"morn":1.1},"feels_like":{"day":3.09,"night":0.27,"eve":1.85,"morn":-2.25},"pressure":1027,"humidity":66,"weather":[{"id":800,"main":"Clear","description":"sky is clear","icon":"01d"}],"speed":5.25,"deg":210,"gust":12.4,"clouds":7,"pop":0},{"dt":1738753200,"sunrise":1738739554,"sunset":1738773640,"temp":{"day":7.56,"min":3.41,"max":8.94,"night":3.41,"eve":5.43,"morn":4.67},"feels_like":{"day":5.58,"night":0.89,"eve":2.73,"morn":1.99},"pressure":1038,"humidity":83,"weather":[{"id":802,"main":"Clouds","description":"scattered clouds","icon":"03d"}],"speed":4.95,"deg":209,"gust":11.71,"clouds":47,"pop":0},{"dt":1738839600,"sunrise":1738825856,"sunset":1738860148,"temp":{"day":6.08,"min":1.46,"max":6.7,"night":2.62,"eve":4.01,"morn":1.66},"feels_like":{"day":2.84,"night":-1.04,"eve":0.4,"morn":-1.38},"pressure":1040,"humidity":74,"weather":[{"id":802,"main":"Clouds","description":"scattered clouds","icon":"03d"}],"speed":5.68,"deg":38,"gust":9.73,"clouds":40,"pop":0}]}
--- ENF OF RECEIVED DATA ---

