________________________________________________
|             CALL API : START                |
________________________________________________

Informations : 
Called API: meteo - 13 January 2025, 09:50
Method: GETMETEO - Timeout : 300 - Cache : 1
URL CALLED : https://api.openweathermap.org/data/2.5/forecast/daily?q=Brussels,be&units=metric&cnt=4&appid=ea18c0706135505149200c3836f29800
-------------------------
________________________________________________
|             CALL API : START                |
________________________________________________

Informations : 
Called API: meteo - 13 January 2025, 09:50
Method: GETMETEO - Timeout : 300 - Cache : 1
URL CALLED : https://api.openweathermap.org/data/2.5/forecast/daily?q=Brussels,be&units=metric&cnt=4&appid=ea18c0706135505149200c3836f29800
-------------------------
{"city":{"id":2800866,"name":"Brussels","coord":{"lon":4.3488,"lat":50.8504},"country":"BE","population":1019022,"timezone":3600},"cod":"200","message":1.105857,"cnt":4,"list":[{"dt":1736766000,"sunrise":1736754006,"sunset":1736784125,"temp":{"day":-1.35,"min":-3.97,"max":0.89,"night":-3.78,"eve":-3.67,"morn":-2.83},"feels_like":{"day":-1.35,"night":-7.01,"eve":-3.67,"morn":-2.83},"pressure":1042,"humidity":94,"weather":[{"id":800,"main":"Clear","description":"sky is clear","icon":"01d"}],"speed":2.11,"deg":186,"gust":2.17,"clouds":5,"pop":0},{"dt":1736852400,"sunrise":1736840362,"sunset":1736870614,"temp":{"day":1,"min":-4.34,"max":2.45,"night":2.45,"eve":0.8,"morn":-3.65},"feels_like":{"day":-2.44,"night":0.02,"eve":-2.79,"morn":-7.54},"pressure":1036,"humidity":86,"weather":[{"id":804,"main":"Clouds","description":"overcast clouds","icon":"04d"}],"speed":3.53,"deg":224,"gust":7.65,"clouds":90,"pop":0},{"dt":1736938800,"sunrise":1736926715,"sunset":1736957104,"temp":{"day":4.93,"min":2.39,"max":6.29,"night":4.01,"eve":3.91,"morn":2.72},"feels_like":{"day":4.93,"night":4.01,"eve":3.91,"morn":1.1},"pressure":1034,"humidity":98,"weather":[{"id":804,"main":"Clouds","description":"overcast clouds","icon":"04d"}],"speed":2.35,"deg":240,"gust":3.63,"clouds":100,"pop":0},{"dt":1737025200,"sunrise":1737013065,"sunset":1737043596,"temp":{"day":5.87,"min":2.17,"max":5.87,"night":2.28,"eve":3,"morn":3.49},"feels_like":{"day":4.82,"night":-0.2,"eve":0.57,"morn":1.87},"pressure":1035,"humidity":77,"weather":[{"id":800,"main":"Clear","description":"sky is clear","icon":"01d"}],"speed":2.46,"deg":112,"gust":3.65,"clouds":0,"pop":0}]}
--- ENF OF RECEIVED DATA ---

{"city":{"id":2800866,"name":"Brussels","coord":{"lon":4.3488,"lat":50.8504},"country":"BE","population":1019022,"timezone":3600},"cod":"200","message":1.105857,"cnt":4,"list":[{"dt":1736766000,"sunrise":1736754006,"sunset":1736784125,"temp":{"day":-1.35,"min":-3.97,"max":0.89,"night":-3.78,"eve":-3.67,"morn":-2.83},"feels_like":{"day":-1.35,"night":-7.01,"eve":-3.67,"morn":-2.83},"pressure":1042,"humidity":94,"weather":[{"id":800,"main":"Clear","description":"sky is clear","icon":"01d"}],"speed":2.11,"deg":186,"gust":2.17,"clouds":5,"pop":0},{"dt":1736852400,"sunrise":1736840362,"sunset":1736870614,"temp":{"day":1,"min":-4.34,"max":2.45,"night":2.45,"eve":0.8,"morn":-3.65},"feels_like":{"day":-2.44,"night":0.02,"eve":-2.79,"morn":-7.54},"pressure":1036,"humidity":86,"weather":[{"id":804,"main":"Clouds","description":"overcast clouds","icon":"04d"}],"speed":3.53,"deg":224,"gust":7.65,"clouds":90,"pop":0},{"dt":1736938800,"sunrise":1736926715,"sunset":1736957104,"temp":{"day":4.93,"min":2.39,"max":6.29,"night":4.01,"eve":3.91,"morn":2.72},"feels_like":{"day":4.93,"night":4.01,"eve":3.91,"morn":1.1},"pressure":1034,"humidity":98,"weather":[{"id":804,"main":"Clouds","description":"overcast clouds","icon":"04d"}],"speed":2.35,"deg":240,"gust":3.63,"clouds":100,"pop":0},{"dt":1737025200,"sunrise":1737013065,"sunset":1737043596,"temp":{"day":5.87,"min":2.17,"max":5.87,"night":2.28,"eve":3,"morn":3.49},"feels_like":{"day":4.82,"night":-0.2,"eve":0.57,"morn":1.87},"pressure":1035,"humidity":77,"weather":[{"id":800,"main":"Clear","description":"sky is clear","icon":"01d"}],"speed":2.46,"deg":112,"gust":3.65,"clouds":0,"pop":0}]}
--- ENF OF RECEIVED DATA ---

