________________________________________________
|             CALL API : START                |
________________________________________________

Informations : 
Called API: meteo - 5 October 2023, 13:50
Method: GETMETEO - Timeout : 300 - Cache : 1
URL CALLED : https://api.openweathermap.org/data/2.5/forecast/daily?q=Brussels,be&units=metric&cnt=4&appid=ea18c0706135505149200c3836f29800
-------------------------
________________________________________________
|             CALL API : START                |
________________________________________________

Informations : 
Called API: meteo - 5 October 2023, 13:50
Method: GETMETEO - Timeout : 300 - Cache : 1
URL CALLED : https://api.openweathermap.org/data/2.5/forecast/daily?q=Brussels,be&units=metric&cnt=4&appid=ea18c0706135505149200c3836f29800
-------------------------
{"city":{"id":2800866,"name":"Brussels","coord":{"lon":4.3488,"lat":50.8504},"country":"BE","population":1019022,"timezone":7200},"cod":"200","message":0.0533398,"cnt":4,"list":[{"dt":1696503600,"sunrise":1696484907,"sunset":1696526017,"temp":{"day":16.45,"min":11.76,"max":17.54,"night":13.45,"eve":15.71,"morn":11.85},"feels_like":{"day":16.11,"night":13.02,"eve":15.4,"morn":11.49},"pressure":1027,"humidity":75,"weather":[{"id":802,"main":"Clouds","description":"scattered clouds","icon":"03d"}],"speed":4.64,"deg":229,"gust":10.57,"clouds":36,"pop":0.06},{"dt":1696590000,"sunrise":1696571403,"sunset":1696612284,"temp":{"day":18.64,"min":11.01,"max":20.55,"night":13.21,"eve":16.63,"morn":11.08},"feels_like":{"day":17.81,"night":12.47,"eve":15.86,"morn":10.28},"pressure":1025,"humidity":48,"weather":[{"id":804,"main":"Clouds","description":"overcast clouds","icon":"04d"}],"speed":5.75,"deg":229,"gust":10.69,"clouds":98,"pop":0},{"dt":1696676400,"sunrise":1696657899,"sunset":1696698552,"temp":{"day":21.43,"min":12.11,"max":23.6,"night":15.94,"eve":19.21,"morn":12.27},"feels_like":{"day":21.12,"night":15.7,"eve":18.88,"morn":11.98},"pressure":1023,"humidity":57,"weather":[{"id":801,"main":"Clouds","description":"few clouds","icon":"02d"}],"speed":7.52,"deg":254,"gust":13.04,"clouds":20,"pop":0},{"dt":1696762800,"sunrise":1696744396,"sunset":1696784820,"temp":{"day":16.07,"min":11.17,"max":16.07,"night":11.17,"eve":12.75,"morn":12.43},"feels_like":{"day":15.12,"night":9.96,"eve":11.7,"morn":11.82},"pressure":1030,"humidity":53,"weather":[{"id":804,"main":"Clouds","description":"overcast clouds","icon":"04d"}],"speed":5.28,"deg":53,"gust":9.8,"clouds":86,"pop":0}]}
--- ENF OF RECEIVED DATA ---

{"city":{"id":2800866,"name":"Brussels","coord":{"lon":4.3488,"lat":50.8504},"country":"BE","population":1019022,"timezone":7200},"cod":"200","message":0.0533398,"cnt":4,"list":[{"dt":1696503600,"sunrise":1696484907,"sunset":1696526017,"temp":{"day":16.45,"min":11.76,"max":17.54,"night":13.45,"eve":15.71,"morn":11.85},"feels_like":{"day":16.11,"night":13.02,"eve":15.4,"morn":11.49},"pressure":1027,"humidity":75,"weather":[{"id":802,"main":"Clouds","description":"scattered clouds","icon":"03d"}],"speed":4.64,"deg":229,"gust":10.57,"clouds":36,"pop":0.06},{"dt":1696590000,"sunrise":1696571403,"sunset":1696612284,"temp":{"day":18.64,"min":11.01,"max":20.55,"night":13.21,"eve":16.63,"morn":11.08},"feels_like":{"day":17.81,"night":12.47,"eve":15.86,"morn":10.28},"pressure":1025,"humidity":48,"weather":[{"id":804,"main":"Clouds","description":"overcast clouds","icon":"04d"}],"speed":5.75,"deg":229,"gust":10.69,"clouds":98,"pop":0},{"dt":1696676400,"sunrise":1696657899,"sunset":1696698552,"temp":{"day":21.43,"min":12.11,"max":23.6,"night":15.94,"eve":19.21,"morn":12.27},"feels_like":{"day":21.12,"night":15.7,"eve":18.88,"morn":11.98},"pressure":1023,"humidity":57,"weather":[{"id":801,"main":"Clouds","description":"few clouds","icon":"02d"}],"speed":7.52,"deg":254,"gust":13.04,"clouds":20,"pop":0},{"dt":1696762800,"sunrise":1696744396,"sunset":1696784820,"temp":{"day":16.07,"min":11.17,"max":16.07,"night":11.17,"eve":12.75,"morn":12.43},"feels_like":{"day":15.12,"night":9.96,"eve":11.7,"morn":11.82},"pressure":1030,"humidity":53,"weather":[{"id":804,"main":"Clouds","description":"overcast clouds","icon":"04d"}],"speed":5.28,"deg":53,"gust":9.8,"clouds":86,"pop":0}]}
--- ENF OF RECEIVED DATA ---

