________________________________________________
|             CALL API : START                |
________________________________________________

Informations : 
Called API: meteo - 22 February 2024, 11:50
Method: GETMETEO - Timeout : 300 - Cache : 1
URL CALLED : https://api.openweathermap.org/data/2.5/forecast/daily?q=Brussels,be&units=metric&cnt=4&appid=ea18c0706135505149200c3836f29800
-------------------------
________________________________________________
|             CALL API : START                |
________________________________________________

Informations : 
Called API: meteo - 22 February 2024, 11:50
Method: GETMETEO - Timeout : 300 - Cache : 1
URL CALLED : https://api.openweathermap.org/data/2.5/forecast/daily?q=Brussels,be&units=metric&cnt=4&appid=ea18c0706135505149200c3836f29800
-------------------------
{"city":{"id":2800866,"name":"Brussels","coord":{"lon":4.3488,"lat":50.8504},"country":"BE","population":1019022,"timezone":3600},"cod":"200","message":7.0751847,"cnt":4,"list":[{"dt":1708599600,"sunrise":1708584181,"sunset":1708621782,"temp":{"day":11.97,"min":5.21,"max":12.19,"night":5.21,"eve":9.78,"morn":10.2},"feels_like":{"day":11.57,"night":0.06,"eve":5.64,"morn":9.65},"pressure":989,"humidity":90,"weather":[{"id":501,"main":"Rain","description":"moderate rain","icon":"10d"}],"speed":14.59,"deg":259,"gust":26.21,"clouds":75,"pop":1,"rain":6.51},{"dt":1708686000,"sunrise":1708670461,"sunset":1708708287,"temp":{"day":6.3,"min":4.15,"max":8.19,"night":4.37,"eve":6.37,"morn":4.47},"feels_like":{"day":1.44,"night":0.37,"eve":2.55,"morn":-0.92},"pressure":993,"humidity":74,"weather":[{"id":500,"main":"Rain","description":"light rain","icon":"10d"}],"speed":10.65,"deg":212,"gust":18.1,"clouds":99,"pop":0.66,"rain":1.01},{"dt":1708772400,"sunrise":1708756739,"sunset":1708794792,"temp":{"day":6.41,"min":1.83,"max":8.06,"night":5.37,"eve":7.13,"morn":2.22},"feels_like":{"day":1.78,"night":0.82,"eve":2.53,"morn":-2.78},"pressure":999,"humidity":67,"weather":[{"id":501,"main":"Rain","description":"moderate rain","icon":"10d"}],"speed":11.11,"deg":198,"gust":19.17,"clouds":42,"pop":0.85,"rain":1.9},{"dt":1708858800,"sunrise":1708843017,"sunset":1708881297,"temp":{"day":4.78,"min":3.49,"max":5.74,"night":3.84,"eve":3.49,"morn":5.5},"feels_like":{"day":0.6,"night":-1.31,"eve":-1.44,"morn":2.04},"pressure":990,"humidity":93,"weather":[{"id":501,"main":"Rain","description":"moderate rain","icon":"10d"}],"speed":7.93,"deg":31,"gust":12.94,"clouds":100,"pop":1,"rain":10.93}]}
--- ENF OF RECEIVED DATA ---

{"city":{"id":2800866,"name":"Brussels","coord":{"lon":4.3488,"lat":50.8504},"country":"BE","population":1019022,"timezone":3600},"cod":"200","message":7.0751847,"cnt":4,"list":[{"dt":1708599600,"sunrise":1708584181,"sunset":1708621782,"temp":{"day":11.97,"min":5.21,"max":12.19,"night":5.21,"eve":9.78,"morn":10.2},"feels_like":{"day":11.57,"night":0.06,"eve":5.64,"morn":9.65},"pressure":989,"humidity":90,"weather":[{"id":501,"main":"Rain","description":"moderate rain","icon":"10d"}],"speed":14.59,"deg":259,"gust":26.21,"clouds":75,"pop":1,"rain":6.51},{"dt":1708686000,"sunrise":1708670461,"sunset":1708708287,"temp":{"day":6.3,"min":4.15,"max":8.19,"night":4.37,"eve":6.37,"morn":4.47},"feels_like":{"day":1.44,"night":0.37,"eve":2.55,"morn":-0.92},"pressure":993,"humidity":74,"weather":[{"id":500,"main":"Rain","description":"light rain","icon":"10d"}],"speed":10.65,"deg":212,"gust":18.1,"clouds":99,"pop":0.66,"rain":1.01},{"dt":1708772400,"sunrise":1708756739,"sunset":1708794792,"temp":{"day":6.41,"min":1.83,"max":8.06,"night":5.37,"eve":7.13,"morn":2.22},"feels_like":{"day":1.78,"night":0.82,"eve":2.53,"morn":-2.78},"pressure":999,"humidity":67,"weather":[{"id":501,"main":"Rain","description":"moderate rain","icon":"10d"}],"speed":11.11,"deg":198,"gust":19.17,"clouds":42,"pop":0.85,"rain":1.9},{"dt":1708858800,"sunrise":1708843017,"sunset":1708881297,"temp":{"day":4.78,"min":3.49,"max":5.74,"night":3.84,"eve":3.49,"morn":5.5},"feels_like":{"day":0.6,"night":-1.31,"eve":-1.44,"morn":2.04},"pressure":990,"humidity":93,"weather":[{"id":501,"main":"Rain","description":"moderate rain","icon":"10d"}],"speed":7.93,"deg":31,"gust":12.94,"clouds":100,"pop":1,"rain":10.93}]}
--- ENF OF RECEIVED DATA ---

