________________________________________________
|             CALL API : START                |
________________________________________________

Informations : 
Called API: meteo - 16 September 2024, 06:00
Method: GETMETEO - Timeout : 300 - Cache : 1
URL CALLED : https://api.openweathermap.org/data/2.5/forecast/daily?q=Brussels,be&units=metric&cnt=4&appid=ea18c0706135505149200c3836f29800
-------------------------
________________________________________________
|             CALL API : START                |
________________________________________________

Informations : 
Called API: meteo - 16 September 2024, 06:00
Method: GETMETEO - Timeout : 300 - Cache : 1
URL CALLED : https://api.openweathermap.org/data/2.5/forecast/daily?q=Brussels,be&units=metric&cnt=4&appid=ea18c0706135505149200c3836f29800
-------------------------
{"city":{"id":2800866,"name":"Brussels","coord":{"lon":4.3488,"lat":50.8504},"country":"BE","population":1019022,"timezone":7200},"cod":"200","message":0.0635332,"cnt":4,"list":[{"dt":1726484400,"sunrise":1726463999,"sunset":1726509297,"temp":{"day":19.63,"min":11.46,"max":19.99,"night":13.56,"eve":17.44,"morn":11.46},"feels_like":{"day":19.24,"night":13.27,"eve":17.33,"morn":11.06},"pressure":1025,"humidity":61,"weather":[{"id":500,"main":"Rain","description":"light rain","icon":"10d"}],"speed":5.15,"deg":18,"gust":9.67,"clouds":10,"pop":1,"rain":0.89},{"dt":1726570800,"sunrise":1726550491,"sunset":1726595560,"temp":{"day":19.92,"min":12.79,"max":21.95,"night":16.95,"eve":20.03,"morn":12.89},"feels_like":{"day":19.33,"night":16.76,"eve":19.81,"morn":12.64},"pressure":1026,"humidity":52,"weather":[{"id":802,"main":"Clouds","description":"scattered clouds","icon":"03d"}],"speed":7.19,"deg":44,"gust":14.13,"clouds":28,"pop":0},{"dt":1726657200,"sunrise":1726636984,"sunset":1726681823,"temp":{"day":21.67,"min":13.24,"max":23.77,"night":18.23,"eve":21.11,"morn":13.24},"feels_like":{"day":21.35,"night":17.88,"eve":20.84,"morn":13.05},"pressure":1024,"humidity":56,"weather":[{"id":803,"main":"Clouds","description":"broken clouds","icon":"04d"}],"speed":6.53,"deg":63,"gust":14.09,"clouds":76,"pop":0},{"dt":1726743600,"sunrise":1726723476,"sunset":1726768086,"temp":{"day":24.02,"min":14.8,"max":24.02,"night":17.07,"eve":20.48,"morn":14.8},"feels_like":{"day":23.65,"night":16.56,"eve":19.94,"morn":14.4},"pressure":1021,"humidity":45,"weather":[{"id":500,"main":"Rain","description":"light rain","icon":"10d"}],"speed":6.99,"deg":65,"gust":12.46,"clouds":9,"pop":0.3,"rain":0.17}]}
--- ENF OF RECEIVED DATA ---

{"city":{"id":2800866,"name":"Brussels","coord":{"lon":4.3488,"lat":50.8504},"country":"BE","population":1019022,"timezone":7200},"cod":"200","message":0.0635332,"cnt":4,"list":[{"dt":1726484400,"sunrise":1726463999,"sunset":1726509297,"temp":{"day":19.63,"min":11.46,"max":19.99,"night":13.56,"eve":17.44,"morn":11.46},"feels_like":{"day":19.24,"night":13.27,"eve":17.33,"morn":11.06},"pressure":1025,"humidity":61,"weather":[{"id":500,"main":"Rain","description":"light rain","icon":"10d"}],"speed":5.15,"deg":18,"gust":9.67,"clouds":10,"pop":1,"rain":0.89},{"dt":1726570800,"sunrise":1726550491,"sunset":1726595560,"temp":{"day":19.92,"min":12.79,"max":21.95,"night":16.95,"eve":20.03,"morn":12.89},"feels_like":{"day":19.33,"night":16.76,"eve":19.81,"morn":12.64},"pressure":1026,"humidity":52,"weather":[{"id":802,"main":"Clouds","description":"scattered clouds","icon":"03d"}],"speed":7.19,"deg":44,"gust":14.13,"clouds":28,"pop":0},{"dt":1726657200,"sunrise":1726636984,"sunset":1726681823,"temp":{"day":21.67,"min":13.24,"max":23.77,"night":18.23,"eve":21.11,"morn":13.24},"feels_like":{"day":21.35,"night":17.88,"eve":20.84,"morn":13.05},"pressure":1024,"humidity":56,"weather":[{"id":803,"main":"Clouds","description":"broken clouds","icon":"04d"}],"speed":6.53,"deg":63,"gust":14.09,"clouds":76,"pop":0},{"dt":1726743600,"sunrise":1726723476,"sunset":1726768086,"temp":{"day":24.02,"min":14.8,"max":24.02,"night":17.07,"eve":20.48,"morn":14.8},"feels_like":{"day":23.65,"night":16.56,"eve":19.94,"morn":14.4},"pressure":1021,"humidity":45,"weather":[{"id":500,"main":"Rain","description":"light rain","icon":"10d"}],"speed":6.99,"deg":65,"gust":12.46,"clouds":9,"pop":0.3,"rain":0.17}]}
--- ENF OF RECEIVED DATA ---

