________________________________________________
|             CALL API : START                |
________________________________________________

Informations : 
Called API: meteo - 12 December 2023, 12:20
Method: GETMETEO - Timeout : 300 - Cache : 1
URL CALLED : https://api.openweathermap.org/data/2.5/forecast/daily?q=Brussels,be&units=metric&cnt=4&appid=ea18c0706135505149200c3836f29800
-------------------------
________________________________________________
|             CALL API : START                |
________________________________________________

Informations : 
Called API: meteo - 12 December 2023, 12:20
Method: GETMETEO - Timeout : 300 - Cache : 1
URL CALLED : https://api.openweathermap.org/data/2.5/forecast/daily?q=Brussels,be&units=metric&cnt=4&appid=ea18c0706135505149200c3836f29800
-------------------------
{"city":{"id":2800866,"name":"Brussels","coord":{"lon":4.3488,"lat":50.8504},"country":"BE","population":1019022,"timezone":3600},"cod":"200","message":0.073043,"cnt":4,"list":[{"dt":1702378800,"sunrise":1702366538,"sunset":1702395410,"temp":{"day":10.75,"min":6.56,"max":10.92,"night":8.47,"eve":9.07,"morn":7.75},"feels_like":{"day":10.18,"night":5.28,"eve":6.38,"morn":5.68},"pressure":1002,"humidity":88,"weather":[{"id":500,"main":"Rain","description":"light rain","icon":"10d"}],"speed":6.05,"deg":217,"gust":12.88,"clouds":75,"pop":0.91,"rain":1.09},{"dt":1702465200,"sunrise":1702452995,"sunset":1702481808,"temp":{"day":8.46,"min":7.74,"max":8.83,"night":7.74,"eve":8.12,"morn":8.62},"feels_like":{"day":5.65,"night":6.3,"eve":6.98,"morn":5.52},"pressure":998,"humidity":87,"weather":[{"id":500,"main":"Rain","description":"light rain","icon":"10d"}],"speed":7.14,"deg":227,"gust":12.91,"clouds":99,"pop":0.73,"rain":1.73},{"dt":1702551600,"sunrise":1702539449,"sunset":1702568209,"temp":{"day":7.12,"min":4.31,"max":7.65,"night":5.48,"eve":5.06,"morn":6.93},"feels_like":{"day":4.65,"night":3.16,"eve":2.71,"morn":4.35},"pressure":1020,"humidity":80,"weather":[{"id":500,"main":"Rain","description":"light rain","icon":"10d"}],"speed":4.16,"deg":327,"gust":8.1,"clouds":100,"pop":0.39,"rain":0.13},{"dt":1702638000,"sunrise":1702625900,"sunset":1702654613,"temp":{"day":7.73,"min":3.96,"max":7.73,"night":3.96,"eve":4.8,"morn":3.97},"feels_like":{"day":5.75,"night":1.09,"eve":2.43,"morn":1.42},"pressure":1037,"humidity":77,"weather":[{"id":802,"main":"Clouds","description":"scattered clouds","icon":"03d"}],"speed":3.23,"deg":229,"gust":6.38,"clouds":33,"pop":0}]}
--- ENF OF RECEIVED DATA ---

{"city":{"id":2800866,"name":"Brussels","coord":{"lon":4.3488,"lat":50.8504},"country":"BE","population":1019022,"timezone":3600},"cod":"200","message":0.073043,"cnt":4,"list":[{"dt":1702378800,"sunrise":1702366538,"sunset":1702395410,"temp":{"day":10.75,"min":6.56,"max":10.92,"night":8.47,"eve":9.07,"morn":7.75},"feels_like":{"day":10.18,"night":5.28,"eve":6.38,"morn":5.68},"pressure":1002,"humidity":88,"weather":[{"id":500,"main":"Rain","description":"light rain","icon":"10d"}],"speed":6.05,"deg":217,"gust":12.88,"clouds":75,"pop":0.91,"rain":1.09},{"dt":1702465200,"sunrise":1702452995,"sunset":1702481808,"temp":{"day":8.46,"min":7.74,"max":8.83,"night":7.74,"eve":8.12,"morn":8.62},"feels_like":{"day":5.65,"night":6.3,"eve":6.98,"morn":5.52},"pressure":998,"humidity":87,"weather":[{"id":500,"main":"Rain","description":"light rain","icon":"10d"}],"speed":7.14,"deg":227,"gust":12.91,"clouds":99,"pop":0.73,"rain":1.73},{"dt":1702551600,"sunrise":1702539449,"sunset":1702568209,"temp":{"day":7.12,"min":4.31,"max":7.65,"night":5.48,"eve":5.06,"morn":6.93},"feels_like":{"day":4.65,"night":3.16,"eve":2.71,"morn":4.35},"pressure":1020,"humidity":80,"weather":[{"id":500,"main":"Rain","description":"light rain","icon":"10d"}],"speed":4.16,"deg":327,"gust":8.1,"clouds":100,"pop":0.39,"rain":0.13},{"dt":1702638000,"sunrise":1702625900,"sunset":1702654613,"temp":{"day":7.73,"min":3.96,"max":7.73,"night":3.96,"eve":4.8,"morn":3.97},"feels_like":{"day":5.75,"night":1.09,"eve":2.43,"morn":1.42},"pressure":1037,"humidity":77,"weather":[{"id":802,"main":"Clouds","description":"scattered clouds","icon":"03d"}],"speed":3.23,"deg":229,"gust":6.38,"clouds":33,"pop":0}]}
--- ENF OF RECEIVED DATA ---

