________________________________________________
|             CALL API : START                |
________________________________________________

Informations : 
Called API: meteo - 7 March 2024, 16:30
Method: GETMETEO - Timeout : 300 - Cache : 1
URL CALLED : https://api.openweathermap.org/data/2.5/forecast/daily?q=Brussels,be&units=metric&cnt=4&appid=ea18c0706135505149200c3836f29800
-------------------------
________________________________________________
|             CALL API : START                |
________________________________________________

Informations : 
Called API: meteo - 7 March 2024, 16:30
Method: GETMETEO - Timeout : 300 - Cache : 1
URL CALLED : https://api.openweathermap.org/data/2.5/forecast/daily?q=Brussels,be&units=metric&cnt=4&appid=ea18c0706135505149200c3836f29800
-------------------------
{"city":{"id":2800866,"name":"Brussels","coord":{"lon":4.3488,"lat":50.8504},"country":"BE","population":1019022,"timezone":3600},"cod":"200","message":6.8900038,"cnt":4,"list":[{"dt":1709809200,"sunrise":1709792017,"sunset":1709832826,"temp":{"day":10.09,"min":5.04,"max":10.43,"night":5.04,"eve":9.58,"morn":6.88},"feels_like":{"day":8.88,"night":1.86,"eve":6.75,"morn":4.29},"pressure":1021,"humidity":66,"weather":[{"id":802,"main":"Clouds","description":"scattered clouds","icon":"03d"}],"speed":6.63,"deg":81,"gust":12.68,"clouds":32,"pop":0},{"dt":1709895600,"sunrise":1709878286,"sunset":1709919327,"temp":{"day":9.42,"min":2.87,"max":12.43,"night":6.43,"eve":10.15,"morn":3.05},"feels_like":{"day":6.31,"night":4.06,"eve":8.71,"morn":-1.15},"pressure":1009,"humidity":53,"weather":[{"id":800,"main":"Clear","description":"sky is clear","icon":"01d"}],"speed":6.81,"deg":102,"gust":12.36,"clouds":1,"pop":0},{"dt":1709982000,"sunrise":1709964554,"sunset":1710005827,"temp":{"day":12.93,"min":4.92,"max":14.41,"night":8.92,"eve":11.11,"morn":5.22},"feels_like":{"day":11.69,"night":7.44,"eve":9.97,"morn":2.52},"pressure":999,"humidity":54,"weather":[{"id":500,"main":"Rain","description":"light rain","icon":"10d"}],"speed":7.44,"deg":142,"gust":14.89,"clouds":34,"pop":0.77,"rain":0.71},{"dt":1710068400,"sunrise":1710050822,"sunset":1710092328,"temp":{"day":12.41,"min":6.85,"max":13.57,"night":9.17,"eve":10.55,"morn":7.08},"feels_like":{"day":11.14,"night":7.29,"eve":9.28,"morn":5.92},"pressure":996,"humidity":55,"weather":[{"id":804,"main":"Clouds","description":"overcast clouds","icon":"04d"}],"speed":4.94,"deg":84,"gust":8.64,"clouds":99,"pop":0.04}]}
--- ENF OF RECEIVED DATA ---

{"city":{"id":2800866,"name":"Brussels","coord":{"lon":4.3488,"lat":50.8504},"country":"BE","population":1019022,"timezone":3600},"cod":"200","message":6.8900038,"cnt":4,"list":[{"dt":1709809200,"sunrise":1709792017,"sunset":1709832826,"temp":{"day":10.09,"min":5.04,"max":10.43,"night":5.04,"eve":9.58,"morn":6.88},"feels_like":{"day":8.88,"night":1.86,"eve":6.75,"morn":4.29},"pressure":1021,"humidity":66,"weather":[{"id":802,"main":"Clouds","description":"scattered clouds","icon":"03d"}],"speed":6.63,"deg":81,"gust":12.68,"clouds":32,"pop":0},{"dt":1709895600,"sunrise":1709878286,"sunset":1709919327,"temp":{"day":9.42,"min":2.87,"max":12.43,"night":6.43,"eve":10.15,"morn":3.05},"feels_like":{"day":6.31,"night":4.06,"eve":8.71,"morn":-1.15},"pressure":1009,"humidity":53,"weather":[{"id":800,"main":"Clear","description":"sky is clear","icon":"01d"}],"speed":6.81,"deg":102,"gust":12.36,"clouds":1,"pop":0},{"dt":1709982000,"sunrise":1709964554,"sunset":1710005827,"temp":{"day":12.93,"min":4.92,"max":14.41,"night":8.92,"eve":11.11,"morn":5.22},"feels_like":{"day":11.69,"night":7.44,"eve":9.97,"morn":2.52},"pressure":999,"humidity":54,"weather":[{"id":500,"main":"Rain","description":"light rain","icon":"10d"}],"speed":7.44,"deg":142,"gust":14.89,"clouds":34,"pop":0.77,"rain":0.71},{"dt":1710068400,"sunrise":1710050822,"sunset":1710092328,"temp":{"day":12.41,"min":6.85,"max":13.57,"night":9.17,"eve":10.55,"morn":7.08},"feels_like":{"day":11.14,"night":7.29,"eve":9.28,"morn":5.92},"pressure":996,"humidity":55,"weather":[{"id":804,"main":"Clouds","description":"overcast clouds","icon":"04d"}],"speed":4.94,"deg":84,"gust":8.64,"clouds":99,"pop":0.04}]}
--- ENF OF RECEIVED DATA ---

