________________________________________________
|             CALL API : START                |
________________________________________________

Informations : 
Called API: meteo - 23 March 2025, 01:10
Method: GETMETEO - Timeout : 300 - Cache : 1
URL CALLED : https://api.openweathermap.org/data/2.5/forecast/daily?q=Brussels,be&units=metric&cnt=4&appid=ea18c0706135505149200c3836f29800
-------------------------
________________________________________________
|             CALL API : START                |
________________________________________________

Informations : 
Called API: meteo - 23 March 2025, 01:10
Method: GETMETEO - Timeout : 300 - Cache : 1
URL CALLED : https://api.openweathermap.org/data/2.5/forecast/daily?q=Brussels,be&units=metric&cnt=4&appid=ea18c0706135505149200c3836f29800
-------------------------
{"city":{"id":2800866,"name":"Brussels","coord":{"lon":4.3488,"lat":50.8504},"country":"BE","population":1019022,"timezone":3600},"cod":"200","message":1.1222409,"cnt":4,"list":[{"dt":1742727600,"sunrise":1742708309,"sunset":1742752784,"temp":{"day":14.69,"min":8.46,"max":15.36,"night":9.31,"eve":13.5,"morn":9.01},"feels_like":{"day":13.76,"night":8.32,"eve":12.66,"morn":6.83},"pressure":1004,"humidity":59,"weather":[{"id":803,"main":"Clouds","description":"broken clouds","icon":"04d"}],"speed":5.46,"deg":199,"gust":10.27,"clouds":82,"pop":0.62},{"dt":1742814000,"sunrise":1742794574,"sunset":1742839281,"temp":{"day":14.51,"min":7.05,"max":16.32,"night":7.61,"eve":13.66,"morn":7.05},"feels_like":{"day":13.69,"night":5.82,"eve":12.88,"morn":5.93},"pressure":1015,"humidity":64,"weather":[{"id":500,"main":"Rain","description":"light rain","icon":"10d"}],"speed":4.83,"deg":322,"gust":7.21,"clouds":9,"pop":0.79,"rain":0.13},{"dt":1742900400,"sunrise":1742880838,"sunset":1742925779,"temp":{"day":12.75,"min":5.1,"max":14.86,"night":9.38,"eve":12.87,"morn":5.1},"feels_like":{"day":11.7,"night":7.83,"eve":11.91,"morn":3.54},"pressure":1022,"humidity":62,"weather":[{"id":804,"main":"Clouds","description":"overcast clouds","icon":"04d"}],"speed":4.62,"deg":311,"gust":5.98,"clouds":96,"pop":0},{"dt":1742986800,"sunrise":1742967103,"sunset":1743012276,"temp":{"day":13.45,"min":8.22,"max":14.95,"night":8.22,"eve":10.69,"morn":8.46},"feels_like":{"day":12.13,"night":7.1,"eve":9.49,"morn":6.37},"pressure":1024,"humidity":49,"weather":[{"id":802,"main":"Clouds","description":"scattered clouds","icon":"03d"}],"speed":3.55,"deg":34,"gust":6.65,"clouds":44,"pop":0}]}
--- ENF OF RECEIVED DATA ---

{"city":{"id":2800866,"name":"Brussels","coord":{"lon":4.3488,"lat":50.8504},"country":"BE","population":1019022,"timezone":3600},"cod":"200","message":1.1222409,"cnt":4,"list":[{"dt":1742727600,"sunrise":1742708309,"sunset":1742752784,"temp":{"day":14.69,"min":8.46,"max":15.36,"night":9.31,"eve":13.5,"morn":9.01},"feels_like":{"day":13.76,"night":8.32,"eve":12.66,"morn":6.83},"pressure":1004,"humidity":59,"weather":[{"id":803,"main":"Clouds","description":"broken clouds","icon":"04d"}],"speed":5.46,"deg":199,"gust":10.27,"clouds":82,"pop":0.62},{"dt":1742814000,"sunrise":1742794574,"sunset":1742839281,"temp":{"day":14.51,"min":7.05,"max":16.32,"night":7.61,"eve":13.66,"morn":7.05},"feels_like":{"day":13.69,"night":5.82,"eve":12.88,"morn":5.93},"pressure":1015,"humidity":64,"weather":[{"id":500,"main":"Rain","description":"light rain","icon":"10d"}],"speed":4.83,"deg":322,"gust":7.21,"clouds":9,"pop":0.79,"rain":0.13},{"dt":1742900400,"sunrise":1742880838,"sunset":1742925779,"temp":{"day":12.75,"min":5.1,"max":14.86,"night":9.38,"eve":12.87,"morn":5.1},"feels_like":{"day":11.7,"night":7.83,"eve":11.91,"morn":3.54},"pressure":1022,"humidity":62,"weather":[{"id":804,"main":"Clouds","description":"overcast clouds","icon":"04d"}],"speed":4.62,"deg":311,"gust":5.98,"clouds":96,"pop":0},{"dt":1742986800,"sunrise":1742967103,"sunset":1743012276,"temp":{"day":13.45,"min":8.22,"max":14.95,"night":8.22,"eve":10.69,"morn":8.46},"feels_like":{"day":12.13,"night":7.1,"eve":9.49,"morn":6.37},"pressure":1024,"humidity":49,"weather":[{"id":802,"main":"Clouds","description":"scattered clouds","icon":"03d"}],"speed":3.55,"deg":34,"gust":6.65,"clouds":44,"pop":0}]}
--- ENF OF RECEIVED DATA ---

