________________________________________________
|             CALL API : START                |
________________________________________________

Informations : 
Called API: meteo - 22 June 2024, 09:20
Method: GETMETEO - Timeout : 300 - Cache : 1
URL CALLED : https://api.openweathermap.org/data/2.5/forecast/daily?q=Brussels,be&units=metric&cnt=4&appid=ea18c0706135505149200c3836f29800
-------------------------
________________________________________________
|             CALL API : START                |
________________________________________________

Informations : 
Called API: meteo - 22 June 2024, 09:20
Method: GETMETEO - Timeout : 300 - Cache : 1
URL CALLED : https://api.openweathermap.org/data/2.5/forecast/daily?q=Brussels,be&units=metric&cnt=4&appid=ea18c0706135505149200c3836f29800
-------------------------
{"city":{"id":2800866,"name":"Brussels","coord":{"lon":4.3488,"lat":50.8504},"country":"BE","population":1019022,"timezone":7200},"cod":"200","message":0.0677446,"cnt":4,"list":[{"dt":1719054000,"sunrise":1719026947,"sunset":1719086409,"temp":{"day":14.88,"min":11.8,"max":18.42,"night":15.01,"eve":18.42,"morn":13.87},"feels_like":{"day":14.7,"night":14.71,"eve":18.07,"morn":13.56},"pressure":1014,"humidity":87,"weather":[{"id":803,"main":"Clouds","description":"broken clouds","icon":"04d"}],"speed":4.56,"deg":231,"gust":11.69,"clouds":80,"pop":0.18},{"dt":1719140400,"sunrise":1719113364,"sunset":1719172815,"temp":{"day":21.84,"min":11.59,"max":22.76,"night":15.35,"eve":20.36,"morn":12.49},"feels_like":{"day":21.65,"night":15.19,"eve":20.33,"morn":12.22},"pressure":1020,"humidity":60,"weather":[{"id":802,"main":"Clouds","description":"scattered clouds","icon":"03d"}],"speed":3.48,"deg":341,"gust":5.7,"clouds":26,"pop":0},{"dt":1719226800,"sunrise":1719199784,"sunset":1719259219,"temp":{"day":22.69,"min":12.96,"max":24.7,"night":18.06,"eve":24.37,"morn":14.29},"feels_like":{"day":22.58,"night":18.09,"eve":24.38,"morn":14.02},"pressure":1020,"humidity":60,"weather":[{"id":800,"main":"Clear","description":"sky is clear","icon":"01d"}],"speed":3.09,"deg":42,"gust":5.74,"clouds":8,"pop":0},{"dt":1719313200,"sunrise":1719286207,"sunset":1719345620,"temp":{"day":25.99,"min":15.22,"max":26.66,"night":20.38,"eve":25.19,"morn":16.16},"feels_like":{"day":25.99,"night":20.48,"eve":25.38,"morn":16.18},"pressure":1014,"humidity":51,"weather":[{"id":800,"main":"Clear","description":"sky is clear","icon":"01d"}],"speed":4.55,"deg":77,"gust":8.64,"clouds":0,"pop":0}]}
--- ENF OF RECEIVED DATA ---

{"city":{"id":2800866,"name":"Brussels","coord":{"lon":4.3488,"lat":50.8504},"country":"BE","population":1019022,"timezone":7200},"cod":"200","message":0.0677446,"cnt":4,"list":[{"dt":1719054000,"sunrise":1719026947,"sunset":1719086409,"temp":{"day":14.88,"min":11.8,"max":18.42,"night":15.01,"eve":18.42,"morn":13.87},"feels_like":{"day":14.7,"night":14.71,"eve":18.07,"morn":13.56},"pressure":1014,"humidity":87,"weather":[{"id":803,"main":"Clouds","description":"broken clouds","icon":"04d"}],"speed":4.56,"deg":231,"gust":11.69,"clouds":80,"pop":0.18},{"dt":1719140400,"sunrise":1719113364,"sunset":1719172815,"temp":{"day":21.84,"min":11.59,"max":22.76,"night":15.35,"eve":20.36,"morn":12.49},"feels_like":{"day":21.65,"night":15.19,"eve":20.33,"morn":12.22},"pressure":1020,"humidity":60,"weather":[{"id":802,"main":"Clouds","description":"scattered clouds","icon":"03d"}],"speed":3.48,"deg":341,"gust":5.7,"clouds":26,"pop":0},{"dt":1719226800,"sunrise":1719199784,"sunset":1719259219,"temp":{"day":22.69,"min":12.96,"max":24.7,"night":18.06,"eve":24.37,"morn":14.29},"feels_like":{"day":22.58,"night":18.09,"eve":24.38,"morn":14.02},"pressure":1020,"humidity":60,"weather":[{"id":800,"main":"Clear","description":"sky is clear","icon":"01d"}],"speed":3.09,"deg":42,"gust":5.74,"clouds":8,"pop":0},{"dt":1719313200,"sunrise":1719286207,"sunset":1719345620,"temp":{"day":25.99,"min":15.22,"max":26.66,"night":20.38,"eve":25.19,"morn":16.16},"feels_like":{"day":25.99,"night":20.48,"eve":25.38,"morn":16.18},"pressure":1014,"humidity":51,"weather":[{"id":800,"main":"Clear","description":"sky is clear","icon":"01d"}],"speed":4.55,"deg":77,"gust":8.64,"clouds":0,"pop":0}]}
--- ENF OF RECEIVED DATA ---

