________________________________________________
|             CALL API : START                |
________________________________________________

Informations : 
Called API: meteo - 27 May 2024, 13:00
Method: GETMETEO - Timeout : 300 - Cache : 1
URL CALLED : https://api.openweathermap.org/data/2.5/forecast/daily?q=Brussels,be&units=metric&cnt=4&appid=ea18c0706135505149200c3836f29800
-------------------------
________________________________________________
|             CALL API : START                |
________________________________________________

Informations : 
Called API: meteo - 27 May 2024, 13:00
Method: GETMETEO - Timeout : 300 - Cache : 1
URL CALLED : https://api.openweathermap.org/data/2.5/forecast/daily?q=Brussels,be&units=metric&cnt=4&appid=ea18c0706135505149200c3836f29800
-------------------------
{"city":{"id":2800866,"name":"Brussels","coord":{"lon":4.3488,"lat":50.8504},"country":"BE","population":1019022,"timezone":7200},"cod":"200","message":0.0736591,"cnt":4,"list":[{"dt":1716807600,"sunrise":1716781116,"sunset":1716838881,"temp":{"day":17.32,"min":9.86,"max":17.33,"night":9.86,"eve":12.86,"morn":12.23},"feels_like":{"day":16.91,"night":8.54,"eve":12.47,"morn":11.81},"pressure":1017,"humidity":69,"weather":[{"id":500,"main":"Rain","description":"light rain","icon":"10d"}],"speed":4.86,"deg":254,"gust":8.2,"clouds":40,"pop":1,"rain":2.7},{"dt":1716894000,"sunrise":1716867459,"sunset":1716925353,"temp":{"day":17.18,"min":7.37,"max":17.18,"night":12.88,"eve":12.99,"morn":8.34},"feels_like":{"day":16.76,"night":12.76,"eve":12.8,"morn":5.95},"pressure":1017,"humidity":69,"weather":[{"id":501,"main":"Rain","description":"moderate rain","icon":"10d"}],"speed":7.39,"deg":222,"gust":13.59,"clouds":62,"pop":1,"rain":4.78},{"dt":1716980400,"sunrise":1716953805,"sunset":1717011823,"temp":{"day":13.78,"min":11.72,"max":15.35,"night":11.72,"eve":14.68,"morn":13.63},"feels_like":{"day":13.72,"night":11.45,"eve":14.63,"morn":13.58},"pressure":1009,"humidity":96,"weather":[{"id":501,"main":"Rain","description":"moderate rain","icon":"10d"}],"speed":7.34,"deg":215,"gust":13.46,"clouds":100,"pop":1,"rain":12.75},{"dt":1717066800,"sunrise":1717040153,"sunset":1717098291,"temp":{"day":15.85,"min":9.52,"max":15.85,"night":11.99,"eve":13.2,"morn":10.54},"feels_like":{"day":15.53,"night":11.75,"eve":12.93,"morn":10.21},"pressure":1007,"humidity":78,"weather":[{"id":501,"main":"Rain","description":"moderate rain","icon":"10d"}],"speed":5.38,"deg":227,"gust":9.51,"clouds":96,"pop":1,"rain":10.02}]}
--- ENF OF RECEIVED DATA ---

{"city":{"id":2800866,"name":"Brussels","coord":{"lon":4.3488,"lat":50.8504},"country":"BE","population":1019022,"timezone":7200},"cod":"200","message":0.0736591,"cnt":4,"list":[{"dt":1716807600,"sunrise":1716781116,"sunset":1716838881,"temp":{"day":17.32,"min":9.86,"max":17.33,"night":9.86,"eve":12.86,"morn":12.23},"feels_like":{"day":16.91,"night":8.54,"eve":12.47,"morn":11.81},"pressure":1017,"humidity":69,"weather":[{"id":500,"main":"Rain","description":"light rain","icon":"10d"}],"speed":4.86,"deg":254,"gust":8.2,"clouds":40,"pop":1,"rain":2.7},{"dt":1716894000,"sunrise":1716867459,"sunset":1716925353,"temp":{"day":17.18,"min":7.37,"max":17.18,"night":12.88,"eve":12.99,"morn":8.34},"feels_like":{"day":16.76,"night":12.76,"eve":12.8,"morn":5.95},"pressure":1017,"humidity":69,"weather":[{"id":501,"main":"Rain","description":"moderate rain","icon":"10d"}],"speed":7.39,"deg":222,"gust":13.59,"clouds":62,"pop":1,"rain":4.78},{"dt":1716980400,"sunrise":1716953805,"sunset":1717011823,"temp":{"day":13.78,"min":11.72,"max":15.35,"night":11.72,"eve":14.68,"morn":13.63},"feels_like":{"day":13.72,"night":11.45,"eve":14.63,"morn":13.58},"pressure":1009,"humidity":96,"weather":[{"id":501,"main":"Rain","description":"moderate rain","icon":"10d"}],"speed":7.34,"deg":215,"gust":13.46,"clouds":100,"pop":1,"rain":12.75},{"dt":1717066800,"sunrise":1717040153,"sunset":1717098291,"temp":{"day":15.85,"min":9.52,"max":15.85,"night":11.99,"eve":13.2,"morn":10.54},"feels_like":{"day":15.53,"night":11.75,"eve":12.93,"morn":10.21},"pressure":1007,"humidity":78,"weather":[{"id":501,"main":"Rain","description":"moderate rain","icon":"10d"}],"speed":5.38,"deg":227,"gust":9.51,"clouds":96,"pop":1,"rain":10.02}]}
--- ENF OF RECEIVED DATA ---

