________________________________________________
|             CALL API : START                |
________________________________________________

Informations : 
Called API: meteo - 22 July 2024, 11:50
Method: GETMETEO - Timeout : 300 - Cache : 1
URL CALLED : https://api.openweathermap.org/data/2.5/forecast/daily?q=Brussels,be&units=metric&cnt=4&appid=ea18c0706135505149200c3836f29800
-------------------------
________________________________________________
|             CALL API : START                |
________________________________________________

Informations : 
Called API: meteo - 22 July 2024, 11:50
Method: GETMETEO - Timeout : 300 - Cache : 1
URL CALLED : https://api.openweathermap.org/data/2.5/forecast/daily?q=Brussels,be&units=metric&cnt=4&appid=ea18c0706135505149200c3836f29800
-------------------------
{"city":{"id":2800866,"name":"Brussels","coord":{"lon":4.3488,"lat":50.8504},"country":"BE","population":1019022,"timezone":7200},"cod":"200","message":0.0641018,"cnt":4,"list":[{"dt":1721646000,"sunrise":1721620509,"sunset":1721677358,"temp":{"day":20.84,"min":15.58,"max":22.28,"night":18.15,"eve":20.43,"morn":15.58},"feels_like":{"day":20.65,"night":18.4,"eve":20.51,"morn":15.57},"pressure":1018,"humidity":64,"weather":[{"id":500,"main":"Rain","description":"light rain","icon":"10d"}],"speed":5.76,"deg":239,"gust":9.99,"clouds":26,"pop":0.61,"rain":0.37},{"dt":1721732400,"sunrise":1721706989,"sunset":1721763682,"temp":{"day":22.07,"min":14.66,"max":22.47,"night":14.66,"eve":19.18,"morn":17.48},"feels_like":{"day":21.93,"night":14.61,"eve":19.27,"morn":17.79},"pressure":1016,"humidity":61,"weather":[{"id":500,"main":"Rain","description":"light rain","icon":"10d"}],"speed":7.5,"deg":251,"gust":11.24,"clouds":51,"pop":1,"rain":4.75},{"dt":1721818800,"sunrise":1721793471,"sunset":1721850004,"temp":{"day":21.17,"min":13.71,"max":22.61,"night":16.53,"eve":21.7,"morn":13.85},"feels_like":{"day":20.75,"night":16.14,"eve":21.39,"morn":13.8},"pressure":1021,"humidity":54,"weather":[{"id":802,"main":"Clouds","description":"scattered clouds","icon":"03d"}],"speed":2.83,"deg":29,"gust":5.52,"clouds":29,"pop":0},{"dt":1721905200,"sunrise":1721879953,"sunset":1721936324,"temp":{"day":23.7,"min":13.82,"max":24.73,"night":20.64,"eve":22.67,"morn":14.51},"feels_like":{"day":23.48,"night":20.56,"eve":22.74,"morn":14.16},"pressure":1016,"humidity":52,"weather":[{"id":803,"main":"Clouds","description":"broken clouds","icon":"04d"}],"speed":3.42,"deg":190,"gust":7.62,"clouds":65,"pop":0}]}
--- ENF OF RECEIVED DATA ---

{"city":{"id":2800866,"name":"Brussels","coord":{"lon":4.3488,"lat":50.8504},"country":"BE","population":1019022,"timezone":7200},"cod":"200","message":0.0641018,"cnt":4,"list":[{"dt":1721646000,"sunrise":1721620509,"sunset":1721677358,"temp":{"day":20.84,"min":15.58,"max":22.28,"night":18.15,"eve":20.43,"morn":15.58},"feels_like":{"day":20.65,"night":18.4,"eve":20.51,"morn":15.57},"pressure":1018,"humidity":64,"weather":[{"id":500,"main":"Rain","description":"light rain","icon":"10d"}],"speed":5.76,"deg":239,"gust":9.99,"clouds":26,"pop":0.61,"rain":0.37},{"dt":1721732400,"sunrise":1721706989,"sunset":1721763682,"temp":{"day":22.07,"min":14.66,"max":22.47,"night":14.66,"eve":19.18,"morn":17.48},"feels_like":{"day":21.93,"night":14.61,"eve":19.27,"morn":17.79},"pressure":1016,"humidity":61,"weather":[{"id":500,"main":"Rain","description":"light rain","icon":"10d"}],"speed":7.5,"deg":251,"gust":11.24,"clouds":51,"pop":1,"rain":4.75},{"dt":1721818800,"sunrise":1721793471,"sunset":1721850004,"temp":{"day":21.17,"min":13.71,"max":22.61,"night":16.53,"eve":21.7,"morn":13.85},"feels_like":{"day":20.75,"night":16.14,"eve":21.39,"morn":13.8},"pressure":1021,"humidity":54,"weather":[{"id":802,"main":"Clouds","description":"scattered clouds","icon":"03d"}],"speed":2.83,"deg":29,"gust":5.52,"clouds":29,"pop":0},{"dt":1721905200,"sunrise":1721879953,"sunset":1721936324,"temp":{"day":23.7,"min":13.82,"max":24.73,"night":20.64,"eve":22.67,"morn":14.51},"feels_like":{"day":23.48,"night":20.56,"eve":22.74,"morn":14.16},"pressure":1016,"humidity":52,"weather":[{"id":803,"main":"Clouds","description":"broken clouds","icon":"04d"}],"speed":3.42,"deg":190,"gust":7.62,"clouds":65,"pop":0}]}
--- ENF OF RECEIVED DATA ---

