________________________________________________
|             CALL API : START                |
________________________________________________

Informations : 
Called API: meteo - 25 January 2025, 00:10
Method: GETMETEO - Timeout : 300 - Cache : 1
URL CALLED : https://api.openweathermap.org/data/2.5/forecast/daily?q=Brussels,be&units=metric&cnt=4&appid=ea18c0706135505149200c3836f29800
-------------------------
________________________________________________
|             CALL API : START                |
________________________________________________

Informations : 
Called API: meteo - 25 January 2025, 00:10
Method: GETMETEO - Timeout : 300 - Cache : 1
URL CALLED : https://api.openweathermap.org/data/2.5/forecast/daily?q=Brussels,be&units=metric&cnt=4&appid=ea18c0706135505149200c3836f29800
-------------------------
{"city":{"id":2800866,"name":"Brussels","coord":{"lon":4.3488,"lat":50.8504},"country":"BE","population":1019022,"timezone":3600},"cod":"200","message":0.0431632,"cnt":4,"list":[{"dt":1737802800,"sunrise":1737790098,"sunset":1737822078,"temp":{"day":5.82,"min":3.99,"max":9.83,"night":3.99,"eve":6.04,"morn":9.52},"feels_like":{"day":4.2,"night":1.96,"eve":3.78,"morn":6.49},"pressure":1005,"humidity":88,"weather":[{"id":501,"main":"Rain","description":"moderate rain","icon":"10d"}],"speed":6.45,"deg":212,"gust":15.15,"clouds":100,"pop":1,"rain":16.81},{"dt":1737889200,"sunrise":1737876423,"sunset":1737908581,"temp":{"day":4.74,"min":0.9,"max":6.99,"night":6.99,"eve":5.18,"morn":1.44},"feels_like":{"day":1.23,"night":2.79,"eve":0.53,"morn":-0.79},"pressure":1008,"humidity":64,"weather":[{"id":500,"main":"Rain","description":"light rain","icon":"10d"}],"speed":9.34,"deg":173,"gust":18.33,"clouds":4,"pop":1,"rain":0.78},{"dt":1737975600,"sunrise":1737962745,"sunset":1737995085,"temp":{"day":9.76,"min":6.91,"max":10.04,"night":7.24,"eve":7.29,"morn":8.71},"feels_like":{"day":5.77,"night":2.69,"eve":3.27,"morn":5.11},"pressure":989,"humidity":74,"weather":[{"id":501,"main":"Rain","description":"moderate rain","icon":"10d"}],"speed":12.38,"deg":192,"gust":22.76,"clouds":65,"pop":1,"rain":4.86},{"dt":1738062000,"sunrise":1738049065,"sunset":1738081589,"temp":{"day":6.86,"min":5.48,"max":7.43,"night":6.77,"eve":7.43,"morn":5.77},"feels_like":{"day":2.23,"night":2.25,"eve":3.11,"morn":0.47},"pressure":991,"humidity":82,"weather":[{"id":500,"main":"Rain","description":"light rain","icon":"10d"}],"speed":10.55,"deg":205,"gust":18.52,"clouds":100,"pop":1,"rain":4.91}]}
--- ENF OF RECEIVED DATA ---

{"city":{"id":2800866,"name":"Brussels","coord":{"lon":4.3488,"lat":50.8504},"country":"BE","population":1019022,"timezone":3600},"cod":"200","message":0.0431632,"cnt":4,"list":[{"dt":1737802800,"sunrise":1737790098,"sunset":1737822078,"temp":{"day":5.82,"min":3.99,"max":9.83,"night":3.99,"eve":6.04,"morn":9.52},"feels_like":{"day":4.2,"night":1.96,"eve":3.78,"morn":6.49},"pressure":1005,"humidity":88,"weather":[{"id":501,"main":"Rain","description":"moderate rain","icon":"10d"}],"speed":6.45,"deg":212,"gust":15.15,"clouds":100,"pop":1,"rain":16.81},{"dt":1737889200,"sunrise":1737876423,"sunset":1737908581,"temp":{"day":4.74,"min":0.9,"max":6.99,"night":6.99,"eve":5.18,"morn":1.44},"feels_like":{"day":1.23,"night":2.79,"eve":0.53,"morn":-0.79},"pressure":1008,"humidity":64,"weather":[{"id":500,"main":"Rain","description":"light rain","icon":"10d"}],"speed":9.34,"deg":173,"gust":18.33,"clouds":4,"pop":1,"rain":0.78},{"dt":1737975600,"sunrise":1737962745,"sunset":1737995085,"temp":{"day":9.76,"min":6.91,"max":10.04,"night":7.24,"eve":7.29,"morn":8.71},"feels_like":{"day":5.77,"night":2.69,"eve":3.27,"morn":5.11},"pressure":989,"humidity":74,"weather":[{"id":501,"main":"Rain","description":"moderate rain","icon":"10d"}],"speed":12.38,"deg":192,"gust":22.76,"clouds":65,"pop":1,"rain":4.86},{"dt":1738062000,"sunrise":1738049065,"sunset":1738081589,"temp":{"day":6.86,"min":5.48,"max":7.43,"night":6.77,"eve":7.43,"morn":5.77},"feels_like":{"day":2.23,"night":2.25,"eve":3.11,"morn":0.47},"pressure":991,"humidity":82,"weather":[{"id":500,"main":"Rain","description":"light rain","icon":"10d"}],"speed":10.55,"deg":205,"gust":18.52,"clouds":100,"pop":1,"rain":4.91}]}
--- ENF OF RECEIVED DATA ---

