________________________________________________
|             CALL API : START                |
________________________________________________

Informations : 
Called API: meteo - 21 July 2024, 22:10
Method: GETMETEO - Timeout : 300 - Cache : 1
URL CALLED : https://api.openweathermap.org/data/2.5/forecast/daily?q=Brussels,be&units=metric&cnt=4&appid=ea18c0706135505149200c3836f29800
-------------------------
________________________________________________
|             CALL API : START                |
________________________________________________

Informations : 
Called API: meteo - 21 July 2024, 22:10
Method: GETMETEO - Timeout : 300 - Cache : 1
URL CALLED : https://api.openweathermap.org/data/2.5/forecast/daily?q=Brussels,be&units=metric&cnt=4&appid=ea18c0706135505149200c3836f29800
-------------------------
{"city":{"id":2800866,"name":"Brussels","coord":{"lon":4.3488,"lat":50.8504},"country":"BE","population":1019022,"timezone":7200},"cod":"200","message":0.0560453,"cnt":4,"list":[{"dt":1721559600,"sunrise":1721534030,"sunset":1721591031,"temp":{"day":23.94,"min":19.02,"max":24.28,"night":19.74,"eve":21.58,"morn":19.17},"feels_like":{"day":24.19,"night":19.96,"eve":21.86,"morn":19.65},"pressure":1009,"humidity":69,"weather":[{"id":501,"main":"Rain","description":"moderate rain","icon":"10d"}],"speed":4.84,"deg":310,"gust":7.35,"clouds":86,"pop":1,"rain":7.31},{"dt":1721646000,"sunrise":1721620509,"sunset":1721677358,"temp":{"day":21.73,"min":14.52,"max":22.05,"night":17.91,"eve":20.49,"morn":14.82},"feels_like":{"day":21.42,"night":18.08,"eve":20.47,"morn":14.73},"pressure":1018,"humidity":56,"weather":[{"id":500,"main":"Rain","description":"light rain","icon":"10d"}],"speed":6,"deg":236,"gust":9.87,"clouds":20,"pop":1,"rain":0.43},{"dt":1721732400,"sunrise":1721706989,"sunset":1721763682,"temp":{"day":22.54,"min":14.93,"max":22.98,"night":14.93,"eve":19.71,"morn":16.36},"feels_like":{"day":22.52,"night":14.91,"eve":19.8,"morn":16.58},"pressure":1016,"humidity":64,"weather":[{"id":501,"main":"Rain","description":"moderate rain","icon":"10d"}],"speed":6.81,"deg":258,"gust":9.74,"clouds":79,"pop":1,"rain":5.71},{"dt":1721818800,"sunrise":1721793471,"sunset":1721850004,"temp":{"day":21.44,"min":13.58,"max":23.28,"night":16.44,"eve":21.99,"morn":13.95},"feels_like":{"day":21.05,"night":15.94,"eve":21.68,"morn":13.86},"pressure":1022,"humidity":54,"weather":[{"id":802,"main":"Clouds","description":"scattered clouds","icon":"03d"}],"speed":3.75,"deg":340,"gust":5.1,"clouds":36,"pop":0}]}
--- ENF OF RECEIVED DATA ---

{"city":{"id":2800866,"name":"Brussels","coord":{"lon":4.3488,"lat":50.8504},"country":"BE","population":1019022,"timezone":7200},"cod":"200","message":0.0560453,"cnt":4,"list":[{"dt":1721559600,"sunrise":1721534030,"sunset":1721591031,"temp":{"day":23.94,"min":19.02,"max":24.28,"night":19.74,"eve":21.58,"morn":19.17},"feels_like":{"day":24.19,"night":19.96,"eve":21.86,"morn":19.65},"pressure":1009,"humidity":69,"weather":[{"id":501,"main":"Rain","description":"moderate rain","icon":"10d"}],"speed":4.84,"deg":310,"gust":7.35,"clouds":86,"pop":1,"rain":7.31},{"dt":1721646000,"sunrise":1721620509,"sunset":1721677358,"temp":{"day":21.73,"min":14.52,"max":22.05,"night":17.91,"eve":20.49,"morn":14.82},"feels_like":{"day":21.42,"night":18.08,"eve":20.47,"morn":14.73},"pressure":1018,"humidity":56,"weather":[{"id":500,"main":"Rain","description":"light rain","icon":"10d"}],"speed":6,"deg":236,"gust":9.87,"clouds":20,"pop":1,"rain":0.43},{"dt":1721732400,"sunrise":1721706989,"sunset":1721763682,"temp":{"day":22.54,"min":14.93,"max":22.98,"night":14.93,"eve":19.71,"morn":16.36},"feels_like":{"day":22.52,"night":14.91,"eve":19.8,"morn":16.58},"pressure":1016,"humidity":64,"weather":[{"id":501,"main":"Rain","description":"moderate rain","icon":"10d"}],"speed":6.81,"deg":258,"gust":9.74,"clouds":79,"pop":1,"rain":5.71},{"dt":1721818800,"sunrise":1721793471,"sunset":1721850004,"temp":{"day":21.44,"min":13.58,"max":23.28,"night":16.44,"eve":21.99,"morn":13.95},"feels_like":{"day":21.05,"night":15.94,"eve":21.68,"morn":13.86},"pressure":1022,"humidity":54,"weather":[{"id":802,"main":"Clouds","description":"scattered clouds","icon":"03d"}],"speed":3.75,"deg":340,"gust":5.1,"clouds":36,"pop":0}]}
--- ENF OF RECEIVED DATA ---

