________________________________________________
|             CALL API : START                |
________________________________________________

Informations : 
Called API: meteo - 19 January 2025, 19:40
Method: GETMETEO - Timeout : 300 - Cache : 1
URL CALLED : https://api.openweathermap.org/data/2.5/forecast/daily?q=Brussels,be&units=metric&cnt=4&appid=ea18c0706135505149200c3836f29800
-------------------------
________________________________________________
|             CALL API : START                |
________________________________________________

Informations : 
Called API: meteo - 19 January 2025, 19:40
Method: GETMETEO - Timeout : 300 - Cache : 1
URL CALLED : https://api.openweathermap.org/data/2.5/forecast/daily?q=Brussels,be&units=metric&cnt=4&appid=ea18c0706135505149200c3836f29800
-------------------------
{"city":{"id":2800866,"name":"Brussels","coord":{"lon":4.3488,"lat":50.8504},"country":"BE","population":1019022,"timezone":3600},"cod":"200","message":0.1177488,"cnt":4,"list":[{"dt":1737284400,"sunrise":1737272099,"sunset":1737303079,"temp":{"day":2.67,"min":-1.11,"max":3.85,"night":-0.62,"eve":-0.18,"morn":-0.79},"feels_like":{"day":2.67,"night":-0.62,"eve":-0.18,"morn":-0.79},"pressure":1023,"humidity":68,"weather":[{"id":800,"main":"Clear","description":"sky is clear","icon":"01d"}],"speed":1.78,"deg":213,"gust":2.02,"clouds":5,"pop":0},{"dt":1737370800,"sunrise":1737358438,"sunset":1737389576,"temp":{"day":2.17,"min":-0.72,"max":3.34,"night":0.2,"eve":1.06,"morn":-0.09},"feels_like":{"day":0.34,"night":-2.57,"eve":-0.72,"morn":-2.03},"pressure":1021,"humidity":78,"weather":[{"id":804,"main":"Clouds","description":"overcast clouds","icon":"04d"}],"speed":2.32,"deg":208,"gust":2.92,"clouds":100,"pop":0},{"dt":1737457200,"sunrise":1737444775,"sunset":1737476075,"temp":{"day":4.41,"min":0,"max":6.41,"night":2.19,"eve":3.38,"morn":0.08},"feels_like":{"day":1.94,"night":-0.71,"eve":0.77,"morn":-3.25},"pressure":1018,"humidity":78,"weather":[{"id":801,"main":"Clouds","description":"few clouds","icon":"02d"}],"speed":2.96,"deg":147,"gust":6.48,"clouds":13,"pop":0},{"dt":1737543600,"sunrise":1737531109,"sunset":1737562574,"temp":{"day":4.59,"min":2.53,"max":8.44,"night":8.44,"eve":6.97,"morn":3.03},"feels_like":{"day":1.1,"night":4.82,"eve":3.47,"morn":-0.66},"pressure":1007,"humidity":87,"weather":[{"id":500,"main":"Rain","description":"light rain","icon":"10d"}],"speed":7.38,"deg":179,"gust":16.8,"clouds":100,"pop":1,"rain":2.46}]}
--- ENF OF RECEIVED DATA ---

{"city":{"id":2800866,"name":"Brussels","coord":{"lon":4.3488,"lat":50.8504},"country":"BE","population":1019022,"timezone":3600},"cod":"200","message":0.1177488,"cnt":4,"list":[{"dt":1737284400,"sunrise":1737272099,"sunset":1737303079,"temp":{"day":2.67,"min":-1.11,"max":3.85,"night":-0.62,"eve":-0.18,"morn":-0.79},"feels_like":{"day":2.67,"night":-0.62,"eve":-0.18,"morn":-0.79},"pressure":1023,"humidity":68,"weather":[{"id":800,"main":"Clear","description":"sky is clear","icon":"01d"}],"speed":1.78,"deg":213,"gust":2.02,"clouds":5,"pop":0},{"dt":1737370800,"sunrise":1737358438,"sunset":1737389576,"temp":{"day":2.17,"min":-0.72,"max":3.34,"night":0.2,"eve":1.06,"morn":-0.09},"feels_like":{"day":0.34,"night":-2.57,"eve":-0.72,"morn":-2.03},"pressure":1021,"humidity":78,"weather":[{"id":804,"main":"Clouds","description":"overcast clouds","icon":"04d"}],"speed":2.32,"deg":208,"gust":2.92,"clouds":100,"pop":0},{"dt":1737457200,"sunrise":1737444775,"sunset":1737476075,"temp":{"day":4.41,"min":0,"max":6.41,"night":2.19,"eve":3.38,"morn":0.08},"feels_like":{"day":1.94,"night":-0.71,"eve":0.77,"morn":-3.25},"pressure":1018,"humidity":78,"weather":[{"id":801,"main":"Clouds","description":"few clouds","icon":"02d"}],"speed":2.96,"deg":147,"gust":6.48,"clouds":13,"pop":0},{"dt":1737543600,"sunrise":1737531109,"sunset":1737562574,"temp":{"day":4.59,"min":2.53,"max":8.44,"night":8.44,"eve":6.97,"morn":3.03},"feels_like":{"day":1.1,"night":4.82,"eve":3.47,"morn":-0.66},"pressure":1007,"humidity":87,"weather":[{"id":500,"main":"Rain","description":"light rain","icon":"10d"}],"speed":7.38,"deg":179,"gust":16.8,"clouds":100,"pop":1,"rain":2.46}]}
--- ENF OF RECEIVED DATA ---

