________________________________________________
|             CALL API : START                |
________________________________________________

Informations : 
Called API: meteo - 12 February 2025, 00:20
Method: GETMETEO - Timeout : 300 - Cache : 1
URL CALLED : https://api.openweathermap.org/data/2.5/forecast/daily?q=Brussels,be&units=metric&cnt=4&appid=ea18c0706135505149200c3836f29800
-------------------------
________________________________________________
|             CALL API : START                |
________________________________________________

Informations : 
Called API: meteo - 12 February 2025, 00:20
Method: GETMETEO - Timeout : 300 - Cache : 1
URL CALLED : https://api.openweathermap.org/data/2.5/forecast/daily?q=Brussels,be&units=metric&cnt=4&appid=ea18c0706135505149200c3836f29800
-------------------------
{"city":{"id":2800866,"name":"Brussels","coord":{"lon":4.3488,"lat":50.8504},"country":"BE","population":1019022,"timezone":3600},"cod":"200","message":0.876917,"cnt":4,"list":[{"dt":1739358000,"sunrise":1739343637,"sunset":1739379194,"temp":{"day":5.23,"min":2.74,"max":5.67,"night":2.74,"eve":4.75,"morn":3.03},"feels_like":{"day":2.97,"night":0.3,"eve":2.72,"morn":1.12},"pressure":1018,"humidity":77,"weather":[{"id":804,"main":"Clouds","description":"overcast clouds","icon":"04d"}],"speed":3.2,"deg":306,"gust":6.46,"clouds":100,"pop":0},{"dt":1739444400,"sunrise":1739429928,"sunset":1739465702,"temp":{"day":3.09,"min":0.27,"max":4.57,"night":0.27,"eve":2.16,"morn":2.48},"feels_like":{"day":-0.52,"night":-1.76,"eve":-0.91,"morn":-0.26},"pressure":1023,"humidity":70,"weather":[{"id":803,"main":"Clouds","description":"broken clouds","icon":"04d"}],"speed":4.05,"deg":30,"gust":6.4,"clouds":62,"pop":0},{"dt":1739530800,"sunrise":1739516218,"sunset":1739552209,"temp":{"day":3.3,"min":-0.87,"max":5.11,"night":-0.16,"eve":2.24,"morn":-0.63},"feels_like":{"day":0.33,"night":-3.31,"eve":-0.62,"morn":-2.55},"pressure":1027,"humidity":61,"weather":[{"id":800,"main":"Clear","description":"sky is clear","icon":"01d"}],"speed":3.35,"deg":86,"gust":6.38,"clouds":7,"pop":0},{"dt":1739617200,"sunrise":1739602507,"sunset":1739638716,"temp":{"day":5.14,"min":-0.88,"max":5.77,"night":0.94,"eve":1.96,"morn":-0.88},"feels_like":{"day":3.52,"night":-1.9,"eve":-0.39,"morn":-0.88},"pressure":1023,"humidity":49,"weather":[{"id":800,"main":"Clear","description":"sky is clear","icon":"01d"}],"speed":2.64,"deg":102,"gust":3.61,"clouds":10,"pop":0}]}
--- ENF OF RECEIVED DATA ---

{"city":{"id":2800866,"name":"Brussels","coord":{"lon":4.3488,"lat":50.8504},"country":"BE","population":1019022,"timezone":3600},"cod":"200","message":0.876917,"cnt":4,"list":[{"dt":1739358000,"sunrise":1739343637,"sunset":1739379194,"temp":{"day":5.23,"min":2.74,"max":5.67,"night":2.74,"eve":4.75,"morn":3.03},"feels_like":{"day":2.97,"night":0.3,"eve":2.72,"morn":1.12},"pressure":1018,"humidity":77,"weather":[{"id":804,"main":"Clouds","description":"overcast clouds","icon":"04d"}],"speed":3.2,"deg":306,"gust":6.46,"clouds":100,"pop":0},{"dt":1739444400,"sunrise":1739429928,"sunset":1739465702,"temp":{"day":3.09,"min":0.27,"max":4.57,"night":0.27,"eve":2.16,"morn":2.48},"feels_like":{"day":-0.52,"night":-1.76,"eve":-0.91,"morn":-0.26},"pressure":1023,"humidity":70,"weather":[{"id":803,"main":"Clouds","description":"broken clouds","icon":"04d"}],"speed":4.05,"deg":30,"gust":6.4,"clouds":62,"pop":0},{"dt":1739530800,"sunrise":1739516218,"sunset":1739552209,"temp":{"day":3.3,"min":-0.87,"max":5.11,"night":-0.16,"eve":2.24,"morn":-0.63},"feels_like":{"day":0.33,"night":-3.31,"eve":-0.62,"morn":-2.55},"pressure":1027,"humidity":61,"weather":[{"id":800,"main":"Clear","description":"sky is clear","icon":"01d"}],"speed":3.35,"deg":86,"gust":6.38,"clouds":7,"pop":0},{"dt":1739617200,"sunrise":1739602507,"sunset":1739638716,"temp":{"day":5.14,"min":-0.88,"max":5.77,"night":0.94,"eve":1.96,"morn":-0.88},"feels_like":{"day":3.52,"night":-1.9,"eve":-0.39,"morn":-0.88},"pressure":1023,"humidity":49,"weather":[{"id":800,"main":"Clear","description":"sky is clear","icon":"01d"}],"speed":2.64,"deg":102,"gust":3.61,"clouds":10,"pop":0}]}
--- ENF OF RECEIVED DATA ---

