________________________________________________
|             CALL API : START                |
________________________________________________

Informations : 
Called API: meteo - 6 May 2023, 01:00
Method: GETMETEO - Timeout : 300 - Cache : 1
URL CALLED : https://api.openweathermap.org/data/2.5/forecast/daily?q=Brussels,be&units=metric&cnt=4&appid=ea18c0706135505149200c3836f29800
-------------------------
________________________________________________
|             CALL API : START                |
________________________________________________

Informations : 
Called API: meteo - 6 May 2023, 01:00
Method: GETMETEO - Timeout : 300 - Cache : 1
URL CALLED : https://api.openweathermap.org/data/2.5/forecast/daily?q=Brussels,be&units=metric&cnt=4&appid=ea18c0706135505149200c3836f29800
-------------------------
{"city":{"id":2800866,"name":"Brussels","coord":{"lon":4.3488,"lat":50.8504},"country":"BE","population":1019022,"timezone":7200},"cod":"200","message":0.1609065,"cnt":4,"list":[{"dt":1683370800,"sunrise":1683346096,"sunset":1683400211,"temp":{"day":17.04,"min":9.81,"max":17.13,"night":12.61,"eve":13.49,"morn":10.24},"feels_like":{"day":16.65,"night":12.28,"eve":13.22,"morn":9.83},"pressure":1017,"humidity":71,"weather":[{"id":500,"main":"Rain","description":"light rain","icon":"10d"}],"speed":4.54,"deg":239,"gust":5.43,"clouds":100,"pop":0.83,"rain":1.07},{"dt":1683457200,"sunrise":1683432394,"sunset":1683486705,"temp":{"day":15.95,"min":11.92,"max":17.6,"night":12.63,"eve":16.62,"morn":11.92},"feels_like":{"day":15.64,"night":12.38,"eve":16.37,"morn":11.65},"pressure":1018,"humidity":78,"weather":[{"id":500,"main":"Rain","description":"light rain","icon":"10d"}],"speed":2.9,"deg":45,"gust":4,"clouds":100,"pop":0.68,"rain":1.24},{"dt":1683543600,"sunrise":1683518694,"sunset":1683573199,"temp":{"day":19.72,"min":10.57,"max":20.21,"night":13.25,"eve":14.77,"morn":11.26},"feels_like":{"day":19.42,"night":12.98,"eve":14.63,"morn":10.95},"pressure":1021,"humidity":64,"weather":[{"id":500,"main":"Rain","description":"light rain","icon":"10d"}],"speed":3.23,"deg":325,"gust":6.48,"clouds":72,"pop":0.78,"rain":1.67},{"dt":1683630000,"sunrise":1683604996,"sunset":1683659693,"temp":{"day":14.57,"min":12.21,"max":15.93,"night":13.1,"eve":14.82,"morn":12.21},"feels_like":{"day":14.41,"night":13,"eve":14.66,"morn":12.02},"pressure":1013,"humidity":89,"weather":[{"id":500,"main":"Rain","description":"light rain","icon":"10d"}],"speed":3.79,"deg":207,"gust":8.7,"clouds":100,"pop":1,"rain":6.96}]}
--- ENF OF RECEIVED DATA ---

{"city":{"id":2800866,"name":"Brussels","coord":{"lon":4.3488,"lat":50.8504},"country":"BE","population":1019022,"timezone":7200},"cod":"200","message":0.1609065,"cnt":4,"list":[{"dt":1683370800,"sunrise":1683346096,"sunset":1683400211,"temp":{"day":17.04,"min":9.81,"max":17.13,"night":12.61,"eve":13.49,"morn":10.24},"feels_like":{"day":16.65,"night":12.28,"eve":13.22,"morn":9.83},"pressure":1017,"humidity":71,"weather":[{"id":500,"main":"Rain","description":"light rain","icon":"10d"}],"speed":4.54,"deg":239,"gust":5.43,"clouds":100,"pop":0.83,"rain":1.07},{"dt":1683457200,"sunrise":1683432394,"sunset":1683486705,"temp":{"day":15.95,"min":11.92,"max":17.6,"night":12.63,"eve":16.62,"morn":11.92},"feels_like":{"day":15.64,"night":12.38,"eve":16.37,"morn":11.65},"pressure":1018,"humidity":78,"weather":[{"id":500,"main":"Rain","description":"light rain","icon":"10d"}],"speed":2.9,"deg":45,"gust":4,"clouds":100,"pop":0.68,"rain":1.24},{"dt":1683543600,"sunrise":1683518694,"sunset":1683573199,"temp":{"day":19.72,"min":10.57,"max":20.21,"night":13.25,"eve":14.77,"morn":11.26},"feels_like":{"day":19.42,"night":12.98,"eve":14.63,"morn":10.95},"pressure":1021,"humidity":64,"weather":[{"id":500,"main":"Rain","description":"light rain","icon":"10d"}],"speed":3.23,"deg":325,"gust":6.48,"clouds":72,"pop":0.78,"rain":1.67},{"dt":1683630000,"sunrise":1683604996,"sunset":1683659693,"temp":{"day":14.57,"min":12.21,"max":15.93,"night":13.1,"eve":14.82,"morn":12.21},"feels_like":{"day":14.41,"night":13,"eve":14.66,"morn":12.02},"pressure":1013,"humidity":89,"weather":[{"id":500,"main":"Rain","description":"light rain","icon":"10d"}],"speed":3.79,"deg":207,"gust":8.7,"clouds":100,"pop":1,"rain":6.96}]}
--- ENF OF RECEIVED DATA ---

