________________________________________________
|             CALL API : START                |
________________________________________________

Informations : 
Called API: meteo - 1 June 2024, 14:40
Method: GETMETEO - Timeout : 300 - Cache : 1
URL CALLED : https://api.openweathermap.org/data/2.5/forecast/daily?q=Brussels,be&units=metric&cnt=4&appid=ea18c0706135505149200c3836f29800
-------------------------
________________________________________________
|             CALL API : START                |
________________________________________________

Informations : 
Called API: meteo - 1 June 2024, 14:40
Method: GETMETEO - Timeout : 300 - Cache : 1
URL CALLED : https://api.openweathermap.org/data/2.5/forecast/daily?q=Brussels,be&units=metric&cnt=4&appid=ea18c0706135505149200c3836f29800
-------------------------
{"city":{"id":2800866,"name":"Brussels","coord":{"lon":4.3488,"lat":50.8504},"country":"BE","population":1019022,"timezone":7200},"cod":"200","message":0.0477746,"cnt":4,"list":[{"dt":1717239600,"sunrise":1717212858,"sunset":1717271221,"temp":{"day":15.43,"min":12.59,"max":15.82,"night":13.26,"eve":15.65,"morn":12.88},"feels_like":{"day":15.38,"night":12.91,"eve":15.49,"morn":12.76},"pressure":1019,"humidity":90,"weather":[{"id":804,"main":"Clouds","description":"overcast clouds","icon":"04d"}],"speed":6.46,"deg":331,"gust":10.49,"clouds":100,"pop":0.8},{"dt":1717326000,"sunrise":1717299215,"sunset":1717357683,"temp":{"day":19.45,"min":10.77,"max":19.97,"night":10.77,"eve":16.48,"morn":12.02},"feels_like":{"day":18.94,"night":10.25,"eve":15.8,"morn":11.71},"pressure":1023,"humidity":57,"weather":[{"id":801,"main":"Clouds","description":"few clouds","icon":"02d"}],"speed":6.65,"deg":336,"gust":8.98,"clouds":14,"pop":0},{"dt":1717412400,"sunrise":1717385574,"sunset":1717444143,"temp":{"day":17.14,"min":8.53,"max":19.13,"night":13.86,"eve":16.46,"morn":9.81},"feels_like":{"day":16.76,"night":13.7,"eve":16.41,"morn":9.47},"pressure":1021,"humidity":71,"weather":[{"id":500,"main":"Rain","description":"light rain","icon":"10d"}],"speed":3.65,"deg":305,"gust":6.35,"clouds":100,"pop":1,"rain":0.96},{"dt":1717498800,"sunrise":1717471936,"sunset":1717530601,"temp":{"day":18.91,"min":11.95,"max":20.21,"night":13.98,"eve":17.36,"morn":12.98},"feels_like":{"day":18.74,"night":13.63,"eve":17.06,"morn":12.84},"pressure":1013,"humidity":72,"weather":[{"id":500,"main":"Rain","description":"light rain","icon":"10d"}],"speed":7.12,"deg":232,"gust":10.17,"clouds":94,"pop":1,"rain":1.58}]}
--- ENF OF RECEIVED DATA ---

{"city":{"id":2800866,"name":"Brussels","coord":{"lon":4.3488,"lat":50.8504},"country":"BE","population":1019022,"timezone":7200},"cod":"200","message":0.0477746,"cnt":4,"list":[{"dt":1717239600,"sunrise":1717212858,"sunset":1717271221,"temp":{"day":15.43,"min":12.59,"max":15.82,"night":13.26,"eve":15.65,"morn":12.88},"feels_like":{"day":15.38,"night":12.91,"eve":15.49,"morn":12.76},"pressure":1019,"humidity":90,"weather":[{"id":804,"main":"Clouds","description":"overcast clouds","icon":"04d"}],"speed":6.46,"deg":331,"gust":10.49,"clouds":100,"pop":0.8},{"dt":1717326000,"sunrise":1717299215,"sunset":1717357683,"temp":{"day":19.45,"min":10.77,"max":19.97,"night":10.77,"eve":16.48,"morn":12.02},"feels_like":{"day":18.94,"night":10.25,"eve":15.8,"morn":11.71},"pressure":1023,"humidity":57,"weather":[{"id":801,"main":"Clouds","description":"few clouds","icon":"02d"}],"speed":6.65,"deg":336,"gust":8.98,"clouds":14,"pop":0},{"dt":1717412400,"sunrise":1717385574,"sunset":1717444143,"temp":{"day":17.14,"min":8.53,"max":19.13,"night":13.86,"eve":16.46,"morn":9.81},"feels_like":{"day":16.76,"night":13.7,"eve":16.41,"morn":9.47},"pressure":1021,"humidity":71,"weather":[{"id":500,"main":"Rain","description":"light rain","icon":"10d"}],"speed":3.65,"deg":305,"gust":6.35,"clouds":100,"pop":1,"rain":0.96},{"dt":1717498800,"sunrise":1717471936,"sunset":1717530601,"temp":{"day":18.91,"min":11.95,"max":20.21,"night":13.98,"eve":17.36,"morn":12.98},"feels_like":{"day":18.74,"night":13.63,"eve":17.06,"morn":12.84},"pressure":1013,"humidity":72,"weather":[{"id":500,"main":"Rain","description":"light rain","icon":"10d"}],"speed":7.12,"deg":232,"gust":10.17,"clouds":94,"pop":1,"rain":1.58}]}
--- ENF OF RECEIVED DATA ---

