________________________________________________
|             CALL API : START                |
________________________________________________

Informations : 
Called API: meteo - 3 April 2025, 20:20
Method: GETMETEO - Timeout : 300 - Cache : 1
URL CALLED : https://api.openweathermap.org/data/2.5/forecast/daily?q=Brussels,be&units=metric&cnt=4&appid=ea18c0706135505149200c3836f29800
-------------------------
________________________________________________
|             CALL API : START                |
________________________________________________

Informations : 
Called API: meteo - 3 April 2025, 20:20
Method: GETMETEO - Timeout : 300 - Cache : 1
URL CALLED : https://api.openweathermap.org/data/2.5/forecast/daily?q=Brussels,be&units=metric&cnt=4&appid=ea18c0706135505149200c3836f29800
-------------------------
{"city":{"id":2800866,"name":"Brussels","coord":{"lon":4.3488,"lat":50.8504},"country":"BE","population":1019022,"timezone":7200},"cod":"200","message":0.0466203,"cnt":4,"list":[{"dt":1743678000,"sunrise":1743657228,"sunset":1743704253,"temp":{"day":18.78,"min":8.65,"max":20.57,"night":15.82,"eve":18.05,"morn":8.65},"feels_like":{"day":17.99,"night":14.92,"eve":17.14,"morn":5.91},"pressure":1021,"humidity":49,"weather":[{"id":801,"main":"Clouds","description":"few clouds","icon":"02d"}],"speed":6.67,"deg":81,"gust":13.89,"clouds":12,"pop":0},{"dt":1743764400,"sunrise":1743743495,"sunset":1743790750,"temp":{"day":18.89,"min":8.91,"max":20.66,"night":13.67,"eve":18.84,"morn":8.91},"feels_like":{"day":17.93,"night":12.61,"eve":17.95,"morn":7.21},"pressure":1020,"humidity":42,"weather":[{"id":800,"main":"Clear","description":"sky is clear","icon":"01d"}],"speed":6.03,"deg":81,"gust":12.17,"clouds":0,"pop":0},{"dt":1743850800,"sunrise":1743829763,"sunset":1743877247,"temp":{"day":16.78,"min":8.46,"max":18.45,"night":10.81,"eve":16.13,"morn":8.46},"feels_like":{"day":15.51,"night":9.12,"eve":15.03,"morn":6.3},"pressure":1018,"humidity":38,"weather":[{"id":802,"main":"Clouds","description":"scattered clouds","icon":"03d"}],"speed":6.38,"deg":59,"gust":13.11,"clouds":47,"pop":0},{"dt":1743937200,"sunrise":1743916031,"sunset":1743963744,"temp":{"day":11.47,"min":5.76,"max":12.97,"night":6.71,"eve":11.98,"morn":6.09},"feels_like":{"day":9.56,"night":3.76,"eve":10.2,"morn":2.32},"pressure":1024,"humidity":34,"weather":[{"id":800,"main":"Clear","description":"sky is clear","icon":"01d"}],"speed":7.47,"deg":83,"gust":13.34,"clouds":6,"pop":0}]}
--- ENF OF RECEIVED DATA ---

{"city":{"id":2800866,"name":"Brussels","coord":{"lon":4.3488,"lat":50.8504},"country":"BE","population":1019022,"timezone":7200},"cod":"200","message":0.0466203,"cnt":4,"list":[{"dt":1743678000,"sunrise":1743657228,"sunset":1743704253,"temp":{"day":18.78,"min":8.65,"max":20.57,"night":15.82,"eve":18.05,"morn":8.65},"feels_like":{"day":17.99,"night":14.92,"eve":17.14,"morn":5.91},"pressure":1021,"humidity":49,"weather":[{"id":801,"main":"Clouds","description":"few clouds","icon":"02d"}],"speed":6.67,"deg":81,"gust":13.89,"clouds":12,"pop":0},{"dt":1743764400,"sunrise":1743743495,"sunset":1743790750,"temp":{"day":18.89,"min":8.91,"max":20.66,"night":13.67,"eve":18.84,"morn":8.91},"feels_like":{"day":17.93,"night":12.61,"eve":17.95,"morn":7.21},"pressure":1020,"humidity":42,"weather":[{"id":800,"main":"Clear","description":"sky is clear","icon":"01d"}],"speed":6.03,"deg":81,"gust":12.17,"clouds":0,"pop":0},{"dt":1743850800,"sunrise":1743829763,"sunset":1743877247,"temp":{"day":16.78,"min":8.46,"max":18.45,"night":10.81,"eve":16.13,"morn":8.46},"feels_like":{"day":15.51,"night":9.12,"eve":15.03,"morn":6.3},"pressure":1018,"humidity":38,"weather":[{"id":802,"main":"Clouds","description":"scattered clouds","icon":"03d"}],"speed":6.38,"deg":59,"gust":13.11,"clouds":47,"pop":0},{"dt":1743937200,"sunrise":1743916031,"sunset":1743963744,"temp":{"day":11.47,"min":5.76,"max":12.97,"night":6.71,"eve":11.98,"morn":6.09},"feels_like":{"day":9.56,"night":3.76,"eve":10.2,"morn":2.32},"pressure":1024,"humidity":34,"weather":[{"id":800,"main":"Clear","description":"sky is clear","icon":"01d"}],"speed":7.47,"deg":83,"gust":13.34,"clouds":6,"pop":0}]}
--- ENF OF RECEIVED DATA ---

