________________________________________________
|             CALL API : START                |
________________________________________________

Informations : 
Called API: meteo - 11 October 2022, 16:30
Method: GETMETEO - Timeout : 300 - Cache : 1
URL CALLED : https://rmipro.meteo.be/products/bx1/5373bc0393d004fc/web_forecast
-------------------------
________________________________________________
|             CALL API : START                |
________________________________________________

Informations : 
Called API: meteo - 11 October 2022, 16:30
Method: GETMETEO - Timeout : 300 - Cache : 1
URL CALLED : https://rmipro.meteo.be/products/bx1/5373bc0393d004fc/web_forecast
-------------------------
<?xml version='1.0' encoding='UTF-8'?>
<meteo>
  <generationDate>11/10/2022 14:05</generationDate>
  <forecast date="20221011" period="NIGHT">
    <titledate>11/10/22</titledate>
    <titleday>mardi</titleday>
    <data>
      <city>Ostende</city>
      <tempMin>4 </tempMin>
      <weathertype>TNN24</weathertype>
    </data>
    <data>
      <city>Anvers</city>
      <tempMin>2 </tempMin>
      <weathertype>TNN2</weathertype>
    </data>
    <data>
      <city>Bruxelles</city>
      <tempMin>4 </tempMin>
      <weathertype>TNN1</weathertype>
    </data>
    <data>
      <city>Namur</city>
      <tempMin>3 </tempMin>
      <weathertype>TNN1</weathertype>
    </data>
    <data>
      <city>Liege</city>
      <tempMin>4 </tempMin>
      <weathertype>TNN1</weathertype>
    </data>
    <data>
      <city>Arlon</city>
      <tempMin>4 </tempMin>
      <weathertype>TNN1</weathertype>
    </data>
  </forecast>
  <forecast date="20221012" period="AM">
    <titledate>12/10/22</titledate>
    <titleday>mercredi</titleday>
    <data>
      <city>Ostende</city>
      <tempMax>9 </tempMax>
      <weathertype>TJ24</weathertype>
    </data>
    <data>
      <city>Anvers</city>
      <tempMax>8 </tempMax>
      <weathertype>TJ24</weathertype>
    </data>
    <data>
      <city>Bruxelles</city>
      <tempMax>10 </tempMax>
      <weathertype>TJ1</weathertype>
    </data>
    <data>
      <city>Namur</city>
      <tempMax>10 </tempMax>
      <weathertype>TJ1</weathertype>
    </data>
    <data>
      <city>Liege</city>
      <tempMax>10 </tempMax>
      <weathertype>TJ1</weathertype>
    </data>
    <data>
      <city>Arlon</city>
      <tempMax>11 </tempMax>
      <weathertype>TJ1</weathertype>
    </data>
  </forecast>
  <forecast date="20221012" period="PM">
    <titledate>12/10/22</titledate>
    <titleday>mercredi</titleday>
    <data>
      <city>Ostende</city>
      <tempMax>15 </tempMax>
      <weathertype>TJ2</weathertype>
    </data>
    <data>
      <city>Anvers</city>
      <tempMax>16 </tempMax>
      <weathertype>TJ2</weathertype>
    </data>
    <data>
      <city>Bruxelles</city>
      <tempMax>17 </tempMax>
      <weathertype>TJ2</weathertype>
    </data>
    <data>
      <city>Namur</city>
      <tempMax>15 </tempMax>
      <weathertype>TJ2</weathertype>
    </data>
    <data>
      <city>Liege</city>
      <tempMax>16 </tempMax>
      <weathertype>TJ2</weathertype>
    </data>
    <data>
      <city>Arlon</city>
      <tempMax>15 </tempMax>
      <weathertype>TJ2</weathertype>
    </data>
  </forecast>
  <forecast date="20221013" period="DAY">
    <titledate>13/10/22</titledate>
    <titleday>jeudi</titleday>
    <data>
      <city>Ostende</city>
      <tempMin>13 </tempMin>
      <tempMax>15 </tempMax>
      <weathertype>TJ6</weathertype>
    </data>
    <data>
      <city>Anvers</city>
      <tempMin>12 </tempMin>
      <tempMax>16 </tempMax>
      <weathertype>TJ6</weathertype>
    </data>
    <data>
      <city>Bruxelles</city>
      <tempMin>12 </tempMin>
      <tempMax>16 </tempMax>
      <weathertype>TJ10</weathertype>
    </data>
    <data>
      <city>Namur</city>
      <tempMin>10 </tempMin>
      <tempMax>15 </tempMax>
      <weathertype>TJ3</weathertype>
    </data>
    <data>
      <city>Liege</city>
      <tempMin>11 </tempMin>
      <tempMax>16 </tempMax>
      <weathertype>TJ3</weathertype>
    </data>
    <data>
      <city>Arlon</city>
      <tempMin>10 </tempMin>
      <tempMax>14 </tempMax>
      <weathertype>TJ3</weathertype>
    </data>
  </forecast>
  <forecast date="20221014" period="DAY">
    <titledate>14/10/22</titledate>
    <titleday>vendredi</titleday>
    <data>
      <city>Ostende</city>
      <tempMin>7 </tempMin>
      <tempMax>16 </tempMax>
      <weathertype>TJ2</weathertype>
    </data>
    <data>
      <city>Anvers</city>
      <tempMin>8 </tempMin>
      <tempMax>17 </tempMax>
      <weathertype>TJ2</weathertype>
    </data>
    <data>
      <city>Bruxelles</city>
      <tempMin>8 </tempMin>
      <tempMax>17 </tempMax>
      <weathertype>TJ2</weathertype>
    </data>
    <data>
      <city>Namur</city>
      <tempMin>7 </tempMin>
      <tempMax>13 </tempMax>
      <weathertype>TJ6</weathertype>
    </data>
    <data>
      <city>Liege</city>
      <tempMin>9 </tempMin>
      <tempMax>16 </tempMax>
      <weathertype>TJ3</weathertype>
    </data>
    <data>
      <city>Arlon</city>
      <tempMin>7 </tempMin>
      <tempMax>13 </tempMax>
      <weathertype>TJ6</weathertype>
    </data>
  </forecast>
  <forecast date="20221015" period="DAY">
    <titledate>15/10/22</titledate>
    <titleday>samedi</titleday>
    <data>
      <city>Ostende</city>
      <tempMin>14 </tempMin>
      <tempMax>16 </tempMax>
      <weathertype>TJ11</weathertype>
    </data>
    <data>
      <city>Anvers</city>
      <tempMin>13 </tempMin>
      <tempMax>15 </tempMax>
      <weathertype>TJ11</weathertype>
    </data>
    <data>
      <city>Bruxelles</city>
      <tempMin>13 </tempMin>
      <tempMax>15 </tempMax>
      <weathertype>TJ11</weathertype>
    </data>
    <data>
      <city>Namur</city>
      <tempMin>12 </tempMin>
      <tempMax>14 </tempMax>
      <weathertype>TJ3</weathertype>
    </data>
    <data>
      <city>Liege</city>
      <tempMin>13 </tempMin>
      <tempMax>16 </tempMax>
      <weathertype>TJ3</weathertype>
    </data>
    <data>
      <city>Arlon</city>
      <tempMin>12 </tempMin>
      <tempMax>14 </tempMax>
      <weathertype>TJ3</weathertype>
    </data>
  </forecast>
  <forecast_foreign date="20221011" period="DAY">
    <titledate>11/10/22</titledate>
    <titleday>mardi</titleday>
    <data>
      <city>Paris</city>
      <temp>13 </temp>
      <weathertype>TJ1</weathertype>
    </data>
    <data>
      <city>Londres</city>
      <temp>10 </temp>
      <weathertype>TJ1</weathertype>
    </data>
    <data>
      <city>Amsterdam</city>
      <temp>11 </temp>
      <weathertype>TJ4</weathertype>
    </data>
  </forecast_foreign>
  <forecast_foreign date="20221012" period="DAY">
    <titledate>12/10/22</titledate>
    <titleday>mercredi</titleday>
    <data>
      <city>Paris</city>
      <temp>10 </temp>
      <weathertype>TJ4</weathertype>
    </data>
    <data>
      <city>Londres</city>
      <temp>11 </temp>
      <weathertype>TJ1</weathertype>
    </data>
    <data>
      <city>Amsterdam</city>
      <temp>11 </temp>
      <weathertype>TJ2</weathertype>
    </data>
  </forecast_foreign>
  <Ephemerides>
    <Ephemeride>
      <titledate>11/10/22</titledate>
      <titleday>mardi</titleday>
      <data>
        <sunRise>07:59</sunRise>
        <sunSet>18:59</sunSet>
        <gain>-4 </gain>
      </data>
    </Ephemeride>
    <Ephemeride>
      <titledate>12/10/22</titledate>
      <titleday>mercredi</titleday>
      <data>
        <sunRise>08:00</sunRise>
        <sunSet>18:56</sunSet>
        <gain>-4 </gain>
      </data>
    </Ephemeride>
    <Ephemeride>
      <titledate>13/10/22</titledate>
      <titleday>jeudi</titleday>
      <data>
        <sunRise>08:02</sunRise>
        <sunSet>18:54</sunSet>
        <gain>-4 </gain>
      </data>
    </Ephemeride>
    <Ephemeride>
      <titledate>14/10/22</titledate>
      <titleday>vendredi</titleday>
      <data>
        <sunRise>08:04</sunRise>
        <sunSet>18:52</sunSet>
        <gain>-4 </gain>
      </data>
    </Ephemeride>
  </Ephemerides>
  <indices>
    <indice>
      <titledate>11/10/22</titledate>
      <titleday>mardi</titleday>
      <data>
        <value>4</value>
        <evaluation>assez bonne</evaluation>
      </data>
    </indice>
    <indice>
      <titledate>12/10/22</titledate>
      <titleday>mercredi</titleday>
      <data>
        <value>3</value>
        <evaluation>bonne</evaluation>
      </data>
    </indice>
    <indice>
      <titledate>13/10/22</titledate>
      <titleday>jeudi</titleday>
      <data>
        <value>2</value>
        <evaluation>très bonne</evaluation>
      </data>
    </indice>
  </indices>
</meteo>

--- ENF OF RECEIVED DATA ---

<?xml version='1.0' encoding='UTF-8'?>
<meteo>
  <generationDate>11/10/2022 14:05</generationDate>
  <forecast date="20221011" period="NIGHT">
    <titledate>11/10/22</titledate>
    <titleday>mardi</titleday>
    <data>
      <city>Ostende</city>
      <tempMin>4 </tempMin>
      <weathertype>TNN24</weathertype>
    </data>
    <data>
      <city>Anvers</city>
      <tempMin>2 </tempMin>
      <weathertype>TNN2</weathertype>
    </data>
    <data>
      <city>Bruxelles</city>
      <tempMin>4 </tempMin>
      <weathertype>TNN1</weathertype>
    </data>
    <data>
      <city>Namur</city>
      <tempMin>3 </tempMin>
      <weathertype>TNN1</weathertype>
    </data>
    <data>
      <city>Liege</city>
      <tempMin>4 </tempMin>
      <weathertype>TNN1</weathertype>
    </data>
    <data>
      <city>Arlon</city>
      <tempMin>4 </tempMin>
      <weathertype>TNN1</weathertype>
    </data>
  </forecast>
  <forecast date="20221012" period="AM">
    <titledate>12/10/22</titledate>
    <titleday>mercredi</titleday>
    <data>
      <city>Ostende</city>
      <tempMax>9 </tempMax>
      <weathertype>TJ24</weathertype>
    </data>
    <data>
      <city>Anvers</city>
      <tempMax>8 </tempMax>
      <weathertype>TJ24</weathertype>
    </data>
    <data>
      <city>Bruxelles</city>
      <tempMax>10 </tempMax>
      <weathertype>TJ1</weathertype>
    </data>
    <data>
      <city>Namur</city>
      <tempMax>10 </tempMax>
      <weathertype>TJ1</weathertype>
    </data>
    <data>
      <city>Liege</city>
      <tempMax>10 </tempMax>
      <weathertype>TJ1</weathertype>
    </data>
    <data>
      <city>Arlon</city>
      <tempMax>11 </tempMax>
      <weathertype>TJ1</weathertype>
    </data>
  </forecast>
  <forecast date="20221012" period="PM">
    <titledate>12/10/22</titledate>
    <titleday>mercredi</titleday>
    <data>
      <city>Ostende</city>
      <tempMax>15 </tempMax>
      <weathertype>TJ2</weathertype>
    </data>
    <data>
      <city>Anvers</city>
      <tempMax>16 </tempMax>
      <weathertype>TJ2</weathertype>
    </data>
    <data>
      <city>Bruxelles</city>
      <tempMax>17 </tempMax>
      <weathertype>TJ2</weathertype>
    </data>
    <data>
      <city>Namur</city>
      <tempMax>15 </tempMax>
      <weathertype>TJ2</weathertype>
    </data>
    <data>
      <city>Liege</city>
      <tempMax>16 </tempMax>
      <weathertype>TJ2</weathertype>
    </data>
    <data>
      <city>Arlon</city>
      <tempMax>15 </tempMax>
      <weathertype>TJ2</weathertype>
    </data>
  </forecast>
  <forecast date="20221013" period="DAY">
    <titledate>13/10/22</titledate>
    <titleday>jeudi</titleday>
    <data>
      <city>Ostende</city>
      <tempMin>13 </tempMin>
      <tempMax>15 </tempMax>
      <weathertype>TJ6</weathertype>
    </data>
    <data>
      <city>Anvers</city>
      <tempMin>12 </tempMin>
      <tempMax>16 </tempMax>
      <weathertype>TJ6</weathertype>
    </data>
    <data>
      <city>Bruxelles</city>
      <tempMin>12 </tempMin>
      <tempMax>16 </tempMax>
      <weathertype>TJ10</weathertype>
    </data>
    <data>
      <city>Namur</city>
      <tempMin>10 </tempMin>
      <tempMax>15 </tempMax>
      <weathertype>TJ3</weathertype>
    </data>
    <data>
      <city>Liege</city>
      <tempMin>11 </tempMin>
      <tempMax>16 </tempMax>
      <weathertype>TJ3</weathertype>
    </data>
    <data>
      <city>Arlon</city>
      <tempMin>10 </tempMin>
      <tempMax>14 </tempMax>
      <weathertype>TJ3</weathertype>
    </data>
  </forecast>
  <forecast date="20221014" period="DAY">
    <titledate>14/10/22</titledate>
    <titleday>vendredi</titleday>
    <data>
      <city>Ostende</city>
      <tempMin>7 </tempMin>
      <tempMax>16 </tempMax>
      <weathertype>TJ2</weathertype>
    </data>
    <data>
      <city>Anvers</city>
      <tempMin>8 </tempMin>
      <tempMax>17 </tempMax>
      <weathertype>TJ2</weathertype>
    </data>
    <data>
      <city>Bruxelles</city>
      <tempMin>8 </tempMin>
      <tempMax>17 </tempMax>
      <weathertype>TJ2</weathertype>
    </data>
    <data>
      <city>Namur</city>
      <tempMin>7 </tempMin>
      <tempMax>13 </tempMax>
      <weathertype>TJ6</weathertype>
    </data>
    <data>
      <city>Liege</city>
      <tempMin>9 </tempMin>
      <tempMax>16 </tempMax>
      <weathertype>TJ3</weathertype>
    </data>
    <data>
      <city>Arlon</city>
      <tempMin>7 </tempMin>
      <tempMax>13 </tempMax>
      <weathertype>TJ6</weathertype>
    </data>
  </forecast>
  <forecast date="20221015" period="DAY">
    <titledate>15/10/22</titledate>
    <titleday>samedi</titleday>
    <data>
      <city>Ostende</city>
      <tempMin>14 </tempMin>
      <tempMax>16 </tempMax>
      <weathertype>TJ11</weathertype>
    </data>
    <data>
      <city>Anvers</city>
      <tempMin>13 </tempMin>
      <tempMax>15 </tempMax>
      <weathertype>TJ11</weathertype>
    </data>
    <data>
      <city>Bruxelles</city>
      <tempMin>13 </tempMin>
      <tempMax>15 </tempMax>
      <weathertype>TJ11</weathertype>
    </data>
    <data>
      <city>Namur</city>
      <tempMin>12 </tempMin>
      <tempMax>14 </tempMax>
      <weathertype>TJ3</weathertype>
    </data>
    <data>
      <city>Liege</city>
      <tempMin>13 </tempMin>
      <tempMax>16 </tempMax>
      <weathertype>TJ3</weathertype>
    </data>
    <data>
      <city>Arlon</city>
      <tempMin>12 </tempMin>
      <tempMax>14 </tempMax>
      <weathertype>TJ3</weathertype>
    </data>
  </forecast>
  <forecast_foreign date="20221011" period="DAY">
    <titledate>11/10/22</titledate>
    <titleday>mardi</titleday>
    <data>
      <city>Paris</city>
      <temp>13 </temp>
      <weathertype>TJ1</weathertype>
    </data>
    <data>
      <city>Londres</city>
      <temp>10 </temp>
      <weathertype>TJ1</weathertype>
    </data>
    <data>
      <city>Amsterdam</city>
      <temp>11 </temp>
      <weathertype>TJ4</weathertype>
    </data>
  </forecast_foreign>
  <forecast_foreign date="20221012" period="DAY">
    <titledate>12/10/22</titledate>
    <titleday>mercredi</titleday>
    <data>
      <city>Paris</city>
      <temp>10 </temp>
      <weathertype>TJ4</weathertype>
    </data>
    <data>
      <city>Londres</city>
      <temp>11 </temp>
      <weathertype>TJ1</weathertype>
    </data>
    <data>
      <city>Amsterdam</city>
      <temp>11 </temp>
      <weathertype>TJ2</weathertype>
    </data>
  </forecast_foreign>
  <Ephemerides>
    <Ephemeride>
      <titledate>11/10/22</titledate>
      <titleday>mardi</titleday>
      <data>
        <sunRise>07:59</sunRise>
        <sunSet>18:59</sunSet>
        <gain>-4 </gain>
      </data>
    </Ephemeride>
    <Ephemeride>
      <titledate>12/10/22</titledate>
      <titleday>mercredi</titleday>
      <data>
        <sunRise>08:00</sunRise>
        <sunSet>18:56</sunSet>
        <gain>-4 </gain>
      </data>
    </Ephemeride>
    <Ephemeride>
      <titledate>13/10/22</titledate>
      <titleday>jeudi</titleday>
      <data>
        <sunRise>08:02</sunRise>
        <sunSet>18:54</sunSet>
        <gain>-4 </gain>
      </data>
    </Ephemeride>
    <Ephemeride>
      <titledate>14/10/22</titledate>
      <titleday>vendredi</titleday>
      <data>
        <sunRise>08:04</sunRise>
        <sunSet>18:52</sunSet>
        <gain>-4 </gain>
      </data>
    </Ephemeride>
  </Ephemerides>
  <indices>
    <indice>
      <titledate>11/10/22</titledate>
      <titleday>mardi</titleday>
      <data>
        <value>4</value>
        <evaluation>assez bonne</evaluation>
      </data>
    </indice>
    <indice>
      <titledate>12/10/22</titledate>
      <titleday>mercredi</titleday>
      <data>
        <value>3</value>
        <evaluation>bonne</evaluation>
      </data>
    </indice>
    <indice>
      <titledate>13/10/22</titledate>
      <titleday>jeudi</titleday>
      <data>
        <value>2</value>
        <evaluation>très bonne</evaluation>
      </data>
    </indice>
  </indices>
</meteo>

--- ENF OF RECEIVED DATA ---

