________________________________________________
|             CALL API : START                |
________________________________________________

Informations : 
Called API: meteo - 9 March 2025, 23:40
Method: GETMETEO - Timeout : 300 - Cache : 1
URL CALLED : https://api.openweathermap.org/data/2.5/forecast/daily?q=Brussels,be&units=metric&cnt=4&appid=ea18c0706135505149200c3836f29800
-------------------------
________________________________________________
|             CALL API : START                |
________________________________________________

Informations : 
Called API: meteo - 9 March 2025, 23:40
Method: GETMETEO - Timeout : 300 - Cache : 1
URL CALLED : https://api.openweathermap.org/data/2.5/forecast/daily?q=Brussels,be&units=metric&cnt=4&appid=ea18c0706135505149200c3836f29800
-------------------------
{"city":{"id":2800866,"name":"Brussels","coord":{"lon":4.3488,"lat":50.8504},"country":"BE","population":1019022,"timezone":3600},"cod":"200","message":1.6841474,"cnt":4,"list":[{"dt":1741518000,"sunrise":1741500588,"sunset":1741541802,"temp":{"day":16.3,"min":8.3,"max":17.97,"night":8.97,"eve":15.32,"morn":8.62},"feels_like":{"day":15.16,"night":8.26,"eve":14.34,"morn":6.9},"pressure":1005,"humidity":45,"weather":[{"id":803,"main":"Clouds","description":"broken clouds","icon":"04d"}],"speed":3.32,"deg":98,"gust":5.77,"clouds":70,"pop":0},{"dt":1741604400,"sunrise":1741586856,"sunset":1741628302,"temp":{"day":14.59,"min":8.04,"max":16.25,"night":9.97,"eve":14,"morn":8.22},"feels_like":{"day":13.33,"night":8.83,"eve":12.68,"morn":6.88},"pressure":1003,"humidity":47,"weather":[{"id":804,"main":"Clouds","description":"overcast clouds","icon":"04d"}],"speed":3.2,"deg":72,"gust":5.94,"clouds":89,"pop":0},{"dt":1741690800,"sunrise":1741673123,"sunset":1741714802,"temp":{"day":8.77,"min":3.87,"max":9.28,"night":3.88,"eve":6.54,"morn":6.79},"feels_like":{"day":6.49,"night":1.49,"eve":3.1,"morn":4.85},"pressure":1004,"humidity":71,"weather":[{"id":804,"main":"Clouds","description":"overcast clouds","icon":"04d"}],"speed":5.82,"deg":338,"gust":7.61,"clouds":100,"pop":0},{"dt":1741777200,"sunrise":1741759390,"sunset":1741801301,"temp":{"day":5.99,"min":2.53,"max":7.14,"night":4.17,"eve":6.18,"morn":2.54},"feels_like":{"day":3.86,"night":1.39,"eve":3.9,"morn":0.54},"pressure":1002,"humidity":64,"weather":[{"id":804,"main":"Clouds","description":"overcast clouds","icon":"04d"}],"speed":3.16,"deg":45,"gust":6.95,"clouds":100,"pop":0}]}
--- ENF OF RECEIVED DATA ---

{"city":{"id":2800866,"name":"Brussels","coord":{"lon":4.3488,"lat":50.8504},"country":"BE","population":1019022,"timezone":3600},"cod":"200","message":1.6841474,"cnt":4,"list":[{"dt":1741518000,"sunrise":1741500588,"sunset":1741541802,"temp":{"day":16.3,"min":8.3,"max":17.97,"night":8.97,"eve":15.32,"morn":8.62},"feels_like":{"day":15.16,"night":8.26,"eve":14.34,"morn":6.9},"pressure":1005,"humidity":45,"weather":[{"id":803,"main":"Clouds","description":"broken clouds","icon":"04d"}],"speed":3.32,"deg":98,"gust":5.77,"clouds":70,"pop":0},{"dt":1741604400,"sunrise":1741586856,"sunset":1741628302,"temp":{"day":14.59,"min":8.04,"max":16.25,"night":9.97,"eve":14,"morn":8.22},"feels_like":{"day":13.33,"night":8.83,"eve":12.68,"morn":6.88},"pressure":1003,"humidity":47,"weather":[{"id":804,"main":"Clouds","description":"overcast clouds","icon":"04d"}],"speed":3.2,"deg":72,"gust":5.94,"clouds":89,"pop":0},{"dt":1741690800,"sunrise":1741673123,"sunset":1741714802,"temp":{"day":8.77,"min":3.87,"max":9.28,"night":3.88,"eve":6.54,"morn":6.79},"feels_like":{"day":6.49,"night":1.49,"eve":3.1,"morn":4.85},"pressure":1004,"humidity":71,"weather":[{"id":804,"main":"Clouds","description":"overcast clouds","icon":"04d"}],"speed":5.82,"deg":338,"gust":7.61,"clouds":100,"pop":0},{"dt":1741777200,"sunrise":1741759390,"sunset":1741801301,"temp":{"day":5.99,"min":2.53,"max":7.14,"night":4.17,"eve":6.18,"morn":2.54},"feels_like":{"day":3.86,"night":1.39,"eve":3.9,"morn":0.54},"pressure":1002,"humidity":64,"weather":[{"id":804,"main":"Clouds","description":"overcast clouds","icon":"04d"}],"speed":3.16,"deg":45,"gust":6.95,"clouds":100,"pop":0}]}
--- ENF OF RECEIVED DATA ---

