________________________________________________
|             CALL API : START                |
________________________________________________

Informations : 
Called API: meteo - 7 December 2023, 12:00
Method: GETMETEO - Timeout : 300 - Cache : 1
URL CALLED : https://api.openweathermap.org/data/2.5/forecast/daily?q=Brussels,be&units=metric&cnt=4&appid=ea18c0706135505149200c3836f29800
-------------------------
________________________________________________
|             CALL API : START                |
________________________________________________

Informations : 
Called API: meteo - 7 December 2023, 12:00
Method: GETMETEO - Timeout : 300 - Cache : 1
URL CALLED : https://api.openweathermap.org/data/2.5/forecast/daily?q=Brussels,be&units=metric&cnt=4&appid=ea18c0706135505149200c3836f29800
-------------------------
{"city":{"id":2800866,"name":"Brussels","coord":{"lon":4.3488,"lat":50.8504},"country":"BE","population":1019022,"timezone":3600},"cod":"200","message":9.3651369,"cnt":4,"list":[{"dt":1701946800,"sunrise":1701934217,"sunset":1701963469,"temp":{"day":4.26,"min":1.7,"max":5.35,"night":4.49,"eve":3.93,"morn":1.7},"feels_like":{"day":0.52,"night":0.38,"eve":-0.2,"morn":-1.65},"pressure":1017,"humidity":87,"weather":[{"id":500,"main":"Rain","description":"light rain","icon":"10d"}],"speed":5.83,"deg":150,"gust":14.89,"clouds":0,"pop":0.27,"rain":0.25},{"dt":1702033200,"sunrise":1702020686,"sunset":1702049851,"temp":{"day":7.71,"min":4.18,"max":8.55,"night":7.32,"eve":8.01,"morn":5.18},"feels_like":{"day":4.83,"night":4,"eve":5.05,"morn":1.95},"pressure":1009,"humidity":92,"weather":[{"id":500,"main":"Rain","description":"light rain","icon":"10d"}],"speed":6.03,"deg":146,"gust":13.4,"clouds":100,"pop":0.87,"rain":1.48},{"dt":1702119600,"sunrise":1702107153,"sunset":1702136236,"temp":{"day":8.52,"min":5.74,"max":11.25,"night":8.19,"eve":10.06,"morn":5.9},"feels_like":{"day":4.6,"night":4.16,"eve":9.5,"morn":2.07},"pressure":1007,"humidity":85,"weather":[{"id":501,"main":"Rain","description":"moderate rain","icon":"10d"}],"speed":12.29,"deg":196,"gust":20.65,"clouds":89,"pop":1,"rain":4.91},{"dt":1702206000,"sunrise":1702193617,"sunset":1702222624,"temp":{"day":9.09,"min":6.74,"max":11.1,"night":11.1,"eve":9.83,"morn":7.01},"feels_like":{"day":5.71,"night":10.59,"eve":5.96,"morn":3.13},"pressure":1014,"humidity":80,"weather":[{"id":500,"main":"Rain","description":"light rain","icon":"10d"}],"speed":10.13,"deg":215,"gust":18.54,"clouds":91,"pop":0.98,"rain":0.95}]}
--- ENF OF RECEIVED DATA ---

{"city":{"id":2800866,"name":"Brussels","coord":{"lon":4.3488,"lat":50.8504},"country":"BE","population":1019022,"timezone":3600},"cod":"200","message":9.3651369,"cnt":4,"list":[{"dt":1701946800,"sunrise":1701934217,"sunset":1701963469,"temp":{"day":4.26,"min":1.7,"max":5.35,"night":4.49,"eve":3.93,"morn":1.7},"feels_like":{"day":0.52,"night":0.38,"eve":-0.2,"morn":-1.65},"pressure":1017,"humidity":87,"weather":[{"id":500,"main":"Rain","description":"light rain","icon":"10d"}],"speed":5.83,"deg":150,"gust":14.89,"clouds":0,"pop":0.27,"rain":0.25},{"dt":1702033200,"sunrise":1702020686,"sunset":1702049851,"temp":{"day":7.71,"min":4.18,"max":8.55,"night":7.32,"eve":8.01,"morn":5.18},"feels_like":{"day":4.83,"night":4,"eve":5.05,"morn":1.95},"pressure":1009,"humidity":92,"weather":[{"id":500,"main":"Rain","description":"light rain","icon":"10d"}],"speed":6.03,"deg":146,"gust":13.4,"clouds":100,"pop":0.87,"rain":1.48},{"dt":1702119600,"sunrise":1702107153,"sunset":1702136236,"temp":{"day":8.52,"min":5.74,"max":11.25,"night":8.19,"eve":10.06,"morn":5.9},"feels_like":{"day":4.6,"night":4.16,"eve":9.5,"morn":2.07},"pressure":1007,"humidity":85,"weather":[{"id":501,"main":"Rain","description":"moderate rain","icon":"10d"}],"speed":12.29,"deg":196,"gust":20.65,"clouds":89,"pop":1,"rain":4.91},{"dt":1702206000,"sunrise":1702193617,"sunset":1702222624,"temp":{"day":9.09,"min":6.74,"max":11.1,"night":11.1,"eve":9.83,"morn":7.01},"feels_like":{"day":5.71,"night":10.59,"eve":5.96,"morn":3.13},"pressure":1014,"humidity":80,"weather":[{"id":500,"main":"Rain","description":"light rain","icon":"10d"}],"speed":10.13,"deg":215,"gust":18.54,"clouds":91,"pop":0.98,"rain":0.95}]}
--- ENF OF RECEIVED DATA ---

