________________________________________________
|             CALL API : START                |
________________________________________________

Informations : 
Called API: meteo - 21 April 2025, 08:20
Method: GETMETEO - Timeout : 300 - Cache : 1
URL CALLED : https://api.openweathermap.org/data/2.5/forecast/daily?q=Brussels,be&units=metric&cnt=4&appid=ea18c0706135505149200c3836f29800
-------------------------
________________________________________________
|             CALL API : START                |
________________________________________________

Informations : 
Called API: meteo - 21 April 2025, 08:20
Method: GETMETEO - Timeout : 300 - Cache : 1
URL CALLED : https://api.openweathermap.org/data/2.5/forecast/daily?q=Brussels,be&units=metric&cnt=4&appid=ea18c0706135505149200c3836f29800
-------------------------
{"city":{"id":2800866,"name":"Brussels","coord":{"lon":4.3488,"lat":50.8504},"country":"BE","population":1019022,"timezone":7200},"cod":"200","message":1.0871808,"cnt":4,"list":[{"dt":1745233200,"sunrise":1745210125,"sunset":1745261207,"temp":{"day":11.99,"min":8.3,"max":16.1,"night":11.22,"eve":15.71,"morn":8.39},"feels_like":{"day":11.23,"night":10.72,"eve":15.19,"morn":7.1},"pressure":1010,"humidity":76,"weather":[{"id":500,"main":"Rain","description":"light rain","icon":"10d"}],"speed":3.51,"deg":206,"gust":7.61,"clouds":96,"pop":1,"rain":1.42},{"dt":1745319600,"sunrise":1745296405,"sunset":1745347704,"temp":{"day":15.91,"min":7.36,"max":17.47,"night":9.72,"eve":15.23,"morn":7.36},"feels_like":{"day":14.97,"night":9.72,"eve":14.32,"morn":5.19},"pressure":1018,"humidity":54,"weather":[{"id":801,"main":"Clouds","description":"few clouds","icon":"02d"}],"speed":4.58,"deg":248,"gust":8.45,"clouds":17,"pop":0},{"dt":1745406000,"sunrise":1745382686,"sunset":1745434202,"temp":{"day":12.22,"min":8.83,"max":13.31,"night":8.83,"eve":8.96,"morn":9.72},"feels_like":{"day":11.35,"night":8.83,"eve":7.71,"morn":8.97},"pressure":1014,"humidity":71,"weather":[{"id":500,"main":"Rain","description":"light rain","icon":"10d"}],"speed":6.37,"deg":245,"gust":7.6,"clouds":100,"pop":1,"rain":1.7},{"dt":1745492400,"sunrise":1745468967,"sunset":1745520700,"temp":{"day":15.41,"min":7.51,"max":15.41,"night":8.17,"eve":11.65,"morn":8.15},"feels_like":{"day":14.29,"night":6.03,"eve":10.65,"morn":6.68},"pressure":1018,"humidity":49,"weather":[{"id":500,"main":"Rain","description":"light rain","icon":"10d"}],"speed":6.43,"deg":331,"gust":9.3,"clouds":89,"pop":0.81,"rain":1.82}]}
--- ENF OF RECEIVED DATA ---

{"city":{"id":2800866,"name":"Brussels","coord":{"lon":4.3488,"lat":50.8504},"country":"BE","population":1019022,"timezone":7200},"cod":"200","message":1.0871808,"cnt":4,"list":[{"dt":1745233200,"sunrise":1745210125,"sunset":1745261207,"temp":{"day":11.99,"min":8.3,"max":16.1,"night":11.22,"eve":15.71,"morn":8.39},"feels_like":{"day":11.23,"night":10.72,"eve":15.19,"morn":7.1},"pressure":1010,"humidity":76,"weather":[{"id":500,"main":"Rain","description":"light rain","icon":"10d"}],"speed":3.51,"deg":206,"gust":7.61,"clouds":96,"pop":1,"rain":1.42},{"dt":1745319600,"sunrise":1745296405,"sunset":1745347704,"temp":{"day":15.91,"min":7.36,"max":17.47,"night":9.72,"eve":15.23,"morn":7.36},"feels_like":{"day":14.97,"night":9.72,"eve":14.32,"morn":5.19},"pressure":1018,"humidity":54,"weather":[{"id":801,"main":"Clouds","description":"few clouds","icon":"02d"}],"speed":4.58,"deg":248,"gust":8.45,"clouds":17,"pop":0},{"dt":1745406000,"sunrise":1745382686,"sunset":1745434202,"temp":{"day":12.22,"min":8.83,"max":13.31,"night":8.83,"eve":8.96,"morn":9.72},"feels_like":{"day":11.35,"night":8.83,"eve":7.71,"morn":8.97},"pressure":1014,"humidity":71,"weather":[{"id":500,"main":"Rain","description":"light rain","icon":"10d"}],"speed":6.37,"deg":245,"gust":7.6,"clouds":100,"pop":1,"rain":1.7},{"dt":1745492400,"sunrise":1745468967,"sunset":1745520700,"temp":{"day":15.41,"min":7.51,"max":15.41,"night":8.17,"eve":11.65,"morn":8.15},"feels_like":{"day":14.29,"night":6.03,"eve":10.65,"morn":6.68},"pressure":1018,"humidity":49,"weather":[{"id":500,"main":"Rain","description":"light rain","icon":"10d"}],"speed":6.43,"deg":331,"gust":9.3,"clouds":89,"pop":0.81,"rain":1.82}]}
--- ENF OF RECEIVED DATA ---

