________________________________________________
|             CALL API : START                |
________________________________________________

Informations : 
Called API: meteo - 17 July 2023, 23:10
Method: GETMETEO - Timeout : 300 - Cache : 1
URL CALLED : https://api.openweathermap.org/data/2.5/forecast/daily?q=Brussels,be&units=metric&cnt=4&appid=ea18c0706135505149200c3836f29800
-------------------------
________________________________________________
|             CALL API : START                |
________________________________________________

Informations : 
Called API: meteo - 17 July 2023, 23:10
Method: GETMETEO - Timeout : 300 - Cache : 1
URL CALLED : https://api.openweathermap.org/data/2.5/forecast/daily?q=Brussels,be&units=metric&cnt=4&appid=ea18c0706135505149200c3836f29800
-------------------------
{"city":{"id":2800866,"name":"Brussels","coord":{"lon":4.3488,"lat":50.8504},"country":"BE","population":1019022,"timezone":7200},"cod":"200","message":0.0521072,"cnt":4,"list":[{"dt":1689591600,"sunrise":1689565674,"sunset":1689623347,"temp":{"day":20.55,"min":11.88,"max":22.06,"night":16.47,"eve":20.77,"morn":12.66},"feels_like":{"day":20.02,"night":15.9,"eve":20.08,"morn":12.28},"pressure":1019,"humidity":52,"weather":[{"id":500,"main":"Rain","description":"light rain","icon":"10d"}],"speed":6.74,"deg":240,"gust":10.73,"clouds":38,"pop":0.48,"rain":0.57},{"dt":1689678000,"sunrise":1689652146,"sunset":1689709685,"temp":{"day":22.43,"min":11.45,"max":25.65,"night":17.48,"eve":25.12,"morn":12.46},"feels_like":{"day":21.8,"night":16.93,"eve":24.65,"morn":11.67},"pressure":1018,"humidity":41,"weather":[{"id":804,"main":"Clouds","description":"overcast clouds","icon":"04d"}],"speed":4.36,"deg":339,"gust":7.63,"clouds":89,"pop":0},{"dt":1689764400,"sunrise":1689738620,"sunset":1689796021,"temp":{"day":21.61,"min":13.52,"max":23.06,"night":15.46,"eve":20.96,"morn":14.2},"feels_like":{"day":21.29,"night":15.15,"eve":20.57,"morn":13.61},"pressure":1015,"humidity":56,"weather":[{"id":500,"main":"Rain","description":"light rain","icon":"10d"}],"speed":6.15,"deg":286,"gust":8.72,"clouds":90,"pop":0.57,"rain":0.97},{"dt":1689850800,"sunrise":1689825095,"sunset":1689882354,"temp":{"day":20.36,"min":12.45,"max":21.49,"night":15.12,"eve":19.76,"morn":13.88},"feels_like":{"day":19.91,"night":14.31,"eve":19.12,"morn":13.67},"pressure":1016,"humidity":56,"weather":[{"id":500,"main":"Rain","description":"light rain","icon":"10d"}],"speed":3.79,"deg":336,"gust":5.26,"clouds":94,"pop":0.63,"rain":1.44}]}
--- ENF OF RECEIVED DATA ---

{"city":{"id":2800866,"name":"Brussels","coord":{"lon":4.3488,"lat":50.8504},"country":"BE","population":1019022,"timezone":7200},"cod":"200","message":0.0521072,"cnt":4,"list":[{"dt":1689591600,"sunrise":1689565674,"sunset":1689623347,"temp":{"day":20.55,"min":11.88,"max":22.06,"night":16.47,"eve":20.77,"morn":12.66},"feels_like":{"day":20.02,"night":15.9,"eve":20.08,"morn":12.28},"pressure":1019,"humidity":52,"weather":[{"id":500,"main":"Rain","description":"light rain","icon":"10d"}],"speed":6.74,"deg":240,"gust":10.73,"clouds":38,"pop":0.48,"rain":0.57},{"dt":1689678000,"sunrise":1689652146,"sunset":1689709685,"temp":{"day":22.43,"min":11.45,"max":25.65,"night":17.48,"eve":25.12,"morn":12.46},"feels_like":{"day":21.8,"night":16.93,"eve":24.65,"morn":11.67},"pressure":1018,"humidity":41,"weather":[{"id":804,"main":"Clouds","description":"overcast clouds","icon":"04d"}],"speed":4.36,"deg":339,"gust":7.63,"clouds":89,"pop":0},{"dt":1689764400,"sunrise":1689738620,"sunset":1689796021,"temp":{"day":21.61,"min":13.52,"max":23.06,"night":15.46,"eve":20.96,"morn":14.2},"feels_like":{"day":21.29,"night":15.15,"eve":20.57,"morn":13.61},"pressure":1015,"humidity":56,"weather":[{"id":500,"main":"Rain","description":"light rain","icon":"10d"}],"speed":6.15,"deg":286,"gust":8.72,"clouds":90,"pop":0.57,"rain":0.97},{"dt":1689850800,"sunrise":1689825095,"sunset":1689882354,"temp":{"day":20.36,"min":12.45,"max":21.49,"night":15.12,"eve":19.76,"morn":13.88},"feels_like":{"day":19.91,"night":14.31,"eve":19.12,"morn":13.67},"pressure":1016,"humidity":56,"weather":[{"id":500,"main":"Rain","description":"light rain","icon":"10d"}],"speed":3.79,"deg":336,"gust":5.26,"clouds":94,"pop":0.63,"rain":1.44}]}
--- ENF OF RECEIVED DATA ---

