________________________________________________
|             CALL API : START                |
________________________________________________

Informations : 
Called API: meteo - 27 January 2024, 06:30
Method: GETMETEO - Timeout : 300 - Cache : 1
URL CALLED : https://api.openweathermap.org/data/2.5/forecast/daily?q=Brussels,be&units=metric&cnt=4&appid=ea18c0706135505149200c3836f29800
-------------------------
________________________________________________
|             CALL API : START                |
________________________________________________

Informations : 
Called API: meteo - 27 January 2024, 06:30
Method: GETMETEO - Timeout : 300 - Cache : 1
URL CALLED : https://api.openweathermap.org/data/2.5/forecast/daily?q=Brussels,be&units=metric&cnt=4&appid=ea18c0706135505149200c3836f29800
-------------------------
{"city":{"id":2800866,"name":"Brussels","coord":{"lon":4.3488,"lat":50.8504},"country":"BE","population":1019022,"timezone":3600},"cod":"200","message":0.0782067,"cnt":4,"list":[{"dt":1706353200,"sunrise":1706340403,"sunset":1706372608,"temp":{"day":5.7,"min":0.53,"max":6.85,"night":3.5,"eve":4.68,"morn":0.53},"feels_like":{"day":2.73,"night":1.03,"eve":3.07,"morn":-3.01},"pressure":1036,"humidity":71,"weather":[{"id":802,"main":"Clouds","description":"scattered clouds","icon":"03d"}],"speed":3.98,"deg":216,"gust":6.71,"clouds":50,"pop":0},{"dt":1706439600,"sunrise":1706426725,"sunset":1706459111,"temp":{"day":8.07,"min":2.34,"max":10.31,"night":5.71,"eve":6.88,"morn":2.34},"feels_like":{"day":6.06,"night":2.72,"eve":4.39,"morn":-0.39},"pressure":1028,"humidity":52,"weather":[{"id":803,"main":"Clouds","description":"broken clouds","icon":"04d"}],"speed":4.53,"deg":183,"gust":12,"clouds":59,"pop":0},{"dt":1706526000,"sunrise":1706513045,"sunset":1706545616,"temp":{"day":10.34,"min":5.73,"max":11.88,"night":7.64,"eve":9.46,"morn":5.93},"feels_like":{"day":9.47,"night":5.28,"eve":7.41,"morn":2.75},"pressure":1026,"humidity":78,"weather":[{"id":804,"main":"Clouds","description":"overcast clouds","icon":"04d"}],"speed":5.56,"deg":202,"gust":11.9,"clouds":99,"pop":0},{"dt":1706612400,"sunrise":1706599362,"sunset":1706632121,"temp":{"day":11.28,"min":6.74,"max":11.96,"night":7.51,"eve":10.25,"morn":6.74},"feels_like":{"day":10.45,"night":4.45,"eve":9.71,"morn":4.27},"pressure":1025,"humidity":76,"weather":[{"id":804,"main":"Clouds","description":"overcast clouds","icon":"04d"}],"speed":5.57,"deg":201,"gust":11.11,"clouds":100,"pop":0}]}
--- ENF OF RECEIVED DATA ---

{"city":{"id":2800866,"name":"Brussels","coord":{"lon":4.3488,"lat":50.8504},"country":"BE","population":1019022,"timezone":3600},"cod":"200","message":0.0782067,"cnt":4,"list":[{"dt":1706353200,"sunrise":1706340403,"sunset":1706372608,"temp":{"day":5.7,"min":0.53,"max":6.85,"night":3.5,"eve":4.68,"morn":0.53},"feels_like":{"day":2.73,"night":1.03,"eve":3.07,"morn":-3.01},"pressure":1036,"humidity":71,"weather":[{"id":802,"main":"Clouds","description":"scattered clouds","icon":"03d"}],"speed":3.98,"deg":216,"gust":6.71,"clouds":50,"pop":0},{"dt":1706439600,"sunrise":1706426725,"sunset":1706459111,"temp":{"day":8.07,"min":2.34,"max":10.31,"night":5.71,"eve":6.88,"morn":2.34},"feels_like":{"day":6.06,"night":2.72,"eve":4.39,"morn":-0.39},"pressure":1028,"humidity":52,"weather":[{"id":803,"main":"Clouds","description":"broken clouds","icon":"04d"}],"speed":4.53,"deg":183,"gust":12,"clouds":59,"pop":0},{"dt":1706526000,"sunrise":1706513045,"sunset":1706545616,"temp":{"day":10.34,"min":5.73,"max":11.88,"night":7.64,"eve":9.46,"morn":5.93},"feels_like":{"day":9.47,"night":5.28,"eve":7.41,"morn":2.75},"pressure":1026,"humidity":78,"weather":[{"id":804,"main":"Clouds","description":"overcast clouds","icon":"04d"}],"speed":5.56,"deg":202,"gust":11.9,"clouds":99,"pop":0},{"dt":1706612400,"sunrise":1706599362,"sunset":1706632121,"temp":{"day":11.28,"min":6.74,"max":11.96,"night":7.51,"eve":10.25,"morn":6.74},"feels_like":{"day":10.45,"night":4.45,"eve":9.71,"morn":4.27},"pressure":1025,"humidity":76,"weather":[{"id":804,"main":"Clouds","description":"overcast clouds","icon":"04d"}],"speed":5.57,"deg":201,"gust":11.11,"clouds":100,"pop":0}]}
--- ENF OF RECEIVED DATA ---

