________________________________________________
|             CALL API : START                |
________________________________________________

Informations : 
Called API: meteo - 4 April 2025, 12:10
Method: GETMETEO - Timeout : 300 - Cache : 1
URL CALLED : https://api.openweathermap.org/data/2.5/forecast/daily?q=Brussels,be&units=metric&cnt=4&appid=ea18c0706135505149200c3836f29800
-------------------------
________________________________________________
|             CALL API : START                |
________________________________________________

Informations : 
Called API: meteo - 4 April 2025, 12:10
Method: GETMETEO - Timeout : 300 - Cache : 1
URL CALLED : https://api.openweathermap.org/data/2.5/forecast/daily?q=Brussels,be&units=metric&cnt=4&appid=ea18c0706135505149200c3836f29800
-------------------------
{"city":{"id":2800866,"name":"Brussels","coord":{"lon":4.3488,"lat":50.8504},"country":"BE","population":1019022,"timezone":7200},"cod":"200","message":1.0089393,"cnt":4,"list":[{"dt":1743764400,"sunrise":1743743495,"sunset":1743790750,"temp":{"day":19.63,"min":6.91,"max":21.81,"night":13.07,"eve":20.39,"morn":6.91},"feels_like":{"day":18.72,"night":11.97,"eve":19.63,"morn":5.18},"pressure":1020,"humidity":41,"weather":[{"id":800,"main":"Clear","description":"sky is clear","icon":"01d"}],"speed":5.38,"deg":80,"gust":12.13,"clouds":0,"pop":0},{"dt":1743850800,"sunrise":1743829763,"sunset":1743877247,"temp":{"day":17.32,"min":9.02,"max":18.92,"night":11.47,"eve":16.04,"morn":9.02},"feels_like":{"day":16.1,"night":10,"eve":14.9,"morn":7.13},"pressure":1017,"humidity":38,"weather":[{"id":802,"main":"Clouds","description":"scattered clouds","icon":"03d"}],"speed":6.42,"deg":58,"gust":12.73,"clouds":27,"pop":0},{"dt":1743937200,"sunrise":1743916031,"sunset":1743963744,"temp":{"day":10.46,"min":5.38,"max":12.39,"night":6.43,"eve":11.41,"morn":5.96},"feels_like":{"day":8.34,"night":3.36,"eve":9.49,"morn":1.81},"pressure":1024,"humidity":30,"weather":[{"id":800,"main":"Clear","description":"sky is clear","icon":"01d"}],"speed":7.95,"deg":87,"gust":13.94,"clouds":2,"pop":0},{"dt":1744023600,"sunrise":1744002299,"sunset":1744050242,"temp":{"day":12.3,"min":2.16,"max":13.74,"night":7.43,"eve":10.77,"morn":2.16},"feels_like":{"day":10.5,"night":5.45,"eve":9.1,"morn":-1.03},"pressure":1028,"humidity":35,"weather":[{"id":800,"main":"Clear","description":"sky is clear","icon":"01d"}],"speed":4.73,"deg":81,"gust":9.3,"clouds":9,"pop":0}]}
--- ENF OF RECEIVED DATA ---

{"city":{"id":2800866,"name":"Brussels","coord":{"lon":4.3488,"lat":50.8504},"country":"BE","population":1019022,"timezone":7200},"cod":"200","message":1.0089393,"cnt":4,"list":[{"dt":1743764400,"sunrise":1743743495,"sunset":1743790750,"temp":{"day":19.63,"min":6.91,"max":21.81,"night":13.07,"eve":20.39,"morn":6.91},"feels_like":{"day":18.72,"night":11.97,"eve":19.63,"morn":5.18},"pressure":1020,"humidity":41,"weather":[{"id":800,"main":"Clear","description":"sky is clear","icon":"01d"}],"speed":5.38,"deg":80,"gust":12.13,"clouds":0,"pop":0},{"dt":1743850800,"sunrise":1743829763,"sunset":1743877247,"temp":{"day":17.32,"min":9.02,"max":18.92,"night":11.47,"eve":16.04,"morn":9.02},"feels_like":{"day":16.1,"night":10,"eve":14.9,"morn":7.13},"pressure":1017,"humidity":38,"weather":[{"id":802,"main":"Clouds","description":"scattered clouds","icon":"03d"}],"speed":6.42,"deg":58,"gust":12.73,"clouds":27,"pop":0},{"dt":1743937200,"sunrise":1743916031,"sunset":1743963744,"temp":{"day":10.46,"min":5.38,"max":12.39,"night":6.43,"eve":11.41,"morn":5.96},"feels_like":{"day":8.34,"night":3.36,"eve":9.49,"morn":1.81},"pressure":1024,"humidity":30,"weather":[{"id":800,"main":"Clear","description":"sky is clear","icon":"01d"}],"speed":7.95,"deg":87,"gust":13.94,"clouds":2,"pop":0},{"dt":1744023600,"sunrise":1744002299,"sunset":1744050242,"temp":{"day":12.3,"min":2.16,"max":13.74,"night":7.43,"eve":10.77,"morn":2.16},"feels_like":{"day":10.5,"night":5.45,"eve":9.1,"morn":-1.03},"pressure":1028,"humidity":35,"weather":[{"id":800,"main":"Clear","description":"sky is clear","icon":"01d"}],"speed":4.73,"deg":81,"gust":9.3,"clouds":9,"pop":0}]}
--- ENF OF RECEIVED DATA ---

