________________________________________________
|             CALL API : START                |
________________________________________________

Informations : 
Called API: meteo - 19 November 2023, 17:40
Method: GETMETEO - Timeout : 300 - Cache : 1
URL CALLED : https://api.openweathermap.org/data/2.5/forecast/daily?q=Brussels,be&units=metric&cnt=4&appid=ea18c0706135505149200c3836f29800
-------------------------
________________________________________________
|             CALL API : START                |
________________________________________________

Informations : 
Called API: meteo - 19 November 2023, 17:40
Method: GETMETEO - Timeout : 300 - Cache : 1
URL CALLED : https://api.openweathermap.org/data/2.5/forecast/daily?q=Brussels,be&units=metric&cnt=4&appid=ea18c0706135505149200c3836f29800
-------------------------
{"city":{"id":2800866,"name":"Brussels","coord":{"lon":4.3488,"lat":50.8504},"country":"BE","population":1019022,"timezone":3600},"cod":"200","message":0.0375201,"cnt":4,"list":[{"dt":1700391600,"sunrise":1700377459,"sunset":1700409107,"temp":{"day":12.36,"min":11.62,"max":14.03,"night":12.18,"eve":11.66,"morn":12.6},"feels_like":{"day":11.74,"night":11.7,"eve":11.1,"morn":12.03},"pressure":1011,"humidity":80,"weather":[{"id":500,"main":"Rain","description":"light rain","icon":"10d"}],"speed":9.43,"deg":235,"gust":17.21,"clouds":69,"pop":0.94,"rain":2.14},{"dt":1700478000,"sunrise":1700463957,"sunset":1700495438,"temp":{"day":11.1,"min":7.54,"max":11.86,"night":7.54,"eve":8.63,"morn":10.2},"feels_like":{"day":10.28,"night":5.73,"eve":6.94,"morn":9.44},"pressure":1010,"humidity":77,"weather":[{"id":501,"main":"Rain","description":"moderate rain","icon":"10d"}],"speed":8.84,"deg":250,"gust":14.93,"clouds":61,"pop":1,"rain":9.01},{"dt":1700564400,"sunrise":1700550454,"sunset":1700581770,"temp":{"day":9.29,"min":6.43,"max":9.37,"night":6.73,"eve":7.94,"morn":7.97},"feels_like":{"day":7.12,"night":3.91,"eve":4.74,"morn":6.86},"pressure":1019,"humidity":93,"weather":[{"id":500,"main":"Rain","description":"light rain","icon":"10d"}],"speed":5.7,"deg":34,"gust":8.78,"clouds":93,"pop":0.2,"rain":0.28},{"dt":1700650800,"sunrise":1700636950,"sunset":1700668106,"temp":{"day":6.18,"min":2.37,"max":6.18,"night":4.52,"eve":4.93,"morn":2.58},"feels_like":{"day":6.18,"night":1.07,"eve":2.18,"morn":0.24},"pressure":1031,"humidity":64,"weather":[{"id":804,"main":"Clouds","description":"overcast clouds","icon":"04d"}],"speed":4.36,"deg":217,"gust":9.75,"clouds":98,"pop":0}]}
--- ENF OF RECEIVED DATA ---

{"city":{"id":2800866,"name":"Brussels","coord":{"lon":4.3488,"lat":50.8504},"country":"BE","population":1019022,"timezone":3600},"cod":"200","message":0.0375201,"cnt":4,"list":[{"dt":1700391600,"sunrise":1700377459,"sunset":1700409107,"temp":{"day":12.36,"min":11.62,"max":14.03,"night":12.18,"eve":11.66,"morn":12.6},"feels_like":{"day":11.74,"night":11.7,"eve":11.1,"morn":12.03},"pressure":1011,"humidity":80,"weather":[{"id":500,"main":"Rain","description":"light rain","icon":"10d"}],"speed":9.43,"deg":235,"gust":17.21,"clouds":69,"pop":0.94,"rain":2.14},{"dt":1700478000,"sunrise":1700463957,"sunset":1700495438,"temp":{"day":11.1,"min":7.54,"max":11.86,"night":7.54,"eve":8.63,"morn":10.2},"feels_like":{"day":10.28,"night":5.73,"eve":6.94,"morn":9.44},"pressure":1010,"humidity":77,"weather":[{"id":501,"main":"Rain","description":"moderate rain","icon":"10d"}],"speed":8.84,"deg":250,"gust":14.93,"clouds":61,"pop":1,"rain":9.01},{"dt":1700564400,"sunrise":1700550454,"sunset":1700581770,"temp":{"day":9.29,"min":6.43,"max":9.37,"night":6.73,"eve":7.94,"morn":7.97},"feels_like":{"day":7.12,"night":3.91,"eve":4.74,"morn":6.86},"pressure":1019,"humidity":93,"weather":[{"id":500,"main":"Rain","description":"light rain","icon":"10d"}],"speed":5.7,"deg":34,"gust":8.78,"clouds":93,"pop":0.2,"rain":0.28},{"dt":1700650800,"sunrise":1700636950,"sunset":1700668106,"temp":{"day":6.18,"min":2.37,"max":6.18,"night":4.52,"eve":4.93,"morn":2.58},"feels_like":{"day":6.18,"night":1.07,"eve":2.18,"morn":0.24},"pressure":1031,"humidity":64,"weather":[{"id":804,"main":"Clouds","description":"overcast clouds","icon":"04d"}],"speed":4.36,"deg":217,"gust":9.75,"clouds":98,"pop":0}]}
--- ENF OF RECEIVED DATA ---

