________________________________________________
|             CALL API : START                |
________________________________________________

Informations : 
Called API: meteo - 3 March 2024, 07:00
Method: GETMETEO - Timeout : 300 - Cache : 1
URL CALLED : https://api.openweathermap.org/data/2.5/forecast/daily?q=Brussels,be&units=metric&cnt=4&appid=ea18c0706135505149200c3836f29800
-------------------------
________________________________________________
|             CALL API : START                |
________________________________________________

Informations : 
Called API: meteo - 3 March 2024, 07:00
Method: GETMETEO - Timeout : 300 - Cache : 1
URL CALLED : https://api.openweathermap.org/data/2.5/forecast/daily?q=Brussels,be&units=metric&cnt=4&appid=ea18c0706135505149200c3836f29800
-------------------------
{"city":{"id":2800866,"name":"Brussels","coord":{"lon":4.3488,"lat":50.8504},"country":"BE","population":1019022,"timezone":3600},"cod":"200","message":12.1622015,"cnt":4,"list":[{"dt":1709463600,"sunrise":1709446936,"sunset":1709486820,"temp":{"day":9.65,"min":5.72,"max":9.74,"night":5.72,"eve":6.21,"morn":7.84},"feels_like":{"day":8.28,"night":2.56,"eve":2.64,"morn":5.34},"pressure":1001,"humidity":83,"weather":[{"id":500,"main":"Rain","description":"light rain","icon":"10d"}],"speed":6.3,"deg":160,"gust":13.4,"clouds":100,"pop":0.8,"rain":0.96},{"dt":1709550000,"sunrise":1709533208,"sunset":1709573322,"temp":{"day":8.66,"min":3.14,"max":10.51,"night":5.28,"eve":8.52,"morn":3.39},"feels_like":{"day":7.94,"night":3.22,"eve":8.14,"morn":1.51},"pressure":1013,"humidity":67,"weather":[{"id":803,"main":"Clouds","description":"broken clouds","icon":"04d"}],"speed":3.77,"deg":294,"gust":8.4,"clouds":61,"pop":0.08},{"dt":1709636400,"sunrise":1709619478,"sunset":1709659824,"temp":{"day":5.49,"min":3.19,"max":7.53,"night":3.95,"eve":6.93,"morn":3.19},"feels_like":{"day":3.15,"night":1.55,"eve":5.87,"morn":0.82},"pressure":1013,"humidity":93,"weather":[{"id":500,"main":"Rain","description":"light rain","icon":"10d"}],"speed":3.04,"deg":162,"gust":7,"clouds":100,"pop":0.92,"rain":2.26},{"dt":1709722800,"sunrise":1709705748,"sunset":1709746325,"temp":{"day":5.88,"min":2.68,"max":7.28,"night":6.17,"eve":6.02,"morn":2.87},"feels_like":{"day":3.88,"night":5.42,"eve":2.87,"morn":-0.35},"pressure":1013,"humidity":92,"weather":[{"id":500,"main":"Rain","description":"light rain","icon":"10d"}],"speed":4.47,"deg":87,"gust":7.7,"clouds":100,"pop":0.92,"rain":5.82}]}
--- ENF OF RECEIVED DATA ---

{"city":{"id":2800866,"name":"Brussels","coord":{"lon":4.3488,"lat":50.8504},"country":"BE","population":1019022,"timezone":3600},"cod":"200","message":12.1622015,"cnt":4,"list":[{"dt":1709463600,"sunrise":1709446936,"sunset":1709486820,"temp":{"day":9.65,"min":5.72,"max":9.74,"night":5.72,"eve":6.21,"morn":7.84},"feels_like":{"day":8.28,"night":2.56,"eve":2.64,"morn":5.34},"pressure":1001,"humidity":83,"weather":[{"id":500,"main":"Rain","description":"light rain","icon":"10d"}],"speed":6.3,"deg":160,"gust":13.4,"clouds":100,"pop":0.8,"rain":0.96},{"dt":1709550000,"sunrise":1709533208,"sunset":1709573322,"temp":{"day":8.66,"min":3.14,"max":10.51,"night":5.28,"eve":8.52,"morn":3.39},"feels_like":{"day":7.94,"night":3.22,"eve":8.14,"morn":1.51},"pressure":1013,"humidity":67,"weather":[{"id":803,"main":"Clouds","description":"broken clouds","icon":"04d"}],"speed":3.77,"deg":294,"gust":8.4,"clouds":61,"pop":0.08},{"dt":1709636400,"sunrise":1709619478,"sunset":1709659824,"temp":{"day":5.49,"min":3.19,"max":7.53,"night":3.95,"eve":6.93,"morn":3.19},"feels_like":{"day":3.15,"night":1.55,"eve":5.87,"morn":0.82},"pressure":1013,"humidity":93,"weather":[{"id":500,"main":"Rain","description":"light rain","icon":"10d"}],"speed":3.04,"deg":162,"gust":7,"clouds":100,"pop":0.92,"rain":2.26},{"dt":1709722800,"sunrise":1709705748,"sunset":1709746325,"temp":{"day":5.88,"min":2.68,"max":7.28,"night":6.17,"eve":6.02,"morn":2.87},"feels_like":{"day":3.88,"night":5.42,"eve":2.87,"morn":-0.35},"pressure":1013,"humidity":92,"weather":[{"id":500,"main":"Rain","description":"light rain","icon":"10d"}],"speed":4.47,"deg":87,"gust":7.7,"clouds":100,"pop":0.92,"rain":5.82}]}
--- ENF OF RECEIVED DATA ---

