________________________________________________
|             CALL API : START                |
________________________________________________

Informations : 
Called API: meteo - 20 March 2023, 03:40
Method: GETMETEO - Timeout : 300 - Cache : 1
URL CALLED : https://rmipro.meteo.be/products/bx1/5373bc0393d004fc/web_forecast
-------------------------
________________________________________________
|             CALL API : START                |
________________________________________________

Informations : 
Called API: meteo - 20 March 2023, 03:40
Method: GETMETEO - Timeout : 300 - Cache : 1
URL CALLED : https://rmipro.meteo.be/products/bx1/5373bc0393d004fc/web_forecast
-------------------------
<?xml version='1.0' encoding='UTF-8'?>
<meteo>
  <generationDate>19/03/2023 20:58</generationDate>
  <forecast date="20230319" period="NIGHT">
    <titledate>19/03/23</titledate>
    <titleday>dimanche</titleday>
    <data>
      <city>Ostende</city>
      <tempMin>5 </tempMin>
      <weathertype>TNN2</weathertype>
    </data>
    <data>
      <city>Anvers</city>
      <tempMin>5 </tempMin>
      <weathertype>TNN2</weathertype>
    </data>
    <data>
      <city>Bruxelles</city>
      <tempMin>4 </tempMin>
      <weathertype>TNN2</weathertype>
    </data>
    <data>
      <city>Namur</city>
      <tempMin>2 </tempMin>
      <weathertype>TNN2</weathertype>
    </data>
    <data>
      <city>Liege</city>
      <tempMin>4 </tempMin>
      <weathertype>TNN2</weathertype>
    </data>
    <data>
      <city>Arlon</city>
      <tempMin>1 </tempMin>
      <weathertype>TNN24</weathertype>
    </data>
  </forecast>
  <forecast date="20230320" period="AM">
    <titledate>20/03/23</titledate>
    <titleday>lundi</titleday>
    <data>
      <city>Ostende</city>
      <tempMax>9 </tempMax>
      <weathertype>TJ3</weathertype>
    </data>
    <data>
      <city>Anvers</city>
      <tempMax>8 </tempMax>
      <weathertype>TJ3</weathertype>
    </data>
    <data>
      <city>Bruxelles</city>
      <tempMax>7 </tempMax>
      <weathertype>TJ3</weathertype>
    </data>
    <data>
      <city>Namur</city>
      <tempMax>7 </tempMax>
      <weathertype>TJ3</weathertype>
    </data>
    <data>
      <city>Liege</city>
      <tempMax>8 </tempMax>
      <weathertype>TJ3</weathertype>
    </data>
    <data>
      <city>Arlon</city>
      <tempMax>5 </tempMax>
      <weathertype>TJ24</weathertype>
    </data>
  </forecast>
  <forecast date="20230320" period="PM">
    <titledate>20/03/23</titledate>
    <titleday>lundi</titleday>
    <data>
      <city>Ostende</city>
      <tempMax>11 </tempMax>
      <weathertype>TJ3</weathertype>
    </data>
    <data>
      <city>Anvers</city>
      <tempMax>11 </tempMax>
      <weathertype>TJ3</weathertype>
    </data>
    <data>
      <city>Bruxelles</city>
      <tempMax>11 </tempMax>
      <weathertype>TJ3</weathertype>
    </data>
    <data>
      <city>Namur</city>
      <tempMax>10 </tempMax>
      <weathertype>TJ3</weathertype>
    </data>
    <data>
      <city>Liege</city>
      <tempMax>9 </tempMax>
      <weathertype>TJ3</weathertype>
    </data>
    <data>
      <city>Arlon</city>
      <tempMax>8 </tempMax>
      <weathertype>TJ3</weathertype>
    </data>
  </forecast>
  <forecast date="20230321" period="DAY">
    <titledate>21/03/23</titledate>
    <titleday>mardi</titleday>
    <data>
      <city>Ostende</city>
      <tempMin>9 </tempMin>
      <tempMax>13 </tempMax>
      <weathertype>TJ11</weathertype>
    </data>
    <data>
      <city>Anvers</city>
      <tempMin>9 </tempMin>
      <tempMax>14 </tempMax>
      <weathertype>TJ11</weathertype>
    </data>
    <data>
      <city>Bruxelles</city>
      <tempMin>9 </tempMin>
      <tempMax>13 </tempMax>
      <weathertype>TJ6</weathertype>
    </data>
    <data>
      <city>Namur</city>
      <tempMin>5 </tempMin>
      <tempMax>12 </tempMax>
      <weathertype>TJ10</weathertype>
    </data>
    <data>
      <city>Liege</city>
      <tempMin>9 </tempMin>
      <tempMax>14 </tempMax>
      <weathertype>TJ10</weathertype>
    </data>
    <data>
      <city>Arlon</city>
      <tempMin>5 </tempMin>
      <tempMax>10 </tempMax>
      <weathertype>TJ10</weathertype>
    </data>
  </forecast>
  <forecast date="20230322" period="DAY">
    <titledate>22/03/23</titledate>
    <titleday>mercredi</titleday>
    <data>
      <city>Ostende</city>
      <tempMin>8 </tempMin>
      <tempMax>12 </tempMax>
      <weathertype>TJ6</weathertype>
    </data>
    <data>
      <city>Anvers</city>
      <tempMin>9 </tempMin>
      <tempMax>11 </tempMax>
      <weathertype>TJ6</weathertype>
    </data>
    <data>
      <city>Bruxelles</city>
      <tempMin>9 </tempMin>
      <tempMax>11 </tempMax>
      <weathertype>TJ6</weathertype>
    </data>
    <data>
      <city>Namur</city>
      <tempMin>6 </tempMin>
      <tempMax>8 </tempMax>
      <weathertype>TJ6</weathertype>
    </data>
    <data>
      <city>Liege</city>
      <tempMin>9 </tempMin>
      <tempMax>11 </tempMax>
      <weathertype>TJ6</weathertype>
    </data>
    <data>
      <city>Arlon</city>
      <tempMin>6 </tempMin>
      <tempMax>8 </tempMax>
      <weathertype>TJ6</weathertype>
    </data>
  </forecast>
  <forecast date="20230323" period="DAY">
    <titledate>23/03/23</titledate>
    <titleday>jeudi</titleday>
    <data>
      <city>Ostende</city>
      <tempMin>9 </tempMin>
      <tempMax>13 </tempMax>
      <weathertype>TJ11</weathertype>
    </data>
    <data>
      <city>Anvers</city>
      <tempMin>8 </tempMin>
      <tempMax>13 </tempMax>
      <weathertype>TJ11</weathertype>
    </data>
    <data>
      <city>Bruxelles</city>
      <tempMin>8 </tempMin>
      <tempMax>13 </tempMax>
      <weathertype>TJ11</weathertype>
    </data>
    <data>
      <city>Namur</city>
      <tempMin>5 </tempMin>
      <tempMax>9 </tempMax>
      <weathertype>TJ11</weathertype>
    </data>
    <data>
      <city>Liege</city>
      <tempMin>8 </tempMin>
      <tempMax>13 </tempMax>
      <weathertype>TJ11</weathertype>
    </data>
    <data>
      <city>Arlon</city>
      <tempMin>5 </tempMin>
      <tempMax>9 </tempMax>
      <weathertype>TJ11</weathertype>
    </data>
  </forecast>
  <forecast_foreign date="20230320" period="DAY">
    <titledate>20/03/23</titledate>
    <titleday>lundi</titleday>
    <data>
      <city>Paris</city>
      <temp>7 </temp>
      <weathertype>TJ4</weathertype>
    </data>
    <data>
      <city>Londres</city>
      <temp>10 </temp>
      <weathertype>TJ4</weathertype>
    </data>
    <data>
      <city>Amsterdam</city>
      <temp>9 </temp>
      <weathertype>TJ7</weathertype>
    </data>
  </forecast_foreign>
  <forecast_foreign date="20230321" period="DAY">
    <titledate>21/03/23</titledate>
    <titleday>mardi</titleday>
    <data>
      <city>Paris</city>
      <temp>10 </temp>
      <weathertype>TJ4</weathertype>
    </data>
    <data>
      <city>Londres</city>
      <temp>11 </temp>
      <weathertype>TJ1</weathertype>
    </data>
    <data>
      <city>Amsterdam</city>
      <temp>10 </temp>
      <weathertype>TJ7</weathertype>
    </data>
  </forecast_foreign>
  <Ephemerides>
    <Ephemeride>
      <titledate>19/03/23</titledate>
      <titleday>dimanche</titleday>
      <data>
        <sunRise>06:48</sunRise>
        <sunSet>18:55</sunSet>
        <gain>4 </gain>
      </data>
    </Ephemeride>
    <Ephemeride>
      <titledate>20/03/23</titledate>
      <titleday>lundi</titleday>
      <data>
        <sunRise>06:45</sunRise>
        <sunSet>18:56</sunSet>
        <gain>4 </gain>
      </data>
    </Ephemeride>
    <Ephemeride>
      <titledate>21/03/23</titledate>
      <titleday>mardi</titleday>
      <data>
        <sunRise>06:43</sunRise>
        <sunSet>18:58</sunSet>
        <gain>4 </gain>
      </data>
    </Ephemeride>
    <Ephemeride>
      <titledate>22/03/23</titledate>
      <titleday>mercredi</titleday>
      <data>
        <sunRise>06:41</sunRise>
        <sunSet>18:59</sunSet>
        <gain>3 </gain>
      </data>
    </Ephemeride>
  </Ephemerides>
  <indices>
    <indice>
      <titledate>19/03/23</titledate>
      <titleday>dimanche</titleday>
      <data>
        <value>4</value>
        <evaluation>assez bonne</evaluation>
      </data>
    </indice>
    <indice>
      <titledate>20/03/23</titledate>
      <titleday>lundi</titleday>
      <data>
        <value>5</value>
        <evaluation>moyenne</evaluation>
      </data>
    </indice>
    <indice>
      <titledate>21/03/23</titledate>
      <titleday>mardi</titleday>
      <data>
        <value>4</value>
        <evaluation>assez bonne</evaluation>
      </data>
    </indice>
  </indices>
</meteo>

--- ENF OF RECEIVED DATA ---

<?xml version='1.0' encoding='UTF-8'?>
<meteo>
  <generationDate>19/03/2023 20:58</generationDate>
  <forecast date="20230319" period="NIGHT">
    <titledate>19/03/23</titledate>
    <titleday>dimanche</titleday>
    <data>
      <city>Ostende</city>
      <tempMin>5 </tempMin>
      <weathertype>TNN2</weathertype>
    </data>
    <data>
      <city>Anvers</city>
      <tempMin>5 </tempMin>
      <weathertype>TNN2</weathertype>
    </data>
    <data>
      <city>Bruxelles</city>
      <tempMin>4 </tempMin>
      <weathertype>TNN2</weathertype>
    </data>
    <data>
      <city>Namur</city>
      <tempMin>2 </tempMin>
      <weathertype>TNN2</weathertype>
    </data>
    <data>
      <city>Liege</city>
      <tempMin>4 </tempMin>
      <weathertype>TNN2</weathertype>
    </data>
    <data>
      <city>Arlon</city>
      <tempMin>1 </tempMin>
      <weathertype>TNN24</weathertype>
    </data>
  </forecast>
  <forecast date="20230320" period="AM">
    <titledate>20/03/23</titledate>
    <titleday>lundi</titleday>
    <data>
      <city>Ostende</city>
      <tempMax>9 </tempMax>
      <weathertype>TJ3</weathertype>
    </data>
    <data>
      <city>Anvers</city>
      <tempMax>8 </tempMax>
      <weathertype>TJ3</weathertype>
    </data>
    <data>
      <city>Bruxelles</city>
      <tempMax>7 </tempMax>
      <weathertype>TJ3</weathertype>
    </data>
    <data>
      <city>Namur</city>
      <tempMax>7 </tempMax>
      <weathertype>TJ3</weathertype>
    </data>
    <data>
      <city>Liege</city>
      <tempMax>8 </tempMax>
      <weathertype>TJ3</weathertype>
    </data>
    <data>
      <city>Arlon</city>
      <tempMax>5 </tempMax>
      <weathertype>TJ24</weathertype>
    </data>
  </forecast>
  <forecast date="20230320" period="PM">
    <titledate>20/03/23</titledate>
    <titleday>lundi</titleday>
    <data>
      <city>Ostende</city>
      <tempMax>11 </tempMax>
      <weathertype>TJ3</weathertype>
    </data>
    <data>
      <city>Anvers</city>
      <tempMax>11 </tempMax>
      <weathertype>TJ3</weathertype>
    </data>
    <data>
      <city>Bruxelles</city>
      <tempMax>11 </tempMax>
      <weathertype>TJ3</weathertype>
    </data>
    <data>
      <city>Namur</city>
      <tempMax>10 </tempMax>
      <weathertype>TJ3</weathertype>
    </data>
    <data>
      <city>Liege</city>
      <tempMax>9 </tempMax>
      <weathertype>TJ3</weathertype>
    </data>
    <data>
      <city>Arlon</city>
      <tempMax>8 </tempMax>
      <weathertype>TJ3</weathertype>
    </data>
  </forecast>
  <forecast date="20230321" period="DAY">
    <titledate>21/03/23</titledate>
    <titleday>mardi</titleday>
    <data>
      <city>Ostende</city>
      <tempMin>9 </tempMin>
      <tempMax>13 </tempMax>
      <weathertype>TJ11</weathertype>
    </data>
    <data>
      <city>Anvers</city>
      <tempMin>9 </tempMin>
      <tempMax>14 </tempMax>
      <weathertype>TJ11</weathertype>
    </data>
    <data>
      <city>Bruxelles</city>
      <tempMin>9 </tempMin>
      <tempMax>13 </tempMax>
      <weathertype>TJ6</weathertype>
    </data>
    <data>
      <city>Namur</city>
      <tempMin>5 </tempMin>
      <tempMax>12 </tempMax>
      <weathertype>TJ10</weathertype>
    </data>
    <data>
      <city>Liege</city>
      <tempMin>9 </tempMin>
      <tempMax>14 </tempMax>
      <weathertype>TJ10</weathertype>
    </data>
    <data>
      <city>Arlon</city>
      <tempMin>5 </tempMin>
      <tempMax>10 </tempMax>
      <weathertype>TJ10</weathertype>
    </data>
  </forecast>
  <forecast date="20230322" period="DAY">
    <titledate>22/03/23</titledate>
    <titleday>mercredi</titleday>
    <data>
      <city>Ostende</city>
      <tempMin>8 </tempMin>
      <tempMax>12 </tempMax>
      <weathertype>TJ6</weathertype>
    </data>
    <data>
      <city>Anvers</city>
      <tempMin>9 </tempMin>
      <tempMax>11 </tempMax>
      <weathertype>TJ6</weathertype>
    </data>
    <data>
      <city>Bruxelles</city>
      <tempMin>9 </tempMin>
      <tempMax>11 </tempMax>
      <weathertype>TJ6</weathertype>
    </data>
    <data>
      <city>Namur</city>
      <tempMin>6 </tempMin>
      <tempMax>8 </tempMax>
      <weathertype>TJ6</weathertype>
    </data>
    <data>
      <city>Liege</city>
      <tempMin>9 </tempMin>
      <tempMax>11 </tempMax>
      <weathertype>TJ6</weathertype>
    </data>
    <data>
      <city>Arlon</city>
      <tempMin>6 </tempMin>
      <tempMax>8 </tempMax>
      <weathertype>TJ6</weathertype>
    </data>
  </forecast>
  <forecast date="20230323" period="DAY">
    <titledate>23/03/23</titledate>
    <titleday>jeudi</titleday>
    <data>
      <city>Ostende</city>
      <tempMin>9 </tempMin>
      <tempMax>13 </tempMax>
      <weathertype>TJ11</weathertype>
    </data>
    <data>
      <city>Anvers</city>
      <tempMin>8 </tempMin>
      <tempMax>13 </tempMax>
      <weathertype>TJ11</weathertype>
    </data>
    <data>
      <city>Bruxelles</city>
      <tempMin>8 </tempMin>
      <tempMax>13 </tempMax>
      <weathertype>TJ11</weathertype>
    </data>
    <data>
      <city>Namur</city>
      <tempMin>5 </tempMin>
      <tempMax>9 </tempMax>
      <weathertype>TJ11</weathertype>
    </data>
    <data>
      <city>Liege</city>
      <tempMin>8 </tempMin>
      <tempMax>13 </tempMax>
      <weathertype>TJ11</weathertype>
    </data>
    <data>
      <city>Arlon</city>
      <tempMin>5 </tempMin>
      <tempMax>9 </tempMax>
      <weathertype>TJ11</weathertype>
    </data>
  </forecast>
  <forecast_foreign date="20230320" period="DAY">
    <titledate>20/03/23</titledate>
    <titleday>lundi</titleday>
    <data>
      <city>Paris</city>
      <temp>7 </temp>
      <weathertype>TJ4</weathertype>
    </data>
    <data>
      <city>Londres</city>
      <temp>10 </temp>
      <weathertype>TJ4</weathertype>
    </data>
    <data>
      <city>Amsterdam</city>
      <temp>9 </temp>
      <weathertype>TJ7</weathertype>
    </data>
  </forecast_foreign>
  <forecast_foreign date="20230321" period="DAY">
    <titledate>21/03/23</titledate>
    <titleday>mardi</titleday>
    <data>
      <city>Paris</city>
      <temp>10 </temp>
      <weathertype>TJ4</weathertype>
    </data>
    <data>
      <city>Londres</city>
      <temp>11 </temp>
      <weathertype>TJ1</weathertype>
    </data>
    <data>
      <city>Amsterdam</city>
      <temp>10 </temp>
      <weathertype>TJ7</weathertype>
    </data>
  </forecast_foreign>
  <Ephemerides>
    <Ephemeride>
      <titledate>19/03/23</titledate>
      <titleday>dimanche</titleday>
      <data>
        <sunRise>06:48</sunRise>
        <sunSet>18:55</sunSet>
        <gain>4 </gain>
      </data>
    </Ephemeride>
    <Ephemeride>
      <titledate>20/03/23</titledate>
      <titleday>lundi</titleday>
      <data>
        <sunRise>06:45</sunRise>
        <sunSet>18:56</sunSet>
        <gain>4 </gain>
      </data>
    </Ephemeride>
    <Ephemeride>
      <titledate>21/03/23</titledate>
      <titleday>mardi</titleday>
      <data>
        <sunRise>06:43</sunRise>
        <sunSet>18:58</sunSet>
        <gain>4 </gain>
      </data>
    </Ephemeride>
    <Ephemeride>
      <titledate>22/03/23</titledate>
      <titleday>mercredi</titleday>
      <data>
        <sunRise>06:41</sunRise>
        <sunSet>18:59</sunSet>
        <gain>3 </gain>
      </data>
    </Ephemeride>
  </Ephemerides>
  <indices>
    <indice>
      <titledate>19/03/23</titledate>
      <titleday>dimanche</titleday>
      <data>
        <value>4</value>
        <evaluation>assez bonne</evaluation>
      </data>
    </indice>
    <indice>
      <titledate>20/03/23</titledate>
      <titleday>lundi</titleday>
      <data>
        <value>5</value>
        <evaluation>moyenne</evaluation>
      </data>
    </indice>
    <indice>
      <titledate>21/03/23</titledate>
      <titleday>mardi</titleday>
      <data>
        <value>4</value>
        <evaluation>assez bonne</evaluation>
      </data>
    </indice>
  </indices>
</meteo>

--- ENF OF RECEIVED DATA ---

