________________________________________________
|             CALL API : START                |
________________________________________________

Informations : 
Called API: meteo - 21 September 2023, 14:10
Method: GETMETEO - Timeout : 300 - Cache : 1
URL CALLED : https://api.openweathermap.org/data/2.5/forecast/daily?q=Brussels,be&units=metric&cnt=4&appid=ea18c0706135505149200c3836f29800
-------------------------
________________________________________________
|             CALL API : START                |
________________________________________________

Informations : 
Called API: meteo - 21 September 2023, 14:10
Method: GETMETEO - Timeout : 300 - Cache : 1
URL CALLED : https://api.openweathermap.org/data/2.5/forecast/daily?q=Brussels,be&units=metric&cnt=4&appid=ea18c0706135505149200c3836f29800
-------------------------
{"city":{"id":2800866,"name":"Brussels","coord":{"lon":4.3488,"lat":50.8504},"country":"BE","population":1019022,"timezone":7200},"cod":"200","message":0.0439443,"cnt":4,"list":[{"dt":1695294000,"sunrise":1695273993,"sunset":1695318315,"temp":{"day":15.95,"min":12.47,"max":20.99,"night":12.47,"eve":14.72,"morn":18.36},"feels_like":{"day":16.03,"night":12.17,"eve":14.62,"morn":18.26},"pressure":998,"humidity":93,"weather":[{"id":501,"main":"Rain","description":"moderate rain","icon":"10d"}],"speed":8.39,"deg":202,"gust":16.21,"clouds":80,"pop":1,"rain":15.99},{"dt":1695380400,"sunrise":1695360485,"sunset":1695404578,"temp":{"day":13.87,"min":10.73,"max":16.22,"night":10.73,"eve":13.59,"morn":11.63},"feels_like":{"day":13.3,"night":10.18,"eve":12.91,"morn":11.25},"pressure":1002,"humidity":76,"weather":[{"id":500,"main":"Rain","description":"light rain","icon":"10d"}],"speed":7.28,"deg":204,"gust":12.84,"clouds":85,"pop":0.67,"rain":0.94},{"dt":1695466800,"sunrise":1695446978,"sunset":1695490841,"temp":{"day":16.15,"min":9.46,"max":16.15,"night":9.58,"eve":13.48,"morn":9.56},"feels_like":{"day":15.23,"night":8.07,"eve":12.45,"morn":7.24},"pressure":1015,"humidity":54,"weather":[{"id":801,"main":"Clouds","description":"few clouds","icon":"02d"}],"speed":6.69,"deg":264,"gust":10.87,"clouds":14,"pop":0.14},{"dt":1695553200,"sunrise":1695533471,"sunset":1695577104,"temp":{"day":18.57,"min":8.54,"max":19.12,"night":13.36,"eve":14.58,"morn":8.56},"feels_like":{"day":17.74,"night":12.37,"eve":13.76,"morn":6.53},"pressure":1022,"humidity":48,"weather":[{"id":803,"main":"Clouds","description":"broken clouds","icon":"04d"}],"speed":5.26,"deg":198,"gust":12.38,"clouds":63,"pop":0}]}
--- ENF OF RECEIVED DATA ---

{"city":{"id":2800866,"name":"Brussels","coord":{"lon":4.3488,"lat":50.8504},"country":"BE","population":1019022,"timezone":7200},"cod":"200","message":0.0439443,"cnt":4,"list":[{"dt":1695294000,"sunrise":1695273993,"sunset":1695318315,"temp":{"day":15.95,"min":12.47,"max":20.99,"night":12.47,"eve":14.72,"morn":18.36},"feels_like":{"day":16.03,"night":12.17,"eve":14.62,"morn":18.26},"pressure":998,"humidity":93,"weather":[{"id":501,"main":"Rain","description":"moderate rain","icon":"10d"}],"speed":8.39,"deg":202,"gust":16.21,"clouds":80,"pop":1,"rain":15.99},{"dt":1695380400,"sunrise":1695360485,"sunset":1695404578,"temp":{"day":13.87,"min":10.73,"max":16.22,"night":10.73,"eve":13.59,"morn":11.63},"feels_like":{"day":13.3,"night":10.18,"eve":12.91,"morn":11.25},"pressure":1002,"humidity":76,"weather":[{"id":500,"main":"Rain","description":"light rain","icon":"10d"}],"speed":7.28,"deg":204,"gust":12.84,"clouds":85,"pop":0.67,"rain":0.94},{"dt":1695466800,"sunrise":1695446978,"sunset":1695490841,"temp":{"day":16.15,"min":9.46,"max":16.15,"night":9.58,"eve":13.48,"morn":9.56},"feels_like":{"day":15.23,"night":8.07,"eve":12.45,"morn":7.24},"pressure":1015,"humidity":54,"weather":[{"id":801,"main":"Clouds","description":"few clouds","icon":"02d"}],"speed":6.69,"deg":264,"gust":10.87,"clouds":14,"pop":0.14},{"dt":1695553200,"sunrise":1695533471,"sunset":1695577104,"temp":{"day":18.57,"min":8.54,"max":19.12,"night":13.36,"eve":14.58,"morn":8.56},"feels_like":{"day":17.74,"night":12.37,"eve":13.76,"morn":6.53},"pressure":1022,"humidity":48,"weather":[{"id":803,"main":"Clouds","description":"broken clouds","icon":"04d"}],"speed":5.26,"deg":198,"gust":12.38,"clouds":63,"pop":0}]}
--- ENF OF RECEIVED DATA ---

