________________________________________________
|             CALL API : START                |
________________________________________________

Informations : 
Called API: meteo - 2 February 2025, 03:50
Method: GETMETEO - Timeout : 300 - Cache : 1
URL CALLED : https://api.openweathermap.org/data/2.5/forecast/daily?q=Brussels,be&units=metric&cnt=4&appid=ea18c0706135505149200c3836f29800
-------------------------
________________________________________________
|             CALL API : START                |
________________________________________________

Informations : 
Called API: meteo - 2 February 2025, 03:50
Method: GETMETEO - Timeout : 300 - Cache : 1
URL CALLED : https://api.openweathermap.org/data/2.5/forecast/daily?q=Brussels,be&units=metric&cnt=4&appid=ea18c0706135505149200c3836f29800
-------------------------
{"city":{"id":2800866,"name":"Brussels","coord":{"lon":4.3488,"lat":50.8504},"country":"BE","population":1019022,"timezone":3600},"cod":"200","message":1.1736598,"cnt":4,"list":[{"dt":1738494000,"sunrise":1738480635,"sunset":1738514119,"temp":{"day":4.67,"min":-2.91,"max":6.57,"night":2.23,"eve":3.4,"morn":-1.8},"feels_like":{"day":2.98,"night":0.8,"eve":3.4,"morn":-3.87},"pressure":1025,"humidity":53,"weather":[{"id":800,"main":"Clear","description":"sky is clear","icon":"01d"}],"speed":2.5,"deg":128,"gust":4.17,"clouds":10,"pop":0},{"dt":1738580400,"sunrise":1738566943,"sunset":1738600626,"temp":{"day":5.1,"min":0.46,"max":7.05,"night":1.68,"eve":3.27,"morn":0.68},"feels_like":{"day":2.89,"night":-1.66,"eve":0.7,"morn":-2.29},"pressure":1028,"humidity":64,"weather":[{"id":800,"main":"Clear","description":"sky is clear","icon":"01d"}],"speed":3.22,"deg":202,"gust":6.27,"clouds":6,"pop":0},{"dt":1738666800,"sunrise":1738653250,"sunset":1738687133,"temp":{"day":6.28,"min":1.03,"max":8.33,"night":4.19,"eve":4.9,"morn":1.08},"feels_like":{"day":2.97,"night":0.07,"eve":1.48,"morn":-2.43},"pressure":1027,"humidity":69,"weather":[{"id":801,"main":"Clouds","description":"few clouds","icon":"02d"}],"speed":5.59,"deg":203,"gust":14.03,"clouds":11,"pop":0},{"dt":1738753200,"sunrise":1738739554,"sunset":1738773640,"temp":{"day":7.95,"min":2.83,"max":7.95,"night":2.83,"eve":3.93,"morn":2.93},"feels_like":{"day":5.34,"night":0.97,"eve":1.24,"morn":-0.28},"pressure":1039,"humidity":68,"weather":[{"id":800,"main":"Clear","description":"sky is clear","icon":"01d"}],"speed":5.68,"deg":221,"gust":13.18,"clouds":1,"pop":0}]}
--- ENF OF RECEIVED DATA ---

{"city":{"id":2800866,"name":"Brussels","coord":{"lon":4.3488,"lat":50.8504},"country":"BE","population":1019022,"timezone":3600},"cod":"200","message":1.1736598,"cnt":4,"list":[{"dt":1738494000,"sunrise":1738480635,"sunset":1738514119,"temp":{"day":4.67,"min":-2.91,"max":6.57,"night":2.23,"eve":3.4,"morn":-1.8},"feels_like":{"day":2.98,"night":0.8,"eve":3.4,"morn":-3.87},"pressure":1025,"humidity":53,"weather":[{"id":800,"main":"Clear","description":"sky is clear","icon":"01d"}],"speed":2.5,"deg":128,"gust":4.17,"clouds":10,"pop":0},{"dt":1738580400,"sunrise":1738566943,"sunset":1738600626,"temp":{"day":5.1,"min":0.46,"max":7.05,"night":1.68,"eve":3.27,"morn":0.68},"feels_like":{"day":2.89,"night":-1.66,"eve":0.7,"morn":-2.29},"pressure":1028,"humidity":64,"weather":[{"id":800,"main":"Clear","description":"sky is clear","icon":"01d"}],"speed":3.22,"deg":202,"gust":6.27,"clouds":6,"pop":0},{"dt":1738666800,"sunrise":1738653250,"sunset":1738687133,"temp":{"day":6.28,"min":1.03,"max":8.33,"night":4.19,"eve":4.9,"morn":1.08},"feels_like":{"day":2.97,"night":0.07,"eve":1.48,"morn":-2.43},"pressure":1027,"humidity":69,"weather":[{"id":801,"main":"Clouds","description":"few clouds","icon":"02d"}],"speed":5.59,"deg":203,"gust":14.03,"clouds":11,"pop":0},{"dt":1738753200,"sunrise":1738739554,"sunset":1738773640,"temp":{"day":7.95,"min":2.83,"max":7.95,"night":2.83,"eve":3.93,"morn":2.93},"feels_like":{"day":5.34,"night":0.97,"eve":1.24,"morn":-0.28},"pressure":1039,"humidity":68,"weather":[{"id":800,"main":"Clear","description":"sky is clear","icon":"01d"}],"speed":5.68,"deg":221,"gust":13.18,"clouds":1,"pop":0}]}
--- ENF OF RECEIVED DATA ---

