________________________________________________
|             CALL API : START                |
________________________________________________

Informations : 
Called API: meteo - 17 May 2024, 13:00
Method: GETMETEO - Timeout : 300 - Cache : 1
URL CALLED : https://api.openweathermap.org/data/2.5/forecast/daily?q=Brussels,be&units=metric&cnt=4&appid=ea18c0706135505149200c3836f29800
-------------------------
________________________________________________
|             CALL API : START                |
________________________________________________

Informations : 
Called API: meteo - 17 May 2024, 13:00
Method: GETMETEO - Timeout : 300 - Cache : 1
URL CALLED : https://api.openweathermap.org/data/2.5/forecast/daily?q=Brussels,be&units=metric&cnt=4&appid=ea18c0706135505149200c3836f29800
-------------------------
{"city":{"id":2800866,"name":"Brussels","coord":{"lon":4.3488,"lat":50.8504},"country":"BE","population":1019022,"timezone":7200},"cod":"200","message":0.0778706,"cnt":4,"list":[{"dt":1715943600,"sunrise":1715917814,"sunset":1715974081,"temp":{"day":17.73,"min":10.85,"max":17.75,"night":12.5,"eve":14.77,"morn":11.9},"feels_like":{"day":17.52,"night":12.34,"eve":14.52,"morn":11.57},"pressure":1009,"humidity":75,"weather":[{"id":501,"main":"Rain","description":"moderate rain","icon":"10d"}],"speed":5.12,"deg":304,"gust":9.79,"clouds":40,"pop":1,"rain":5.69},{"dt":1716030000,"sunrise":1716004134,"sunset":1716060567,"temp":{"day":17.95,"min":12.25,"max":19.99,"night":12.49,"eve":17.3,"morn":12.83},"feels_like":{"day":17.65,"night":12.28,"eve":17.2,"morn":12.65},"pressure":1011,"humidity":71,"weather":[{"id":500,"main":"Rain","description":"light rain","icon":"10d"}],"speed":5.06,"deg":283,"gust":10.15,"clouds":90,"pop":1,"rain":5.43},{"dt":1716116400,"sunrise":1716090456,"sunset":1716147052,"temp":{"day":16.2,"min":10.58,"max":18.51,"night":13.05,"eve":17.63,"morn":11.67},"feels_like":{"day":15.96,"night":12.92,"eve":17.51,"morn":11.45},"pressure":1011,"humidity":80,"weather":[{"id":501,"main":"Rain","description":"moderate rain","icon":"10d"}],"speed":3.29,"deg":306,"gust":4.07,"clouds":100,"pop":1,"rain":7.61},{"dt":1716202800,"sunrise":1716176780,"sunset":1716233535,"temp":{"day":15.18,"min":10.82,"max":19.76,"night":14.53,"eve":18.8,"morn":11.98},"feels_like":{"day":14.92,"night":14.44,"eve":18.69,"morn":11.74},"pressure":1011,"humidity":83,"weather":[{"id":500,"main":"Rain","description":"light rain","icon":"10d"}],"speed":2.2,"deg":345,"gust":3.89,"clouds":100,"pop":1,"rain":2.02}]}
--- ENF OF RECEIVED DATA ---

{"city":{"id":2800866,"name":"Brussels","coord":{"lon":4.3488,"lat":50.8504},"country":"BE","population":1019022,"timezone":7200},"cod":"200","message":0.0778706,"cnt":4,"list":[{"dt":1715943600,"sunrise":1715917814,"sunset":1715974081,"temp":{"day":17.73,"min":10.85,"max":17.75,"night":12.5,"eve":14.77,"morn":11.9},"feels_like":{"day":17.52,"night":12.34,"eve":14.52,"morn":11.57},"pressure":1009,"humidity":75,"weather":[{"id":501,"main":"Rain","description":"moderate rain","icon":"10d"}],"speed":5.12,"deg":304,"gust":9.79,"clouds":40,"pop":1,"rain":5.69},{"dt":1716030000,"sunrise":1716004134,"sunset":1716060567,"temp":{"day":17.95,"min":12.25,"max":19.99,"night":12.49,"eve":17.3,"morn":12.83},"feels_like":{"day":17.65,"night":12.28,"eve":17.2,"morn":12.65},"pressure":1011,"humidity":71,"weather":[{"id":500,"main":"Rain","description":"light rain","icon":"10d"}],"speed":5.06,"deg":283,"gust":10.15,"clouds":90,"pop":1,"rain":5.43},{"dt":1716116400,"sunrise":1716090456,"sunset":1716147052,"temp":{"day":16.2,"min":10.58,"max":18.51,"night":13.05,"eve":17.63,"morn":11.67},"feels_like":{"day":15.96,"night":12.92,"eve":17.51,"morn":11.45},"pressure":1011,"humidity":80,"weather":[{"id":501,"main":"Rain","description":"moderate rain","icon":"10d"}],"speed":3.29,"deg":306,"gust":4.07,"clouds":100,"pop":1,"rain":7.61},{"dt":1716202800,"sunrise":1716176780,"sunset":1716233535,"temp":{"day":15.18,"min":10.82,"max":19.76,"night":14.53,"eve":18.8,"morn":11.98},"feels_like":{"day":14.92,"night":14.44,"eve":18.69,"morn":11.74},"pressure":1011,"humidity":83,"weather":[{"id":500,"main":"Rain","description":"light rain","icon":"10d"}],"speed":2.2,"deg":345,"gust":3.89,"clouds":100,"pop":1,"rain":2.02}]}
--- ENF OF RECEIVED DATA ---

