________________________________________________
|             CALL API : START                |
________________________________________________

Informations : 
Called API: meteo - 15 March 2024, 22:30
Method: GETMETEO - Timeout : 300 - Cache : 1
URL CALLED : https://api.openweathermap.org/data/2.5/forecast/daily?q=Brussels,be&units=metric&cnt=4&appid=ea18c0706135505149200c3836f29800
-------------------------
________________________________________________
|             CALL API : START                |
________________________________________________

Informations : 
Called API: meteo - 15 March 2024, 22:30
Method: GETMETEO - Timeout : 300 - Cache : 1
URL CALLED : https://api.openweathermap.org/data/2.5/forecast/daily?q=Brussels,be&units=metric&cnt=4&appid=ea18c0706135505149200c3836f29800
-------------------------
{"city":{"id":2800866,"name":"Brussels","coord":{"lon":4.3488,"lat":50.8504},"country":"BE","population":1019022,"timezone":3600},"cod":"200","message":0.084816,"cnt":4,"list":[{"dt":1710500400,"sunrise":1710482154,"sunset":1710524824,"temp":{"day":12.71,"min":11,"max":14.64,"night":11,"eve":12.33,"morn":12.04},"feels_like":{"day":12.15,"night":10.3,"eve":11.66,"morn":11.6},"pressure":1010,"humidity":81,"weather":[{"id":500,"main":"Rain","description":"light rain","icon":"10d"}],"speed":9.39,"deg":219,"gust":14.36,"clouds":90,"pop":1,"rain":2.38},{"dt":1710586800,"sunrise":1710568420,"sunset":1710611323,"temp":{"day":9.7,"min":7.34,"max":11.7,"night":7.34,"eve":10.54,"morn":8.46},"feels_like":{"day":8.39,"night":5.66,"eve":9.19,"morn":6.03},"pressure":1022,"humidity":64,"weather":[{"id":500,"main":"Rain","description":"light rain","icon":"10d"}],"speed":6.11,"deg":243,"gust":11.86,"clouds":93,"pop":1,"rain":1.61},{"dt":1710673200,"sunrise":1710654685,"sunset":1710697822,"temp":{"day":10.09,"min":6.81,"max":12.88,"night":10.93,"eve":10.94,"morn":8.02},"feels_like":{"day":9.48,"night":10.51,"eve":10.47,"morn":5.81},"pressure":1020,"humidity":89,"weather":[{"id":500,"main":"Rain","description":"light rain","icon":"10d"}],"speed":5.55,"deg":204,"gust":11.19,"clouds":100,"pop":1,"rain":1.88},{"dt":1710759600,"sunrise":1710740950,"sunset":1710784320,"temp":{"day":14.67,"min":9.59,"max":15.87,"night":10.35,"eve":13.22,"morn":9.75},"feels_like":{"day":13.99,"night":9.84,"eve":12.56,"morn":8.4},"pressure":1015,"humidity":69,"weather":[{"id":500,"main":"Rain","description":"light rain","icon":"10d"}],"speed":5.13,"deg":275,"gust":9.94,"clouds":99,"pop":1,"rain":1.02}]}
--- ENF OF RECEIVED DATA ---

{"city":{"id":2800866,"name":"Brussels","coord":{"lon":4.3488,"lat":50.8504},"country":"BE","population":1019022,"timezone":3600},"cod":"200","message":0.084816,"cnt":4,"list":[{"dt":1710500400,"sunrise":1710482154,"sunset":1710524824,"temp":{"day":12.71,"min":11,"max":14.64,"night":11,"eve":12.33,"morn":12.04},"feels_like":{"day":12.15,"night":10.3,"eve":11.66,"morn":11.6},"pressure":1010,"humidity":81,"weather":[{"id":500,"main":"Rain","description":"light rain","icon":"10d"}],"speed":9.39,"deg":219,"gust":14.36,"clouds":90,"pop":1,"rain":2.38},{"dt":1710586800,"sunrise":1710568420,"sunset":1710611323,"temp":{"day":9.7,"min":7.34,"max":11.7,"night":7.34,"eve":10.54,"morn":8.46},"feels_like":{"day":8.39,"night":5.66,"eve":9.19,"morn":6.03},"pressure":1022,"humidity":64,"weather":[{"id":500,"main":"Rain","description":"light rain","icon":"10d"}],"speed":6.11,"deg":243,"gust":11.86,"clouds":93,"pop":1,"rain":1.61},{"dt":1710673200,"sunrise":1710654685,"sunset":1710697822,"temp":{"day":10.09,"min":6.81,"max":12.88,"night":10.93,"eve":10.94,"morn":8.02},"feels_like":{"day":9.48,"night":10.51,"eve":10.47,"morn":5.81},"pressure":1020,"humidity":89,"weather":[{"id":500,"main":"Rain","description":"light rain","icon":"10d"}],"speed":5.55,"deg":204,"gust":11.19,"clouds":100,"pop":1,"rain":1.88},{"dt":1710759600,"sunrise":1710740950,"sunset":1710784320,"temp":{"day":14.67,"min":9.59,"max":15.87,"night":10.35,"eve":13.22,"morn":9.75},"feels_like":{"day":13.99,"night":9.84,"eve":12.56,"morn":8.4},"pressure":1015,"humidity":69,"weather":[{"id":500,"main":"Rain","description":"light rain","icon":"10d"}],"speed":5.13,"deg":275,"gust":9.94,"clouds":99,"pop":1,"rain":1.02}]}
--- ENF OF RECEIVED DATA ---

