________________________________________________
|             CALL API : START                |
________________________________________________

Informations : 
Called API: meteo - 13 June 2023, 07:00
Method: GETMETEO - Timeout : 300 - Cache : 1
URL CALLED : https://api.openweathermap.org/data/2.5/forecast/daily?q=Brussels,be&units=metric&cnt=4&appid=ea18c0706135505149200c3836f29800
-------------------------
________________________________________________
|             CALL API : START                |
________________________________________________

Informations : 
Called API: meteo - 13 June 2023, 07:00
Method: GETMETEO - Timeout : 300 - Cache : 1
URL CALLED : https://api.openweathermap.org/data/2.5/forecast/daily?q=Brussels,be&units=metric&cnt=4&appid=ea18c0706135505149200c3836f29800
-------------------------
{"city":{"id":2800866,"name":"Brussels","coord":{"lon":4.3488,"lat":50.8504},"country":"BE","population":1019022,"timezone":7200},"cod":"200","message":0.0930837,"cnt":4,"list":[{"dt":1686654000,"sunrise":1686626931,"sunset":1686686188,"temp":{"day":26.24,"min":16.58,"max":27.21,"night":19.12,"eve":25.9,"morn":16.63},"feels_like":{"day":26.24,"night":18.5,"eve":25.51,"morn":16.18},"pressure":1013,"humidity":39,"weather":[{"id":801,"main":"Clouds","description":"few clouds","icon":"02d"}],"speed":5.33,"deg":79,"gust":11.61,"clouds":12,"pop":0},{"dt":1686740400,"sunrise":1686713320,"sunset":1686772623,"temp":{"day":24.62,"min":13.47,"max":26.06,"night":18.45,"eve":24.38,"morn":14.71},"feels_like":{"day":24.16,"night":17.71,"eve":23.97,"morn":14.04},"pressure":1016,"humidity":39,"weather":[{"id":800,"main":"Clear","description":"sky is clear","icon":"01d"}],"speed":5.25,"deg":59,"gust":12.54,"clouds":4,"pop":0},{"dt":1686826800,"sunrise":1686799711,"sunset":1686859055,"temp":{"day":23.47,"min":12.57,"max":25.39,"night":17.42,"eve":24.69,"morn":13.82},"feels_like":{"day":22.94,"night":16.68,"eve":24.18,"morn":13.16},"pressure":1020,"humidity":41,"weather":[{"id":803,"main":"Clouds","description":"broken clouds","icon":"04d"}],"speed":4.66,"deg":74,"gust":11.42,"clouds":67,"pop":0},{"dt":1686913200,"sunrise":1686886106,"sunset":1686945485,"temp":{"day":24.8,"min":13.01,"max":25.13,"night":14.87,"eve":21.03,"morn":16.79},"feels_like":{"day":24.2,"night":14.08,"eve":20.34,"morn":16.3},"pressure":1021,"humidity":33,"weather":[{"id":800,"main":"Clear","description":"sky is clear","icon":"01d"}],"speed":5.21,"deg":345,"gust":7.26,"clouds":0,"pop":0}]}
--- ENF OF RECEIVED DATA ---

{"city":{"id":2800866,"name":"Brussels","coord":{"lon":4.3488,"lat":50.8504},"country":"BE","population":1019022,"timezone":7200},"cod":"200","message":0.0930837,"cnt":4,"list":[{"dt":1686654000,"sunrise":1686626931,"sunset":1686686188,"temp":{"day":26.24,"min":16.58,"max":27.21,"night":19.12,"eve":25.9,"morn":16.63},"feels_like":{"day":26.24,"night":18.5,"eve":25.51,"morn":16.18},"pressure":1013,"humidity":39,"weather":[{"id":801,"main":"Clouds","description":"few clouds","icon":"02d"}],"speed":5.33,"deg":79,"gust":11.61,"clouds":12,"pop":0},{"dt":1686740400,"sunrise":1686713320,"sunset":1686772623,"temp":{"day":24.62,"min":13.47,"max":26.06,"night":18.45,"eve":24.38,"morn":14.71},"feels_like":{"day":24.16,"night":17.71,"eve":23.97,"morn":14.04},"pressure":1016,"humidity":39,"weather":[{"id":800,"main":"Clear","description":"sky is clear","icon":"01d"}],"speed":5.25,"deg":59,"gust":12.54,"clouds":4,"pop":0},{"dt":1686826800,"sunrise":1686799711,"sunset":1686859055,"temp":{"day":23.47,"min":12.57,"max":25.39,"night":17.42,"eve":24.69,"morn":13.82},"feels_like":{"day":22.94,"night":16.68,"eve":24.18,"morn":13.16},"pressure":1020,"humidity":41,"weather":[{"id":803,"main":"Clouds","description":"broken clouds","icon":"04d"}],"speed":4.66,"deg":74,"gust":11.42,"clouds":67,"pop":0},{"dt":1686913200,"sunrise":1686886106,"sunset":1686945485,"temp":{"day":24.8,"min":13.01,"max":25.13,"night":14.87,"eve":21.03,"morn":16.79},"feels_like":{"day":24.2,"night":14.08,"eve":20.34,"morn":16.3},"pressure":1021,"humidity":33,"weather":[{"id":800,"main":"Clear","description":"sky is clear","icon":"01d"}],"speed":5.21,"deg":345,"gust":7.26,"clouds":0,"pop":0}]}
--- ENF OF RECEIVED DATA ---

