________________________________________________
|             CALL API : START                |
________________________________________________

Informations : 
Called API: meteo - 24 March 2024, 02:10
Method: GETMETEO - Timeout : 300 - Cache : 1
URL CALLED : https://api.openweathermap.org/data/2.5/forecast/daily?q=Brussels,be&units=metric&cnt=4&appid=ea18c0706135505149200c3836f29800
-------------------------
________________________________________________
|             CALL API : START                |
________________________________________________

Informations : 
Called API: meteo - 24 March 2024, 02:10
Method: GETMETEO - Timeout : 300 - Cache : 1
URL CALLED : https://api.openweathermap.org/data/2.5/forecast/daily?q=Brussels,be&units=metric&cnt=4&appid=ea18c0706135505149200c3836f29800
-------------------------
{"city":{"id":2800866,"name":"Brussels","coord":{"lon":4.3488,"lat":50.8504},"country":"BE","population":1019022,"timezone":3600},"cod":"200","message":0.0502211,"cnt":4,"list":[{"dt":1711278000,"sunrise":1711258539,"sunset":1711303306,"temp":{"day":8.76,"min":3.71,"max":8.76,"night":3.71,"eve":7.29,"morn":5.11},"feels_like":{"day":4.64,"night":0.75,"eve":3.81,"morn":0.35},"pressure":1008,"humidity":66,"weather":[{"id":500,"main":"Rain","description":"light rain","icon":"10d"}],"speed":9.68,"deg":288,"gust":14.18,"clouds":69,"pop":1,"rain":2.71},{"dt":1711364400,"sunrise":1711344804,"sunset":1711389804,"temp":{"day":9.1,"min":2.19,"max":11.07,"night":6.43,"eve":9.8,"morn":2.21},"feels_like":{"day":7.09,"night":3.28,"eve":7.37,"morn":-0.72},"pressure":1006,"humidity":59,"weather":[{"id":804,"main":"Clouds","description":"overcast clouds","icon":"04d"}],"speed":4.94,"deg":122,"gust":11.46,"clouds":100,"pop":0},{"dt":1711450800,"sunrise":1711431069,"sunset":1711476301,"temp":{"day":9.61,"min":4.74,"max":10.59,"night":7.69,"eve":9.4,"morn":4.76},"feels_like":{"day":7.09,"night":7.69,"eve":7.89,"morn":2.18},"pressure":989,"humidity":87,"weather":[{"id":501,"main":"Rain","description":"moderate rain","icon":"10d"}],"speed":5.32,"deg":172,"gust":11.93,"clouds":100,"pop":1,"rain":5.14},{"dt":1711537200,"sunrise":1711517334,"sunset":1711562798,"temp":{"day":9.9,"min":6.1,"max":10.9,"night":9.14,"eve":9.01,"morn":6.1},"feels_like":{"day":6.02,"night":5.48,"eve":5.3,"morn":2.39},"pressure":985,"humidity":70,"weather":[{"id":500,"main":"Rain","description":"light rain","icon":"10d"}],"speed":10.26,"deg":190,"gust":15.57,"clouds":98,"pop":1,"rain":1.29}]}
--- ENF OF RECEIVED DATA ---

{"city":{"id":2800866,"name":"Brussels","coord":{"lon":4.3488,"lat":50.8504},"country":"BE","population":1019022,"timezone":3600},"cod":"200","message":0.0502211,"cnt":4,"list":[{"dt":1711278000,"sunrise":1711258539,"sunset":1711303306,"temp":{"day":8.76,"min":3.71,"max":8.76,"night":3.71,"eve":7.29,"morn":5.11},"feels_like":{"day":4.64,"night":0.75,"eve":3.81,"morn":0.35},"pressure":1008,"humidity":66,"weather":[{"id":500,"main":"Rain","description":"light rain","icon":"10d"}],"speed":9.68,"deg":288,"gust":14.18,"clouds":69,"pop":1,"rain":2.71},{"dt":1711364400,"sunrise":1711344804,"sunset":1711389804,"temp":{"day":9.1,"min":2.19,"max":11.07,"night":6.43,"eve":9.8,"morn":2.21},"feels_like":{"day":7.09,"night":3.28,"eve":7.37,"morn":-0.72},"pressure":1006,"humidity":59,"weather":[{"id":804,"main":"Clouds","description":"overcast clouds","icon":"04d"}],"speed":4.94,"deg":122,"gust":11.46,"clouds":100,"pop":0},{"dt":1711450800,"sunrise":1711431069,"sunset":1711476301,"temp":{"day":9.61,"min":4.74,"max":10.59,"night":7.69,"eve":9.4,"morn":4.76},"feels_like":{"day":7.09,"night":7.69,"eve":7.89,"morn":2.18},"pressure":989,"humidity":87,"weather":[{"id":501,"main":"Rain","description":"moderate rain","icon":"10d"}],"speed":5.32,"deg":172,"gust":11.93,"clouds":100,"pop":1,"rain":5.14},{"dt":1711537200,"sunrise":1711517334,"sunset":1711562798,"temp":{"day":9.9,"min":6.1,"max":10.9,"night":9.14,"eve":9.01,"morn":6.1},"feels_like":{"day":6.02,"night":5.48,"eve":5.3,"morn":2.39},"pressure":985,"humidity":70,"weather":[{"id":500,"main":"Rain","description":"light rain","icon":"10d"}],"speed":10.26,"deg":190,"gust":15.57,"clouds":98,"pop":1,"rain":1.29}]}
--- ENF OF RECEIVED DATA ---

