________________________________________________
|             CALL API : START                |
________________________________________________

Informations : 
Called API: meteo - 22 September 2024, 01:20
Method: GETMETEO - Timeout : 300 - Cache : 1
URL CALLED : https://api.openweathermap.org/data/2.5/forecast/daily?q=Brussels,be&units=metric&cnt=4&appid=ea18c0706135505149200c3836f29800
-------------------------
________________________________________________
|             CALL API : START                |
________________________________________________

Informations : 
Called API: meteo - 22 September 2024, 01:20
Method: GETMETEO - Timeout : 300 - Cache : 1
URL CALLED : https://api.openweathermap.org/data/2.5/forecast/daily?q=Brussels,be&units=metric&cnt=4&appid=ea18c0706135505149200c3836f29800
-------------------------
{"city":{"id":2800866,"name":"Brussels","coord":{"lon":4.3488,"lat":50.8504},"country":"BE","population":1019022,"timezone":7200},"cod":"200","message":3.2855913,"cnt":4,"list":[{"dt":1727002800,"sunrise":1726982954,"sunset":1727026876,"temp":{"day":17.9,"min":15.41,"max":20.56,"night":15.93,"eve":18.06,"morn":16.38},"feels_like":{"day":17.81,"night":15.98,"eve":17.91,"morn":16.08},"pressure":1015,"humidity":79,"weather":[{"id":500,"main":"Rain","description":"light rain","icon":"10d"}],"speed":4.63,"deg":150,"gust":10.48,"clouds":98,"pop":1,"rain":1.95},{"dt":1727089200,"sunrise":1727069447,"sunset":1727113139,"temp":{"day":18.72,"min":13.77,"max":19.99,"night":13.77,"eve":18.03,"morn":15.41},"feels_like":{"day":18.63,"night":13.34,"eve":17.56,"morn":15.54},"pressure":1008,"humidity":76,"weather":[{"id":502,"main":"Rain","description":"heavy intensity rain","icon":"10d"}],"speed":6.8,"deg":215,"gust":10.39,"clouds":90,"pop":1,"rain":12.7},{"dt":1727175600,"sunrise":1727155940,"sunset":1727199403,"temp":{"day":16.24,"min":11.5,"max":17.29,"night":13.93,"eve":15.95,"morn":11.5},"feels_like":{"day":15.96,"night":13.81,"eve":15.79,"morn":11.13},"pressure":1007,"humidity":78,"weather":[{"id":500,"main":"Rain","description":"light rain","icon":"10d"}],"speed":5.71,"deg":215,"gust":11.32,"clouds":77,"pop":1,"rain":1.94},{"dt":1727262000,"sunrise":1727242433,"sunset":1727285666,"temp":{"day":15.43,"min":13.07,"max":17.71,"night":13.07,"eve":14.84,"morn":13.74},"feels_like":{"day":15.33,"night":12.57,"eve":14.36,"morn":13.57},"pressure":994,"humidity":88,"weather":[{"id":501,"main":"Rain","description":"moderate rain","icon":"10d"}],"speed":10.86,"deg":230,"gust":20.39,"clouds":100,"pop":1,"rain":11.07}]}
--- ENF OF RECEIVED DATA ---

{"city":{"id":2800866,"name":"Brussels","coord":{"lon":4.3488,"lat":50.8504},"country":"BE","population":1019022,"timezone":7200},"cod":"200","message":3.2855913,"cnt":4,"list":[{"dt":1727002800,"sunrise":1726982954,"sunset":1727026876,"temp":{"day":17.9,"min":15.41,"max":20.56,"night":15.93,"eve":18.06,"morn":16.38},"feels_like":{"day":17.81,"night":15.98,"eve":17.91,"morn":16.08},"pressure":1015,"humidity":79,"weather":[{"id":500,"main":"Rain","description":"light rain","icon":"10d"}],"speed":4.63,"deg":150,"gust":10.48,"clouds":98,"pop":1,"rain":1.95},{"dt":1727089200,"sunrise":1727069447,"sunset":1727113139,"temp":{"day":18.72,"min":13.77,"max":19.99,"night":13.77,"eve":18.03,"morn":15.41},"feels_like":{"day":18.63,"night":13.34,"eve":17.56,"morn":15.54},"pressure":1008,"humidity":76,"weather":[{"id":502,"main":"Rain","description":"heavy intensity rain","icon":"10d"}],"speed":6.8,"deg":215,"gust":10.39,"clouds":90,"pop":1,"rain":12.7},{"dt":1727175600,"sunrise":1727155940,"sunset":1727199403,"temp":{"day":16.24,"min":11.5,"max":17.29,"night":13.93,"eve":15.95,"morn":11.5},"feels_like":{"day":15.96,"night":13.81,"eve":15.79,"morn":11.13},"pressure":1007,"humidity":78,"weather":[{"id":500,"main":"Rain","description":"light rain","icon":"10d"}],"speed":5.71,"deg":215,"gust":11.32,"clouds":77,"pop":1,"rain":1.94},{"dt":1727262000,"sunrise":1727242433,"sunset":1727285666,"temp":{"day":15.43,"min":13.07,"max":17.71,"night":13.07,"eve":14.84,"morn":13.74},"feels_like":{"day":15.33,"night":12.57,"eve":14.36,"morn":13.57},"pressure":994,"humidity":88,"weather":[{"id":501,"main":"Rain","description":"moderate rain","icon":"10d"}],"speed":10.86,"deg":230,"gust":20.39,"clouds":100,"pop":1,"rain":11.07}]}
--- ENF OF RECEIVED DATA ---

