________________________________________________
|             CALL API : START                |
________________________________________________

Informations : 
Called API: meteo - 3 December 2023, 23:10
Method: GETMETEO - Timeout : 300 - Cache : 1
URL CALLED : https://api.openweathermap.org/data/2.5/forecast/daily?q=Brussels,be&units=metric&cnt=4&appid=ea18c0706135505149200c3836f29800
-------------------------
________________________________________________
|             CALL API : START                |
________________________________________________

Informations : 
Called API: meteo - 3 December 2023, 23:10
Method: GETMETEO - Timeout : 300 - Cache : 1
URL CALLED : https://api.openweathermap.org/data/2.5/forecast/daily?q=Brussels,be&units=metric&cnt=4&appid=ea18c0706135505149200c3836f29800
-------------------------
{"city":{"id":2800866,"name":"Brussels","coord":{"lon":4.3488,"lat":50.8504},"country":"BE","population":1019022,"timezone":3600},"cod":"200","message":0.1024772,"cnt":4,"list":[{"dt":1701601200,"sunrise":1701588318,"sunset":1701617974,"temp":{"day":2.04,"min":-1.12,"max":2.13,"night":1.47,"eve":0.09,"morn":-1.12},"feels_like":{"day":-3.27,"night":-3.89,"eve":-5.91,"morn":-5.63},"pressure":1020,"humidity":65,"weather":[{"id":616,"main":"Snow","description":"rain and snow","icon":"13d"}],"speed":7.31,"deg":188,"gust":16.54,"clouds":99,"pop":1,"rain":0.51,"snow":2.95},{"dt":1701687600,"sunrise":1701674796,"sunset":1701704343,"temp":{"day":2.44,"min":1.46,"max":6.07,"night":5.41,"eve":5.56,"morn":2.22},"feels_like":{"day":-2.99,"night":1.85,"eve":1.21,"morn":-3},"pressure":1004,"humidity":95,"weather":[{"id":616,"main":"Snow","description":"rain and snow","icon":"13d"}],"speed":7.56,"deg":170,"gust":16.6,"clouds":100,"pop":1,"rain":3.65,"snow":0.53},{"dt":1701774000,"sunrise":1701761271,"sunset":1701790716,"temp":{"day":3.71,"min":3.5,"max":5.58,"night":5.58,"eve":4.24,"morn":3.5},"feels_like":{"day":0,"night":3.03,"eve":2.04,"morn":-0.87},"pressure":1002,"humidity":96,"weather":[{"id":501,"main":"Rain","description":"moderate rain","icon":"10d"}],"speed":6.49,"deg":171,"gust":13.13,"clouds":100,"pop":0.75,"rain":4.02},{"dt":1701860400,"sunrise":1701847745,"sunset":1701877091,"temp":{"day":6.85,"min":3.5,"max":7.07,"night":3.5,"eve":5.31,"morn":5.58},"feels_like":{"day":4.62,"night":0.9,"eve":3.28,"morn":2.63},"pressure":1015,"humidity":77,"weather":[{"id":500,"main":"Rain","description":"light rain","icon":"10d"}],"speed":5.8,"deg":269,"gust":10.71,"clouds":81,"pop":0.79,"rain":1.58}]}
--- ENF OF RECEIVED DATA ---

{"city":{"id":2800866,"name":"Brussels","coord":{"lon":4.3488,"lat":50.8504},"country":"BE","population":1019022,"timezone":3600},"cod":"200","message":0.1024772,"cnt":4,"list":[{"dt":1701601200,"sunrise":1701588318,"sunset":1701617974,"temp":{"day":2.04,"min":-1.12,"max":2.13,"night":1.47,"eve":0.09,"morn":-1.12},"feels_like":{"day":-3.27,"night":-3.89,"eve":-5.91,"morn":-5.63},"pressure":1020,"humidity":65,"weather":[{"id":616,"main":"Snow","description":"rain and snow","icon":"13d"}],"speed":7.31,"deg":188,"gust":16.54,"clouds":99,"pop":1,"rain":0.51,"snow":2.95},{"dt":1701687600,"sunrise":1701674796,"sunset":1701704343,"temp":{"day":2.44,"min":1.46,"max":6.07,"night":5.41,"eve":5.56,"morn":2.22},"feels_like":{"day":-2.99,"night":1.85,"eve":1.21,"morn":-3},"pressure":1004,"humidity":95,"weather":[{"id":616,"main":"Snow","description":"rain and snow","icon":"13d"}],"speed":7.56,"deg":170,"gust":16.6,"clouds":100,"pop":1,"rain":3.65,"snow":0.53},{"dt":1701774000,"sunrise":1701761271,"sunset":1701790716,"temp":{"day":3.71,"min":3.5,"max":5.58,"night":5.58,"eve":4.24,"morn":3.5},"feels_like":{"day":0,"night":3.03,"eve":2.04,"morn":-0.87},"pressure":1002,"humidity":96,"weather":[{"id":501,"main":"Rain","description":"moderate rain","icon":"10d"}],"speed":6.49,"deg":171,"gust":13.13,"clouds":100,"pop":0.75,"rain":4.02},{"dt":1701860400,"sunrise":1701847745,"sunset":1701877091,"temp":{"day":6.85,"min":3.5,"max":7.07,"night":3.5,"eve":5.31,"morn":5.58},"feels_like":{"day":4.62,"night":0.9,"eve":3.28,"morn":2.63},"pressure":1015,"humidity":77,"weather":[{"id":500,"main":"Rain","description":"light rain","icon":"10d"}],"speed":5.8,"deg":269,"gust":10.71,"clouds":81,"pop":0.79,"rain":1.58}]}
--- ENF OF RECEIVED DATA ---

