________________________________________________
|             CALL API : START                |
________________________________________________

Informations : 
Called API: meteo - 28 November 2023, 18:40
Method: GETMETEO - Timeout : 300 - Cache : 1
URL CALLED : https://api.openweathermap.org/data/2.5/forecast/daily?q=Brussels,be&units=metric&cnt=4&appid=ea18c0706135505149200c3836f29800
-------------------------
________________________________________________
|             CALL API : START                |
________________________________________________

Informations : 
Called API: meteo - 28 November 2023, 18:40
Method: GETMETEO - Timeout : 300 - Cache : 1
URL CALLED : https://api.openweathermap.org/data/2.5/forecast/daily?q=Brussels,be&units=metric&cnt=4&appid=ea18c0706135505149200c3836f29800
-------------------------
{"city":{"id":2800866,"name":"Brussels","coord":{"lon":4.3488,"lat":50.8504},"country":"BE","population":1019022,"timezone":3600},"cod":"200","message":0.060676,"cnt":4,"list":[{"dt":1701169200,"sunrise":1701155901,"sunset":1701186174,"temp":{"day":3.22,"min":0.33,"max":3.7,"night":2.2,"eve":0.33,"morn":2.68},"feels_like":{"day":0.42,"night":-2.64,"eve":-3.36,"morn":-2.22},"pressure":1009,"humidity":71,"weather":[{"id":500,"main":"Rain","description":"light rain","icon":"10d"}],"speed":6.81,"deg":14,"gust":11.32,"clouds":28,"pop":0.72,"rain":0.13},{"dt":1701255600,"sunrise":1701242388,"sunset":1701272528,"temp":{"day":4.56,"min":-0.24,"max":5.31,"night":-0.24,"eve":1.47,"morn":3.05},"feels_like":{"day":0.24,"night":-3.56,"eve":-0.44,"morn":-1.62},"pressure":1004,"humidity":87,"weather":[{"id":616,"main":"Snow","description":"rain and snow","icon":"13d"}],"speed":6.74,"deg":265,"gust":13.11,"clouds":76,"pop":0.6,"rain":1.28,"snow":0.5},{"dt":1701342000,"sunrise":1701328873,"sunset":1701358885,"temp":{"day":2.12,"min":-1.06,"max":2.89,"night":-1.06,"eve":-0.31,"morn":-0.69},"feels_like":{"day":-1.84,"night":-4.61,"eve":-4.04,"morn":-4.73},"pressure":1004,"humidity":59,"weather":[{"id":804,"main":"Clouds","description":"overcast clouds","icon":"04d"}],"speed":4.47,"deg":83,"gust":8.91,"clouds":100,"pop":0.12},{"dt":1701428400,"sunrise":1701415356,"sunset":1701445245,"temp":{"day":2.06,"min":-1.74,"max":2.06,"night":-1.72,"eve":-1.19,"morn":-1.64},"feels_like":{"day":-1.05,"night":-4.05,"eve":-4.5,"morn":-5.01},"pressure":1007,"humidity":65,"weather":[{"id":800,"main":"Clear","description":"sky is clear","icon":"01d"}],"speed":3.03,"deg":47,"gust":4.31,"clouds":7,"pop":0}]}
--- ENF OF RECEIVED DATA ---

{"city":{"id":2800866,"name":"Brussels","coord":{"lon":4.3488,"lat":50.8504},"country":"BE","population":1019022,"timezone":3600},"cod":"200","message":0.060676,"cnt":4,"list":[{"dt":1701169200,"sunrise":1701155901,"sunset":1701186174,"temp":{"day":3.22,"min":0.33,"max":3.7,"night":2.2,"eve":0.33,"morn":2.68},"feels_like":{"day":0.42,"night":-2.64,"eve":-3.36,"morn":-2.22},"pressure":1009,"humidity":71,"weather":[{"id":500,"main":"Rain","description":"light rain","icon":"10d"}],"speed":6.81,"deg":14,"gust":11.32,"clouds":28,"pop":0.72,"rain":0.13},{"dt":1701255600,"sunrise":1701242388,"sunset":1701272528,"temp":{"day":4.56,"min":-0.24,"max":5.31,"night":-0.24,"eve":1.47,"morn":3.05},"feels_like":{"day":0.24,"night":-3.56,"eve":-0.44,"morn":-1.62},"pressure":1004,"humidity":87,"weather":[{"id":616,"main":"Snow","description":"rain and snow","icon":"13d"}],"speed":6.74,"deg":265,"gust":13.11,"clouds":76,"pop":0.6,"rain":1.28,"snow":0.5},{"dt":1701342000,"sunrise":1701328873,"sunset":1701358885,"temp":{"day":2.12,"min":-1.06,"max":2.89,"night":-1.06,"eve":-0.31,"morn":-0.69},"feels_like":{"day":-1.84,"night":-4.61,"eve":-4.04,"morn":-4.73},"pressure":1004,"humidity":59,"weather":[{"id":804,"main":"Clouds","description":"overcast clouds","icon":"04d"}],"speed":4.47,"deg":83,"gust":8.91,"clouds":100,"pop":0.12},{"dt":1701428400,"sunrise":1701415356,"sunset":1701445245,"temp":{"day":2.06,"min":-1.74,"max":2.06,"night":-1.72,"eve":-1.19,"morn":-1.64},"feels_like":{"day":-1.05,"night":-4.05,"eve":-4.5,"morn":-5.01},"pressure":1007,"humidity":65,"weather":[{"id":800,"main":"Clear","description":"sky is clear","icon":"01d"}],"speed":3.03,"deg":47,"gust":4.31,"clouds":7,"pop":0}]}
--- ENF OF RECEIVED DATA ---

