________________________________________________
|             CALL API : START                |
________________________________________________

Informations : 
Called API: meteo - 21 March 2024, 06:30
Method: GETMETEO - Timeout : 300 - Cache : 1
URL CALLED : https://api.openweathermap.org/data/2.5/forecast/daily?q=Brussels,be&units=metric&cnt=4&appid=ea18c0706135505149200c3836f29800
-------------------------
________________________________________________
|             CALL API : START                |
________________________________________________

Informations : 
Called API: meteo - 21 March 2024, 06:30
Method: GETMETEO - Timeout : 300 - Cache : 1
URL CALLED : https://api.openweathermap.org/data/2.5/forecast/daily?q=Brussels,be&units=metric&cnt=4&appid=ea18c0706135505149200c3836f29800
-------------------------
{"city":{"id":2800866,"name":"Brussels","coord":{"lon":4.3488,"lat":50.8504},"country":"BE","population":1019022,"timezone":3600},"cod":"200","message":0.1474067,"cnt":4,"list":[{"dt":1711018800,"sunrise":1710999745,"sunset":1711043814,"temp":{"day":13.33,"min":8.32,"max":14.88,"night":10.99,"eve":13.89,"morn":8.47},"feels_like":{"day":12.42,"night":10.36,"eve":13.11,"morn":6.74},"pressure":1026,"humidity":65,"weather":[{"id":804,"main":"Clouds","description":"overcast clouds","icon":"04d"}],"speed":3.74,"deg":290,"gust":6.67,"clouds":96,"pop":0},{"dt":1711105200,"sunrise":1711086010,"sunset":1711130311,"temp":{"day":14.55,"min":6.66,"max":14.85,"night":6.66,"eve":10.36,"morn":8.74},"feels_like":{"day":13.58,"night":4.19,"eve":9.88,"morn":5.92},"pressure":1019,"humidity":58,"weather":[{"id":501,"main":"Rain","description":"moderate rain","icon":"10d"}],"speed":6.04,"deg":245,"gust":11.67,"clouds":100,"pop":1,"rain":11.93},{"dt":1711191600,"sunrise":1711172274,"sunset":1711216809,"temp":{"day":8.05,"min":3.79,"max":8.57,"night":3.79,"eve":6.78,"morn":5.41},"feels_like":{"day":4.18,"night":-0.39,"eve":3.12,"morn":2.66},"pressure":1013,"humidity":63,"weather":[{"id":501,"main":"Rain","description":"moderate rain","icon":"10d"}],"speed":8.45,"deg":278,"gust":11.6,"clouds":78,"pop":1,"rain":6.84},{"dt":1711278000,"sunrise":1711258539,"sunset":1711303306,"temp":{"day":7.86,"min":3.45,"max":8.34,"night":4.35,"eve":6.35,"morn":5.01},"feels_like":{"day":3.67,"night":1.59,"eve":3.16,"morn":0.51},"pressure":1011,"humidity":75,"weather":[{"id":500,"main":"Rain","description":"light rain","icon":"10d"}],"speed":8.82,"deg":286,"gust":12.95,"clouds":94,"pop":1,"rain":4.46}]}
--- ENF OF RECEIVED DATA ---

{"city":{"id":2800866,"name":"Brussels","coord":{"lon":4.3488,"lat":50.8504},"country":"BE","population":1019022,"timezone":3600},"cod":"200","message":0.1474067,"cnt":4,"list":[{"dt":1711018800,"sunrise":1710999745,"sunset":1711043814,"temp":{"day":13.33,"min":8.32,"max":14.88,"night":10.99,"eve":13.89,"morn":8.47},"feels_like":{"day":12.42,"night":10.36,"eve":13.11,"morn":6.74},"pressure":1026,"humidity":65,"weather":[{"id":804,"main":"Clouds","description":"overcast clouds","icon":"04d"}],"speed":3.74,"deg":290,"gust":6.67,"clouds":96,"pop":0},{"dt":1711105200,"sunrise":1711086010,"sunset":1711130311,"temp":{"day":14.55,"min":6.66,"max":14.85,"night":6.66,"eve":10.36,"morn":8.74},"feels_like":{"day":13.58,"night":4.19,"eve":9.88,"morn":5.92},"pressure":1019,"humidity":58,"weather":[{"id":501,"main":"Rain","description":"moderate rain","icon":"10d"}],"speed":6.04,"deg":245,"gust":11.67,"clouds":100,"pop":1,"rain":11.93},{"dt":1711191600,"sunrise":1711172274,"sunset":1711216809,"temp":{"day":8.05,"min":3.79,"max":8.57,"night":3.79,"eve":6.78,"morn":5.41},"feels_like":{"day":4.18,"night":-0.39,"eve":3.12,"morn":2.66},"pressure":1013,"humidity":63,"weather":[{"id":501,"main":"Rain","description":"moderate rain","icon":"10d"}],"speed":8.45,"deg":278,"gust":11.6,"clouds":78,"pop":1,"rain":6.84},{"dt":1711278000,"sunrise":1711258539,"sunset":1711303306,"temp":{"day":7.86,"min":3.45,"max":8.34,"night":4.35,"eve":6.35,"morn":5.01},"feels_like":{"day":3.67,"night":1.59,"eve":3.16,"morn":0.51},"pressure":1011,"humidity":75,"weather":[{"id":500,"main":"Rain","description":"light rain","icon":"10d"}],"speed":8.82,"deg":286,"gust":12.95,"clouds":94,"pop":1,"rain":4.46}]}
--- ENF OF RECEIVED DATA ---

