________________________________________________
|             CALL API : START                |
________________________________________________

Informations : 
Called API: meteo - 23 April 2024, 02:30
Method: GETMETEO - Timeout : 300 - Cache : 1
URL CALLED : https://api.openweathermap.org/data/2.5/forecast/daily?q=Brussels,be&units=metric&cnt=4&appid=ea18c0706135505149200c3836f29800
-------------------------
________________________________________________
|             CALL API : START                |
________________________________________________

Informations : 
Called API: meteo - 23 April 2024, 02:30
Method: GETMETEO - Timeout : 300 - Cache : 1
URL CALLED : https://api.openweathermap.org/data/2.5/forecast/daily?q=Brussels,be&units=metric&cnt=4&appid=ea18c0706135505149200c3836f29800
-------------------------
{"city":{"id":2800866,"name":"Brussels","coord":{"lon":4.3488,"lat":50.8504},"country":"BE","population":1019022,"timezone":7200},"cod":"200","message":5.3155805,"cnt":4,"list":[{"dt":1713870000,"sunrise":1713846655,"sunset":1713898227,"temp":{"day":8.93,"min":0.7,"max":10.57,"night":6.29,"eve":8.72,"morn":0.7},"feels_like":{"day":7.51,"night":2.96,"eve":5.68,"morn":-1.55},"pressure":1021,"humidity":45,"weather":[{"id":500,"main":"Rain","description":"light rain","icon":"10d"}],"speed":5.82,"deg":311,"gust":9.18,"clouds":43,"pop":1,"rain":0.41},{"dt":1713956400,"sunrise":1713932937,"sunset":1713984725,"temp":{"day":8.32,"min":3.99,"max":8.78,"night":3.99,"eve":7.71,"morn":4.55},"feels_like":{"day":4.61,"night":1.1,"eve":3.99,"morn":0.79},"pressure":1011,"humidity":64,"weather":[{"id":500,"main":"Rain","description":"light rain","icon":"10d"}],"speed":7.71,"deg":318,"gust":10.84,"clouds":100,"pop":1,"rain":4.54},{"dt":1714042800,"sunrise":1714019220,"sunset":1714071222,"temp":{"day":10.22,"min":3.65,"max":10.86,"night":5.8,"eve":8.04,"morn":3.91},"feels_like":{"day":8.55,"night":3.11,"eve":4.86,"morn":0.78},"pressure":1008,"humidity":48,"weather":[{"id":500,"main":"Rain","description":"light rain","icon":"10d"}],"speed":6.42,"deg":236,"gust":9.57,"clouds":85,"pop":0.31,"rain":0.29},{"dt":1714129200,"sunrise":1714105505,"sunset":1714157719,"temp":{"day":13.52,"min":4.87,"max":14.32,"night":9.17,"eve":11.78,"morn":6.26},"feels_like":{"day":12.42,"night":7.53,"eve":10.92,"morn":2.89},"pressure":1005,"humidity":57,"weather":[{"id":500,"main":"Rain","description":"light rain","icon":"10d"}],"speed":6.13,"deg":206,"gust":12,"clouds":100,"pop":0.23,"rain":0.44}]}
--- ENF OF RECEIVED DATA ---

{"city":{"id":2800866,"name":"Brussels","coord":{"lon":4.3488,"lat":50.8504},"country":"BE","population":1019022,"timezone":7200},"cod":"200","message":5.3155805,"cnt":4,"list":[{"dt":1713870000,"sunrise":1713846655,"sunset":1713898227,"temp":{"day":8.93,"min":0.7,"max":10.57,"night":6.29,"eve":8.72,"morn":0.7},"feels_like":{"day":7.51,"night":2.96,"eve":5.68,"morn":-1.55},"pressure":1021,"humidity":45,"weather":[{"id":500,"main":"Rain","description":"light rain","icon":"10d"}],"speed":5.82,"deg":311,"gust":9.18,"clouds":43,"pop":1,"rain":0.41},{"dt":1713956400,"sunrise":1713932937,"sunset":1713984725,"temp":{"day":8.32,"min":3.99,"max":8.78,"night":3.99,"eve":7.71,"morn":4.55},"feels_like":{"day":4.61,"night":1.1,"eve":3.99,"morn":0.79},"pressure":1011,"humidity":64,"weather":[{"id":500,"main":"Rain","description":"light rain","icon":"10d"}],"speed":7.71,"deg":318,"gust":10.84,"clouds":100,"pop":1,"rain":4.54},{"dt":1714042800,"sunrise":1714019220,"sunset":1714071222,"temp":{"day":10.22,"min":3.65,"max":10.86,"night":5.8,"eve":8.04,"morn":3.91},"feels_like":{"day":8.55,"night":3.11,"eve":4.86,"morn":0.78},"pressure":1008,"humidity":48,"weather":[{"id":500,"main":"Rain","description":"light rain","icon":"10d"}],"speed":6.42,"deg":236,"gust":9.57,"clouds":85,"pop":0.31,"rain":0.29},{"dt":1714129200,"sunrise":1714105505,"sunset":1714157719,"temp":{"day":13.52,"min":4.87,"max":14.32,"night":9.17,"eve":11.78,"morn":6.26},"feels_like":{"day":12.42,"night":7.53,"eve":10.92,"morn":2.89},"pressure":1005,"humidity":57,"weather":[{"id":500,"main":"Rain","description":"light rain","icon":"10d"}],"speed":6.13,"deg":206,"gust":12,"clouds":100,"pop":0.23,"rain":0.44}]}
--- ENF OF RECEIVED DATA ---

