________________________________________________
|             CALL API : START                |
________________________________________________

Informations : 
Called API: meteo - 14 March 2024, 00:50
Method: GETMETEO - Timeout : 300 - Cache : 1
URL CALLED : https://api.openweathermap.org/data/2.5/forecast/daily?q=Brussels,be&units=metric&cnt=4&appid=ea18c0706135505149200c3836f29800
-------------------------
________________________________________________
|             CALL API : START                |
________________________________________________

Informations : 
Called API: meteo - 14 March 2024, 00:50
Method: GETMETEO - Timeout : 300 - Cache : 1
URL CALLED : https://api.openweathermap.org/data/2.5/forecast/daily?q=Brussels,be&units=metric&cnt=4&appid=ea18c0706135505149200c3836f29800
-------------------------
{"city":{"id":2800866,"name":"Brussels","coord":{"lon":4.3488,"lat":50.8504},"country":"BE","population":1019022,"timezone":3600},"cod":"200","message":0.3119253,"cnt":4,"list":[{"dt":1710414000,"sunrise":1710395888,"sunset":1710438326,"temp":{"day":14.46,"min":8.02,"max":16.5,"night":11.53,"eve":14.28,"morn":8.22},"feels_like":{"day":13.74,"night":10.93,"eve":13.72,"morn":5.69},"pressure":1012,"humidity":68,"weather":[{"id":804,"main":"Clouds","description":"overcast clouds","icon":"04d"}],"speed":6.15,"deg":204,"gust":13.34,"clouds":100,"pop":0},{"dt":1710500400,"sunrise":1710482154,"sunset":1710524824,"temp":{"day":14.23,"min":9.68,"max":14.23,"night":9.68,"eve":12.53,"morn":11.48},"feels_like":{"day":13.61,"night":6.35,"eve":11.85,"morn":11.03},"pressure":1009,"humidity":73,"weather":[{"id":500,"main":"Rain","description":"light rain","icon":"10d"}],"speed":8.82,"deg":225,"gust":13.75,"clouds":87,"pop":1,"rain":3.94},{"dt":1710586800,"sunrise":1710568420,"sunset":1710611323,"temp":{"day":9.83,"min":7.19,"max":11.12,"night":7.19,"eve":9.88,"morn":7.62},"feels_like":{"day":7.49,"night":4.82,"eve":9.3,"morn":4.01},"pressure":1022,"humidity":60,"weather":[{"id":500,"main":"Rain","description":"light rain","icon":"10d"}],"speed":8.04,"deg":233,"gust":13.65,"clouds":85,"pop":1,"rain":1.51},{"dt":1710673200,"sunrise":1710654685,"sunset":1710697822,"temp":{"day":10.15,"min":7.03,"max":10.82,"night":10.4,"eve":10.67,"morn":9.18},"feels_like":{"day":9.62,"night":9.95,"eve":10.22,"morn":6.47},"pressure":1017,"humidity":92,"weather":[{"id":500,"main":"Rain","description":"light rain","icon":"10d"}],"speed":6.62,"deg":207,"gust":14.4,"clouds":100,"pop":1,"rain":2.7}]}
--- ENF OF RECEIVED DATA ---

{"city":{"id":2800866,"name":"Brussels","coord":{"lon":4.3488,"lat":50.8504},"country":"BE","population":1019022,"timezone":3600},"cod":"200","message":0.3119253,"cnt":4,"list":[{"dt":1710414000,"sunrise":1710395888,"sunset":1710438326,"temp":{"day":14.46,"min":8.02,"max":16.5,"night":11.53,"eve":14.28,"morn":8.22},"feels_like":{"day":13.74,"night":10.93,"eve":13.72,"morn":5.69},"pressure":1012,"humidity":68,"weather":[{"id":804,"main":"Clouds","description":"overcast clouds","icon":"04d"}],"speed":6.15,"deg":204,"gust":13.34,"clouds":100,"pop":0},{"dt":1710500400,"sunrise":1710482154,"sunset":1710524824,"temp":{"day":14.23,"min":9.68,"max":14.23,"night":9.68,"eve":12.53,"morn":11.48},"feels_like":{"day":13.61,"night":6.35,"eve":11.85,"morn":11.03},"pressure":1009,"humidity":73,"weather":[{"id":500,"main":"Rain","description":"light rain","icon":"10d"}],"speed":8.82,"deg":225,"gust":13.75,"clouds":87,"pop":1,"rain":3.94},{"dt":1710586800,"sunrise":1710568420,"sunset":1710611323,"temp":{"day":9.83,"min":7.19,"max":11.12,"night":7.19,"eve":9.88,"morn":7.62},"feels_like":{"day":7.49,"night":4.82,"eve":9.3,"morn":4.01},"pressure":1022,"humidity":60,"weather":[{"id":500,"main":"Rain","description":"light rain","icon":"10d"}],"speed":8.04,"deg":233,"gust":13.65,"clouds":85,"pop":1,"rain":1.51},{"dt":1710673200,"sunrise":1710654685,"sunset":1710697822,"temp":{"day":10.15,"min":7.03,"max":10.82,"night":10.4,"eve":10.67,"morn":9.18},"feels_like":{"day":9.62,"night":9.95,"eve":10.22,"morn":6.47},"pressure":1017,"humidity":92,"weather":[{"id":500,"main":"Rain","description":"light rain","icon":"10d"}],"speed":6.62,"deg":207,"gust":14.4,"clouds":100,"pop":1,"rain":2.7}]}
--- ENF OF RECEIVED DATA ---

