________________________________________________
|             CALL API : START                |
________________________________________________

Informations : 
Called API: meteo - 25 June 2023, 14:00
Method: GETMETEO - Timeout : 300 - Cache : 1
URL CALLED : https://api.openweathermap.org/data/2.5/forecast/daily?q=Brussels,be&units=metric&cnt=4&appid=ea18c0706135505149200c3836f29800
-------------------------
________________________________________________
|             CALL API : START                |
________________________________________________

Informations : 
Called API: meteo - 25 June 2023, 14:00
Method: GETMETEO - Timeout : 300 - Cache : 1
URL CALLED : https://api.openweathermap.org/data/2.5/forecast/daily?q=Brussels,be&units=metric&cnt=4&appid=ea18c0706135505149200c3836f29800
-------------------------
{"city":{"id":2800866,"name":"Brussels","coord":{"lon":4.3488,"lat":50.8504},"country":"BE","population":1019022,"timezone":7200},"cod":"200","message":0.0497254,"cnt":4,"list":[{"dt":1687690800,"sunrise":1687663790,"sunset":1687723220,"temp":{"day":30.33,"min":17.19,"max":30.61,"night":22.93,"eve":29.21,"morn":18.32},"feels_like":{"day":30.08,"night":22.95,"eve":29.34,"morn":18.06},"pressure":1017,"humidity":40,"weather":[{"id":800,"main":"Clear","description":"sky is clear","icon":"01d"}],"speed":5.12,"deg":213,"gust":9.58,"clouds":0,"pop":0},{"dt":1687777200,"sunrise":1687750213,"sunset":1687809620,"temp":{"day":22.44,"min":15.5,"max":23.81,"night":17.04,"eve":21.53,"morn":15.54},"feels_like":{"day":21.78,"night":16.29,"eve":20.84,"morn":15.32},"pressure":1020,"humidity":40,"weather":[{"id":804,"main":"Clouds","description":"overcast clouds","icon":"04d"}],"speed":5.86,"deg":306,"gust":11.07,"clouds":87,"pop":0.1},{"dt":1687863600,"sunrise":1687836640,"sunset":1687896017,"temp":{"day":22.62,"min":12.33,"max":24.38,"night":16.49,"eve":21.86,"morn":13.84},"feels_like":{"day":21.98,"night":15.94,"eve":21.28,"morn":13.26},"pressure":1020,"humidity":40,"weather":[{"id":804,"main":"Clouds","description":"overcast clouds","icon":"04d"}],"speed":6.09,"deg":294,"gust":6.96,"clouds":97,"pop":0},{"dt":1687950000,"sunrise":1687923069,"sunset":1687982411,"temp":{"day":23.22,"min":14.94,"max":23.53,"night":20.72,"eve":23.02,"morn":15.54},"feels_like":{"day":23.09,"night":20.65,"eve":23.02,"morn":15.11},"pressure":1017,"humidity":57,"weather":[{"id":804,"main":"Clouds","description":"overcast clouds","icon":"04d"}],"speed":3.29,"deg":268,"gust":4.67,"clouds":88,"pop":0}]}
--- ENF OF RECEIVED DATA ---

{"city":{"id":2800866,"name":"Brussels","coord":{"lon":4.3488,"lat":50.8504},"country":"BE","population":1019022,"timezone":7200},"cod":"200","message":0.0497254,"cnt":4,"list":[{"dt":1687690800,"sunrise":1687663790,"sunset":1687723220,"temp":{"day":30.33,"min":17.19,"max":30.61,"night":22.93,"eve":29.21,"morn":18.32},"feels_like":{"day":30.08,"night":22.95,"eve":29.34,"morn":18.06},"pressure":1017,"humidity":40,"weather":[{"id":800,"main":"Clear","description":"sky is clear","icon":"01d"}],"speed":5.12,"deg":213,"gust":9.58,"clouds":0,"pop":0},{"dt":1687777200,"sunrise":1687750213,"sunset":1687809620,"temp":{"day":22.44,"min":15.5,"max":23.81,"night":17.04,"eve":21.53,"morn":15.54},"feels_like":{"day":21.78,"night":16.29,"eve":20.84,"morn":15.32},"pressure":1020,"humidity":40,"weather":[{"id":804,"main":"Clouds","description":"overcast clouds","icon":"04d"}],"speed":5.86,"deg":306,"gust":11.07,"clouds":87,"pop":0.1},{"dt":1687863600,"sunrise":1687836640,"sunset":1687896017,"temp":{"day":22.62,"min":12.33,"max":24.38,"night":16.49,"eve":21.86,"morn":13.84},"feels_like":{"day":21.98,"night":15.94,"eve":21.28,"morn":13.26},"pressure":1020,"humidity":40,"weather":[{"id":804,"main":"Clouds","description":"overcast clouds","icon":"04d"}],"speed":6.09,"deg":294,"gust":6.96,"clouds":97,"pop":0},{"dt":1687950000,"sunrise":1687923069,"sunset":1687982411,"temp":{"day":23.22,"min":14.94,"max":23.53,"night":20.72,"eve":23.02,"morn":15.54},"feels_like":{"day":23.09,"night":20.65,"eve":23.02,"morn":15.11},"pressure":1017,"humidity":57,"weather":[{"id":804,"main":"Clouds","description":"overcast clouds","icon":"04d"}],"speed":3.29,"deg":268,"gust":4.67,"clouds":88,"pop":0}]}
--- ENF OF RECEIVED DATA ---

