________________________________________________
|             CALL API : START                |
________________________________________________

Informations : 
Called API: meteo - 14 March 2024, 06:30
Method: GETMETEO - Timeout : 300 - Cache : 1
URL CALLED : https://api.openweathermap.org/data/2.5/forecast/daily?q=Brussels,be&units=metric&cnt=4&appid=ea18c0706135505149200c3836f29800
-------------------------
________________________________________________
|             CALL API : START                |
________________________________________________

Informations : 
Called API: meteo - 14 March 2024, 06:30
Method: GETMETEO - Timeout : 300 - Cache : 1
URL CALLED : https://api.openweathermap.org/data/2.5/forecast/daily?q=Brussels,be&units=metric&cnt=4&appid=ea18c0706135505149200c3836f29800
-------------------------
{"city":{"id":2800866,"name":"Brussels","coord":{"lon":4.3488,"lat":50.8504},"country":"BE","population":1019022,"timezone":3600},"cod":"200","message":0.0905345,"cnt":4,"list":[{"dt":1710414000,"sunrise":1710395888,"sunset":1710438326,"temp":{"day":14.94,"min":8.23,"max":16.54,"night":11.52,"eve":14.36,"morn":8.3},"feels_like":{"day":14.21,"night":10.95,"eve":13.81,"morn":5.8},"pressure":1012,"humidity":66,"weather":[{"id":804,"main":"Clouds","description":"overcast clouds","icon":"04d"}],"speed":6.16,"deg":202,"gust":13.81,"clouds":89,"pop":0},{"dt":1710500400,"sunrise":1710482154,"sunset":1710524824,"temp":{"day":12.77,"min":9.34,"max":13.57,"night":9.71,"eve":12.05,"morn":11.3},"feels_like":{"day":12.17,"night":6.38,"eve":11.45,"morn":10.84},"pressure":1010,"humidity":79,"weather":[{"id":500,"main":"Rain","description":"light rain","icon":"10d"}],"speed":8.24,"deg":227,"gust":14.32,"clouds":100,"pop":1,"rain":1.9},{"dt":1710586800,"sunrise":1710568420,"sunset":1710611323,"temp":{"day":10.3,"min":7.23,"max":10.63,"night":7.36,"eve":9.9,"morn":7.54},"feels_like":{"day":8.98,"night":5.13,"eve":9.32,"morn":4.19},"pressure":1022,"humidity":61,"weather":[{"id":500,"main":"Rain","description":"light rain","icon":"10d"}],"speed":7.97,"deg":234,"gust":13.36,"clouds":87,"pop":1,"rain":1.14},{"dt":1710673200,"sunrise":1710654685,"sunset":1710697822,"temp":{"day":10.71,"min":7.45,"max":11.02,"night":10.86,"eve":10.91,"morn":9.96},"feels_like":{"day":10.21,"night":10.46,"eve":10.48,"morn":7.44},"pressure":1018,"humidity":91,"weather":[{"id":500,"main":"Rain","description":"light rain","icon":"10d"}],"speed":6.15,"deg":206,"gust":13.5,"clouds":100,"pop":1,"rain":3.8}]}
--- ENF OF RECEIVED DATA ---

{"city":{"id":2800866,"name":"Brussels","coord":{"lon":4.3488,"lat":50.8504},"country":"BE","population":1019022,"timezone":3600},"cod":"200","message":0.0905345,"cnt":4,"list":[{"dt":1710414000,"sunrise":1710395888,"sunset":1710438326,"temp":{"day":14.94,"min":8.23,"max":16.54,"night":11.52,"eve":14.36,"morn":8.3},"feels_like":{"day":14.21,"night":10.95,"eve":13.81,"morn":5.8},"pressure":1012,"humidity":66,"weather":[{"id":804,"main":"Clouds","description":"overcast clouds","icon":"04d"}],"speed":6.16,"deg":202,"gust":13.81,"clouds":89,"pop":0},{"dt":1710500400,"sunrise":1710482154,"sunset":1710524824,"temp":{"day":12.77,"min":9.34,"max":13.57,"night":9.71,"eve":12.05,"morn":11.3},"feels_like":{"day":12.17,"night":6.38,"eve":11.45,"morn":10.84},"pressure":1010,"humidity":79,"weather":[{"id":500,"main":"Rain","description":"light rain","icon":"10d"}],"speed":8.24,"deg":227,"gust":14.32,"clouds":100,"pop":1,"rain":1.9},{"dt":1710586800,"sunrise":1710568420,"sunset":1710611323,"temp":{"day":10.3,"min":7.23,"max":10.63,"night":7.36,"eve":9.9,"morn":7.54},"feels_like":{"day":8.98,"night":5.13,"eve":9.32,"morn":4.19},"pressure":1022,"humidity":61,"weather":[{"id":500,"main":"Rain","description":"light rain","icon":"10d"}],"speed":7.97,"deg":234,"gust":13.36,"clouds":87,"pop":1,"rain":1.14},{"dt":1710673200,"sunrise":1710654685,"sunset":1710697822,"temp":{"day":10.71,"min":7.45,"max":11.02,"night":10.86,"eve":10.91,"morn":9.96},"feels_like":{"day":10.21,"night":10.46,"eve":10.48,"morn":7.44},"pressure":1018,"humidity":91,"weather":[{"id":500,"main":"Rain","description":"light rain","icon":"10d"}],"speed":6.15,"deg":206,"gust":13.5,"clouds":100,"pop":1,"rain":3.8}]}
--- ENF OF RECEIVED DATA ---

