________________________________________________
|             CALL API : START                |
________________________________________________

Informations : 
Called API: meteo - 25 September 2024, 23:00
Method: GETMETEO - Timeout : 300 - Cache : 1
URL CALLED : https://api.openweathermap.org/data/2.5/forecast/daily?q=Brussels,be&units=metric&cnt=4&appid=ea18c0706135505149200c3836f29800
-------------------------
________________________________________________
|             CALL API : START                |
________________________________________________

Informations : 
Called API: meteo - 25 September 2024, 23:00
Method: GETMETEO - Timeout : 300 - Cache : 1
URL CALLED : https://api.openweathermap.org/data/2.5/forecast/daily?q=Brussels,be&units=metric&cnt=4&appid=ea18c0706135505149200c3836f29800
-------------------------
{"city":{"id":2800866,"name":"Brussels","coord":{"lon":4.3488,"lat":50.8504},"country":"BE","population":1019022,"timezone":7200},"cod":"200","message":6.2537349,"cnt":4,"list":[{"dt":1727262000,"sunrise":1727242433,"sunset":1727285666,"temp":{"day":15.83,"min":13.17,"max":17.47,"night":14.14,"eve":15.06,"morn":13.26},"feels_like":{"day":15.61,"night":13.99,"eve":14.84,"morn":12.99},"pressure":1003,"humidity":82,"weather":[{"id":501,"main":"Rain","description":"moderate rain","icon":"10d"}],"speed":7.47,"deg":219,"gust":12.66,"clouds":100,"pop":1,"rain":5.73},{"dt":1727348400,"sunrise":1727328927,"sunset":1727371930,"temp":{"day":14.87,"min":13.81,"max":19.43,"night":13.81,"eve":16.25,"morn":14.49},"feels_like":{"day":14.68,"night":13.41,"eve":16.02,"morn":14.34},"pressure":993,"humidity":87,"weather":[{"id":501,"main":"Rain","description":"moderate rain","icon":"10d"}],"speed":9.67,"deg":224,"gust":17.65,"clouds":100,"pop":1,"rain":9.52},{"dt":1727434800,"sunrise":1727415421,"sunset":1727458194,"temp":{"day":13.88,"min":10.77,"max":13.94,"night":10.9,"eve":11.1,"morn":10.77},"feels_like":{"day":13.15,"night":10.13,"eve":10.67,"morn":9.86},"pressure":1001,"humidity":70,"weather":[{"id":501,"main":"Rain","description":"moderate rain","icon":"10d"}],"speed":10.67,"deg":226,"gust":17.84,"clouds":100,"pop":1,"rain":5.67},{"dt":1727521200,"sunrise":1727501914,"sunset":1727544458,"temp":{"day":13.6,"min":8.02,"max":14.61,"night":8.11,"eve":12.03,"morn":8.99},"feels_like":{"day":12.53,"night":7.14,"eve":10.8,"morn":7.24},"pressure":1022,"humidity":58,"weather":[{"id":500,"main":"Rain","description":"light rain","icon":"10d"}],"speed":5.44,"deg":299,"gust":9.9,"clouds":32,"pop":1,"rain":1.21}]}
--- ENF OF RECEIVED DATA ---

{"city":{"id":2800866,"name":"Brussels","coord":{"lon":4.3488,"lat":50.8504},"country":"BE","population":1019022,"timezone":7200},"cod":"200","message":6.2537349,"cnt":4,"list":[{"dt":1727262000,"sunrise":1727242433,"sunset":1727285666,"temp":{"day":15.83,"min":13.17,"max":17.47,"night":14.14,"eve":15.06,"morn":13.26},"feels_like":{"day":15.61,"night":13.99,"eve":14.84,"morn":12.99},"pressure":1003,"humidity":82,"weather":[{"id":501,"main":"Rain","description":"moderate rain","icon":"10d"}],"speed":7.47,"deg":219,"gust":12.66,"clouds":100,"pop":1,"rain":5.73},{"dt":1727348400,"sunrise":1727328927,"sunset":1727371930,"temp":{"day":14.87,"min":13.81,"max":19.43,"night":13.81,"eve":16.25,"morn":14.49},"feels_like":{"day":14.68,"night":13.41,"eve":16.02,"morn":14.34},"pressure":993,"humidity":87,"weather":[{"id":501,"main":"Rain","description":"moderate rain","icon":"10d"}],"speed":9.67,"deg":224,"gust":17.65,"clouds":100,"pop":1,"rain":9.52},{"dt":1727434800,"sunrise":1727415421,"sunset":1727458194,"temp":{"day":13.88,"min":10.77,"max":13.94,"night":10.9,"eve":11.1,"morn":10.77},"feels_like":{"day":13.15,"night":10.13,"eve":10.67,"morn":9.86},"pressure":1001,"humidity":70,"weather":[{"id":501,"main":"Rain","description":"moderate rain","icon":"10d"}],"speed":10.67,"deg":226,"gust":17.84,"clouds":100,"pop":1,"rain":5.67},{"dt":1727521200,"sunrise":1727501914,"sunset":1727544458,"temp":{"day":13.6,"min":8.02,"max":14.61,"night":8.11,"eve":12.03,"morn":8.99},"feels_like":{"day":12.53,"night":7.14,"eve":10.8,"morn":7.24},"pressure":1022,"humidity":58,"weather":[{"id":500,"main":"Rain","description":"light rain","icon":"10d"}],"speed":5.44,"deg":299,"gust":9.9,"clouds":32,"pop":1,"rain":1.21}]}
--- ENF OF RECEIVED DATA ---

