________________________________________________
|             CALL API : START                |
________________________________________________

Informations : 
Called API: meteo - 13 April 2024, 11:40
Method: GETMETEO - Timeout : 300 - Cache : 1
URL CALLED : https://api.openweathermap.org/data/2.5/forecast/daily?q=Brussels,be&units=metric&cnt=4&appid=ea18c0706135505149200c3836f29800
-------------------------
________________________________________________
|             CALL API : START                |
________________________________________________

Informations : 
Called API: meteo - 13 April 2024, 11:40
Method: GETMETEO - Timeout : 300 - Cache : 1
URL CALLED : https://api.openweathermap.org/data/2.5/forecast/daily?q=Brussels,be&units=metric&cnt=4&appid=ea18c0706135505149200c3836f29800
-------------------------
{"city":{"id":2800866,"name":"Brussels","coord":{"lon":4.3488,"lat":50.8504},"country":"BE","population":1019022,"timezone":7200},"cod":"200","message":0.0569027,"cnt":4,"list":[{"dt":1713006000,"sunrise":1712983888,"sunset":1713033251,"temp":{"day":19.81,"min":12.35,"max":21.88,"night":14.71,"eve":20.32,"morn":12.35},"feels_like":{"day":19.6,"night":14.14,"eve":20.21,"morn":12.12},"pressure":1026,"humidity":67,"weather":[{"id":801,"main":"Clouds","description":"few clouds","icon":"02d"}],"speed":7.22,"deg":233,"gust":14,"clouds":20,"pop":0},{"dt":1713092400,"sunrise":1713070161,"sunset":1713119748,"temp":{"day":13.55,"min":9.77,"max":14.4,"night":9.77,"eve":13.01,"morn":9.84},"feels_like":{"day":12.27,"night":7.98,"eve":11.88,"morn":8.45},"pressure":1025,"humidity":50,"weather":[{"id":804,"main":"Clouds","description":"overcast clouds","icon":"04d"}],"speed":5.26,"deg":254,"gust":13.15,"clouds":100,"pop":0},{"dt":1713178800,"sunrise":1713156435,"sunset":1713206246,"temp":{"day":8.86,"min":5.89,"max":11.85,"night":5.89,"eve":8.33,"morn":6.29},"feels_like":{"day":4.72,"night":1.37,"eve":4.48,"morn":2.88},"pressure":1008,"humidity":88,"weather":[{"id":501,"main":"Rain","description":"moderate rain","icon":"10d"}],"speed":12.48,"deg":254,"gust":19.86,"clouds":61,"pop":1,"rain":7.49},{"dt":1713265200,"sunrise":1713242709,"sunset":1713292743,"temp":{"day":8.5,"min":3.45,"max":8.5,"night":5.54,"eve":7.72,"morn":3.69},"feels_like":{"day":4.36,"night":2.64,"eve":3.85,"morn":-1.06},"pressure":1009,"humidity":79,"weather":[{"id":500,"main":"Rain","description":"light rain","icon":"10d"}],"speed":9.42,"deg":276,"gust":14.78,"clouds":100,"pop":1,"rain":3.74}]}
--- ENF OF RECEIVED DATA ---

{"city":{"id":2800866,"name":"Brussels","coord":{"lon":4.3488,"lat":50.8504},"country":"BE","population":1019022,"timezone":7200},"cod":"200","message":0.0569027,"cnt":4,"list":[{"dt":1713006000,"sunrise":1712983888,"sunset":1713033251,"temp":{"day":19.81,"min":12.35,"max":21.88,"night":14.71,"eve":20.32,"morn":12.35},"feels_like":{"day":19.6,"night":14.14,"eve":20.21,"morn":12.12},"pressure":1026,"humidity":67,"weather":[{"id":801,"main":"Clouds","description":"few clouds","icon":"02d"}],"speed":7.22,"deg":233,"gust":14,"clouds":20,"pop":0},{"dt":1713092400,"sunrise":1713070161,"sunset":1713119748,"temp":{"day":13.55,"min":9.77,"max":14.4,"night":9.77,"eve":13.01,"morn":9.84},"feels_like":{"day":12.27,"night":7.98,"eve":11.88,"morn":8.45},"pressure":1025,"humidity":50,"weather":[{"id":804,"main":"Clouds","description":"overcast clouds","icon":"04d"}],"speed":5.26,"deg":254,"gust":13.15,"clouds":100,"pop":0},{"dt":1713178800,"sunrise":1713156435,"sunset":1713206246,"temp":{"day":8.86,"min":5.89,"max":11.85,"night":5.89,"eve":8.33,"morn":6.29},"feels_like":{"day":4.72,"night":1.37,"eve":4.48,"morn":2.88},"pressure":1008,"humidity":88,"weather":[{"id":501,"main":"Rain","description":"moderate rain","icon":"10d"}],"speed":12.48,"deg":254,"gust":19.86,"clouds":61,"pop":1,"rain":7.49},{"dt":1713265200,"sunrise":1713242709,"sunset":1713292743,"temp":{"day":8.5,"min":3.45,"max":8.5,"night":5.54,"eve":7.72,"morn":3.69},"feels_like":{"day":4.36,"night":2.64,"eve":3.85,"morn":-1.06},"pressure":1009,"humidity":79,"weather":[{"id":500,"main":"Rain","description":"light rain","icon":"10d"}],"speed":9.42,"deg":276,"gust":14.78,"clouds":100,"pop":1,"rain":3.74}]}
--- ENF OF RECEIVED DATA ---

