________________________________________________
|             CALL API : START                |
________________________________________________

Informations : 
Called API: meteo - 3 October 2024, 19:00
Method: GETMETEO - Timeout : 300 - Cache : 1
URL CALLED : https://api.openweathermap.org/data/2.5/forecast/daily?q=Brussels,be&units=metric&cnt=4&appid=ea18c0706135505149200c3836f29800
-------------------------
________________________________________________
|             CALL API : START                |
________________________________________________

Informations : 
Called API: meteo - 3 October 2024, 19:00
Method: GETMETEO - Timeout : 300 - Cache : 1
URL CALLED : https://api.openweathermap.org/data/2.5/forecast/daily?q=Brussels,be&units=metric&cnt=4&appid=ea18c0706135505149200c3836f29800
-------------------------
{"city":{"id":2800866,"name":"Brussels","coord":{"lon":4.3488,"lat":50.8504},"country":"BE","population":1019022,"timezone":7200},"cod":"200","message":0.1439037,"cnt":4,"list":[{"dt":1727953200,"sunrise":1727934387,"sunset":1727975785,"temp":{"day":13.89,"min":7.43,"max":14.4,"night":11.93,"eve":12.51,"morn":7.93},"feels_like":{"day":12.8,"night":10.93,"eve":11.62,"morn":5.15},"pressure":1019,"humidity":56,"weather":[{"id":800,"main":"Clear","description":"sky is clear","icon":"01d"}],"speed":5.98,"deg":51,"gust":11.91,"clouds":9,"pop":0},{"dt":1728039600,"sunrise":1728020883,"sunset":1728062051,"temp":{"day":13.87,"min":6.99,"max":15.49,"night":9.49,"eve":12.44,"morn":7.41},"feels_like":{"day":12.88,"night":8.18,"eve":11.44,"morn":5.55},"pressure":1021,"humidity":60,"weather":[{"id":800,"main":"Clear","description":"sky is clear","icon":"01d"}],"speed":3.51,"deg":38,"gust":7.55,"clouds":0,"pop":0},{"dt":1728126000,"sunrise":1728107379,"sunset":1728148318,"temp":{"day":14.8,"min":6.94,"max":16.23,"night":10.17,"eve":12.77,"morn":7.06},"feels_like":{"day":13.77,"night":9.2,"eve":11.75,"morn":5.81},"pressure":1019,"humidity":55,"weather":[{"id":801,"main":"Clouds","description":"few clouds","icon":"02d"}],"speed":3.76,"deg":138,"gust":8.94,"clouds":14,"pop":0},{"dt":1728212400,"sunrise":1728193875,"sunset":1728234585,"temp":{"day":11.95,"min":9.72,"max":13.6,"night":12.36,"eve":13.31,"morn":10.38},"feels_like":{"day":11.11,"night":12.13,"eve":12.65,"morn":9.38},"pressure":1008,"humidity":73,"weather":[{"id":500,"main":"Rain","description":"light rain","icon":"10d"}],"speed":5.14,"deg":173,"gust":11.91,"clouds":100,"pop":1,"rain":2.8}]}
--- ENF OF RECEIVED DATA ---

{"city":{"id":2800866,"name":"Brussels","coord":{"lon":4.3488,"lat":50.8504},"country":"BE","population":1019022,"timezone":7200},"cod":"200","message":0.1439037,"cnt":4,"list":[{"dt":1727953200,"sunrise":1727934387,"sunset":1727975785,"temp":{"day":13.89,"min":7.43,"max":14.4,"night":11.93,"eve":12.51,"morn":7.93},"feels_like":{"day":12.8,"night":10.93,"eve":11.62,"morn":5.15},"pressure":1019,"humidity":56,"weather":[{"id":800,"main":"Clear","description":"sky is clear","icon":"01d"}],"speed":5.98,"deg":51,"gust":11.91,"clouds":9,"pop":0},{"dt":1728039600,"sunrise":1728020883,"sunset":1728062051,"temp":{"day":13.87,"min":6.99,"max":15.49,"night":9.49,"eve":12.44,"morn":7.41},"feels_like":{"day":12.88,"night":8.18,"eve":11.44,"morn":5.55},"pressure":1021,"humidity":60,"weather":[{"id":800,"main":"Clear","description":"sky is clear","icon":"01d"}],"speed":3.51,"deg":38,"gust":7.55,"clouds":0,"pop":0},{"dt":1728126000,"sunrise":1728107379,"sunset":1728148318,"temp":{"day":14.8,"min":6.94,"max":16.23,"night":10.17,"eve":12.77,"morn":7.06},"feels_like":{"day":13.77,"night":9.2,"eve":11.75,"morn":5.81},"pressure":1019,"humidity":55,"weather":[{"id":801,"main":"Clouds","description":"few clouds","icon":"02d"}],"speed":3.76,"deg":138,"gust":8.94,"clouds":14,"pop":0},{"dt":1728212400,"sunrise":1728193875,"sunset":1728234585,"temp":{"day":11.95,"min":9.72,"max":13.6,"night":12.36,"eve":13.31,"morn":10.38},"feels_like":{"day":11.11,"night":12.13,"eve":12.65,"morn":9.38},"pressure":1008,"humidity":73,"weather":[{"id":500,"main":"Rain","description":"light rain","icon":"10d"}],"speed":5.14,"deg":173,"gust":11.91,"clouds":100,"pop":1,"rain":2.8}]}
--- ENF OF RECEIVED DATA ---

