________________________________________________
|             CALL API : START                |
________________________________________________

Informations : 
Called API: meteo - 21 January 2023, 10:00
Method: GETMETEO - Timeout : 300 - Cache : 1
URL CALLED : https://rmipro.meteo.be/products/bx1/5373bc0393d004fc/web_forecast
-------------------------
________________________________________________
|             CALL API : START                |
________________________________________________

Informations : 
Called API: meteo - 21 January 2023, 10:00
Method: GETMETEO - Timeout : 300 - Cache : 1
URL CALLED : https://rmipro.meteo.be/products/bx1/5373bc0393d004fc/web_forecast
-------------------------
<?xml version='1.0' encoding='UTF-8'?>
<meteo>
  <generationDate>21/01/2023 07:58</generationDate>
  <forecast date="20230121" period="PM">
    <titledate>21/01/23</titledate>
    <titleday>samedi</titleday>
    <data>
      <city>Ostende</city>
      <tempMax>3 </tempMax>
      <weathertype>TJ3</weathertype>
    </data>
    <data>
      <city>Anvers</city>
      <tempMax>1 </tempMax>
      <weathertype>TJ3</weathertype>
    </data>
    <data>
      <city>Bruxelles</city>
      <tempMax>1 </tempMax>
      <weathertype>TJ3</weathertype>
    </data>
    <data>
      <city>Namur</city>
      <tempMax>0 </tempMax>
      <weathertype>TJ3</weathertype>
    </data>
    <data>
      <city>Liege</city>
      <tempMax>0 </tempMax>
      <weathertype>TJ3</weathertype>
    </data>
    <data>
      <city>Arlon</city>
      <tempMax>-2 </tempMax>
      <weathertype>TJ3</weathertype>
    </data>
  </forecast>
  <forecast date="20230121" period="NIGHT">
    <titledate>21/01/23</titledate>
    <titleday>samedi</titleday>
    <data>
      <city>Ostende</city>
      <tempMin>0 </tempMin>
      <weathertype>TNN3</weathertype>
    </data>
    <data>
      <city>Anvers</city>
      <tempMin>-1 </tempMin>
      <weathertype>TNN3</weathertype>
    </data>
    <data>
      <city>Bruxelles</city>
      <tempMin>-1 </tempMin>
      <weathertype>TNN3</weathertype>
    </data>
    <data>
      <city>Namur</city>
      <tempMin>-3 </tempMin>
      <weathertype>TNN3</weathertype>
    </data>
    <data>
      <city>Liege</city>
      <tempMin>-2 </tempMin>
      <weathertype>TNN3</weathertype>
    </data>
    <data>
      <city>Arlon</city>
      <tempMin>-4 </tempMin>
      <weathertype>TNN3</weathertype>
    </data>
  </forecast>
  <forecast date="20230122" period="AM">
    <titledate>22/01/23</titledate>
    <titleday>dimanche</titleday>
    <data>
      <city>Ostende</city>
      <tempMax>4 </tempMax>
      <weathertype>TJ4</weathertype>
    </data>
    <data>
      <city>Anvers</city>
      <tempMax>1 </tempMax>
      <weathertype>TJ3</weathertype>
    </data>
    <data>
      <city>Bruxelles</city>
      <tempMax>1 </tempMax>
      <weathertype>TJ4</weathertype>
    </data>
    <data>
      <city>Namur</city>
      <tempMax>-1 </tempMax>
      <weathertype>TJ4</weathertype>
    </data>
    <data>
      <city>Liege</city>
      <tempMax>-2 </tempMax>
      <weathertype>TJ4</weathertype>
    </data>
    <data>
      <city>Arlon</city>
      <tempMax>-3 </tempMax>
      <weathertype>TJ27</weathertype>
    </data>
  </forecast>
  <forecast date="20230122" period="PM">
    <titledate>22/01/23</titledate>
    <titleday>dimanche</titleday>
    <data>
      <city>Ostende</city>
      <tempMax>4 </tempMax>
      <weathertype>TJ3</weathertype>
    </data>
    <data>
      <city>Anvers</city>
      <tempMax>3 </tempMax>
      <weathertype>TJ3</weathertype>
    </data>
    <data>
      <city>Bruxelles</city>
      <tempMax>2 </tempMax>
      <weathertype>TJ3</weathertype>
    </data>
    <data>
      <city>Namur</city>
      <tempMax>1 </tempMax>
      <weathertype>TJ3</weathertype>
    </data>
    <data>
      <city>Liege</city>
      <tempMax>0 </tempMax>
      <weathertype>TJ3</weathertype>
    </data>
    <data>
      <city>Arlon</city>
      <tempMax>-2 </tempMax>
      <weathertype>TJ8</weathertype>
    </data>
  </forecast>
  <forecast date="20230123" period="DAY">
    <titledate>23/01/23</titledate>
    <titleday>lundi</titleday>
    <data>
      <city>Ostende</city>
      <tempMin>1 </tempMin>
      <tempMax>4 </tempMax>
      <weathertype>TJ4</weathertype>
    </data>
    <data>
      <city>Anvers</city>
      <tempMin>-2 </tempMin>
      <tempMax>3 </tempMax>
      <weathertype>TJ4</weathertype>
    </data>
    <data>
      <city>Bruxelles</city>
      <tempMin>-2 </tempMin>
      <tempMax>3 </tempMax>
      <weathertype>TJ4</weathertype>
    </data>
    <data>
      <city>Namur</city>
      <tempMin>-5 </tempMin>
      <tempMax>-1 </tempMax>
      <weathertype>TJ4</weathertype>
    </data>
    <data>
      <city>Liege</city>
      <tempMin>-2 </tempMin>
      <tempMax>2 </tempMax>
      <weathertype>TJ4</weathertype>
    </data>
    <data>
      <city>Arlon</city>
      <tempMin>-5 </tempMin>
      <tempMax>-1 </tempMax>
      <weathertype>TJ4</weathertype>
    </data>
  </forecast>
  <forecast date="20230124" period="DAY">
    <titledate>24/01/23</titledate>
    <titleday>mardi</titleday>
    <data>
      <city>Ostende</city>
      <tempMin>-1 </tempMin>
      <tempMax>3 </tempMax>
      <weathertype>TJ4</weathertype>
    </data>
    <data>
      <city>Anvers</city>
      <tempMin>-2 </tempMin>
      <tempMax>2 </tempMax>
      <weathertype>TJ4</weathertype>
    </data>
    <data>
      <city>Bruxelles</city>
      <tempMin>-2 </tempMin>
      <tempMax>2 </tempMax>
      <weathertype>TJ4</weathertype>
    </data>
    <data>
      <city>Namur</city>
      <tempMin>-5 </tempMin>
      <tempMax>-1 </tempMax>
      <weathertype>TJ4</weathertype>
    </data>
    <data>
      <city>Liege</city>
      <tempMin>-3 </tempMin>
      <tempMax>1 </tempMax>
      <weathertype>TJ4</weathertype>
    </data>
    <data>
      <city>Arlon</city>
      <tempMin>-5 </tempMin>
      <tempMax>-1 </tempMax>
      <weathertype>TJ4</weathertype>
    </data>
  </forecast>
  <forecast date="20230125" period="DAY">
    <titledate>25/01/23</titledate>
    <titleday>mercredi</titleday>
    <data>
      <city>Ostende</city>
      <tempMin>5 </tempMin>
      <tempMax>6 </tempMax>
      <weathertype>TJ10</weathertype>
    </data>
    <data>
      <city>Anvers</city>
      <tempMin>2 </tempMin>
      <tempMax>3 </tempMax>
      <weathertype>TJ3</weathertype>
    </data>
    <data>
      <city>Bruxelles</city>
      <tempMin>2 </tempMin>
      <tempMax>3 </tempMax>
      <weathertype>TJ3</weathertype>
    </data>
    <data>
      <city>Namur</city>
      <tempMin>-1 </tempMin>
      <tempMax>-1 </tempMax>
      <weathertype>TJ21</weathertype>
    </data>
    <data>
      <city>Liege</city>
      <tempMin>2 </tempMin>
      <tempMax>2 </tempMax>
      <weathertype>TJ3</weathertype>
    </data>
    <data>
      <city>Arlon</city>
      <tempMin>-1 </tempMin>
      <tempMax>-1 </tempMax>
      <weathertype>TJ21</weathertype>
    </data>
  </forecast>
  <forecast_foreign date="20230121" period="DAY">
    <titledate>21/01/23</titledate>
    <titleday>samedi</titleday>
    <data>
      <city>Paris</city>
      <temp>2 </temp>
      <weathertype>TJ1</weathertype>
    </data>
    <data>
      <city>Londres</city>
      <temp>2 </temp>
      <weathertype>TJ1</weathertype>
    </data>
    <data>
      <city>Amsterdam</city>
      <temp>-2 </temp>
      <weathertype>TJ4</weathertype>
    </data>
  </forecast_foreign>
  <forecast_foreign date="20230122" period="DAY">
    <titledate>22/01/23</titledate>
    <titleday>dimanche</titleday>
    <data>
      <city>Paris</city>
      <temp>1 </temp>
      <weathertype>TJ2</weathertype>
    </data>
    <data>
      <city>Londres</city>
      <temp>1 </temp>
      <weathertype>TJ4</weathertype>
    </data>
    <data>
      <city>Amsterdam</city>
      <temp>-1 </temp>
      <weathertype>TJ1</weathertype>
    </data>
  </forecast_foreign>
  <Ephemerides>
    <Ephemeride>
      <titledate>21/01/23</titledate>
      <titleday>samedi</titleday>
      <data>
        <sunRise>08:31</sunRise>
        <sunSet>17:16</sunSet>
        <gain>4 </gain>
      </data>
    </Ephemeride>
    <Ephemeride>
      <titledate>22/01/23</titledate>
      <titleday>dimanche</titleday>
      <data>
        <sunRise>08:30</sunRise>
        <sunSet>17:17</sunSet>
        <gain>2 </gain>
      </data>
    </Ephemeride>
    <Ephemeride>
      <titledate>23/01/23</titledate>
      <titleday>lundi</titleday>
      <data>
        <sunRise>08:29</sunRise>
        <sunSet>17:19</sunSet>
        <gain>3 </gain>
      </data>
    </Ephemeride>
    <Ephemeride>
      <titledate>24/01/23</titledate>
      <titleday>mardi</titleday>
      <data>
        <sunRise>08:28</sunRise>
        <sunSet>17:21</sunSet>
        <gain>3 </gain>
      </data>
    </Ephemeride>
  </Ephemerides>
  <indices>
    <indice>
      <titledate>21/01/23</titledate>
      <titleday>samedi</titleday>
      <data>
        <value>5</value>
        <evaluation>moyenne</evaluation>
      </data>
    </indice>
    <indice>
      <titledate>22/01/23</titledate>
      <titleday>dimanche</titleday>
      <data>
        <value>4</value>
        <evaluation>assez bonne</evaluation>
      </data>
    </indice>
    <indice>
      <titledate>23/01/23</titledate>
      <titleday>lundi</titleday>
      <data>
        <value>5</value>
        <evaluation>moyenne</evaluation>
      </data>
    </indice>
  </indices>
</meteo>

--- ENF OF RECEIVED DATA ---

<?xml version='1.0' encoding='UTF-8'?>
<meteo>
  <generationDate>21/01/2023 07:58</generationDate>
  <forecast date="20230121" period="PM">
    <titledate>21/01/23</titledate>
    <titleday>samedi</titleday>
    <data>
      <city>Ostende</city>
      <tempMax>3 </tempMax>
      <weathertype>TJ3</weathertype>
    </data>
    <data>
      <city>Anvers</city>
      <tempMax>1 </tempMax>
      <weathertype>TJ3</weathertype>
    </data>
    <data>
      <city>Bruxelles</city>
      <tempMax>1 </tempMax>
      <weathertype>TJ3</weathertype>
    </data>
    <data>
      <city>Namur</city>
      <tempMax>0 </tempMax>
      <weathertype>TJ3</weathertype>
    </data>
    <data>
      <city>Liege</city>
      <tempMax>0 </tempMax>
      <weathertype>TJ3</weathertype>
    </data>
    <data>
      <city>Arlon</city>
      <tempMax>-2 </tempMax>
      <weathertype>TJ3</weathertype>
    </data>
  </forecast>
  <forecast date="20230121" period="NIGHT">
    <titledate>21/01/23</titledate>
    <titleday>samedi</titleday>
    <data>
      <city>Ostende</city>
      <tempMin>0 </tempMin>
      <weathertype>TNN3</weathertype>
    </data>
    <data>
      <city>Anvers</city>
      <tempMin>-1 </tempMin>
      <weathertype>TNN3</weathertype>
    </data>
    <data>
      <city>Bruxelles</city>
      <tempMin>-1 </tempMin>
      <weathertype>TNN3</weathertype>
    </data>
    <data>
      <city>Namur</city>
      <tempMin>-3 </tempMin>
      <weathertype>TNN3</weathertype>
    </data>
    <data>
      <city>Liege</city>
      <tempMin>-2 </tempMin>
      <weathertype>TNN3</weathertype>
    </data>
    <data>
      <city>Arlon</city>
      <tempMin>-4 </tempMin>
      <weathertype>TNN3</weathertype>
    </data>
  </forecast>
  <forecast date="20230122" period="AM">
    <titledate>22/01/23</titledate>
    <titleday>dimanche</titleday>
    <data>
      <city>Ostende</city>
      <tempMax>4 </tempMax>
      <weathertype>TJ4</weathertype>
    </data>
    <data>
      <city>Anvers</city>
      <tempMax>1 </tempMax>
      <weathertype>TJ3</weathertype>
    </data>
    <data>
      <city>Bruxelles</city>
      <tempMax>1 </tempMax>
      <weathertype>TJ4</weathertype>
    </data>
    <data>
      <city>Namur</city>
      <tempMax>-1 </tempMax>
      <weathertype>TJ4</weathertype>
    </data>
    <data>
      <city>Liege</city>
      <tempMax>-2 </tempMax>
      <weathertype>TJ4</weathertype>
    </data>
    <data>
      <city>Arlon</city>
      <tempMax>-3 </tempMax>
      <weathertype>TJ27</weathertype>
    </data>
  </forecast>
  <forecast date="20230122" period="PM">
    <titledate>22/01/23</titledate>
    <titleday>dimanche</titleday>
    <data>
      <city>Ostende</city>
      <tempMax>4 </tempMax>
      <weathertype>TJ3</weathertype>
    </data>
    <data>
      <city>Anvers</city>
      <tempMax>3 </tempMax>
      <weathertype>TJ3</weathertype>
    </data>
    <data>
      <city>Bruxelles</city>
      <tempMax>2 </tempMax>
      <weathertype>TJ3</weathertype>
    </data>
    <data>
      <city>Namur</city>
      <tempMax>1 </tempMax>
      <weathertype>TJ3</weathertype>
    </data>
    <data>
      <city>Liege</city>
      <tempMax>0 </tempMax>
      <weathertype>TJ3</weathertype>
    </data>
    <data>
      <city>Arlon</city>
      <tempMax>-2 </tempMax>
      <weathertype>TJ8</weathertype>
    </data>
  </forecast>
  <forecast date="20230123" period="DAY">
    <titledate>23/01/23</titledate>
    <titleday>lundi</titleday>
    <data>
      <city>Ostende</city>
      <tempMin>1 </tempMin>
      <tempMax>4 </tempMax>
      <weathertype>TJ4</weathertype>
    </data>
    <data>
      <city>Anvers</city>
      <tempMin>-2 </tempMin>
      <tempMax>3 </tempMax>
      <weathertype>TJ4</weathertype>
    </data>
    <data>
      <city>Bruxelles</city>
      <tempMin>-2 </tempMin>
      <tempMax>3 </tempMax>
      <weathertype>TJ4</weathertype>
    </data>
    <data>
      <city>Namur</city>
      <tempMin>-5 </tempMin>
      <tempMax>-1 </tempMax>
      <weathertype>TJ4</weathertype>
    </data>
    <data>
      <city>Liege</city>
      <tempMin>-2 </tempMin>
      <tempMax>2 </tempMax>
      <weathertype>TJ4</weathertype>
    </data>
    <data>
      <city>Arlon</city>
      <tempMin>-5 </tempMin>
      <tempMax>-1 </tempMax>
      <weathertype>TJ4</weathertype>
    </data>
  </forecast>
  <forecast date="20230124" period="DAY">
    <titledate>24/01/23</titledate>
    <titleday>mardi</titleday>
    <data>
      <city>Ostende</city>
      <tempMin>-1 </tempMin>
      <tempMax>3 </tempMax>
      <weathertype>TJ4</weathertype>
    </data>
    <data>
      <city>Anvers</city>
      <tempMin>-2 </tempMin>
      <tempMax>2 </tempMax>
      <weathertype>TJ4</weathertype>
    </data>
    <data>
      <city>Bruxelles</city>
      <tempMin>-2 </tempMin>
      <tempMax>2 </tempMax>
      <weathertype>TJ4</weathertype>
    </data>
    <data>
      <city>Namur</city>
      <tempMin>-5 </tempMin>
      <tempMax>-1 </tempMax>
      <weathertype>TJ4</weathertype>
    </data>
    <data>
      <city>Liege</city>
      <tempMin>-3 </tempMin>
      <tempMax>1 </tempMax>
      <weathertype>TJ4</weathertype>
    </data>
    <data>
      <city>Arlon</city>
      <tempMin>-5 </tempMin>
      <tempMax>-1 </tempMax>
      <weathertype>TJ4</weathertype>
    </data>
  </forecast>
  <forecast date="20230125" period="DAY">
    <titledate>25/01/23</titledate>
    <titleday>mercredi</titleday>
    <data>
      <city>Ostende</city>
      <tempMin>5 </tempMin>
      <tempMax>6 </tempMax>
      <weathertype>TJ10</weathertype>
    </data>
    <data>
      <city>Anvers</city>
      <tempMin>2 </tempMin>
      <tempMax>3 </tempMax>
      <weathertype>TJ3</weathertype>
    </data>
    <data>
      <city>Bruxelles</city>
      <tempMin>2 </tempMin>
      <tempMax>3 </tempMax>
      <weathertype>TJ3</weathertype>
    </data>
    <data>
      <city>Namur</city>
      <tempMin>-1 </tempMin>
      <tempMax>-1 </tempMax>
      <weathertype>TJ21</weathertype>
    </data>
    <data>
      <city>Liege</city>
      <tempMin>2 </tempMin>
      <tempMax>2 </tempMax>
      <weathertype>TJ3</weathertype>
    </data>
    <data>
      <city>Arlon</city>
      <tempMin>-1 </tempMin>
      <tempMax>-1 </tempMax>
      <weathertype>TJ21</weathertype>
    </data>
  </forecast>
  <forecast_foreign date="20230121" period="DAY">
    <titledate>21/01/23</titledate>
    <titleday>samedi</titleday>
    <data>
      <city>Paris</city>
      <temp>2 </temp>
      <weathertype>TJ1</weathertype>
    </data>
    <data>
      <city>Londres</city>
      <temp>2 </temp>
      <weathertype>TJ1</weathertype>
    </data>
    <data>
      <city>Amsterdam</city>
      <temp>-2 </temp>
      <weathertype>TJ4</weathertype>
    </data>
  </forecast_foreign>
  <forecast_foreign date="20230122" period="DAY">
    <titledate>22/01/23</titledate>
    <titleday>dimanche</titleday>
    <data>
      <city>Paris</city>
      <temp>1 </temp>
      <weathertype>TJ2</weathertype>
    </data>
    <data>
      <city>Londres</city>
      <temp>1 </temp>
      <weathertype>TJ4</weathertype>
    </data>
    <data>
      <city>Amsterdam</city>
      <temp>-1 </temp>
      <weathertype>TJ1</weathertype>
    </data>
  </forecast_foreign>
  <Ephemerides>
    <Ephemeride>
      <titledate>21/01/23</titledate>
      <titleday>samedi</titleday>
      <data>
        <sunRise>08:31</sunRise>
        <sunSet>17:16</sunSet>
        <gain>4 </gain>
      </data>
    </Ephemeride>
    <Ephemeride>
      <titledate>22/01/23</titledate>
      <titleday>dimanche</titleday>
      <data>
        <sunRise>08:30</sunRise>
        <sunSet>17:17</sunSet>
        <gain>2 </gain>
      </data>
    </Ephemeride>
    <Ephemeride>
      <titledate>23/01/23</titledate>
      <titleday>lundi</titleday>
      <data>
        <sunRise>08:29</sunRise>
        <sunSet>17:19</sunSet>
        <gain>3 </gain>
      </data>
    </Ephemeride>
    <Ephemeride>
      <titledate>24/01/23</titledate>
      <titleday>mardi</titleday>
      <data>
        <sunRise>08:28</sunRise>
        <sunSet>17:21</sunSet>
        <gain>3 </gain>
      </data>
    </Ephemeride>
  </Ephemerides>
  <indices>
    <indice>
      <titledate>21/01/23</titledate>
      <titleday>samedi</titleday>
      <data>
        <value>5</value>
        <evaluation>moyenne</evaluation>
      </data>
    </indice>
    <indice>
      <titledate>22/01/23</titledate>
      <titleday>dimanche</titleday>
      <data>
        <value>4</value>
        <evaluation>assez bonne</evaluation>
      </data>
    </indice>
    <indice>
      <titledate>23/01/23</titledate>
      <titleday>lundi</titleday>
      <data>
        <value>5</value>
        <evaluation>moyenne</evaluation>
      </data>
    </indice>
  </indices>
</meteo>

--- ENF OF RECEIVED DATA ---

