________________________________________________
|             CALL API : START                |
________________________________________________

Informations : 
Called API: meteo - 20 February 2024, 03:30
Method: GETMETEO - Timeout : 300 - Cache : 1
URL CALLED : https://api.openweathermap.org/data/2.5/forecast/daily?q=Brussels,be&units=metric&cnt=4&appid=ea18c0706135505149200c3836f29800
-------------------------
________________________________________________
|             CALL API : START                |
________________________________________________

Informations : 
Called API: meteo - 20 February 2024, 03:30
Method: GETMETEO - Timeout : 300 - Cache : 1
URL CALLED : https://api.openweathermap.org/data/2.5/forecast/daily?q=Brussels,be&units=metric&cnt=4&appid=ea18c0706135505149200c3836f29800
-------------------------
{"city":{"id":2800866,"name":"Brussels","coord":{"lon":4.3488,"lat":50.8504},"country":"BE","population":1019022,"timezone":3600},"cod":"200","message":0.4092444,"cnt":4,"list":[{"dt":1708426800,"sunrise":1708411618,"sunset":1708448770,"temp":{"day":9.46,"min":5.66,"max":10.86,"night":9.02,"eve":9.83,"morn":6.11},"feels_like":{"day":6.64,"night":6.07,"eve":7.09,"morn":4.01},"pressure":1029,"humidity":80,"weather":[{"id":804,"main":"Clouds","description":"overcast clouds","icon":"04d"}],"speed":6.67,"deg":229,"gust":13.35,"clouds":100,"pop":0},{"dt":1708513200,"sunrise":1708497900,"sunset":1708535276,"temp":{"day":10.49,"min":7.56,"max":10.97,"night":9.81,"eve":9.22,"morn":7.71},"feels_like":{"day":9.63,"night":6.26,"eve":5.26,"morn":4.85},"pressure":1014,"humidity":78,"weather":[{"id":500,"main":"Rain","description":"light rain","icon":"10d"}],"speed":9.83,"deg":203,"gust":17.49,"clouds":100,"pop":1,"rain":3.26},{"dt":1708599600,"sunrise":1708584181,"sunset":1708621782,"temp":{"day":10.67,"min":5.31,"max":11.7,"night":5.31,"eve":6.6,"morn":11.4},"feels_like":{"day":10.01,"night":0.62,"eve":2.52,"morn":10.92},"pressure":986,"humidity":85,"weather":[{"id":501,"main":"Rain","description":"moderate rain","icon":"10d"}],"speed":13.33,"deg":211,"gust":21.69,"clouds":100,"pop":1,"rain":13.26},{"dt":1708686000,"sunrise":1708670461,"sunset":1708708287,"temp":{"day":8.16,"min":4.46,"max":8.16,"night":4.6,"eve":5.44,"morn":4.9},"feels_like":{"day":4.33,"night":0.87,"eve":2.47,"morn":0},"pressure":994,"humidity":63,"weather":[{"id":500,"main":"Rain","description":"light rain","icon":"10d"}],"speed":8.85,"deg":211,"gust":15.08,"clouds":79,"pop":0.93,"rain":1.21}]}
--- ENF OF RECEIVED DATA ---

{"city":{"id":2800866,"name":"Brussels","coord":{"lon":4.3488,"lat":50.8504},"country":"BE","population":1019022,"timezone":3600},"cod":"200","message":0.4092444,"cnt":4,"list":[{"dt":1708426800,"sunrise":1708411618,"sunset":1708448770,"temp":{"day":9.46,"min":5.66,"max":10.86,"night":9.02,"eve":9.83,"morn":6.11},"feels_like":{"day":6.64,"night":6.07,"eve":7.09,"morn":4.01},"pressure":1029,"humidity":80,"weather":[{"id":804,"main":"Clouds","description":"overcast clouds","icon":"04d"}],"speed":6.67,"deg":229,"gust":13.35,"clouds":100,"pop":0},{"dt":1708513200,"sunrise":1708497900,"sunset":1708535276,"temp":{"day":10.49,"min":7.56,"max":10.97,"night":9.81,"eve":9.22,"morn":7.71},"feels_like":{"day":9.63,"night":6.26,"eve":5.26,"morn":4.85},"pressure":1014,"humidity":78,"weather":[{"id":500,"main":"Rain","description":"light rain","icon":"10d"}],"speed":9.83,"deg":203,"gust":17.49,"clouds":100,"pop":1,"rain":3.26},{"dt":1708599600,"sunrise":1708584181,"sunset":1708621782,"temp":{"day":10.67,"min":5.31,"max":11.7,"night":5.31,"eve":6.6,"morn":11.4},"feels_like":{"day":10.01,"night":0.62,"eve":2.52,"morn":10.92},"pressure":986,"humidity":85,"weather":[{"id":501,"main":"Rain","description":"moderate rain","icon":"10d"}],"speed":13.33,"deg":211,"gust":21.69,"clouds":100,"pop":1,"rain":13.26},{"dt":1708686000,"sunrise":1708670461,"sunset":1708708287,"temp":{"day":8.16,"min":4.46,"max":8.16,"night":4.6,"eve":5.44,"morn":4.9},"feels_like":{"day":4.33,"night":0.87,"eve":2.47,"morn":0},"pressure":994,"humidity":63,"weather":[{"id":500,"main":"Rain","description":"light rain","icon":"10d"}],"speed":8.85,"deg":211,"gust":15.08,"clouds":79,"pop":0.93,"rain":1.21}]}
--- ENF OF RECEIVED DATA ---

