________________________________________________
|             CALL API : START                |
________________________________________________

Informations : 
Called API: meteo - 1 September 2023, 01:00
Method: GETMETEO - Timeout : 300 - Cache : 1
URL CALLED : https://api.openweathermap.org/data/2.5/forecast/daily?q=Brussels,be&units=metric&cnt=4&appid=ea18c0706135505149200c3836f29800
-------------------------
________________________________________________
|             CALL API : START                |
________________________________________________

Informations : 
Called API: meteo - 1 September 2023, 01:00
Method: GETMETEO - Timeout : 300 - Cache : 1
URL CALLED : https://api.openweathermap.org/data/2.5/forecast/daily?q=Brussels,be&units=metric&cnt=4&appid=ea18c0706135505149200c3836f29800
-------------------------
{"city":{"id":2800866,"name":"Brussels","coord":{"lon":4.3488,"lat":50.8504},"country":"BE","population":1019022,"timezone":7200},"cod":"200","message":0.049925,"cnt":4,"list":[{"dt":1693566000,"sunrise":1693544146,"sunset":1693593011,"temp":{"day":19.4,"min":13.92,"max":20.47,"night":17.75,"eve":19.08,"morn":15.65},"feels_like":{"day":19.59,"night":17.98,"eve":19.34,"morn":15.86},"pressure":1012,"humidity":84,"weather":[{"id":502,"main":"Rain","description":"heavy intensity rain","icon":"10d"}],"speed":4.94,"deg":244,"gust":9.74,"clouds":97,"pop":1,"rain":27.58},{"dt":1693652400,"sunrise":1693630639,"sunset":1693679280,"temp":{"day":21.09,"min":15.66,"max":24.6,"night":18.25,"eve":23.3,"morn":15.66},"feels_like":{"day":21.27,"night":18.48,"eve":23.54,"morn":15.76},"pressure":1020,"humidity":77,"weather":[{"id":501,"main":"Rain","description":"moderate rain","icon":"10d"}],"speed":3,"deg":20,"gust":5.36,"clouds":97,"pop":0.96,"rain":3.83},{"dt":1693738800,"sunrise":1693717132,"sunset":1693765548,"temp":{"day":22.57,"min":15.38,"max":23.91,"night":17.05,"eve":20.34,"morn":15.38},"feels_like":{"day":22.58,"night":16.85,"eve":20.28,"morn":15.45},"pressure":1026,"humidity":65,"weather":[{"id":804,"main":"Clouds","description":"overcast clouds","icon":"04d"}],"speed":3.26,"deg":69,"gust":5.28,"clouds":99,"pop":0.05},{"dt":1693825200,"sunrise":1693803624,"sunset":1693851816,"temp":{"day":24.37,"min":14.57,"max":25.55,"night":17.5,"eve":20.96,"morn":14.88},"feels_like":{"day":24.35,"night":17.19,"eve":20.89,"morn":14.56},"pressure":1025,"humidity":57,"weather":[{"id":803,"main":"Clouds","description":"broken clouds","icon":"04d"}],"speed":2.47,"deg":70,"gust":3.67,"clouds":67,"pop":0}]}
--- ENF OF RECEIVED DATA ---

{"city":{"id":2800866,"name":"Brussels","coord":{"lon":4.3488,"lat":50.8504},"country":"BE","population":1019022,"timezone":7200},"cod":"200","message":0.049925,"cnt":4,"list":[{"dt":1693566000,"sunrise":1693544146,"sunset":1693593011,"temp":{"day":19.4,"min":13.92,"max":20.47,"night":17.75,"eve":19.08,"morn":15.65},"feels_like":{"day":19.59,"night":17.98,"eve":19.34,"morn":15.86},"pressure":1012,"humidity":84,"weather":[{"id":502,"main":"Rain","description":"heavy intensity rain","icon":"10d"}],"speed":4.94,"deg":244,"gust":9.74,"clouds":97,"pop":1,"rain":27.58},{"dt":1693652400,"sunrise":1693630639,"sunset":1693679280,"temp":{"day":21.09,"min":15.66,"max":24.6,"night":18.25,"eve":23.3,"morn":15.66},"feels_like":{"day":21.27,"night":18.48,"eve":23.54,"morn":15.76},"pressure":1020,"humidity":77,"weather":[{"id":501,"main":"Rain","description":"moderate rain","icon":"10d"}],"speed":3,"deg":20,"gust":5.36,"clouds":97,"pop":0.96,"rain":3.83},{"dt":1693738800,"sunrise":1693717132,"sunset":1693765548,"temp":{"day":22.57,"min":15.38,"max":23.91,"night":17.05,"eve":20.34,"morn":15.38},"feels_like":{"day":22.58,"night":16.85,"eve":20.28,"morn":15.45},"pressure":1026,"humidity":65,"weather":[{"id":804,"main":"Clouds","description":"overcast clouds","icon":"04d"}],"speed":3.26,"deg":69,"gust":5.28,"clouds":99,"pop":0.05},{"dt":1693825200,"sunrise":1693803624,"sunset":1693851816,"temp":{"day":24.37,"min":14.57,"max":25.55,"night":17.5,"eve":20.96,"morn":14.88},"feels_like":{"day":24.35,"night":17.19,"eve":20.89,"morn":14.56},"pressure":1025,"humidity":57,"weather":[{"id":803,"main":"Clouds","description":"broken clouds","icon":"04d"}],"speed":2.47,"deg":70,"gust":3.67,"clouds":67,"pop":0}]}
--- ENF OF RECEIVED DATA ---

