________________________________________________
|             CALL API : START                |
________________________________________________

Informations : 
Called API: meteo - 20 July 2023, 15:40
Method: GETMETEO - Timeout : 300 - Cache : 1
URL CALLED : https://api.openweathermap.org/data/2.5/forecast/daily?q=Brussels,be&units=metric&cnt=4&appid=ea18c0706135505149200c3836f29800
-------------------------
________________________________________________
|             CALL API : START                |
________________________________________________

Informations : 
Called API: meteo - 20 July 2023, 15:40
Method: GETMETEO - Timeout : 300 - Cache : 1
URL CALLED : https://api.openweathermap.org/data/2.5/forecast/daily?q=Brussels,be&units=metric&cnt=4&appid=ea18c0706135505149200c3836f29800
-------------------------
{"city":{"id":2800866,"name":"Brussels","coord":{"lon":4.3488,"lat":50.8504},"country":"BE","population":1019022,"timezone":7200},"cod":"200","message":0.0463396,"cnt":4,"list":[{"dt":1689850800,"sunrise":1689825095,"sunset":1689882354,"temp":{"day":21.15,"min":13.69,"max":21.6,"night":15.54,"eve":21.15,"morn":13.79},"feels_like":{"day":20.76,"night":15.19,"eve":20.78,"morn":13.68},"pressure":1015,"humidity":55,"weather":[{"id":500,"main":"Rain","description":"light rain","icon":"10d"}],"speed":3.52,"deg":250,"gust":8.96,"clouds":43,"pop":0.49,"rain":0.74},{"dt":1689937200,"sunrise":1689911572,"sunset":1689968684,"temp":{"day":23.22,"min":13.23,"max":23.22,"night":13.97,"eve":19.98,"morn":14},"feels_like":{"day":22.56,"night":12.94,"eve":19.23,"morn":13.52},"pressure":1011,"humidity":37,"weather":[{"id":500,"main":"Rain","description":"light rain","icon":"10d"}],"speed":4.4,"deg":316,"gust":6.24,"clouds":59,"pop":0.3,"rain":0.18},{"dt":1690023600,"sunrise":1689998050,"sunset":1690055013,"temp":{"day":21.61,"min":11.51,"max":22.87,"night":15.2,"eve":21.66,"morn":12.52},"feels_like":{"day":20.98,"night":14.97,"eve":21,"morn":11.86},"pressure":1013,"humidity":44,"weather":[{"id":500,"main":"Rain","description":"light rain","icon":"10d"}],"speed":6.47,"deg":260,"gust":14.14,"clouds":89,"pop":0.66,"rain":0.48},{"dt":1690110000,"sunrise":1690084530,"sunset":1690141339,"temp":{"day":17.63,"min":14.7,"max":17.63,"night":15.93,"eve":16.79,"morn":15.27},"feels_like":{"day":17.72,"night":16.06,"eve":16.9,"morn":15.25},"pressure":1009,"humidity":87,"weather":[{"id":500,"main":"Rain","description":"light rain","icon":"10d"}],"speed":8.34,"deg":216,"gust":15.99,"clouds":100,"pop":1,"rain":4.82}]}
--- ENF OF RECEIVED DATA ---

{"city":{"id":2800866,"name":"Brussels","coord":{"lon":4.3488,"lat":50.8504},"country":"BE","population":1019022,"timezone":7200},"cod":"200","message":0.0463396,"cnt":4,"list":[{"dt":1689850800,"sunrise":1689825095,"sunset":1689882354,"temp":{"day":21.15,"min":13.69,"max":21.6,"night":15.54,"eve":21.15,"morn":13.79},"feels_like":{"day":20.76,"night":15.19,"eve":20.78,"morn":13.68},"pressure":1015,"humidity":55,"weather":[{"id":500,"main":"Rain","description":"light rain","icon":"10d"}],"speed":3.52,"deg":250,"gust":8.96,"clouds":43,"pop":0.49,"rain":0.74},{"dt":1689937200,"sunrise":1689911572,"sunset":1689968684,"temp":{"day":23.22,"min":13.23,"max":23.22,"night":13.97,"eve":19.98,"morn":14},"feels_like":{"day":22.56,"night":12.94,"eve":19.23,"morn":13.52},"pressure":1011,"humidity":37,"weather":[{"id":500,"main":"Rain","description":"light rain","icon":"10d"}],"speed":4.4,"deg":316,"gust":6.24,"clouds":59,"pop":0.3,"rain":0.18},{"dt":1690023600,"sunrise":1689998050,"sunset":1690055013,"temp":{"day":21.61,"min":11.51,"max":22.87,"night":15.2,"eve":21.66,"morn":12.52},"feels_like":{"day":20.98,"night":14.97,"eve":21,"morn":11.86},"pressure":1013,"humidity":44,"weather":[{"id":500,"main":"Rain","description":"light rain","icon":"10d"}],"speed":6.47,"deg":260,"gust":14.14,"clouds":89,"pop":0.66,"rain":0.48},{"dt":1690110000,"sunrise":1690084530,"sunset":1690141339,"temp":{"day":17.63,"min":14.7,"max":17.63,"night":15.93,"eve":16.79,"morn":15.27},"feels_like":{"day":17.72,"night":16.06,"eve":16.9,"morn":15.25},"pressure":1009,"humidity":87,"weather":[{"id":500,"main":"Rain","description":"light rain","icon":"10d"}],"speed":8.34,"deg":216,"gust":15.99,"clouds":100,"pop":1,"rain":4.82}]}
--- ENF OF RECEIVED DATA ---

