________________________________________________
|             CALL API : START                |
________________________________________________

Informations : 
Called API: meteo - 3 November 2024, 17:00
Method: GETMETEO - Timeout : 300 - Cache : 1
URL CALLED : https://api.openweathermap.org/data/2.5/forecast/daily?q=Brussels,be&units=metric&cnt=4&appid=ea18c0706135505149200c3836f29800
-------------------------
________________________________________________
|             CALL API : START                |
________________________________________________

Informations : 
Called API: meteo - 3 November 2024, 17:00
Method: GETMETEO - Timeout : 300 - Cache : 1
URL CALLED : https://api.openweathermap.org/data/2.5/forecast/daily?q=Brussels,be&units=metric&cnt=4&appid=ea18c0706135505149200c3836f29800
-------------------------
{"city":{"id":2800866,"name":"Brussels","coord":{"lon":4.3488,"lat":50.8504},"country":"BE","population":1019022,"timezone":3600},"cod":"200","message":0.1176356,"cnt":4,"list":[{"dt":1730631600,"sunrise":1730615898,"sunset":1730650438,"temp":{"day":12.83,"min":6.77,"max":13.08,"night":8.16,"eve":10.5,"morn":6.77},"feels_like":{"day":11.87,"night":6.67,"eve":9.75,"morn":5.04},"pressure":1029,"humidity":65,"weather":[{"id":800,"main":"Clear","description":"sky is clear","icon":"01d"}],"speed":3.17,"deg":82,"gust":5.84,"clouds":5,"pop":0},{"dt":1730718000,"sunrise":1730702402,"sunset":1730736737,"temp":{"day":13.11,"min":6.44,"max":15.02,"night":8.57,"eve":10.58,"morn":6.83},"feels_like":{"day":11.91,"night":7.47,"eve":9.5,"morn":5.31},"pressure":1026,"humidity":55,"weather":[{"id":800,"main":"Clear","description":"sky is clear","icon":"01d"}],"speed":2.83,"deg":98,"gust":4.1,"clouds":6,"pop":0},{"dt":1730804400,"sunrise":1730788906,"sunset":1730823038,"temp":{"day":13.55,"min":7.43,"max":15.56,"night":10.06,"eve":11.81,"morn":7.46},"feels_like":{"day":12.71,"night":9.42,"eve":11.08,"morn":6.32},"pressure":1023,"humidity":67,"weather":[{"id":804,"main":"Clouds","description":"overcast clouds","icon":"04d"}],"speed":2.6,"deg":220,"gust":3.93,"clouds":98,"pop":0},{"dt":1730890800,"sunrise":1730875410,"sunset":1730909340,"temp":{"day":14.1,"min":8.98,"max":15.36,"night":10.01,"eve":11.21,"morn":9.01},"feels_like":{"day":13.37,"night":9.29,"eve":10.45,"morn":9.01},"pressure":1029,"humidity":69,"weather":[{"id":804,"main":"Clouds","description":"overcast clouds","icon":"04d"}],"speed":2.02,"deg":222,"gust":2.06,"clouds":87,"pop":0}]}
--- ENF OF RECEIVED DATA ---

{"city":{"id":2800866,"name":"Brussels","coord":{"lon":4.3488,"lat":50.8504},"country":"BE","population":1019022,"timezone":3600},"cod":"200","message":0.1176356,"cnt":4,"list":[{"dt":1730631600,"sunrise":1730615898,"sunset":1730650438,"temp":{"day":12.83,"min":6.77,"max":13.08,"night":8.16,"eve":10.5,"morn":6.77},"feels_like":{"day":11.87,"night":6.67,"eve":9.75,"morn":5.04},"pressure":1029,"humidity":65,"weather":[{"id":800,"main":"Clear","description":"sky is clear","icon":"01d"}],"speed":3.17,"deg":82,"gust":5.84,"clouds":5,"pop":0},{"dt":1730718000,"sunrise":1730702402,"sunset":1730736737,"temp":{"day":13.11,"min":6.44,"max":15.02,"night":8.57,"eve":10.58,"morn":6.83},"feels_like":{"day":11.91,"night":7.47,"eve":9.5,"morn":5.31},"pressure":1026,"humidity":55,"weather":[{"id":800,"main":"Clear","description":"sky is clear","icon":"01d"}],"speed":2.83,"deg":98,"gust":4.1,"clouds":6,"pop":0},{"dt":1730804400,"sunrise":1730788906,"sunset":1730823038,"temp":{"day":13.55,"min":7.43,"max":15.56,"night":10.06,"eve":11.81,"morn":7.46},"feels_like":{"day":12.71,"night":9.42,"eve":11.08,"morn":6.32},"pressure":1023,"humidity":67,"weather":[{"id":804,"main":"Clouds","description":"overcast clouds","icon":"04d"}],"speed":2.6,"deg":220,"gust":3.93,"clouds":98,"pop":0},{"dt":1730890800,"sunrise":1730875410,"sunset":1730909340,"temp":{"day":14.1,"min":8.98,"max":15.36,"night":10.01,"eve":11.21,"morn":9.01},"feels_like":{"day":13.37,"night":9.29,"eve":10.45,"morn":9.01},"pressure":1029,"humidity":69,"weather":[{"id":804,"main":"Clouds","description":"overcast clouds","icon":"04d"}],"speed":2.02,"deg":222,"gust":2.06,"clouds":87,"pop":0}]}
--- ENF OF RECEIVED DATA ---

