________________________________________________
|             CALL API : START                |
________________________________________________

Informations : 
Called API: meteo - 26 February 2024, 22:00
Method: GETMETEO - Timeout : 300 - Cache : 1
URL CALLED : https://api.openweathermap.org/data/2.5/forecast/daily?q=Brussels,be&units=metric&cnt=4&appid=ea18c0706135505149200c3836f29800
-------------------------
________________________________________________
|             CALL API : START                |
________________________________________________

Informations : 
Called API: meteo - 26 February 2024, 22:00
Method: GETMETEO - Timeout : 300 - Cache : 1
URL CALLED : https://api.openweathermap.org/data/2.5/forecast/daily?q=Brussels,be&units=metric&cnt=4&appid=ea18c0706135505149200c3836f29800
-------------------------
{"city":{"id":2800866,"name":"Brussels","coord":{"lon":4.3488,"lat":50.8504},"country":"BE","population":1019022,"timezone":3600},"cod":"200","message":0.1314912,"cnt":4,"list":[{"dt":1708945200,"sunrise":1708929294,"sunset":1708967801,"temp":{"day":5.02,"min":4.62,"max":6.71,"night":5,"eve":4.94,"morn":5.71},"feels_like":{"day":0.32,"night":0.6,"eve":0.26,"morn":1.38},"pressure":1002,"humidity":94,"weather":[{"id":501,"main":"Rain","description":"moderate rain","icon":"10d"}],"speed":7.8,"deg":79,"gust":13.48,"clouds":100,"pop":1,"rain":20.8},{"dt":1709031600,"sunrise":1709015570,"sunset":1709054305,"temp":{"day":7.15,"min":1.92,"max":9.21,"night":4.08,"eve":6.4,"morn":2.46},"feels_like":{"day":4.75,"night":2.63,"eve":4.03,"morn":-1.37},"pressure":1019,"humidity":69,"weather":[{"id":800,"main":"Clear","description":"sky is clear","icon":"01d"}],"speed":6.16,"deg":29,"gust":13.38,"clouds":5,"pop":0.49},{"dt":1709118000,"sunrise":1709101845,"sunset":1709140809,"temp":{"day":7.33,"min":2.28,"max":10.49,"night":7.77,"eve":8.65,"morn":2.5},"feels_like":{"day":5.01,"night":4.06,"eve":6.14,"morn":0.01},"pressure":1022,"humidity":72,"weather":[{"id":804,"main":"Clouds","description":"overcast clouds","icon":"04d"}],"speed":7.03,"deg":195,"gust":14.36,"clouds":99,"pop":0.21},{"dt":1709204400,"sunrise":1709188119,"sunset":1709227312,"temp":{"day":9,"min":7.57,"max":9.59,"night":9.59,"eve":9.31,"morn":8.1},"feels_like":{"day":5.82,"night":6.5,"eve":6.25,"morn":4.44},"pressure":1010,"humidity":93,"weather":[{"id":500,"main":"Rain","description":"light rain","icon":"10d"}],"speed":7.49,"deg":197,"gust":15.51,"clouds":100,"pop":1,"rain":3.71}]}
--- ENF OF RECEIVED DATA ---

{"city":{"id":2800866,"name":"Brussels","coord":{"lon":4.3488,"lat":50.8504},"country":"BE","population":1019022,"timezone":3600},"cod":"200","message":0.1314912,"cnt":4,"list":[{"dt":1708945200,"sunrise":1708929294,"sunset":1708967801,"temp":{"day":5.02,"min":4.62,"max":6.71,"night":5,"eve":4.94,"morn":5.71},"feels_like":{"day":0.32,"night":0.6,"eve":0.26,"morn":1.38},"pressure":1002,"humidity":94,"weather":[{"id":501,"main":"Rain","description":"moderate rain","icon":"10d"}],"speed":7.8,"deg":79,"gust":13.48,"clouds":100,"pop":1,"rain":20.8},{"dt":1709031600,"sunrise":1709015570,"sunset":1709054305,"temp":{"day":7.15,"min":1.92,"max":9.21,"night":4.08,"eve":6.4,"morn":2.46},"feels_like":{"day":4.75,"night":2.63,"eve":4.03,"morn":-1.37},"pressure":1019,"humidity":69,"weather":[{"id":800,"main":"Clear","description":"sky is clear","icon":"01d"}],"speed":6.16,"deg":29,"gust":13.38,"clouds":5,"pop":0.49},{"dt":1709118000,"sunrise":1709101845,"sunset":1709140809,"temp":{"day":7.33,"min":2.28,"max":10.49,"night":7.77,"eve":8.65,"morn":2.5},"feels_like":{"day":5.01,"night":4.06,"eve":6.14,"morn":0.01},"pressure":1022,"humidity":72,"weather":[{"id":804,"main":"Clouds","description":"overcast clouds","icon":"04d"}],"speed":7.03,"deg":195,"gust":14.36,"clouds":99,"pop":0.21},{"dt":1709204400,"sunrise":1709188119,"sunset":1709227312,"temp":{"day":9,"min":7.57,"max":9.59,"night":9.59,"eve":9.31,"morn":8.1},"feels_like":{"day":5.82,"night":6.5,"eve":6.25,"morn":4.44},"pressure":1010,"humidity":93,"weather":[{"id":500,"main":"Rain","description":"light rain","icon":"10d"}],"speed":7.49,"deg":197,"gust":15.51,"clouds":100,"pop":1,"rain":3.71}]}
--- ENF OF RECEIVED DATA ---

