________________________________________________
|             CALL API : START                |
________________________________________________

Informations : 
Called API: meteo - 30 May 2023, 13:50
Method: GETMETEO - Timeout : 300 - Cache : 1
URL CALLED : https://api.openweathermap.org/data/2.5/forecast/daily?q=Brussels,be&units=metric&cnt=4&appid=ea18c0706135505149200c3836f29800
-------------------------
________________________________________________
|             CALL API : START                |
________________________________________________

Informations : 
Called API: meteo - 30 May 2023, 13:50
Method: GETMETEO - Timeout : 300 - Cache : 1
URL CALLED : https://api.openweathermap.org/data/2.5/forecast/daily?q=Brussels,be&units=metric&cnt=4&appid=ea18c0706135505149200c3836f29800
-------------------------
{"city":{"id":2800866,"name":"Brussels","coord":{"lon":4.3488,"lat":50.8504},"country":"BE","population":1019022,"timezone":7200},"cod":"200","message":0.0495758,"cnt":4,"list":[{"dt":1685444400,"sunrise":1685417791,"sunset":1685475840,"temp":{"day":17.68,"min":7.6,"max":19.23,"night":12.31,"eve":18.92,"morn":8.43},"feels_like":{"day":16.97,"night":11.79,"eve":18.46,"morn":5.75},"pressure":1026,"humidity":56,"weather":[{"id":800,"main":"Clear","description":"sky is clear","icon":"01d"}],"speed":5.88,"deg":42,"gust":12.64,"clouds":10,"pop":0},{"dt":1685530800,"sunrise":1685504140,"sunset":1685562308,"temp":{"day":21.14,"min":9.58,"max":23,"night":14.89,"eve":21.79,"morn":10.65},"feels_like":{"day":20.67,"night":14.63,"eve":21.51,"morn":10.2},"pressure":1024,"humidity":52,"weather":[{"id":802,"main":"Clouds","description":"scattered clouds","icon":"03d"}],"speed":6.08,"deg":53,"gust":11.33,"clouds":29,"pop":0},{"dt":1685617200,"sunrise":1685590492,"sunset":1685648774,"temp":{"day":18.45,"min":8.64,"max":20.74,"night":11.13,"eve":18.33,"morn":9.43},"feels_like":{"day":17.84,"night":10.41,"eve":17.81,"morn":7.39},"pressure":1022,"humidity":57,"weather":[{"id":800,"main":"Clear","description":"sky is clear","icon":"01d"}],"speed":5.97,"deg":353,"gust":11.12,"clouds":9,"pop":0},{"dt":1685703600,"sunrise":1685676847,"sunset":1685735237,"temp":{"day":18.3,"min":6.75,"max":18.3,"night":13.02,"eve":16.94,"morn":8.02},"feels_like":{"day":17.7,"night":12.65,"eve":16.44,"morn":6.17},"pressure":1021,"humidity":58,"weather":[{"id":801,"main":"Clouds","description":"few clouds","icon":"02d"}],"speed":5.41,"deg":34,"gust":9.65,"clouds":17,"pop":0}]}
--- ENF OF RECEIVED DATA ---

{"city":{"id":2800866,"name":"Brussels","coord":{"lon":4.3488,"lat":50.8504},"country":"BE","population":1019022,"timezone":7200},"cod":"200","message":0.0495758,"cnt":4,"list":[{"dt":1685444400,"sunrise":1685417791,"sunset":1685475840,"temp":{"day":17.68,"min":7.6,"max":19.23,"night":12.31,"eve":18.92,"morn":8.43},"feels_like":{"day":16.97,"night":11.79,"eve":18.46,"morn":5.75},"pressure":1026,"humidity":56,"weather":[{"id":800,"main":"Clear","description":"sky is clear","icon":"01d"}],"speed":5.88,"deg":42,"gust":12.64,"clouds":10,"pop":0},{"dt":1685530800,"sunrise":1685504140,"sunset":1685562308,"temp":{"day":21.14,"min":9.58,"max":23,"night":14.89,"eve":21.79,"morn":10.65},"feels_like":{"day":20.67,"night":14.63,"eve":21.51,"morn":10.2},"pressure":1024,"humidity":52,"weather":[{"id":802,"main":"Clouds","description":"scattered clouds","icon":"03d"}],"speed":6.08,"deg":53,"gust":11.33,"clouds":29,"pop":0},{"dt":1685617200,"sunrise":1685590492,"sunset":1685648774,"temp":{"day":18.45,"min":8.64,"max":20.74,"night":11.13,"eve":18.33,"morn":9.43},"feels_like":{"day":17.84,"night":10.41,"eve":17.81,"morn":7.39},"pressure":1022,"humidity":57,"weather":[{"id":800,"main":"Clear","description":"sky is clear","icon":"01d"}],"speed":5.97,"deg":353,"gust":11.12,"clouds":9,"pop":0},{"dt":1685703600,"sunrise":1685676847,"sunset":1685735237,"temp":{"day":18.3,"min":6.75,"max":18.3,"night":13.02,"eve":16.94,"morn":8.02},"feels_like":{"day":17.7,"night":12.65,"eve":16.44,"morn":6.17},"pressure":1021,"humidity":58,"weather":[{"id":801,"main":"Clouds","description":"few clouds","icon":"02d"}],"speed":5.41,"deg":34,"gust":9.65,"clouds":17,"pop":0}]}
--- ENF OF RECEIVED DATA ---

