________________________________________________
|             CALL API : START                |
________________________________________________

Informations : 
Called API: meteo - 31 August 2023, 17:00
Method: GETMETEO - Timeout : 300 - Cache : 1
URL CALLED : https://api.openweathermap.org/data/2.5/forecast/daily?q=Brussels,be&units=metric&cnt=4&appid=ea18c0706135505149200c3836f29800
-------------------------
________________________________________________
|             CALL API : START                |
________________________________________________

Informations : 
Called API: meteo - 31 August 2023, 17:00
Method: GETMETEO - Timeout : 300 - Cache : 1
URL CALLED : https://api.openweathermap.org/data/2.5/forecast/daily?q=Brussels,be&units=metric&cnt=4&appid=ea18c0706135505149200c3836f29800
-------------------------
{"city":{"id":2800866,"name":"Brussels","coord":{"lon":4.3488,"lat":50.8504},"country":"BE","population":1019022,"timezone":7200},"cod":"200","message":0.8578583,"cnt":4,"list":[{"dt":1693479600,"sunrise":1693457654,"sunset":1693506741,"temp":{"day":18.58,"min":10.45,"max":19.05,"night":12.44,"eve":16.67,"morn":10.56},"feels_like":{"day":18.14,"night":12.19,"eve":16.32,"morn":10.13},"pressure":1012,"humidity":63,"weather":[{"id":500,"main":"Rain","description":"light rain","icon":"10d"}],"speed":6.16,"deg":229,"gust":8.68,"clouds":59,"pop":0.93,"rain":3.62},{"dt":1693566000,"sunrise":1693544146,"sunset":1693593011,"temp":{"day":16.63,"min":12.73,"max":20.6,"night":17.31,"eve":19.17,"morn":14.95},"feels_like":{"day":16.8,"night":17.5,"eve":19.41,"morn":15.06},"pressure":1012,"humidity":94,"weather":[{"id":502,"main":"Rain","description":"heavy intensity rain","icon":"10d"}],"speed":4.46,"deg":225,"gust":7.47,"clouds":100,"pop":1,"rain":14.83},{"dt":1693652400,"sunrise":1693630639,"sunset":1693679280,"temp":{"day":23.16,"min":15.36,"max":25.44,"night":18.49,"eve":24.6,"morn":15.36},"feels_like":{"day":23.28,"night":18.74,"eve":24.79,"morn":15.43},"pressure":1019,"humidity":67,"weather":[{"id":500,"main":"Rain","description":"light rain","icon":"10d"}],"speed":3.24,"deg":8,"gust":6.66,"clouds":91,"pop":0.76,"rain":2.09},{"dt":1693738800,"sunrise":1693717132,"sunset":1693765548,"temp":{"day":24.24,"min":15.91,"max":25.26,"night":18.32,"eve":21.63,"morn":15.91},"feels_like":{"day":24.29,"night":18.4,"eve":21.73,"morn":16.04},"pressure":1026,"humidity":60,"weather":[{"id":804,"main":"Clouds","description":"overcast clouds","icon":"04d"}],"speed":2.85,"deg":64,"gust":6.14,"clouds":99,"pop":0.16}]}
--- ENF OF RECEIVED DATA ---

{"city":{"id":2800866,"name":"Brussels","coord":{"lon":4.3488,"lat":50.8504},"country":"BE","population":1019022,"timezone":7200},"cod":"200","message":0.8578583,"cnt":4,"list":[{"dt":1693479600,"sunrise":1693457654,"sunset":1693506741,"temp":{"day":18.58,"min":10.45,"max":19.05,"night":12.44,"eve":16.67,"morn":10.56},"feels_like":{"day":18.14,"night":12.19,"eve":16.32,"morn":10.13},"pressure":1012,"humidity":63,"weather":[{"id":500,"main":"Rain","description":"light rain","icon":"10d"}],"speed":6.16,"deg":229,"gust":8.68,"clouds":59,"pop":0.93,"rain":3.62},{"dt":1693566000,"sunrise":1693544146,"sunset":1693593011,"temp":{"day":16.63,"min":12.73,"max":20.6,"night":17.31,"eve":19.17,"morn":14.95},"feels_like":{"day":16.8,"night":17.5,"eve":19.41,"morn":15.06},"pressure":1012,"humidity":94,"weather":[{"id":502,"main":"Rain","description":"heavy intensity rain","icon":"10d"}],"speed":4.46,"deg":225,"gust":7.47,"clouds":100,"pop":1,"rain":14.83},{"dt":1693652400,"sunrise":1693630639,"sunset":1693679280,"temp":{"day":23.16,"min":15.36,"max":25.44,"night":18.49,"eve":24.6,"morn":15.36},"feels_like":{"day":23.28,"night":18.74,"eve":24.79,"morn":15.43},"pressure":1019,"humidity":67,"weather":[{"id":500,"main":"Rain","description":"light rain","icon":"10d"}],"speed":3.24,"deg":8,"gust":6.66,"clouds":91,"pop":0.76,"rain":2.09},{"dt":1693738800,"sunrise":1693717132,"sunset":1693765548,"temp":{"day":24.24,"min":15.91,"max":25.26,"night":18.32,"eve":21.63,"morn":15.91},"feels_like":{"day":24.29,"night":18.4,"eve":21.73,"morn":16.04},"pressure":1026,"humidity":60,"weather":[{"id":804,"main":"Clouds","description":"overcast clouds","icon":"04d"}],"speed":2.85,"deg":64,"gust":6.14,"clouds":99,"pop":0.16}]}
--- ENF OF RECEIVED DATA ---

