________________________________________________
|             CALL API : START                |
________________________________________________

Informations : 
Called API: meteo - 5 August 2023, 19:50
Method: GETMETEO - Timeout : 300 - Cache : 1
URL CALLED : https://api.openweathermap.org/data/2.5/forecast/daily?q=Brussels,be&units=metric&cnt=4&appid=ea18c0706135505149200c3836f29800
-------------------------
________________________________________________
|             CALL API : START                |
________________________________________________

Informations : 
Called API: meteo - 5 August 2023, 19:50
Method: GETMETEO - Timeout : 300 - Cache : 1
URL CALLED : https://api.openweathermap.org/data/2.5/forecast/daily?q=Brussels,be&units=metric&cnt=4&appid=ea18c0706135505149200c3836f29800
-------------------------
{"city":{"id":2800866,"name":"Brussels","coord":{"lon":4.3488,"lat":50.8504},"country":"BE","population":1019022,"timezone":7200},"cod":"200","message":4.7067582,"cnt":4,"list":[{"dt":1691233200,"sunrise":1691208845,"sunset":1691263390,"temp":{"day":17.33,"min":12.38,"max":18.21,"night":14.55,"eve":15.38,"morn":12.76},"feels_like":{"day":16.89,"night":14.52,"eve":15.35,"morn":12.52},"pressure":1012,"humidity":68,"weather":[{"id":502,"main":"Rain","description":"heavy intensity rain","icon":"10d"}],"speed":7.52,"deg":223,"gust":13.02,"clouds":95,"pop":1,"rain":12.44},{"dt":1691319600,"sunrise":1691295336,"sunset":1691349689,"temp":{"day":14.7,"min":12.23,"max":16.31,"night":12.23,"eve":15.34,"morn":13.66},"feels_like":{"day":14.45,"night":11.6,"eve":14.73,"morn":13.54},"pressure":1011,"humidity":85,"weather":[{"id":501,"main":"Rain","description":"moderate rain","icon":"10d"}],"speed":9.49,"deg":297,"gust":14.5,"clouds":96,"pop":1,"rain":9.28},{"dt":1691406000,"sunrise":1691381827,"sunset":1691435986,"temp":{"day":18.51,"min":10.87,"max":19.23,"night":13.43,"eve":18.58,"morn":10.95},"feels_like":{"day":17.85,"night":13,"eve":18.03,"morn":10.4},"pressure":1018,"humidity":55,"weather":[{"id":500,"main":"Rain","description":"light rain","icon":"10d"}],"speed":6.96,"deg":295,"gust":12.32,"clouds":37,"pop":0.38,"rain":0.37},{"dt":1691492400,"sunrise":1691468318,"sunset":1691522282,"temp":{"day":19.32,"min":11.06,"max":20.67,"night":13.95,"eve":18.15,"morn":11.14},"feels_like":{"day":18.74,"night":13.31,"eve":17.64,"morn":10.71},"pressure":1016,"humidity":55,"weather":[{"id":804,"main":"Clouds","description":"overcast clouds","icon":"04d"}],"speed":5.34,"deg":264,"gust":10.83,"clouds":98,"pop":0.16}]}
--- ENF OF RECEIVED DATA ---

{"city":{"id":2800866,"name":"Brussels","coord":{"lon":4.3488,"lat":50.8504},"country":"BE","population":1019022,"timezone":7200},"cod":"200","message":4.7067582,"cnt":4,"list":[{"dt":1691233200,"sunrise":1691208845,"sunset":1691263390,"temp":{"day":17.33,"min":12.38,"max":18.21,"night":14.55,"eve":15.38,"morn":12.76},"feels_like":{"day":16.89,"night":14.52,"eve":15.35,"morn":12.52},"pressure":1012,"humidity":68,"weather":[{"id":502,"main":"Rain","description":"heavy intensity rain","icon":"10d"}],"speed":7.52,"deg":223,"gust":13.02,"clouds":95,"pop":1,"rain":12.44},{"dt":1691319600,"sunrise":1691295336,"sunset":1691349689,"temp":{"day":14.7,"min":12.23,"max":16.31,"night":12.23,"eve":15.34,"morn":13.66},"feels_like":{"day":14.45,"night":11.6,"eve":14.73,"morn":13.54},"pressure":1011,"humidity":85,"weather":[{"id":501,"main":"Rain","description":"moderate rain","icon":"10d"}],"speed":9.49,"deg":297,"gust":14.5,"clouds":96,"pop":1,"rain":9.28},{"dt":1691406000,"sunrise":1691381827,"sunset":1691435986,"temp":{"day":18.51,"min":10.87,"max":19.23,"night":13.43,"eve":18.58,"morn":10.95},"feels_like":{"day":17.85,"night":13,"eve":18.03,"morn":10.4},"pressure":1018,"humidity":55,"weather":[{"id":500,"main":"Rain","description":"light rain","icon":"10d"}],"speed":6.96,"deg":295,"gust":12.32,"clouds":37,"pop":0.38,"rain":0.37},{"dt":1691492400,"sunrise":1691468318,"sunset":1691522282,"temp":{"day":19.32,"min":11.06,"max":20.67,"night":13.95,"eve":18.15,"morn":11.14},"feels_like":{"day":18.74,"night":13.31,"eve":17.64,"morn":10.71},"pressure":1016,"humidity":55,"weather":[{"id":804,"main":"Clouds","description":"overcast clouds","icon":"04d"}],"speed":5.34,"deg":264,"gust":10.83,"clouds":98,"pop":0.16}]}
--- ENF OF RECEIVED DATA ---

