________________________________________________
|             CALL API : START                |
________________________________________________

Informations : 
Called API: meteo - 1 November 2023, 18:50
Method: GETMETEO - Timeout : 300 - Cache : 1
URL CALLED : https://api.openweathermap.org/data/2.5/forecast/daily?q=Brussels,be&units=metric&cnt=4&appid=ea18c0706135505149200c3836f29800
-------------------------
________________________________________________
|             CALL API : START                |
________________________________________________

Informations : 
Called API: meteo - 1 November 2023, 18:50
Method: GETMETEO - Timeout : 300 - Cache : 1
URL CALLED : https://api.openweathermap.org/data/2.5/forecast/daily?q=Brussels,be&units=metric&cnt=4&appid=ea18c0706135505149200c3836f29800
-------------------------
{"city":{"id":2800866,"name":"Brussels","coord":{"lon":4.3488,"lat":50.8504},"country":"BE","population":1019022,"timezone":3600},"cod":"200","message":0.0480455,"cnt":4,"list":[{"dt":1698836400,"sunrise":1698820413,"sunset":1698855523,"temp":{"day":13.89,"min":10.47,"max":14.01,"night":10.47,"eve":11.58,"morn":11.69},"feels_like":{"day":13.27,"night":9.84,"eve":10.99,"morn":11.24},"pressure":998,"humidity":74,"weather":[{"id":501,"main":"Rain","description":"moderate rain","icon":"10d"}],"speed":10.1,"deg":200,"gust":16.41,"clouds":100,"pop":1,"rain":6.71},{"dt":1698922800,"sunrise":1698906916,"sunset":1698941818,"temp":{"day":12.59,"min":8.7,"max":12.63,"night":8.95,"eve":9.9,"morn":11.75},"feels_like":{"day":11.52,"night":4.61,"eve":5.51,"morn":11.1},"pressure":977,"humidity":62,"weather":[{"id":500,"main":"Rain","description":"light rain","icon":"10d"}],"speed":14.47,"deg":194,"gust":24.52,"clouds":9,"pop":0.92,"rain":1.96},{"dt":1699009200,"sunrise":1698993420,"sunset":1699028114,"temp":{"day":9.54,"min":6.39,"max":9.82,"night":8.34,"eve":8.89,"morn":6.78},"feels_like":{"day":5.71,"night":4.41,"eve":5.04,"morn":2.42},"pressure":983,"humidity":71,"weather":[{"id":501,"main":"Rain","description":"moderate rain","icon":"10d"}],"speed":9.94,"deg":210,"gust":17.3,"clouds":97,"pop":1,"rain":4.26},{"dt":1699095600,"sunrise":1699079925,"sunset":1699114412,"temp":{"day":8.66,"min":8.14,"max":11.18,"night":10.29,"eve":10.7,"morn":8.42},"feels_like":{"day":4.13,"night":9.62,"eve":9.91,"morn":4.13},"pressure":974,"humidity":85,"weather":[{"id":501,"main":"Rain","description":"moderate rain","icon":"10d"}],"speed":11.81,"deg":202,"gust":24.71,"clouds":99,"pop":1,"rain":7.19}]}
--- ENF OF RECEIVED DATA ---

{"city":{"id":2800866,"name":"Brussels","coord":{"lon":4.3488,"lat":50.8504},"country":"BE","population":1019022,"timezone":3600},"cod":"200","message":0.0480455,"cnt":4,"list":[{"dt":1698836400,"sunrise":1698820413,"sunset":1698855523,"temp":{"day":13.89,"min":10.47,"max":14.01,"night":10.47,"eve":11.58,"morn":11.69},"feels_like":{"day":13.27,"night":9.84,"eve":10.99,"morn":11.24},"pressure":998,"humidity":74,"weather":[{"id":501,"main":"Rain","description":"moderate rain","icon":"10d"}],"speed":10.1,"deg":200,"gust":16.41,"clouds":100,"pop":1,"rain":6.71},{"dt":1698922800,"sunrise":1698906916,"sunset":1698941818,"temp":{"day":12.59,"min":8.7,"max":12.63,"night":8.95,"eve":9.9,"morn":11.75},"feels_like":{"day":11.52,"night":4.61,"eve":5.51,"morn":11.1},"pressure":977,"humidity":62,"weather":[{"id":500,"main":"Rain","description":"light rain","icon":"10d"}],"speed":14.47,"deg":194,"gust":24.52,"clouds":9,"pop":0.92,"rain":1.96},{"dt":1699009200,"sunrise":1698993420,"sunset":1699028114,"temp":{"day":9.54,"min":6.39,"max":9.82,"night":8.34,"eve":8.89,"morn":6.78},"feels_like":{"day":5.71,"night":4.41,"eve":5.04,"morn":2.42},"pressure":983,"humidity":71,"weather":[{"id":501,"main":"Rain","description":"moderate rain","icon":"10d"}],"speed":9.94,"deg":210,"gust":17.3,"clouds":97,"pop":1,"rain":4.26},{"dt":1699095600,"sunrise":1699079925,"sunset":1699114412,"temp":{"day":8.66,"min":8.14,"max":11.18,"night":10.29,"eve":10.7,"morn":8.42},"feels_like":{"day":4.13,"night":9.62,"eve":9.91,"morn":4.13},"pressure":974,"humidity":85,"weather":[{"id":501,"main":"Rain","description":"moderate rain","icon":"10d"}],"speed":11.81,"deg":202,"gust":24.71,"clouds":99,"pop":1,"rain":7.19}]}
--- ENF OF RECEIVED DATA ---

