________________________________________________
|             CALL API : START                |
________________________________________________

Informations : 
Called API: meteo - 27 August 2024, 14:00
Method: GETMETEO - Timeout : 300 - Cache : 1
URL CALLED : https://api.openweathermap.org/data/2.5/forecast/daily?q=Brussels,be&units=metric&cnt=4&appid=ea18c0706135505149200c3836f29800
-------------------------
________________________________________________
|             CALL API : START                |
________________________________________________

Informations : 
Called API: meteo - 27 August 2024, 14:00
Method: GETMETEO - Timeout : 300 - Cache : 1
URL CALLED : https://api.openweathermap.org/data/2.5/forecast/daily?q=Brussels,be&units=metric&cnt=4&appid=ea18c0706135505149200c3836f29800
-------------------------
{"city":{"id":2800866,"name":"Brussels","coord":{"lon":4.3488,"lat":50.8504},"country":"BE","population":1019022,"timezone":7200},"cod":"200","message":0.0432816,"cnt":4,"list":[{"dt":1724756400,"sunrise":1724734151,"sunset":1724783961,"temp":{"day":23.59,"min":13.54,"max":24.76,"night":18.36,"eve":24.32,"morn":13.54},"feels_like":{"day":23.41,"night":18,"eve":24.24,"morn":12.99},"pressure":1020,"humidity":54,"weather":[{"id":804,"main":"Clouds","description":"overcast clouds","icon":"04d"}],"speed":2.71,"deg":155,"gust":3.54,"clouds":94,"pop":0},{"dt":1724842800,"sunrise":1724820644,"sunset":1724870233,"temp":{"day":26.31,"min":16.05,"max":28.48,"night":21.54,"eve":26.63,"morn":16.05},"feels_like":{"day":26.31,"night":21.58,"eve":26.63,"morn":15.77},"pressure":1015,"humidity":55,"weather":[{"id":801,"main":"Clouds","description":"few clouds","icon":"02d"}],"speed":3.35,"deg":192,"gust":5.49,"clouds":12,"pop":0},{"dt":1724929200,"sunrise":1724907137,"sunset":1724956504,"temp":{"day":26.04,"min":17.77,"max":26.43,"night":17.77,"eve":21.34,"morn":18.14},"feels_like":{"day":26.04,"night":17.43,"eve":21.23,"morn":17.71},"pressure":1016,"humidity":50,"weather":[{"id":500,"main":"Rain","description":"light rain","icon":"10d"}],"speed":4.64,"deg":330,"gust":8.9,"clouds":77,"pop":0.53,"rain":0.26},{"dt":1725015600,"sunrise":1724993630,"sunset":1725042775,"temp":{"day":19.63,"min":15.86,"max":20.97,"night":16.61,"eve":18.69,"morn":15.94},"feels_like":{"day":19.61,"night":16.02,"eve":18.29,"morn":15.81},"pressure":1021,"humidity":75,"weather":[{"id":500,"main":"Rain","description":"light rain","icon":"10d"}],"speed":4.31,"deg":48,"gust":10.35,"clouds":100,"pop":0.74,"rain":1.39}]}
--- ENF OF RECEIVED DATA ---

{"city":{"id":2800866,"name":"Brussels","coord":{"lon":4.3488,"lat":50.8504},"country":"BE","population":1019022,"timezone":7200},"cod":"200","message":0.0432816,"cnt":4,"list":[{"dt":1724756400,"sunrise":1724734151,"sunset":1724783961,"temp":{"day":23.59,"min":13.54,"max":24.76,"night":18.36,"eve":24.32,"morn":13.54},"feels_like":{"day":23.41,"night":18,"eve":24.24,"morn":12.99},"pressure":1020,"humidity":54,"weather":[{"id":804,"main":"Clouds","description":"overcast clouds","icon":"04d"}],"speed":2.71,"deg":155,"gust":3.54,"clouds":94,"pop":0},{"dt":1724842800,"sunrise":1724820644,"sunset":1724870233,"temp":{"day":26.31,"min":16.05,"max":28.48,"night":21.54,"eve":26.63,"morn":16.05},"feels_like":{"day":26.31,"night":21.58,"eve":26.63,"morn":15.77},"pressure":1015,"humidity":55,"weather":[{"id":801,"main":"Clouds","description":"few clouds","icon":"02d"}],"speed":3.35,"deg":192,"gust":5.49,"clouds":12,"pop":0},{"dt":1724929200,"sunrise":1724907137,"sunset":1724956504,"temp":{"day":26.04,"min":17.77,"max":26.43,"night":17.77,"eve":21.34,"morn":18.14},"feels_like":{"day":26.04,"night":17.43,"eve":21.23,"morn":17.71},"pressure":1016,"humidity":50,"weather":[{"id":500,"main":"Rain","description":"light rain","icon":"10d"}],"speed":4.64,"deg":330,"gust":8.9,"clouds":77,"pop":0.53,"rain":0.26},{"dt":1725015600,"sunrise":1724993630,"sunset":1725042775,"temp":{"day":19.63,"min":15.86,"max":20.97,"night":16.61,"eve":18.69,"morn":15.94},"feels_like":{"day":19.61,"night":16.02,"eve":18.29,"morn":15.81},"pressure":1021,"humidity":75,"weather":[{"id":500,"main":"Rain","description":"light rain","icon":"10d"}],"speed":4.31,"deg":48,"gust":10.35,"clouds":100,"pop":0.74,"rain":1.39}]}
--- ENF OF RECEIVED DATA ---

