________________________________________________
|             CALL API : START                |
________________________________________________

Informations : 
Called API: meteo - 19 July 2024, 20:30
Method: GETMETEO - Timeout : 300 - Cache : 1
URL CALLED : https://api.openweathermap.org/data/2.5/forecast/daily?q=Brussels,be&units=metric&cnt=4&appid=ea18c0706135505149200c3836f29800
-------------------------
________________________________________________
|             CALL API : START                |
________________________________________________

Informations : 
Called API: meteo - 19 July 2024, 20:30
Method: GETMETEO - Timeout : 300 - Cache : 1
URL CALLED : https://api.openweathermap.org/data/2.5/forecast/daily?q=Brussels,be&units=metric&cnt=4&appid=ea18c0706135505149200c3836f29800
-------------------------
{"city":{"id":2800866,"name":"Brussels","coord":{"lon":4.3488,"lat":50.8504},"country":"BE","population":1019022,"timezone":7200},"cod":"200","message":0.075912,"cnt":4,"list":[{"dt":1721386800,"sunrise":1721361076,"sunset":1721418371,"temp":{"day":27,"min":18.61,"max":28.41,"night":24.23,"eve":27.83,"morn":19.2},"feels_like":{"day":27.74,"night":24.51,"eve":28.8,"morn":19.29},"pressure":1018,"humidity":55,"weather":[{"id":804,"main":"Clouds","description":"overcast clouds","icon":"04d"}],"speed":3.28,"deg":134,"gust":5.48,"clouds":96,"pop":0.04},{"dt":1721473200,"sunrise":1721447552,"sunset":1721504702,"temp":{"day":25.99,"min":18.92,"max":27.76,"night":21.33,"eve":26.87,"morn":19.06},"feels_like":{"day":25.99,"night":21.66,"eve":27.99,"morn":19.21},"pressure":1009,"humidity":66,"weather":[{"id":802,"main":"Clouds","description":"scattered clouds","icon":"03d"}],"speed":3.82,"deg":219,"gust":5.85,"clouds":29,"pop":0},{"dt":1721559600,"sunrise":1721534030,"sunset":1721591031,"temp":{"day":22.7,"min":18.2,"max":25.39,"night":18.2,"eve":23.24,"morn":19.61},"feels_like":{"day":23.06,"night":18.48,"eve":23.6,"morn":20.11},"pressure":1009,"humidity":78,"weather":[{"id":501,"main":"Rain","description":"moderate rain","icon":"10d"}],"speed":4.85,"deg":301,"gust":6.46,"clouds":100,"pop":1,"rain":3.48},{"dt":1721646000,"sunrise":1721620509,"sunset":1721677358,"temp":{"day":22.53,"min":17.05,"max":23.78,"night":17.1,"eve":22.13,"morn":17.22},"feels_like":{"day":22.38,"night":17.01,"eve":21.97,"morn":17.27},"pressure":1018,"humidity":59,"weather":[{"id":500,"main":"Rain","description":"light rain","icon":"10d"}],"speed":4.72,"deg":249,"gust":5.88,"clouds":75,"pop":1,"rain":0.76}]}
--- ENF OF RECEIVED DATA ---

{"city":{"id":2800866,"name":"Brussels","coord":{"lon":4.3488,"lat":50.8504},"country":"BE","population":1019022,"timezone":7200},"cod":"200","message":0.075912,"cnt":4,"list":[{"dt":1721386800,"sunrise":1721361076,"sunset":1721418371,"temp":{"day":27,"min":18.61,"max":28.41,"night":24.23,"eve":27.83,"morn":19.2},"feels_like":{"day":27.74,"night":24.51,"eve":28.8,"morn":19.29},"pressure":1018,"humidity":55,"weather":[{"id":804,"main":"Clouds","description":"overcast clouds","icon":"04d"}],"speed":3.28,"deg":134,"gust":5.48,"clouds":96,"pop":0.04},{"dt":1721473200,"sunrise":1721447552,"sunset":1721504702,"temp":{"day":25.99,"min":18.92,"max":27.76,"night":21.33,"eve":26.87,"morn":19.06},"feels_like":{"day":25.99,"night":21.66,"eve":27.99,"morn":19.21},"pressure":1009,"humidity":66,"weather":[{"id":802,"main":"Clouds","description":"scattered clouds","icon":"03d"}],"speed":3.82,"deg":219,"gust":5.85,"clouds":29,"pop":0},{"dt":1721559600,"sunrise":1721534030,"sunset":1721591031,"temp":{"day":22.7,"min":18.2,"max":25.39,"night":18.2,"eve":23.24,"morn":19.61},"feels_like":{"day":23.06,"night":18.48,"eve":23.6,"morn":20.11},"pressure":1009,"humidity":78,"weather":[{"id":501,"main":"Rain","description":"moderate rain","icon":"10d"}],"speed":4.85,"deg":301,"gust":6.46,"clouds":100,"pop":1,"rain":3.48},{"dt":1721646000,"sunrise":1721620509,"sunset":1721677358,"temp":{"day":22.53,"min":17.05,"max":23.78,"night":17.1,"eve":22.13,"morn":17.22},"feels_like":{"day":22.38,"night":17.01,"eve":21.97,"morn":17.27},"pressure":1018,"humidity":59,"weather":[{"id":500,"main":"Rain","description":"light rain","icon":"10d"}],"speed":4.72,"deg":249,"gust":5.88,"clouds":75,"pop":1,"rain":0.76}]}
--- ENF OF RECEIVED DATA ---

