________________________________________________
|             CALL API : START                |
________________________________________________

Informations : 
Called API: meteo - 8 September 2023, 01:20
Method: GETMETEO - Timeout : 300 - Cache : 1
URL CALLED : https://api.openweathermap.org/data/2.5/forecast/daily?q=Brussels,be&units=metric&cnt=4&appid=ea18c0706135505149200c3836f29800
-------------------------
________________________________________________
|             CALL API : START                |
________________________________________________

Informations : 
Called API: meteo - 8 September 2023, 01:20
Method: GETMETEO - Timeout : 300 - Cache : 1
URL CALLED : https://api.openweathermap.org/data/2.5/forecast/daily?q=Brussels,be&units=metric&cnt=4&appid=ea18c0706135505149200c3836f29800
-------------------------
{"city":{"id":2800866,"name":"Brussels","coord":{"lon":4.3488,"lat":50.8504},"country":"BE","population":1019022,"timezone":7200},"cod":"200","message":0.1853721,"cnt":4,"list":[{"dt":1694170800,"sunrise":1694149593,"sunset":1694196883,"temp":{"day":28.33,"min":18.31,"max":30.56,"night":21.53,"eve":28.2,"morn":18.31},"feels_like":{"day":28.45,"night":21.51,"eve":28.77,"morn":18.13},"pressure":1017,"humidity":46,"weather":[{"id":800,"main":"Clear","description":"sky is clear","icon":"01d"}],"speed":2.65,"deg":189,"gust":3.9,"clouds":0,"pop":0},{"dt":1694257200,"sunrise":1694236086,"sunset":1694283148,"temp":{"day":28.36,"min":18.78,"max":29.68,"night":22.1,"eve":27.42,"morn":18.78},"feels_like":{"day":28.31,"night":22.01,"eve":27.9,"morn":18.7},"pressure":1017,"humidity":44,"weather":[{"id":801,"main":"Clouds","description":"few clouds","icon":"02d"}],"speed":2.19,"deg":72,"gust":2.82,"clouds":11,"pop":0},{"dt":1694343600,"sunrise":1694322578,"sunset":1694369413,"temp":{"day":28.65,"min":18.85,"max":30.81,"night":23.07,"eve":25.76,"morn":18.85},"feels_like":{"day":29.22,"night":23.05,"eve":25.85,"morn":18.7},"pressure":1017,"humidity":50,"weather":[{"id":803,"main":"Clouds","description":"broken clouds","icon":"04d"}],"speed":2.92,"deg":113,"gust":4.29,"clouds":84,"pop":0},{"dt":1694430000,"sunrise":1694409070,"sunset":1694455678,"temp":{"day":29.02,"min":20.36,"max":29.89,"night":21.8,"eve":22.66,"morn":20.36},"feels_like":{"day":28.72,"night":21.81,"eve":22.73,"morn":20.1},"pressure":1013,"humidity":41,"weather":[{"id":804,"main":"Clouds","description":"overcast clouds","icon":"04d"}],"speed":4.15,"deg":341,"gust":7.48,"clouds":98,"pop":0.55}]}
--- ENF OF RECEIVED DATA ---

{"city":{"id":2800866,"name":"Brussels","coord":{"lon":4.3488,"lat":50.8504},"country":"BE","population":1019022,"timezone":7200},"cod":"200","message":0.1853721,"cnt":4,"list":[{"dt":1694170800,"sunrise":1694149593,"sunset":1694196883,"temp":{"day":28.33,"min":18.31,"max":30.56,"night":21.53,"eve":28.2,"morn":18.31},"feels_like":{"day":28.45,"night":21.51,"eve":28.77,"morn":18.13},"pressure":1017,"humidity":46,"weather":[{"id":800,"main":"Clear","description":"sky is clear","icon":"01d"}],"speed":2.65,"deg":189,"gust":3.9,"clouds":0,"pop":0},{"dt":1694257200,"sunrise":1694236086,"sunset":1694283148,"temp":{"day":28.36,"min":18.78,"max":29.68,"night":22.1,"eve":27.42,"morn":18.78},"feels_like":{"day":28.31,"night":22.01,"eve":27.9,"morn":18.7},"pressure":1017,"humidity":44,"weather":[{"id":801,"main":"Clouds","description":"few clouds","icon":"02d"}],"speed":2.19,"deg":72,"gust":2.82,"clouds":11,"pop":0},{"dt":1694343600,"sunrise":1694322578,"sunset":1694369413,"temp":{"day":28.65,"min":18.85,"max":30.81,"night":23.07,"eve":25.76,"morn":18.85},"feels_like":{"day":29.22,"night":23.05,"eve":25.85,"morn":18.7},"pressure":1017,"humidity":50,"weather":[{"id":803,"main":"Clouds","description":"broken clouds","icon":"04d"}],"speed":2.92,"deg":113,"gust":4.29,"clouds":84,"pop":0},{"dt":1694430000,"sunrise":1694409070,"sunset":1694455678,"temp":{"day":29.02,"min":20.36,"max":29.89,"night":21.8,"eve":22.66,"morn":20.36},"feels_like":{"day":28.72,"night":21.81,"eve":22.73,"morn":20.1},"pressure":1013,"humidity":41,"weather":[{"id":804,"main":"Clouds","description":"overcast clouds","icon":"04d"}],"speed":4.15,"deg":341,"gust":7.48,"clouds":98,"pop":0.55}]}
--- ENF OF RECEIVED DATA ---

