________________________________________________
|             CALL API : START                |
________________________________________________

Informations : 
Called API: meteo - 5 October 2023, 09:30
Method: GETMETEO - Timeout : 300 - Cache : 1
URL CALLED : https://api.openweathermap.org/data/2.5/forecast/daily?q=Brussels,be&units=metric&cnt=4&appid=ea18c0706135505149200c3836f29800
-------------------------
________________________________________________
|             CALL API : START                |
________________________________________________

Informations : 
Called API: meteo - 5 October 2023, 09:30
Method: GETMETEO - Timeout : 300 - Cache : 1
URL CALLED : https://api.openweathermap.org/data/2.5/forecast/daily?q=Brussels,be&units=metric&cnt=4&appid=ea18c0706135505149200c3836f29800
-------------------------
{"city":{"id":2800866,"name":"Brussels","coord":{"lon":4.3488,"lat":50.8504},"country":"BE","population":1019022,"timezone":7200},"cod":"200","message":6.5780864,"cnt":4,"list":[{"dt":1696503600,"sunrise":1696484907,"sunset":1696526017,"temp":{"day":15.32,"min":11.88,"max":18.64,"night":13.3,"eve":15.4,"morn":12.23},"feels_like":{"day":14.81,"night":12.96,"eve":15.06,"morn":11.86},"pressure":1026,"humidity":73,"weather":[{"id":803,"main":"Clouds","description":"broken clouds","icon":"04d"}],"speed":4.91,"deg":249,"gust":10.57,"clouds":60,"pop":0.02},{"dt":1696590000,"sunrise":1696571403,"sunset":1696612284,"temp":{"day":18.63,"min":10.57,"max":20.34,"night":13.44,"eve":17.11,"morn":10.57},"feels_like":{"day":17.8,"night":12.69,"eve":16.42,"morn":9.93},"pressure":1025,"humidity":48,"weather":[{"id":803,"main":"Clouds","description":"broken clouds","icon":"04d"}],"speed":5.61,"deg":232,"gust":9.83,"clouds":60,"pop":0},{"dt":1696676400,"sunrise":1696657899,"sunset":1696698552,"temp":{"day":21.3,"min":12.27,"max":23.6,"night":16.1,"eve":19.52,"morn":12.35},"feels_like":{"day":20.95,"night":15.78,"eve":19.07,"morn":11.89},"pressure":1022,"humidity":56,"weather":[{"id":803,"main":"Clouds","description":"broken clouds","icon":"04d"}],"speed":7.71,"deg":251,"gust":13.31,"clouds":62,"pop":0},{"dt":1696762800,"sunrise":1696744396,"sunset":1696784820,"temp":{"day":16.29,"min":12.05,"max":16.29,"night":12.34,"eve":12.36,"morn":12.05},"feels_like":{"day":15.12,"night":10.86,"eve":10.96,"morn":11.37},"pressure":1031,"humidity":44,"weather":[{"id":500,"main":"Rain","description":"light rain","icon":"10d"}],"speed":5.31,"deg":70,"gust":10.84,"clouds":83,"pop":0.26,"rain":0.21}]}
--- ENF OF RECEIVED DATA ---

{"city":{"id":2800866,"name":"Brussels","coord":{"lon":4.3488,"lat":50.8504},"country":"BE","population":1019022,"timezone":7200},"cod":"200","message":6.5780864,"cnt":4,"list":[{"dt":1696503600,"sunrise":1696484907,"sunset":1696526017,"temp":{"day":15.32,"min":11.88,"max":18.64,"night":13.3,"eve":15.4,"morn":12.23},"feels_like":{"day":14.81,"night":12.96,"eve":15.06,"morn":11.86},"pressure":1026,"humidity":73,"weather":[{"id":803,"main":"Clouds","description":"broken clouds","icon":"04d"}],"speed":4.91,"deg":249,"gust":10.57,"clouds":60,"pop":0.02},{"dt":1696590000,"sunrise":1696571403,"sunset":1696612284,"temp":{"day":18.63,"min":10.57,"max":20.34,"night":13.44,"eve":17.11,"morn":10.57},"feels_like":{"day":17.8,"night":12.69,"eve":16.42,"morn":9.93},"pressure":1025,"humidity":48,"weather":[{"id":803,"main":"Clouds","description":"broken clouds","icon":"04d"}],"speed":5.61,"deg":232,"gust":9.83,"clouds":60,"pop":0},{"dt":1696676400,"sunrise":1696657899,"sunset":1696698552,"temp":{"day":21.3,"min":12.27,"max":23.6,"night":16.1,"eve":19.52,"morn":12.35},"feels_like":{"day":20.95,"night":15.78,"eve":19.07,"morn":11.89},"pressure":1022,"humidity":56,"weather":[{"id":803,"main":"Clouds","description":"broken clouds","icon":"04d"}],"speed":7.71,"deg":251,"gust":13.31,"clouds":62,"pop":0},{"dt":1696762800,"sunrise":1696744396,"sunset":1696784820,"temp":{"day":16.29,"min":12.05,"max":16.29,"night":12.34,"eve":12.36,"morn":12.05},"feels_like":{"day":15.12,"night":10.86,"eve":10.96,"morn":11.37},"pressure":1031,"humidity":44,"weather":[{"id":500,"main":"Rain","description":"light rain","icon":"10d"}],"speed":5.31,"deg":70,"gust":10.84,"clouds":83,"pop":0.26,"rain":0.21}]}
--- ENF OF RECEIVED DATA ---

