________________________________________________
|             CALL API : START                |
________________________________________________

Informations : 
Called API: meteo - 19 September 2023, 01:20
Method: GETMETEO - Timeout : 300 - Cache : 1
URL CALLED : https://api.openweathermap.org/data/2.5/forecast/daily?q=Brussels,be&units=metric&cnt=4&appid=ea18c0706135505149200c3836f29800
-------------------------
________________________________________________
|             CALL API : START                |
________________________________________________

Informations : 
Called API: meteo - 19 September 2023, 01:20
Method: GETMETEO - Timeout : 300 - Cache : 1
URL CALLED : https://api.openweathermap.org/data/2.5/forecast/daily?q=Brussels,be&units=metric&cnt=4&appid=ea18c0706135505149200c3836f29800
-------------------------
{"city":{"id":2800866,"name":"Brussels","coord":{"lon":4.3488,"lat":50.8504},"country":"BE","population":1019022,"timezone":7200},"cod":"200","message":0.0723819,"cnt":4,"list":[{"dt":1695121200,"sunrise":1695101008,"sunset":1695145788,"temp":{"day":18.73,"min":13.45,"max":20.27,"night":18.43,"eve":19.32,"morn":13.48},"feels_like":{"day":18.17,"night":17.97,"eve":18.82,"morn":12.89},"pressure":1012,"humidity":58,"weather":[{"id":804,"main":"Clouds","description":"overcast clouds","icon":"04d"}],"speed":9.36,"deg":223,"gust":14.53,"clouds":100,"pop":0.03},{"dt":1695207600,"sunrise":1695187500,"sunset":1695232051,"temp":{"day":21.49,"min":15.49,"max":23.49,"night":20.21,"eve":21.86,"morn":15.49},"feels_like":{"day":21.26,"night":19.88,"eve":21.51,"morn":15.16},"pressure":1007,"humidity":60,"weather":[{"id":804,"main":"Clouds","description":"overcast clouds","icon":"04d"}],"speed":8.99,"deg":205,"gust":14.29,"clouds":95,"pop":0},{"dt":1695294000,"sunrise":1695273993,"sunset":1695318315,"temp":{"day":15.7,"min":13.05,"max":19.87,"night":13.05,"eve":14.01,"morn":17.9},"feels_like":{"day":15.68,"night":12.81,"eve":13.84,"morn":17.47},"pressure":999,"humidity":90,"weather":[{"id":501,"main":"Rain","description":"moderate rain","icon":"10d"}],"speed":8.74,"deg":200,"gust":17.42,"clouds":100,"pop":1,"rain":9.52},{"dt":1695380400,"sunrise":1695360485,"sunset":1695404578,"temp":{"day":17.32,"min":11.12,"max":17.32,"night":11.94,"eve":13.11,"morn":11.12},"feels_like":{"day":16.7,"night":11.57,"eve":12.67,"morn":10.74},"pressure":1003,"humidity":61,"weather":[{"id":500,"main":"Rain","description":"light rain","icon":"10d"}],"speed":6.79,"deg":211,"gust":11.04,"clouds":57,"pop":0.8,"rain":2.54}]}
--- ENF OF RECEIVED DATA ---

{"city":{"id":2800866,"name":"Brussels","coord":{"lon":4.3488,"lat":50.8504},"country":"BE","population":1019022,"timezone":7200},"cod":"200","message":0.0723819,"cnt":4,"list":[{"dt":1695121200,"sunrise":1695101008,"sunset":1695145788,"temp":{"day":18.73,"min":13.45,"max":20.27,"night":18.43,"eve":19.32,"morn":13.48},"feels_like":{"day":18.17,"night":17.97,"eve":18.82,"morn":12.89},"pressure":1012,"humidity":58,"weather":[{"id":804,"main":"Clouds","description":"overcast clouds","icon":"04d"}],"speed":9.36,"deg":223,"gust":14.53,"clouds":100,"pop":0.03},{"dt":1695207600,"sunrise":1695187500,"sunset":1695232051,"temp":{"day":21.49,"min":15.49,"max":23.49,"night":20.21,"eve":21.86,"morn":15.49},"feels_like":{"day":21.26,"night":19.88,"eve":21.51,"morn":15.16},"pressure":1007,"humidity":60,"weather":[{"id":804,"main":"Clouds","description":"overcast clouds","icon":"04d"}],"speed":8.99,"deg":205,"gust":14.29,"clouds":95,"pop":0},{"dt":1695294000,"sunrise":1695273993,"sunset":1695318315,"temp":{"day":15.7,"min":13.05,"max":19.87,"night":13.05,"eve":14.01,"morn":17.9},"feels_like":{"day":15.68,"night":12.81,"eve":13.84,"morn":17.47},"pressure":999,"humidity":90,"weather":[{"id":501,"main":"Rain","description":"moderate rain","icon":"10d"}],"speed":8.74,"deg":200,"gust":17.42,"clouds":100,"pop":1,"rain":9.52},{"dt":1695380400,"sunrise":1695360485,"sunset":1695404578,"temp":{"day":17.32,"min":11.12,"max":17.32,"night":11.94,"eve":13.11,"morn":11.12},"feels_like":{"day":16.7,"night":11.57,"eve":12.67,"morn":10.74},"pressure":1003,"humidity":61,"weather":[{"id":500,"main":"Rain","description":"light rain","icon":"10d"}],"speed":6.79,"deg":211,"gust":11.04,"clouds":57,"pop":0.8,"rain":2.54}]}
--- ENF OF RECEIVED DATA ---

