________________________________________________
|             CALL API : START                |
________________________________________________

Informations : 
Called API: meteo - 11 April 2025, 02:00
Method: GETMETEO - Timeout : 300 - Cache : 1
URL CALLED : https://api.openweathermap.org/data/2.5/forecast/daily?q=Brussels,be&units=metric&cnt=4&appid=ea18c0706135505149200c3836f29800
-------------------------
________________________________________________
|             CALL API : START                |
________________________________________________

Informations : 
Called API: meteo - 11 April 2025, 02:00
Method: GETMETEO - Timeout : 300 - Cache : 1
URL CALLED : https://api.openweathermap.org/data/2.5/forecast/daily?q=Brussels,be&units=metric&cnt=4&appid=ea18c0706135505149200c3836f29800
-------------------------
{"city":{"id":2800866,"name":"Brussels","coord":{"lon":4.3488,"lat":50.8504},"country":"BE","population":1019022,"timezone":7200},"cod":"200","message":0.8974178,"cnt":4,"list":[{"dt":1744369200,"sunrise":1744347378,"sunset":1744396231,"temp":{"day":15.54,"min":4.5,"max":18.61,"night":11.09,"eve":17.66,"morn":6.81},"feels_like":{"day":14.35,"night":10.13,"eve":16.73,"morn":6.81},"pressure":1023,"humidity":46,"weather":[{"id":802,"main":"Clouds","description":"scattered clouds","icon":"03d"}],"speed":2.44,"deg":339,"gust":3.45,"clouds":39,"pop":0},{"dt":1744455600,"sunrise":1744433649,"sunset":1744482728,"temp":{"day":20.33,"min":7.74,"max":22.6,"night":14.96,"eve":19.15,"morn":7.74},"feels_like":{"day":19.41,"night":14.42,"eve":18.61,"morn":5.68},"pressure":1011,"humidity":38,"weather":[{"id":800,"main":"Clear","description":"sky is clear","icon":"01d"}],"speed":6.21,"deg":173,"gust":10.89,"clouds":7,"pop":0},{"dt":1744542000,"sunrise":1744519921,"sunset":1744569226,"temp":{"day":16.15,"min":9.61,"max":18.05,"night":9.61,"eve":15.58,"morn":12.46},"feels_like":{"day":15.6,"night":8.3,"eve":14.81,"morn":12.11},"pressure":1008,"humidity":68,"weather":[{"id":501,"main":"Rain","description":"moderate rain","icon":"10d"}],"speed":6.8,"deg":237,"gust":12.58,"clouds":99,"pop":1,"rain":4.38},{"dt":1744628400,"sunrise":1744606194,"sunset":1744655723,"temp":{"day":17.29,"min":8.33,"max":17.29,"night":10.69,"eve":10.79,"morn":9.69},"feels_like":{"day":16.51,"night":10.11,"eve":10.3,"morn":9.28},"pressure":1006,"humidity":55,"weather":[{"id":501,"main":"Rain","description":"moderate rain","icon":"10d"}],"speed":3.52,"deg":302,"gust":4.91,"clouds":90,"pop":1,"rain":6.5}]}
--- ENF OF RECEIVED DATA ---

{"city":{"id":2800866,"name":"Brussels","coord":{"lon":4.3488,"lat":50.8504},"country":"BE","population":1019022,"timezone":7200},"cod":"200","message":0.8974178,"cnt":4,"list":[{"dt":1744369200,"sunrise":1744347378,"sunset":1744396231,"temp":{"day":15.54,"min":4.5,"max":18.61,"night":11.09,"eve":17.66,"morn":6.81},"feels_like":{"day":14.35,"night":10.13,"eve":16.73,"morn":6.81},"pressure":1023,"humidity":46,"weather":[{"id":802,"main":"Clouds","description":"scattered clouds","icon":"03d"}],"speed":2.44,"deg":339,"gust":3.45,"clouds":39,"pop":0},{"dt":1744455600,"sunrise":1744433649,"sunset":1744482728,"temp":{"day":20.33,"min":7.74,"max":22.6,"night":14.96,"eve":19.15,"morn":7.74},"feels_like":{"day":19.41,"night":14.42,"eve":18.61,"morn":5.68},"pressure":1011,"humidity":38,"weather":[{"id":800,"main":"Clear","description":"sky is clear","icon":"01d"}],"speed":6.21,"deg":173,"gust":10.89,"clouds":7,"pop":0},{"dt":1744542000,"sunrise":1744519921,"sunset":1744569226,"temp":{"day":16.15,"min":9.61,"max":18.05,"night":9.61,"eve":15.58,"morn":12.46},"feels_like":{"day":15.6,"night":8.3,"eve":14.81,"morn":12.11},"pressure":1008,"humidity":68,"weather":[{"id":501,"main":"Rain","description":"moderate rain","icon":"10d"}],"speed":6.8,"deg":237,"gust":12.58,"clouds":99,"pop":1,"rain":4.38},{"dt":1744628400,"sunrise":1744606194,"sunset":1744655723,"temp":{"day":17.29,"min":8.33,"max":17.29,"night":10.69,"eve":10.79,"morn":9.69},"feels_like":{"day":16.51,"night":10.11,"eve":10.3,"morn":9.28},"pressure":1006,"humidity":55,"weather":[{"id":501,"main":"Rain","description":"moderate rain","icon":"10d"}],"speed":3.52,"deg":302,"gust":4.91,"clouds":90,"pop":1,"rain":6.5}]}
--- ENF OF RECEIVED DATA ---

