________________________________________________
|             CALL API : START                |
________________________________________________

Informations : 
Called API: meteo - 2 July 2024, 00:40
Method: GETMETEO - Timeout : 300 - Cache : 1
URL CALLED : https://api.openweathermap.org/data/2.5/forecast/daily?q=Brussels,be&units=metric&cnt=4&appid=ea18c0706135505149200c3836f29800
-------------------------
________________________________________________
|             CALL API : START                |
________________________________________________

Informations : 
Called API: meteo - 2 July 2024, 00:40
Method: GETMETEO - Timeout : 300 - Cache : 1
URL CALLED : https://api.openweathermap.org/data/2.5/forecast/daily?q=Brussels,be&units=metric&cnt=4&appid=ea18c0706135505149200c3836f29800
-------------------------
{"city":{"id":2800866,"name":"Brussels","coord":{"lon":4.3488,"lat":50.8504},"country":"BE","population":1019022,"timezone":7200},"cod":"200","message":0.3113055,"cnt":4,"list":[{"dt":1719918000,"sunrise":1719891243,"sunset":1719950343,"temp":{"day":14.54,"min":12.02,"max":14.61,"night":12.02,"eve":12.78,"morn":13.61},"feels_like":{"day":14.48,"night":11.65,"eve":12.54,"morn":13.56},"pressure":1015,"humidity":93,"weather":[{"id":500,"main":"Rain","description":"light rain","icon":"10d"}],"speed":5.15,"deg":269,"gust":8.29,"clouds":100,"pop":1,"rain":3.95},{"dt":1720004400,"sunrise":1719977687,"sunset":1720036720,"temp":{"day":11.93,"min":10.7,"max":15.36,"night":13.36,"eve":15.36,"morn":11.29},"feels_like":{"day":11.61,"night":12.97,"eve":14.96,"morn":10.93},"pressure":1011,"humidity":93,"weather":[{"id":501,"main":"Rain","description":"moderate rain","icon":"10d"}],"speed":4.57,"deg":281,"gust":9.33,"clouds":100,"pop":1,"rain":5.26},{"dt":1720090800,"sunrise":1720064133,"sunset":1720123094,"temp":{"day":16.16,"min":11.48,"max":17.77,"night":11.48,"eve":16.9,"morn":12.85},"feels_like":{"day":15.61,"night":10.82,"eve":16.24,"morn":12.54},"pressure":1010,"humidity":68,"weather":[{"id":500,"main":"Rain","description":"light rain","icon":"10d"}],"speed":6.63,"deg":284,"gust":12.93,"clouds":100,"pop":1,"rain":1.18},{"dt":1720177200,"sunrise":1720150582,"sunset":1720209465,"temp":{"day":17.74,"min":9.83,"max":20.75,"night":17.37,"eve":19.79,"morn":12.57},"feels_like":{"day":17.35,"night":17.41,"eve":19.78,"morn":12.1},"pressure":1012,"humidity":68,"weather":[{"id":500,"main":"Rain","description":"light rain","icon":"10d"}],"speed":7.29,"deg":216,"gust":12.21,"clouds":94,"pop":0.2,"rain":0.34}]}
--- ENF OF RECEIVED DATA ---

{"city":{"id":2800866,"name":"Brussels","coord":{"lon":4.3488,"lat":50.8504},"country":"BE","population":1019022,"timezone":7200},"cod":"200","message":0.3113055,"cnt":4,"list":[{"dt":1719918000,"sunrise":1719891243,"sunset":1719950343,"temp":{"day":14.54,"min":12.02,"max":14.61,"night":12.02,"eve":12.78,"morn":13.61},"feels_like":{"day":14.48,"night":11.65,"eve":12.54,"morn":13.56},"pressure":1015,"humidity":93,"weather":[{"id":500,"main":"Rain","description":"light rain","icon":"10d"}],"speed":5.15,"deg":269,"gust":8.29,"clouds":100,"pop":1,"rain":3.95},{"dt":1720004400,"sunrise":1719977687,"sunset":1720036720,"temp":{"day":11.93,"min":10.7,"max":15.36,"night":13.36,"eve":15.36,"morn":11.29},"feels_like":{"day":11.61,"night":12.97,"eve":14.96,"morn":10.93},"pressure":1011,"humidity":93,"weather":[{"id":501,"main":"Rain","description":"moderate rain","icon":"10d"}],"speed":4.57,"deg":281,"gust":9.33,"clouds":100,"pop":1,"rain":5.26},{"dt":1720090800,"sunrise":1720064133,"sunset":1720123094,"temp":{"day":16.16,"min":11.48,"max":17.77,"night":11.48,"eve":16.9,"morn":12.85},"feels_like":{"day":15.61,"night":10.82,"eve":16.24,"morn":12.54},"pressure":1010,"humidity":68,"weather":[{"id":500,"main":"Rain","description":"light rain","icon":"10d"}],"speed":6.63,"deg":284,"gust":12.93,"clouds":100,"pop":1,"rain":1.18},{"dt":1720177200,"sunrise":1720150582,"sunset":1720209465,"temp":{"day":17.74,"min":9.83,"max":20.75,"night":17.37,"eve":19.79,"morn":12.57},"feels_like":{"day":17.35,"night":17.41,"eve":19.78,"morn":12.1},"pressure":1012,"humidity":68,"weather":[{"id":500,"main":"Rain","description":"light rain","icon":"10d"}],"speed":7.29,"deg":216,"gust":12.21,"clouds":94,"pop":0.2,"rain":0.34}]}
--- ENF OF RECEIVED DATA ---

