________________________________________________
|             CALL API : START                |
________________________________________________

Informations : 
Called API: meteo - 17 January 2023, 23:30
Method: GETMETEO - Timeout : 300 - Cache : 1
URL CALLED : https://rmipro.meteo.be/products/bx1/5373bc0393d004fc/web_forecast
-------------------------
________________________________________________
|             CALL API : START                |
________________________________________________

Informations : 
Called API: meteo - 17 January 2023, 23:30
Method: GETMETEO - Timeout : 300 - Cache : 1
URL CALLED : https://rmipro.meteo.be/products/bx1/5373bc0393d004fc/web_forecast
-------------------------
<?xml version='1.0' encoding='UTF-8'?>
<meteo>
  <generationDate>17/01/2023 20:58</generationDate>
  <forecast date="20230117" period="NIGHT">
    <titledate>17/01/23</titledate>
    <titleday>mardi</titleday>
    <data>
      <city>Ostende</city>
      <tempMin>1 </tempMin>
      <weathertype>TNN2</weathertype>
    </data>
    <data>
      <city>Anvers</city>
      <tempMin>-2 </tempMin>
      <weathertype>TNN24</weathertype>
    </data>
    <data>
      <city>Bruxelles</city>
      <tempMin>-3 </tempMin>
      <weathertype>TNN24</weathertype>
    </data>
    <data>
      <city>Namur</city>
      <tempMin>-4 </tempMin>
      <weathertype>TNN3</weathertype>
    </data>
    <data>
      <city>Liege</city>
      <tempMin>-2 </tempMin>
      <weathertype>TNN2</weathertype>
    </data>
    <data>
      <city>Arlon</city>
      <tempMin>-5 </tempMin>
      <weathertype>TNN27</weathertype>
    </data>
  </forecast>
  <forecast date="20230118" period="AM">
    <titledate>18/01/23</titledate>
    <titleday>mercredi</titleday>
    <data>
      <city>Ostende</city>
      <tempMax>4 </tempMax>
      <weathertype>TJ2</weathertype>
    </data>
    <data>
      <city>Anvers</city>
      <tempMax>1 </tempMax>
      <weathertype>TJ2</weathertype>
    </data>
    <data>
      <city>Bruxelles</city>
      <tempMax>-0 </tempMax>
      <weathertype>TJ2</weathertype>
    </data>
    <data>
      <city>Namur</city>
      <tempMax>-2 </tempMax>
      <weathertype>TJ2</weathertype>
    </data>
    <data>
      <city>Liege</city>
      <tempMax>0 </tempMax>
      <weathertype>TJ2</weathertype>
    </data>
    <data>
      <city>Arlon</city>
      <tempMax>-3 </tempMax>
      <weathertype>TJ2</weathertype>
    </data>
  </forecast>
  <forecast date="20230118" period="PM">
    <titledate>18/01/23</titledate>
    <titleday>mercredi</titleday>
    <data>
      <city>Ostende</city>
      <tempMax>6 </tempMax>
      <weathertype>TJ2</weathertype>
    </data>
    <data>
      <city>Anvers</city>
      <tempMax>4 </tempMax>
      <weathertype>TJ3</weathertype>
    </data>
    <data>
      <city>Bruxelles</city>
      <tempMax>4 </tempMax>
      <weathertype>TJ2</weathertype>
    </data>
    <data>
      <city>Namur</city>
      <tempMax>2 </tempMax>
      <weathertype>TJ3</weathertype>
    </data>
    <data>
      <city>Liege</city>
      <tempMax>3 </tempMax>
      <weathertype>TJ2</weathertype>
    </data>
    <data>
      <city>Arlon</city>
      <tempMax>0 </tempMax>
      <weathertype>TJ2</weathertype>
    </data>
  </forecast>
  <forecast date="20230119" period="DAY">
    <titledate>19/01/23</titledate>
    <titleday>jeudi</titleday>
    <data>
      <city>Ostende</city>
      <tempMin>2 </tempMin>
      <tempMax>5 </tempMax>
      <weathertype>TJ2</weathertype>
    </data>
    <data>
      <city>Anvers</city>
      <tempMin>-3 </tempMin>
      <tempMax>4 </tempMax>
      <weathertype>TJ2</weathertype>
    </data>
    <data>
      <city>Bruxelles</city>
      <tempMin>-3 </tempMin>
      <tempMax>3 </tempMax>
      <weathertype>TJ2</weathertype>
    </data>
    <data>
      <city>Namur</city>
      <tempMin>-5 </tempMin>
      <tempMax>1 </tempMax>
      <weathertype>TJ2</weathertype>
    </data>
    <data>
      <city>Liege</city>
      <tempMin>-3 </tempMin>
      <tempMax>1 </tempMax>
      <weathertype>TJ3</weathertype>
    </data>
    <data>
      <city>Arlon</city>
      <tempMin>-5 </tempMin>
      <tempMax>-1 </tempMax>
      <weathertype>TJ3</weathertype>
    </data>
  </forecast>
  <forecast date="20230120" period="DAY">
    <titledate>20/01/23</titledate>
    <titleday>vendredi</titleday>
    <data>
      <city>Ostende</city>
      <tempMin>4 </tempMin>
      <tempMax>5 </tempMax>
      <weathertype>TJ2</weathertype>
    </data>
    <data>
      <city>Anvers</city>
      <tempMin>0 </tempMin>
      <tempMax>4 </tempMax>
      <weathertype>TJ2</weathertype>
    </data>
    <data>
      <city>Bruxelles</city>
      <tempMin>0 </tempMin>
      <tempMax>4 </tempMax>
      <weathertype>TJ2</weathertype>
    </data>
    <data>
      <city>Namur</city>
      <tempMin>-2 </tempMin>
      <tempMax>0 </tempMax>
      <weathertype>TJ3</weathertype>
    </data>
    <data>
      <city>Liege</city>
      <tempMin>0 </tempMin>
      <tempMax>3 </tempMax>
      <weathertype>TJ2</weathertype>
    </data>
    <data>
      <city>Arlon</city>
      <tempMin>-2 </tempMin>
      <tempMax>0 </tempMax>
      <weathertype>TJ3</weathertype>
    </data>
  </forecast>
  <forecast date="20230121" period="DAY">
    <titledate>21/01/23</titledate>
    <titleday>samedi</titleday>
    <data>
      <city>Ostende</city>
      <tempMin>1 </tempMin>
      <tempMax>4 </tempMax>
      <weathertype>TJ2</weathertype>
    </data>
    <data>
      <city>Anvers</city>
      <tempMin>-2 </tempMin>
      <tempMax>2 </tempMax>
      <weathertype>TJ3</weathertype>
    </data>
    <data>
      <city>Bruxelles</city>
      <tempMin>-2 </tempMin>
      <tempMax>2 </tempMax>
      <weathertype>TJ3</weathertype>
    </data>
    <data>
      <city>Namur</city>
      <tempMin>-5 </tempMin>
      <tempMax>0 </tempMax>
      <weathertype>TJ14</weathertype>
    </data>
    <data>
      <city>Liege</city>
      <tempMin>-2 </tempMin>
      <tempMax>2 </tempMax>
      <weathertype>TJ2</weathertype>
    </data>
    <data>
      <city>Arlon</city>
      <tempMin>-5 </tempMin>
      <tempMax>0 </tempMax>
      <weathertype>TJ14</weathertype>
    </data>
  </forecast>
  <forecast_foreign date="20230118" period="DAY">
    <titledate>18/01/23</titledate>
    <titleday>mercredi</titleday>
    <data>
      <city>Paris</city>
      <temp>1 </temp>
      <weathertype>TJ1</weathertype>
    </data>
    <data>
      <city>Londres</city>
      <temp>-0 </temp>
      <weathertype>TJ3</weathertype>
    </data>
    <data>
      <city>Amsterdam</city>
      <temp>2 </temp>
      <weathertype>TJ4</weathertype>
    </data>
  </forecast_foreign>
  <forecast_foreign date="20230119" period="DAY">
    <titledate>19/01/23</titledate>
    <titleday>jeudi</titleday>
    <data>
      <city>Paris</city>
      <temp>1 </temp>
      <weathertype>TJ4</weathertype>
    </data>
    <data>
      <city>Londres</city>
      <temp>0 </temp>
      <weathertype>TJ1</weathertype>
    </data>
    <data>
      <city>Amsterdam</city>
      <temp>4 </temp>
      <weathertype>TJ1</weathertype>
    </data>
  </forecast_foreign>
  <Ephemerides>
    <Ephemeride>
      <titledate>17/01/23</titledate>
      <titleday>mardi</titleday>
      <data>
        <sunRise>08:35</sunRise>
        <sunSet>17:09</sunSet>
        <gain>2 </gain>
      </data>
    </Ephemeride>
    <Ephemeride>
      <titledate>18/01/23</titledate>
      <titleday>mercredi</titleday>
      <data>
        <sunRise>08:34</sunRise>
        <sunSet>17:11</sunSet>
        <gain>3 </gain>
      </data>
    </Ephemeride>
    <Ephemeride>
      <titledate>19/01/23</titledate>
      <titleday>jeudi</titleday>
      <data>
        <sunRise>08:34</sunRise>
        <sunSet>17:12</sunSet>
        <gain>1 </gain>
      </data>
    </Ephemeride>
    <Ephemeride>
      <titledate>20/01/23</titledate>
      <titleday>vendredi</titleday>
      <data>
        <sunRise>08:33</sunRise>
        <sunSet>17:14</sunSet>
        <gain>3 </gain>
      </data>
    </Ephemeride>
  </Ephemerides>
  <indices>
    <indice>
      <titledate>17/01/23</titledate>
      <titleday>mardi</titleday>
      <data>
        <value>5</value>
        <evaluation>moyenne</evaluation>
      </data>
    </indice>
    <indice>
      <titledate>18/01/23</titledate>
      <titleday>mercredi</titleday>
      <data>
        <value>4</value>
        <evaluation>assez bonne</evaluation>
      </data>
    </indice>
    <indice>
      <titledate>19/01/23</titledate>
      <titleday>jeudi</titleday>
      <data>
        <value>5</value>
        <evaluation>moyenne</evaluation>
      </data>
    </indice>
  </indices>
</meteo>

--- ENF OF RECEIVED DATA ---

<?xml version='1.0' encoding='UTF-8'?>
<meteo>
  <generationDate>17/01/2023 20:58</generationDate>
  <forecast date="20230117" period="NIGHT">
    <titledate>17/01/23</titledate>
    <titleday>mardi</titleday>
    <data>
      <city>Ostende</city>
      <tempMin>1 </tempMin>
      <weathertype>TNN2</weathertype>
    </data>
    <data>
      <city>Anvers</city>
      <tempMin>-2 </tempMin>
      <weathertype>TNN24</weathertype>
    </data>
    <data>
      <city>Bruxelles</city>
      <tempMin>-3 </tempMin>
      <weathertype>TNN24</weathertype>
    </data>
    <data>
      <city>Namur</city>
      <tempMin>-4 </tempMin>
      <weathertype>TNN3</weathertype>
    </data>
    <data>
      <city>Liege</city>
      <tempMin>-2 </tempMin>
      <weathertype>TNN2</weathertype>
    </data>
    <data>
      <city>Arlon</city>
      <tempMin>-5 </tempMin>
      <weathertype>TNN27</weathertype>
    </data>
  </forecast>
  <forecast date="20230118" period="AM">
    <titledate>18/01/23</titledate>
    <titleday>mercredi</titleday>
    <data>
      <city>Ostende</city>
      <tempMax>4 </tempMax>
      <weathertype>TJ2</weathertype>
    </data>
    <data>
      <city>Anvers</city>
      <tempMax>1 </tempMax>
      <weathertype>TJ2</weathertype>
    </data>
    <data>
      <city>Bruxelles</city>
      <tempMax>-0 </tempMax>
      <weathertype>TJ2</weathertype>
    </data>
    <data>
      <city>Namur</city>
      <tempMax>-2 </tempMax>
      <weathertype>TJ2</weathertype>
    </data>
    <data>
      <city>Liege</city>
      <tempMax>0 </tempMax>
      <weathertype>TJ2</weathertype>
    </data>
    <data>
      <city>Arlon</city>
      <tempMax>-3 </tempMax>
      <weathertype>TJ2</weathertype>
    </data>
  </forecast>
  <forecast date="20230118" period="PM">
    <titledate>18/01/23</titledate>
    <titleday>mercredi</titleday>
    <data>
      <city>Ostende</city>
      <tempMax>6 </tempMax>
      <weathertype>TJ2</weathertype>
    </data>
    <data>
      <city>Anvers</city>
      <tempMax>4 </tempMax>
      <weathertype>TJ3</weathertype>
    </data>
    <data>
      <city>Bruxelles</city>
      <tempMax>4 </tempMax>
      <weathertype>TJ2</weathertype>
    </data>
    <data>
      <city>Namur</city>
      <tempMax>2 </tempMax>
      <weathertype>TJ3</weathertype>
    </data>
    <data>
      <city>Liege</city>
      <tempMax>3 </tempMax>
      <weathertype>TJ2</weathertype>
    </data>
    <data>
      <city>Arlon</city>
      <tempMax>0 </tempMax>
      <weathertype>TJ2</weathertype>
    </data>
  </forecast>
  <forecast date="20230119" period="DAY">
    <titledate>19/01/23</titledate>
    <titleday>jeudi</titleday>
    <data>
      <city>Ostende</city>
      <tempMin>2 </tempMin>
      <tempMax>5 </tempMax>
      <weathertype>TJ2</weathertype>
    </data>
    <data>
      <city>Anvers</city>
      <tempMin>-3 </tempMin>
      <tempMax>4 </tempMax>
      <weathertype>TJ2</weathertype>
    </data>
    <data>
      <city>Bruxelles</city>
      <tempMin>-3 </tempMin>
      <tempMax>3 </tempMax>
      <weathertype>TJ2</weathertype>
    </data>
    <data>
      <city>Namur</city>
      <tempMin>-5 </tempMin>
      <tempMax>1 </tempMax>
      <weathertype>TJ2</weathertype>
    </data>
    <data>
      <city>Liege</city>
      <tempMin>-3 </tempMin>
      <tempMax>1 </tempMax>
      <weathertype>TJ3</weathertype>
    </data>
    <data>
      <city>Arlon</city>
      <tempMin>-5 </tempMin>
      <tempMax>-1 </tempMax>
      <weathertype>TJ3</weathertype>
    </data>
  </forecast>
  <forecast date="20230120" period="DAY">
    <titledate>20/01/23</titledate>
    <titleday>vendredi</titleday>
    <data>
      <city>Ostende</city>
      <tempMin>4 </tempMin>
      <tempMax>5 </tempMax>
      <weathertype>TJ2</weathertype>
    </data>
    <data>
      <city>Anvers</city>
      <tempMin>0 </tempMin>
      <tempMax>4 </tempMax>
      <weathertype>TJ2</weathertype>
    </data>
    <data>
      <city>Bruxelles</city>
      <tempMin>0 </tempMin>
      <tempMax>4 </tempMax>
      <weathertype>TJ2</weathertype>
    </data>
    <data>
      <city>Namur</city>
      <tempMin>-2 </tempMin>
      <tempMax>0 </tempMax>
      <weathertype>TJ3</weathertype>
    </data>
    <data>
      <city>Liege</city>
      <tempMin>0 </tempMin>
      <tempMax>3 </tempMax>
      <weathertype>TJ2</weathertype>
    </data>
    <data>
      <city>Arlon</city>
      <tempMin>-2 </tempMin>
      <tempMax>0 </tempMax>
      <weathertype>TJ3</weathertype>
    </data>
  </forecast>
  <forecast date="20230121" period="DAY">
    <titledate>21/01/23</titledate>
    <titleday>samedi</titleday>
    <data>
      <city>Ostende</city>
      <tempMin>1 </tempMin>
      <tempMax>4 </tempMax>
      <weathertype>TJ2</weathertype>
    </data>
    <data>
      <city>Anvers</city>
      <tempMin>-2 </tempMin>
      <tempMax>2 </tempMax>
      <weathertype>TJ3</weathertype>
    </data>
    <data>
      <city>Bruxelles</city>
      <tempMin>-2 </tempMin>
      <tempMax>2 </tempMax>
      <weathertype>TJ3</weathertype>
    </data>
    <data>
      <city>Namur</city>
      <tempMin>-5 </tempMin>
      <tempMax>0 </tempMax>
      <weathertype>TJ14</weathertype>
    </data>
    <data>
      <city>Liege</city>
      <tempMin>-2 </tempMin>
      <tempMax>2 </tempMax>
      <weathertype>TJ2</weathertype>
    </data>
    <data>
      <city>Arlon</city>
      <tempMin>-5 </tempMin>
      <tempMax>0 </tempMax>
      <weathertype>TJ14</weathertype>
    </data>
  </forecast>
  <forecast_foreign date="20230118" period="DAY">
    <titledate>18/01/23</titledate>
    <titleday>mercredi</titleday>
    <data>
      <city>Paris</city>
      <temp>1 </temp>
      <weathertype>TJ1</weathertype>
    </data>
    <data>
      <city>Londres</city>
      <temp>-0 </temp>
      <weathertype>TJ3</weathertype>
    </data>
    <data>
      <city>Amsterdam</city>
      <temp>2 </temp>
      <weathertype>TJ4</weathertype>
    </data>
  </forecast_foreign>
  <forecast_foreign date="20230119" period="DAY">
    <titledate>19/01/23</titledate>
    <titleday>jeudi</titleday>
    <data>
      <city>Paris</city>
      <temp>1 </temp>
      <weathertype>TJ4</weathertype>
    </data>
    <data>
      <city>Londres</city>
      <temp>0 </temp>
      <weathertype>TJ1</weathertype>
    </data>
    <data>
      <city>Amsterdam</city>
      <temp>4 </temp>
      <weathertype>TJ1</weathertype>
    </data>
  </forecast_foreign>
  <Ephemerides>
    <Ephemeride>
      <titledate>17/01/23</titledate>
      <titleday>mardi</titleday>
      <data>
        <sunRise>08:35</sunRise>
        <sunSet>17:09</sunSet>
        <gain>2 </gain>
      </data>
    </Ephemeride>
    <Ephemeride>
      <titledate>18/01/23</titledate>
      <titleday>mercredi</titleday>
      <data>
        <sunRise>08:34</sunRise>
        <sunSet>17:11</sunSet>
        <gain>3 </gain>
      </data>
    </Ephemeride>
    <Ephemeride>
      <titledate>19/01/23</titledate>
      <titleday>jeudi</titleday>
      <data>
        <sunRise>08:34</sunRise>
        <sunSet>17:12</sunSet>
        <gain>1 </gain>
      </data>
    </Ephemeride>
    <Ephemeride>
      <titledate>20/01/23</titledate>
      <titleday>vendredi</titleday>
      <data>
        <sunRise>08:33</sunRise>
        <sunSet>17:14</sunSet>
        <gain>3 </gain>
      </data>
    </Ephemeride>
  </Ephemerides>
  <indices>
    <indice>
      <titledate>17/01/23</titledate>
      <titleday>mardi</titleday>
      <data>
        <value>5</value>
        <evaluation>moyenne</evaluation>
      </data>
    </indice>
    <indice>
      <titledate>18/01/23</titledate>
      <titleday>mercredi</titleday>
      <data>
        <value>4</value>
        <evaluation>assez bonne</evaluation>
      </data>
    </indice>
    <indice>
      <titledate>19/01/23</titledate>
      <titleday>jeudi</titleday>
      <data>
        <value>5</value>
        <evaluation>moyenne</evaluation>
      </data>
    </indice>
  </indices>
</meteo>

--- ENF OF RECEIVED DATA ---

