________________________________________________
|             CALL API : START                |
________________________________________________

Informations : 
Called API: meteo - 15 July 2023, 21:40
Method: GETMETEO - Timeout : 300 - Cache : 1
URL CALLED : https://api.openweathermap.org/data/2.5/forecast/daily?q=Brussels,be&units=metric&cnt=4&appid=ea18c0706135505149200c3836f29800
-------------------------
________________________________________________
|             CALL API : START                |
________________________________________________

Informations : 
Called API: meteo - 15 July 2023, 21:40
Method: GETMETEO - Timeout : 300 - Cache : 1
URL CALLED : https://api.openweathermap.org/data/2.5/forecast/daily?q=Brussels,be&units=metric&cnt=4&appid=ea18c0706135505149200c3836f29800
-------------------------
{"city":{"id":2800866,"name":"Brussels","coord":{"lon":4.3488,"lat":50.8504},"country":"BE","population":1019022,"timezone":7200},"cod":"200","message":0.1492707,"cnt":4,"list":[{"dt":1689418800,"sunrise":1689392733,"sunset":1689450664,"temp":{"day":23.18,"min":19.14,"max":26.17,"night":19.54,"eve":22.56,"morn":19.14},"feels_like":{"day":23.02,"night":19.51,"eve":22.46,"morn":19.02},"pressure":1005,"humidity":56,"weather":[{"id":500,"main":"Rain","description":"light rain","icon":"10d"}],"speed":11.19,"deg":212,"gust":16.21,"clouds":83,"pop":0.28,"rain":0.25},{"dt":1689505200,"sunrise":1689479203,"sunset":1689537007,"temp":{"day":21.93,"min":13.92,"max":22.34,"night":16.78,"eve":21.54,"morn":14.92},"feels_like":{"day":21.43,"night":16.24,"eve":21,"morn":14.22},"pressure":1014,"humidity":48,"weather":[{"id":500,"main":"Rain","description":"light rain","icon":"10d"}],"speed":9.83,"deg":219,"gust":15.01,"clouds":53,"pop":0.36,"rain":0.19},{"dt":1689591600,"sunrise":1689565674,"sunset":1689623347,"temp":{"day":22.56,"min":11.55,"max":23.39,"night":14.53,"eve":22.63,"morn":12.33},"feels_like":{"day":21.94,"night":13.5,"eve":21.84,"morn":12.02},"pressure":1018,"humidity":41,"weather":[{"id":500,"main":"Rain","description":"light rain","icon":"10d"}],"speed":6.92,"deg":254,"gust":10.5,"clouds":36,"pop":0.4,"rain":0.56},{"dt":1689678000,"sunrise":1689652146,"sunset":1689709685,"temp":{"day":24.47,"min":10.9,"max":27.59,"night":17.34,"eve":22.33,"morn":12.04},"feels_like":{"day":23.78,"night":16.7,"eve":21.85,"morn":11.18},"pressure":1019,"humidity":31,"weather":[{"id":802,"main":"Clouds","description":"scattered clouds","icon":"03d"}],"speed":5.57,"deg":345,"gust":7.91,"clouds":49,"pop":0}]}
--- ENF OF RECEIVED DATA ---

{"city":{"id":2800866,"name":"Brussels","coord":{"lon":4.3488,"lat":50.8504},"country":"BE","population":1019022,"timezone":7200},"cod":"200","message":0.1492707,"cnt":4,"list":[{"dt":1689418800,"sunrise":1689392733,"sunset":1689450664,"temp":{"day":23.18,"min":19.14,"max":26.17,"night":19.54,"eve":22.56,"morn":19.14},"feels_like":{"day":23.02,"night":19.51,"eve":22.46,"morn":19.02},"pressure":1005,"humidity":56,"weather":[{"id":500,"main":"Rain","description":"light rain","icon":"10d"}],"speed":11.19,"deg":212,"gust":16.21,"clouds":83,"pop":0.28,"rain":0.25},{"dt":1689505200,"sunrise":1689479203,"sunset":1689537007,"temp":{"day":21.93,"min":13.92,"max":22.34,"night":16.78,"eve":21.54,"morn":14.92},"feels_like":{"day":21.43,"night":16.24,"eve":21,"morn":14.22},"pressure":1014,"humidity":48,"weather":[{"id":500,"main":"Rain","description":"light rain","icon":"10d"}],"speed":9.83,"deg":219,"gust":15.01,"clouds":53,"pop":0.36,"rain":0.19},{"dt":1689591600,"sunrise":1689565674,"sunset":1689623347,"temp":{"day":22.56,"min":11.55,"max":23.39,"night":14.53,"eve":22.63,"morn":12.33},"feels_like":{"day":21.94,"night":13.5,"eve":21.84,"morn":12.02},"pressure":1018,"humidity":41,"weather":[{"id":500,"main":"Rain","description":"light rain","icon":"10d"}],"speed":6.92,"deg":254,"gust":10.5,"clouds":36,"pop":0.4,"rain":0.56},{"dt":1689678000,"sunrise":1689652146,"sunset":1689709685,"temp":{"day":24.47,"min":10.9,"max":27.59,"night":17.34,"eve":22.33,"morn":12.04},"feels_like":{"day":23.78,"night":16.7,"eve":21.85,"morn":11.18},"pressure":1019,"humidity":31,"weather":[{"id":802,"main":"Clouds","description":"scattered clouds","icon":"03d"}],"speed":5.57,"deg":345,"gust":7.91,"clouds":49,"pop":0}]}
--- ENF OF RECEIVED DATA ---

