________________________________________________
|             CALL API : START                |
________________________________________________

Informations : 
Called API: meteo - 24 September 2024, 07:40
Method: GETMETEO - Timeout : 300 - Cache : 1
URL CALLED : https://api.openweathermap.org/data/2.5/forecast/daily?q=Brussels,be&units=metric&cnt=4&appid=ea18c0706135505149200c3836f29800
-------------------------
________________________________________________
|             CALL API : START                |
________________________________________________

Informations : 
Called API: meteo - 24 September 2024, 07:40
Method: GETMETEO - Timeout : 300 - Cache : 1
URL CALLED : https://api.openweathermap.org/data/2.5/forecast/daily?q=Brussels,be&units=metric&cnt=4&appid=ea18c0706135505149200c3836f29800
-------------------------
{"city":{"id":2800866,"name":"Brussels","coord":{"lon":4.3488,"lat":50.8504},"country":"BE","population":1019022,"timezone":7200},"cod":"200","message":0.0512205,"cnt":4,"list":[{"dt":1727175600,"sunrise":1727155940,"sunset":1727199403,"temp":{"day":16.55,"min":11.94,"max":16.83,"night":14.13,"eve":15.43,"morn":12.74},"feels_like":{"day":16.35,"night":14.05,"eve":15.3,"morn":12.47},"pressure":1003,"humidity":80,"weather":[{"id":501,"main":"Rain","description":"moderate rain","icon":"10d"}],"speed":6.13,"deg":211,"gust":11.1,"clouds":93,"pop":1,"rain":3.84},{"dt":1727262000,"sunrise":1727242433,"sunset":1727285666,"temp":{"day":14.31,"min":12.34,"max":16.28,"night":14.18,"eve":13.97,"morn":12.58},"feels_like":{"day":14.15,"night":14.11,"eve":13.85,"morn":12.3},"pressure":1003,"humidity":90,"weather":[{"id":501,"main":"Rain","description":"moderate rain","icon":"10d"}],"speed":6.1,"deg":215,"gust":13.31,"clouds":100,"pop":1,"rain":13.93},{"dt":1727348400,"sunrise":1727328927,"sunset":1727371930,"temp":{"day":17.1,"min":13.54,"max":17.96,"night":15.99,"eve":16.56,"morn":13.84},"feels_like":{"day":16.72,"night":15.92,"eve":16.39,"morn":13.73},"pressure":995,"humidity":71,"weather":[{"id":501,"main":"Rain","description":"moderate rain","icon":"10d"}],"speed":7.97,"deg":202,"gust":16.09,"clouds":48,"pop":1,"rain":4.08},{"dt":1727434800,"sunrise":1727415421,"sunset":1727458194,"temp":{"day":17.05,"min":11.29,"max":17.05,"night":11.29,"eve":13.13,"morn":12.68},"feels_like":{"day":16.43,"night":10.77,"eve":12.59,"morn":12.3},"pressure":996,"humidity":62,"weather":[{"id":501,"main":"Rain","description":"moderate rain","icon":"10d"}],"speed":10.42,"deg":214,"gust":17.02,"clouds":94,"pop":1,"rain":3.88}]}
--- ENF OF RECEIVED DATA ---

{"city":{"id":2800866,"name":"Brussels","coord":{"lon":4.3488,"lat":50.8504},"country":"BE","population":1019022,"timezone":7200},"cod":"200","message":0.0512205,"cnt":4,"list":[{"dt":1727175600,"sunrise":1727155940,"sunset":1727199403,"temp":{"day":16.55,"min":11.94,"max":16.83,"night":14.13,"eve":15.43,"morn":12.74},"feels_like":{"day":16.35,"night":14.05,"eve":15.3,"morn":12.47},"pressure":1003,"humidity":80,"weather":[{"id":501,"main":"Rain","description":"moderate rain","icon":"10d"}],"speed":6.13,"deg":211,"gust":11.1,"clouds":93,"pop":1,"rain":3.84},{"dt":1727262000,"sunrise":1727242433,"sunset":1727285666,"temp":{"day":14.31,"min":12.34,"max":16.28,"night":14.18,"eve":13.97,"morn":12.58},"feels_like":{"day":14.15,"night":14.11,"eve":13.85,"morn":12.3},"pressure":1003,"humidity":90,"weather":[{"id":501,"main":"Rain","description":"moderate rain","icon":"10d"}],"speed":6.1,"deg":215,"gust":13.31,"clouds":100,"pop":1,"rain":13.93},{"dt":1727348400,"sunrise":1727328927,"sunset":1727371930,"temp":{"day":17.1,"min":13.54,"max":17.96,"night":15.99,"eve":16.56,"morn":13.84},"feels_like":{"day":16.72,"night":15.92,"eve":16.39,"morn":13.73},"pressure":995,"humidity":71,"weather":[{"id":501,"main":"Rain","description":"moderate rain","icon":"10d"}],"speed":7.97,"deg":202,"gust":16.09,"clouds":48,"pop":1,"rain":4.08},{"dt":1727434800,"sunrise":1727415421,"sunset":1727458194,"temp":{"day":17.05,"min":11.29,"max":17.05,"night":11.29,"eve":13.13,"morn":12.68},"feels_like":{"day":16.43,"night":10.77,"eve":12.59,"morn":12.3},"pressure":996,"humidity":62,"weather":[{"id":501,"main":"Rain","description":"moderate rain","icon":"10d"}],"speed":10.42,"deg":214,"gust":17.02,"clouds":94,"pop":1,"rain":3.88}]}
--- ENF OF RECEIVED DATA ---

