________________________________________________
|             CALL API : START                |
________________________________________________

Informations : 
Called API: meteo - 12 January 2025, 03:40
Method: GETMETEO - Timeout : 300 - Cache : 1
URL CALLED : https://api.openweathermap.org/data/2.5/forecast/daily?q=Brussels,be&units=metric&cnt=4&appid=ea18c0706135505149200c3836f29800
-------------------------
________________________________________________
|             CALL API : START                |
________________________________________________

Informations : 
Called API: meteo - 12 January 2025, 03:40
Method: GETMETEO - Timeout : 300 - Cache : 1
URL CALLED : https://api.openweathermap.org/data/2.5/forecast/daily?q=Brussels,be&units=metric&cnt=4&appid=ea18c0706135505149200c3836f29800
-------------------------
{"city":{"id":2800866,"name":"Brussels","coord":{"lon":4.3488,"lat":50.8504},"country":"BE","population":1019022,"timezone":3600},"cod":"200","message":1.4150331,"cnt":4,"list":[{"dt":1736679600,"sunrise":1736667647,"sunset":1736697639,"temp":{"day":1.85,"min":-3.11,"max":2.33,"night":-2.87,"eve":-1.65,"morn":-1.49},"feels_like":{"day":1.85,"night":-2.87,"eve":-1.65,"morn":-1.49},"pressure":1040,"humidity":98,"weather":[{"id":803,"main":"Clouds","description":"broken clouds","icon":"04d"}],"speed":2.14,"deg":257,"gust":2.67,"clouds":83,"pop":0},{"dt":1736766000,"sunrise":1736754006,"sunset":1736784125,"temp":{"day":0.22,"min":-4.52,"max":0.68,"night":-4.52,"eve":-3.82,"morn":-4.33},"feels_like":{"day":-1.95,"night":-6.68,"eve":-3.82,"morn":-6.76},"pressure":1042,"humidity":90,"weather":[{"id":801,"main":"Clouds","description":"few clouds","icon":"02d"}],"speed":2.13,"deg":149,"gust":3.23,"clouds":13,"pop":0},{"dt":1736852400,"sunrise":1736840362,"sunset":1736870614,"temp":{"day":0.42,"min":-4.88,"max":1.71,"night":1.6,"eve":0.97,"morn":-3.45},"feels_like":{"day":-2.53,"night":-0.5,"eve":-1.89,"morn":-6.01},"pressure":1037,"humidity":76,"weather":[{"id":803,"main":"Clouds","description":"broken clouds","icon":"04d"}],"speed":3.05,"deg":234,"gust":6.12,"clouds":76,"pop":0},{"dt":1736938800,"sunrise":1736926715,"sunset":1736957104,"temp":{"day":4.49,"min":1.47,"max":4.49,"night":1.65,"eve":2.08,"morn":1.73},"feels_like":{"day":3.21,"night":1.65,"eve":2.08,"morn":0.26},"pressure":1035,"humidity":99,"weather":[{"id":804,"main":"Clouds","description":"overcast clouds","icon":"04d"}],"speed":2.18,"deg":242,"gust":2.64,"clouds":100,"pop":0}]}
--- ENF OF RECEIVED DATA ---

{"city":{"id":2800866,"name":"Brussels","coord":{"lon":4.3488,"lat":50.8504},"country":"BE","population":1019022,"timezone":3600},"cod":"200","message":1.4150331,"cnt":4,"list":[{"dt":1736679600,"sunrise":1736667647,"sunset":1736697639,"temp":{"day":1.85,"min":-3.11,"max":2.33,"night":-2.87,"eve":-1.65,"morn":-1.49},"feels_like":{"day":1.85,"night":-2.87,"eve":-1.65,"morn":-1.49},"pressure":1040,"humidity":98,"weather":[{"id":803,"main":"Clouds","description":"broken clouds","icon":"04d"}],"speed":2.14,"deg":257,"gust":2.67,"clouds":83,"pop":0},{"dt":1736766000,"sunrise":1736754006,"sunset":1736784125,"temp":{"day":0.22,"min":-4.52,"max":0.68,"night":-4.52,"eve":-3.82,"morn":-4.33},"feels_like":{"day":-1.95,"night":-6.68,"eve":-3.82,"morn":-6.76},"pressure":1042,"humidity":90,"weather":[{"id":801,"main":"Clouds","description":"few clouds","icon":"02d"}],"speed":2.13,"deg":149,"gust":3.23,"clouds":13,"pop":0},{"dt":1736852400,"sunrise":1736840362,"sunset":1736870614,"temp":{"day":0.42,"min":-4.88,"max":1.71,"night":1.6,"eve":0.97,"morn":-3.45},"feels_like":{"day":-2.53,"night":-0.5,"eve":-1.89,"morn":-6.01},"pressure":1037,"humidity":76,"weather":[{"id":803,"main":"Clouds","description":"broken clouds","icon":"04d"}],"speed":3.05,"deg":234,"gust":6.12,"clouds":76,"pop":0},{"dt":1736938800,"sunrise":1736926715,"sunset":1736957104,"temp":{"day":4.49,"min":1.47,"max":4.49,"night":1.65,"eve":2.08,"morn":1.73},"feels_like":{"day":3.21,"night":1.65,"eve":2.08,"morn":0.26},"pressure":1035,"humidity":99,"weather":[{"id":804,"main":"Clouds","description":"overcast clouds","icon":"04d"}],"speed":2.18,"deg":242,"gust":2.64,"clouds":100,"pop":0}]}
--- ENF OF RECEIVED DATA ---

