________________________________________________
|             CALL API : START                |
________________________________________________

Informations : 
Called API: meteo - 4 November 2024, 02:20
Method: GETMETEO - Timeout : 300 - Cache : 1
URL CALLED : https://api.openweathermap.org/data/2.5/forecast/daily?q=Brussels,be&units=metric&cnt=4&appid=ea18c0706135505149200c3836f29800
-------------------------
________________________________________________
|             CALL API : START                |
________________________________________________

Informations : 
Called API: meteo - 4 November 2024, 02:20
Method: GETMETEO - Timeout : 300 - Cache : 1
URL CALLED : https://api.openweathermap.org/data/2.5/forecast/daily?q=Brussels,be&units=metric&cnt=4&appid=ea18c0706135505149200c3836f29800
-------------------------
{"city":{"id":2800866,"name":"Brussels","coord":{"lon":4.3488,"lat":50.8504},"country":"BE","population":1019022,"timezone":3600},"cod":"200","message":5.4312476,"cnt":4,"list":[{"dt":1730718000,"sunrise":1730702402,"sunset":1730736737,"temp":{"day":13.03,"min":6.34,"max":14.84,"night":8.51,"eve":10.59,"morn":6.74},"feels_like":{"day":11.88,"night":7.4,"eve":9.51,"morn":5.53},"pressure":1027,"humidity":57,"weather":[{"id":802,"main":"Clouds","description":"scattered clouds","icon":"03d"}],"speed":2.59,"deg":111,"gust":3.51,"clouds":29,"pop":0},{"dt":1730804400,"sunrise":1730788906,"sunset":1730823038,"temp":{"day":13,"min":7.15,"max":14.64,"night":9.65,"eve":11.24,"morn":7.21},"feels_like":{"day":11.97,"night":9.02,"eve":10.48,"morn":6.54},"pressure":1023,"humidity":62,"weather":[{"id":803,"main":"Clouds","description":"broken clouds","icon":"04d"}],"speed":1.9,"deg":216,"gust":2.99,"clouds":79,"pop":0},{"dt":1730890800,"sunrise":1730875410,"sunset":1730909340,"temp":{"day":14.19,"min":8.49,"max":15.4,"night":9.67,"eve":11.48,"morn":8.56},"feels_like":{"day":13.31,"night":9.12,"eve":10.62,"morn":8.56},"pressure":1029,"humidity":63,"weather":[{"id":800,"main":"Clear","description":"sky is clear","icon":"01d"}],"speed":1.85,"deg":229,"gust":2.2,"clouds":10,"pop":0},{"dt":1730977200,"sunrise":1730961914,"sunset":1730995645,"temp":{"day":13.4,"min":7.53,"max":13.4,"night":7.55,"eve":8.94,"morn":7.53},"feels_like":{"day":12.26,"night":5.8,"eve":7.1,"morn":5.96},"pressure":1028,"humidity":56,"weather":[{"id":800,"main":"Clear","description":"sky is clear","icon":"01d"}],"speed":3.35,"deg":70,"gust":6.46,"clouds":0,"pop":0}]}
--- ENF OF RECEIVED DATA ---

{"city":{"id":2800866,"name":"Brussels","coord":{"lon":4.3488,"lat":50.8504},"country":"BE","population":1019022,"timezone":3600},"cod":"200","message":5.4312476,"cnt":4,"list":[{"dt":1730718000,"sunrise":1730702402,"sunset":1730736737,"temp":{"day":13.03,"min":6.34,"max":14.84,"night":8.51,"eve":10.59,"morn":6.74},"feels_like":{"day":11.88,"night":7.4,"eve":9.51,"morn":5.53},"pressure":1027,"humidity":57,"weather":[{"id":802,"main":"Clouds","description":"scattered clouds","icon":"03d"}],"speed":2.59,"deg":111,"gust":3.51,"clouds":29,"pop":0},{"dt":1730804400,"sunrise":1730788906,"sunset":1730823038,"temp":{"day":13,"min":7.15,"max":14.64,"night":9.65,"eve":11.24,"morn":7.21},"feels_like":{"day":11.97,"night":9.02,"eve":10.48,"morn":6.54},"pressure":1023,"humidity":62,"weather":[{"id":803,"main":"Clouds","description":"broken clouds","icon":"04d"}],"speed":1.9,"deg":216,"gust":2.99,"clouds":79,"pop":0},{"dt":1730890800,"sunrise":1730875410,"sunset":1730909340,"temp":{"day":14.19,"min":8.49,"max":15.4,"night":9.67,"eve":11.48,"morn":8.56},"feels_like":{"day":13.31,"night":9.12,"eve":10.62,"morn":8.56},"pressure":1029,"humidity":63,"weather":[{"id":800,"main":"Clear","description":"sky is clear","icon":"01d"}],"speed":1.85,"deg":229,"gust":2.2,"clouds":10,"pop":0},{"dt":1730977200,"sunrise":1730961914,"sunset":1730995645,"temp":{"day":13.4,"min":7.53,"max":13.4,"night":7.55,"eve":8.94,"morn":7.53},"feels_like":{"day":12.26,"night":5.8,"eve":7.1,"morn":5.96},"pressure":1028,"humidity":56,"weather":[{"id":800,"main":"Clear","description":"sky is clear","icon":"01d"}],"speed":3.35,"deg":70,"gust":6.46,"clouds":0,"pop":0}]}
--- ENF OF RECEIVED DATA ---

