________________________________________________
|             CALL API : START                |
________________________________________________

Informations : 
Called API: meteo - 8 August 2023, 09:00
Method: GETMETEO - Timeout : 300 - Cache : 1
URL CALLED : https://api.openweathermap.org/data/2.5/forecast/daily?q=Brussels,be&units=metric&cnt=4&appid=ea18c0706135505149200c3836f29800
-------------------------
________________________________________________
|             CALL API : START                |
________________________________________________

Informations : 
Called API: meteo - 8 August 2023, 09:00
Method: GETMETEO - Timeout : 300 - Cache : 1
URL CALLED : https://api.openweathermap.org/data/2.5/forecast/daily?q=Brussels,be&units=metric&cnt=4&appid=ea18c0706135505149200c3836f29800
-------------------------
{"city":{"id":2800866,"name":"Brussels","coord":{"lon":4.3488,"lat":50.8504},"country":"BE","population":1019022,"timezone":7200},"cod":"200","message":20.0102693,"cnt":4,"list":[{"dt":1691492400,"sunrise":1691468318,"sunset":1691522282,"temp":{"day":18.09,"min":12.06,"max":20.1,"night":14.64,"eve":17.56,"morn":13.36},"feels_like":{"day":17.57,"night":14.59,"eve":17.25,"morn":13.18},"pressure":1015,"humidity":62,"weather":[{"id":501,"main":"Rain","description":"moderate rain","icon":"10d"}],"speed":6.87,"deg":261,"gust":12.16,"clouds":73,"pop":1,"rain":2.92},{"dt":1691578800,"sunrise":1691554809,"sunset":1691608576,"temp":{"day":20.69,"min":13.84,"max":21.47,"night":13.84,"eve":19.6,"morn":14.79},"feels_like":{"day":20.25,"night":13.08,"eve":19,"morn":14.88},"pressure":1018,"humidity":55,"weather":[{"id":500,"main":"Rain","description":"light rain","icon":"10d"}],"speed":5.93,"deg":237,"gust":12.55,"clouds":100,"pop":0.8,"rain":0.44},{"dt":1691665200,"sunrise":1691641301,"sunset":1691694869,"temp":{"day":22.32,"min":11.92,"max":24.72,"night":18.19,"eve":24.33,"morn":12.21},"feels_like":{"day":21.76,"night":17.81,"eve":24.12,"morn":11.39},"pressure":1022,"humidity":44,"weather":[{"id":800,"main":"Clear","description":"sky is clear","icon":"01d"}],"speed":4.12,"deg":99,"gust":5.02,"clouds":0,"pop":0},{"dt":1691751600,"sunrise":1691727793,"sunset":1691781160,"temp":{"day":27.46,"min":16.06,"max":28.17,"night":20.15,"eve":23.28,"morn":17.86},"feels_like":{"day":27.87,"night":20.44,"eve":23.57,"morn":17.66},"pressure":1019,"humidity":50,"weather":[{"id":500,"main":"Rain","description":"light rain","icon":"10d"}],"speed":3.86,"deg":219,"gust":5.59,"clouds":65,"pop":0.32,"rain":0.3}]}
--- ENF OF RECEIVED DATA ---

{"city":{"id":2800866,"name":"Brussels","coord":{"lon":4.3488,"lat":50.8504},"country":"BE","population":1019022,"timezone":7200},"cod":"200","message":20.0102693,"cnt":4,"list":[{"dt":1691492400,"sunrise":1691468318,"sunset":1691522282,"temp":{"day":18.09,"min":12.06,"max":20.1,"night":14.64,"eve":17.56,"morn":13.36},"feels_like":{"day":17.57,"night":14.59,"eve":17.25,"morn":13.18},"pressure":1015,"humidity":62,"weather":[{"id":501,"main":"Rain","description":"moderate rain","icon":"10d"}],"speed":6.87,"deg":261,"gust":12.16,"clouds":73,"pop":1,"rain":2.92},{"dt":1691578800,"sunrise":1691554809,"sunset":1691608576,"temp":{"day":20.69,"min":13.84,"max":21.47,"night":13.84,"eve":19.6,"morn":14.79},"feels_like":{"day":20.25,"night":13.08,"eve":19,"morn":14.88},"pressure":1018,"humidity":55,"weather":[{"id":500,"main":"Rain","description":"light rain","icon":"10d"}],"speed":5.93,"deg":237,"gust":12.55,"clouds":100,"pop":0.8,"rain":0.44},{"dt":1691665200,"sunrise":1691641301,"sunset":1691694869,"temp":{"day":22.32,"min":11.92,"max":24.72,"night":18.19,"eve":24.33,"morn":12.21},"feels_like":{"day":21.76,"night":17.81,"eve":24.12,"morn":11.39},"pressure":1022,"humidity":44,"weather":[{"id":800,"main":"Clear","description":"sky is clear","icon":"01d"}],"speed":4.12,"deg":99,"gust":5.02,"clouds":0,"pop":0},{"dt":1691751600,"sunrise":1691727793,"sunset":1691781160,"temp":{"day":27.46,"min":16.06,"max":28.17,"night":20.15,"eve":23.28,"morn":17.86},"feels_like":{"day":27.87,"night":20.44,"eve":23.57,"morn":17.66},"pressure":1019,"humidity":50,"weather":[{"id":500,"main":"Rain","description":"light rain","icon":"10d"}],"speed":3.86,"deg":219,"gust":5.59,"clouds":65,"pop":0.32,"rain":0.3}]}
--- ENF OF RECEIVED DATA ---

