________________________________________________
|             CALL API : START                |
________________________________________________

Informations : 
Called API: meteo - 11 May 2024, 05:00
Method: GETMETEO - Timeout : 300 - Cache : 1
URL CALLED : https://api.openweathermap.org/data/2.5/forecast/daily?q=Brussels,be&units=metric&cnt=4&appid=ea18c0706135505149200c3836f29800
-------------------------
________________________________________________
|             CALL API : START                |
________________________________________________

Informations : 
Called API: meteo - 11 May 2024, 05:00
Method: GETMETEO - Timeout : 300 - Cache : 1
URL CALLED : https://api.openweathermap.org/data/2.5/forecast/daily?q=Brussels,be&units=metric&cnt=4&appid=ea18c0706135505149200c3836f29800
-------------------------
{"city":{"id":2800866,"name":"Brussels","coord":{"lon":4.3488,"lat":50.8504},"country":"BE","population":1019022,"timezone":7200},"cod":"200","message":0.0497579,"cnt":4,"list":[{"dt":1715425200,"sunrise":1715399935,"sunset":1715455147,"temp":{"day":21.38,"min":11.42,"max":22.77,"night":16.78,"eve":21.67,"morn":11.81},"feels_like":{"day":21.11,"night":16.6,"eve":21.51,"morn":11.32},"pressure":1021,"humidity":59,"weather":[{"id":803,"main":"Clouds","description":"broken clouds","icon":"04d"}],"speed":4.75,"deg":77,"gust":10.57,"clouds":65,"pop":0},{"dt":1715511600,"sunrise":1715486244,"sunset":1715541638,"temp":{"day":22.23,"min":12.95,"max":23.76,"night":16.04,"eve":22.12,"morn":13.24},"feels_like":{"day":22.08,"night":16.15,"eve":22.24,"morn":12.71},"pressure":1014,"humidity":60,"weather":[{"id":501,"main":"Rain","description":"moderate rain","icon":"10d"}],"speed":6.14,"deg":205,"gust":11.38,"clouds":100,"pop":1,"rain":7.19},{"dt":1715598000,"sunrise":1715572554,"sunset":1715628128,"temp":{"day":18.04,"min":14.35,"max":19.86,"night":14.37,"eve":19.13,"morn":14.35},"feels_like":{"day":17.83,"night":14.08,"eve":19,"morn":14.35},"pressure":1010,"humidity":74,"weather":[{"id":500,"main":"Rain","description":"light rain","icon":"10d"}],"speed":5.79,"deg":193,"gust":9.9,"clouds":98,"pop":0.8,"rain":0.44},{"dt":1715684400,"sunrise":1715658866,"sunset":1715714618,"temp":{"day":12.04,"min":11.92,"max":15.65,"night":11.92,"eve":13.88,"morn":14.76},"feels_like":{"day":11.73,"night":11.47,"eve":13.46,"morn":14.75},"pressure":1004,"humidity":93,"weather":[{"id":501,"main":"Rain","description":"moderate rain","icon":"10d"}],"speed":6.02,"deg":232,"gust":12.64,"clouds":100,"pop":1,"rain":7.67}]}
--- ENF OF RECEIVED DATA ---

{"city":{"id":2800866,"name":"Brussels","coord":{"lon":4.3488,"lat":50.8504},"country":"BE","population":1019022,"timezone":7200},"cod":"200","message":0.0497579,"cnt":4,"list":[{"dt":1715425200,"sunrise":1715399935,"sunset":1715455147,"temp":{"day":21.38,"min":11.42,"max":22.77,"night":16.78,"eve":21.67,"morn":11.81},"feels_like":{"day":21.11,"night":16.6,"eve":21.51,"morn":11.32},"pressure":1021,"humidity":59,"weather":[{"id":803,"main":"Clouds","description":"broken clouds","icon":"04d"}],"speed":4.75,"deg":77,"gust":10.57,"clouds":65,"pop":0},{"dt":1715511600,"sunrise":1715486244,"sunset":1715541638,"temp":{"day":22.23,"min":12.95,"max":23.76,"night":16.04,"eve":22.12,"morn":13.24},"feels_like":{"day":22.08,"night":16.15,"eve":22.24,"morn":12.71},"pressure":1014,"humidity":60,"weather":[{"id":501,"main":"Rain","description":"moderate rain","icon":"10d"}],"speed":6.14,"deg":205,"gust":11.38,"clouds":100,"pop":1,"rain":7.19},{"dt":1715598000,"sunrise":1715572554,"sunset":1715628128,"temp":{"day":18.04,"min":14.35,"max":19.86,"night":14.37,"eve":19.13,"morn":14.35},"feels_like":{"day":17.83,"night":14.08,"eve":19,"morn":14.35},"pressure":1010,"humidity":74,"weather":[{"id":500,"main":"Rain","description":"light rain","icon":"10d"}],"speed":5.79,"deg":193,"gust":9.9,"clouds":98,"pop":0.8,"rain":0.44},{"dt":1715684400,"sunrise":1715658866,"sunset":1715714618,"temp":{"day":12.04,"min":11.92,"max":15.65,"night":11.92,"eve":13.88,"morn":14.76},"feels_like":{"day":11.73,"night":11.47,"eve":13.46,"morn":14.75},"pressure":1004,"humidity":93,"weather":[{"id":501,"main":"Rain","description":"moderate rain","icon":"10d"}],"speed":6.02,"deg":232,"gust":12.64,"clouds":100,"pop":1,"rain":7.67}]}
--- ENF OF RECEIVED DATA ---

