________________________________________________
|             CALL API : START                |
________________________________________________

Informations : 
Called API: meteo - 2 May 2024, 01:40
Method: GETMETEO - Timeout : 300 - Cache : 1
URL CALLED : https://api.openweathermap.org/data/2.5/forecast/daily?q=Brussels,be&units=metric&cnt=4&appid=ea18c0706135505149200c3836f29800
-------------------------
________________________________________________
|             CALL API : START                |
________________________________________________

Informations : 
Called API: meteo - 2 May 2024, 01:40
Method: GETMETEO - Timeout : 300 - Cache : 1
URL CALLED : https://api.openweathermap.org/data/2.5/forecast/daily?q=Brussels,be&units=metric&cnt=4&appid=ea18c0706135505149200c3836f29800
-------------------------
{"city":{"id":2800866,"name":"Brussels","coord":{"lon":4.3488,"lat":50.8504},"country":"BE","population":1019022,"timezone":7200},"cod":"200","message":3.1370488,"cnt":4,"list":[{"dt":1714647600,"sunrise":1714623237,"sunset":1714676700,"temp":{"day":14.88,"min":11.47,"max":16.15,"night":11.47,"eve":14.38,"morn":12.35},"feels_like":{"day":14.75,"night":10.97,"eve":13.99,"morn":12.23},"pressure":1001,"humidity":89,"weather":[{"id":500,"main":"Rain","description":"light rain","icon":"10d"}],"speed":6.27,"deg":254,"gust":10.19,"clouds":90,"pop":0.8,"rain":0.13},{"dt":1714734000,"sunrise":1714709531,"sunset":1714763196,"temp":{"day":12.25,"min":9.31,"max":14.83,"night":9.31,"eve":14.28,"morn":10.51},"feels_like":{"day":11.54,"night":7.91,"eve":13.57,"morn":9.78},"pressure":1011,"humidity":77,"weather":[{"id":500,"main":"Rain","description":"light rain","icon":"10d"}],"speed":7.28,"deg":233,"gust":12.18,"clouds":100,"pop":0.2,"rain":0.11},{"dt":1714820400,"sunrise":1714795826,"sunset":1714849691,"temp":{"day":13.58,"min":7.47,"max":14.12,"night":9.19,"eve":12.16,"morn":7.75},"feels_like":{"day":12.9,"night":7.94,"eve":11.42,"morn":5.8},"pressure":1012,"humidity":73,"weather":[{"id":501,"main":"Rain","description":"moderate rain","icon":"10d"}],"speed":5.5,"deg":178,"gust":9.78,"clouds":95,"pop":1,"rain":3.71},{"dt":1714906800,"sunrise":1714882122,"sunset":1714936186,"temp":{"day":15.44,"min":8.54,"max":15.44,"night":8.54,"eve":11.74,"morn":8.79},"feels_like":{"day":14.71,"night":7.15,"eve":11.22,"morn":6.59},"pressure":1006,"humidity":64,"weather":[{"id":500,"main":"Rain","description":"light rain","icon":"10d"}],"speed":4.63,"deg":222,"gust":7.21,"clouds":100,"pop":1,"rain":3.31}]}
--- ENF OF RECEIVED DATA ---

{"city":{"id":2800866,"name":"Brussels","coord":{"lon":4.3488,"lat":50.8504},"country":"BE","population":1019022,"timezone":7200},"cod":"200","message":3.1370488,"cnt":4,"list":[{"dt":1714647600,"sunrise":1714623237,"sunset":1714676700,"temp":{"day":14.88,"min":11.47,"max":16.15,"night":11.47,"eve":14.38,"morn":12.35},"feels_like":{"day":14.75,"night":10.97,"eve":13.99,"morn":12.23},"pressure":1001,"humidity":89,"weather":[{"id":500,"main":"Rain","description":"light rain","icon":"10d"}],"speed":6.27,"deg":254,"gust":10.19,"clouds":90,"pop":0.8,"rain":0.13},{"dt":1714734000,"sunrise":1714709531,"sunset":1714763196,"temp":{"day":12.25,"min":9.31,"max":14.83,"night":9.31,"eve":14.28,"morn":10.51},"feels_like":{"day":11.54,"night":7.91,"eve":13.57,"morn":9.78},"pressure":1011,"humidity":77,"weather":[{"id":500,"main":"Rain","description":"light rain","icon":"10d"}],"speed":7.28,"deg":233,"gust":12.18,"clouds":100,"pop":0.2,"rain":0.11},{"dt":1714820400,"sunrise":1714795826,"sunset":1714849691,"temp":{"day":13.58,"min":7.47,"max":14.12,"night":9.19,"eve":12.16,"morn":7.75},"feels_like":{"day":12.9,"night":7.94,"eve":11.42,"morn":5.8},"pressure":1012,"humidity":73,"weather":[{"id":501,"main":"Rain","description":"moderate rain","icon":"10d"}],"speed":5.5,"deg":178,"gust":9.78,"clouds":95,"pop":1,"rain":3.71},{"dt":1714906800,"sunrise":1714882122,"sunset":1714936186,"temp":{"day":15.44,"min":8.54,"max":15.44,"night":8.54,"eve":11.74,"morn":8.79},"feels_like":{"day":14.71,"night":7.15,"eve":11.22,"morn":6.59},"pressure":1006,"humidity":64,"weather":[{"id":500,"main":"Rain","description":"light rain","icon":"10d"}],"speed":4.63,"deg":222,"gust":7.21,"clouds":100,"pop":1,"rain":3.31}]}
--- ENF OF RECEIVED DATA ---

