________________________________________________
|             CALL API : START                |
________________________________________________

Informations : 
Called API: meteo - 1 November 2023, 21:20
Method: GETMETEO - Timeout : 300 - Cache : 1
URL CALLED : https://api.openweathermap.org/data/2.5/forecast/daily?q=Brussels,be&units=metric&cnt=4&appid=ea18c0706135505149200c3836f29800
-------------------------
________________________________________________
|             CALL API : START                |
________________________________________________

Informations : 
Called API: meteo - 1 November 2023, 21:20
Method: GETMETEO - Timeout : 300 - Cache : 1
URL CALLED : https://api.openweathermap.org/data/2.5/forecast/daily?q=Brussels,be&units=metric&cnt=4&appid=ea18c0706135505149200c3836f29800
-------------------------
{"city":{"id":2800866,"name":"Brussels","coord":{"lon":4.3488,"lat":50.8504},"country":"BE","population":1019022,"timezone":3600},"cod":"200","message":7.6190993,"cnt":4,"list":[{"dt":1698836400,"sunrise":1698820413,"sunset":1698855523,"temp":{"day":13.89,"min":10.19,"max":13.89,"night":10.32,"eve":11.25,"morn":11.72},"feels_like":{"day":13.24,"night":9.65,"eve":10.6,"morn":11.3},"pressure":999,"humidity":73,"weather":[{"id":501,"main":"Rain","description":"moderate rain","icon":"10d"}],"speed":9.7,"deg":196,"gust":16.51,"clouds":100,"pop":1,"rain":6.85},{"dt":1698922800,"sunrise":1698906916,"sunset":1698941818,"temp":{"day":12.54,"min":8.84,"max":12.74,"night":8.84,"eve":9.64,"morn":12.35},"feels_like":{"day":11.47,"night":4.97,"eve":5.43,"morn":11.7},"pressure":977,"humidity":62,"weather":[{"id":500,"main":"Rain","description":"light rain","icon":"10d"}],"speed":15.25,"deg":191,"gust":25.21,"clouds":29,"pop":0.87,"rain":2.7},{"dt":1699009200,"sunrise":1698993420,"sunset":1699028114,"temp":{"day":9.31,"min":5.98,"max":10.36,"night":9.74,"eve":9.28,"morn":6.23},"feels_like":{"day":5.86,"night":6.28,"eve":5.56,"morn":2.04},"pressure":986,"humidity":74,"weather":[{"id":500,"main":"Rain","description":"light rain","icon":"10d"}],"speed":8.83,"deg":199,"gust":15.9,"clouds":100,"pop":0.85,"rain":0.19},{"dt":1699095600,"sunrise":1699079925,"sunset":1699114412,"temp":{"day":9.05,"min":8.4,"max":10.88,"night":10.62,"eve":10.88,"morn":9.49},"feels_like":{"day":4.81,"night":9.83,"eve":10.11,"morn":5.95},"pressure":978,"humidity":84,"weather":[{"id":501,"main":"Rain","description":"moderate rain","icon":"10d"}],"speed":12.51,"deg":174,"gust":24.02,"clouds":100,"pop":1,"rain":4.48}]}
--- ENF OF RECEIVED DATA ---

{"city":{"id":2800866,"name":"Brussels","coord":{"lon":4.3488,"lat":50.8504},"country":"BE","population":1019022,"timezone":3600},"cod":"200","message":7.6190993,"cnt":4,"list":[{"dt":1698836400,"sunrise":1698820413,"sunset":1698855523,"temp":{"day":13.89,"min":10.19,"max":13.89,"night":10.32,"eve":11.25,"morn":11.72},"feels_like":{"day":13.24,"night":9.65,"eve":10.6,"morn":11.3},"pressure":999,"humidity":73,"weather":[{"id":501,"main":"Rain","description":"moderate rain","icon":"10d"}],"speed":9.7,"deg":196,"gust":16.51,"clouds":100,"pop":1,"rain":6.85},{"dt":1698922800,"sunrise":1698906916,"sunset":1698941818,"temp":{"day":12.54,"min":8.84,"max":12.74,"night":8.84,"eve":9.64,"morn":12.35},"feels_like":{"day":11.47,"night":4.97,"eve":5.43,"morn":11.7},"pressure":977,"humidity":62,"weather":[{"id":500,"main":"Rain","description":"light rain","icon":"10d"}],"speed":15.25,"deg":191,"gust":25.21,"clouds":29,"pop":0.87,"rain":2.7},{"dt":1699009200,"sunrise":1698993420,"sunset":1699028114,"temp":{"day":9.31,"min":5.98,"max":10.36,"night":9.74,"eve":9.28,"morn":6.23},"feels_like":{"day":5.86,"night":6.28,"eve":5.56,"morn":2.04},"pressure":986,"humidity":74,"weather":[{"id":500,"main":"Rain","description":"light rain","icon":"10d"}],"speed":8.83,"deg":199,"gust":15.9,"clouds":100,"pop":0.85,"rain":0.19},{"dt":1699095600,"sunrise":1699079925,"sunset":1699114412,"temp":{"day":9.05,"min":8.4,"max":10.88,"night":10.62,"eve":10.88,"morn":9.49},"feels_like":{"day":4.81,"night":9.83,"eve":10.11,"morn":5.95},"pressure":978,"humidity":84,"weather":[{"id":501,"main":"Rain","description":"moderate rain","icon":"10d"}],"speed":12.51,"deg":174,"gust":24.02,"clouds":100,"pop":1,"rain":4.48}]}
--- ENF OF RECEIVED DATA ---

