________________________________________________
|             CALL API : START                |
________________________________________________

Informations : 
Called API: meteo - 27 October 2024, 09:00
Method: GETMETEO - Timeout : 300 - Cache : 1
URL CALLED : https://api.openweathermap.org/data/2.5/forecast/daily?q=Brussels,be&units=metric&cnt=4&appid=ea18c0706135505149200c3836f29800
-------------------------
________________________________________________
|             CALL API : START                |
________________________________________________

Informations : 
Called API: meteo - 27 October 2024, 09:00
Method: GETMETEO - Timeout : 300 - Cache : 1
URL CALLED : https://api.openweathermap.org/data/2.5/forecast/daily?q=Brussels,be&units=metric&cnt=4&appid=ea18c0706135505149200c3836f29800
-------------------------
{"city":{"id":2800866,"name":"Brussels","coord":{"lon":4.3488,"lat":50.8504},"country":"BE","population":1019022,"timezone":3600},"cod":"200","message":5.3905298,"cnt":4,"list":[{"dt":1730026800,"sunrise":1730010372,"sunset":1730046388,"temp":{"day":14.9,"min":12.06,"max":17.27,"night":12.06,"eve":13.95,"morn":13.77},"feels_like":{"day":14.61,"night":11.41,"eve":13.25,"morn":13.74},"pressure":1022,"humidity":83,"weather":[{"id":500,"main":"Rain","description":"light rain","icon":"10d"}],"speed":3.09,"deg":216,"gust":6.56,"clouds":87,"pop":0.52,"rain":0.71},{"dt":1730113200,"sunrise":1730096875,"sunset":1730132677,"temp":{"day":14.93,"min":11.12,"max":14.93,"night":13.21,"eve":13.45,"morn":11.34},"feels_like":{"day":14.28,"night":12.78,"eve":13.12,"morn":10.96},"pressure":1025,"humidity":69,"weather":[{"id":500,"main":"Rain","description":"light rain","icon":"10d"}],"speed":5.45,"deg":236,"gust":10.28,"clouds":100,"pop":0.6,"rain":0.47},{"dt":1730199600,"sunrise":1730183378,"sunset":1730218966,"temp":{"day":16,"min":10.64,"max":17.16,"night":12.49,"eve":13.26,"morn":11.13},"feels_like":{"day":15.33,"night":11.81,"eve":12.6,"morn":10.65},"pressure":1027,"humidity":64,"weather":[{"id":800,"main":"Clear","description":"sky is clear","icon":"01d"}],"speed":3.58,"deg":227,"gust":6.96,"clouds":0,"pop":0},{"dt":1730286000,"sunrise":1730269882,"sunset":1730305258,"temp":{"day":15.05,"min":11.49,"max":15.28,"night":11.49,"eve":12.77,"morn":12.81},"feels_like":{"day":14.54,"night":10.94,"eve":12.24,"morn":12.24},"pressure":1026,"humidity":74,"weather":[{"id":500,"main":"Rain","description":"light rain","icon":"10d"}],"speed":2.34,"deg":217,"gust":3.55,"clouds":100,"pop":0.2,"rain":0.12}]}
--- ENF OF RECEIVED DATA ---

{"city":{"id":2800866,"name":"Brussels","coord":{"lon":4.3488,"lat":50.8504},"country":"BE","population":1019022,"timezone":3600},"cod":"200","message":5.3905298,"cnt":4,"list":[{"dt":1730026800,"sunrise":1730010372,"sunset":1730046388,"temp":{"day":14.9,"min":12.06,"max":17.27,"night":12.06,"eve":13.95,"morn":13.77},"feels_like":{"day":14.61,"night":11.41,"eve":13.25,"morn":13.74},"pressure":1022,"humidity":83,"weather":[{"id":500,"main":"Rain","description":"light rain","icon":"10d"}],"speed":3.09,"deg":216,"gust":6.56,"clouds":87,"pop":0.52,"rain":0.71},{"dt":1730113200,"sunrise":1730096875,"sunset":1730132677,"temp":{"day":14.93,"min":11.12,"max":14.93,"night":13.21,"eve":13.45,"morn":11.34},"feels_like":{"day":14.28,"night":12.78,"eve":13.12,"morn":10.96},"pressure":1025,"humidity":69,"weather":[{"id":500,"main":"Rain","description":"light rain","icon":"10d"}],"speed":5.45,"deg":236,"gust":10.28,"clouds":100,"pop":0.6,"rain":0.47},{"dt":1730199600,"sunrise":1730183378,"sunset":1730218966,"temp":{"day":16,"min":10.64,"max":17.16,"night":12.49,"eve":13.26,"morn":11.13},"feels_like":{"day":15.33,"night":11.81,"eve":12.6,"morn":10.65},"pressure":1027,"humidity":64,"weather":[{"id":800,"main":"Clear","description":"sky is clear","icon":"01d"}],"speed":3.58,"deg":227,"gust":6.96,"clouds":0,"pop":0},{"dt":1730286000,"sunrise":1730269882,"sunset":1730305258,"temp":{"day":15.05,"min":11.49,"max":15.28,"night":11.49,"eve":12.77,"morn":12.81},"feels_like":{"day":14.54,"night":10.94,"eve":12.24,"morn":12.24},"pressure":1026,"humidity":74,"weather":[{"id":500,"main":"Rain","description":"light rain","icon":"10d"}],"speed":2.34,"deg":217,"gust":3.55,"clouds":100,"pop":0.2,"rain":0.12}]}
--- ENF OF RECEIVED DATA ---

