________________________________________________
|             CALL API : START                |
________________________________________________

Informations : 
Called API: meteo - 7 October 2024, 19:40
Method: GETMETEO - Timeout : 300 - Cache : 1
URL CALLED : https://api.openweathermap.org/data/2.5/forecast/daily?q=Brussels,be&units=metric&cnt=4&appid=ea18c0706135505149200c3836f29800
-------------------------
________________________________________________
|             CALL API : START                |
________________________________________________

Informations : 
Called API: meteo - 7 October 2024, 19:40
Method: GETMETEO - Timeout : 300 - Cache : 1
URL CALLED : https://api.openweathermap.org/data/2.5/forecast/daily?q=Brussels,be&units=metric&cnt=4&appid=ea18c0706135505149200c3836f29800
-------------------------
{"city":{"id":2800866,"name":"Brussels","coord":{"lon":4.3488,"lat":50.8504},"country":"BE","population":1019022,"timezone":7200},"cod":"200","message":0.1437287,"cnt":4,"list":[{"dt":1728298800,"sunrise":1728280371,"sunset":1728320854,"temp":{"day":17.05,"min":12.1,"max":18.73,"night":15.66,"eve":16.19,"morn":12.39},"feels_like":{"day":16.53,"night":15.61,"eve":15.95,"morn":12.11},"pressure":1004,"humidity":66,"weather":[{"id":500,"main":"Rain","description":"light rain","icon":"10d"}],"speed":6.75,"deg":215,"gust":14.08,"clouds":55,"pop":1,"rain":0.95},{"dt":1728385200,"sunrise":1728366868,"sunset":1728407122,"temp":{"day":17.23,"min":13.97,"max":17.59,"night":14.63,"eve":15.54,"morn":14.26},"feels_like":{"day":16.89,"night":14.16,"eve":15.03,"morn":14.2},"pressure":1000,"humidity":72,"weather":[{"id":500,"main":"Rain","description":"light rain","icon":"10d"}],"speed":7.24,"deg":204,"gust":14.31,"clouds":99,"pop":1,"rain":1.54},{"dt":1728471600,"sunrise":1728453365,"sunset":1728493391,"temp":{"day":14.47,"min":12.36,"max":14.47,"night":12.38,"eve":12.75,"morn":13.14},"feels_like":{"day":14.3,"night":12.13,"eve":12.59,"morn":12.81},"pressure":991,"humidity":89,"weather":[{"id":501,"main":"Rain","description":"moderate rain","icon":"10d"}],"speed":7.16,"deg":202,"gust":14.07,"clouds":100,"pop":1,"rain":8.48},{"dt":1728558000,"sunrise":1728539862,"sunset":1728579661,"temp":{"day":13.7,"min":10.4,"max":13.91,"night":10.4,"eve":11.37,"morn":11.4},"feels_like":{"day":13.37,"night":9.77,"eve":10.94,"morn":11.1},"pressure":999,"humidity":86,"weather":[{"id":501,"main":"Rain","description":"moderate rain","icon":"10d"}],"speed":7.3,"deg":240,"gust":11.53,"clouds":91,"pop":1,"rain":6.35}]}
--- ENF OF RECEIVED DATA ---

{"city":{"id":2800866,"name":"Brussels","coord":{"lon":4.3488,"lat":50.8504},"country":"BE","population":1019022,"timezone":7200},"cod":"200","message":0.1437287,"cnt":4,"list":[{"dt":1728298800,"sunrise":1728280371,"sunset":1728320854,"temp":{"day":17.05,"min":12.1,"max":18.73,"night":15.66,"eve":16.19,"morn":12.39},"feels_like":{"day":16.53,"night":15.61,"eve":15.95,"morn":12.11},"pressure":1004,"humidity":66,"weather":[{"id":500,"main":"Rain","description":"light rain","icon":"10d"}],"speed":6.75,"deg":215,"gust":14.08,"clouds":55,"pop":1,"rain":0.95},{"dt":1728385200,"sunrise":1728366868,"sunset":1728407122,"temp":{"day":17.23,"min":13.97,"max":17.59,"night":14.63,"eve":15.54,"morn":14.26},"feels_like":{"day":16.89,"night":14.16,"eve":15.03,"morn":14.2},"pressure":1000,"humidity":72,"weather":[{"id":500,"main":"Rain","description":"light rain","icon":"10d"}],"speed":7.24,"deg":204,"gust":14.31,"clouds":99,"pop":1,"rain":1.54},{"dt":1728471600,"sunrise":1728453365,"sunset":1728493391,"temp":{"day":14.47,"min":12.36,"max":14.47,"night":12.38,"eve":12.75,"morn":13.14},"feels_like":{"day":14.3,"night":12.13,"eve":12.59,"morn":12.81},"pressure":991,"humidity":89,"weather":[{"id":501,"main":"Rain","description":"moderate rain","icon":"10d"}],"speed":7.16,"deg":202,"gust":14.07,"clouds":100,"pop":1,"rain":8.48},{"dt":1728558000,"sunrise":1728539862,"sunset":1728579661,"temp":{"day":13.7,"min":10.4,"max":13.91,"night":10.4,"eve":11.37,"morn":11.4},"feels_like":{"day":13.37,"night":9.77,"eve":10.94,"morn":11.1},"pressure":999,"humidity":86,"weather":[{"id":501,"main":"Rain","description":"moderate rain","icon":"10d"}],"speed":7.3,"deg":240,"gust":11.53,"clouds":91,"pop":1,"rain":6.35}]}
--- ENF OF RECEIVED DATA ---

