________________________________________________
|             CALL API : START                |
________________________________________________

Informations : 
Called API: meteo - 21 June 2023, 03:20
Method: GETMETEO - Timeout : 300 - Cache : 1
URL CALLED : https://api.openweathermap.org/data/2.5/forecast/daily?q=Brussels,be&units=metric&cnt=4&appid=ea18c0706135505149200c3836f29800
-------------------------
________________________________________________
|             CALL API : START                |
________________________________________________

Informations : 
Called API: meteo - 21 June 2023, 03:20
Method: GETMETEO - Timeout : 300 - Cache : 1
URL CALLED : https://api.openweathermap.org/data/2.5/forecast/daily?q=Brussels,be&units=metric&cnt=4&appid=ea18c0706135505149200c3836f29800
-------------------------
{"city":{"id":2800866,"name":"Brussels","coord":{"lon":4.3488,"lat":50.8504},"country":"BE","population":1019022,"timezone":7200},"cod":"200","message":6.7003594,"cnt":4,"list":[{"dt":1687345200,"sunrise":1687318123,"sunset":1687377589,"temp":{"day":24.92,"min":16.55,"max":26.88,"night":17.94,"eve":26.1,"morn":16.89},"feels_like":{"day":24.83,"night":17.57,"eve":26.1,"morn":17.01},"pressure":1018,"humidity":52,"weather":[{"id":801,"main":"Clouds","description":"few clouds","icon":"02d"}],"speed":4.1,"deg":252,"gust":6.52,"clouds":13,"pop":0.66},{"dt":1687431600,"sunrise":1687404536,"sunset":1687464001,"temp":{"day":18.67,"min":14.42,"max":19.87,"night":14.42,"eve":17.67,"morn":17.43},"feels_like":{"day":18.84,"night":14.37,"eve":18,"morn":16.98},"pressure":1016,"humidity":86,"weather":[{"id":502,"main":"Rain","description":"heavy intensity rain","icon":"10d"}],"speed":11.3,"deg":333,"gust":18.22,"clouds":100,"pop":1,"rain":26.13},{"dt":1687518000,"sunrise":1687490951,"sunset":1687550411,"temp":{"day":22.78,"min":12.82,"max":24.16,"night":17.68,"eve":21.97,"morn":13.77},"feels_like":{"day":22.63,"night":17.8,"eve":22,"morn":13.68},"pressure":1024,"humidity":58,"weather":[{"id":502,"main":"Rain","description":"heavy intensity rain","icon":"10d"}],"speed":8.04,"deg":330,"gust":15.4,"clouds":48,"pop":1,"rain":11.13},{"dt":1687604400,"sunrise":1687577369,"sunset":1687636817,"temp":{"day":24.08,"min":15.92,"max":25.64,"night":19.4,"eve":24.5,"morn":16.4},"feels_like":{"day":23.95,"night":19.33,"eve":24.55,"morn":16.18},"pressure":1025,"humidity":54,"weather":[{"id":803,"main":"Clouds","description":"broken clouds","icon":"04d"}],"speed":2.26,"deg":241,"gust":3.09,"clouds":79,"pop":0}]}
--- ENF OF RECEIVED DATA ---

{"city":{"id":2800866,"name":"Brussels","coord":{"lon":4.3488,"lat":50.8504},"country":"BE","population":1019022,"timezone":7200},"cod":"200","message":6.7003594,"cnt":4,"list":[{"dt":1687345200,"sunrise":1687318123,"sunset":1687377589,"temp":{"day":24.92,"min":16.55,"max":26.88,"night":17.94,"eve":26.1,"morn":16.89},"feels_like":{"day":24.83,"night":17.57,"eve":26.1,"morn":17.01},"pressure":1018,"humidity":52,"weather":[{"id":801,"main":"Clouds","description":"few clouds","icon":"02d"}],"speed":4.1,"deg":252,"gust":6.52,"clouds":13,"pop":0.66},{"dt":1687431600,"sunrise":1687404536,"sunset":1687464001,"temp":{"day":18.67,"min":14.42,"max":19.87,"night":14.42,"eve":17.67,"morn":17.43},"feels_like":{"day":18.84,"night":14.37,"eve":18,"morn":16.98},"pressure":1016,"humidity":86,"weather":[{"id":502,"main":"Rain","description":"heavy intensity rain","icon":"10d"}],"speed":11.3,"deg":333,"gust":18.22,"clouds":100,"pop":1,"rain":26.13},{"dt":1687518000,"sunrise":1687490951,"sunset":1687550411,"temp":{"day":22.78,"min":12.82,"max":24.16,"night":17.68,"eve":21.97,"morn":13.77},"feels_like":{"day":22.63,"night":17.8,"eve":22,"morn":13.68},"pressure":1024,"humidity":58,"weather":[{"id":502,"main":"Rain","description":"heavy intensity rain","icon":"10d"}],"speed":8.04,"deg":330,"gust":15.4,"clouds":48,"pop":1,"rain":11.13},{"dt":1687604400,"sunrise":1687577369,"sunset":1687636817,"temp":{"day":24.08,"min":15.92,"max":25.64,"night":19.4,"eve":24.5,"morn":16.4},"feels_like":{"day":23.95,"night":19.33,"eve":24.55,"morn":16.18},"pressure":1025,"humidity":54,"weather":[{"id":803,"main":"Clouds","description":"broken clouds","icon":"04d"}],"speed":2.26,"deg":241,"gust":3.09,"clouds":79,"pop":0}]}
--- ENF OF RECEIVED DATA ---

