________________________________________________
|             CALL API : START                |
________________________________________________

Informations : 
Called API: meteo - 16 September 2024, 18:00
Method: GETMETEO - Timeout : 300 - Cache : 1
URL CALLED : https://api.openweathermap.org/data/2.5/forecast/daily?q=Brussels,be&units=metric&cnt=4&appid=ea18c0706135505149200c3836f29800
-------------------------
________________________________________________
|             CALL API : START                |
________________________________________________

Informations : 
Called API: meteo - 16 September 2024, 18:00
Method: GETMETEO - Timeout : 300 - Cache : 1
URL CALLED : https://api.openweathermap.org/data/2.5/forecast/daily?q=Brussels,be&units=metric&cnt=4&appid=ea18c0706135505149200c3836f29800
-------------------------
{"city":{"id":2800866,"name":"Brussels","coord":{"lon":4.3488,"lat":50.8504},"country":"BE","population":1019022,"timezone":7200},"cod":"200","message":0.1895735,"cnt":4,"list":[{"dt":1726484400,"sunrise":1726463999,"sunset":1726509297,"temp":{"day":19.3,"min":11.27,"max":19.3,"night":13.79,"eve":18.31,"morn":11.27},"feels_like":{"day":18.96,"night":13.39,"eve":18.18,"morn":10.75},"pressure":1025,"humidity":64,"weather":[{"id":500,"main":"Rain","description":"light rain","icon":"10d"}],"speed":5.48,"deg":9,"gust":10.53,"clouds":9,"pop":1,"rain":0.75},{"dt":1726570800,"sunrise":1726550491,"sunset":1726595560,"temp":{"day":19.85,"min":13.45,"max":21.98,"night":17.28,"eve":20.01,"morn":13.45},"feels_like":{"day":19.27,"night":17.15,"eve":19.82,"morn":13.31},"pressure":1026,"humidity":53,"weather":[{"id":803,"main":"Clouds","description":"broken clouds","icon":"04d"}],"speed":7.07,"deg":44,"gust":14.37,"clouds":52,"pop":0},{"dt":1726657200,"sunrise":1726636984,"sunset":1726681823,"temp":{"day":22.64,"min":13.66,"max":24.44,"night":18.54,"eve":21.86,"morn":13.66},"feels_like":{"day":22.29,"night":18.2,"eve":21.49,"morn":13.48},"pressure":1024,"humidity":51,"weather":[{"id":800,"main":"Clear","description":"sky is clear","icon":"01d"}],"speed":6.77,"deg":62,"gust":14.52,"clouds":6,"pop":0},{"dt":1726743600,"sunrise":1726723476,"sunset":1726768086,"temp":{"day":23.41,"min":14.85,"max":24.82,"night":17.36,"eve":20.33,"morn":14.85},"feels_like":{"day":23.03,"night":16.87,"eve":19.8,"morn":14.43},"pressure":1022,"humidity":47,"weather":[{"id":500,"main":"Rain","description":"light rain","icon":"10d"}],"speed":7.11,"deg":74,"gust":12.59,"clouds":23,"pop":0.28,"rain":0.26}]}
--- ENF OF RECEIVED DATA ---

{"city":{"id":2800866,"name":"Brussels","coord":{"lon":4.3488,"lat":50.8504},"country":"BE","population":1019022,"timezone":7200},"cod":"200","message":0.1895735,"cnt":4,"list":[{"dt":1726484400,"sunrise":1726463999,"sunset":1726509297,"temp":{"day":19.3,"min":11.27,"max":19.3,"night":13.79,"eve":18.31,"morn":11.27},"feels_like":{"day":18.96,"night":13.39,"eve":18.18,"morn":10.75},"pressure":1025,"humidity":64,"weather":[{"id":500,"main":"Rain","description":"light rain","icon":"10d"}],"speed":5.48,"deg":9,"gust":10.53,"clouds":9,"pop":1,"rain":0.75},{"dt":1726570800,"sunrise":1726550491,"sunset":1726595560,"temp":{"day":19.85,"min":13.45,"max":21.98,"night":17.28,"eve":20.01,"morn":13.45},"feels_like":{"day":19.27,"night":17.15,"eve":19.82,"morn":13.31},"pressure":1026,"humidity":53,"weather":[{"id":803,"main":"Clouds","description":"broken clouds","icon":"04d"}],"speed":7.07,"deg":44,"gust":14.37,"clouds":52,"pop":0},{"dt":1726657200,"sunrise":1726636984,"sunset":1726681823,"temp":{"day":22.64,"min":13.66,"max":24.44,"night":18.54,"eve":21.86,"morn":13.66},"feels_like":{"day":22.29,"night":18.2,"eve":21.49,"morn":13.48},"pressure":1024,"humidity":51,"weather":[{"id":800,"main":"Clear","description":"sky is clear","icon":"01d"}],"speed":6.77,"deg":62,"gust":14.52,"clouds":6,"pop":0},{"dt":1726743600,"sunrise":1726723476,"sunset":1726768086,"temp":{"day":23.41,"min":14.85,"max":24.82,"night":17.36,"eve":20.33,"morn":14.85},"feels_like":{"day":23.03,"night":16.87,"eve":19.8,"morn":14.43},"pressure":1022,"humidity":47,"weather":[{"id":500,"main":"Rain","description":"light rain","icon":"10d"}],"speed":7.11,"deg":74,"gust":12.59,"clouds":23,"pop":0.28,"rain":0.26}]}
--- ENF OF RECEIVED DATA ---

