________________________________________________
|             CALL API : START                |
________________________________________________

Informations : 
Called API: meteo - 19 August 2022, 21:00
Method: GETMETEO - Timeout : 300 - Cache : 1
URL CALLED : https://rmipro.meteo.be/products/bx1/5373bc0393d004fc/web_forecast
-------------------------
________________________________________________
|             CALL API : START                |
________________________________________________

Informations : 
Called API: meteo - 19 August 2022, 21:00
Method: GETMETEO - Timeout : 300 - Cache : 1
URL CALLED : https://rmipro.meteo.be/products/bx1/5373bc0393d004fc/web_forecast
-------------------------
<?xml version='1.0' encoding='UTF-8'?>
<meteo>
  <generationDate>19/08/2022 14:58</generationDate>
  <forecast date="20220819" period="NIGHT">
    <titledate>19/08/22</titledate>
    <titleday>vendredi</titleday>
    <data>
      <city>Ostende</city>
      <tempMin>18 </tempMin>
      <weathertype>TNN2</weathertype>
    </data>
    <data>
      <city>Anvers</city>
      <tempMin>14 </tempMin>
      <weathertype>TNN24</weathertype>
    </data>
    <data>
      <city>Bruxelles</city>
      <tempMin>15 </tempMin>
      <weathertype>TNN11</weathertype>
    </data>
    <data>
      <city>Namur</city>
      <tempMin>12 </tempMin>
      <weathertype>TNN8</weathertype>
    </data>
    <data>
      <city>Liege</city>
      <tempMin>14 </tempMin>
      <weathertype>TNN11</weathertype>
    </data>
    <data>
      <city>Arlon</city>
      <tempMin>10 </tempMin>
      <weathertype>TNN11</weathertype>
    </data>
  </forecast>
  <forecast date="20220820" period="AM">
    <titledate>20/08/22</titledate>
    <titleday>samedi</titleday>
    <data>
      <city>Ostende</city>
      <tempMax>22 </tempMax>
      <weathertype>TJ1</weathertype>
    </data>
    <data>
      <city>Anvers</city>
      <tempMax>21 </tempMax>
      <weathertype>TJ2</weathertype>
    </data>
    <data>
      <city>Bruxelles</city>
      <tempMax>21 </tempMax>
      <weathertype>TJ1</weathertype>
    </data>
    <data>
      <city>Namur</city>
      <tempMax>18 </tempMax>
      <weathertype>TJ2</weathertype>
    </data>
    <data>
      <city>Liege</city>
      <tempMax>19 </tempMax>
      <weathertype>TJ2</weathertype>
    </data>
    <data>
      <city>Arlon</city>
      <tempMax>14 </tempMax>
      <weathertype>TJ2</weathertype>
    </data>
  </forecast>
  <forecast date="20220820" period="PM">
    <titledate>20/08/22</titledate>
    <titleday>samedi</titleday>
    <data>
      <city>Ostende</city>
      <tempMax>22 </tempMax>
      <weathertype>TJ1</weathertype>
    </data>
    <data>
      <city>Anvers</city>
      <tempMax>23 </tempMax>
      <weathertype>TJ11</weathertype>
    </data>
    <data>
      <city>Bruxelles</city>
      <tempMax>24 </tempMax>
      <weathertype>TJ2</weathertype>
    </data>
    <data>
      <city>Namur</city>
      <tempMax>23 </tempMax>
      <weathertype>TJ2</weathertype>
    </data>
    <data>
      <city>Liege</city>
      <tempMax>24 </tempMax>
      <weathertype>TJ2</weathertype>
    </data>
    <data>
      <city>Arlon</city>
      <tempMax>22 </tempMax>
      <weathertype>TJ2</weathertype>
    </data>
  </forecast>
  <forecast date="20220821" period="DAY">
    <titledate>21/08/22</titledate>
    <titleday>dimanche</titleday>
    <data>
      <city>Ostende</city>
      <tempMin>16 </tempMin>
      <tempMax>22 </tempMax>
      <weathertype>TJ2</weathertype>
    </data>
    <data>
      <city>Anvers</city>
      <tempMin>15 </tempMin>
      <tempMax>24 </tempMax>
      <weathertype>TJ11</weathertype>
    </data>
    <data>
      <city>Bruxelles</city>
      <tempMin>15 </tempMin>
      <tempMax>24 </tempMax>
      <weathertype>TJ3</weathertype>
    </data>
    <data>
      <city>Namur</city>
      <tempMin>13 </tempMin>
      <tempMax>23 </tempMax>
      <weathertype>TJ3</weathertype>
    </data>
    <data>
      <city>Liege</city>
      <tempMin>14 </tempMin>
      <tempMax>22 </tempMax>
      <weathertype>TJ3</weathertype>
    </data>
    <data>
      <city>Arlon</city>
      <tempMin>13 </tempMin>
      <tempMax>21 </tempMax>
      <weathertype>TJ3</weathertype>
    </data>
  </forecast>
  <forecast date="20220822" period="DAY">
    <titledate>22/08/22</titledate>
    <titleday>lundi</titleday>
    <data>
      <city>Ostende</city>
      <tempMin>17 </tempMin>
      <tempMax>21 </tempMax>
      <weathertype>TJ3</weathertype>
    </data>
    <data>
      <city>Anvers</city>
      <tempMin>16 </tempMin>
      <tempMax>22 </tempMax>
      <weathertype>TJ3</weathertype>
    </data>
    <data>
      <city>Bruxelles</city>
      <tempMin>16 </tempMin>
      <tempMax>22 </tempMax>
      <weathertype>TJ3</weathertype>
    </data>
    <data>
      <city>Namur</city>
      <tempMin>14 </tempMin>
      <tempMax>20 </tempMax>
      <weathertype>TJ3</weathertype>
    </data>
    <data>
      <city>Liege</city>
      <tempMin>15 </tempMin>
      <tempMax>23 </tempMax>
      <weathertype>TJ6</weathertype>
    </data>
    <data>
      <city>Arlon</city>
      <tempMin>14 </tempMin>
      <tempMax>20 </tempMax>
      <weathertype>TJ3</weathertype>
    </data>
  </forecast>
  <forecast date="20220823" period="DAY">
    <titledate>23/08/22</titledate>
    <titleday>mardi</titleday>
    <data>
      <city>Ostende</city>
      <tempMin>17 </tempMin>
      <tempMax>22 </tempMax>
      <weathertype>TJ3</weathertype>
    </data>
    <data>
      <city>Anvers</city>
      <tempMin>15 </tempMin>
      <tempMax>25 </tempMax>
      <weathertype>TJ3</weathertype>
    </data>
    <data>
      <city>Bruxelles</city>
      <tempMin>15 </tempMin>
      <tempMax>25 </tempMax>
      <weathertype>TJ3</weathertype>
    </data>
    <data>
      <city>Namur</city>
      <tempMin>13 </tempMin>
      <tempMax>23 </tempMax>
      <weathertype>TJ3</weathertype>
    </data>
    <data>
      <city>Liege</city>
      <tempMin>14 </tempMin>
      <tempMax>25 </tempMax>
      <weathertype>TJ3</weathertype>
    </data>
    <data>
      <city>Arlon</city>
      <tempMin>13 </tempMin>
      <tempMax>23 </tempMax>
      <weathertype>TJ3</weathertype>
    </data>
  </forecast>
  <forecast_foreign date="20220819" period="DAY">
    <titledate>19/08/22</titledate>
    <titleday>vendredi</titleday>
    <data>
      <city>Paris</city>
      <temp>20 </temp>
      <weathertype>TJ2</weathertype>
    </data>
    <data>
      <city>Londres</city>
      <temp>22 </temp>
      <weathertype>TJ1</weathertype>
    </data>
    <data>
      <city>Amsterdam</city>
      <temp>19 </temp>
      <weathertype>TJ12</weathertype>
    </data>
  </forecast_foreign>
  <forecast_foreign date="20220820" period="DAY">
    <titledate>20/08/22</titledate>
    <titleday>samedi</titleday>
    <data>
      <city>Paris</city>
      <temp>19 </temp>
      <weathertype>TJ2</weathertype>
    </data>
    <data>
      <city>Londres</city>
      <temp>18 </temp>
      <weathertype>TJ4</weathertype>
    </data>
    <data>
      <city>Amsterdam</city>
      <temp>18 </temp>
      <weathertype>TJ2</weathertype>
    </data>
  </forecast_foreign>
  <Ephemerides>
    <Ephemeride>
      <titledate>19/08/22</titledate>
      <titleday>vendredi</titleday>
      <data>
        <sunRise>06:37</sunRise>
        <sunSet>20:55</sunSet>
        <gain>-3 </gain>
      </data>
    </Ephemeride>
    <Ephemeride>
      <titledate>20/08/22</titledate>
      <titleday>samedi</titleday>
      <data>
        <sunRise>06:39</sunRise>
        <sunSet>20:53</sunSet>
        <gain>-4 </gain>
      </data>
    </Ephemeride>
    <Ephemeride>
      <titledate>21/08/22</titledate>
      <titleday>dimanche</titleday>
      <data>
        <sunRise>06:40</sunRise>
        <sunSet>20:51</sunSet>
        <gain>-3 </gain>
      </data>
    </Ephemeride>
    <Ephemeride>
      <titledate>22/08/22</titledate>
      <titleday>lundi</titleday>
      <data>
        <sunRise>06:42</sunRise>
        <sunSet>20:49</sunSet>
        <gain>-4 </gain>
      </data>
    </Ephemeride>
  </Ephemerides>
  <indices>
    <indice>
      <titledate>19/08/22</titledate>
      <titleday>vendredi</titleday>
      <data>
        <value>2</value>
        <evaluation>très bonne</evaluation>
      </data>
    </indice>
    <indice>
      <titledate>20/08/22</titledate>
      <titleday>samedi</titleday>
      <data>
        <value>3</value>
        <evaluation>bonne</evaluation>
      </data>
    </indice>
    <indice>
      <titledate>21/08/22</titledate>
      <titleday>dimanche</titleday>
      <data>
        <value>3</value>
        <evaluation>bonne</evaluation>
      </data>
    </indice>
  </indices>
</meteo>

--- ENF OF RECEIVED DATA ---

<?xml version='1.0' encoding='UTF-8'?>
<meteo>
  <generationDate>19/08/2022 14:58</generationDate>
  <forecast date="20220819" period="NIGHT">
    <titledate>19/08/22</titledate>
    <titleday>vendredi</titleday>
    <data>
      <city>Ostende</city>
      <tempMin>18 </tempMin>
      <weathertype>TNN2</weathertype>
    </data>
    <data>
      <city>Anvers</city>
      <tempMin>14 </tempMin>
      <weathertype>TNN24</weathertype>
    </data>
    <data>
      <city>Bruxelles</city>
      <tempMin>15 </tempMin>
      <weathertype>TNN11</weathertype>
    </data>
    <data>
      <city>Namur</city>
      <tempMin>12 </tempMin>
      <weathertype>TNN8</weathertype>
    </data>
    <data>
      <city>Liege</city>
      <tempMin>14 </tempMin>
      <weathertype>TNN11</weathertype>
    </data>
    <data>
      <city>Arlon</city>
      <tempMin>10 </tempMin>
      <weathertype>TNN11</weathertype>
    </data>
  </forecast>
  <forecast date="20220820" period="AM">
    <titledate>20/08/22</titledate>
    <titleday>samedi</titleday>
    <data>
      <city>Ostende</city>
      <tempMax>22 </tempMax>
      <weathertype>TJ1</weathertype>
    </data>
    <data>
      <city>Anvers</city>
      <tempMax>21 </tempMax>
      <weathertype>TJ2</weathertype>
    </data>
    <data>
      <city>Bruxelles</city>
      <tempMax>21 </tempMax>
      <weathertype>TJ1</weathertype>
    </data>
    <data>
      <city>Namur</city>
      <tempMax>18 </tempMax>
      <weathertype>TJ2</weathertype>
    </data>
    <data>
      <city>Liege</city>
      <tempMax>19 </tempMax>
      <weathertype>TJ2</weathertype>
    </data>
    <data>
      <city>Arlon</city>
      <tempMax>14 </tempMax>
      <weathertype>TJ2</weathertype>
    </data>
  </forecast>
  <forecast date="20220820" period="PM">
    <titledate>20/08/22</titledate>
    <titleday>samedi</titleday>
    <data>
      <city>Ostende</city>
      <tempMax>22 </tempMax>
      <weathertype>TJ1</weathertype>
    </data>
    <data>
      <city>Anvers</city>
      <tempMax>23 </tempMax>
      <weathertype>TJ11</weathertype>
    </data>
    <data>
      <city>Bruxelles</city>
      <tempMax>24 </tempMax>
      <weathertype>TJ2</weathertype>
    </data>
    <data>
      <city>Namur</city>
      <tempMax>23 </tempMax>
      <weathertype>TJ2</weathertype>
    </data>
    <data>
      <city>Liege</city>
      <tempMax>24 </tempMax>
      <weathertype>TJ2</weathertype>
    </data>
    <data>
      <city>Arlon</city>
      <tempMax>22 </tempMax>
      <weathertype>TJ2</weathertype>
    </data>
  </forecast>
  <forecast date="20220821" period="DAY">
    <titledate>21/08/22</titledate>
    <titleday>dimanche</titleday>
    <data>
      <city>Ostende</city>
      <tempMin>16 </tempMin>
      <tempMax>22 </tempMax>
      <weathertype>TJ2</weathertype>
    </data>
    <data>
      <city>Anvers</city>
      <tempMin>15 </tempMin>
      <tempMax>24 </tempMax>
      <weathertype>TJ11</weathertype>
    </data>
    <data>
      <city>Bruxelles</city>
      <tempMin>15 </tempMin>
      <tempMax>24 </tempMax>
      <weathertype>TJ3</weathertype>
    </data>
    <data>
      <city>Namur</city>
      <tempMin>13 </tempMin>
      <tempMax>23 </tempMax>
      <weathertype>TJ3</weathertype>
    </data>
    <data>
      <city>Liege</city>
      <tempMin>14 </tempMin>
      <tempMax>22 </tempMax>
      <weathertype>TJ3</weathertype>
    </data>
    <data>
      <city>Arlon</city>
      <tempMin>13 </tempMin>
      <tempMax>21 </tempMax>
      <weathertype>TJ3</weathertype>
    </data>
  </forecast>
  <forecast date="20220822" period="DAY">
    <titledate>22/08/22</titledate>
    <titleday>lundi</titleday>
    <data>
      <city>Ostende</city>
      <tempMin>17 </tempMin>
      <tempMax>21 </tempMax>
      <weathertype>TJ3</weathertype>
    </data>
    <data>
      <city>Anvers</city>
      <tempMin>16 </tempMin>
      <tempMax>22 </tempMax>
      <weathertype>TJ3</weathertype>
    </data>
    <data>
      <city>Bruxelles</city>
      <tempMin>16 </tempMin>
      <tempMax>22 </tempMax>
      <weathertype>TJ3</weathertype>
    </data>
    <data>
      <city>Namur</city>
      <tempMin>14 </tempMin>
      <tempMax>20 </tempMax>
      <weathertype>TJ3</weathertype>
    </data>
    <data>
      <city>Liege</city>
      <tempMin>15 </tempMin>
      <tempMax>23 </tempMax>
      <weathertype>TJ6</weathertype>
    </data>
    <data>
      <city>Arlon</city>
      <tempMin>14 </tempMin>
      <tempMax>20 </tempMax>
      <weathertype>TJ3</weathertype>
    </data>
  </forecast>
  <forecast date="20220823" period="DAY">
    <titledate>23/08/22</titledate>
    <titleday>mardi</titleday>
    <data>
      <city>Ostende</city>
      <tempMin>17 </tempMin>
      <tempMax>22 </tempMax>
      <weathertype>TJ3</weathertype>
    </data>
    <data>
      <city>Anvers</city>
      <tempMin>15 </tempMin>
      <tempMax>25 </tempMax>
      <weathertype>TJ3</weathertype>
    </data>
    <data>
      <city>Bruxelles</city>
      <tempMin>15 </tempMin>
      <tempMax>25 </tempMax>
      <weathertype>TJ3</weathertype>
    </data>
    <data>
      <city>Namur</city>
      <tempMin>13 </tempMin>
      <tempMax>23 </tempMax>
      <weathertype>TJ3</weathertype>
    </data>
    <data>
      <city>Liege</city>
      <tempMin>14 </tempMin>
      <tempMax>25 </tempMax>
      <weathertype>TJ3</weathertype>
    </data>
    <data>
      <city>Arlon</city>
      <tempMin>13 </tempMin>
      <tempMax>23 </tempMax>
      <weathertype>TJ3</weathertype>
    </data>
  </forecast>
  <forecast_foreign date="20220819" period="DAY">
    <titledate>19/08/22</titledate>
    <titleday>vendredi</titleday>
    <data>
      <city>Paris</city>
      <temp>20 </temp>
      <weathertype>TJ2</weathertype>
    </data>
    <data>
      <city>Londres</city>
      <temp>22 </temp>
      <weathertype>TJ1</weathertype>
    </data>
    <data>
      <city>Amsterdam</city>
      <temp>19 </temp>
      <weathertype>TJ12</weathertype>
    </data>
  </forecast_foreign>
  <forecast_foreign date="20220820" period="DAY">
    <titledate>20/08/22</titledate>
    <titleday>samedi</titleday>
    <data>
      <city>Paris</city>
      <temp>19 </temp>
      <weathertype>TJ2</weathertype>
    </data>
    <data>
      <city>Londres</city>
      <temp>18 </temp>
      <weathertype>TJ4</weathertype>
    </data>
    <data>
      <city>Amsterdam</city>
      <temp>18 </temp>
      <weathertype>TJ2</weathertype>
    </data>
  </forecast_foreign>
  <Ephemerides>
    <Ephemeride>
      <titledate>19/08/22</titledate>
      <titleday>vendredi</titleday>
      <data>
        <sunRise>06:37</sunRise>
        <sunSet>20:55</sunSet>
        <gain>-3 </gain>
      </data>
    </Ephemeride>
    <Ephemeride>
      <titledate>20/08/22</titledate>
      <titleday>samedi</titleday>
      <data>
        <sunRise>06:39</sunRise>
        <sunSet>20:53</sunSet>
        <gain>-4 </gain>
      </data>
    </Ephemeride>
    <Ephemeride>
      <titledate>21/08/22</titledate>
      <titleday>dimanche</titleday>
      <data>
        <sunRise>06:40</sunRise>
        <sunSet>20:51</sunSet>
        <gain>-3 </gain>
      </data>
    </Ephemeride>
    <Ephemeride>
      <titledate>22/08/22</titledate>
      <titleday>lundi</titleday>
      <data>
        <sunRise>06:42</sunRise>
        <sunSet>20:49</sunSet>
        <gain>-4 </gain>
      </data>
    </Ephemeride>
  </Ephemerides>
  <indices>
    <indice>
      <titledate>19/08/22</titledate>
      <titleday>vendredi</titleday>
      <data>
        <value>2</value>
        <evaluation>très bonne</evaluation>
      </data>
    </indice>
    <indice>
      <titledate>20/08/22</titledate>
      <titleday>samedi</titleday>
      <data>
        <value>3</value>
        <evaluation>bonne</evaluation>
      </data>
    </indice>
    <indice>
      <titledate>21/08/22</titledate>
      <titleday>dimanche</titleday>
      <data>
        <value>3</value>
        <evaluation>bonne</evaluation>
      </data>
    </indice>
  </indices>
</meteo>

--- ENF OF RECEIVED DATA ---

