________________________________________________
|             CALL API : START                |
________________________________________________

Informations : 
Called API: meteo - 3 July 2023, 15:40
Method: GETMETEO - Timeout : 300 - Cache : 1
URL CALLED : https://api.openweathermap.org/data/2.5/forecast/daily?q=Brussels,be&units=metric&cnt=4&appid=ea18c0706135505149200c3836f29800
-------------------------
________________________________________________
|             CALL API : START                |
________________________________________________

Informations : 
Called API: meteo - 3 July 2023, 15:40
Method: GETMETEO - Timeout : 300 - Cache : 1
URL CALLED : https://api.openweathermap.org/data/2.5/forecast/daily?q=Brussels,be&units=metric&cnt=4&appid=ea18c0706135505149200c3836f29800
-------------------------
{"city":{"id":2800866,"name":"Brussels","coord":{"lon":4.3488,"lat":50.8504},"country":"BE","population":1019022,"timezone":7200},"cod":"200","message":6.1854203,"cnt":4,"list":[{"dt":1688382000,"sunrise":1688355254,"sunset":1688414337,"temp":{"day":20.28,"min":11.79,"max":21.05,"night":15.49,"eve":20.68,"morn":13.42},"feels_like":{"day":19.56,"night":14.74,"eve":20.06,"morn":12.93},"pressure":1012,"humidity":46,"weather":[{"id":802,"main":"Clouds","description":"scattered clouds","icon":"03d"}],"speed":8.07,"deg":251,"gust":13.57,"clouds":48,"pop":0.2},{"dt":1688468400,"sunrise":1688441698,"sunset":1688500713,"temp":{"day":21.21,"min":11.33,"max":21.75,"night":14.62,"eve":20.96,"morn":12.23},"feels_like":{"day":20.59,"night":14.44,"eve":20.42,"morn":11.88},"pressure":1012,"humidity":46,"weather":[{"id":500,"main":"Rain","description":"light rain","icon":"10d"}],"speed":6.5,"deg":228,"gust":13.85,"clouds":68,"pop":0.57,"rain":0.81},{"dt":1688554800,"sunrise":1688528145,"sunset":1688587087,"temp":{"day":18.23,"min":10.96,"max":19.65,"night":13.63,"eve":19.17,"morn":11.46},"feels_like":{"day":17.73,"night":12.9,"eve":18.68,"morn":11.06},"pressure":1015,"humidity":62,"weather":[{"id":501,"main":"Rain","description":"moderate rain","icon":"10d"}],"speed":7.42,"deg":246,"gust":13.64,"clouds":45,"pop":1,"rain":10.28},{"dt":1688641200,"sunrise":1688614595,"sunset":1688673457,"temp":{"day":22.84,"min":10.12,"max":24.23,"night":16.02,"eve":20.56,"morn":11.32},"feels_like":{"day":22.22,"night":15.35,"eve":20,"morn":10.73},"pressure":1018,"humidity":40,"weather":[{"id":802,"main":"Clouds","description":"scattered clouds","icon":"03d"}],"speed":4.44,"deg":242,"gust":7.28,"clouds":38,"pop":0}]}
--- ENF OF RECEIVED DATA ---

{"city":{"id":2800866,"name":"Brussels","coord":{"lon":4.3488,"lat":50.8504},"country":"BE","population":1019022,"timezone":7200},"cod":"200","message":6.1854203,"cnt":4,"list":[{"dt":1688382000,"sunrise":1688355254,"sunset":1688414337,"temp":{"day":20.28,"min":11.79,"max":21.05,"night":15.49,"eve":20.68,"morn":13.42},"feels_like":{"day":19.56,"night":14.74,"eve":20.06,"morn":12.93},"pressure":1012,"humidity":46,"weather":[{"id":802,"main":"Clouds","description":"scattered clouds","icon":"03d"}],"speed":8.07,"deg":251,"gust":13.57,"clouds":48,"pop":0.2},{"dt":1688468400,"sunrise":1688441698,"sunset":1688500713,"temp":{"day":21.21,"min":11.33,"max":21.75,"night":14.62,"eve":20.96,"morn":12.23},"feels_like":{"day":20.59,"night":14.44,"eve":20.42,"morn":11.88},"pressure":1012,"humidity":46,"weather":[{"id":500,"main":"Rain","description":"light rain","icon":"10d"}],"speed":6.5,"deg":228,"gust":13.85,"clouds":68,"pop":0.57,"rain":0.81},{"dt":1688554800,"sunrise":1688528145,"sunset":1688587087,"temp":{"day":18.23,"min":10.96,"max":19.65,"night":13.63,"eve":19.17,"morn":11.46},"feels_like":{"day":17.73,"night":12.9,"eve":18.68,"morn":11.06},"pressure":1015,"humidity":62,"weather":[{"id":501,"main":"Rain","description":"moderate rain","icon":"10d"}],"speed":7.42,"deg":246,"gust":13.64,"clouds":45,"pop":1,"rain":10.28},{"dt":1688641200,"sunrise":1688614595,"sunset":1688673457,"temp":{"day":22.84,"min":10.12,"max":24.23,"night":16.02,"eve":20.56,"morn":11.32},"feels_like":{"day":22.22,"night":15.35,"eve":20,"morn":10.73},"pressure":1018,"humidity":40,"weather":[{"id":802,"main":"Clouds","description":"scattered clouds","icon":"03d"}],"speed":4.44,"deg":242,"gust":7.28,"clouds":38,"pop":0}]}
--- ENF OF RECEIVED DATA ---

