________________________________________________
|             CALL API : START                |
________________________________________________

Informations : 
Called API: meteo - 30 November 2024, 10:30
Method: GETMETEO - Timeout : 300 - Cache : 1
URL CALLED : https://api.openweathermap.org/data/2.5/forecast/daily?q=Brussels,be&units=metric&cnt=4&appid=ea18c0706135505149200c3836f29800
-------------------------
________________________________________________
|             CALL API : START                |
________________________________________________

Informations : 
Called API: meteo - 30 November 2024, 10:30
Method: GETMETEO - Timeout : 300 - Cache : 1
URL CALLED : https://api.openweathermap.org/data/2.5/forecast/daily?q=Brussels,be&units=metric&cnt=4&appid=ea18c0706135505149200c3836f29800
-------------------------
{"city":{"id":2800866,"name":"Brussels","coord":{"lon":4.3488,"lat":50.8504},"country":"BE","population":1019022,"timezone":3600},"cod":"200","message":0.0492481,"cnt":4,"list":[{"dt":1732964400,"sunrise":1732951335,"sunset":1732981255,"temp":{"day":4.57,"min":2.1,"max":7.67,"night":4.2,"eve":5.05,"morn":2.3},"feels_like":{"day":1.43,"night":1.3,"eve":2.36,"morn":-0.81},"pressure":1028,"humidity":77,"weather":[{"id":802,"main":"Clouds","description":"scattered clouds","icon":"03d"}],"speed":3.94,"deg":199,"gust":10.31,"clouds":31,"pop":0},{"dt":1733050800,"sunrise":1733037817,"sunset":1733067617,"temp":{"day":8.13,"min":3.52,"max":9.93,"night":9.93,"eve":8.4,"morn":3.71},"feels_like":{"day":5.06,"night":7.2,"eve":5.29,"morn":0.27},"pressure":1021,"humidity":55,"weather":[{"id":803,"main":"Clouds","description":"broken clouds","icon":"04d"}],"speed":6.13,"deg":189,"gust":14,"clouds":71,"pop":0},{"dt":1733137200,"sunrise":1733124297,"sunset":1733153983,"temp":{"day":10.89,"min":5.4,"max":11.27,"night":5.4,"eve":7.16,"morn":11.17},"feels_like":{"day":10.02,"night":1.51,"eve":4.49,"morn":10.59},"pressure":1015,"humidity":76,"weather":[{"id":803,"main":"Clouds","description":"broken clouds","icon":"04d"}],"speed":7.5,"deg":224,"gust":13.36,"clouds":84,"pop":0},{"dt":1733223600,"sunrise":1733210776,"sunset":1733240351,"temp":{"day":5.63,"min":3.24,"max":7.39,"night":3.24,"eve":3.79,"morn":6.54},"feels_like":{"day":4.73,"night":0.83,"eve":2.43,"morn":4.21},"pressure":1023,"humidity":84,"weather":[{"id":500,"main":"Rain","description":"light rain","icon":"10d"}],"speed":6.82,"deg":238,"gust":12.24,"clouds":100,"pop":1,"rain":2.43}]}
--- ENF OF RECEIVED DATA ---

{"city":{"id":2800866,"name":"Brussels","coord":{"lon":4.3488,"lat":50.8504},"country":"BE","population":1019022,"timezone":3600},"cod":"200","message":0.0492481,"cnt":4,"list":[{"dt":1732964400,"sunrise":1732951335,"sunset":1732981255,"temp":{"day":4.57,"min":2.1,"max":7.67,"night":4.2,"eve":5.05,"morn":2.3},"feels_like":{"day":1.43,"night":1.3,"eve":2.36,"morn":-0.81},"pressure":1028,"humidity":77,"weather":[{"id":802,"main":"Clouds","description":"scattered clouds","icon":"03d"}],"speed":3.94,"deg":199,"gust":10.31,"clouds":31,"pop":0},{"dt":1733050800,"sunrise":1733037817,"sunset":1733067617,"temp":{"day":8.13,"min":3.52,"max":9.93,"night":9.93,"eve":8.4,"morn":3.71},"feels_like":{"day":5.06,"night":7.2,"eve":5.29,"morn":0.27},"pressure":1021,"humidity":55,"weather":[{"id":803,"main":"Clouds","description":"broken clouds","icon":"04d"}],"speed":6.13,"deg":189,"gust":14,"clouds":71,"pop":0},{"dt":1733137200,"sunrise":1733124297,"sunset":1733153983,"temp":{"day":10.89,"min":5.4,"max":11.27,"night":5.4,"eve":7.16,"morn":11.17},"feels_like":{"day":10.02,"night":1.51,"eve":4.49,"morn":10.59},"pressure":1015,"humidity":76,"weather":[{"id":803,"main":"Clouds","description":"broken clouds","icon":"04d"}],"speed":7.5,"deg":224,"gust":13.36,"clouds":84,"pop":0},{"dt":1733223600,"sunrise":1733210776,"sunset":1733240351,"temp":{"day":5.63,"min":3.24,"max":7.39,"night":3.24,"eve":3.79,"morn":6.54},"feels_like":{"day":4.73,"night":0.83,"eve":2.43,"morn":4.21},"pressure":1023,"humidity":84,"weather":[{"id":500,"main":"Rain","description":"light rain","icon":"10d"}],"speed":6.82,"deg":238,"gust":12.24,"clouds":100,"pop":1,"rain":2.43}]}
--- ENF OF RECEIVED DATA ---

