________________________________________________
|             CALL API : START                |
________________________________________________

Informations : 
Called API: meteo - 12 August 2023, 15:00
Method: GETMETEO - Timeout : 300 - Cache : 1
URL CALLED : https://api.openweathermap.org/data/2.5/forecast/daily?q=Brussels,be&units=metric&cnt=4&appid=ea18c0706135505149200c3836f29800
-------------------------
________________________________________________
|             CALL API : START                |
________________________________________________

Informations : 
Called API: meteo - 12 August 2023, 15:00
Method: GETMETEO - Timeout : 300 - Cache : 1
URL CALLED : https://api.openweathermap.org/data/2.5/forecast/daily?q=Brussels,be&units=metric&cnt=4&appid=ea18c0706135505149200c3836f29800
-------------------------
{"city":{"id":2800866,"name":"Brussels","coord":{"lon":4.3488,"lat":50.8504},"country":"BE","population":1019022,"timezone":7200},"cod":"200","message":0.2264327,"cnt":4,"list":[{"dt":1691838000,"sunrise":1691814286,"sunset":1691867450,"temp":{"day":22.54,"min":16.95,"max":23.46,"night":16.95,"eve":22.35,"morn":19.2},"feels_like":{"day":22.49,"night":16.5,"eve":22.13,"morn":19.73},"pressure":1017,"humidity":63,"weather":[{"id":502,"main":"Rain","description":"heavy intensity rain","icon":"10d"}],"speed":6.28,"deg":250,"gust":9.69,"clouds":59,"pop":0.98,"rain":10.82},{"dt":1691924400,"sunrise":1691900778,"sunset":1691953738,"temp":{"day":21.78,"min":15.02,"max":22.67,"night":16.75,"eve":21.21,"morn":15.02},"feels_like":{"day":21.63,"night":16.54,"eve":21.08,"morn":14.77},"pressure":1017,"humidity":62,"weather":[{"id":500,"main":"Rain","description":"light rain","icon":"10d"}],"speed":4.76,"deg":212,"gust":8.71,"clouds":100,"pop":0.33,"rain":0.1},{"dt":1692010800,"sunrise":1691987271,"sunset":1692040025,"temp":{"day":22.9,"min":15.18,"max":26.81,"night":21.03,"eve":25.74,"morn":15.47},"feels_like":{"day":22.79,"night":21.38,"eve":25.88,"morn":15.21},"pressure":1015,"humidity":59,"weather":[{"id":500,"main":"Rain","description":"light rain","icon":"10d"}],"speed":3.37,"deg":142,"gust":5.18,"clouds":100,"pop":0.31,"rain":0.16},{"dt":1692097200,"sunrise":1692073764,"sunset":1692126311,"temp":{"day":24.61,"min":15.3,"max":24.61,"night":17.27,"eve":21.44,"morn":15.3},"feels_like":{"day":24.51,"night":17.19,"eve":21.47,"morn":15.11},"pressure":1016,"humidity":53,"weather":[{"id":501,"main":"Rain","description":"moderate rain","icon":"10d"}],"speed":3.62,"deg":293,"gust":5.37,"clouds":22,"pop":1,"rain":2.23}]}
--- ENF OF RECEIVED DATA ---

{"city":{"id":2800866,"name":"Brussels","coord":{"lon":4.3488,"lat":50.8504},"country":"BE","population":1019022,"timezone":7200},"cod":"200","message":0.2264327,"cnt":4,"list":[{"dt":1691838000,"sunrise":1691814286,"sunset":1691867450,"temp":{"day":22.54,"min":16.95,"max":23.46,"night":16.95,"eve":22.35,"morn":19.2},"feels_like":{"day":22.49,"night":16.5,"eve":22.13,"morn":19.73},"pressure":1017,"humidity":63,"weather":[{"id":502,"main":"Rain","description":"heavy intensity rain","icon":"10d"}],"speed":6.28,"deg":250,"gust":9.69,"clouds":59,"pop":0.98,"rain":10.82},{"dt":1691924400,"sunrise":1691900778,"sunset":1691953738,"temp":{"day":21.78,"min":15.02,"max":22.67,"night":16.75,"eve":21.21,"morn":15.02},"feels_like":{"day":21.63,"night":16.54,"eve":21.08,"morn":14.77},"pressure":1017,"humidity":62,"weather":[{"id":500,"main":"Rain","description":"light rain","icon":"10d"}],"speed":4.76,"deg":212,"gust":8.71,"clouds":100,"pop":0.33,"rain":0.1},{"dt":1692010800,"sunrise":1691987271,"sunset":1692040025,"temp":{"day":22.9,"min":15.18,"max":26.81,"night":21.03,"eve":25.74,"morn":15.47},"feels_like":{"day":22.79,"night":21.38,"eve":25.88,"morn":15.21},"pressure":1015,"humidity":59,"weather":[{"id":500,"main":"Rain","description":"light rain","icon":"10d"}],"speed":3.37,"deg":142,"gust":5.18,"clouds":100,"pop":0.31,"rain":0.16},{"dt":1692097200,"sunrise":1692073764,"sunset":1692126311,"temp":{"day":24.61,"min":15.3,"max":24.61,"night":17.27,"eve":21.44,"morn":15.3},"feels_like":{"day":24.51,"night":17.19,"eve":21.47,"morn":15.11},"pressure":1016,"humidity":53,"weather":[{"id":501,"main":"Rain","description":"moderate rain","icon":"10d"}],"speed":3.62,"deg":293,"gust":5.37,"clouds":22,"pop":1,"rain":2.23}]}
--- ENF OF RECEIVED DATA ---

