________________________________________________
|             CALL API : START                |
________________________________________________

Informations : 
Called API: meteo - 16 March 2025, 04:10
Method: GETMETEO - Timeout : 300 - Cache : 1
URL CALLED : https://api.openweathermap.org/data/2.5/forecast/daily?q=Brussels,be&units=metric&cnt=4&appid=ea18c0706135505149200c3836f29800
-------------------------
________________________________________________
|             CALL API : START                |
________________________________________________

Informations : 
Called API: meteo - 16 March 2025, 04:10
Method: GETMETEO - Timeout : 300 - Cache : 1
URL CALLED : https://api.openweathermap.org/data/2.5/forecast/daily?q=Brussels,be&units=metric&cnt=4&appid=ea18c0706135505149200c3836f29800
-------------------------
{"city":{"id":2800866,"name":"Brussels","coord":{"lon":4.3488,"lat":50.8504},"country":"BE","population":1019022,"timezone":3600},"cod":"200","message":0.0392179,"cnt":4,"list":[{"dt":1742122800,"sunrise":1742104454,"sunset":1742147298,"temp":{"day":7.66,"min":0.09,"max":9.33,"night":3.4,"eve":7.57,"morn":0.27},"feels_like":{"day":4.51,"night":1.07,"eve":4.93,"morn":-4.17},"pressure":1023,"humidity":57,"weather":[{"id":800,"main":"Clear","description":"sky is clear","icon":"01d"}],"speed":5.48,"deg":42,"gust":11.3,"clouds":8,"pop":0},{"dt":1742209200,"sunrise":1742190720,"sunset":1742233796,"temp":{"day":7.92,"min":2.4,"max":9.85,"night":3.7,"eve":8.78,"morn":4.48},"feels_like":{"day":5.13,"night":0.39,"eve":6.24,"morn":1.69},"pressure":1028,"humidity":59,"weather":[{"id":803,"main":"Clouds","description":"broken clouds","icon":"04d"}],"speed":5.9,"deg":85,"gust":10.34,"clouds":71,"pop":0},{"dt":1742295600,"sunrise":1742276985,"sunset":1742320295,"temp":{"day":9.02,"min":-0.08,"max":12.55,"night":4.21,"eve":10.23,"morn":-0.04},"feels_like":{"day":6.07,"night":1.21,"eve":8.48,"morn":-3.91},"pressure":1026,"humidity":35,"weather":[{"id":800,"main":"Clear","description":"sky is clear","icon":"01d"}],"speed":5.79,"deg":99,"gust":9.99,"clouds":0,"pop":0},{"dt":1742382000,"sunrise":1742363250,"sunset":1742406793,"temp":{"day":14.92,"min":2.87,"max":15.83,"night":9.5,"eve":11.37,"morn":3.06},"feels_like":{"day":13.83,"night":7.78,"eve":10.18,"morn":1.03},"pressure":1023,"humidity":52,"weather":[{"id":800,"main":"Clear","description":"sky is clear","icon":"01d"}],"speed":4.16,"deg":198,"gust":6.36,"clouds":0,"pop":0}]}
--- ENF OF RECEIVED DATA ---

{"city":{"id":2800866,"name":"Brussels","coord":{"lon":4.3488,"lat":50.8504},"country":"BE","population":1019022,"timezone":3600},"cod":"200","message":0.0392179,"cnt":4,"list":[{"dt":1742122800,"sunrise":1742104454,"sunset":1742147298,"temp":{"day":7.66,"min":0.09,"max":9.33,"night":3.4,"eve":7.57,"morn":0.27},"feels_like":{"day":4.51,"night":1.07,"eve":4.93,"morn":-4.17},"pressure":1023,"humidity":57,"weather":[{"id":800,"main":"Clear","description":"sky is clear","icon":"01d"}],"speed":5.48,"deg":42,"gust":11.3,"clouds":8,"pop":0},{"dt":1742209200,"sunrise":1742190720,"sunset":1742233796,"temp":{"day":7.92,"min":2.4,"max":9.85,"night":3.7,"eve":8.78,"morn":4.48},"feels_like":{"day":5.13,"night":0.39,"eve":6.24,"morn":1.69},"pressure":1028,"humidity":59,"weather":[{"id":803,"main":"Clouds","description":"broken clouds","icon":"04d"}],"speed":5.9,"deg":85,"gust":10.34,"clouds":71,"pop":0},{"dt":1742295600,"sunrise":1742276985,"sunset":1742320295,"temp":{"day":9.02,"min":-0.08,"max":12.55,"night":4.21,"eve":10.23,"morn":-0.04},"feels_like":{"day":6.07,"night":1.21,"eve":8.48,"morn":-3.91},"pressure":1026,"humidity":35,"weather":[{"id":800,"main":"Clear","description":"sky is clear","icon":"01d"}],"speed":5.79,"deg":99,"gust":9.99,"clouds":0,"pop":0},{"dt":1742382000,"sunrise":1742363250,"sunset":1742406793,"temp":{"day":14.92,"min":2.87,"max":15.83,"night":9.5,"eve":11.37,"morn":3.06},"feels_like":{"day":13.83,"night":7.78,"eve":10.18,"morn":1.03},"pressure":1023,"humidity":52,"weather":[{"id":800,"main":"Clear","description":"sky is clear","icon":"01d"}],"speed":4.16,"deg":198,"gust":6.36,"clouds":0,"pop":0}]}
--- ENF OF RECEIVED DATA ---

