________________________________________________
|             CALL API : START                |
________________________________________________

Informations : 
Called API: meteo - 12 November 2024, 23:20
Method: GETMETEO - Timeout : 300 - Cache : 1
URL CALLED : https://api.openweathermap.org/data/2.5/forecast/daily?q=Brussels,be&units=metric&cnt=4&appid=ea18c0706135505149200c3836f29800
-------------------------
________________________________________________
|             CALL API : START                |
________________________________________________

Informations : 
Called API: meteo - 12 November 2024, 23:20
Method: GETMETEO - Timeout : 300 - Cache : 1
URL CALLED : https://api.openweathermap.org/data/2.5/forecast/daily?q=Brussels,be&units=metric&cnt=4&appid=ea18c0706135505149200c3836f29800
-------------------------
{"city":{"id":2800866,"name":"Brussels","coord":{"lon":4.3488,"lat":50.8504},"country":"BE","population":1019022,"timezone":3600},"cod":"200","message":0.0591099,"cnt":4,"list":[{"dt":1731409200,"sunrise":1731394430,"sunset":1731427195,"temp":{"day":10.23,"min":7.27,"max":11.11,"night":7.37,"eve":9.7,"morn":9.22},"feels_like":{"day":9.32,"night":4.83,"eve":7.11,"morn":5.88},"pressure":1031,"humidity":77,"weather":[{"id":500,"main":"Rain","description":"light rain","icon":"10d"}],"speed":7.53,"deg":11,"gust":13.49,"clouds":89,"pop":1,"rain":1.82},{"dt":1731495600,"sunrise":1731480932,"sunset":1731513511,"temp":{"day":8.88,"min":5.32,"max":10.23,"night":9.23,"eve":8.01,"morn":5.4},"feels_like":{"day":8,"night":7.9,"eve":7.07,"morn":3.48},"pressure":1033,"humidity":77,"weather":[{"id":804,"main":"Clouds","description":"overcast clouds","icon":"04d"}],"speed":4.18,"deg":36,"gust":9,"clouds":100,"pop":0},{"dt":1731582000,"sunrise":1731567433,"sunset":1731599830,"temp":{"day":12.26,"min":7,"max":12.55,"night":7,"eve":8.68,"morn":9.27},"feels_like":{"day":11.26,"night":5.76,"eve":6.84,"morn":7.77},"pressure":1028,"humidity":66,"weather":[{"id":803,"main":"Clouds","description":"broken clouds","icon":"04d"}],"speed":4.4,"deg":1,"gust":8.53,"clouds":77,"pop":0},{"dt":1731668400,"sunrise":1731653934,"sunset":1731686150,"temp":{"day":11.45,"min":6.32,"max":12.24,"night":6.32,"eve":8.01,"morn":9.15},"feels_like":{"day":10.45,"night":4.15,"eve":6.6,"morn":8.51},"pressure":1027,"humidity":69,"weather":[{"id":804,"main":"Clouds","description":"overcast clouds","icon":"04d"}],"speed":2.91,"deg":220,"gust":4.55,"clouds":93,"pop":0}]}
--- ENF OF RECEIVED DATA ---

{"city":{"id":2800866,"name":"Brussels","coord":{"lon":4.3488,"lat":50.8504},"country":"BE","population":1019022,"timezone":3600},"cod":"200","message":0.0591099,"cnt":4,"list":[{"dt":1731409200,"sunrise":1731394430,"sunset":1731427195,"temp":{"day":10.23,"min":7.27,"max":11.11,"night":7.37,"eve":9.7,"morn":9.22},"feels_like":{"day":9.32,"night":4.83,"eve":7.11,"morn":5.88},"pressure":1031,"humidity":77,"weather":[{"id":500,"main":"Rain","description":"light rain","icon":"10d"}],"speed":7.53,"deg":11,"gust":13.49,"clouds":89,"pop":1,"rain":1.82},{"dt":1731495600,"sunrise":1731480932,"sunset":1731513511,"temp":{"day":8.88,"min":5.32,"max":10.23,"night":9.23,"eve":8.01,"morn":5.4},"feels_like":{"day":8,"night":7.9,"eve":7.07,"morn":3.48},"pressure":1033,"humidity":77,"weather":[{"id":804,"main":"Clouds","description":"overcast clouds","icon":"04d"}],"speed":4.18,"deg":36,"gust":9,"clouds":100,"pop":0},{"dt":1731582000,"sunrise":1731567433,"sunset":1731599830,"temp":{"day":12.26,"min":7,"max":12.55,"night":7,"eve":8.68,"morn":9.27},"feels_like":{"day":11.26,"night":5.76,"eve":6.84,"morn":7.77},"pressure":1028,"humidity":66,"weather":[{"id":803,"main":"Clouds","description":"broken clouds","icon":"04d"}],"speed":4.4,"deg":1,"gust":8.53,"clouds":77,"pop":0},{"dt":1731668400,"sunrise":1731653934,"sunset":1731686150,"temp":{"day":11.45,"min":6.32,"max":12.24,"night":6.32,"eve":8.01,"morn":9.15},"feels_like":{"day":10.45,"night":4.15,"eve":6.6,"morn":8.51},"pressure":1027,"humidity":69,"weather":[{"id":804,"main":"Clouds","description":"overcast clouds","icon":"04d"}],"speed":2.91,"deg":220,"gust":4.55,"clouds":93,"pop":0}]}
--- ENF OF RECEIVED DATA ---

