________________________________________________
|             CALL API : START                |
________________________________________________

Informations : 
Called API: meteo - 4 October 2023, 19:50
Method: GETMETEO - Timeout : 300 - Cache : 1
URL CALLED : https://api.openweathermap.org/data/2.5/forecast/daily?q=Brussels,be&units=metric&cnt=4&appid=ea18c0706135505149200c3836f29800
-------------------------
________________________________________________
|             CALL API : START                |
________________________________________________

Informations : 
Called API: meteo - 4 October 2023, 19:50
Method: GETMETEO - Timeout : 300 - Cache : 1
URL CALLED : https://api.openweathermap.org/data/2.5/forecast/daily?q=Brussels,be&units=metric&cnt=4&appid=ea18c0706135505149200c3836f29800
-------------------------
{"city":{"id":2800866,"name":"Brussels","coord":{"lon":4.3488,"lat":50.8504},"country":"BE","population":1019022,"timezone":7200},"cod":"200","message":0.0423648,"cnt":4,"list":[{"dt":1696417200,"sunrise":1696398412,"sunset":1696439750,"temp":{"day":17.47,"min":10.16,"max":17.95,"night":13.36,"eve":15.5,"morn":10.42},"feels_like":{"day":16.89,"night":12.81,"eve":14.96,"morn":9.89},"pressure":1027,"humidity":62,"weather":[{"id":803,"main":"Clouds","description":"broken clouds","icon":"04d"}],"speed":6.14,"deg":241,"gust":10.64,"clouds":77,"pop":0},{"dt":1696503600,"sunrise":1696484907,"sunset":1696526017,"temp":{"day":16.62,"min":11.3,"max":18.35,"night":12.64,"eve":15.96,"morn":11.31},"feels_like":{"day":16.09,"night":12.23,"eve":15.41,"morn":10.9},"pressure":1026,"humidity":67,"weather":[{"id":804,"main":"Clouds","description":"overcast clouds","icon":"04d"}],"speed":4.67,"deg":244,"gust":10.49,"clouds":100,"pop":0},{"dt":1696590000,"sunrise":1696571403,"sunset":1696612284,"temp":{"day":17.86,"min":11,"max":19.83,"night":14.25,"eve":16.88,"morn":11.19},"feels_like":{"day":16.98,"night":13.38,"eve":16.11,"morn":10.53},"pressure":1026,"humidity":49,"weather":[{"id":804,"main":"Clouds","description":"overcast clouds","icon":"04d"}],"speed":5.48,"deg":234,"gust":9.69,"clouds":99,"pop":0},{"dt":1696676400,"sunrise":1696657899,"sunset":1696698552,"temp":{"day":22.52,"min":12.07,"max":23.42,"night":15.45,"eve":17.63,"morn":12.72},"feels_like":{"day":21.95,"night":14.75,"eve":17.09,"morn":11.8},"pressure":1024,"humidity":43,"weather":[{"id":802,"main":"Clouds","description":"scattered clouds","icon":"03d"}],"speed":6.04,"deg":251,"gust":10.87,"clouds":35,"pop":0}]}
--- ENF OF RECEIVED DATA ---

{"city":{"id":2800866,"name":"Brussels","coord":{"lon":4.3488,"lat":50.8504},"country":"BE","population":1019022,"timezone":7200},"cod":"200","message":0.0423648,"cnt":4,"list":[{"dt":1696417200,"sunrise":1696398412,"sunset":1696439750,"temp":{"day":17.47,"min":10.16,"max":17.95,"night":13.36,"eve":15.5,"morn":10.42},"feels_like":{"day":16.89,"night":12.81,"eve":14.96,"morn":9.89},"pressure":1027,"humidity":62,"weather":[{"id":803,"main":"Clouds","description":"broken clouds","icon":"04d"}],"speed":6.14,"deg":241,"gust":10.64,"clouds":77,"pop":0},{"dt":1696503600,"sunrise":1696484907,"sunset":1696526017,"temp":{"day":16.62,"min":11.3,"max":18.35,"night":12.64,"eve":15.96,"morn":11.31},"feels_like":{"day":16.09,"night":12.23,"eve":15.41,"morn":10.9},"pressure":1026,"humidity":67,"weather":[{"id":804,"main":"Clouds","description":"overcast clouds","icon":"04d"}],"speed":4.67,"deg":244,"gust":10.49,"clouds":100,"pop":0},{"dt":1696590000,"sunrise":1696571403,"sunset":1696612284,"temp":{"day":17.86,"min":11,"max":19.83,"night":14.25,"eve":16.88,"morn":11.19},"feels_like":{"day":16.98,"night":13.38,"eve":16.11,"morn":10.53},"pressure":1026,"humidity":49,"weather":[{"id":804,"main":"Clouds","description":"overcast clouds","icon":"04d"}],"speed":5.48,"deg":234,"gust":9.69,"clouds":99,"pop":0},{"dt":1696676400,"sunrise":1696657899,"sunset":1696698552,"temp":{"day":22.52,"min":12.07,"max":23.42,"night":15.45,"eve":17.63,"morn":12.72},"feels_like":{"day":21.95,"night":14.75,"eve":17.09,"morn":11.8},"pressure":1024,"humidity":43,"weather":[{"id":802,"main":"Clouds","description":"scattered clouds","icon":"03d"}],"speed":6.04,"deg":251,"gust":10.87,"clouds":35,"pop":0}]}
--- ENF OF RECEIVED DATA ---

