________________________________________________
|             CALL API : START                |
________________________________________________

Informations : 
Called API: meteo - 15 December 2023, 22:00
Method: GETMETEO - Timeout : 300 - Cache : 1
URL CALLED : https://api.openweathermap.org/data/2.5/forecast/daily?q=Brussels,be&units=metric&cnt=4&appid=ea18c0706135505149200c3836f29800
-------------------------
________________________________________________
|             CALL API : START                |
________________________________________________

Informations : 
Called API: meteo - 15 December 2023, 22:00
Method: GETMETEO - Timeout : 300 - Cache : 1
URL CALLED : https://api.openweathermap.org/data/2.5/forecast/daily?q=Brussels,be&units=metric&cnt=4&appid=ea18c0706135505149200c3836f29800
-------------------------
{"city":{"id":2800866,"name":"Brussels","coord":{"lon":4.3488,"lat":50.8504},"country":"BE","population":1019022,"timezone":3600},"cod":"200","message":8.8839016,"cnt":4,"list":[{"dt":1702638000,"sunrise":1702625900,"sunset":1702654613,"temp":{"day":8.6,"min":5.73,"max":9.92,"night":7.1,"eve":6.76,"morn":7.02},"feels_like":{"day":6.43,"night":4.82,"eve":4.55,"morn":4.98},"pressure":1036,"humidity":76,"weather":[{"id":803,"main":"Clouds","description":"broken clouds","icon":"04d"}],"speed":4.54,"deg":233,"gust":9.2,"clouds":66,"pop":0.12},{"dt":1702724400,"sunrise":1702712349,"sunset":1702741021,"temp":{"day":7.13,"min":4.23,"max":8.65,"night":8.65,"eve":8.18,"morn":4.39},"feels_like":{"day":4.21,"night":6.31,"eve":5.4,"morn":1.02},"pressure":1041,"humidity":90,"weather":[{"id":803,"main":"Clouds","description":"broken clouds","icon":"04d"}],"speed":4.8,"deg":220,"gust":10.11,"clouds":83,"pop":0},{"dt":1702810800,"sunrise":1702798794,"sunset":1702827432,"temp":{"day":8.25,"min":5.4,"max":9.28,"night":5.4,"eve":6.85,"morn":7.05},"feels_like":{"day":5,"night":1.7,"eve":3.35,"morn":4.19},"pressure":1037,"humidity":82,"weather":[{"id":804,"main":"Clouds","description":"overcast clouds","icon":"04d"}],"speed":6.31,"deg":215,"gust":13.62,"clouds":98,"pop":0},{"dt":1702897200,"sunrise":1702885237,"sunset":1702913846,"temp":{"day":6.45,"min":3.22,"max":7.22,"night":6.02,"eve":4.95,"morn":3.69},"feels_like":{"day":2.64,"night":2.17,"eve":0.72,"morn":-0.34},"pressure":1032,"humidity":74,"weather":[{"id":800,"main":"Clear","description":"sky is clear","icon":"01d"}],"speed":6.39,"deg":220,"gust":13.21,"clouds":9,"pop":0}]}
--- ENF OF RECEIVED DATA ---

{"city":{"id":2800866,"name":"Brussels","coord":{"lon":4.3488,"lat":50.8504},"country":"BE","population":1019022,"timezone":3600},"cod":"200","message":8.8839016,"cnt":4,"list":[{"dt":1702638000,"sunrise":1702625900,"sunset":1702654613,"temp":{"day":8.6,"min":5.73,"max":9.92,"night":7.1,"eve":6.76,"morn":7.02},"feels_like":{"day":6.43,"night":4.82,"eve":4.55,"morn":4.98},"pressure":1036,"humidity":76,"weather":[{"id":803,"main":"Clouds","description":"broken clouds","icon":"04d"}],"speed":4.54,"deg":233,"gust":9.2,"clouds":66,"pop":0.12},{"dt":1702724400,"sunrise":1702712349,"sunset":1702741021,"temp":{"day":7.13,"min":4.23,"max":8.65,"night":8.65,"eve":8.18,"morn":4.39},"feels_like":{"day":4.21,"night":6.31,"eve":5.4,"morn":1.02},"pressure":1041,"humidity":90,"weather":[{"id":803,"main":"Clouds","description":"broken clouds","icon":"04d"}],"speed":4.8,"deg":220,"gust":10.11,"clouds":83,"pop":0},{"dt":1702810800,"sunrise":1702798794,"sunset":1702827432,"temp":{"day":8.25,"min":5.4,"max":9.28,"night":5.4,"eve":6.85,"morn":7.05},"feels_like":{"day":5,"night":1.7,"eve":3.35,"morn":4.19},"pressure":1037,"humidity":82,"weather":[{"id":804,"main":"Clouds","description":"overcast clouds","icon":"04d"}],"speed":6.31,"deg":215,"gust":13.62,"clouds":98,"pop":0},{"dt":1702897200,"sunrise":1702885237,"sunset":1702913846,"temp":{"day":6.45,"min":3.22,"max":7.22,"night":6.02,"eve":4.95,"morn":3.69},"feels_like":{"day":2.64,"night":2.17,"eve":0.72,"morn":-0.34},"pressure":1032,"humidity":74,"weather":[{"id":800,"main":"Clear","description":"sky is clear","icon":"01d"}],"speed":6.39,"deg":220,"gust":13.21,"clouds":9,"pop":0}]}
--- ENF OF RECEIVED DATA ---

