________________________________________________
|             CALL API : START                |
________________________________________________

Informations : 
Called API: meteo - 5 November 2024, 12:10
Method: GETMETEO - Timeout : 300 - Cache : 1
URL CALLED : https://api.openweathermap.org/data/2.5/forecast/daily?q=Brussels,be&units=metric&cnt=4&appid=ea18c0706135505149200c3836f29800
-------------------------
________________________________________________
|             CALL API : START                |
________________________________________________

Informations : 
Called API: meteo - 5 November 2024, 12:10
Method: GETMETEO - Timeout : 300 - Cache : 1
URL CALLED : https://api.openweathermap.org/data/2.5/forecast/daily?q=Brussels,be&units=metric&cnt=4&appid=ea18c0706135505149200c3836f29800
-------------------------
{"city":{"id":2800866,"name":"Brussels","coord":{"lon":4.3488,"lat":50.8504},"country":"BE","population":1019022,"timezone":3600},"cod":"200","message":5.690194,"cnt":4,"list":[{"dt":1730804400,"sunrise":1730788906,"sunset":1730823038,"temp":{"day":6.93,"min":6.03,"max":12.21,"night":9.42,"eve":10.89,"morn":6.05},"feels_like":{"day":5.34,"night":8.37,"eve":10.1,"morn":5.25},"pressure":1023,"humidity":93,"weather":[{"id":803,"main":"Clouds","description":"broken clouds","icon":"04d"}],"speed":2.37,"deg":209,"gust":3.65,"clouds":75,"pop":0},{"dt":1730890800,"sunrise":1730875410,"sunset":1730909340,"temp":{"day":13.92,"min":8.56,"max":15.1,"night":9.65,"eve":11.62,"morn":8.72},"feels_like":{"day":13.33,"night":8.92,"eve":11,"morn":8.05},"pressure":1029,"humidity":75,"weather":[{"id":800,"main":"Clear","description":"sky is clear","icon":"01d"}],"speed":2.29,"deg":91,"gust":2.87,"clouds":9,"pop":0},{"dt":1730977200,"sunrise":1730961914,"sunset":1730995645,"temp":{"day":12.51,"min":6.74,"max":14.27,"night":7.81,"eve":9.84,"morn":7.31},"feels_like":{"day":11.46,"night":6.43,"eve":8.37,"morn":5.77},"pressure":1030,"humidity":63,"weather":[{"id":800,"main":"Clear","description":"sky is clear","icon":"01d"}],"speed":3.53,"deg":78,"gust":5.95,"clouds":0,"pop":0},{"dt":1731063600,"sunrise":1731048418,"sunset":1731081951,"temp":{"day":13.64,"min":7.09,"max":14.57,"night":9.66,"eve":10.91,"morn":7.18},"feels_like":{"day":12.81,"night":8.76,"eve":10.28,"morn":5.82},"pressure":1028,"humidity":67,"weather":[{"id":800,"main":"Clear","description":"sky is clear","icon":"01d"}],"speed":2.41,"deg":137,"gust":4.5,"clouds":0,"pop":0}]}
--- ENF OF RECEIVED DATA ---

{"city":{"id":2800866,"name":"Brussels","coord":{"lon":4.3488,"lat":50.8504},"country":"BE","population":1019022,"timezone":3600},"cod":"200","message":5.690194,"cnt":4,"list":[{"dt":1730804400,"sunrise":1730788906,"sunset":1730823038,"temp":{"day":6.93,"min":6.03,"max":12.21,"night":9.42,"eve":10.89,"morn":6.05},"feels_like":{"day":5.34,"night":8.37,"eve":10.1,"morn":5.25},"pressure":1023,"humidity":93,"weather":[{"id":803,"main":"Clouds","description":"broken clouds","icon":"04d"}],"speed":2.37,"deg":209,"gust":3.65,"clouds":75,"pop":0},{"dt":1730890800,"sunrise":1730875410,"sunset":1730909340,"temp":{"day":13.92,"min":8.56,"max":15.1,"night":9.65,"eve":11.62,"morn":8.72},"feels_like":{"day":13.33,"night":8.92,"eve":11,"morn":8.05},"pressure":1029,"humidity":75,"weather":[{"id":800,"main":"Clear","description":"sky is clear","icon":"01d"}],"speed":2.29,"deg":91,"gust":2.87,"clouds":9,"pop":0},{"dt":1730977200,"sunrise":1730961914,"sunset":1730995645,"temp":{"day":12.51,"min":6.74,"max":14.27,"night":7.81,"eve":9.84,"morn":7.31},"feels_like":{"day":11.46,"night":6.43,"eve":8.37,"morn":5.77},"pressure":1030,"humidity":63,"weather":[{"id":800,"main":"Clear","description":"sky is clear","icon":"01d"}],"speed":3.53,"deg":78,"gust":5.95,"clouds":0,"pop":0},{"dt":1731063600,"sunrise":1731048418,"sunset":1731081951,"temp":{"day":13.64,"min":7.09,"max":14.57,"night":9.66,"eve":10.91,"morn":7.18},"feels_like":{"day":12.81,"night":8.76,"eve":10.28,"morn":5.82},"pressure":1028,"humidity":67,"weather":[{"id":800,"main":"Clear","description":"sky is clear","icon":"01d"}],"speed":2.41,"deg":137,"gust":4.5,"clouds":0,"pop":0}]}
--- ENF OF RECEIVED DATA ---

