________________________________________________
|             CALL API : START                |
________________________________________________

Informations : 
Called API: meteo - 3 January 2024, 18:50
Method: GETMETEO - Timeout : 300 - Cache : 1
URL CALLED : https://api.openweathermap.org/data/2.5/forecast/daily?q=Brussels,be&units=metric&cnt=4&appid=ea18c0706135505149200c3836f29800
-------------------------
________________________________________________
|             CALL API : START                |
________________________________________________

Informations : 
Called API: meteo - 3 January 2024, 18:50
Method: GETMETEO - Timeout : 300 - Cache : 1
URL CALLED : https://api.openweathermap.org/data/2.5/forecast/daily?q=Brussels,be&units=metric&cnt=4&appid=ea18c0706135505149200c3836f29800
-------------------------
{"city":{"id":2800866,"name":"Brussels","coord":{"lon":4.3488,"lat":50.8504},"country":"BE","population":1019022,"timezone":3600},"cod":"200","message":0.0565308,"cnt":4,"list":[{"dt":1704279600,"sunrise":1704267892,"sunset":1704296902,"temp":{"day":10.42,"min":8.86,"max":10.95,"night":8.86,"eve":9.35,"morn":9.62},"feels_like":{"day":9.55,"night":5.06,"eve":5.49,"morn":5.74},"pressure":994,"humidity":78,"weather":[{"id":501,"main":"Rain","description":"moderate rain","icon":"10d"}],"speed":12.5,"deg":240,"gust":21.18,"clouds":99,"pop":1,"rain":10.26},{"dt":1704366000,"sunrise":1704354280,"sunset":1704383368,"temp":{"day":8.29,"min":7.93,"max":8.93,"night":8.89,"eve":7.98,"morn":8.3},"feels_like":{"day":4.89,"night":5.36,"eve":5.3,"morn":4.88},"pressure":1006,"humidity":79,"weather":[{"id":501,"main":"Rain","description":"moderate rain","icon":"10d"}],"speed":7.88,"deg":261,"gust":15.21,"clouds":100,"pop":0.97,"rain":2.87},{"dt":1704452400,"sunrise":1704440666,"sunset":1704469836,"temp":{"day":7.81,"min":6.12,"max":9.6,"night":6.12,"eve":6.51,"morn":7.38},"feels_like":{"day":3.51,"night":3,"eve":3.04,"morn":2.77},"pressure":1000,"humidity":75,"weather":[{"id":804,"main":"Clouds","description":"overcast clouds","icon":"04d"}],"speed":10.4,"deg":223,"gust":18.02,"clouds":92,"pop":0.8},{"dt":1704538800,"sunrise":1704527048,"sunset":1704556306,"temp":{"day":6.95,"min":4.79,"max":7.13,"night":5.17,"eve":5.11,"morn":5.59},"feels_like":{"day":4.22,"night":1.88,"eve":1.87,"morn":2.36},"pressure":1011,"humidity":75,"weather":[{"id":500,"main":"Rain","description":"light rain","icon":"10d"}],"speed":4.75,"deg":284,"gust":9.29,"clouds":93,"pop":0.51,"rain":0.93}]}
--- ENF OF RECEIVED DATA ---

{"city":{"id":2800866,"name":"Brussels","coord":{"lon":4.3488,"lat":50.8504},"country":"BE","population":1019022,"timezone":3600},"cod":"200","message":0.0565308,"cnt":4,"list":[{"dt":1704279600,"sunrise":1704267892,"sunset":1704296902,"temp":{"day":10.42,"min":8.86,"max":10.95,"night":8.86,"eve":9.35,"morn":9.62},"feels_like":{"day":9.55,"night":5.06,"eve":5.49,"morn":5.74},"pressure":994,"humidity":78,"weather":[{"id":501,"main":"Rain","description":"moderate rain","icon":"10d"}],"speed":12.5,"deg":240,"gust":21.18,"clouds":99,"pop":1,"rain":10.26},{"dt":1704366000,"sunrise":1704354280,"sunset":1704383368,"temp":{"day":8.29,"min":7.93,"max":8.93,"night":8.89,"eve":7.98,"morn":8.3},"feels_like":{"day":4.89,"night":5.36,"eve":5.3,"morn":4.88},"pressure":1006,"humidity":79,"weather":[{"id":501,"main":"Rain","description":"moderate rain","icon":"10d"}],"speed":7.88,"deg":261,"gust":15.21,"clouds":100,"pop":0.97,"rain":2.87},{"dt":1704452400,"sunrise":1704440666,"sunset":1704469836,"temp":{"day":7.81,"min":6.12,"max":9.6,"night":6.12,"eve":6.51,"morn":7.38},"feels_like":{"day":3.51,"night":3,"eve":3.04,"morn":2.77},"pressure":1000,"humidity":75,"weather":[{"id":804,"main":"Clouds","description":"overcast clouds","icon":"04d"}],"speed":10.4,"deg":223,"gust":18.02,"clouds":92,"pop":0.8},{"dt":1704538800,"sunrise":1704527048,"sunset":1704556306,"temp":{"day":6.95,"min":4.79,"max":7.13,"night":5.17,"eve":5.11,"morn":5.59},"feels_like":{"day":4.22,"night":1.88,"eve":1.87,"morn":2.36},"pressure":1011,"humidity":75,"weather":[{"id":500,"main":"Rain","description":"light rain","icon":"10d"}],"speed":4.75,"deg":284,"gust":9.29,"clouds":93,"pop":0.51,"rain":0.93}]}
--- ENF OF RECEIVED DATA ---

