________________________________________________
|             CALL API : START                |
________________________________________________

Informations : 
Called API: meteo - 7 December 2024, 00:10
Method: GETMETEO - Timeout : 300 - Cache : 1
URL CALLED : https://api.openweathermap.org/data/2.5/forecast/daily?q=Brussels,be&units=metric&cnt=4&appid=ea18c0706135505149200c3836f29800
-------------------------
________________________________________________
|             CALL API : START                |
________________________________________________

Informations : 
Called API: meteo - 7 December 2024, 00:10
Method: GETMETEO - Timeout : 300 - Cache : 1
URL CALLED : https://api.openweathermap.org/data/2.5/forecast/daily?q=Brussels,be&units=metric&cnt=4&appid=ea18c0706135505149200c3836f29800
-------------------------
{"city":{"id":2800866,"name":"Brussels","coord":{"lon":4.3488,"lat":50.8504},"country":"BE","population":1019022,"timezone":3600},"cod":"200","message":0.8632157,"cnt":4,"list":[{"dt":1733569200,"sunrise":1733556668,"sunset":1733585855,"temp":{"day":8.48,"min":4.52,"max":10.2,"night":7.23,"eve":5.43,"morn":9.17},"feels_like":{"day":4.1,"night":3.77,"eve":-0.19,"morn":4.98},"pressure":996,"humidity":71,"weather":[{"id":501,"main":"Rain","description":"moderate rain","icon":"10d"}],"speed":11.82,"deg":200,"gust":21.65,"clouds":81,"pop":1,"rain":8.06},{"dt":1733655600,"sunrise":1733643136,"sunset":1733672239,"temp":{"day":5.66,"min":4.11,"max":7.08,"night":5.42,"eve":4.96,"morn":6.88},"feels_like":{"day":1.8,"night":1.28,"eve":1.24,"morn":4.55},"pressure":1008,"humidity":90,"weather":[{"id":500,"main":"Rain","description":"light rain","icon":"10d"}],"speed":7.17,"deg":34,"gust":13.67,"clouds":99,"pop":1,"rain":1.23},{"dt":1733742000,"sunrise":1733729601,"sunset":1733758627,"temp":{"day":5.95,"min":4.14,"max":6.1,"night":4.14,"eve":4.72,"morn":4.31},"feels_like":{"day":1.57,"night":-0.52,"eve":0.2,"morn":-0.8},"pressure":1029,"humidity":72,"weather":[{"id":804,"main":"Clouds","description":"overcast clouds","icon":"04d"}],"speed":8.24,"deg":45,"gust":13.69,"clouds":100,"pop":0},{"dt":1733828400,"sunrise":1733816063,"sunset":1733845017,"temp":{"day":2.28,"min":0.86,"max":3.83,"night":1.68,"eve":2.72,"morn":0.86},"feels_like":{"day":-2.25,"night":-2.16,"eve":-1.27,"morn":-3.97},"pressure":1031,"humidity":86,"weather":[{"id":803,"main":"Clouds","description":"broken clouds","icon":"04d"}],"speed":6.69,"deg":35,"gust":12.08,"clouds":77,"pop":0}]}
--- ENF OF RECEIVED DATA ---

{"city":{"id":2800866,"name":"Brussels","coord":{"lon":4.3488,"lat":50.8504},"country":"BE","population":1019022,"timezone":3600},"cod":"200","message":0.8632157,"cnt":4,"list":[{"dt":1733569200,"sunrise":1733556668,"sunset":1733585855,"temp":{"day":8.48,"min":4.52,"max":10.2,"night":7.23,"eve":5.43,"morn":9.17},"feels_like":{"day":4.1,"night":3.77,"eve":-0.19,"morn":4.98},"pressure":996,"humidity":71,"weather":[{"id":501,"main":"Rain","description":"moderate rain","icon":"10d"}],"speed":11.82,"deg":200,"gust":21.65,"clouds":81,"pop":1,"rain":8.06},{"dt":1733655600,"sunrise":1733643136,"sunset":1733672239,"temp":{"day":5.66,"min":4.11,"max":7.08,"night":5.42,"eve":4.96,"morn":6.88},"feels_like":{"day":1.8,"night":1.28,"eve":1.24,"morn":4.55},"pressure":1008,"humidity":90,"weather":[{"id":500,"main":"Rain","description":"light rain","icon":"10d"}],"speed":7.17,"deg":34,"gust":13.67,"clouds":99,"pop":1,"rain":1.23},{"dt":1733742000,"sunrise":1733729601,"sunset":1733758627,"temp":{"day":5.95,"min":4.14,"max":6.1,"night":4.14,"eve":4.72,"morn":4.31},"feels_like":{"day":1.57,"night":-0.52,"eve":0.2,"morn":-0.8},"pressure":1029,"humidity":72,"weather":[{"id":804,"main":"Clouds","description":"overcast clouds","icon":"04d"}],"speed":8.24,"deg":45,"gust":13.69,"clouds":100,"pop":0},{"dt":1733828400,"sunrise":1733816063,"sunset":1733845017,"temp":{"day":2.28,"min":0.86,"max":3.83,"night":1.68,"eve":2.72,"morn":0.86},"feels_like":{"day":-2.25,"night":-2.16,"eve":-1.27,"morn":-3.97},"pressure":1031,"humidity":86,"weather":[{"id":803,"main":"Clouds","description":"broken clouds","icon":"04d"}],"speed":6.69,"deg":35,"gust":12.08,"clouds":77,"pop":0}]}
--- ENF OF RECEIVED DATA ---

