________________________________________________
|             CALL API : START                |
________________________________________________

Informations : 
Called API: meteo - 23 July 2023, 10:00
Method: GETMETEO - Timeout : 300 - Cache : 1
URL CALLED : https://api.openweathermap.org/data/2.5/forecast/daily?q=Brussels,be&units=metric&cnt=4&appid=ea18c0706135505149200c3836f29800
-------------------------
________________________________________________
|             CALL API : START                |
________________________________________________

Informations : 
Called API: meteo - 23 July 2023, 10:00
Method: GETMETEO - Timeout : 300 - Cache : 1
URL CALLED : https://api.openweathermap.org/data/2.5/forecast/daily?q=Brussels,be&units=metric&cnt=4&appid=ea18c0706135505149200c3836f29800
-------------------------
{"city":{"id":2800866,"name":"Brussels","coord":{"lon":4.3488,"lat":50.8504},"country":"BE","population":1019022,"timezone":7200},"cod":"200","message":14.8417295,"cnt":4,"list":[{"dt":1690110000,"sunrise":1690084530,"sunset":1690141339,"temp":{"day":16.32,"min":15.18,"max":19.2,"night":17.91,"eve":17.96,"morn":15.65},"feels_like":{"day":16.28,"night":18.18,"eve":18.24,"morn":15.2},"pressure":1008,"humidity":87,"weather":[{"id":501,"main":"Rain","description":"moderate rain","icon":"10d"}],"speed":8.67,"deg":216,"gust":15.77,"clouds":100,"pop":1,"rain":4.86},{"dt":1690196400,"sunrise":1690171010,"sunset":1690227662,"temp":{"day":19.56,"min":13.58,"max":20.64,"night":13.58,"eve":19.49,"morn":16.87},"feels_like":{"day":19.37,"night":13.32,"eve":19.37,"morn":17.09},"pressure":1005,"humidity":69,"weather":[{"id":501,"main":"Rain","description":"moderate rain","icon":"10d"}],"speed":7.32,"deg":258,"gust":12.41,"clouds":70,"pop":1,"rain":10.33},{"dt":1690282800,"sunrise":1690257492,"sunset":1690313984,"temp":{"day":19.6,"min":12.74,"max":19.6,"night":15.39,"eve":18.09,"morn":12.84},"feels_like":{"day":18.74,"night":14.45,"eve":17.23,"morn":12.43},"pressure":1010,"humidity":43,"weather":[{"id":500,"main":"Rain","description":"light rain","icon":"10d"}],"speed":5.65,"deg":323,"gust":6.29,"clouds":98,"pop":0.7,"rain":0.45},{"dt":1690369200,"sunrise":1690343974,"sunset":1690400303,"temp":{"day":21.29,"min":12.26,"max":22.32,"night":16.87,"eve":21.18,"morn":14.33},"feels_like":{"day":20.6,"night":16.23,"eve":20.63,"morn":13.75},"pressure":1013,"humidity":43,"weather":[{"id":500,"main":"Rain","description":"light rain","icon":"10d"}],"speed":5.32,"deg":247,"gust":8.34,"clouds":92,"pop":0.29,"rain":0.13}]}
--- ENF OF RECEIVED DATA ---

{"city":{"id":2800866,"name":"Brussels","coord":{"lon":4.3488,"lat":50.8504},"country":"BE","population":1019022,"timezone":7200},"cod":"200","message":14.8417295,"cnt":4,"list":[{"dt":1690110000,"sunrise":1690084530,"sunset":1690141339,"temp":{"day":16.32,"min":15.18,"max":19.2,"night":17.91,"eve":17.96,"morn":15.65},"feels_like":{"day":16.28,"night":18.18,"eve":18.24,"morn":15.2},"pressure":1008,"humidity":87,"weather":[{"id":501,"main":"Rain","description":"moderate rain","icon":"10d"}],"speed":8.67,"deg":216,"gust":15.77,"clouds":100,"pop":1,"rain":4.86},{"dt":1690196400,"sunrise":1690171010,"sunset":1690227662,"temp":{"day":19.56,"min":13.58,"max":20.64,"night":13.58,"eve":19.49,"morn":16.87},"feels_like":{"day":19.37,"night":13.32,"eve":19.37,"morn":17.09},"pressure":1005,"humidity":69,"weather":[{"id":501,"main":"Rain","description":"moderate rain","icon":"10d"}],"speed":7.32,"deg":258,"gust":12.41,"clouds":70,"pop":1,"rain":10.33},{"dt":1690282800,"sunrise":1690257492,"sunset":1690313984,"temp":{"day":19.6,"min":12.74,"max":19.6,"night":15.39,"eve":18.09,"morn":12.84},"feels_like":{"day":18.74,"night":14.45,"eve":17.23,"morn":12.43},"pressure":1010,"humidity":43,"weather":[{"id":500,"main":"Rain","description":"light rain","icon":"10d"}],"speed":5.65,"deg":323,"gust":6.29,"clouds":98,"pop":0.7,"rain":0.45},{"dt":1690369200,"sunrise":1690343974,"sunset":1690400303,"temp":{"day":21.29,"min":12.26,"max":22.32,"night":16.87,"eve":21.18,"morn":14.33},"feels_like":{"day":20.6,"night":16.23,"eve":20.63,"morn":13.75},"pressure":1013,"humidity":43,"weather":[{"id":500,"main":"Rain","description":"light rain","icon":"10d"}],"speed":5.32,"deg":247,"gust":8.34,"clouds":92,"pop":0.29,"rain":0.13}]}
--- ENF OF RECEIVED DATA ---

