________________________________________________
|             CALL API : START                |
________________________________________________

Informations : 
Called API: meteo - 17 August 2024, 20:10
Method: GETMETEO - Timeout : 300 - Cache : 1
URL CALLED : https://api.openweathermap.org/data/2.5/forecast/daily?q=Brussels,be&units=metric&cnt=4&appid=ea18c0706135505149200c3836f29800
-------------------------
________________________________________________
|             CALL API : START                |
________________________________________________

Informations : 
Called API: meteo - 17 August 2024, 20:10
Method: GETMETEO - Timeout : 300 - Cache : 1
URL CALLED : https://api.openweathermap.org/data/2.5/forecast/daily?q=Brussels,be&units=metric&cnt=4&appid=ea18c0706135505149200c3836f29800
-------------------------
{"city":{"id":2800866,"name":"Brussels","coord":{"lon":4.3488,"lat":50.8504},"country":"BE","population":1019022,"timezone":7200},"cod":"200","message":0.0607057,"cnt":4,"list":[{"dt":1723892400,"sunrise":1723869220,"sunset":1723921192,"temp":{"day":23.54,"min":17.81,"max":25.3,"night":21.01,"eve":22.68,"morn":17.81},"feels_like":{"day":23.59,"night":21.12,"eve":22.91,"morn":18.21},"pressure":1013,"humidity":63,"weather":[{"id":500,"main":"Rain","description":"light rain","icon":"10d"}],"speed":2.95,"deg":214,"gust":6.54,"clouds":60,"pop":0.57,"rain":0.46},{"dt":1723978800,"sunrise":1723955713,"sunset":1724007473,"temp":{"day":22.74,"min":15.84,"max":24.16,"night":15.84,"eve":21.04,"morn":16.67},"feels_like":{"day":22.43,"night":15.28,"eve":20.61,"morn":16.69},"pressure":1012,"humidity":52,"weather":[{"id":500,"main":"Rain","description":"light rain","icon":"10d"}],"speed":5.91,"deg":312,"gust":6.49,"clouds":95,"pop":1,"rain":4.29},{"dt":1724065200,"sunrise":1724042206,"sunset":1724093754,"temp":{"day":22.37,"min":13.25,"max":24.43,"night":18.3,"eve":23.47,"morn":13.25},"feels_like":{"day":21.99,"night":18.01,"eve":23.26,"morn":12.75},"pressure":1017,"humidity":51,"weather":[{"id":802,"main":"Clouds","description":"scattered clouds","icon":"03d"}],"speed":3.29,"deg":172,"gust":6.06,"clouds":47,"pop":0},{"dt":1724151600,"sunrise":1724128699,"sunset":1724180033,"temp":{"day":24.28,"min":15.39,"max":26.39,"night":16.14,"eve":18.49,"morn":15.39},"feels_like":{"day":24.04,"night":16.11,"eve":18.69,"morn":15.07},"pressure":1011,"humidity":49,"weather":[{"id":501,"main":"Rain","description":"moderate rain","icon":"10d"}],"speed":7.24,"deg":204,"gust":13.19,"clouds":37,"pop":1,"rain":5.69}]}
--- ENF OF RECEIVED DATA ---

{"city":{"id":2800866,"name":"Brussels","coord":{"lon":4.3488,"lat":50.8504},"country":"BE","population":1019022,"timezone":7200},"cod":"200","message":0.0607057,"cnt":4,"list":[{"dt":1723892400,"sunrise":1723869220,"sunset":1723921192,"temp":{"day":23.54,"min":17.81,"max":25.3,"night":21.01,"eve":22.68,"morn":17.81},"feels_like":{"day":23.59,"night":21.12,"eve":22.91,"morn":18.21},"pressure":1013,"humidity":63,"weather":[{"id":500,"main":"Rain","description":"light rain","icon":"10d"}],"speed":2.95,"deg":214,"gust":6.54,"clouds":60,"pop":0.57,"rain":0.46},{"dt":1723978800,"sunrise":1723955713,"sunset":1724007473,"temp":{"day":22.74,"min":15.84,"max":24.16,"night":15.84,"eve":21.04,"morn":16.67},"feels_like":{"day":22.43,"night":15.28,"eve":20.61,"morn":16.69},"pressure":1012,"humidity":52,"weather":[{"id":500,"main":"Rain","description":"light rain","icon":"10d"}],"speed":5.91,"deg":312,"gust":6.49,"clouds":95,"pop":1,"rain":4.29},{"dt":1724065200,"sunrise":1724042206,"sunset":1724093754,"temp":{"day":22.37,"min":13.25,"max":24.43,"night":18.3,"eve":23.47,"morn":13.25},"feels_like":{"day":21.99,"night":18.01,"eve":23.26,"morn":12.75},"pressure":1017,"humidity":51,"weather":[{"id":802,"main":"Clouds","description":"scattered clouds","icon":"03d"}],"speed":3.29,"deg":172,"gust":6.06,"clouds":47,"pop":0},{"dt":1724151600,"sunrise":1724128699,"sunset":1724180033,"temp":{"day":24.28,"min":15.39,"max":26.39,"night":16.14,"eve":18.49,"morn":15.39},"feels_like":{"day":24.04,"night":16.11,"eve":18.69,"morn":15.07},"pressure":1011,"humidity":49,"weather":[{"id":501,"main":"Rain","description":"moderate rain","icon":"10d"}],"speed":7.24,"deg":204,"gust":13.19,"clouds":37,"pop":1,"rain":5.69}]}
--- ENF OF RECEIVED DATA ---

