________________________________________________
|             CALL API : START                |
________________________________________________

Informations : 
Called API: meteo - 7 April 2023, 17:30
Method: GETMETEO - Timeout : 300 - Cache : 1
URL CALLED : https://rmipro.meteo.be/products/bx1/5373bc0393d004fc/web_forecast
-------------------------
________________________________________________
|             CALL API : START                |
________________________________________________

Informations : 
Called API: meteo - 7 April 2023, 17:30
Method: GETMETEO - Timeout : 300 - Cache : 1
URL CALLED : https://rmipro.meteo.be/products/bx1/5373bc0393d004fc/web_forecast
-------------------------
<?xml version='1.0' encoding='UTF-8'?>
<meteo>
  <generationDate>07/04/2023 14:58</generationDate>
  <forecast date="20230407" period="NIGHT">
    <titledate>07/04/23</titledate>
    <titleday>vendredi</titleday>
    <data>
      <city>Ostende</city>
      <tempMin>5 </tempMin>
      <weathertype>TNN3</weathertype>
    </data>
    <data>
      <city>Anvers</city>
      <tempMin>6 </tempMin>
      <weathertype>TNN24</weathertype>
    </data>
    <data>
      <city>Bruxelles</city>
      <tempMin>5 </tempMin>
      <weathertype>TNN24</weathertype>
    </data>
    <data>
      <city>Namur</city>
      <tempMin>3 </tempMin>
      <weathertype>TNN10</weathertype>
    </data>
    <data>
      <city>Liege</city>
      <tempMin>5 </tempMin>
      <weathertype>TNN24</weathertype>
    </data>
    <data>
      <city>Arlon</city>
      <tempMin>3 </tempMin>
      <weathertype>TNN24</weathertype>
    </data>
  </forecast>
  <forecast date="20230408" period="AM">
    <titledate>08/04/23</titledate>
    <titleday>samedi</titleday>
    <data>
      <city>Ostende</city>
      <tempMax>9 </tempMax>
      <weathertype>TJ11</weathertype>
    </data>
    <data>
      <city>Anvers</city>
      <tempMax>10 </tempMax>
      <weathertype>TJ10</weathertype>
    </data>
    <data>
      <city>Bruxelles</city>
      <tempMax>9 </tempMax>
      <weathertype>TJ10</weathertype>
    </data>
    <data>
      <city>Namur</city>
      <tempMax>8 </tempMax>
      <weathertype>TJ10</weathertype>
    </data>
    <data>
      <city>Liege</city>
      <tempMax>9 </tempMax>
      <weathertype>TJ10</weathertype>
    </data>
    <data>
      <city>Arlon</city>
      <tempMax>7 </tempMax>
      <weathertype>TJ10</weathertype>
    </data>
  </forecast>
  <forecast date="20230408" period="PM">
    <titledate>08/04/23</titledate>
    <titleday>samedi</titleday>
    <data>
      <city>Ostende</city>
      <tempMax>10 </tempMax>
      <weathertype>TJ2</weathertype>
    </data>
    <data>
      <city>Anvers</city>
      <tempMax>15 </tempMax>
      <weathertype>TJ2</weathertype>
    </data>
    <data>
      <city>Bruxelles</city>
      <tempMax>14 </tempMax>
      <weathertype>TJ3</weathertype>
    </data>
    <data>
      <city>Namur</city>
      <tempMax>12 </tempMax>
      <weathertype>TJ3</weathertype>
    </data>
    <data>
      <city>Liege</city>
      <tempMax>13 </tempMax>
      <weathertype>TJ2</weathertype>
    </data>
    <data>
      <city>Arlon</city>
      <tempMax>11 </tempMax>
      <weathertype>TJ3</weathertype>
    </data>
  </forecast>
  <forecast date="20230409" period="DAY">
    <titledate>09/04/23</titledate>
    <titleday>dimanche</titleday>
    <data>
      <city>Ostende</city>
      <tempMin>9 </tempMin>
      <tempMax>15 </tempMax>
      <weathertype>TJ3</weathertype>
    </data>
    <data>
      <city>Anvers</city>
      <tempMin>7 </tempMin>
      <tempMax>15 </tempMax>
      <weathertype>TJ3</weathertype>
    </data>
    <data>
      <city>Bruxelles</city>
      <tempMin>7 </tempMin>
      <tempMax>15 </tempMax>
      <weathertype>TJ3</weathertype>
    </data>
    <data>
      <city>Namur</city>
      <tempMin>4 </tempMin>
      <tempMax>14 </tempMax>
      <weathertype>TJ3</weathertype>
    </data>
    <data>
      <city>Liege</city>
      <tempMin>6 </tempMin>
      <tempMax>15 </tempMax>
      <weathertype>TJ3</weathertype>
    </data>
    <data>
      <city>Arlon</city>
      <tempMin>4 </tempMin>
      <tempMax>12 </tempMax>
      <weathertype>TJ3</weathertype>
    </data>
  </forecast>
  <forecast date="20230410" period="DAY">
    <titledate>10/04/23</titledate>
    <titleday>lundi</titleday>
    <data>
      <city>Ostende</city>
      <tempMin>8 </tempMin>
      <tempMax>13 </tempMax>
      <weathertype>TJ10</weathertype>
    </data>
    <data>
      <city>Anvers</city>
      <tempMin>7 </tempMin>
      <tempMax>15 </tempMax>
      <weathertype>TJ3</weathertype>
    </data>
    <data>
      <city>Bruxelles</city>
      <tempMin>7 </tempMin>
      <tempMax>15 </tempMax>
      <weathertype>TJ3</weathertype>
    </data>
    <data>
      <city>Namur</city>
      <tempMin>4 </tempMin>
      <tempMax>13 </tempMax>
      <weathertype>TJ3</weathertype>
    </data>
    <data>
      <city>Liege</city>
      <tempMin>6 </tempMin>
      <tempMax>15 </tempMax>
      <weathertype>TJ3</weathertype>
    </data>
    <data>
      <city>Arlon</city>
      <tempMin>4 </tempMin>
      <tempMax>13 </tempMax>
      <weathertype>TJ3</weathertype>
    </data>
  </forecast>
  <forecast date="20230411" period="DAY">
    <titledate>11/04/23</titledate>
    <titleday>mardi</titleday>
    <data>
      <city>Ostende</city>
      <tempMin>8 </tempMin>
      <tempMax>12 </tempMax>
      <weathertype>TJ3</weathertype>
    </data>
    <data>
      <city>Anvers</city>
      <tempMin>6 </tempMin>
      <tempMax>12 </tempMax>
      <weathertype>TJ11</weathertype>
    </data>
    <data>
      <city>Bruxelles</city>
      <tempMin>6 </tempMin>
      <tempMax>12 </tempMax>
      <weathertype>TJ11</weathertype>
    </data>
    <data>
      <city>Namur</city>
      <tempMin>5 </tempMin>
      <tempMax>10 </tempMax>
      <weathertype>TJ6</weathertype>
    </data>
    <data>
      <city>Liege</city>
      <tempMin>6 </tempMin>
      <tempMax>12 </tempMax>
      <weathertype>TJ6</weathertype>
    </data>
    <data>
      <city>Arlon</city>
      <tempMin>5 </tempMin>
      <tempMax>10 </tempMax>
      <weathertype>TJ6</weathertype>
    </data>
  </forecast>
  <forecast_foreign date="20230407" period="DAY">
    <titledate>07/04/23</titledate>
    <titleday>vendredi</titleday>
    <data>
      <city>Paris</city>
      <temp>10 </temp>
      <weathertype>TJ1</weathertype>
    </data>
    <data>
      <city>Londres</city>
      <temp>8 </temp>
      <weathertype>TJ1</weathertype>
    </data>
    <data>
      <city>Amsterdam</city>
      <temp>8 </temp>
      <weathertype>TJ4</weathertype>
    </data>
  </forecast_foreign>
  <forecast_foreign date="20230408" period="DAY">
    <titledate>08/04/23</titledate>
    <titleday>samedi</titleday>
    <data>
      <city>Paris</city>
      <temp>8 </temp>
      <weathertype>TJ1</weathertype>
    </data>
    <data>
      <city>Londres</city>
      <temp>7 </temp>
      <weathertype>TJ4</weathertype>
    </data>
    <data>
      <city>Amsterdam</city>
      <temp>6 </temp>
      <weathertype>TJ2</weathertype>
    </data>
  </forecast_foreign>
  <Ephemerides>
    <Ephemeride>
      <titledate>07/04/23</titledate>
      <titleday>vendredi</titleday>
      <data>
        <sunRise>07:05</sunRise>
        <sunSet>20:25</sunSet>
        <gain>5 </gain>
      </data>
    </Ephemeride>
    <Ephemeride>
      <titledate>08/04/23</titledate>
      <titleday>samedi</titleday>
      <data>
        <sunRise>07:03</sunRise>
        <sunSet>20:27</sunSet>
        <gain>4 </gain>
      </data>
    </Ephemeride>
    <Ephemeride>
      <titledate>09/04/23</titledate>
      <titleday>dimanche</titleday>
      <data>
        <sunRise>07:01</sunRise>
        <sunSet>20:28</sunSet>
        <gain>3 </gain>
      </data>
    </Ephemeride>
    <Ephemeride>
      <titledate>10/04/23</titledate>
      <titleday>lundi</titleday>
      <data>
        <sunRise>06:59</sunRise>
        <sunSet>20:30</sunSet>
        <gain>4 </gain>
      </data>
    </Ephemeride>
  </Ephemerides>
  <indices>
    <indice>
      <titledate>07/04/23</titledate>
      <titleday>vendredi</titleday>
      <data>
        <value>4</value>
        <evaluation>assez bonne</evaluation>
      </data>
    </indice>
    <indice>
      <titledate>08/04/23</titledate>
      <titleday>samedi</titleday>
      <data>
        <value>5</value>
        <evaluation>moyenne</evaluation>
      </data>
    </indice>
    <indice>
      <titledate>09/04/23</titledate>
      <titleday>dimanche</titleday>
      <data>
        <value>6</value>
        <evaluation>médiocre</evaluation>
      </data>
    </indice>
  </indices>
</meteo>

--- ENF OF RECEIVED DATA ---

<?xml version='1.0' encoding='UTF-8'?>
<meteo>
  <generationDate>07/04/2023 14:58</generationDate>
  <forecast date="20230407" period="NIGHT">
    <titledate>07/04/23</titledate>
    <titleday>vendredi</titleday>
    <data>
      <city>Ostende</city>
      <tempMin>5 </tempMin>
      <weathertype>TNN3</weathertype>
    </data>
    <data>
      <city>Anvers</city>
      <tempMin>6 </tempMin>
      <weathertype>TNN24</weathertype>
    </data>
    <data>
      <city>Bruxelles</city>
      <tempMin>5 </tempMin>
      <weathertype>TNN24</weathertype>
    </data>
    <data>
      <city>Namur</city>
      <tempMin>3 </tempMin>
      <weathertype>TNN10</weathertype>
    </data>
    <data>
      <city>Liege</city>
      <tempMin>5 </tempMin>
      <weathertype>TNN24</weathertype>
    </data>
    <data>
      <city>Arlon</city>
      <tempMin>3 </tempMin>
      <weathertype>TNN24</weathertype>
    </data>
  </forecast>
  <forecast date="20230408" period="AM">
    <titledate>08/04/23</titledate>
    <titleday>samedi</titleday>
    <data>
      <city>Ostende</city>
      <tempMax>9 </tempMax>
      <weathertype>TJ11</weathertype>
    </data>
    <data>
      <city>Anvers</city>
      <tempMax>10 </tempMax>
      <weathertype>TJ10</weathertype>
    </data>
    <data>
      <city>Bruxelles</city>
      <tempMax>9 </tempMax>
      <weathertype>TJ10</weathertype>
    </data>
    <data>
      <city>Namur</city>
      <tempMax>8 </tempMax>
      <weathertype>TJ10</weathertype>
    </data>
    <data>
      <city>Liege</city>
      <tempMax>9 </tempMax>
      <weathertype>TJ10</weathertype>
    </data>
    <data>
      <city>Arlon</city>
      <tempMax>7 </tempMax>
      <weathertype>TJ10</weathertype>
    </data>
  </forecast>
  <forecast date="20230408" period="PM">
    <titledate>08/04/23</titledate>
    <titleday>samedi</titleday>
    <data>
      <city>Ostende</city>
      <tempMax>10 </tempMax>
      <weathertype>TJ2</weathertype>
    </data>
    <data>
      <city>Anvers</city>
      <tempMax>15 </tempMax>
      <weathertype>TJ2</weathertype>
    </data>
    <data>
      <city>Bruxelles</city>
      <tempMax>14 </tempMax>
      <weathertype>TJ3</weathertype>
    </data>
    <data>
      <city>Namur</city>
      <tempMax>12 </tempMax>
      <weathertype>TJ3</weathertype>
    </data>
    <data>
      <city>Liege</city>
      <tempMax>13 </tempMax>
      <weathertype>TJ2</weathertype>
    </data>
    <data>
      <city>Arlon</city>
      <tempMax>11 </tempMax>
      <weathertype>TJ3</weathertype>
    </data>
  </forecast>
  <forecast date="20230409" period="DAY">
    <titledate>09/04/23</titledate>
    <titleday>dimanche</titleday>
    <data>
      <city>Ostende</city>
      <tempMin>9 </tempMin>
      <tempMax>15 </tempMax>
      <weathertype>TJ3</weathertype>
    </data>
    <data>
      <city>Anvers</city>
      <tempMin>7 </tempMin>
      <tempMax>15 </tempMax>
      <weathertype>TJ3</weathertype>
    </data>
    <data>
      <city>Bruxelles</city>
      <tempMin>7 </tempMin>
      <tempMax>15 </tempMax>
      <weathertype>TJ3</weathertype>
    </data>
    <data>
      <city>Namur</city>
      <tempMin>4 </tempMin>
      <tempMax>14 </tempMax>
      <weathertype>TJ3</weathertype>
    </data>
    <data>
      <city>Liege</city>
      <tempMin>6 </tempMin>
      <tempMax>15 </tempMax>
      <weathertype>TJ3</weathertype>
    </data>
    <data>
      <city>Arlon</city>
      <tempMin>4 </tempMin>
      <tempMax>12 </tempMax>
      <weathertype>TJ3</weathertype>
    </data>
  </forecast>
  <forecast date="20230410" period="DAY">
    <titledate>10/04/23</titledate>
    <titleday>lundi</titleday>
    <data>
      <city>Ostende</city>
      <tempMin>8 </tempMin>
      <tempMax>13 </tempMax>
      <weathertype>TJ10</weathertype>
    </data>
    <data>
      <city>Anvers</city>
      <tempMin>7 </tempMin>
      <tempMax>15 </tempMax>
      <weathertype>TJ3</weathertype>
    </data>
    <data>
      <city>Bruxelles</city>
      <tempMin>7 </tempMin>
      <tempMax>15 </tempMax>
      <weathertype>TJ3</weathertype>
    </data>
    <data>
      <city>Namur</city>
      <tempMin>4 </tempMin>
      <tempMax>13 </tempMax>
      <weathertype>TJ3</weathertype>
    </data>
    <data>
      <city>Liege</city>
      <tempMin>6 </tempMin>
      <tempMax>15 </tempMax>
      <weathertype>TJ3</weathertype>
    </data>
    <data>
      <city>Arlon</city>
      <tempMin>4 </tempMin>
      <tempMax>13 </tempMax>
      <weathertype>TJ3</weathertype>
    </data>
  </forecast>
  <forecast date="20230411" period="DAY">
    <titledate>11/04/23</titledate>
    <titleday>mardi</titleday>
    <data>
      <city>Ostende</city>
      <tempMin>8 </tempMin>
      <tempMax>12 </tempMax>
      <weathertype>TJ3</weathertype>
    </data>
    <data>
      <city>Anvers</city>
      <tempMin>6 </tempMin>
      <tempMax>12 </tempMax>
      <weathertype>TJ11</weathertype>
    </data>
    <data>
      <city>Bruxelles</city>
      <tempMin>6 </tempMin>
      <tempMax>12 </tempMax>
      <weathertype>TJ11</weathertype>
    </data>
    <data>
      <city>Namur</city>
      <tempMin>5 </tempMin>
      <tempMax>10 </tempMax>
      <weathertype>TJ6</weathertype>
    </data>
    <data>
      <city>Liege</city>
      <tempMin>6 </tempMin>
      <tempMax>12 </tempMax>
      <weathertype>TJ6</weathertype>
    </data>
    <data>
      <city>Arlon</city>
      <tempMin>5 </tempMin>
      <tempMax>10 </tempMax>
      <weathertype>TJ6</weathertype>
    </data>
  </forecast>
  <forecast_foreign date="20230407" period="DAY">
    <titledate>07/04/23</titledate>
    <titleday>vendredi</titleday>
    <data>
      <city>Paris</city>
      <temp>10 </temp>
      <weathertype>TJ1</weathertype>
    </data>
    <data>
      <city>Londres</city>
      <temp>8 </temp>
      <weathertype>TJ1</weathertype>
    </data>
    <data>
      <city>Amsterdam</city>
      <temp>8 </temp>
      <weathertype>TJ4</weathertype>
    </data>
  </forecast_foreign>
  <forecast_foreign date="20230408" period="DAY">
    <titledate>08/04/23</titledate>
    <titleday>samedi</titleday>
    <data>
      <city>Paris</city>
      <temp>8 </temp>
      <weathertype>TJ1</weathertype>
    </data>
    <data>
      <city>Londres</city>
      <temp>7 </temp>
      <weathertype>TJ4</weathertype>
    </data>
    <data>
      <city>Amsterdam</city>
      <temp>6 </temp>
      <weathertype>TJ2</weathertype>
    </data>
  </forecast_foreign>
  <Ephemerides>
    <Ephemeride>
      <titledate>07/04/23</titledate>
      <titleday>vendredi</titleday>
      <data>
        <sunRise>07:05</sunRise>
        <sunSet>20:25</sunSet>
        <gain>5 </gain>
      </data>
    </Ephemeride>
    <Ephemeride>
      <titledate>08/04/23</titledate>
      <titleday>samedi</titleday>
      <data>
        <sunRise>07:03</sunRise>
        <sunSet>20:27</sunSet>
        <gain>4 </gain>
      </data>
    </Ephemeride>
    <Ephemeride>
      <titledate>09/04/23</titledate>
      <titleday>dimanche</titleday>
      <data>
        <sunRise>07:01</sunRise>
        <sunSet>20:28</sunSet>
        <gain>3 </gain>
      </data>
    </Ephemeride>
    <Ephemeride>
      <titledate>10/04/23</titledate>
      <titleday>lundi</titleday>
      <data>
        <sunRise>06:59</sunRise>
        <sunSet>20:30</sunSet>
        <gain>4 </gain>
      </data>
    </Ephemeride>
  </Ephemerides>
  <indices>
    <indice>
      <titledate>07/04/23</titledate>
      <titleday>vendredi</titleday>
      <data>
        <value>4</value>
        <evaluation>assez bonne</evaluation>
      </data>
    </indice>
    <indice>
      <titledate>08/04/23</titledate>
      <titleday>samedi</titleday>
      <data>
        <value>5</value>
        <evaluation>moyenne</evaluation>
      </data>
    </indice>
    <indice>
      <titledate>09/04/23</titledate>
      <titleday>dimanche</titleday>
      <data>
        <value>6</value>
        <evaluation>médiocre</evaluation>
      </data>
    </indice>
  </indices>
</meteo>

--- ENF OF RECEIVED DATA ---

