________________________________________________
|             CALL API : START                |
________________________________________________

Informations : 
Called API: meteo - 7 April 2025, 10:50
Method: GETMETEO - Timeout : 300 - Cache : 1
URL CALLED : https://api.openweathermap.org/data/2.5/forecast/daily?q=Brussels,be&units=metric&cnt=4&appid=ea18c0706135505149200c3836f29800
-------------------------
________________________________________________
|             CALL API : START                |
________________________________________________

Informations : 
Called API: meteo - 7 April 2025, 10:50
Method: GETMETEO - Timeout : 300 - Cache : 1
URL CALLED : https://api.openweathermap.org/data/2.5/forecast/daily?q=Brussels,be&units=metric&cnt=4&appid=ea18c0706135505149200c3836f29800
-------------------------
{"city":{"id":2800866,"name":"Brussels","coord":{"lon":4.3488,"lat":50.8504},"country":"BE","population":1019022,"timezone":7200},"cod":"200","message":0.0483724,"cnt":4,"list":[{"dt":1744023600,"sunrise":1744002299,"sunset":1744050242,"temp":{"day":10.28,"min":1.77,"max":14.9,"night":7.66,"eve":13.51,"morn":3.28},"feels_like":{"day":8.51,"night":5.41,"eve":12.01,"morn":0.54},"pressure":1026,"humidity":44,"weather":[{"id":801,"main":"Clouds","description":"few clouds","icon":"02d"}],"speed":4.75,"deg":71,"gust":7.75,"clouds":18,"pop":0},{"dt":1744110000,"sunrise":1744088568,"sunset":1744136739,"temp":{"day":14.27,"min":4.38,"max":16.3,"night":9.53,"eve":15.71,"morn":4.38},"feels_like":{"day":12.85,"night":7.69,"eve":14.49,"morn":2.45},"pressure":1027,"humidity":42,"weather":[{"id":802,"main":"Clouds","description":"scattered clouds","icon":"03d"}],"speed":3.57,"deg":73,"gust":8.32,"clouds":39,"pop":0},{"dt":1744196400,"sunrise":1744174837,"sunset":1744223236,"temp":{"day":13.54,"min":5.14,"max":16.07,"night":9.01,"eve":14.75,"morn":5.14},"feels_like":{"day":12.2,"night":6.97,"eve":13.48,"morn":2.83},"pressure":1026,"humidity":48,"weather":[{"id":803,"main":"Clouds","description":"broken clouds","icon":"04d"}],"speed":4.86,"deg":30,"gust":8.79,"clouds":71,"pop":0},{"dt":1744282800,"sunrise":1744261107,"sunset":1744309733,"temp":{"day":15.5,"min":4.79,"max":15.55,"night":8.09,"eve":11.52,"morn":4.79},"feels_like":{"day":14.38,"night":6.64,"eve":10.35,"morn":3.8},"pressure":1028,"humidity":49,"weather":[{"id":803,"main":"Clouds","description":"broken clouds","icon":"04d"}],"speed":4.78,"deg":337,"gust":7.23,"clouds":80,"pop":0}]}
--- ENF OF RECEIVED DATA ---

{"city":{"id":2800866,"name":"Brussels","coord":{"lon":4.3488,"lat":50.8504},"country":"BE","population":1019022,"timezone":7200},"cod":"200","message":0.0483724,"cnt":4,"list":[{"dt":1744023600,"sunrise":1744002299,"sunset":1744050242,"temp":{"day":10.28,"min":1.77,"max":14.9,"night":7.66,"eve":13.51,"morn":3.28},"feels_like":{"day":8.51,"night":5.41,"eve":12.01,"morn":0.54},"pressure":1026,"humidity":44,"weather":[{"id":801,"main":"Clouds","description":"few clouds","icon":"02d"}],"speed":4.75,"deg":71,"gust":7.75,"clouds":18,"pop":0},{"dt":1744110000,"sunrise":1744088568,"sunset":1744136739,"temp":{"day":14.27,"min":4.38,"max":16.3,"night":9.53,"eve":15.71,"morn":4.38},"feels_like":{"day":12.85,"night":7.69,"eve":14.49,"morn":2.45},"pressure":1027,"humidity":42,"weather":[{"id":802,"main":"Clouds","description":"scattered clouds","icon":"03d"}],"speed":3.57,"deg":73,"gust":8.32,"clouds":39,"pop":0},{"dt":1744196400,"sunrise":1744174837,"sunset":1744223236,"temp":{"day":13.54,"min":5.14,"max":16.07,"night":9.01,"eve":14.75,"morn":5.14},"feels_like":{"day":12.2,"night":6.97,"eve":13.48,"morn":2.83},"pressure":1026,"humidity":48,"weather":[{"id":803,"main":"Clouds","description":"broken clouds","icon":"04d"}],"speed":4.86,"deg":30,"gust":8.79,"clouds":71,"pop":0},{"dt":1744282800,"sunrise":1744261107,"sunset":1744309733,"temp":{"day":15.5,"min":4.79,"max":15.55,"night":8.09,"eve":11.52,"morn":4.79},"feels_like":{"day":14.38,"night":6.64,"eve":10.35,"morn":3.8},"pressure":1028,"humidity":49,"weather":[{"id":803,"main":"Clouds","description":"broken clouds","icon":"04d"}],"speed":4.78,"deg":337,"gust":7.23,"clouds":80,"pop":0}]}
--- ENF OF RECEIVED DATA ---

