________________________________________________
|             CALL API : START                |
________________________________________________

Informations : 
Called API: meteo - 1 October 2024, 13:40
Method: GETMETEO - Timeout : 300 - Cache : 1
URL CALLED : https://api.openweathermap.org/data/2.5/forecast/daily?q=Brussels,be&units=metric&cnt=4&appid=ea18c0706135505149200c3836f29800
-------------------------
________________________________________________
|             CALL API : START                |
________________________________________________

Informations : 
Called API: meteo - 1 October 2024, 13:40
Method: GETMETEO - Timeout : 300 - Cache : 1
URL CALLED : https://api.openweathermap.org/data/2.5/forecast/daily?q=Brussels,be&units=metric&cnt=4&appid=ea18c0706135505149200c3836f29800
-------------------------
{"city":{"id":2800866,"name":"Brussels","coord":{"lon":4.3488,"lat":50.8504},"country":"BE","population":1019022,"timezone":7200},"cod":"200","message":4.491029,"cnt":4,"list":[{"dt":1727780400,"sunrise":1727761397,"sunset":1727803253,"temp":{"day":15.19,"min":10.62,"max":15.68,"night":10.68,"eve":13.46,"morn":12.56},"feels_like":{"day":14.78,"night":10.05,"eve":12.95,"morn":12.09},"pressure":1007,"humidity":77,"weather":[{"id":500,"main":"Rain","description":"light rain","icon":"10d"}],"speed":9.23,"deg":230,"gust":15.53,"clouds":80,"pop":1,"rain":1.34},{"dt":1727866800,"sunrise":1727847892,"sunset":1727889519,"temp":{"day":15.69,"min":9.37,"max":16.09,"night":10.61,"eve":12.03,"morn":10.39},"feels_like":{"day":15.01,"night":9.92,"eve":11.48,"morn":9.78},"pressure":1011,"humidity":65,"weather":[{"id":500,"main":"Rain","description":"light rain","icon":"10d"}],"speed":5.58,"deg":39,"gust":9.86,"clouds":5,"pop":0.57,"rain":0.69},{"dt":1727953200,"sunrise":1727934387,"sunset":1727975785,"temp":{"day":13.68,"min":7.55,"max":13.68,"night":10.93,"eve":12.34,"morn":7.55},"feels_like":{"day":12.64,"night":10.04,"eve":11.07,"morn":4.89},"pressure":1019,"humidity":59,"weather":[{"id":801,"main":"Clouds","description":"few clouds","icon":"02d"}],"speed":6.05,"deg":46,"gust":11.86,"clouds":16,"pop":0},{"dt":1728039600,"sunrise":1728020883,"sunset":1728062051,"temp":{"day":14.48,"min":7.48,"max":15.56,"night":13.33,"eve":14.38,"morn":7.86},"feels_like":{"day":13.63,"night":12.08,"eve":13.18,"morn":5.88},"pressure":1021,"humidity":63,"weather":[{"id":802,"main":"Clouds","description":"scattered clouds","icon":"03d"}],"speed":5.05,"deg":61,"gust":8.03,"clouds":25,"pop":0}]}
--- ENF OF RECEIVED DATA ---

{"city":{"id":2800866,"name":"Brussels","coord":{"lon":4.3488,"lat":50.8504},"country":"BE","population":1019022,"timezone":7200},"cod":"200","message":4.491029,"cnt":4,"list":[{"dt":1727780400,"sunrise":1727761397,"sunset":1727803253,"temp":{"day":15.19,"min":10.62,"max":15.68,"night":10.68,"eve":13.46,"morn":12.56},"feels_like":{"day":14.78,"night":10.05,"eve":12.95,"morn":12.09},"pressure":1007,"humidity":77,"weather":[{"id":500,"main":"Rain","description":"light rain","icon":"10d"}],"speed":9.23,"deg":230,"gust":15.53,"clouds":80,"pop":1,"rain":1.34},{"dt":1727866800,"sunrise":1727847892,"sunset":1727889519,"temp":{"day":15.69,"min":9.37,"max":16.09,"night":10.61,"eve":12.03,"morn":10.39},"feels_like":{"day":15.01,"night":9.92,"eve":11.48,"morn":9.78},"pressure":1011,"humidity":65,"weather":[{"id":500,"main":"Rain","description":"light rain","icon":"10d"}],"speed":5.58,"deg":39,"gust":9.86,"clouds":5,"pop":0.57,"rain":0.69},{"dt":1727953200,"sunrise":1727934387,"sunset":1727975785,"temp":{"day":13.68,"min":7.55,"max":13.68,"night":10.93,"eve":12.34,"morn":7.55},"feels_like":{"day":12.64,"night":10.04,"eve":11.07,"morn":4.89},"pressure":1019,"humidity":59,"weather":[{"id":801,"main":"Clouds","description":"few clouds","icon":"02d"}],"speed":6.05,"deg":46,"gust":11.86,"clouds":16,"pop":0},{"dt":1728039600,"sunrise":1728020883,"sunset":1728062051,"temp":{"day":14.48,"min":7.48,"max":15.56,"night":13.33,"eve":14.38,"morn":7.86},"feels_like":{"day":13.63,"night":12.08,"eve":13.18,"morn":5.88},"pressure":1021,"humidity":63,"weather":[{"id":802,"main":"Clouds","description":"scattered clouds","icon":"03d"}],"speed":5.05,"deg":61,"gust":8.03,"clouds":25,"pop":0}]}
--- ENF OF RECEIVED DATA ---

