________________________________________________
|             CALL API : START                |
________________________________________________

Informations : 
Called API: meteo - 12 May 2023, 12:50
Method: GETMETEO - Timeout : 300 - Cache : 1
URL CALLED : https://api.openweathermap.org/data/2.5/forecast/daily?q=Brussels,be&units=metric&cnt=4&appid=ea18c0706135505149200c3836f29800
-------------------------
________________________________________________
|             CALL API : START                |
________________________________________________

Informations : 
Called API: meteo - 12 May 2023, 12:50
Method: GETMETEO - Timeout : 300 - Cache : 1
URL CALLED : https://api.openweathermap.org/data/2.5/forecast/daily?q=Brussels,be&units=metric&cnt=4&appid=ea18c0706135505149200c3836f29800
-------------------------
{"city":{"id":2800866,"name":"Brussels","coord":{"lon":4.3488,"lat":50.8504},"country":"BE","population":1019022,"timezone":7200},"cod":"200","message":7.913853,"cnt":4,"list":[{"dt":1683889200,"sunrise":1683863912,"sunset":1683919170,"temp":{"day":13.89,"min":10.92,"max":17.19,"night":12.22,"eve":16.56,"morn":11.17},"feels_like":{"day":13.79,"night":11.9,"eve":16.28,"morn":10.9},"pressure":1016,"humidity":94,"weather":[{"id":501,"main":"Rain","description":"moderate rain","icon":"10d"}],"speed":5.58,"deg":91,"gust":10.5,"clouds":75,"pop":1,"rain":12.26},{"dt":1683975600,"sunrise":1683950220,"sunset":1684005661,"temp":{"day":19.32,"min":9.67,"max":20.54,"night":12.19,"eve":17.57,"morn":10.26},"feels_like":{"day":18.93,"night":11.68,"eve":17.18,"morn":9.82},"pressure":1020,"humidity":62,"weather":[{"id":500,"main":"Rain","description":"light rain","icon":"10d"}],"speed":5.64,"deg":44,"gust":10.04,"clouds":7,"pop":0.82,"rain":2.16},{"dt":1684062000,"sunrise":1684036531,"sunset":1684092151,"temp":{"day":18.55,"min":9.22,"max":19.73,"night":12.49,"eve":16.99,"morn":9.76},"feels_like":{"day":18.05,"night":12.09,"eve":16.62,"morn":8.57},"pressure":1017,"humidity":61,"weather":[{"id":500,"main":"Rain","description":"light rain","icon":"10d"}],"speed":4.45,"deg":350,"gust":7.19,"clouds":10,"pop":0.48,"rain":0.22},{"dt":1684148400,"sunrise":1684122843,"sunset":1684178641,"temp":{"day":18.64,"min":10.85,"max":18.64,"night":12.85,"eve":15.12,"morn":12.49},"feels_like":{"day":18.13,"night":12.59,"eve":14.83,"morn":12.09},"pressure":1009,"humidity":60,"weather":[{"id":500,"main":"Rain","description":"light rain","icon":"10d"}],"speed":4.21,"deg":347,"gust":7.97,"clouds":81,"pop":0.84,"rain":4.82}]}
--- ENF OF RECEIVED DATA ---

{"city":{"id":2800866,"name":"Brussels","coord":{"lon":4.3488,"lat":50.8504},"country":"BE","population":1019022,"timezone":7200},"cod":"200","message":7.913853,"cnt":4,"list":[{"dt":1683889200,"sunrise":1683863912,"sunset":1683919170,"temp":{"day":13.89,"min":10.92,"max":17.19,"night":12.22,"eve":16.56,"morn":11.17},"feels_like":{"day":13.79,"night":11.9,"eve":16.28,"morn":10.9},"pressure":1016,"humidity":94,"weather":[{"id":501,"main":"Rain","description":"moderate rain","icon":"10d"}],"speed":5.58,"deg":91,"gust":10.5,"clouds":75,"pop":1,"rain":12.26},{"dt":1683975600,"sunrise":1683950220,"sunset":1684005661,"temp":{"day":19.32,"min":9.67,"max":20.54,"night":12.19,"eve":17.57,"morn":10.26},"feels_like":{"day":18.93,"night":11.68,"eve":17.18,"morn":9.82},"pressure":1020,"humidity":62,"weather":[{"id":500,"main":"Rain","description":"light rain","icon":"10d"}],"speed":5.64,"deg":44,"gust":10.04,"clouds":7,"pop":0.82,"rain":2.16},{"dt":1684062000,"sunrise":1684036531,"sunset":1684092151,"temp":{"day":18.55,"min":9.22,"max":19.73,"night":12.49,"eve":16.99,"morn":9.76},"feels_like":{"day":18.05,"night":12.09,"eve":16.62,"morn":8.57},"pressure":1017,"humidity":61,"weather":[{"id":500,"main":"Rain","description":"light rain","icon":"10d"}],"speed":4.45,"deg":350,"gust":7.19,"clouds":10,"pop":0.48,"rain":0.22},{"dt":1684148400,"sunrise":1684122843,"sunset":1684178641,"temp":{"day":18.64,"min":10.85,"max":18.64,"night":12.85,"eve":15.12,"morn":12.49},"feels_like":{"day":18.13,"night":12.59,"eve":14.83,"morn":12.09},"pressure":1009,"humidity":60,"weather":[{"id":500,"main":"Rain","description":"light rain","icon":"10d"}],"speed":4.21,"deg":347,"gust":7.97,"clouds":81,"pop":0.84,"rain":4.82}]}
--- ENF OF RECEIVED DATA ---

