________________________________________________
|             CALL API : START                |
________________________________________________

Informations : 
Called API: meteo - 23 March 2025, 01:00
Method: GETMETEO - Timeout : 300 - Cache : 1
URL CALLED : https://api.openweathermap.org/data/2.5/forecast/daily?q=Brussels,be&units=metric&cnt=4&appid=ea18c0706135505149200c3836f29800
-------------------------
________________________________________________
|             CALL API : START                |
________________________________________________

Informations : 
Called API: meteo - 23 March 2025, 01:00
Method: GETMETEO - Timeout : 300 - Cache : 1
URL CALLED : https://api.openweathermap.org/data/2.5/forecast/daily?q=Brussels,be&units=metric&cnt=4&appid=ea18c0706135505149200c3836f29800
-------------------------
{"city":{"id":2800866,"name":"Brussels","coord":{"lon":4.3488,"lat":50.8504},"country":"BE","population":1019022,"timezone":3600},"cod":"200","message":0.0251075,"cnt":4,"list":[{"dt":1742727600,"sunrise":1742708309,"sunset":1742752784,"temp":{"day":14.69,"min":8.46,"max":15.36,"night":9.31,"eve":13.5,"morn":9.01},"feels_like":{"day":13.76,"night":8.32,"eve":12.66,"morn":6.83},"pressure":1004,"humidity":59,"weather":[{"id":803,"main":"Clouds","description":"broken clouds","icon":"04d"}],"speed":5.46,"deg":199,"gust":10.27,"clouds":82,"pop":0.62},{"dt":1742814000,"sunrise":1742794574,"sunset":1742839281,"temp":{"day":10.19,"min":7.05,"max":13.3,"night":8.63,"eve":10.15,"morn":7.05},"feels_like":{"day":9.48,"night":6.94,"eve":9.34,"morn":5.93},"pressure":1015,"humidity":85,"weather":[{"id":804,"main":"Clouds","description":"overcast clouds","icon":"04d"}],"speed":4.56,"deg":319,"gust":6.06,"clouds":88,"pop":0},{"dt":1742900400,"sunrise":1742880838,"sunset":1742925779,"temp":{"day":12.2,"min":6.77,"max":14.27,"night":9.57,"eve":12.71,"morn":7.81},"feels_like":{"day":11.09,"night":8.06,"eve":11.76,"morn":6.29},"pressure":1021,"humidity":62,"weather":[{"id":500,"main":"Rain","description":"light rain","icon":"10d"}],"speed":4.27,"deg":314,"gust":5.54,"clouds":99,"pop":0.34,"rain":0.1},{"dt":1742986800,"sunrise":1742967103,"sunset":1743012276,"temp":{"day":12.83,"min":5.94,"max":14.59,"night":8.43,"eve":11.02,"morn":5.94},"feels_like":{"day":11.47,"night":7.6,"eve":9.8,"morn":3.61},"pressure":1024,"humidity":50,"weather":[{"id":803,"main":"Clouds","description":"broken clouds","icon":"04d"}],"speed":3.78,"deg":39,"gust":6.49,"clouds":79,"pop":0.25}]}
--- ENF OF RECEIVED DATA ---

{"city":{"id":2800866,"name":"Brussels","coord":{"lon":4.3488,"lat":50.8504},"country":"BE","population":1019022,"timezone":3600},"cod":"200","message":0.0251075,"cnt":4,"list":[{"dt":1742727600,"sunrise":1742708309,"sunset":1742752784,"temp":{"day":14.69,"min":8.46,"max":15.36,"night":9.31,"eve":13.5,"morn":9.01},"feels_like":{"day":13.76,"night":8.32,"eve":12.66,"morn":6.83},"pressure":1004,"humidity":59,"weather":[{"id":803,"main":"Clouds","description":"broken clouds","icon":"04d"}],"speed":5.46,"deg":199,"gust":10.27,"clouds":82,"pop":0.62},{"dt":1742814000,"sunrise":1742794574,"sunset":1742839281,"temp":{"day":10.19,"min":7.05,"max":13.3,"night":8.63,"eve":10.15,"morn":7.05},"feels_like":{"day":9.48,"night":6.94,"eve":9.34,"morn":5.93},"pressure":1015,"humidity":85,"weather":[{"id":804,"main":"Clouds","description":"overcast clouds","icon":"04d"}],"speed":4.56,"deg":319,"gust":6.06,"clouds":88,"pop":0},{"dt":1742900400,"sunrise":1742880838,"sunset":1742925779,"temp":{"day":12.2,"min":6.77,"max":14.27,"night":9.57,"eve":12.71,"morn":7.81},"feels_like":{"day":11.09,"night":8.06,"eve":11.76,"morn":6.29},"pressure":1021,"humidity":62,"weather":[{"id":500,"main":"Rain","description":"light rain","icon":"10d"}],"speed":4.27,"deg":314,"gust":5.54,"clouds":99,"pop":0.34,"rain":0.1},{"dt":1742986800,"sunrise":1742967103,"sunset":1743012276,"temp":{"day":12.83,"min":5.94,"max":14.59,"night":8.43,"eve":11.02,"morn":5.94},"feels_like":{"day":11.47,"night":7.6,"eve":9.8,"morn":3.61},"pressure":1024,"humidity":50,"weather":[{"id":803,"main":"Clouds","description":"broken clouds","icon":"04d"}],"speed":3.78,"deg":39,"gust":6.49,"clouds":79,"pop":0.25}]}
--- ENF OF RECEIVED DATA ---

