________________________________________________
|             CALL API : START                |
________________________________________________

Informations : 
Called API: meteo - 14 September 2023, 23:10
Method: GETMETEO - Timeout : 300 - Cache : 1
URL CALLED : https://api.openweathermap.org/data/2.5/forecast/daily?q=Brussels,be&units=metric&cnt=4&appid=ea18c0706135505149200c3836f29800
-------------------------
________________________________________________
|             CALL API : START                |
________________________________________________

Informations : 
Called API: meteo - 14 September 2023, 23:10
Method: GETMETEO - Timeout : 300 - Cache : 1
URL CALLED : https://api.openweathermap.org/data/2.5/forecast/daily?q=Brussels,be&units=metric&cnt=4&appid=ea18c0706135505149200c3836f29800
-------------------------
{"city":{"id":2800866,"name":"Brussels","coord":{"lon":4.3488,"lat":50.8504},"country":"BE","population":1019022,"timezone":7200},"cod":"200","message":0.1850928,"cnt":4,"list":[{"dt":1694689200,"sunrise":1694668546,"sunset":1694714471,"temp":{"day":21.73,"min":14.28,"max":22.69,"night":14.53,"eve":19.31,"morn":14.79},"feels_like":{"day":21.26,"night":14.26,"eve":18.92,"morn":14.31},"pressure":1022,"humidity":50,"weather":[{"id":803,"main":"Clouds","description":"broken clouds","icon":"04d"}],"speed":3.17,"deg":109,"gust":5.66,"clouds":58,"pop":0},{"dt":1694775600,"sunrise":1694755038,"sunset":1694800735,"temp":{"day":22.51,"min":13.08,"max":24.04,"night":17.09,"eve":22.03,"morn":13.08},"feels_like":{"day":22.1,"night":16.66,"eve":21.72,"morn":12.51},"pressure":1017,"humidity":49,"weather":[{"id":803,"main":"Clouds","description":"broken clouds","icon":"04d"}],"speed":3.2,"deg":112,"gust":5.91,"clouds":55,"pop":0},{"dt":1694862000,"sunrise":1694841531,"sunset":1694886998,"temp":{"day":23.91,"min":14.77,"max":25.75,"night":18.47,"eve":22.9,"morn":14.77},"feels_like":{"day":23.71,"night":18.07,"eve":22.81,"morn":14.39},"pressure":1015,"humidity":52,"weather":[{"id":804,"main":"Clouds","description":"overcast clouds","icon":"04d"}],"speed":3.57,"deg":45,"gust":8.63,"clouds":88,"pop":0.27},{"dt":1694948400,"sunrise":1694928023,"sunset":1694973262,"temp":{"day":22.54,"min":14.58,"max":24.89,"night":20,"eve":21.62,"morn":14.62},"feels_like":{"day":22.39,"night":20.2,"eve":21.72,"morn":14.2},"pressure":1016,"humidity":59,"weather":[{"id":500,"main":"Rain","description":"light rain","icon":"10d"}],"speed":5.48,"deg":82,"gust":8.8,"clouds":90,"pop":0.5,"rain":0.54}]}
--- ENF OF RECEIVED DATA ---

{"city":{"id":2800866,"name":"Brussels","coord":{"lon":4.3488,"lat":50.8504},"country":"BE","population":1019022,"timezone":7200},"cod":"200","message":0.1850928,"cnt":4,"list":[{"dt":1694689200,"sunrise":1694668546,"sunset":1694714471,"temp":{"day":21.73,"min":14.28,"max":22.69,"night":14.53,"eve":19.31,"morn":14.79},"feels_like":{"day":21.26,"night":14.26,"eve":18.92,"morn":14.31},"pressure":1022,"humidity":50,"weather":[{"id":803,"main":"Clouds","description":"broken clouds","icon":"04d"}],"speed":3.17,"deg":109,"gust":5.66,"clouds":58,"pop":0},{"dt":1694775600,"sunrise":1694755038,"sunset":1694800735,"temp":{"day":22.51,"min":13.08,"max":24.04,"night":17.09,"eve":22.03,"morn":13.08},"feels_like":{"day":22.1,"night":16.66,"eve":21.72,"morn":12.51},"pressure":1017,"humidity":49,"weather":[{"id":803,"main":"Clouds","description":"broken clouds","icon":"04d"}],"speed":3.2,"deg":112,"gust":5.91,"clouds":55,"pop":0},{"dt":1694862000,"sunrise":1694841531,"sunset":1694886998,"temp":{"day":23.91,"min":14.77,"max":25.75,"night":18.47,"eve":22.9,"morn":14.77},"feels_like":{"day":23.71,"night":18.07,"eve":22.81,"morn":14.39},"pressure":1015,"humidity":52,"weather":[{"id":804,"main":"Clouds","description":"overcast clouds","icon":"04d"}],"speed":3.57,"deg":45,"gust":8.63,"clouds":88,"pop":0.27},{"dt":1694948400,"sunrise":1694928023,"sunset":1694973262,"temp":{"day":22.54,"min":14.58,"max":24.89,"night":20,"eve":21.62,"morn":14.62},"feels_like":{"day":22.39,"night":20.2,"eve":21.72,"morn":14.2},"pressure":1016,"humidity":59,"weather":[{"id":500,"main":"Rain","description":"light rain","icon":"10d"}],"speed":5.48,"deg":82,"gust":8.8,"clouds":90,"pop":0.5,"rain":0.54}]}
--- ENF OF RECEIVED DATA ---

