________________________________________________
|             CALL API : START                |
________________________________________________

Informations : 
Called API: meteo - 8 May 2023, 01:40
Method: GETMETEO - Timeout : 300 - Cache : 1
URL CALLED : https://api.openweathermap.org/data/2.5/forecast/daily?q=Brussels,be&units=metric&cnt=4&appid=ea18c0706135505149200c3836f29800
-------------------------
________________________________________________
|             CALL API : START                |
________________________________________________

Informations : 
Called API: meteo - 8 May 2023, 01:40
Method: GETMETEO - Timeout : 300 - Cache : 1
URL CALLED : https://api.openweathermap.org/data/2.5/forecast/daily?q=Brussels,be&units=metric&cnt=4&appid=ea18c0706135505149200c3836f29800
-------------------------
{"city":{"id":2800866,"name":"Brussels","coord":{"lon":4.3488,"lat":50.8504},"country":"BE","population":1019022,"timezone":7200},"cod":"200","message":0.0515993,"cnt":4,"list":[{"dt":1683543600,"sunrise":1683518694,"sunset":1683573199,"temp":{"day":19.68,"min":11.35,"max":19.76,"night":13.59,"eve":17.79,"morn":11.35},"feels_like":{"day":19.43,"night":13.33,"eve":17.61,"morn":11.05},"pressure":1021,"humidity":66,"weather":[{"id":500,"main":"Rain","description":"light rain","icon":"10d"}],"speed":3.67,"deg":253,"gust":5.3,"clouds":81,"pop":0.45,"rain":0.26},{"dt":1683630000,"sunrise":1683604996,"sunset":1683659693,"temp":{"day":12.99,"min":11.54,"max":14.83,"night":11.54,"eve":14.83,"morn":12.41},"feels_like":{"day":12.83,"night":11.23,"eve":14.67,"morn":12.11},"pressure":1010,"humidity":95,"weather":[{"id":501,"main":"Rain","description":"moderate rain","icon":"10d"}],"speed":6.48,"deg":206,"gust":11.36,"clouds":100,"pop":1,"rain":6.68},{"dt":1683716400,"sunrise":1683691299,"sunset":1683746186,"temp":{"day":12.57,"min":8.93,"max":14.47,"night":9.4,"eve":13.5,"morn":9.52},"feels_like":{"day":11.95,"night":7.6,"eve":13.1,"morn":6.45},"pressure":1013,"humidity":79,"weather":[{"id":500,"main":"Rain","description":"light rain","icon":"10d"}],"speed":6.67,"deg":235,"gust":11.47,"clouds":99,"pop":1,"rain":2.72},{"dt":1683802800,"sunrise":1683777605,"sunset":1683832678,"temp":{"day":16.15,"min":7.03,"max":16.15,"night":11.52,"eve":14.58,"morn":9.3},"feels_like":{"day":15.39,"night":11.05,"eve":14.13,"morn":7.6},"pressure":1015,"humidity":60,"weather":[{"id":500,"main":"Rain","description":"light rain","icon":"10d"}],"speed":3.59,"deg":206,"gust":7.63,"clouds":82,"pop":0.77,"rain":1.81}]}
--- ENF OF RECEIVED DATA ---

{"city":{"id":2800866,"name":"Brussels","coord":{"lon":4.3488,"lat":50.8504},"country":"BE","population":1019022,"timezone":7200},"cod":"200","message":0.0515993,"cnt":4,"list":[{"dt":1683543600,"sunrise":1683518694,"sunset":1683573199,"temp":{"day":19.68,"min":11.35,"max":19.76,"night":13.59,"eve":17.79,"morn":11.35},"feels_like":{"day":19.43,"night":13.33,"eve":17.61,"morn":11.05},"pressure":1021,"humidity":66,"weather":[{"id":500,"main":"Rain","description":"light rain","icon":"10d"}],"speed":3.67,"deg":253,"gust":5.3,"clouds":81,"pop":0.45,"rain":0.26},{"dt":1683630000,"sunrise":1683604996,"sunset":1683659693,"temp":{"day":12.99,"min":11.54,"max":14.83,"night":11.54,"eve":14.83,"morn":12.41},"feels_like":{"day":12.83,"night":11.23,"eve":14.67,"morn":12.11},"pressure":1010,"humidity":95,"weather":[{"id":501,"main":"Rain","description":"moderate rain","icon":"10d"}],"speed":6.48,"deg":206,"gust":11.36,"clouds":100,"pop":1,"rain":6.68},{"dt":1683716400,"sunrise":1683691299,"sunset":1683746186,"temp":{"day":12.57,"min":8.93,"max":14.47,"night":9.4,"eve":13.5,"morn":9.52},"feels_like":{"day":11.95,"night":7.6,"eve":13.1,"morn":6.45},"pressure":1013,"humidity":79,"weather":[{"id":500,"main":"Rain","description":"light rain","icon":"10d"}],"speed":6.67,"deg":235,"gust":11.47,"clouds":99,"pop":1,"rain":2.72},{"dt":1683802800,"sunrise":1683777605,"sunset":1683832678,"temp":{"day":16.15,"min":7.03,"max":16.15,"night":11.52,"eve":14.58,"morn":9.3},"feels_like":{"day":15.39,"night":11.05,"eve":14.13,"morn":7.6},"pressure":1015,"humidity":60,"weather":[{"id":500,"main":"Rain","description":"light rain","icon":"10d"}],"speed":3.59,"deg":206,"gust":7.63,"clouds":82,"pop":0.77,"rain":1.81}]}
--- ENF OF RECEIVED DATA ---

