________________________________________________
|             CALL API : START                |
________________________________________________

Informations : 
Called API: meteo - 1 April 2025, 10:30
Method: GETMETEO - Timeout : 300 - Cache : 1
URL CALLED : https://api.openweathermap.org/data/2.5/forecast/daily?q=Brussels,be&units=metric&cnt=4&appid=ea18c0706135505149200c3836f29800
-------------------------
________________________________________________
|             CALL API : START                |
________________________________________________

Informations : 
Called API: meteo - 1 April 2025, 10:30
Method: GETMETEO - Timeout : 300 - Cache : 1
URL CALLED : https://api.openweathermap.org/data/2.5/forecast/daily?q=Brussels,be&units=metric&cnt=4&appid=ea18c0706135505149200c3836f29800
-------------------------
{"city":{"id":2800866,"name":"Brussels","coord":{"lon":4.3488,"lat":50.8504},"country":"BE","population":1019022,"timezone":7200},"cod":"200","message":0.991297,"cnt":4,"list":[{"dt":1743505200,"sunrise":1743484696,"sunset":1743531259,"temp":{"day":9.31,"min":3.1,"max":14.48,"night":9.36,"eve":12.96,"morn":4.07},"feels_like":{"day":5.94,"night":6.74,"eve":11.51,"morn":1.21},"pressure":1027,"humidity":68,"weather":[{"id":800,"main":"Clear","description":"sky is clear","icon":"01d"}],"speed":7.92,"deg":75,"gust":13.8,"clouds":0,"pop":0},{"dt":1743591600,"sunrise":1743570962,"sunset":1743617756,"temp":{"day":13.53,"min":5.97,"max":16.29,"night":11.84,"eve":15.13,"morn":5.97},"feels_like":{"day":12.3,"night":10.75,"eve":14.06,"morn":2.24},"pressure":1021,"humidity":52,"weather":[{"id":803,"main":"Clouds","description":"broken clouds","icon":"04d"}],"speed":8.63,"deg":86,"gust":14.94,"clouds":67,"pop":0},{"dt":1743678000,"sunrise":1743657228,"sunset":1743704253,"temp":{"day":16.54,"min":7.75,"max":19.4,"night":12.55,"eve":18.21,"morn":7.76},"feels_like":{"day":15.58,"night":11.61,"eve":17.47,"morn":4.82},"pressure":1022,"humidity":51,"weather":[{"id":804,"main":"Clouds","description":"overcast clouds","icon":"04d"}],"speed":5.99,"deg":83,"gust":13.22,"clouds":85,"pop":0},{"dt":1743764400,"sunrise":1743743495,"sunset":1743790750,"temp":{"day":19.99,"min":8.78,"max":20.72,"night":13.52,"eve":16.44,"morn":8.78},"feels_like":{"day":19.06,"night":12.52,"eve":15.6,"morn":7.16},"pressure":1020,"humidity":39,"weather":[{"id":800,"main":"Clear","description":"sky is clear","icon":"01d"}],"speed":5.58,"deg":71,"gust":11.65,"clouds":0,"pop":0}]}
--- ENF OF RECEIVED DATA ---

{"city":{"id":2800866,"name":"Brussels","coord":{"lon":4.3488,"lat":50.8504},"country":"BE","population":1019022,"timezone":7200},"cod":"200","message":0.991297,"cnt":4,"list":[{"dt":1743505200,"sunrise":1743484696,"sunset":1743531259,"temp":{"day":9.31,"min":3.1,"max":14.48,"night":9.36,"eve":12.96,"morn":4.07},"feels_like":{"day":5.94,"night":6.74,"eve":11.51,"morn":1.21},"pressure":1027,"humidity":68,"weather":[{"id":800,"main":"Clear","description":"sky is clear","icon":"01d"}],"speed":7.92,"deg":75,"gust":13.8,"clouds":0,"pop":0},{"dt":1743591600,"sunrise":1743570962,"sunset":1743617756,"temp":{"day":13.53,"min":5.97,"max":16.29,"night":11.84,"eve":15.13,"morn":5.97},"feels_like":{"day":12.3,"night":10.75,"eve":14.06,"morn":2.24},"pressure":1021,"humidity":52,"weather":[{"id":803,"main":"Clouds","description":"broken clouds","icon":"04d"}],"speed":8.63,"deg":86,"gust":14.94,"clouds":67,"pop":0},{"dt":1743678000,"sunrise":1743657228,"sunset":1743704253,"temp":{"day":16.54,"min":7.75,"max":19.4,"night":12.55,"eve":18.21,"morn":7.76},"feels_like":{"day":15.58,"night":11.61,"eve":17.47,"morn":4.82},"pressure":1022,"humidity":51,"weather":[{"id":804,"main":"Clouds","description":"overcast clouds","icon":"04d"}],"speed":5.99,"deg":83,"gust":13.22,"clouds":85,"pop":0},{"dt":1743764400,"sunrise":1743743495,"sunset":1743790750,"temp":{"day":19.99,"min":8.78,"max":20.72,"night":13.52,"eve":16.44,"morn":8.78},"feels_like":{"day":19.06,"night":12.52,"eve":15.6,"morn":7.16},"pressure":1020,"humidity":39,"weather":[{"id":800,"main":"Clear","description":"sky is clear","icon":"01d"}],"speed":5.58,"deg":71,"gust":11.65,"clouds":0,"pop":0}]}
--- ENF OF RECEIVED DATA ---

