________________________________________________
|             CALL API : START                |
________________________________________________

Informations : 
Called API: meteo - 22 May 2023, 00:30
Method: GETMETEO - Timeout : 300 - Cache : 1
URL CALLED : https://api.openweathermap.org/data/2.5/forecast/daily?q=Brussels,be&units=metric&cnt=4&appid=ea18c0706135505149200c3836f29800
-------------------------
________________________________________________
|             CALL API : START                |
________________________________________________

Informations : 
Called API: meteo - 22 May 2023, 00:30
Method: GETMETEO - Timeout : 300 - Cache : 1
URL CALLED : https://api.openweathermap.org/data/2.5/forecast/daily?q=Brussels,be&units=metric&cnt=4&appid=ea18c0706135505149200c3836f29800
-------------------------
{"city":{"id":2800866,"name":"Brussels","coord":{"lon":4.3488,"lat":50.8504},"country":"BE","population":1019022,"timezone":7200},"cod":"200","message":7.8297495,"cnt":4,"list":[{"dt":1684753200,"sunrise":1684727088,"sunset":1684784038,"temp":{"day":16.87,"min":10.87,"max":18.44,"night":12.36,"eve":16.14,"morn":11.76},"feels_like":{"day":16.73,"night":12.08,"eve":16.06,"morn":11.52},"pressure":1016,"humidity":81,"weather":[{"id":804,"main":"Clouds","description":"overcast clouds","icon":"04d"}],"speed":5.63,"deg":335,"gust":10.24,"clouds":99,"pop":0.01},{"dt":1684839600,"sunrise":1684813418,"sunset":1684870519,"temp":{"day":13.49,"min":8.61,"max":16.35,"night":8.61,"eve":13.91,"morn":11.64},"feels_like":{"day":12.7,"night":6.33,"eve":12.98,"morn":10.97},"pressure":1023,"humidity":69,"weather":[{"id":804,"main":"Clouds","description":"overcast clouds","icon":"04d"}],"speed":6.37,"deg":350,"gust":10.06,"clouds":100,"pop":0.02},{"dt":1684926000,"sunrise":1684899750,"sunset":1684956998,"temp":{"day":16.05,"min":5.74,"max":16.88,"night":11.45,"eve":14.15,"morn":7.27},"feels_like":{"day":15.15,"night":10.61,"eve":13.47,"morn":7.27},"pressure":1024,"humidity":55,"weather":[{"id":804,"main":"Clouds","description":"overcast clouds","icon":"04d"}],"speed":6.22,"deg":343,"gust":8.65,"clouds":98,"pop":0},{"dt":1685012400,"sunrise":1684986084,"sunset":1685043476,"temp":{"day":17.68,"min":9.76,"max":18.2,"night":9.89,"eve":14.54,"morn":11.33},"feels_like":{"day":16.63,"night":7.35,"eve":13.59,"morn":10.66},"pressure":1028,"humidity":43,"weather":[{"id":801,"main":"Clouds","description":"few clouds","icon":"02d"}],"speed":5.99,"deg":29,"gust":11.63,"clouds":18,"pop":0}]}
--- ENF OF RECEIVED DATA ---

{"city":{"id":2800866,"name":"Brussels","coord":{"lon":4.3488,"lat":50.8504},"country":"BE","population":1019022,"timezone":7200},"cod":"200","message":7.8297495,"cnt":4,"list":[{"dt":1684753200,"sunrise":1684727088,"sunset":1684784038,"temp":{"day":16.87,"min":10.87,"max":18.44,"night":12.36,"eve":16.14,"morn":11.76},"feels_like":{"day":16.73,"night":12.08,"eve":16.06,"morn":11.52},"pressure":1016,"humidity":81,"weather":[{"id":804,"main":"Clouds","description":"overcast clouds","icon":"04d"}],"speed":5.63,"deg":335,"gust":10.24,"clouds":99,"pop":0.01},{"dt":1684839600,"sunrise":1684813418,"sunset":1684870519,"temp":{"day":13.49,"min":8.61,"max":16.35,"night":8.61,"eve":13.91,"morn":11.64},"feels_like":{"day":12.7,"night":6.33,"eve":12.98,"morn":10.97},"pressure":1023,"humidity":69,"weather":[{"id":804,"main":"Clouds","description":"overcast clouds","icon":"04d"}],"speed":6.37,"deg":350,"gust":10.06,"clouds":100,"pop":0.02},{"dt":1684926000,"sunrise":1684899750,"sunset":1684956998,"temp":{"day":16.05,"min":5.74,"max":16.88,"night":11.45,"eve":14.15,"morn":7.27},"feels_like":{"day":15.15,"night":10.61,"eve":13.47,"morn":7.27},"pressure":1024,"humidity":55,"weather":[{"id":804,"main":"Clouds","description":"overcast clouds","icon":"04d"}],"speed":6.22,"deg":343,"gust":8.65,"clouds":98,"pop":0},{"dt":1685012400,"sunrise":1684986084,"sunset":1685043476,"temp":{"day":17.68,"min":9.76,"max":18.2,"night":9.89,"eve":14.54,"morn":11.33},"feels_like":{"day":16.63,"night":7.35,"eve":13.59,"morn":10.66},"pressure":1028,"humidity":43,"weather":[{"id":801,"main":"Clouds","description":"few clouds","icon":"02d"}],"speed":5.99,"deg":29,"gust":11.63,"clouds":18,"pop":0}]}
--- ENF OF RECEIVED DATA ---

