________________________________________________
|             CALL API : START                |
________________________________________________

Informations : 
Called API: meteo - 14 September 2023, 07:40
Method: GETMETEO - Timeout : 300 - Cache : 1
URL CALLED : https://api.openweathermap.org/data/2.5/forecast/daily?q=Brussels,be&units=metric&cnt=4&appid=ea18c0706135505149200c3836f29800
-------------------------
________________________________________________
|             CALL API : START                |
________________________________________________

Informations : 
Called API: meteo - 14 September 2023, 07:40
Method: GETMETEO - Timeout : 300 - Cache : 1
URL CALLED : https://api.openweathermap.org/data/2.5/forecast/daily?q=Brussels,be&units=metric&cnt=4&appid=ea18c0706135505149200c3836f29800
-------------------------
{"city":{"id":2800866,"name":"Brussels","coord":{"lon":4.3488,"lat":50.8504},"country":"BE","population":1019022,"timezone":7200},"cod":"200","message":0.136017,"cnt":4,"list":[{"dt":1694689200,"sunrise":1694668546,"sunset":1694714471,"temp":{"day":21.62,"min":10.95,"max":23.06,"night":15.5,"eve":20.9,"morn":11.63},"feels_like":{"day":21.06,"night":14.86,"eve":20.51,"morn":11.17},"pressure":1022,"humidity":47,"weather":[{"id":802,"main":"Clouds","description":"scattered clouds","icon":"03d"}],"speed":3.1,"deg":107,"gust":4.2,"clouds":32,"pop":0},{"dt":1694775600,"sunrise":1694755038,"sunset":1694800735,"temp":{"day":22.3,"min":12.33,"max":24.54,"night":17.74,"eve":22.4,"morn":12.33},"feels_like":{"day":21.89,"night":17.21,"eve":22.11,"morn":11.71},"pressure":1017,"humidity":50,"weather":[{"id":803,"main":"Clouds","description":"broken clouds","icon":"04d"}],"speed":3.17,"deg":113,"gust":5.21,"clouds":77,"pop":0},{"dt":1694862000,"sunrise":1694841531,"sunset":1694886998,"temp":{"day":24.22,"min":15.01,"max":26.1,"night":18.41,"eve":23.59,"morn":15.01},"feels_like":{"day":24.11,"night":18.11,"eve":23.6,"morn":14.63},"pressure":1015,"humidity":54,"weather":[{"id":803,"main":"Clouds","description":"broken clouds","icon":"04d"}],"speed":3.54,"deg":38,"gust":7.3,"clouds":73,"pop":0},{"dt":1694948400,"sunrise":1694928023,"sunset":1694973262,"temp":{"day":25.56,"min":15.48,"max":25.62,"night":20.99,"eve":22.17,"morn":15.48},"feels_like":{"day":25.58,"night":21.1,"eve":22.32,"morn":15.41},"pressure":1013,"humidity":54,"weather":[{"id":804,"main":"Clouds","description":"overcast clouds","icon":"04d"}],"speed":4.16,"deg":122,"gust":7.51,"clouds":94,"pop":0}]}
--- ENF OF RECEIVED DATA ---

{"city":{"id":2800866,"name":"Brussels","coord":{"lon":4.3488,"lat":50.8504},"country":"BE","population":1019022,"timezone":7200},"cod":"200","message":0.136017,"cnt":4,"list":[{"dt":1694689200,"sunrise":1694668546,"sunset":1694714471,"temp":{"day":21.62,"min":10.95,"max":23.06,"night":15.5,"eve":20.9,"morn":11.63},"feels_like":{"day":21.06,"night":14.86,"eve":20.51,"morn":11.17},"pressure":1022,"humidity":47,"weather":[{"id":802,"main":"Clouds","description":"scattered clouds","icon":"03d"}],"speed":3.1,"deg":107,"gust":4.2,"clouds":32,"pop":0},{"dt":1694775600,"sunrise":1694755038,"sunset":1694800735,"temp":{"day":22.3,"min":12.33,"max":24.54,"night":17.74,"eve":22.4,"morn":12.33},"feels_like":{"day":21.89,"night":17.21,"eve":22.11,"morn":11.71},"pressure":1017,"humidity":50,"weather":[{"id":803,"main":"Clouds","description":"broken clouds","icon":"04d"}],"speed":3.17,"deg":113,"gust":5.21,"clouds":77,"pop":0},{"dt":1694862000,"sunrise":1694841531,"sunset":1694886998,"temp":{"day":24.22,"min":15.01,"max":26.1,"night":18.41,"eve":23.59,"morn":15.01},"feels_like":{"day":24.11,"night":18.11,"eve":23.6,"morn":14.63},"pressure":1015,"humidity":54,"weather":[{"id":803,"main":"Clouds","description":"broken clouds","icon":"04d"}],"speed":3.54,"deg":38,"gust":7.3,"clouds":73,"pop":0},{"dt":1694948400,"sunrise":1694928023,"sunset":1694973262,"temp":{"day":25.56,"min":15.48,"max":25.62,"night":20.99,"eve":22.17,"morn":15.48},"feels_like":{"day":25.58,"night":21.1,"eve":22.32,"morn":15.41},"pressure":1013,"humidity":54,"weather":[{"id":804,"main":"Clouds","description":"overcast clouds","icon":"04d"}],"speed":4.16,"deg":122,"gust":7.51,"clouds":94,"pop":0}]}
--- ENF OF RECEIVED DATA ---

