________________________________________________
|             CALL API : START                |
________________________________________________

Informations : 
Called API: meteo - 16 October 2024, 09:30
Method: GETMETEO - Timeout : 300 - Cache : 1
URL CALLED : https://api.openweathermap.org/data/2.5/forecast/daily?q=Brussels,be&units=metric&cnt=4&appid=ea18c0706135505149200c3836f29800
-------------------------
________________________________________________
|             CALL API : START                |
________________________________________________

Informations : 
Called API: meteo - 16 October 2024, 09:30
Method: GETMETEO - Timeout : 300 - Cache : 1
URL CALLED : https://api.openweathermap.org/data/2.5/forecast/daily?q=Brussels,be&units=metric&cnt=4&appid=ea18c0706135505149200c3836f29800
-------------------------
{"city":{"id":2800866,"name":"Brussels","coord":{"lon":4.3488,"lat":50.8504},"country":"BE","population":1019022,"timezone":7200},"cod":"200","message":0.0601829,"cnt":4,"list":[{"dt":1729076400,"sunrise":1729058854,"sunset":1729097297,"temp":{"day":19.72,"min":13.7,"max":20.69,"night":16.97,"eve":18.45,"morn":14.24},"feels_like":{"day":19.6,"night":16.68,"eve":18.36,"morn":13.97},"pressure":1009,"humidity":71,"weather":[{"id":803,"main":"Clouds","description":"broken clouds","icon":"04d"}],"speed":6.93,"deg":163,"gust":16.16,"clouds":80,"pop":0},{"dt":1729162800,"sunrise":1729145354,"sunset":1729183573,"temp":{"day":19.25,"min":16.55,"max":19.29,"night":16.62,"eve":17.16,"morn":17.64},"feels_like":{"day":19.27,"night":16.61,"eve":17.15,"morn":17.78},"pressure":1013,"humidity":78,"weather":[{"id":500,"main":"Rain","description":"light rain","icon":"10d"}],"speed":6.79,"deg":180,"gust":16.54,"clouds":100,"pop":0.79,"rain":0.7},{"dt":1729249200,"sunrise":1729231854,"sunset":1729269849,"temp":{"day":17.69,"min":14.98,"max":18.54,"night":15.5,"eve":16.04,"morn":15.05},"feels_like":{"day":17.76,"night":15.59,"eve":16.18,"morn":15.12},"pressure":1014,"humidity":86,"weather":[{"id":500,"main":"Rain","description":"light rain","icon":"10d"}],"speed":2.82,"deg":30,"gust":6.56,"clouds":100,"pop":0.99,"rain":0.59},{"dt":1729335600,"sunrise":1729318355,"sunset":1729356127,"temp":{"day":14.35,"min":12.24,"max":15.11,"night":12.29,"eve":13.07,"morn":12.76},"feels_like":{"day":14.09,"night":11.9,"eve":12.68,"morn":12.62},"pressure":1015,"humidity":86,"weather":[{"id":502,"main":"Rain","description":"heavy intensity rain","icon":"10d"}],"speed":3.85,"deg":188,"gust":9.4,"clouds":100,"pop":1,"rain":26.01}]}
--- ENF OF RECEIVED DATA ---

{"city":{"id":2800866,"name":"Brussels","coord":{"lon":4.3488,"lat":50.8504},"country":"BE","population":1019022,"timezone":7200},"cod":"200","message":0.0601829,"cnt":4,"list":[{"dt":1729076400,"sunrise":1729058854,"sunset":1729097297,"temp":{"day":19.72,"min":13.7,"max":20.69,"night":16.97,"eve":18.45,"morn":14.24},"feels_like":{"day":19.6,"night":16.68,"eve":18.36,"morn":13.97},"pressure":1009,"humidity":71,"weather":[{"id":803,"main":"Clouds","description":"broken clouds","icon":"04d"}],"speed":6.93,"deg":163,"gust":16.16,"clouds":80,"pop":0},{"dt":1729162800,"sunrise":1729145354,"sunset":1729183573,"temp":{"day":19.25,"min":16.55,"max":19.29,"night":16.62,"eve":17.16,"morn":17.64},"feels_like":{"day":19.27,"night":16.61,"eve":17.15,"morn":17.78},"pressure":1013,"humidity":78,"weather":[{"id":500,"main":"Rain","description":"light rain","icon":"10d"}],"speed":6.79,"deg":180,"gust":16.54,"clouds":100,"pop":0.79,"rain":0.7},{"dt":1729249200,"sunrise":1729231854,"sunset":1729269849,"temp":{"day":17.69,"min":14.98,"max":18.54,"night":15.5,"eve":16.04,"morn":15.05},"feels_like":{"day":17.76,"night":15.59,"eve":16.18,"morn":15.12},"pressure":1014,"humidity":86,"weather":[{"id":500,"main":"Rain","description":"light rain","icon":"10d"}],"speed":2.82,"deg":30,"gust":6.56,"clouds":100,"pop":0.99,"rain":0.59},{"dt":1729335600,"sunrise":1729318355,"sunset":1729356127,"temp":{"day":14.35,"min":12.24,"max":15.11,"night":12.29,"eve":13.07,"morn":12.76},"feels_like":{"day":14.09,"night":11.9,"eve":12.68,"morn":12.62},"pressure":1015,"humidity":86,"weather":[{"id":502,"main":"Rain","description":"heavy intensity rain","icon":"10d"}],"speed":3.85,"deg":188,"gust":9.4,"clouds":100,"pop":1,"rain":26.01}]}
--- ENF OF RECEIVED DATA ---

