________________________________________________
|             CALL API : START                |
________________________________________________

Informations : 
Called API: meteo - 18 April 2023, 12:40
Method: GETMETEO - Timeout : 300 - Cache : 1
URL CALLED : https://rmipro.meteo.be/products/bx1/5373bc0393d004fc/web_forecast
-------------------------
________________________________________________
|             CALL API : START                |
________________________________________________

Informations : 
Called API: meteo - 18 April 2023, 12:40
Method: GETMETEO - Timeout : 300 - Cache : 1
URL CALLED : https://rmipro.meteo.be/products/bx1/5373bc0393d004fc/web_forecast
-------------------------
<?xml version='1.0' encoding='UTF-8'?>
<meteo>
  <generationDate>18/04/2023 09:58</generationDate>
  <forecast date="20230418" period="PM">
    <titledate>18/04/23</titledate>
    <titleday>mardi</titleday>
    <data>
      <city>Ostende</city>
      <tempMax>13 </tempMax>
      <weathertype>TJ3</weathertype>
    </data>
    <data>
      <city>Anvers</city>
      <tempMax>13 </tempMax>
      <weathertype>TJ3</weathertype>
    </data>
    <data>
      <city>Bruxelles</city>
      <tempMax>13 </tempMax>
      <weathertype>TJ3</weathertype>
    </data>
    <data>
      <city>Namur</city>
      <tempMax>13 </tempMax>
      <weathertype>TJ3</weathertype>
    </data>
    <data>
      <city>Liege</city>
      <tempMax>13 </tempMax>
      <weathertype>TJ3</weathertype>
    </data>
    <data>
      <city>Arlon</city>
      <tempMax>11 </tempMax>
      <weathertype>TJ3</weathertype>
    </data>
  </forecast>
  <forecast date="20230418" period="NIGHT">
    <titledate>18/04/23</titledate>
    <titleday>mardi</titleday>
    <data>
      <city>Ostende</city>
      <tempMin>7 </tempMin>
      <weathertype>TNN1</weathertype>
    </data>
    <data>
      <city>Anvers</city>
      <tempMin>8 </tempMin>
      <weathertype>TNN1</weathertype>
    </data>
    <data>
      <city>Bruxelles</city>
      <tempMin>6 </tempMin>
      <weathertype>TNN1</weathertype>
    </data>
    <data>
      <city>Namur</city>
      <tempMin>5 </tempMin>
      <weathertype>TNN1</weathertype>
    </data>
    <data>
      <city>Liege</city>
      <tempMin>6 </tempMin>
      <weathertype>TNN1</weathertype>
    </data>
    <data>
      <city>Arlon</city>
      <tempMin>5 </tempMin>
      <weathertype>TNN2</weathertype>
    </data>
  </forecast>
  <forecast date="20230419" period="AM">
    <titledate>19/04/23</titledate>
    <titleday>mercredi</titleday>
    <data>
      <city>Ostende</city>
      <tempMax>13 </tempMax>
      <weathertype>TJ3</weathertype>
    </data>
    <data>
      <city>Anvers</city>
      <tempMax>12 </tempMax>
      <weathertype>TJ2</weathertype>
    </data>
    <data>
      <city>Bruxelles</city>
      <tempMax>12 </tempMax>
      <weathertype>TJ3</weathertype>
    </data>
    <data>
      <city>Namur</city>
      <tempMax>13 </tempMax>
      <weathertype>TJ1</weathertype>
    </data>
    <data>
      <city>Liege</city>
      <tempMax>13 </tempMax>
      <weathertype>TJ2</weathertype>
    </data>
    <data>
      <city>Arlon</city>
      <tempMax>11 </tempMax>
      <weathertype>TJ3</weathertype>
    </data>
  </forecast>
  <forecast date="20230419" period="PM">
    <titledate>19/04/23</titledate>
    <titleday>mercredi</titleday>
    <data>
      <city>Ostende</city>
      <tempMax>14 </tempMax>
      <weathertype>TJ1</weathertype>
    </data>
    <data>
      <city>Anvers</city>
      <tempMax>14 </tempMax>
      <weathertype>TJ1</weathertype>
    </data>
    <data>
      <city>Bruxelles</city>
      <tempMax>15 </tempMax>
      <weathertype>TJ1</weathertype>
    </data>
    <data>
      <city>Namur</city>
      <tempMax>14 </tempMax>
      <weathertype>TJ3</weathertype>
    </data>
    <data>
      <city>Liege</city>
      <tempMax>14 </tempMax>
      <weathertype>TJ1</weathertype>
    </data>
    <data>
      <city>Arlon</city>
      <tempMax>12 </tempMax>
      <weathertype>TJ1</weathertype>
    </data>
  </forecast>
  <forecast date="20230420" period="DAY">
    <titledate>20/04/23</titledate>
    <titleday>jeudi</titleday>
    <data>
      <city>Ostende</city>
      <tempMin>6 </tempMin>
      <tempMax>10 </tempMax>
      <weathertype>TJ11</weathertype>
    </data>
    <data>
      <city>Anvers</city>
      <tempMin>4 </tempMin>
      <tempMax>11 </tempMax>
      <weathertype>TJ11</weathertype>
    </data>
    <data>
      <city>Bruxelles</city>
      <tempMin>4 </tempMin>
      <tempMax>10 </tempMax>
      <weathertype>TJ11</weathertype>
    </data>
    <data>
      <city>Namur</city>
      <tempMin>1 </tempMin>
      <tempMax>9 </tempMax>
      <weathertype>TJ10</weathertype>
    </data>
    <data>
      <city>Liege</city>
      <tempMin>5 </tempMin>
      <tempMax>10 </tempMax>
      <weathertype>TJ6</weathertype>
    </data>
    <data>
      <city>Arlon</city>
      <tempMin>1 </tempMin>
      <tempMax>7 </tempMax>
      <weathertype>TJ6</weathertype>
    </data>
  </forecast>
  <forecast date="20230421" period="DAY">
    <titledate>21/04/23</titledate>
    <titleday>vendredi</titleday>
    <data>
      <city>Ostende</city>
      <tempMin>5 </tempMin>
      <tempMax>12 </tempMax>
      <weathertype>TJ11</weathertype>
    </data>
    <data>
      <city>Anvers</city>
      <tempMin>5 </tempMin>
      <tempMax>14 </tempMax>
      <weathertype>TJ11</weathertype>
    </data>
    <data>
      <city>Bruxelles</city>
      <tempMin>5 </tempMin>
      <tempMax>14 </tempMax>
      <weathertype>TJ11</weathertype>
    </data>
    <data>
      <city>Namur</city>
      <tempMin>7 </tempMin>
      <tempMax>12 </tempMax>
      <weathertype>TJ11</weathertype>
    </data>
    <data>
      <city>Liege</city>
      <tempMin>6 </tempMin>
      <tempMax>16 </tempMax>
      <weathertype>TJ11</weathertype>
    </data>
    <data>
      <city>Arlon</city>
      <tempMin>7 </tempMin>
      <tempMax>12 </tempMax>
      <weathertype>TJ11</weathertype>
    </data>
  </forecast>
  <forecast date="20230422" period="DAY">
    <titledate>22/04/23</titledate>
    <titleday>samedi</titleday>
    <data>
      <city>Ostende</city>
      <tempMin>9 </tempMin>
      <tempMax>16 </tempMax>
      <weathertype>TJ11</weathertype>
    </data>
    <data>
      <city>Anvers</city>
      <tempMin>8 </tempMin>
      <tempMax>19 </tempMax>
      <weathertype>TJ11</weathertype>
    </data>
    <data>
      <city>Bruxelles</city>
      <tempMin>8 </tempMin>
      <tempMax>19 </tempMax>
      <weathertype>TJ11</weathertype>
    </data>
    <data>
      <city>Namur</city>
      <tempMin>8 </tempMin>
      <tempMax>16 </tempMax>
      <weathertype>TJ2</weathertype>
    </data>
    <data>
      <city>Liege</city>
      <tempMin>9 </tempMin>
      <tempMax>21 </tempMax>
      <weathertype>TJ2</weathertype>
    </data>
    <data>
      <city>Arlon</city>
      <tempMin>8 </tempMin>
      <tempMax>16 </tempMax>
      <weathertype>TJ2</weathertype>
    </data>
  </forecast>
  <forecast_foreign date="20230418" period="DAY">
    <titledate>18/04/23</titledate>
    <titleday>mardi</titleday>
    <data>
      <city>Paris</city>
      <temp>10 </temp>
      <weathertype>TJ1</weathertype>
    </data>
    <data>
      <city>Londres</city>
      <temp>12 </temp>
      <weathertype>TJ4</weathertype>
    </data>
    <data>
      <city>Amsterdam</city>
      <temp>9 </temp>
      <weathertype>TJ4</weathertype>
    </data>
  </forecast_foreign>
  <forecast_foreign date="20230419" period="DAY">
    <titledate>19/04/23</titledate>
    <titleday>mercredi</titleday>
    <data>
      <city>Paris</city>
      <temp>13 </temp>
      <weathertype>TJ2</weathertype>
    </data>
    <data>
      <city>Londres</city>
      <temp>11 </temp>
      <weathertype>TJ1</weathertype>
    </data>
    <data>
      <city>Amsterdam</city>
      <temp>10 </temp>
      <weathertype>TJ1</weathertype>
    </data>
  </forecast_foreign>
  <Ephemerides>
    <Ephemeride>
      <titledate>18/04/23</titledate>
      <titleday>mardi</titleday>
      <data>
        <sunRise>06:42</sunRise>
        <sunSet>20:42</sunSet>
        <gain>3 </gain>
      </data>
    </Ephemeride>
    <Ephemeride>
      <titledate>19/04/23</titledate>
      <titleday>mercredi</titleday>
      <data>
        <sunRise>06:40</sunRise>
        <sunSet>20:44</sunSet>
        <gain>4 </gain>
      </data>
    </Ephemeride>
    <Ephemeride>
      <titledate>20/04/23</titledate>
      <titleday>jeudi</titleday>
      <data>
        <sunRise>06:38</sunRise>
        <sunSet>20:46</sunSet>
        <gain>4 </gain>
      </data>
    </Ephemeride>
    <Ephemeride>
      <titledate>21/04/23</titledate>
      <titleday>vendredi</titleday>
      <data>
        <sunRise>06:36</sunRise>
        <sunSet>20:47</sunSet>
        <gain>3 </gain>
      </data>
    </Ephemeride>
  </Ephemerides>
  <indices>
    <indice>
      <titledate>18/04/23</titledate>
      <titleday>mardi</titleday>
      <data>
        <value>4</value>
        <evaluation>assez bonne</evaluation>
      </data>
    </indice>
    <indice>
      <titledate>19/04/23</titledate>
      <titleday>mercredi</titleday>
      <data>
        <value>4</value>
        <evaluation>assez bonne</evaluation>
      </data>
    </indice>
    <indice>
      <titledate>20/04/23</titledate>
      <titleday>jeudi</titleday>
      <data>
        <value>3</value>
        <evaluation>bonne</evaluation>
      </data>
    </indice>
  </indices>
</meteo>

--- ENF OF RECEIVED DATA ---

<?xml version='1.0' encoding='UTF-8'?>
<meteo>
  <generationDate>18/04/2023 09:58</generationDate>
  <forecast date="20230418" period="PM">
    <titledate>18/04/23</titledate>
    <titleday>mardi</titleday>
    <data>
      <city>Ostende</city>
      <tempMax>13 </tempMax>
      <weathertype>TJ3</weathertype>
    </data>
    <data>
      <city>Anvers</city>
      <tempMax>13 </tempMax>
      <weathertype>TJ3</weathertype>
    </data>
    <data>
      <city>Bruxelles</city>
      <tempMax>13 </tempMax>
      <weathertype>TJ3</weathertype>
    </data>
    <data>
      <city>Namur</city>
      <tempMax>13 </tempMax>
      <weathertype>TJ3</weathertype>
    </data>
    <data>
      <city>Liege</city>
      <tempMax>13 </tempMax>
      <weathertype>TJ3</weathertype>
    </data>
    <data>
      <city>Arlon</city>
      <tempMax>11 </tempMax>
      <weathertype>TJ3</weathertype>
    </data>
  </forecast>
  <forecast date="20230418" period="NIGHT">
    <titledate>18/04/23</titledate>
    <titleday>mardi</titleday>
    <data>
      <city>Ostende</city>
      <tempMin>7 </tempMin>
      <weathertype>TNN1</weathertype>
    </data>
    <data>
      <city>Anvers</city>
      <tempMin>8 </tempMin>
      <weathertype>TNN1</weathertype>
    </data>
    <data>
      <city>Bruxelles</city>
      <tempMin>6 </tempMin>
      <weathertype>TNN1</weathertype>
    </data>
    <data>
      <city>Namur</city>
      <tempMin>5 </tempMin>
      <weathertype>TNN1</weathertype>
    </data>
    <data>
      <city>Liege</city>
      <tempMin>6 </tempMin>
      <weathertype>TNN1</weathertype>
    </data>
    <data>
      <city>Arlon</city>
      <tempMin>5 </tempMin>
      <weathertype>TNN2</weathertype>
    </data>
  </forecast>
  <forecast date="20230419" period="AM">
    <titledate>19/04/23</titledate>
    <titleday>mercredi</titleday>
    <data>
      <city>Ostende</city>
      <tempMax>13 </tempMax>
      <weathertype>TJ3</weathertype>
    </data>
    <data>
      <city>Anvers</city>
      <tempMax>12 </tempMax>
      <weathertype>TJ2</weathertype>
    </data>
    <data>
      <city>Bruxelles</city>
      <tempMax>12 </tempMax>
      <weathertype>TJ3</weathertype>
    </data>
    <data>
      <city>Namur</city>
      <tempMax>13 </tempMax>
      <weathertype>TJ1</weathertype>
    </data>
    <data>
      <city>Liege</city>
      <tempMax>13 </tempMax>
      <weathertype>TJ2</weathertype>
    </data>
    <data>
      <city>Arlon</city>
      <tempMax>11 </tempMax>
      <weathertype>TJ3</weathertype>
    </data>
  </forecast>
  <forecast date="20230419" period="PM">
    <titledate>19/04/23</titledate>
    <titleday>mercredi</titleday>
    <data>
      <city>Ostende</city>
      <tempMax>14 </tempMax>
      <weathertype>TJ1</weathertype>
    </data>
    <data>
      <city>Anvers</city>
      <tempMax>14 </tempMax>
      <weathertype>TJ1</weathertype>
    </data>
    <data>
      <city>Bruxelles</city>
      <tempMax>15 </tempMax>
      <weathertype>TJ1</weathertype>
    </data>
    <data>
      <city>Namur</city>
      <tempMax>14 </tempMax>
      <weathertype>TJ3</weathertype>
    </data>
    <data>
      <city>Liege</city>
      <tempMax>14 </tempMax>
      <weathertype>TJ1</weathertype>
    </data>
    <data>
      <city>Arlon</city>
      <tempMax>12 </tempMax>
      <weathertype>TJ1</weathertype>
    </data>
  </forecast>
  <forecast date="20230420" period="DAY">
    <titledate>20/04/23</titledate>
    <titleday>jeudi</titleday>
    <data>
      <city>Ostende</city>
      <tempMin>6 </tempMin>
      <tempMax>10 </tempMax>
      <weathertype>TJ11</weathertype>
    </data>
    <data>
      <city>Anvers</city>
      <tempMin>4 </tempMin>
      <tempMax>11 </tempMax>
      <weathertype>TJ11</weathertype>
    </data>
    <data>
      <city>Bruxelles</city>
      <tempMin>4 </tempMin>
      <tempMax>10 </tempMax>
      <weathertype>TJ11</weathertype>
    </data>
    <data>
      <city>Namur</city>
      <tempMin>1 </tempMin>
      <tempMax>9 </tempMax>
      <weathertype>TJ10</weathertype>
    </data>
    <data>
      <city>Liege</city>
      <tempMin>5 </tempMin>
      <tempMax>10 </tempMax>
      <weathertype>TJ6</weathertype>
    </data>
    <data>
      <city>Arlon</city>
      <tempMin>1 </tempMin>
      <tempMax>7 </tempMax>
      <weathertype>TJ6</weathertype>
    </data>
  </forecast>
  <forecast date="20230421" period="DAY">
    <titledate>21/04/23</titledate>
    <titleday>vendredi</titleday>
    <data>
      <city>Ostende</city>
      <tempMin>5 </tempMin>
      <tempMax>12 </tempMax>
      <weathertype>TJ11</weathertype>
    </data>
    <data>
      <city>Anvers</city>
      <tempMin>5 </tempMin>
      <tempMax>14 </tempMax>
      <weathertype>TJ11</weathertype>
    </data>
    <data>
      <city>Bruxelles</city>
      <tempMin>5 </tempMin>
      <tempMax>14 </tempMax>
      <weathertype>TJ11</weathertype>
    </data>
    <data>
      <city>Namur</city>
      <tempMin>7 </tempMin>
      <tempMax>12 </tempMax>
      <weathertype>TJ11</weathertype>
    </data>
    <data>
      <city>Liege</city>
      <tempMin>6 </tempMin>
      <tempMax>16 </tempMax>
      <weathertype>TJ11</weathertype>
    </data>
    <data>
      <city>Arlon</city>
      <tempMin>7 </tempMin>
      <tempMax>12 </tempMax>
      <weathertype>TJ11</weathertype>
    </data>
  </forecast>
  <forecast date="20230422" period="DAY">
    <titledate>22/04/23</titledate>
    <titleday>samedi</titleday>
    <data>
      <city>Ostende</city>
      <tempMin>9 </tempMin>
      <tempMax>16 </tempMax>
      <weathertype>TJ11</weathertype>
    </data>
    <data>
      <city>Anvers</city>
      <tempMin>8 </tempMin>
      <tempMax>19 </tempMax>
      <weathertype>TJ11</weathertype>
    </data>
    <data>
      <city>Bruxelles</city>
      <tempMin>8 </tempMin>
      <tempMax>19 </tempMax>
      <weathertype>TJ11</weathertype>
    </data>
    <data>
      <city>Namur</city>
      <tempMin>8 </tempMin>
      <tempMax>16 </tempMax>
      <weathertype>TJ2</weathertype>
    </data>
    <data>
      <city>Liege</city>
      <tempMin>9 </tempMin>
      <tempMax>21 </tempMax>
      <weathertype>TJ2</weathertype>
    </data>
    <data>
      <city>Arlon</city>
      <tempMin>8 </tempMin>
      <tempMax>16 </tempMax>
      <weathertype>TJ2</weathertype>
    </data>
  </forecast>
  <forecast_foreign date="20230418" period="DAY">
    <titledate>18/04/23</titledate>
    <titleday>mardi</titleday>
    <data>
      <city>Paris</city>
      <temp>10 </temp>
      <weathertype>TJ1</weathertype>
    </data>
    <data>
      <city>Londres</city>
      <temp>12 </temp>
      <weathertype>TJ4</weathertype>
    </data>
    <data>
      <city>Amsterdam</city>
      <temp>9 </temp>
      <weathertype>TJ4</weathertype>
    </data>
  </forecast_foreign>
  <forecast_foreign date="20230419" period="DAY">
    <titledate>19/04/23</titledate>
    <titleday>mercredi</titleday>
    <data>
      <city>Paris</city>
      <temp>13 </temp>
      <weathertype>TJ2</weathertype>
    </data>
    <data>
      <city>Londres</city>
      <temp>11 </temp>
      <weathertype>TJ1</weathertype>
    </data>
    <data>
      <city>Amsterdam</city>
      <temp>10 </temp>
      <weathertype>TJ1</weathertype>
    </data>
  </forecast_foreign>
  <Ephemerides>
    <Ephemeride>
      <titledate>18/04/23</titledate>
      <titleday>mardi</titleday>
      <data>
        <sunRise>06:42</sunRise>
        <sunSet>20:42</sunSet>
        <gain>3 </gain>
      </data>
    </Ephemeride>
    <Ephemeride>
      <titledate>19/04/23</titledate>
      <titleday>mercredi</titleday>
      <data>
        <sunRise>06:40</sunRise>
        <sunSet>20:44</sunSet>
        <gain>4 </gain>
      </data>
    </Ephemeride>
    <Ephemeride>
      <titledate>20/04/23</titledate>
      <titleday>jeudi</titleday>
      <data>
        <sunRise>06:38</sunRise>
        <sunSet>20:46</sunSet>
        <gain>4 </gain>
      </data>
    </Ephemeride>
    <Ephemeride>
      <titledate>21/04/23</titledate>
      <titleday>vendredi</titleday>
      <data>
        <sunRise>06:36</sunRise>
        <sunSet>20:47</sunSet>
        <gain>3 </gain>
      </data>
    </Ephemeride>
  </Ephemerides>
  <indices>
    <indice>
      <titledate>18/04/23</titledate>
      <titleday>mardi</titleday>
      <data>
        <value>4</value>
        <evaluation>assez bonne</evaluation>
      </data>
    </indice>
    <indice>
      <titledate>19/04/23</titledate>
      <titleday>mercredi</titleday>
      <data>
        <value>4</value>
        <evaluation>assez bonne</evaluation>
      </data>
    </indice>
    <indice>
      <titledate>20/04/23</titledate>
      <titleday>jeudi</titleday>
      <data>
        <value>3</value>
        <evaluation>bonne</evaluation>
      </data>
    </indice>
  </indices>
</meteo>

--- ENF OF RECEIVED DATA ---

