________________________________________________
|             CALL API : START                |
________________________________________________

Informations : 
Called API: meteo - 12 April 2025, 20:00
Method: GETMETEO - Timeout : 300 - Cache : 1
URL CALLED : https://api.openweathermap.org/data/2.5/forecast/daily?q=Brussels,be&units=metric&cnt=4&appid=ea18c0706135505149200c3836f29800
-------------------------
________________________________________________
|             CALL API : START                |
________________________________________________

Informations : 
Called API: meteo - 12 April 2025, 20:00
Method: GETMETEO - Timeout : 300 - Cache : 1
URL CALLED : https://api.openweathermap.org/data/2.5/forecast/daily?q=Brussels,be&units=metric&cnt=4&appid=ea18c0706135505149200c3836f29800
-------------------------
{"city":{"id":2800866,"name":"Brussels","coord":{"lon":4.3488,"lat":50.8504},"country":"BE","population":1019022,"timezone":7200},"cod":"200","message":0.4350562,"cnt":4,"list":[{"dt":1744455600,"sunrise":1744433649,"sunset":1744482728,"temp":{"day":20.97,"min":5.79,"max":23.08,"night":18.14,"eve":22.56,"morn":6.29},"feels_like":{"day":20.11,"night":17.45,"eve":21.81,"morn":3.99},"pressure":1009,"humidity":38,"weather":[{"id":800,"main":"Clear","description":"sky is clear","icon":"01d"}],"speed":6.34,"deg":150,"gust":12.18,"clouds":7,"pop":0},{"dt":1744542000,"sunrise":1744519921,"sunset":1744569226,"temp":{"day":14.43,"min":9.37,"max":17.3,"night":11.3,"eve":15.44,"morn":9.51},"feels_like":{"day":13.97,"night":10.34,"eve":14.42,"morn":6.83},"pressure":1006,"humidity":78,"weather":[{"id":500,"main":"Rain","description":"light rain","icon":"10d"}],"speed":6.6,"deg":261,"gust":12.57,"clouds":100,"pop":1,"rain":1.06},{"dt":1744628400,"sunrise":1744606194,"sunset":1744655723,"temp":{"day":16.29,"min":9.89,"max":19.19,"night":12.99,"eve":18.22,"morn":9.89},"feels_like":{"day":15.31,"night":12.2,"eve":17.32,"morn":9.64},"pressure":1008,"humidity":51,"weather":[{"id":500,"main":"Rain","description":"light rain","icon":"10d"}],"speed":3,"deg":252,"gust":6.13,"clouds":71,"pop":0.2,"rain":0.11},{"dt":1744714800,"sunrise":1744692467,"sunset":1744742221,"temp":{"day":12.66,"min":10.54,"max":13.27,"night":10.54,"eve":11.99,"morn":12.41},"feels_like":{"day":12.28,"night":10.1,"eve":11.59,"morn":12.13},"pressure":1001,"humidity":88,"weather":[{"id":500,"main":"Rain","description":"light rain","icon":"10d"}],"speed":3.37,"deg":343,"gust":5.56,"clouds":100,"pop":1,"rain":3.32}]}
--- ENF OF RECEIVED DATA ---

{"city":{"id":2800866,"name":"Brussels","coord":{"lon":4.3488,"lat":50.8504},"country":"BE","population":1019022,"timezone":7200},"cod":"200","message":0.4350562,"cnt":4,"list":[{"dt":1744455600,"sunrise":1744433649,"sunset":1744482728,"temp":{"day":20.97,"min":5.79,"max":23.08,"night":18.14,"eve":22.56,"morn":6.29},"feels_like":{"day":20.11,"night":17.45,"eve":21.81,"morn":3.99},"pressure":1009,"humidity":38,"weather":[{"id":800,"main":"Clear","description":"sky is clear","icon":"01d"}],"speed":6.34,"deg":150,"gust":12.18,"clouds":7,"pop":0},{"dt":1744542000,"sunrise":1744519921,"sunset":1744569226,"temp":{"day":14.43,"min":9.37,"max":17.3,"night":11.3,"eve":15.44,"morn":9.51},"feels_like":{"day":13.97,"night":10.34,"eve":14.42,"morn":6.83},"pressure":1006,"humidity":78,"weather":[{"id":500,"main":"Rain","description":"light rain","icon":"10d"}],"speed":6.6,"deg":261,"gust":12.57,"clouds":100,"pop":1,"rain":1.06},{"dt":1744628400,"sunrise":1744606194,"sunset":1744655723,"temp":{"day":16.29,"min":9.89,"max":19.19,"night":12.99,"eve":18.22,"morn":9.89},"feels_like":{"day":15.31,"night":12.2,"eve":17.32,"morn":9.64},"pressure":1008,"humidity":51,"weather":[{"id":500,"main":"Rain","description":"light rain","icon":"10d"}],"speed":3,"deg":252,"gust":6.13,"clouds":71,"pop":0.2,"rain":0.11},{"dt":1744714800,"sunrise":1744692467,"sunset":1744742221,"temp":{"day":12.66,"min":10.54,"max":13.27,"night":10.54,"eve":11.99,"morn":12.41},"feels_like":{"day":12.28,"night":10.1,"eve":11.59,"morn":12.13},"pressure":1001,"humidity":88,"weather":[{"id":500,"main":"Rain","description":"light rain","icon":"10d"}],"speed":3.37,"deg":343,"gust":5.56,"clouds":100,"pop":1,"rain":3.32}]}
--- ENF OF RECEIVED DATA ---

