________________________________________________
|             CALL API : START                |
________________________________________________

Informations : 
Called API: meteo - 26 March 2025, 18:20
Method: GETMETEO - Timeout : 300 - Cache : 1
URL CALLED : https://api.openweathermap.org/data/2.5/forecast/daily?q=Brussels,be&units=metric&cnt=4&appid=ea18c0706135505149200c3836f29800
-------------------------
________________________________________________
|             CALL API : START                |
________________________________________________

Informations : 
Called API: meteo - 26 March 2025, 18:20
Method: GETMETEO - Timeout : 300 - Cache : 1
URL CALLED : https://api.openweathermap.org/data/2.5/forecast/daily?q=Brussels,be&units=metric&cnt=4&appid=ea18c0706135505149200c3836f29800
-------------------------
{"city":{"id":2800866,"name":"Brussels","coord":{"lon":4.3488,"lat":50.8504},"country":"BE","population":1019022,"timezone":3600},"cod":"200","message":1.6157264,"cnt":4,"list":[{"dt":1742986800,"sunrise":1742967103,"sunset":1743012276,"temp":{"day":12.5,"min":6.2,"max":13.44,"night":7.88,"eve":10.46,"morn":6.41},"feels_like":{"day":11.22,"night":6.53,"eve":9.39,"morn":4.43},"pressure":1024,"humidity":54,"weather":[{"id":800,"main":"Clear","description":"sky is clear","icon":"01d"}],"speed":3.8,"deg":21,"gust":5.94,"clouds":1,"pop":0.8},{"dt":1743073200,"sunrise":1743053368,"sunset":1743098773,"temp":{"day":13.63,"min":5.32,"max":16.27,"night":9.63,"eve":15.08,"morn":5.32},"feels_like":{"day":12.33,"night":9.63,"eve":13.84,"morn":5.32},"pressure":1022,"humidity":49,"weather":[{"id":800,"main":"Clear","description":"sky is clear","icon":"01d"}],"speed":2.18,"deg":53,"gust":3.1,"clouds":7,"pop":0},{"dt":1743159600,"sunrise":1743139633,"sunset":1743185270,"temp":{"day":14.22,"min":6.24,"max":15.52,"night":8.51,"eve":14.06,"morn":6.31},"feels_like":{"day":13.11,"night":6.47,"eve":12.96,"morn":4.3},"pressure":1012,"humidity":54,"weather":[{"id":500,"main":"Rain","description":"light rain","icon":"10d"}],"speed":5.32,"deg":299,"gust":8.79,"clouds":2,"pop":0.63,"rain":0.49},{"dt":1743246000,"sunrise":1743225898,"sunset":1743271768,"temp":{"day":10.21,"min":4.72,"max":10.21,"night":4.72,"eve":8.98,"morn":6.51},"feels_like":{"day":8.8,"night":2.69,"eve":6.21,"morn":3.44},"pressure":1019,"humidity":58,"weather":[{"id":501,"main":"Rain","description":"moderate rain","icon":"10d"}],"speed":6.17,"deg":324,"gust":9.53,"clouds":69,"pop":1,"rain":3.03}]}
--- ENF OF RECEIVED DATA ---

{"city":{"id":2800866,"name":"Brussels","coord":{"lon":4.3488,"lat":50.8504},"country":"BE","population":1019022,"timezone":3600},"cod":"200","message":1.6157264,"cnt":4,"list":[{"dt":1742986800,"sunrise":1742967103,"sunset":1743012276,"temp":{"day":12.5,"min":6.2,"max":13.44,"night":7.88,"eve":10.46,"morn":6.41},"feels_like":{"day":11.22,"night":6.53,"eve":9.39,"morn":4.43},"pressure":1024,"humidity":54,"weather":[{"id":800,"main":"Clear","description":"sky is clear","icon":"01d"}],"speed":3.8,"deg":21,"gust":5.94,"clouds":1,"pop":0.8},{"dt":1743073200,"sunrise":1743053368,"sunset":1743098773,"temp":{"day":13.63,"min":5.32,"max":16.27,"night":9.63,"eve":15.08,"morn":5.32},"feels_like":{"day":12.33,"night":9.63,"eve":13.84,"morn":5.32},"pressure":1022,"humidity":49,"weather":[{"id":800,"main":"Clear","description":"sky is clear","icon":"01d"}],"speed":2.18,"deg":53,"gust":3.1,"clouds":7,"pop":0},{"dt":1743159600,"sunrise":1743139633,"sunset":1743185270,"temp":{"day":14.22,"min":6.24,"max":15.52,"night":8.51,"eve":14.06,"morn":6.31},"feels_like":{"day":13.11,"night":6.47,"eve":12.96,"morn":4.3},"pressure":1012,"humidity":54,"weather":[{"id":500,"main":"Rain","description":"light rain","icon":"10d"}],"speed":5.32,"deg":299,"gust":8.79,"clouds":2,"pop":0.63,"rain":0.49},{"dt":1743246000,"sunrise":1743225898,"sunset":1743271768,"temp":{"day":10.21,"min":4.72,"max":10.21,"night":4.72,"eve":8.98,"morn":6.51},"feels_like":{"day":8.8,"night":2.69,"eve":6.21,"morn":3.44},"pressure":1019,"humidity":58,"weather":[{"id":501,"main":"Rain","description":"moderate rain","icon":"10d"}],"speed":6.17,"deg":324,"gust":9.53,"clouds":69,"pop":1,"rain":3.03}]}
--- ENF OF RECEIVED DATA ---

