________________________________________________
|             CALL API : START                |
________________________________________________

Informations : 
Called API: meteo - 31 January 2024, 10:00
Method: GETMETEO - Timeout : 300 - Cache : 1
URL CALLED : https://api.openweathermap.org/data/2.5/forecast/daily?q=Brussels,be&units=metric&cnt=4&appid=ea18c0706135505149200c3836f29800
-------------------------
________________________________________________
|             CALL API : START                |
________________________________________________

Informations : 
Called API: meteo - 31 January 2024, 10:00
Method: GETMETEO - Timeout : 300 - Cache : 1
URL CALLED : https://api.openweathermap.org/data/2.5/forecast/daily?q=Brussels,be&units=metric&cnt=4&appid=ea18c0706135505149200c3836f29800
-------------------------
{"city":{"id":2800866,"name":"Brussels","coord":{"lon":4.3488,"lat":50.8504},"country":"BE","population":1019022,"timezone":3600},"cod":"200","message":130.9236783,"cnt":4,"list":[{"dt":1706698800,"sunrise":1706685678,"sunset":1706718627,"temp":{"day":6.78,"min":5.94,"max":8.69,"night":6.86,"eve":6.88,"morn":6.23},"feels_like":{"day":3.63,"night":2.82,"eve":3.37,"morn":4.98},"pressure":1034,"humidity":81,"weather":[{"id":803,"main":"Clouds","description":"broken clouds","icon":"04d"}],"speed":7.26,"deg":226,"gust":16.79,"clouds":59,"pop":0},{"dt":1706785200,"sunrise":1706771991,"sunset":1706805133,"temp":{"day":7.4,"min":3.72,"max":8.96,"night":3.72,"eve":5.28,"morn":8.44},"feels_like":{"day":5.04,"night":1.61,"eve":3.79,"morn":5.93},"pressure":1034,"humidity":65,"weather":[{"id":501,"main":"Rain","description":"moderate rain","icon":"10d"}],"speed":7.49,"deg":233,"gust":17.02,"clouds":61,"pop":1,"rain":4.01},{"dt":1706871600,"sunrise":1706858303,"sunset":1706891639,"temp":{"day":7.36,"min":2.82,"max":9.61,"night":8.59,"eve":7.75,"morn":2.82},"feels_like":{"day":3.6,"night":5.68,"eve":4.22,"morn":-1.16},"pressure":1033,"humidity":68,"weather":[{"id":802,"main":"Clouds","description":"scattered clouds","icon":"03d"}],"speed":7,"deg":239,"gust":14.3,"clouds":29,"pop":0},{"dt":1706958000,"sunrise":1706944612,"sunset":1706978146,"temp":{"day":10.01,"min":9.13,"max":10.83,"night":9.28,"eve":10.41,"morn":9.13},"feels_like":{"day":9.39,"night":6.08,"eve":9.8,"morn":6.43},"pressure":1029,"humidity":89,"weather":[{"id":500,"main":"Rain","description":"light rain","icon":"10d"}],"speed":6.78,"deg":234,"gust":14.23,"clouds":100,"pop":0.2,"rain":0.43}]}
--- ENF OF RECEIVED DATA ---

{"city":{"id":2800866,"name":"Brussels","coord":{"lon":4.3488,"lat":50.8504},"country":"BE","population":1019022,"timezone":3600},"cod":"200","message":130.9236783,"cnt":4,"list":[{"dt":1706698800,"sunrise":1706685678,"sunset":1706718627,"temp":{"day":6.78,"min":5.94,"max":8.69,"night":6.86,"eve":6.88,"morn":6.23},"feels_like":{"day":3.63,"night":2.82,"eve":3.37,"morn":4.98},"pressure":1034,"humidity":81,"weather":[{"id":803,"main":"Clouds","description":"broken clouds","icon":"04d"}],"speed":7.26,"deg":226,"gust":16.79,"clouds":59,"pop":0},{"dt":1706785200,"sunrise":1706771991,"sunset":1706805133,"temp":{"day":7.4,"min":3.72,"max":8.96,"night":3.72,"eve":5.28,"morn":8.44},"feels_like":{"day":5.04,"night":1.61,"eve":3.79,"morn":5.93},"pressure":1034,"humidity":65,"weather":[{"id":501,"main":"Rain","description":"moderate rain","icon":"10d"}],"speed":7.49,"deg":233,"gust":17.02,"clouds":61,"pop":1,"rain":4.01},{"dt":1706871600,"sunrise":1706858303,"sunset":1706891639,"temp":{"day":7.36,"min":2.82,"max":9.61,"night":8.59,"eve":7.75,"morn":2.82},"feels_like":{"day":3.6,"night":5.68,"eve":4.22,"morn":-1.16},"pressure":1033,"humidity":68,"weather":[{"id":802,"main":"Clouds","description":"scattered clouds","icon":"03d"}],"speed":7,"deg":239,"gust":14.3,"clouds":29,"pop":0},{"dt":1706958000,"sunrise":1706944612,"sunset":1706978146,"temp":{"day":10.01,"min":9.13,"max":10.83,"night":9.28,"eve":10.41,"morn":9.13},"feels_like":{"day":9.39,"night":6.08,"eve":9.8,"morn":6.43},"pressure":1029,"humidity":89,"weather":[{"id":500,"main":"Rain","description":"light rain","icon":"10d"}],"speed":6.78,"deg":234,"gust":14.23,"clouds":100,"pop":0.2,"rain":0.43}]}
--- ENF OF RECEIVED DATA ---

