________________________________________________
|             CALL API : START                |
________________________________________________

Informations : 
Called API: meteo - 3 January 2025, 10:20
Method: GETMETEO - Timeout : 300 - Cache : 1
URL CALLED : https://api.openweathermap.org/data/2.5/forecast/daily?q=Brussels,be&units=metric&cnt=4&appid=ea18c0706135505149200c3836f29800
-------------------------
________________________________________________
|             CALL API : START                |
________________________________________________

Informations : 
Called API: meteo - 3 January 2025, 10:20
Method: GETMETEO - Timeout : 300 - Cache : 1
URL CALLED : https://api.openweathermap.org/data/2.5/forecast/daily?q=Brussels,be&units=metric&cnt=4&appid=ea18c0706135505149200c3836f29800
-------------------------
{"city":{"id":2800866,"name":"Brussels","coord":{"lon":4.3488,"lat":50.8504},"country":"BE","population":1019022,"timezone":3600},"cod":"200","message":0.0738323,"cnt":4,"list":[{"dt":1735902000,"sunrise":1735890284,"sunset":1735919351,"temp":{"day":1.12,"min":-0.07,"max":3.87,"night":2.51,"eve":3.12,"morn":0.03},"feels_like":{"day":-4.05,"night":-0.61,"eve":-0.46,"morn":-4.46},"pressure":1022,"humidity":82,"weather":[{"id":802,"main":"Clouds","description":"scattered clouds","icon":"03d"}],"speed":6.21,"deg":262,"gust":10.57,"clouds":30,"pop":0.05},{"dt":1735988400,"sunrise":1735976670,"sunset":1736005818,"temp":{"day":2.61,"min":0.58,"max":3.44,"night":0.58,"eve":2.28,"morn":1.51},"feels_like":{"day":-0.49,"night":-4.15,"eve":-0.93,"morn":-1.89},"pressure":1020,"humidity":79,"weather":[{"id":601,"main":"Snow","description":"snow","icon":"13d"}],"speed":5.21,"deg":130,"gust":11.36,"clouds":100,"pop":1,"snow":1.68},{"dt":1736074800,"sunrise":1736063053,"sunset":1736092288,"temp":{"day":9.53,"min":0.36,"max":10.33,"night":10.04,"eve":9.87,"morn":4.77},"feels_like":{"day":5.64,"night":9.37,"eve":6.24,"morn":1.73},"pressure":995,"humidity":93,"weather":[{"id":616,"main":"Snow","description":"rain and snow","icon":"13d"}],"speed":10.59,"deg":220,"gust":20.92,"clouds":100,"pop":1,"rain":18.83,"snow":1.26},{"dt":1736161200,"sunrise":1736149433,"sunset":1736178760,"temp":{"day":8.94,"min":4.99,"max":12.05,"night":4.99,"eve":6.58,"morn":11.62},"feels_like":{"day":3.93,"night":0.94,"eve":2.1,"morn":10.85},"pressure":985,"humidity":83,"weather":[{"id":500,"main":"Rain","description":"light rain","icon":"10d"}],"speed":14.65,"deg":217,"gust":25.1,"clouds":95,"pop":1,"rain":1.75}]}
--- ENF OF RECEIVED DATA ---

{"city":{"id":2800866,"name":"Brussels","coord":{"lon":4.3488,"lat":50.8504},"country":"BE","population":1019022,"timezone":3600},"cod":"200","message":0.0738323,"cnt":4,"list":[{"dt":1735902000,"sunrise":1735890284,"sunset":1735919351,"temp":{"day":1.12,"min":-0.07,"max":3.87,"night":2.51,"eve":3.12,"morn":0.03},"feels_like":{"day":-4.05,"night":-0.61,"eve":-0.46,"morn":-4.46},"pressure":1022,"humidity":82,"weather":[{"id":802,"main":"Clouds","description":"scattered clouds","icon":"03d"}],"speed":6.21,"deg":262,"gust":10.57,"clouds":30,"pop":0.05},{"dt":1735988400,"sunrise":1735976670,"sunset":1736005818,"temp":{"day":2.61,"min":0.58,"max":3.44,"night":0.58,"eve":2.28,"morn":1.51},"feels_like":{"day":-0.49,"night":-4.15,"eve":-0.93,"morn":-1.89},"pressure":1020,"humidity":79,"weather":[{"id":601,"main":"Snow","description":"snow","icon":"13d"}],"speed":5.21,"deg":130,"gust":11.36,"clouds":100,"pop":1,"snow":1.68},{"dt":1736074800,"sunrise":1736063053,"sunset":1736092288,"temp":{"day":9.53,"min":0.36,"max":10.33,"night":10.04,"eve":9.87,"morn":4.77},"feels_like":{"day":5.64,"night":9.37,"eve":6.24,"morn":1.73},"pressure":995,"humidity":93,"weather":[{"id":616,"main":"Snow","description":"rain and snow","icon":"13d"}],"speed":10.59,"deg":220,"gust":20.92,"clouds":100,"pop":1,"rain":18.83,"snow":1.26},{"dt":1736161200,"sunrise":1736149433,"sunset":1736178760,"temp":{"day":8.94,"min":4.99,"max":12.05,"night":4.99,"eve":6.58,"morn":11.62},"feels_like":{"day":3.93,"night":0.94,"eve":2.1,"morn":10.85},"pressure":985,"humidity":83,"weather":[{"id":500,"main":"Rain","description":"light rain","icon":"10d"}],"speed":14.65,"deg":217,"gust":25.1,"clouds":95,"pop":1,"rain":1.75}]}
--- ENF OF RECEIVED DATA ---

