________________________________________________
|             CALL API : START                |
________________________________________________

Informations : 
Called API: meteo - 11 February 2025, 06:40
Method: GETMETEO - Timeout : 300 - Cache : 1
URL CALLED : https://api.openweathermap.org/data/2.5/forecast/daily?q=Brussels,be&units=metric&cnt=4&appid=ea18c0706135505149200c3836f29800
-------------------------
________________________________________________
|             CALL API : START                |
________________________________________________

Informations : 
Called API: meteo - 11 February 2025, 06:40
Method: GETMETEO - Timeout : 300 - Cache : 1
URL CALLED : https://api.openweathermap.org/data/2.5/forecast/daily?q=Brussels,be&units=metric&cnt=4&appid=ea18c0706135505149200c3836f29800
-------------------------
{"city":{"id":2800866,"name":"Brussels","coord":{"lon":4.3488,"lat":50.8504},"country":"BE","population":1019022,"timezone":3600},"cod":"200","message":0.214371,"cnt":4,"list":[{"dt":1739271600,"sunrise":1739257344,"sunset":1739292687,"temp":{"day":4.23,"min":0.72,"max":5.23,"night":4.1,"eve":4.61,"morn":0.72},"feels_like":{"day":0.1,"night":2.32,"eve":1.71,"morn":-4.38},"pressure":1018,"humidity":92,"weather":[{"id":616,"main":"Snow","description":"rain and snow","icon":"13d"}],"speed":6.87,"deg":202,"gust":10.61,"clouds":100,"pop":1,"rain":7.59,"snow":1.13},{"dt":1739358000,"sunrise":1739343637,"sunset":1739379194,"temp":{"day":5.72,"min":3.25,"max":6.03,"night":3.46,"eve":4.73,"morn":3.51},"feels_like":{"day":4.6,"night":0.68,"eve":2.89,"morn":2.18},"pressure":1018,"humidity":76,"weather":[{"id":803,"main":"Clouds","description":"broken clouds","icon":"04d"}],"speed":2.97,"deg":21,"gust":4.97,"clouds":60,"pop":0},{"dt":1739444400,"sunrise":1739429928,"sunset":1739465702,"temp":{"day":2.99,"min":-1,"max":3.2,"night":0.3,"eve":1.74,"morn":-0.67},"feels_like":{"day":0.21,"night":-2.51,"eve":-0.01,"morn":-4.23},"pressure":1025,"humidity":66,"weather":[{"id":801,"main":"Clouds","description":"few clouds","icon":"02d"}],"speed":3.78,"deg":22,"gust":6.26,"clouds":11,"pop":0},{"dt":1739530800,"sunrise":1739516218,"sunset":1739552209,"temp":{"day":3.72,"min":-1.16,"max":4.39,"night":-0.44,"eve":0.94,"morn":-1.06},"feels_like":{"day":0.44,"night":-4.19,"eve":-2.51,"morn":-4.15},"pressure":1028,"humidity":60,"weather":[{"id":800,"main":"Clear","description":"sky is clear","icon":"01d"}],"speed":3.76,"deg":73,"gust":6.42,"clouds":7,"pop":0}]}
--- ENF OF RECEIVED DATA ---

{"city":{"id":2800866,"name":"Brussels","coord":{"lon":4.3488,"lat":50.8504},"country":"BE","population":1019022,"timezone":3600},"cod":"200","message":0.214371,"cnt":4,"list":[{"dt":1739271600,"sunrise":1739257344,"sunset":1739292687,"temp":{"day":4.23,"min":0.72,"max":5.23,"night":4.1,"eve":4.61,"morn":0.72},"feels_like":{"day":0.1,"night":2.32,"eve":1.71,"morn":-4.38},"pressure":1018,"humidity":92,"weather":[{"id":616,"main":"Snow","description":"rain and snow","icon":"13d"}],"speed":6.87,"deg":202,"gust":10.61,"clouds":100,"pop":1,"rain":7.59,"snow":1.13},{"dt":1739358000,"sunrise":1739343637,"sunset":1739379194,"temp":{"day":5.72,"min":3.25,"max":6.03,"night":3.46,"eve":4.73,"morn":3.51},"feels_like":{"day":4.6,"night":0.68,"eve":2.89,"morn":2.18},"pressure":1018,"humidity":76,"weather":[{"id":803,"main":"Clouds","description":"broken clouds","icon":"04d"}],"speed":2.97,"deg":21,"gust":4.97,"clouds":60,"pop":0},{"dt":1739444400,"sunrise":1739429928,"sunset":1739465702,"temp":{"day":2.99,"min":-1,"max":3.2,"night":0.3,"eve":1.74,"morn":-0.67},"feels_like":{"day":0.21,"night":-2.51,"eve":-0.01,"morn":-4.23},"pressure":1025,"humidity":66,"weather":[{"id":801,"main":"Clouds","description":"few clouds","icon":"02d"}],"speed":3.78,"deg":22,"gust":6.26,"clouds":11,"pop":0},{"dt":1739530800,"sunrise":1739516218,"sunset":1739552209,"temp":{"day":3.72,"min":-1.16,"max":4.39,"night":-0.44,"eve":0.94,"morn":-1.06},"feels_like":{"day":0.44,"night":-4.19,"eve":-2.51,"morn":-4.15},"pressure":1028,"humidity":60,"weather":[{"id":800,"main":"Clear","description":"sky is clear","icon":"01d"}],"speed":3.76,"deg":73,"gust":6.42,"clouds":7,"pop":0}]}
--- ENF OF RECEIVED DATA ---

