________________________________________________
|             CALL API : START                |
________________________________________________

Informations : 
Called API: meteo - 14 September 2023, 15:20
Method: GETMETEO - Timeout : 300 - Cache : 1
URL CALLED : https://api.openweathermap.org/data/2.5/forecast/daily?q=Brussels,be&units=metric&cnt=4&appid=ea18c0706135505149200c3836f29800
-------------------------
________________________________________________
|             CALL API : START                |
________________________________________________

Informations : 
Called API: meteo - 14 September 2023, 15:20
Method: GETMETEO - Timeout : 300 - Cache : 1
URL CALLED : https://api.openweathermap.org/data/2.5/forecast/daily?q=Brussels,be&units=metric&cnt=4&appid=ea18c0706135505149200c3836f29800
-------------------------
{"city":{"id":2800866,"name":"Brussels","coord":{"lon":4.3488,"lat":50.8504},"country":"BE","population":1019022,"timezone":7200},"cod":"200","message":0.0576522,"cnt":4,"list":[{"dt":1694689200,"sunrise":1694668546,"sunset":1694714471,"temp":{"day":21.84,"min":14.28,"max":22.33,"night":15.93,"eve":21.3,"morn":14.79},"feels_like":{"day":21.52,"night":15.35,"eve":20.92,"morn":14.31},"pressure":1021,"humidity":55,"weather":[{"id":803,"main":"Clouds","description":"broken clouds","icon":"04d"}],"speed":3.23,"deg":112,"gust":5.96,"clouds":63,"pop":0},{"dt":1694775600,"sunrise":1694755038,"sunset":1694800735,"temp":{"day":22.57,"min":13.19,"max":24.08,"night":17.08,"eve":22.08,"morn":13.19},"feels_like":{"day":22.16,"night":16.62,"eve":21.73,"morn":12.6},"pressure":1017,"humidity":49,"weather":[{"id":803,"main":"Clouds","description":"broken clouds","icon":"04d"}],"speed":3.19,"deg":117,"gust":5.92,"clouds":65,"pop":0},{"dt":1694862000,"sunrise":1694841531,"sunset":1694886998,"temp":{"day":23.67,"min":15.09,"max":25.66,"night":18.64,"eve":23.2,"morn":15.09},"feels_like":{"day":23.5,"night":18.47,"eve":23.17,"morn":14.74},"pressure":1015,"humidity":54,"weather":[{"id":804,"main":"Clouds","description":"overcast clouds","icon":"04d"}],"speed":3.58,"deg":47,"gust":8.6,"clouds":93,"pop":0.03},{"dt":1694948400,"sunrise":1694928023,"sunset":1694973262,"temp":{"day":24.68,"min":14.96,"max":26.36,"night":20.53,"eve":22.48,"morn":14.96},"feels_like":{"day":24.69,"night":20.6,"eve":22.56,"morn":14.68},"pressure":1015,"humidity":57,"weather":[{"id":804,"main":"Clouds","description":"overcast clouds","icon":"04d"}],"speed":5.33,"deg":77,"gust":9.34,"clouds":100,"pop":0.1}]}
--- ENF OF RECEIVED DATA ---

{"city":{"id":2800866,"name":"Brussels","coord":{"lon":4.3488,"lat":50.8504},"country":"BE","population":1019022,"timezone":7200},"cod":"200","message":0.0576522,"cnt":4,"list":[{"dt":1694689200,"sunrise":1694668546,"sunset":1694714471,"temp":{"day":21.84,"min":14.28,"max":22.33,"night":15.93,"eve":21.3,"morn":14.79},"feels_like":{"day":21.52,"night":15.35,"eve":20.92,"morn":14.31},"pressure":1021,"humidity":55,"weather":[{"id":803,"main":"Clouds","description":"broken clouds","icon":"04d"}],"speed":3.23,"deg":112,"gust":5.96,"clouds":63,"pop":0},{"dt":1694775600,"sunrise":1694755038,"sunset":1694800735,"temp":{"day":22.57,"min":13.19,"max":24.08,"night":17.08,"eve":22.08,"morn":13.19},"feels_like":{"day":22.16,"night":16.62,"eve":21.73,"morn":12.6},"pressure":1017,"humidity":49,"weather":[{"id":803,"main":"Clouds","description":"broken clouds","icon":"04d"}],"speed":3.19,"deg":117,"gust":5.92,"clouds":65,"pop":0},{"dt":1694862000,"sunrise":1694841531,"sunset":1694886998,"temp":{"day":23.67,"min":15.09,"max":25.66,"night":18.64,"eve":23.2,"morn":15.09},"feels_like":{"day":23.5,"night":18.47,"eve":23.17,"morn":14.74},"pressure":1015,"humidity":54,"weather":[{"id":804,"main":"Clouds","description":"overcast clouds","icon":"04d"}],"speed":3.58,"deg":47,"gust":8.6,"clouds":93,"pop":0.03},{"dt":1694948400,"sunrise":1694928023,"sunset":1694973262,"temp":{"day":24.68,"min":14.96,"max":26.36,"night":20.53,"eve":22.48,"morn":14.96},"feels_like":{"day":24.69,"night":20.6,"eve":22.56,"morn":14.68},"pressure":1015,"humidity":57,"weather":[{"id":804,"main":"Clouds","description":"overcast clouds","icon":"04d"}],"speed":5.33,"deg":77,"gust":9.34,"clouds":100,"pop":0.1}]}
--- ENF OF RECEIVED DATA ---

