________________________________________________
|             CALL API : START                |
________________________________________________

Informations : 
Called API: meteo - 11 July 2024, 01:40
Method: GETMETEO - Timeout : 300 - Cache : 1
URL CALLED : https://api.openweathermap.org/data/2.5/forecast/daily?q=Brussels,be&units=metric&cnt=4&appid=ea18c0706135505149200c3836f29800
-------------------------
________________________________________________
|             CALL API : START                |
________________________________________________

Informations : 
Called API: meteo - 11 July 2024, 01:40
Method: GETMETEO - Timeout : 300 - Cache : 1
URL CALLED : https://api.openweathermap.org/data/2.5/forecast/daily?q=Brussels,be&units=metric&cnt=4&appid=ea18c0706135505149200c3836f29800
-------------------------
{"city":{"id":2800866,"name":"Brussels","coord":{"lon":4.3488,"lat":50.8504},"country":"BE","population":1019022,"timezone":7200},"cod":"200","message":3.2620007,"cnt":4,"list":[{"dt":1720695600,"sunrise":1720669320,"sunset":1720727632,"temp":{"day":20.59,"min":13.21,"max":22.27,"night":15.92,"eve":21.54,"morn":13.21},"feels_like":{"day":20.19,"night":15.4,"eve":21.13,"morn":12.91},"pressure":1019,"humidity":57,"weather":[{"id":803,"main":"Clouds","description":"broken clouds","icon":"04d"}],"speed":4.73,"deg":242,"gust":8.69,"clouds":51,"pop":0},{"dt":1720782000,"sunrise":1720755784,"sunset":1720813983,"temp":{"day":14.48,"min":13.1,"max":15.28,"night":13.1,"eve":13.76,"morn":14.08},"feels_like":{"day":14.44,"night":12.97,"eve":13.62,"morn":14.02},"pressure":1013,"humidity":94,"weather":[{"id":501,"main":"Rain","description":"moderate rain","icon":"10d"}],"speed":5.06,"deg":28,"gust":9.93,"clouds":100,"pop":1,"rain":4.64},{"dt":1720868400,"sunrise":1720842249,"sunset":1720900332,"temp":{"day":14.61,"min":12.53,"max":17.78,"night":12.67,"eve":16.79,"morn":12.66},"feels_like":{"day":14.45,"night":12.32,"eve":16.54,"morn":12.51},"pressure":1014,"humidity":89,"weather":[{"id":500,"main":"Rain","description":"light rain","icon":"10d"}],"speed":3.9,"deg":305,"gust":6.27,"clouds":100,"pop":1,"rain":2.58},{"dt":1720954800,"sunrise":1720928716,"sunset":1720986678,"temp":{"day":21.06,"min":10.63,"max":21.06,"night":16.63,"eve":20.32,"morn":13.06},"feels_like":{"day":20.58,"night":16.41,"eve":20.08,"morn":12.64},"pressure":1013,"humidity":52,"weather":[{"id":500,"main":"Rain","description":"light rain","icon":"10d"}],"speed":4.18,"deg":240,"gust":6.3,"clouds":27,"pop":0.23,"rain":0.24}]}
--- ENF OF RECEIVED DATA ---

{"city":{"id":2800866,"name":"Brussels","coord":{"lon":4.3488,"lat":50.8504},"country":"BE","population":1019022,"timezone":7200},"cod":"200","message":3.2620007,"cnt":4,"list":[{"dt":1720695600,"sunrise":1720669320,"sunset":1720727632,"temp":{"day":20.59,"min":13.21,"max":22.27,"night":15.92,"eve":21.54,"morn":13.21},"feels_like":{"day":20.19,"night":15.4,"eve":21.13,"morn":12.91},"pressure":1019,"humidity":57,"weather":[{"id":803,"main":"Clouds","description":"broken clouds","icon":"04d"}],"speed":4.73,"deg":242,"gust":8.69,"clouds":51,"pop":0},{"dt":1720782000,"sunrise":1720755784,"sunset":1720813983,"temp":{"day":14.48,"min":13.1,"max":15.28,"night":13.1,"eve":13.76,"morn":14.08},"feels_like":{"day":14.44,"night":12.97,"eve":13.62,"morn":14.02},"pressure":1013,"humidity":94,"weather":[{"id":501,"main":"Rain","description":"moderate rain","icon":"10d"}],"speed":5.06,"deg":28,"gust":9.93,"clouds":100,"pop":1,"rain":4.64},{"dt":1720868400,"sunrise":1720842249,"sunset":1720900332,"temp":{"day":14.61,"min":12.53,"max":17.78,"night":12.67,"eve":16.79,"morn":12.66},"feels_like":{"day":14.45,"night":12.32,"eve":16.54,"morn":12.51},"pressure":1014,"humidity":89,"weather":[{"id":500,"main":"Rain","description":"light rain","icon":"10d"}],"speed":3.9,"deg":305,"gust":6.27,"clouds":100,"pop":1,"rain":2.58},{"dt":1720954800,"sunrise":1720928716,"sunset":1720986678,"temp":{"day":21.06,"min":10.63,"max":21.06,"night":16.63,"eve":20.32,"morn":13.06},"feels_like":{"day":20.58,"night":16.41,"eve":20.08,"morn":12.64},"pressure":1013,"humidity":52,"weather":[{"id":500,"main":"Rain","description":"light rain","icon":"10d"}],"speed":4.18,"deg":240,"gust":6.3,"clouds":27,"pop":0.23,"rain":0.24}]}
--- ENF OF RECEIVED DATA ---

