________________________________________________
|             CALL API : START                |
________________________________________________

Informations : 
Called API: meteo - 13 March 2024, 06:20
Method: GETMETEO - Timeout : 300 - Cache : 1
URL CALLED : https://api.openweathermap.org/data/2.5/forecast/daily?q=Brussels,be&units=metric&cnt=4&appid=ea18c0706135505149200c3836f29800
-------------------------
________________________________________________
|             CALL API : START                |
________________________________________________

Informations : 
Called API: meteo - 13 March 2024, 06:20
Method: GETMETEO - Timeout : 300 - Cache : 1
URL CALLED : https://api.openweathermap.org/data/2.5/forecast/daily?q=Brussels,be&units=metric&cnt=4&appid=ea18c0706135505149200c3836f29800
-------------------------
{"city":{"id":2800866,"name":"Brussels","coord":{"lon":4.3488,"lat":50.8504},"country":"BE","population":1019022,"timezone":3600},"cod":"200","message":8.5673785,"cnt":4,"list":[{"dt":1710327600,"sunrise":1710309622,"sunset":1710351826,"temp":{"day":13.15,"min":10.19,"max":13.95,"night":10.87,"eve":13.07,"morn":10.38},"feels_like":{"day":12.45,"night":10.31,"eve":12.47,"morn":9.82},"pressure":1016,"humidity":74,"weather":[{"id":500,"main":"Rain","description":"light rain","icon":"10d"}],"speed":6.44,"deg":240,"gust":12.49,"clouds":100,"pop":0.8,"rain":0.68},{"dt":1710414000,"sunrise":1710395888,"sunset":1710438326,"temp":{"day":15.21,"min":8.69,"max":16.1,"night":11.83,"eve":14.1,"morn":8.75},"feels_like":{"day":14.43,"night":11.18,"eve":13.5,"morn":6.28},"pressure":1013,"humidity":63,"weather":[{"id":803,"main":"Clouds","description":"broken clouds","icon":"04d"}],"speed":6.66,"deg":205,"gust":13.57,"clouds":81,"pop":0},{"dt":1710500400,"sunrise":1710482154,"sunset":1710524824,"temp":{"day":12.89,"min":10.62,"max":14.67,"night":10.62,"eve":12.51,"morn":11.25},"feels_like":{"day":12.32,"night":9.88,"eve":11.93,"morn":10.73},"pressure":1010,"humidity":80,"weather":[{"id":500,"main":"Rain","description":"light rain","icon":"10d"}],"speed":8.23,"deg":223,"gust":14.07,"clouds":100,"pop":1,"rain":2.12},{"dt":1710586800,"sunrise":1710568420,"sunset":1710611323,"temp":{"day":12.23,"min":7.2,"max":12.56,"night":10.92,"eve":11,"morn":7.2},"feels_like":{"day":10.87,"night":10.08,"eve":10.04,"morn":3.48},"pressure":1020,"humidity":52,"weather":[{"id":801,"main":"Clouds","description":"few clouds","icon":"02d"}],"speed":7.39,"deg":246,"gust":13.82,"clouds":20,"pop":0.08}]}
--- ENF OF RECEIVED DATA ---

{"city":{"id":2800866,"name":"Brussels","coord":{"lon":4.3488,"lat":50.8504},"country":"BE","population":1019022,"timezone":3600},"cod":"200","message":8.5673785,"cnt":4,"list":[{"dt":1710327600,"sunrise":1710309622,"sunset":1710351826,"temp":{"day":13.15,"min":10.19,"max":13.95,"night":10.87,"eve":13.07,"morn":10.38},"feels_like":{"day":12.45,"night":10.31,"eve":12.47,"morn":9.82},"pressure":1016,"humidity":74,"weather":[{"id":500,"main":"Rain","description":"light rain","icon":"10d"}],"speed":6.44,"deg":240,"gust":12.49,"clouds":100,"pop":0.8,"rain":0.68},{"dt":1710414000,"sunrise":1710395888,"sunset":1710438326,"temp":{"day":15.21,"min":8.69,"max":16.1,"night":11.83,"eve":14.1,"morn":8.75},"feels_like":{"day":14.43,"night":11.18,"eve":13.5,"morn":6.28},"pressure":1013,"humidity":63,"weather":[{"id":803,"main":"Clouds","description":"broken clouds","icon":"04d"}],"speed":6.66,"deg":205,"gust":13.57,"clouds":81,"pop":0},{"dt":1710500400,"sunrise":1710482154,"sunset":1710524824,"temp":{"day":12.89,"min":10.62,"max":14.67,"night":10.62,"eve":12.51,"morn":11.25},"feels_like":{"day":12.32,"night":9.88,"eve":11.93,"morn":10.73},"pressure":1010,"humidity":80,"weather":[{"id":500,"main":"Rain","description":"light rain","icon":"10d"}],"speed":8.23,"deg":223,"gust":14.07,"clouds":100,"pop":1,"rain":2.12},{"dt":1710586800,"sunrise":1710568420,"sunset":1710611323,"temp":{"day":12.23,"min":7.2,"max":12.56,"night":10.92,"eve":11,"morn":7.2},"feels_like":{"day":10.87,"night":10.08,"eve":10.04,"morn":3.48},"pressure":1020,"humidity":52,"weather":[{"id":801,"main":"Clouds","description":"few clouds","icon":"02d"}],"speed":7.39,"deg":246,"gust":13.82,"clouds":20,"pop":0.08}]}
--- ENF OF RECEIVED DATA ---

