________________________________________________
|             CALL API : START                |
________________________________________________

Informations : 
Called API: meteo - 6 October 2023, 09:50
Method: GETMETEO - Timeout : 300 - Cache : 1
URL CALLED : https://api.openweathermap.org/data/2.5/forecast/daily?q=Brussels,be&units=metric&cnt=4&appid=ea18c0706135505149200c3836f29800
-------------------------
________________________________________________
|             CALL API : START                |
________________________________________________

Informations : 
Called API: meteo - 6 October 2023, 09:50
Method: GETMETEO - Timeout : 300 - Cache : 1
URL CALLED : https://api.openweathermap.org/data/2.5/forecast/daily?q=Brussels,be&units=metric&cnt=4&appid=ea18c0706135505149200c3836f29800
-------------------------
{"city":{"id":2800866,"name":"Brussels","coord":{"lon":4.3488,"lat":50.8504},"country":"BE","population":1019022,"timezone":7200},"cod":"200","message":0.0530003,"cnt":4,"list":[{"dt":1696590000,"sunrise":1696571403,"sunset":1696612284,"temp":{"day":16.36,"min":11.14,"max":20.27,"night":13.34,"eve":16.75,"morn":11.88},"feels_like":{"day":15.75,"night":13.03,"eve":16.15,"morn":11.21},"pressure":1025,"humidity":65,"weather":[{"id":803,"main":"Clouds","description":"broken clouds","icon":"04d"}],"speed":5.81,"deg":238,"gust":11.18,"clouds":59,"pop":0},{"dt":1696676400,"sunrise":1696657899,"sunset":1696698552,"temp":{"day":20.77,"min":12.58,"max":23.27,"night":15.54,"eve":19.58,"morn":13.1},"feels_like":{"day":20.5,"night":15.24,"eve":19.21,"morn":12.92},"pressure":1023,"humidity":61,"weather":[{"id":803,"main":"Clouds","description":"broken clouds","icon":"04d"}],"speed":7.41,"deg":245,"gust":12.42,"clouds":72,"pop":0},{"dt":1696762800,"sunrise":1696744396,"sunset":1696784820,"temp":{"day":15.23,"min":11.66,"max":17,"night":11.66,"eve":13.94,"morn":14.31},"feels_like":{"day":14.45,"night":10.6,"eve":13.06,"morn":14.22},"pressure":1029,"humidity":63,"weather":[{"id":804,"main":"Clouds","description":"overcast clouds","icon":"04d"}],"speed":5,"deg":64,"gust":9.5,"clouds":92,"pop":0},{"dt":1696849200,"sunrise":1696830893,"sunset":1696871089,"temp":{"day":20.39,"min":10.38,"max":21.39,"night":15.46,"eve":16.72,"morn":10.6},"feels_like":{"day":19.82,"night":15.02,"eve":16.3,"morn":9.41},"pressure":1026,"humidity":51,"weather":[{"id":804,"main":"Clouds","description":"overcast clouds","icon":"04d"}],"speed":3.74,"deg":216,"gust":7.98,"clouds":91,"pop":0}]}
--- ENF OF RECEIVED DATA ---

{"city":{"id":2800866,"name":"Brussels","coord":{"lon":4.3488,"lat":50.8504},"country":"BE","population":1019022,"timezone":7200},"cod":"200","message":0.0530003,"cnt":4,"list":[{"dt":1696590000,"sunrise":1696571403,"sunset":1696612284,"temp":{"day":16.36,"min":11.14,"max":20.27,"night":13.34,"eve":16.75,"morn":11.88},"feels_like":{"day":15.75,"night":13.03,"eve":16.15,"morn":11.21},"pressure":1025,"humidity":65,"weather":[{"id":803,"main":"Clouds","description":"broken clouds","icon":"04d"}],"speed":5.81,"deg":238,"gust":11.18,"clouds":59,"pop":0},{"dt":1696676400,"sunrise":1696657899,"sunset":1696698552,"temp":{"day":20.77,"min":12.58,"max":23.27,"night":15.54,"eve":19.58,"morn":13.1},"feels_like":{"day":20.5,"night":15.24,"eve":19.21,"morn":12.92},"pressure":1023,"humidity":61,"weather":[{"id":803,"main":"Clouds","description":"broken clouds","icon":"04d"}],"speed":7.41,"deg":245,"gust":12.42,"clouds":72,"pop":0},{"dt":1696762800,"sunrise":1696744396,"sunset":1696784820,"temp":{"day":15.23,"min":11.66,"max":17,"night":11.66,"eve":13.94,"morn":14.31},"feels_like":{"day":14.45,"night":10.6,"eve":13.06,"morn":14.22},"pressure":1029,"humidity":63,"weather":[{"id":804,"main":"Clouds","description":"overcast clouds","icon":"04d"}],"speed":5,"deg":64,"gust":9.5,"clouds":92,"pop":0},{"dt":1696849200,"sunrise":1696830893,"sunset":1696871089,"temp":{"day":20.39,"min":10.38,"max":21.39,"night":15.46,"eve":16.72,"morn":10.6},"feels_like":{"day":19.82,"night":15.02,"eve":16.3,"morn":9.41},"pressure":1026,"humidity":51,"weather":[{"id":804,"main":"Clouds","description":"overcast clouds","icon":"04d"}],"speed":3.74,"deg":216,"gust":7.98,"clouds":91,"pop":0}]}
--- ENF OF RECEIVED DATA ---

