________________________________________________
|             CALL API : START                |
________________________________________________

Informations : 
Called API: meteo - 26 October 2023, 00:20
Method: GETMETEO - Timeout : 300 - Cache : 1
URL CALLED : https://api.openweathermap.org/data/2.5/forecast/daily?q=Brussels,be&units=metric&cnt=4&appid=ea18c0706135505149200c3836f29800
-------------------------
________________________________________________
|             CALL API : START                |
________________________________________________

Informations : 
Called API: meteo - 26 October 2023, 00:20
Method: GETMETEO - Timeout : 300 - Cache : 1
URL CALLED : https://api.openweathermap.org/data/2.5/forecast/daily?q=Brussels,be&units=metric&cnt=4&appid=ea18c0706135505149200c3836f29800
-------------------------
{"city":{"id":2800866,"name":"Brussels","coord":{"lon":4.3488,"lat":50.8504},"country":"BE","population":1019022,"timezone":7200},"cod":"200","message":0.0464734,"cnt":4,"list":[{"dt":1698318000,"sunrise":1698301392,"sunset":1698337786,"temp":{"day":10.36,"min":8.02,"max":13.53,"night":10.4,"eve":10.91,"morn":8.04},"feels_like":{"day":9.93,"night":9.95,"eve":10.41,"morn":6.75},"pressure":995,"humidity":95,"weather":[{"id":501,"main":"Rain","description":"moderate rain","icon":"10d"}],"speed":4.99,"deg":221,"gust":10.48,"clouds":100,"pop":0.96,"rain":3.99},{"dt":1698404400,"sunrise":1698387895,"sunset":1698424072,"temp":{"day":11.01,"min":8.98,"max":12.95,"night":9.62,"eve":11,"morn":9.11},"feels_like":{"day":10.46,"night":6.72,"eve":10.24,"morn":6.8},"pressure":994,"humidity":88,"weather":[{"id":500,"main":"Rain","description":"light rain","icon":"10d"}],"speed":7.76,"deg":220,"gust":13.83,"clouds":81,"pop":0.59,"rain":1.85},{"dt":1698490800,"sunrise":1698474398,"sunset":1698510359,"temp":{"day":11.77,"min":9.09,"max":13.35,"night":13.07,"eve":13.11,"morn":10.22},"feels_like":{"day":11.12,"night":12.65,"eve":12.7,"morn":9.54},"pressure":996,"humidity":81,"weather":[{"id":500,"main":"Rain","description":"light rain","icon":"10d"}],"speed":9.63,"deg":201,"gust":18.32,"clouds":100,"pop":0.92,"rain":1.75},{"dt":1698577200,"sunrise":1698560901,"sunset":1698596648,"temp":{"day":12.49,"min":11.01,"max":12.52,"night":11.52,"eve":11.37,"morn":11.01},"feels_like":{"day":11.99,"night":10.97,"eve":10.83,"morn":10.36},"pressure":994,"humidity":84,"weather":[{"id":500,"main":"Rain","description":"light rain","icon":"10d"}],"speed":8.67,"deg":198,"gust":16.33,"clouds":75,"pop":0.64,"rain":1.3}]}
--- ENF OF RECEIVED DATA ---

{"city":{"id":2800866,"name":"Brussels","coord":{"lon":4.3488,"lat":50.8504},"country":"BE","population":1019022,"timezone":7200},"cod":"200","message":0.0464734,"cnt":4,"list":[{"dt":1698318000,"sunrise":1698301392,"sunset":1698337786,"temp":{"day":10.36,"min":8.02,"max":13.53,"night":10.4,"eve":10.91,"morn":8.04},"feels_like":{"day":9.93,"night":9.95,"eve":10.41,"morn":6.75},"pressure":995,"humidity":95,"weather":[{"id":501,"main":"Rain","description":"moderate rain","icon":"10d"}],"speed":4.99,"deg":221,"gust":10.48,"clouds":100,"pop":0.96,"rain":3.99},{"dt":1698404400,"sunrise":1698387895,"sunset":1698424072,"temp":{"day":11.01,"min":8.98,"max":12.95,"night":9.62,"eve":11,"morn":9.11},"feels_like":{"day":10.46,"night":6.72,"eve":10.24,"morn":6.8},"pressure":994,"humidity":88,"weather":[{"id":500,"main":"Rain","description":"light rain","icon":"10d"}],"speed":7.76,"deg":220,"gust":13.83,"clouds":81,"pop":0.59,"rain":1.85},{"dt":1698490800,"sunrise":1698474398,"sunset":1698510359,"temp":{"day":11.77,"min":9.09,"max":13.35,"night":13.07,"eve":13.11,"morn":10.22},"feels_like":{"day":11.12,"night":12.65,"eve":12.7,"morn":9.54},"pressure":996,"humidity":81,"weather":[{"id":500,"main":"Rain","description":"light rain","icon":"10d"}],"speed":9.63,"deg":201,"gust":18.32,"clouds":100,"pop":0.92,"rain":1.75},{"dt":1698577200,"sunrise":1698560901,"sunset":1698596648,"temp":{"day":12.49,"min":11.01,"max":12.52,"night":11.52,"eve":11.37,"morn":11.01},"feels_like":{"day":11.99,"night":10.97,"eve":10.83,"morn":10.36},"pressure":994,"humidity":84,"weather":[{"id":500,"main":"Rain","description":"light rain","icon":"10d"}],"speed":8.67,"deg":198,"gust":16.33,"clouds":75,"pop":0.64,"rain":1.3}]}
--- ENF OF RECEIVED DATA ---

