________________________________________________
|             CALL API : START                |
________________________________________________

Informations : 
Called API: meteo - 2 November 2022, 18:10
Method: GETMETEO - Timeout : 300 - Cache : 1
URL CALLED : https://rmipro.meteo.be/products/bx1/5373bc0393d004fc/web_forecast
-------------------------
________________________________________________
|             CALL API : START                |
________________________________________________

Informations : 
Called API: meteo - 2 November 2022, 18:10
Method: GETMETEO - Timeout : 300 - Cache : 1
URL CALLED : https://rmipro.meteo.be/products/bx1/5373bc0393d004fc/web_forecast
-------------------------
<?xml version='1.0' encoding='UTF-8'?>
<meteo>
  <generationDate>02/11/2022 15:58</generationDate>
  <forecast date="20221102" period="NIGHT">
    <titledate>02/11/22</titledate>
    <titleday>mercredi</titleday>
    <data>
      <city>Ostende</city>
      <tempMin>11 </tempMin>
      <weathertype>TNN3</weathertype>
    </data>
    <data>
      <city>Anvers</city>
      <tempMin>12 </tempMin>
      <weathertype>TNN2</weathertype>
    </data>
    <data>
      <city>Bruxelles</city>
      <tempMin>12 </tempMin>
      <weathertype>TNN2</weathertype>
    </data>
    <data>
      <city>Namur</city>
      <tempMin>10 </tempMin>
      <weathertype>TNN2</weathertype>
    </data>
    <data>
      <city>Liege</city>
      <tempMin>10 </tempMin>
      <weathertype>TNN2</weathertype>
    </data>
    <data>
      <city>Arlon</city>
      <tempMin>8 </tempMin>
      <weathertype>TNN2</weathertype>
    </data>
  </forecast>
  <forecast date="20221103" period="AM">
    <titledate>03/11/22</titledate>
    <titleday>jeudi</titleday>
    <data>
      <city>Ostende</city>
      <tempMax>13 </tempMax>
      <weathertype>TJ6</weathertype>
    </data>
    <data>
      <city>Anvers</city>
      <tempMax>14 </tempMax>
      <weathertype>TJ3</weathertype>
    </data>
    <data>
      <city>Bruxelles</city>
      <tempMax>15 </tempMax>
      <weathertype>TJ3</weathertype>
    </data>
    <data>
      <city>Namur</city>
      <tempMax>12 </tempMax>
      <weathertype>TJ10</weathertype>
    </data>
    <data>
      <city>Liege</city>
      <tempMax>14 </tempMax>
      <weathertype>TJ3</weathertype>
    </data>
    <data>
      <city>Arlon</city>
      <tempMax>11 </tempMax>
      <weathertype>TJ3</weathertype>
    </data>
  </forecast>
  <forecast date="20221103" period="PM">
    <titledate>03/11/22</titledate>
    <titleday>jeudi</titleday>
    <data>
      <city>Ostende</city>
      <tempMax>15 </tempMax>
      <weathertype>TJ3</weathertype>
    </data>
    <data>
      <city>Anvers</city>
      <tempMax>15 </tempMax>
      <weathertype>TJ6</weathertype>
    </data>
    <data>
      <city>Bruxelles</city>
      <tempMax>15 </tempMax>
      <weathertype>TJ6</weathertype>
    </data>
    <data>
      <city>Namur</city>
      <tempMax>14 </tempMax>
      <weathertype>TJ10</weathertype>
    </data>
    <data>
      <city>Liege</city>
      <tempMax>15 </tempMax>
      <weathertype>TJ10</weathertype>
    </data>
    <data>
      <city>Arlon</city>
      <tempMax>13 </tempMax>
      <weathertype>TJ10</weathertype>
    </data>
  </forecast>
  <forecast date="20221104" period="DAY">
    <titledate>04/11/22</titledate>
    <titleday>vendredi</titleday>
    <data>
      <city>Ostende</city>
      <tempMin>8 </tempMin>
      <tempMax>13 </tempMax>
      <weathertype>TJ11</weathertype>
    </data>
    <data>
      <city>Anvers</city>
      <tempMin>7 </tempMin>
      <tempMax>12 </tempMax>
      <weathertype>TJ11</weathertype>
    </data>
    <data>
      <city>Bruxelles</city>
      <tempMin>7 </tempMin>
      <tempMax>12 </tempMax>
      <weathertype>TJ11</weathertype>
    </data>
    <data>
      <city>Namur</city>
      <tempMin>4 </tempMin>
      <tempMax>10 </tempMax>
      <weathertype>TJ11</weathertype>
    </data>
    <data>
      <city>Liege</city>
      <tempMin>6 </tempMin>
      <tempMax>11 </tempMax>
      <weathertype>TJ11</weathertype>
    </data>
    <data>
      <city>Arlon</city>
      <tempMin>4 </tempMin>
      <tempMax>8 </tempMax>
      <weathertype>TJ10</weathertype>
    </data>
  </forecast>
  <forecast date="20221105" period="DAY">
    <titledate>05/11/22</titledate>
    <titleday>samedi</titleday>
    <data>
      <city>Ostende</city>
      <tempMin>9 </tempMin>
      <tempMax>13 </tempMax>
      <weathertype>TJ2</weathertype>
    </data>
    <data>
      <city>Anvers</city>
      <tempMin>8 </tempMin>
      <tempMax>12 </tempMax>
      <weathertype>TJ2</weathertype>
    </data>
    <data>
      <city>Bruxelles</city>
      <tempMin>8 </tempMin>
      <tempMax>12 </tempMax>
      <weathertype>TJ2</weathertype>
    </data>
    <data>
      <city>Namur</city>
      <tempMin>3 </tempMin>
      <tempMax>8 </tempMax>
      <weathertype>TJ2</weathertype>
    </data>
    <data>
      <city>Liege</city>
      <tempMin>6 </tempMin>
      <tempMax>12 </tempMax>
      <weathertype>TJ2</weathertype>
    </data>
    <data>
      <city>Arlon</city>
      <tempMin>3 </tempMin>
      <tempMax>8 </tempMax>
      <weathertype>TJ2</weathertype>
    </data>
  </forecast>
  <forecast date="20221106" period="DAY">
    <titledate>06/11/22</titledate>
    <titleday>dimanche</titleday>
    <data>
      <city>Ostende</city>
      <tempMin>10 </tempMin>
      <tempMax>12 </tempMax>
      <weathertype>TJ6</weathertype>
    </data>
    <data>
      <city>Anvers</city>
      <tempMin>9 </tempMin>
      <tempMax>12 </tempMax>
      <weathertype>TJ10</weathertype>
    </data>
    <data>
      <city>Bruxelles</city>
      <tempMin>9 </tempMin>
      <tempMax>12 </tempMax>
      <weathertype>TJ10</weathertype>
    </data>
    <data>
      <city>Namur</city>
      <tempMin>6 </tempMin>
      <tempMax>7 </tempMax>
      <weathertype>TJ2</weathertype>
    </data>
    <data>
      <city>Liege</city>
      <tempMin>9 </tempMin>
      <tempMax>11 </tempMax>
      <weathertype>TJ2</weathertype>
    </data>
    <data>
      <city>Arlon</city>
      <tempMin>6 </tempMin>
      <tempMax>7 </tempMax>
      <weathertype>TJ2</weathertype>
    </data>
  </forecast>
  <forecast_foreign date="20221102" period="DAY">
    <titledate>02/11/22</titledate>
    <titleday>mercredi</titleday>
    <data>
      <city>Paris</city>
      <temp>13 </temp>
      <weathertype>TJ1</weathertype>
    </data>
    <data>
      <city>Londres</city>
      <temp>11 </temp>
      <weathertype>TJ2</weathertype>
    </data>
    <data>
      <city>Amsterdam</city>
      <temp>13 </temp>
      <weathertype>TJ1</weathertype>
    </data>
  </forecast_foreign>
  <forecast_foreign date="20221103" period="DAY">
    <titledate>03/11/22</titledate>
    <titleday>jeudi</titleday>
    <data>
      <city>Paris</city>
      <temp>14 </temp>
      <weathertype>TJ7</weathertype>
    </data>
    <data>
      <city>Londres</city>
      <temp>13 </temp>
      <weathertype>TJ6</weathertype>
    </data>
    <data>
      <city>Amsterdam</city>
      <temp>13 </temp>
      <weathertype>TJ7</weathertype>
    </data>
  </forecast_foreign>
  <Ephemerides>
    <Ephemeride>
      <titledate>02/11/22</titledate>
      <titleday>mercredi</titleday>
      <data>
        <sunRise>07:36</sunRise>
        <sunSet>17:16</sunSet>
        <gain>-4 </gain>
      </data>
    </Ephemeride>
    <Ephemeride>
      <titledate>03/11/22</titledate>
      <titleday>jeudi</titleday>
      <data>
        <sunRise>07:38</sunRise>
        <sunSet>17:14</sunSet>
        <gain>-4 </gain>
      </data>
    </Ephemeride>
    <Ephemeride>
      <titledate>04/11/22</titledate>
      <titleday>vendredi</titleday>
      <data>
        <sunRise>07:39</sunRise>
        <sunSet>17:13</sunSet>
        <gain>-2 </gain>
      </data>
    </Ephemeride>
    <Ephemeride>
      <titledate>05/11/22</titledate>
      <titleday>samedi</titleday>
      <data>
        <sunRise>07:41</sunRise>
        <sunSet>17:11</sunSet>
        <gain>-4 </gain>
      </data>
    </Ephemeride>
  </Ephemerides>
  <indices>
    <indice>
      <titledate>02/11/22</titledate>
      <titleday>mercredi</titleday>
      <data>
        <value>3</value>
        <evaluation>bonne</evaluation>
      </data>
    </indice>
    <indice>
      <titledate>03/11/22</titledate>
      <titleday>jeudi</titleday>
      <data>
        <value>2</value>
        <evaluation>très bonne</evaluation>
      </data>
    </indice>
    <indice>
      <titledate>04/11/22</titledate>
      <titleday>vendredi</titleday>
      <data>
        <value>3</value>
        <evaluation>bonne</evaluation>
      </data>
    </indice>
  </indices>
</meteo>

--- ENF OF RECEIVED DATA ---

<?xml version='1.0' encoding='UTF-8'?>
<meteo>
  <generationDate>02/11/2022 15:58</generationDate>
  <forecast date="20221102" period="NIGHT">
    <titledate>02/11/22</titledate>
    <titleday>mercredi</titleday>
    <data>
      <city>Ostende</city>
      <tempMin>11 </tempMin>
      <weathertype>TNN3</weathertype>
    </data>
    <data>
      <city>Anvers</city>
      <tempMin>12 </tempMin>
      <weathertype>TNN2</weathertype>
    </data>
    <data>
      <city>Bruxelles</city>
      <tempMin>12 </tempMin>
      <weathertype>TNN2</weathertype>
    </data>
    <data>
      <city>Namur</city>
      <tempMin>10 </tempMin>
      <weathertype>TNN2</weathertype>
    </data>
    <data>
      <city>Liege</city>
      <tempMin>10 </tempMin>
      <weathertype>TNN2</weathertype>
    </data>
    <data>
      <city>Arlon</city>
      <tempMin>8 </tempMin>
      <weathertype>TNN2</weathertype>
    </data>
  </forecast>
  <forecast date="20221103" period="AM">
    <titledate>03/11/22</titledate>
    <titleday>jeudi</titleday>
    <data>
      <city>Ostende</city>
      <tempMax>13 </tempMax>
      <weathertype>TJ6</weathertype>
    </data>
    <data>
      <city>Anvers</city>
      <tempMax>14 </tempMax>
      <weathertype>TJ3</weathertype>
    </data>
    <data>
      <city>Bruxelles</city>
      <tempMax>15 </tempMax>
      <weathertype>TJ3</weathertype>
    </data>
    <data>
      <city>Namur</city>
      <tempMax>12 </tempMax>
      <weathertype>TJ10</weathertype>
    </data>
    <data>
      <city>Liege</city>
      <tempMax>14 </tempMax>
      <weathertype>TJ3</weathertype>
    </data>
    <data>
      <city>Arlon</city>
      <tempMax>11 </tempMax>
      <weathertype>TJ3</weathertype>
    </data>
  </forecast>
  <forecast date="20221103" period="PM">
    <titledate>03/11/22</titledate>
    <titleday>jeudi</titleday>
    <data>
      <city>Ostende</city>
      <tempMax>15 </tempMax>
      <weathertype>TJ3</weathertype>
    </data>
    <data>
      <city>Anvers</city>
      <tempMax>15 </tempMax>
      <weathertype>TJ6</weathertype>
    </data>
    <data>
      <city>Bruxelles</city>
      <tempMax>15 </tempMax>
      <weathertype>TJ6</weathertype>
    </data>
    <data>
      <city>Namur</city>
      <tempMax>14 </tempMax>
      <weathertype>TJ10</weathertype>
    </data>
    <data>
      <city>Liege</city>
      <tempMax>15 </tempMax>
      <weathertype>TJ10</weathertype>
    </data>
    <data>
      <city>Arlon</city>
      <tempMax>13 </tempMax>
      <weathertype>TJ10</weathertype>
    </data>
  </forecast>
  <forecast date="20221104" period="DAY">
    <titledate>04/11/22</titledate>
    <titleday>vendredi</titleday>
    <data>
      <city>Ostende</city>
      <tempMin>8 </tempMin>
      <tempMax>13 </tempMax>
      <weathertype>TJ11</weathertype>
    </data>
    <data>
      <city>Anvers</city>
      <tempMin>7 </tempMin>
      <tempMax>12 </tempMax>
      <weathertype>TJ11</weathertype>
    </data>
    <data>
      <city>Bruxelles</city>
      <tempMin>7 </tempMin>
      <tempMax>12 </tempMax>
      <weathertype>TJ11</weathertype>
    </data>
    <data>
      <city>Namur</city>
      <tempMin>4 </tempMin>
      <tempMax>10 </tempMax>
      <weathertype>TJ11</weathertype>
    </data>
    <data>
      <city>Liege</city>
      <tempMin>6 </tempMin>
      <tempMax>11 </tempMax>
      <weathertype>TJ11</weathertype>
    </data>
    <data>
      <city>Arlon</city>
      <tempMin>4 </tempMin>
      <tempMax>8 </tempMax>
      <weathertype>TJ10</weathertype>
    </data>
  </forecast>
  <forecast date="20221105" period="DAY">
    <titledate>05/11/22</titledate>
    <titleday>samedi</titleday>
    <data>
      <city>Ostende</city>
      <tempMin>9 </tempMin>
      <tempMax>13 </tempMax>
      <weathertype>TJ2</weathertype>
    </data>
    <data>
      <city>Anvers</city>
      <tempMin>8 </tempMin>
      <tempMax>12 </tempMax>
      <weathertype>TJ2</weathertype>
    </data>
    <data>
      <city>Bruxelles</city>
      <tempMin>8 </tempMin>
      <tempMax>12 </tempMax>
      <weathertype>TJ2</weathertype>
    </data>
    <data>
      <city>Namur</city>
      <tempMin>3 </tempMin>
      <tempMax>8 </tempMax>
      <weathertype>TJ2</weathertype>
    </data>
    <data>
      <city>Liege</city>
      <tempMin>6 </tempMin>
      <tempMax>12 </tempMax>
      <weathertype>TJ2</weathertype>
    </data>
    <data>
      <city>Arlon</city>
      <tempMin>3 </tempMin>
      <tempMax>8 </tempMax>
      <weathertype>TJ2</weathertype>
    </data>
  </forecast>
  <forecast date="20221106" period="DAY">
    <titledate>06/11/22</titledate>
    <titleday>dimanche</titleday>
    <data>
      <city>Ostende</city>
      <tempMin>10 </tempMin>
      <tempMax>12 </tempMax>
      <weathertype>TJ6</weathertype>
    </data>
    <data>
      <city>Anvers</city>
      <tempMin>9 </tempMin>
      <tempMax>12 </tempMax>
      <weathertype>TJ10</weathertype>
    </data>
    <data>
      <city>Bruxelles</city>
      <tempMin>9 </tempMin>
      <tempMax>12 </tempMax>
      <weathertype>TJ10</weathertype>
    </data>
    <data>
      <city>Namur</city>
      <tempMin>6 </tempMin>
      <tempMax>7 </tempMax>
      <weathertype>TJ2</weathertype>
    </data>
    <data>
      <city>Liege</city>
      <tempMin>9 </tempMin>
      <tempMax>11 </tempMax>
      <weathertype>TJ2</weathertype>
    </data>
    <data>
      <city>Arlon</city>
      <tempMin>6 </tempMin>
      <tempMax>7 </tempMax>
      <weathertype>TJ2</weathertype>
    </data>
  </forecast>
  <forecast_foreign date="20221102" period="DAY">
    <titledate>02/11/22</titledate>
    <titleday>mercredi</titleday>
    <data>
      <city>Paris</city>
      <temp>13 </temp>
      <weathertype>TJ1</weathertype>
    </data>
    <data>
      <city>Londres</city>
      <temp>11 </temp>
      <weathertype>TJ2</weathertype>
    </data>
    <data>
      <city>Amsterdam</city>
      <temp>13 </temp>
      <weathertype>TJ1</weathertype>
    </data>
  </forecast_foreign>
  <forecast_foreign date="20221103" period="DAY">
    <titledate>03/11/22</titledate>
    <titleday>jeudi</titleday>
    <data>
      <city>Paris</city>
      <temp>14 </temp>
      <weathertype>TJ7</weathertype>
    </data>
    <data>
      <city>Londres</city>
      <temp>13 </temp>
      <weathertype>TJ6</weathertype>
    </data>
    <data>
      <city>Amsterdam</city>
      <temp>13 </temp>
      <weathertype>TJ7</weathertype>
    </data>
  </forecast_foreign>
  <Ephemerides>
    <Ephemeride>
      <titledate>02/11/22</titledate>
      <titleday>mercredi</titleday>
      <data>
        <sunRise>07:36</sunRise>
        <sunSet>17:16</sunSet>
        <gain>-4 </gain>
      </data>
    </Ephemeride>
    <Ephemeride>
      <titledate>03/11/22</titledate>
      <titleday>jeudi</titleday>
      <data>
        <sunRise>07:38</sunRise>
        <sunSet>17:14</sunSet>
        <gain>-4 </gain>
      </data>
    </Ephemeride>
    <Ephemeride>
      <titledate>04/11/22</titledate>
      <titleday>vendredi</titleday>
      <data>
        <sunRise>07:39</sunRise>
        <sunSet>17:13</sunSet>
        <gain>-2 </gain>
      </data>
    </Ephemeride>
    <Ephemeride>
      <titledate>05/11/22</titledate>
      <titleday>samedi</titleday>
      <data>
        <sunRise>07:41</sunRise>
        <sunSet>17:11</sunSet>
        <gain>-4 </gain>
      </data>
    </Ephemeride>
  </Ephemerides>
  <indices>
    <indice>
      <titledate>02/11/22</titledate>
      <titleday>mercredi</titleday>
      <data>
        <value>3</value>
        <evaluation>bonne</evaluation>
      </data>
    </indice>
    <indice>
      <titledate>03/11/22</titledate>
      <titleday>jeudi</titleday>
      <data>
        <value>2</value>
        <evaluation>très bonne</evaluation>
      </data>
    </indice>
    <indice>
      <titledate>04/11/22</titledate>
      <titleday>vendredi</titleday>
      <data>
        <value>3</value>
        <evaluation>bonne</evaluation>
      </data>
    </indice>
  </indices>
</meteo>

--- ENF OF RECEIVED DATA ---

