________________________________________________
|             CALL API : START                |
________________________________________________

Informations : 
Called API: meteo - 28 October 2024, 07:00
Method: GETMETEO - Timeout : 300 - Cache : 1
URL CALLED : https://api.openweathermap.org/data/2.5/forecast/daily?q=Brussels,be&units=metric&cnt=4&appid=ea18c0706135505149200c3836f29800
-------------------------
________________________________________________
|             CALL API : START                |
________________________________________________

Informations : 
Called API: meteo - 28 October 2024, 07:00
Method: GETMETEO - Timeout : 300 - Cache : 1
URL CALLED : https://api.openweathermap.org/data/2.5/forecast/daily?q=Brussels,be&units=metric&cnt=4&appid=ea18c0706135505149200c3836f29800
-------------------------
{"city":{"id":2800866,"name":"Brussels","coord":{"lon":4.3488,"lat":50.8504},"country":"BE","population":1019022,"timezone":3600},"cod":"200","message":0.0826832,"cnt":4,"list":[{"dt":1730113200,"sunrise":1730096875,"sunset":1730132677,"temp":{"day":15.26,"min":11.18,"max":16.35,"night":11.68,"eve":14.08,"morn":11.3},"feels_like":{"day":14.72,"night":11.33,"eve":13.63,"morn":10.86},"pressure":1024,"humidity":72,"weather":[{"id":804,"main":"Clouds","description":"overcast clouds","icon":"04d"}],"speed":6.11,"deg":227,"gust":10,"clouds":100,"pop":0},{"dt":1730199600,"sunrise":1730183378,"sunset":1730218966,"temp":{"day":12.89,"min":10.93,"max":14.04,"night":13.12,"eve":13.53,"morn":10.93},"feels_like":{"day":12.45,"night":12.89,"eve":13.13,"morn":10.51},"pressure":1026,"humidity":85,"weather":[{"id":500,"main":"Rain","description":"light rain","icon":"10d"}],"speed":4.34,"deg":213,"gust":9.79,"clouds":95,"pop":0.32,"rain":0.25},{"dt":1730286000,"sunrise":1730269882,"sunset":1730305258,"temp":{"day":14.8,"min":11.77,"max":16.41,"night":11.77,"eve":13.44,"morn":13.25},"feels_like":{"day":14.4,"night":11.33,"eve":12.9,"morn":13.03},"pressure":1027,"humidity":79,"weather":[{"id":500,"main":"Rain","description":"light rain","icon":"10d"}],"speed":1.88,"deg":202,"gust":2.24,"clouds":100,"pop":0.2,"rain":0.48},{"dt":1730372400,"sunrise":1730356386,"sunset":1730391550,"temp":{"day":16.3,"min":9.6,"max":16.3,"night":11.02,"eve":12.13,"morn":9.74},"feels_like":{"day":15.55,"night":10.32,"eve":11.44,"morn":8.86},"pressure":1027,"humidity":60,"weather":[{"id":800,"main":"Clear","description":"sky is clear","icon":"01d"}],"speed":2.31,"deg":69,"gust":3.42,"clouds":3,"pop":0}]}
--- ENF OF RECEIVED DATA ---

{"city":{"id":2800866,"name":"Brussels","coord":{"lon":4.3488,"lat":50.8504},"country":"BE","population":1019022,"timezone":3600},"cod":"200","message":0.0826832,"cnt":4,"list":[{"dt":1730113200,"sunrise":1730096875,"sunset":1730132677,"temp":{"day":15.26,"min":11.18,"max":16.35,"night":11.68,"eve":14.08,"morn":11.3},"feels_like":{"day":14.72,"night":11.33,"eve":13.63,"morn":10.86},"pressure":1024,"humidity":72,"weather":[{"id":804,"main":"Clouds","description":"overcast clouds","icon":"04d"}],"speed":6.11,"deg":227,"gust":10,"clouds":100,"pop":0},{"dt":1730199600,"sunrise":1730183378,"sunset":1730218966,"temp":{"day":12.89,"min":10.93,"max":14.04,"night":13.12,"eve":13.53,"morn":10.93},"feels_like":{"day":12.45,"night":12.89,"eve":13.13,"morn":10.51},"pressure":1026,"humidity":85,"weather":[{"id":500,"main":"Rain","description":"light rain","icon":"10d"}],"speed":4.34,"deg":213,"gust":9.79,"clouds":95,"pop":0.32,"rain":0.25},{"dt":1730286000,"sunrise":1730269882,"sunset":1730305258,"temp":{"day":14.8,"min":11.77,"max":16.41,"night":11.77,"eve":13.44,"morn":13.25},"feels_like":{"day":14.4,"night":11.33,"eve":12.9,"morn":13.03},"pressure":1027,"humidity":79,"weather":[{"id":500,"main":"Rain","description":"light rain","icon":"10d"}],"speed":1.88,"deg":202,"gust":2.24,"clouds":100,"pop":0.2,"rain":0.48},{"dt":1730372400,"sunrise":1730356386,"sunset":1730391550,"temp":{"day":16.3,"min":9.6,"max":16.3,"night":11.02,"eve":12.13,"morn":9.74},"feels_like":{"day":15.55,"night":10.32,"eve":11.44,"morn":8.86},"pressure":1027,"humidity":60,"weather":[{"id":800,"main":"Clear","description":"sky is clear","icon":"01d"}],"speed":2.31,"deg":69,"gust":3.42,"clouds":3,"pop":0}]}
--- ENF OF RECEIVED DATA ---

