________________________________________________
|             CALL API : START                |
________________________________________________

Informations : 
Called API: meteo - 7 June 2024, 20:10
Method: GETMETEO - Timeout : 300 - Cache : 1
URL CALLED : https://api.openweathermap.org/data/2.5/forecast/daily?q=Brussels,be&units=metric&cnt=4&appid=ea18c0706135505149200c3836f29800
-------------------------
________________________________________________
|             CALL API : START                |
________________________________________________

Informations : 
Called API: meteo - 7 June 2024, 20:10
Method: GETMETEO - Timeout : 300 - Cache : 1
URL CALLED : https://api.openweathermap.org/data/2.5/forecast/daily?q=Brussels,be&units=metric&cnt=4&appid=ea18c0706135505149200c3836f29800
-------------------------
{"city":{"id":2800866,"name":"Brussels","coord":{"lon":4.3488,"lat":50.8504},"country":"BE","population":1019022,"timezone":7200},"cod":"200","message":0.0661707,"cnt":4,"list":[{"dt":1717758000,"sunrise":1717731039,"sunset":1717789961,"temp":{"day":18.18,"min":8.23,"max":19.24,"night":14.75,"eve":18.74,"morn":9.36},"feels_like":{"day":17.54,"night":14.19,"eve":18.21,"morn":8.02},"pressure":1019,"humidity":57,"weather":[{"id":500,"main":"Rain","description":"light rain","icon":"10d"}],"speed":4.42,"deg":272,"gust":5.55,"clouds":13,"pop":0.2,"rain":0.11},{"dt":1717844400,"sunrise":1717817412,"sunset":1717876410,"temp":{"day":17.55,"min":7.35,"max":17.55,"night":10.86,"eve":14.92,"morn":8.62},"feels_like":{"day":17.01,"night":10.17,"eve":14.4,"morn":6.49},"pressure":1013,"humidity":63,"weather":[{"id":801,"main":"Clouds","description":"few clouds","icon":"02d"}],"speed":5.66,"deg":258,"gust":7.62,"clouds":22,"pop":0},{"dt":1717930800,"sunrise":1717903788,"sunset":1717962856,"temp":{"day":17.24,"min":7.87,"max":17.98,"night":10.7,"eve":15.65,"morn":9.32},"feels_like":{"day":16.33,"night":9.89,"eve":14.73,"morn":8.8},"pressure":1013,"humidity":50,"weather":[{"id":800,"main":"Clear","description":"sky is clear","icon":"01d"}],"speed":5.38,"deg":318,"gust":5.76,"clouds":2,"pop":0},{"dt":1718017200,"sunrise":1717990167,"sunset":1718049299,"temp":{"day":12.72,"min":8.89,"max":15.14,"night":8.89,"eve":14.12,"morn":11.43},"feels_like":{"day":12.37,"night":7.54,"eve":13.21,"morn":10.87},"pressure":1008,"humidity":89,"weather":[{"id":500,"main":"Rain","description":"light rain","icon":"10d"}],"speed":7.94,"deg":294,"gust":13.31,"clouds":86,"pop":1,"rain":1.85}]}
--- ENF OF RECEIVED DATA ---

{"city":{"id":2800866,"name":"Brussels","coord":{"lon":4.3488,"lat":50.8504},"country":"BE","population":1019022,"timezone":7200},"cod":"200","message":0.0661707,"cnt":4,"list":[{"dt":1717758000,"sunrise":1717731039,"sunset":1717789961,"temp":{"day":18.18,"min":8.23,"max":19.24,"night":14.75,"eve":18.74,"morn":9.36},"feels_like":{"day":17.54,"night":14.19,"eve":18.21,"morn":8.02},"pressure":1019,"humidity":57,"weather":[{"id":500,"main":"Rain","description":"light rain","icon":"10d"}],"speed":4.42,"deg":272,"gust":5.55,"clouds":13,"pop":0.2,"rain":0.11},{"dt":1717844400,"sunrise":1717817412,"sunset":1717876410,"temp":{"day":17.55,"min":7.35,"max":17.55,"night":10.86,"eve":14.92,"morn":8.62},"feels_like":{"day":17.01,"night":10.17,"eve":14.4,"morn":6.49},"pressure":1013,"humidity":63,"weather":[{"id":801,"main":"Clouds","description":"few clouds","icon":"02d"}],"speed":5.66,"deg":258,"gust":7.62,"clouds":22,"pop":0},{"dt":1717930800,"sunrise":1717903788,"sunset":1717962856,"temp":{"day":17.24,"min":7.87,"max":17.98,"night":10.7,"eve":15.65,"morn":9.32},"feels_like":{"day":16.33,"night":9.89,"eve":14.73,"morn":8.8},"pressure":1013,"humidity":50,"weather":[{"id":800,"main":"Clear","description":"sky is clear","icon":"01d"}],"speed":5.38,"deg":318,"gust":5.76,"clouds":2,"pop":0},{"dt":1718017200,"sunrise":1717990167,"sunset":1718049299,"temp":{"day":12.72,"min":8.89,"max":15.14,"night":8.89,"eve":14.12,"morn":11.43},"feels_like":{"day":12.37,"night":7.54,"eve":13.21,"morn":10.87},"pressure":1008,"humidity":89,"weather":[{"id":500,"main":"Rain","description":"light rain","icon":"10d"}],"speed":7.94,"deg":294,"gust":13.31,"clouds":86,"pop":1,"rain":1.85}]}
--- ENF OF RECEIVED DATA ---

