________________________________________________
|             CALL API : START                |
________________________________________________

Informations : 
Called API: meteo - 22 October 2024, 06:40
Method: GETMETEO - Timeout : 300 - Cache : 1
URL CALLED : https://api.openweathermap.org/data/2.5/forecast/daily?q=Brussels,be&units=metric&cnt=4&appid=ea18c0706135505149200c3836f29800
-------------------------
________________________________________________
|             CALL API : START                |
________________________________________________

Informations : 
Called API: meteo - 22 October 2024, 06:40
Method: GETMETEO - Timeout : 300 - Cache : 1
URL CALLED : https://api.openweathermap.org/data/2.5/forecast/daily?q=Brussels,be&units=metric&cnt=4&appid=ea18c0706135505149200c3836f29800
-------------------------
{"city":{"id":2800866,"name":"Brussels","coord":{"lon":4.3488,"lat":50.8504},"country":"BE","population":1019022,"timezone":7200},"cod":"200","message":0.1995274,"cnt":4,"list":[{"dt":1729594800,"sunrise":1729577859,"sunset":1729614966,"temp":{"day":15.38,"min":9.66,"max":16.7,"night":10.51,"eve":12.75,"morn":9.8},"feels_like":{"day":14.85,"night":9.81,"eve":12.14,"morn":8.73},"pressure":1030,"humidity":72,"weather":[{"id":501,"main":"Rain","description":"moderate rain","icon":"10d"}],"speed":4.68,"deg":335,"gust":8.37,"clouds":15,"pop":1,"rain":2.6},{"dt":1729681200,"sunrise":1729664361,"sunset":1729701248,"temp":{"day":15.42,"min":8.82,"max":16.59,"night":10.3,"eve":12.7,"morn":9.01},"feels_like":{"day":14.64,"night":9.58,"eve":11.98,"morn":8.29},"pressure":1033,"humidity":62,"weather":[{"id":800,"main":"Clear","description":"sky is clear","icon":"01d"}],"speed":3.13,"deg":97,"gust":5.61,"clouds":2,"pop":0},{"dt":1729767600,"sunrise":1729750863,"sunset":1729787531,"temp":{"day":17.08,"min":9.01,"max":18.58,"night":14.23,"eve":14.79,"morn":9.01},"feels_like":{"day":16.67,"night":14.06,"eve":14.62,"morn":7.47},"pressure":1022,"humidity":70,"weather":[{"id":800,"main":"Clear","description":"sky is clear","icon":"01d"}],"speed":5.07,"deg":182,"gust":11.76,"clouds":0,"pop":0},{"dt":1729854000,"sunrise":1729837366,"sunset":1729873815,"temp":{"day":18.07,"min":11.27,"max":18.07,"night":11.27,"eve":12.75,"morn":12.59},"feels_like":{"day":17.84,"night":10.78,"eve":12.3,"morn":12.28},"pressure":1015,"humidity":73,"weather":[{"id":500,"main":"Rain","description":"light rain","icon":"10d"}],"speed":7.03,"deg":205,"gust":11.73,"clouds":81,"pop":0.97,"rain":0.83}]}
--- ENF OF RECEIVED DATA ---

{"city":{"id":2800866,"name":"Brussels","coord":{"lon":4.3488,"lat":50.8504},"country":"BE","population":1019022,"timezone":7200},"cod":"200","message":0.1995274,"cnt":4,"list":[{"dt":1729594800,"sunrise":1729577859,"sunset":1729614966,"temp":{"day":15.38,"min":9.66,"max":16.7,"night":10.51,"eve":12.75,"morn":9.8},"feels_like":{"day":14.85,"night":9.81,"eve":12.14,"morn":8.73},"pressure":1030,"humidity":72,"weather":[{"id":501,"main":"Rain","description":"moderate rain","icon":"10d"}],"speed":4.68,"deg":335,"gust":8.37,"clouds":15,"pop":1,"rain":2.6},{"dt":1729681200,"sunrise":1729664361,"sunset":1729701248,"temp":{"day":15.42,"min":8.82,"max":16.59,"night":10.3,"eve":12.7,"morn":9.01},"feels_like":{"day":14.64,"night":9.58,"eve":11.98,"morn":8.29},"pressure":1033,"humidity":62,"weather":[{"id":800,"main":"Clear","description":"sky is clear","icon":"01d"}],"speed":3.13,"deg":97,"gust":5.61,"clouds":2,"pop":0},{"dt":1729767600,"sunrise":1729750863,"sunset":1729787531,"temp":{"day":17.08,"min":9.01,"max":18.58,"night":14.23,"eve":14.79,"morn":9.01},"feels_like":{"day":16.67,"night":14.06,"eve":14.62,"morn":7.47},"pressure":1022,"humidity":70,"weather":[{"id":800,"main":"Clear","description":"sky is clear","icon":"01d"}],"speed":5.07,"deg":182,"gust":11.76,"clouds":0,"pop":0},{"dt":1729854000,"sunrise":1729837366,"sunset":1729873815,"temp":{"day":18.07,"min":11.27,"max":18.07,"night":11.27,"eve":12.75,"morn":12.59},"feels_like":{"day":17.84,"night":10.78,"eve":12.3,"morn":12.28},"pressure":1015,"humidity":73,"weather":[{"id":500,"main":"Rain","description":"light rain","icon":"10d"}],"speed":7.03,"deg":205,"gust":11.73,"clouds":81,"pop":0.97,"rain":0.83}]}
--- ENF OF RECEIVED DATA ---

