________________________________________________
|             CALL API : START                |
________________________________________________

Informations : 
Called API: meteo - 5 March 2025, 01:30
Method: GETMETEO - Timeout : 300 - Cache : 1
URL CALLED : https://api.openweathermap.org/data/2.5/forecast/daily?q=Brussels,be&units=metric&cnt=4&appid=ea18c0706135505149200c3836f29800
-------------------------
________________________________________________
|             CALL API : START                |
________________________________________________

Informations : 
Called API: meteo - 5 March 2025, 01:30
Method: GETMETEO - Timeout : 300 - Cache : 1
URL CALLED : https://api.openweathermap.org/data/2.5/forecast/daily?q=Brussels,be&units=metric&cnt=4&appid=ea18c0706135505149200c3836f29800
-------------------------
{"city":{"id":2800866,"name":"Brussels","coord":{"lon":4.3488,"lat":50.8504},"country":"BE","population":1019022,"timezone":3600},"cod":"200","message":0.0567441,"cnt":4,"list":[{"dt":1741172400,"sunrise":1741155511,"sunset":1741195798,"temp":{"day":12.43,"min":2.35,"max":14.69,"night":7.4,"eve":11.57,"morn":4.62},"feels_like":{"day":11.06,"night":5.44,"eve":10.4,"morn":2.61},"pressure":1025,"humidity":51,"weather":[{"id":800,"main":"Clear","description":"sky is clear","icon":"01d"}],"speed":3.51,"deg":205,"gust":5.63,"clouds":0,"pop":0},{"dt":1741258800,"sunrise":1741241781,"sunset":1741282299,"temp":{"day":13.27,"min":5.75,"max":15.16,"night":8.87,"eve":12.52,"morn":5.93},"feels_like":{"day":12.06,"night":6.65,"eve":11.37,"morn":3.51},"pressure":1020,"humidity":54,"weather":[{"id":802,"main":"Clouds","description":"scattered clouds","icon":"03d"}],"speed":5.92,"deg":201,"gust":11.03,"clouds":47,"pop":0},{"dt":1741345200,"sunrise":1741328051,"sunset":1741368800,"temp":{"day":15.04,"min":7.17,"max":16.73,"night":9.5,"eve":13.93,"morn":7.41},"feels_like":{"day":13.77,"night":7.63,"eve":12.81,"morn":5.09},"pressure":1018,"humidity":45,"weather":[{"id":804,"main":"Clouds","description":"overcast clouds","icon":"04d"}],"speed":4.85,"deg":182,"gust":10.37,"clouds":100,"pop":0},{"dt":1741431600,"sunrise":1741414319,"sunset":1741455301,"temp":{"day":16.55,"min":6.87,"max":17.26,"night":10.21,"eve":12.6,"morn":6.87},"feels_like":{"day":15.49,"night":9.17,"eve":11.59,"morn":4.86},"pressure":1012,"humidity":47,"weather":[{"id":802,"main":"Clouds","description":"scattered clouds","icon":"03d"}],"speed":3.58,"deg":105,"gust":6.68,"clouds":50,"pop":0}]}
--- ENF OF RECEIVED DATA ---

{"city":{"id":2800866,"name":"Brussels","coord":{"lon":4.3488,"lat":50.8504},"country":"BE","population":1019022,"timezone":3600},"cod":"200","message":0.0567441,"cnt":4,"list":[{"dt":1741172400,"sunrise":1741155511,"sunset":1741195798,"temp":{"day":12.43,"min":2.35,"max":14.69,"night":7.4,"eve":11.57,"morn":4.62},"feels_like":{"day":11.06,"night":5.44,"eve":10.4,"morn":2.61},"pressure":1025,"humidity":51,"weather":[{"id":800,"main":"Clear","description":"sky is clear","icon":"01d"}],"speed":3.51,"deg":205,"gust":5.63,"clouds":0,"pop":0},{"dt":1741258800,"sunrise":1741241781,"sunset":1741282299,"temp":{"day":13.27,"min":5.75,"max":15.16,"night":8.87,"eve":12.52,"morn":5.93},"feels_like":{"day":12.06,"night":6.65,"eve":11.37,"morn":3.51},"pressure":1020,"humidity":54,"weather":[{"id":802,"main":"Clouds","description":"scattered clouds","icon":"03d"}],"speed":5.92,"deg":201,"gust":11.03,"clouds":47,"pop":0},{"dt":1741345200,"sunrise":1741328051,"sunset":1741368800,"temp":{"day":15.04,"min":7.17,"max":16.73,"night":9.5,"eve":13.93,"morn":7.41},"feels_like":{"day":13.77,"night":7.63,"eve":12.81,"morn":5.09},"pressure":1018,"humidity":45,"weather":[{"id":804,"main":"Clouds","description":"overcast clouds","icon":"04d"}],"speed":4.85,"deg":182,"gust":10.37,"clouds":100,"pop":0},{"dt":1741431600,"sunrise":1741414319,"sunset":1741455301,"temp":{"day":16.55,"min":6.87,"max":17.26,"night":10.21,"eve":12.6,"morn":6.87},"feels_like":{"day":15.49,"night":9.17,"eve":11.59,"morn":4.86},"pressure":1012,"humidity":47,"weather":[{"id":802,"main":"Clouds","description":"scattered clouds","icon":"03d"}],"speed":3.58,"deg":105,"gust":6.68,"clouds":50,"pop":0}]}
--- ENF OF RECEIVED DATA ---

