________________________________________________
|             CALL API : START                |
________________________________________________

Informations : 
Called API: meteo - 3 May 2023, 13:30
Method: GETMETEO - Timeout : 300 - Cache : 1
URL CALLED : https://rmipro.meteo.be/products/bx1/5373bc0393d004fc/web_forecast
-------------------------
________________________________________________
|             CALL API : START                |
________________________________________________

Informations : 
Called API: meteo - 3 May 2023, 13:30
Method: GETMETEO - Timeout : 300 - Cache : 1
URL CALLED : https://rmipro.meteo.be/products/bx1/5373bc0393d004fc/web_forecast
-------------------------
<?xml version='1.0' encoding='UTF-8'?>
<meteo>
  <generationDate>03/05/2023 09:58</generationDate>
  <forecast date="20230503" period="PM">
    <titledate>03/05/23</titledate>
    <titleday>mercredi</titleday>
    <data>
      <city>Ostende</city>
      <tempMax>15 </tempMax>
      <weathertype>TJ2</weathertype>
    </data>
    <data>
      <city>Anvers</city>
      <tempMax>15 </tempMax>
      <weathertype>TJ2</weathertype>
    </data>
    <data>
      <city>Bruxelles</city>
      <tempMax>15 </tempMax>
      <weathertype>TJ2</weathertype>
    </data>
    <data>
      <city>Namur</city>
      <tempMax>16 </tempMax>
      <weathertype>TJ2</weathertype>
    </data>
    <data>
      <city>Liege</city>
      <tempMax>15 </tempMax>
      <weathertype>TJ2</weathertype>
    </data>
    <data>
      <city>Arlon</city>
      <tempMax>15 </tempMax>
      <weathertype>TJ2</weathertype>
    </data>
  </forecast>
  <forecast date="20230503" period="NIGHT">
    <titledate>03/05/23</titledate>
    <titleday>mercredi</titleday>
    <data>
      <city>Ostende</city>
      <tempMin>7 </tempMin>
      <weathertype>TNN2</weathertype>
    </data>
    <data>
      <city>Anvers</city>
      <tempMin>7 </tempMin>
      <weathertype>TNN2</weathertype>
    </data>
    <data>
      <city>Bruxelles</city>
      <tempMin>7 </tempMin>
      <weathertype>TNN2</weathertype>
    </data>
    <data>
      <city>Namur</city>
      <tempMin>7 </tempMin>
      <weathertype>TNN2</weathertype>
    </data>
    <data>
      <city>Liege</city>
      <tempMin>6 </tempMin>
      <weathertype>TNN2</weathertype>
    </data>
    <data>
      <city>Arlon</city>
      <tempMin>8 </tempMin>
      <weathertype>TNN2</weathertype>
    </data>
  </forecast>
  <forecast date="20230504" period="AM">
    <titledate>04/05/23</titledate>
    <titleday>jeudi</titleday>
    <data>
      <city>Ostende</city>
      <tempMax>15 </tempMax>
      <weathertype>TJ2</weathertype>
    </data>
    <data>
      <city>Anvers</city>
      <tempMax>15 </tempMax>
      <weathertype>TJ2</weathertype>
    </data>
    <data>
      <city>Bruxelles</city>
      <tempMax>17 </tempMax>
      <weathertype>TJ2</weathertype>
    </data>
    <data>
      <city>Namur</city>
      <tempMax>16 </tempMax>
      <weathertype>TJ2</weathertype>
    </data>
    <data>
      <city>Liege</city>
      <tempMax>17 </tempMax>
      <weathertype>TJ2</weathertype>
    </data>
    <data>
      <city>Arlon</city>
      <tempMax>14 </tempMax>
      <weathertype>TJ2</weathertype>
    </data>
  </forecast>
  <forecast date="20230504" period="PM">
    <titledate>04/05/23</titledate>
    <titleday>jeudi</titleday>
    <data>
      <city>Ostende</city>
      <tempMax>21 </tempMax>
      <weathertype>TJ3</weathertype>
    </data>
    <data>
      <city>Anvers</city>
      <tempMax>22 </tempMax>
      <weathertype>TJ2</weathertype>
    </data>
    <data>
      <city>Bruxelles</city>
      <tempMax>22 </tempMax>
      <weathertype>TJ3</weathertype>
    </data>
    <data>
      <city>Namur</city>
      <tempMax>20 </tempMax>
      <weathertype>TJ3</weathertype>
    </data>
    <data>
      <city>Liege</city>
      <tempMax>21 </tempMax>
      <weathertype>TJ2</weathertype>
    </data>
    <data>
      <city>Arlon</city>
      <tempMax>19 </tempMax>
      <weathertype>TJ2</weathertype>
    </data>
  </forecast>
  <forecast date="20230505" period="DAY">
    <titledate>05/05/23</titledate>
    <titleday>vendredi</titleday>
    <data>
      <city>Ostende</city>
      <tempMin>10 </tempMin>
      <tempMax>17 </tempMax>
      <weathertype>TJ11</weathertype>
    </data>
    <data>
      <city>Anvers</city>
      <tempMin>10 </tempMin>
      <tempMax>19 </tempMax>
      <weathertype>TJ12</weathertype>
    </data>
    <data>
      <city>Bruxelles</city>
      <tempMin>10 </tempMin>
      <tempMax>18 </tempMax>
      <weathertype>TJ12</weathertype>
    </data>
    <data>
      <city>Namur</city>
      <tempMin>9 </tempMin>
      <tempMax>17 </tempMax>
      <weathertype>TJ11</weathertype>
    </data>
    <data>
      <city>Liege</city>
      <tempMin>9 </tempMin>
      <tempMax>18 </tempMax>
      <weathertype>TJ12</weathertype>
    </data>
    <data>
      <city>Arlon</city>
      <tempMin>9 </tempMin>
      <tempMax>15 </tempMax>
      <weathertype>TJ3</weathertype>
    </data>
  </forecast>
  <forecast date="20230506" period="DAY">
    <titledate>06/05/23</titledate>
    <titleday>samedi</titleday>
    <data>
      <city>Ostende</city>
      <tempMin>13 </tempMin>
      <tempMax>19 </tempMax>
      <weathertype>TJ6</weathertype>
    </data>
    <data>
      <city>Anvers</city>
      <tempMin>13 </tempMin>
      <tempMax>20 </tempMax>
      <weathertype>TJ10</weathertype>
    </data>
    <data>
      <city>Bruxelles</city>
      <tempMin>13 </tempMin>
      <tempMax>20 </tempMax>
      <weathertype>TJ10</weathertype>
    </data>
    <data>
      <city>Namur</city>
      <tempMin>12 </tempMin>
      <tempMax>18 </tempMax>
      <weathertype>TJ2</weathertype>
    </data>
    <data>
      <city>Liege</city>
      <tempMin>13 </tempMin>
      <tempMax>20 </tempMax>
      <weathertype>TJ3</weathertype>
    </data>
    <data>
      <city>Arlon</city>
      <tempMin>12 </tempMin>
      <tempMax>18 </tempMax>
      <weathertype>TJ2</weathertype>
    </data>
  </forecast>
  <forecast date="20230507" period="DAY">
    <titledate>07/05/23</titledate>
    <titleday>dimanche</titleday>
    <data>
      <city>Ostende</city>
      <tempMin>10 </tempMin>
      <tempMax>16 </tempMax>
      <weathertype>TJ11</weathertype>
    </data>
    <data>
      <city>Anvers</city>
      <tempMin>9 </tempMin>
      <tempMax>17 </tempMax>
      <weathertype>TJ11</weathertype>
    </data>
    <data>
      <city>Bruxelles</city>
      <tempMin>9 </tempMin>
      <tempMax>17 </tempMax>
      <weathertype>TJ11</weathertype>
    </data>
    <data>
      <city>Namur</city>
      <tempMin>7 </tempMin>
      <tempMax>15 </tempMax>
      <weathertype>TJ12</weathertype>
    </data>
    <data>
      <city>Liege</city>
      <tempMin>9 </tempMin>
      <tempMax>18 </tempMax>
      <weathertype>TJ16</weathertype>
    </data>
    <data>
      <city>Arlon</city>
      <tempMin>7 </tempMin>
      <tempMax>15 </tempMax>
      <weathertype>TJ12</weathertype>
    </data>
  </forecast>
  <forecast_foreign date="20230503" period="DAY">
    <titledate>03/05/23</titledate>
    <titleday>mercredi</titleday>
    <data>
      <city>Paris</city>
      <temp>11 </temp>
      <weathertype>TJ1</weathertype>
    </data>
    <data>
      <city>Londres</city>
      <temp>10 </temp>
      <weathertype>TJ4</weathertype>
    </data>
    <data>
      <city>Amsterdam</city>
      <temp>8 </temp>
      <weathertype>TJ1</weathertype>
    </data>
  </forecast_foreign>
  <forecast_foreign date="20230504" period="DAY">
    <titledate>04/05/23</titledate>
    <titleday>jeudi</titleday>
    <data>
      <city>Paris</city>
      <temp>15 </temp>
      <weathertype>TJ2</weathertype>
    </data>
    <data>
      <city>Londres</city>
      <temp>13 </temp>
      <weathertype>TJ4</weathertype>
    </data>
    <data>
      <city>Amsterdam</city>
      <temp>11 </temp>
      <weathertype>TJ4</weathertype>
    </data>
  </forecast_foreign>
  <Ephemerides>
    <Ephemeride>
      <titledate>03/05/23</titledate>
      <titleday>mercredi</titleday>
      <data>
        <sunRise>06:13</sunRise>
        <sunSet>21:06</sunSet>
        <gain>3 </gain>
      </data>
    </Ephemeride>
    <Ephemeride>
      <titledate>04/05/23</titledate>
      <titleday>jeudi</titleday>
      <data>
        <sunRise>06:11</sunRise>
        <sunSet>21:08</sunSet>
        <gain>4 </gain>
      </data>
    </Ephemeride>
    <Ephemeride>
      <titledate>05/05/23</titledate>
      <titleday>vendredi</titleday>
      <data>
        <sunRise>06:09</sunRise>
        <sunSet>21:09</sunSet>
        <gain>3 </gain>
      </data>
    </Ephemeride>
    <Ephemeride>
      <titledate>06/05/23</titledate>
      <titleday>samedi</titleday>
      <data>
        <sunRise>06:08</sunRise>
        <sunSet>21:11</sunSet>
        <gain>3 </gain>
      </data>
    </Ephemeride>
  </Ephemerides>
  <indices>
    <indice>
      <titledate>03/05/23</titledate>
      <titleday>mercredi</titleday>
      <data>
        <value>6</value>
        <evaluation>médiocre</evaluation>
      </data>
    </indice>
    <indice>
      <titledate>04/05/23</titledate>
      <titleday>jeudi</titleday>
      <data>
        <value>5</value>
        <evaluation>moyenne</evaluation>
      </data>
    </indice>
    <indice>
      <titledate>05/05/23</titledate>
      <titleday>vendredi</titleday>
      <data>
        <value>4</value>
        <evaluation>assez bonne</evaluation>
      </data>
    </indice>
  </indices>
</meteo>

--- ENF OF RECEIVED DATA ---

<?xml version='1.0' encoding='UTF-8'?>
<meteo>
  <generationDate>03/05/2023 09:58</generationDate>
  <forecast date="20230503" period="PM">
    <titledate>03/05/23</titledate>
    <titleday>mercredi</titleday>
    <data>
      <city>Ostende</city>
      <tempMax>15 </tempMax>
      <weathertype>TJ2</weathertype>
    </data>
    <data>
      <city>Anvers</city>
      <tempMax>15 </tempMax>
      <weathertype>TJ2</weathertype>
    </data>
    <data>
      <city>Bruxelles</city>
      <tempMax>15 </tempMax>
      <weathertype>TJ2</weathertype>
    </data>
    <data>
      <city>Namur</city>
      <tempMax>16 </tempMax>
      <weathertype>TJ2</weathertype>
    </data>
    <data>
      <city>Liege</city>
      <tempMax>15 </tempMax>
      <weathertype>TJ2</weathertype>
    </data>
    <data>
      <city>Arlon</city>
      <tempMax>15 </tempMax>
      <weathertype>TJ2</weathertype>
    </data>
  </forecast>
  <forecast date="20230503" period="NIGHT">
    <titledate>03/05/23</titledate>
    <titleday>mercredi</titleday>
    <data>
      <city>Ostende</city>
      <tempMin>7 </tempMin>
      <weathertype>TNN2</weathertype>
    </data>
    <data>
      <city>Anvers</city>
      <tempMin>7 </tempMin>
      <weathertype>TNN2</weathertype>
    </data>
    <data>
      <city>Bruxelles</city>
      <tempMin>7 </tempMin>
      <weathertype>TNN2</weathertype>
    </data>
    <data>
      <city>Namur</city>
      <tempMin>7 </tempMin>
      <weathertype>TNN2</weathertype>
    </data>
    <data>
      <city>Liege</city>
      <tempMin>6 </tempMin>
      <weathertype>TNN2</weathertype>
    </data>
    <data>
      <city>Arlon</city>
      <tempMin>8 </tempMin>
      <weathertype>TNN2</weathertype>
    </data>
  </forecast>
  <forecast date="20230504" period="AM">
    <titledate>04/05/23</titledate>
    <titleday>jeudi</titleday>
    <data>
      <city>Ostende</city>
      <tempMax>15 </tempMax>
      <weathertype>TJ2</weathertype>
    </data>
    <data>
      <city>Anvers</city>
      <tempMax>15 </tempMax>
      <weathertype>TJ2</weathertype>
    </data>
    <data>
      <city>Bruxelles</city>
      <tempMax>17 </tempMax>
      <weathertype>TJ2</weathertype>
    </data>
    <data>
      <city>Namur</city>
      <tempMax>16 </tempMax>
      <weathertype>TJ2</weathertype>
    </data>
    <data>
      <city>Liege</city>
      <tempMax>17 </tempMax>
      <weathertype>TJ2</weathertype>
    </data>
    <data>
      <city>Arlon</city>
      <tempMax>14 </tempMax>
      <weathertype>TJ2</weathertype>
    </data>
  </forecast>
  <forecast date="20230504" period="PM">
    <titledate>04/05/23</titledate>
    <titleday>jeudi</titleday>
    <data>
      <city>Ostende</city>
      <tempMax>21 </tempMax>
      <weathertype>TJ3</weathertype>
    </data>
    <data>
      <city>Anvers</city>
      <tempMax>22 </tempMax>
      <weathertype>TJ2</weathertype>
    </data>
    <data>
      <city>Bruxelles</city>
      <tempMax>22 </tempMax>
      <weathertype>TJ3</weathertype>
    </data>
    <data>
      <city>Namur</city>
      <tempMax>20 </tempMax>
      <weathertype>TJ3</weathertype>
    </data>
    <data>
      <city>Liege</city>
      <tempMax>21 </tempMax>
      <weathertype>TJ2</weathertype>
    </data>
    <data>
      <city>Arlon</city>
      <tempMax>19 </tempMax>
      <weathertype>TJ2</weathertype>
    </data>
  </forecast>
  <forecast date="20230505" period="DAY">
    <titledate>05/05/23</titledate>
    <titleday>vendredi</titleday>
    <data>
      <city>Ostende</city>
      <tempMin>10 </tempMin>
      <tempMax>17 </tempMax>
      <weathertype>TJ11</weathertype>
    </data>
    <data>
      <city>Anvers</city>
      <tempMin>10 </tempMin>
      <tempMax>19 </tempMax>
      <weathertype>TJ12</weathertype>
    </data>
    <data>
      <city>Bruxelles</city>
      <tempMin>10 </tempMin>
      <tempMax>18 </tempMax>
      <weathertype>TJ12</weathertype>
    </data>
    <data>
      <city>Namur</city>
      <tempMin>9 </tempMin>
      <tempMax>17 </tempMax>
      <weathertype>TJ11</weathertype>
    </data>
    <data>
      <city>Liege</city>
      <tempMin>9 </tempMin>
      <tempMax>18 </tempMax>
      <weathertype>TJ12</weathertype>
    </data>
    <data>
      <city>Arlon</city>
      <tempMin>9 </tempMin>
      <tempMax>15 </tempMax>
      <weathertype>TJ3</weathertype>
    </data>
  </forecast>
  <forecast date="20230506" period="DAY">
    <titledate>06/05/23</titledate>
    <titleday>samedi</titleday>
    <data>
      <city>Ostende</city>
      <tempMin>13 </tempMin>
      <tempMax>19 </tempMax>
      <weathertype>TJ6</weathertype>
    </data>
    <data>
      <city>Anvers</city>
      <tempMin>13 </tempMin>
      <tempMax>20 </tempMax>
      <weathertype>TJ10</weathertype>
    </data>
    <data>
      <city>Bruxelles</city>
      <tempMin>13 </tempMin>
      <tempMax>20 </tempMax>
      <weathertype>TJ10</weathertype>
    </data>
    <data>
      <city>Namur</city>
      <tempMin>12 </tempMin>
      <tempMax>18 </tempMax>
      <weathertype>TJ2</weathertype>
    </data>
    <data>
      <city>Liege</city>
      <tempMin>13 </tempMin>
      <tempMax>20 </tempMax>
      <weathertype>TJ3</weathertype>
    </data>
    <data>
      <city>Arlon</city>
      <tempMin>12 </tempMin>
      <tempMax>18 </tempMax>
      <weathertype>TJ2</weathertype>
    </data>
  </forecast>
  <forecast date="20230507" period="DAY">
    <titledate>07/05/23</titledate>
    <titleday>dimanche</titleday>
    <data>
      <city>Ostende</city>
      <tempMin>10 </tempMin>
      <tempMax>16 </tempMax>
      <weathertype>TJ11</weathertype>
    </data>
    <data>
      <city>Anvers</city>
      <tempMin>9 </tempMin>
      <tempMax>17 </tempMax>
      <weathertype>TJ11</weathertype>
    </data>
    <data>
      <city>Bruxelles</city>
      <tempMin>9 </tempMin>
      <tempMax>17 </tempMax>
      <weathertype>TJ11</weathertype>
    </data>
    <data>
      <city>Namur</city>
      <tempMin>7 </tempMin>
      <tempMax>15 </tempMax>
      <weathertype>TJ12</weathertype>
    </data>
    <data>
      <city>Liege</city>
      <tempMin>9 </tempMin>
      <tempMax>18 </tempMax>
      <weathertype>TJ16</weathertype>
    </data>
    <data>
      <city>Arlon</city>
      <tempMin>7 </tempMin>
      <tempMax>15 </tempMax>
      <weathertype>TJ12</weathertype>
    </data>
  </forecast>
  <forecast_foreign date="20230503" period="DAY">
    <titledate>03/05/23</titledate>
    <titleday>mercredi</titleday>
    <data>
      <city>Paris</city>
      <temp>11 </temp>
      <weathertype>TJ1</weathertype>
    </data>
    <data>
      <city>Londres</city>
      <temp>10 </temp>
      <weathertype>TJ4</weathertype>
    </data>
    <data>
      <city>Amsterdam</city>
      <temp>8 </temp>
      <weathertype>TJ1</weathertype>
    </data>
  </forecast_foreign>
  <forecast_foreign date="20230504" period="DAY">
    <titledate>04/05/23</titledate>
    <titleday>jeudi</titleday>
    <data>
      <city>Paris</city>
      <temp>15 </temp>
      <weathertype>TJ2</weathertype>
    </data>
    <data>
      <city>Londres</city>
      <temp>13 </temp>
      <weathertype>TJ4</weathertype>
    </data>
    <data>
      <city>Amsterdam</city>
      <temp>11 </temp>
      <weathertype>TJ4</weathertype>
    </data>
  </forecast_foreign>
  <Ephemerides>
    <Ephemeride>
      <titledate>03/05/23</titledate>
      <titleday>mercredi</titleday>
      <data>
        <sunRise>06:13</sunRise>
        <sunSet>21:06</sunSet>
        <gain>3 </gain>
      </data>
    </Ephemeride>
    <Ephemeride>
      <titledate>04/05/23</titledate>
      <titleday>jeudi</titleday>
      <data>
        <sunRise>06:11</sunRise>
        <sunSet>21:08</sunSet>
        <gain>4 </gain>
      </data>
    </Ephemeride>
    <Ephemeride>
      <titledate>05/05/23</titledate>
      <titleday>vendredi</titleday>
      <data>
        <sunRise>06:09</sunRise>
        <sunSet>21:09</sunSet>
        <gain>3 </gain>
      </data>
    </Ephemeride>
    <Ephemeride>
      <titledate>06/05/23</titledate>
      <titleday>samedi</titleday>
      <data>
        <sunRise>06:08</sunRise>
        <sunSet>21:11</sunSet>
        <gain>3 </gain>
      </data>
    </Ephemeride>
  </Ephemerides>
  <indices>
    <indice>
      <titledate>03/05/23</titledate>
      <titleday>mercredi</titleday>
      <data>
        <value>6</value>
        <evaluation>médiocre</evaluation>
      </data>
    </indice>
    <indice>
      <titledate>04/05/23</titledate>
      <titleday>jeudi</titleday>
      <data>
        <value>5</value>
        <evaluation>moyenne</evaluation>
      </data>
    </indice>
    <indice>
      <titledate>05/05/23</titledate>
      <titleday>vendredi</titleday>
      <data>
        <value>4</value>
        <evaluation>assez bonne</evaluation>
      </data>
    </indice>
  </indices>
</meteo>

--- ENF OF RECEIVED DATA ---

