________________________________________________
|             CALL API : START                |
________________________________________________

Informations : 
Called API: meteo - 13 December 2024, 00:20
Method: GETMETEO - Timeout : 300 - Cache : 1
URL CALLED : https://api.openweathermap.org/data/2.5/forecast/daily?q=Brussels,be&units=metric&cnt=4&appid=ea18c0706135505149200c3836f29800
-------------------------
________________________________________________
|             CALL API : START                |
________________________________________________

Informations : 
Called API: meteo - 13 December 2024, 00:20
Method: GETMETEO - Timeout : 300 - Cache : 1
URL CALLED : https://api.openweathermap.org/data/2.5/forecast/daily?q=Brussels,be&units=metric&cnt=4&appid=ea18c0706135505149200c3836f29800
-------------------------
{"city":{"id":2800866,"name":"Brussels","coord":{"lon":4.3488,"lat":50.8504},"country":"BE","population":1019022,"timezone":3600},"cod":"200","message":0.0335681,"cnt":4,"list":[{"dt":1734087600,"sunrise":1734075435,"sunset":1734104208,"temp":{"day":4.71,"min":0.36,"max":5.54,"night":0.36,"eve":2.06,"morn":0.44},"feels_like":{"day":2.76,"night":-3.21,"eve":-0.1,"morn":-2},"pressure":1026,"humidity":68,"weather":[{"id":800,"main":"Clear","description":"sky is clear","icon":"01d"}],"speed":3.17,"deg":225,"gust":6.53,"clouds":9,"pop":0},{"dt":1734174000,"sunrise":1734161887,"sunset":1734190612,"temp":{"day":4.1,"min":-0.01,"max":5.36,"night":2.58,"eve":4.96,"morn":0.19},"feels_like":{"day":0.06,"night":-1.2,"eve":1.39,"morn":-4.19},"pressure":1020,"humidity":86,"weather":[{"id":500,"main":"Rain","description":"light rain","icon":"10d"}],"speed":5.6,"deg":244,"gust":11.43,"clouds":100,"pop":0.29,"rain":0.24},{"dt":1734260400,"sunrise":1734248336,"sunset":1734277019,"temp":{"day":6.49,"min":1.83,"max":8.54,"night":8.54,"eve":7.17,"morn":1.95},"feels_like":{"day":3.04,"night":5.6,"eve":3.95,"morn":-1.58},"pressure":1029,"humidity":85,"weather":[{"id":804,"main":"Clouds","description":"overcast clouds","icon":"04d"}],"speed":5.48,"deg":232,"gust":12.14,"clouds":88,"pop":0},{"dt":1734346800,"sunrise":1734334783,"sunset":1734363429,"temp":{"day":11.27,"min":8.96,"max":11.27,"night":9.4,"eve":9.69,"morn":9.83},"feels_like":{"day":10.52,"night":6.93,"eve":7.36,"morn":6.93},"pressure":1032,"humidity":79,"weather":[{"id":500,"main":"Rain","description":"light rain","icon":"10d"}],"speed":6.69,"deg":246,"gust":12.91,"clouds":100,"pop":0.2,"rain":0.24}]}
--- ENF OF RECEIVED DATA ---

{"city":{"id":2800866,"name":"Brussels","coord":{"lon":4.3488,"lat":50.8504},"country":"BE","population":1019022,"timezone":3600},"cod":"200","message":0.0335681,"cnt":4,"list":[{"dt":1734087600,"sunrise":1734075435,"sunset":1734104208,"temp":{"day":4.71,"min":0.36,"max":5.54,"night":0.36,"eve":2.06,"morn":0.44},"feels_like":{"day":2.76,"night":-3.21,"eve":-0.1,"morn":-2},"pressure":1026,"humidity":68,"weather":[{"id":800,"main":"Clear","description":"sky is clear","icon":"01d"}],"speed":3.17,"deg":225,"gust":6.53,"clouds":9,"pop":0},{"dt":1734174000,"sunrise":1734161887,"sunset":1734190612,"temp":{"day":4.1,"min":-0.01,"max":5.36,"night":2.58,"eve":4.96,"morn":0.19},"feels_like":{"day":0.06,"night":-1.2,"eve":1.39,"morn":-4.19},"pressure":1020,"humidity":86,"weather":[{"id":500,"main":"Rain","description":"light rain","icon":"10d"}],"speed":5.6,"deg":244,"gust":11.43,"clouds":100,"pop":0.29,"rain":0.24},{"dt":1734260400,"sunrise":1734248336,"sunset":1734277019,"temp":{"day":6.49,"min":1.83,"max":8.54,"night":8.54,"eve":7.17,"morn":1.95},"feels_like":{"day":3.04,"night":5.6,"eve":3.95,"morn":-1.58},"pressure":1029,"humidity":85,"weather":[{"id":804,"main":"Clouds","description":"overcast clouds","icon":"04d"}],"speed":5.48,"deg":232,"gust":12.14,"clouds":88,"pop":0},{"dt":1734346800,"sunrise":1734334783,"sunset":1734363429,"temp":{"day":11.27,"min":8.96,"max":11.27,"night":9.4,"eve":9.69,"morn":9.83},"feels_like":{"day":10.52,"night":6.93,"eve":7.36,"morn":6.93},"pressure":1032,"humidity":79,"weather":[{"id":500,"main":"Rain","description":"light rain","icon":"10d"}],"speed":6.69,"deg":246,"gust":12.91,"clouds":100,"pop":0.2,"rain":0.24}]}
--- ENF OF RECEIVED DATA ---

