________________________________________________
|             CALL API : START                |
________________________________________________

Informations : 
Called API: meteo - 1 July 2023, 00:20
Method: GETMETEO - Timeout : 300 - Cache : 1
URL CALLED : https://api.openweathermap.org/data/2.5/forecast/daily?q=Brussels,be&units=metric&cnt=4&appid=ea18c0706135505149200c3836f29800
-------------------------
________________________________________________
|             CALL API : START                |
________________________________________________

Informations : 
Called API: meteo - 1 July 2023, 00:20
Method: GETMETEO - Timeout : 300 - Cache : 1
URL CALLED : https://api.openweathermap.org/data/2.5/forecast/daily?q=Brussels,be&units=metric&cnt=4&appid=ea18c0706135505149200c3836f29800
-------------------------
{"city":{"id":2800866,"name":"Brussels","coord":{"lon":4.3488,"lat":50.8504},"country":"BE","population":1019022,"timezone":7200},"cod":"200","message":0.0459845,"cnt":4,"list":[{"dt":1688209200,"sunrise":1688182372,"sunset":1688241576,"temp":{"day":16.89,"min":15.06,"max":19.71,"night":16.27,"eve":18.56,"morn":15.06},"feels_like":{"day":17.09,"night":15.94,"eve":18.43,"morn":15.08},"pressure":1006,"humidity":94,"weather":[{"id":500,"main":"Rain","description":"light rain","icon":"10d"}],"speed":6.62,"deg":208,"gust":12.84,"clouds":100,"pop":1,"rain":5.08},{"dt":1688295600,"sunrise":1688268812,"sunset":1688327958,"temp":{"day":21.39,"min":13.51,"max":23,"night":14.32,"eve":21.62,"morn":13.98},"feels_like":{"day":20.66,"night":13.5,"eve":20.93,"morn":13.6},"pressure":1012,"humidity":41,"weather":[{"id":801,"main":"Clouds","description":"few clouds","icon":"02d"}],"speed":6.77,"deg":264,"gust":11.43,"clouds":11,"pop":0.02},{"dt":1688382000,"sunrise":1688355254,"sunset":1688414337,"temp":{"day":18.73,"min":10.33,"max":20.5,"night":13.88,"eve":19.11,"morn":12.08},"feels_like":{"day":17.89,"night":13.02,"eve":18.3,"morn":11.56},"pressure":1013,"humidity":47,"weather":[{"id":802,"main":"Clouds","description":"scattered clouds","icon":"03d"}],"speed":7.54,"deg":244,"gust":11.36,"clouds":34,"pop":0},{"dt":1688468400,"sunrise":1688441698,"sunset":1688500713,"temp":{"day":22.2,"min":10.93,"max":22.2,"night":13.55,"eve":16.39,"morn":14.11},"feels_like":{"day":21.55,"night":13.39,"eve":15.96,"morn":13.64},"pressure":1010,"humidity":41,"weather":[{"id":500,"main":"Rain","description":"light rain","icon":"10d"}],"speed":6.5,"deg":226,"gust":11.64,"clouds":81,"pop":0.85,"rain":1.03}]}
--- ENF OF RECEIVED DATA ---

{"city":{"id":2800866,"name":"Brussels","coord":{"lon":4.3488,"lat":50.8504},"country":"BE","population":1019022,"timezone":7200},"cod":"200","message":0.0459845,"cnt":4,"list":[{"dt":1688209200,"sunrise":1688182372,"sunset":1688241576,"temp":{"day":16.89,"min":15.06,"max":19.71,"night":16.27,"eve":18.56,"morn":15.06},"feels_like":{"day":17.09,"night":15.94,"eve":18.43,"morn":15.08},"pressure":1006,"humidity":94,"weather":[{"id":500,"main":"Rain","description":"light rain","icon":"10d"}],"speed":6.62,"deg":208,"gust":12.84,"clouds":100,"pop":1,"rain":5.08},{"dt":1688295600,"sunrise":1688268812,"sunset":1688327958,"temp":{"day":21.39,"min":13.51,"max":23,"night":14.32,"eve":21.62,"morn":13.98},"feels_like":{"day":20.66,"night":13.5,"eve":20.93,"morn":13.6},"pressure":1012,"humidity":41,"weather":[{"id":801,"main":"Clouds","description":"few clouds","icon":"02d"}],"speed":6.77,"deg":264,"gust":11.43,"clouds":11,"pop":0.02},{"dt":1688382000,"sunrise":1688355254,"sunset":1688414337,"temp":{"day":18.73,"min":10.33,"max":20.5,"night":13.88,"eve":19.11,"morn":12.08},"feels_like":{"day":17.89,"night":13.02,"eve":18.3,"morn":11.56},"pressure":1013,"humidity":47,"weather":[{"id":802,"main":"Clouds","description":"scattered clouds","icon":"03d"}],"speed":7.54,"deg":244,"gust":11.36,"clouds":34,"pop":0},{"dt":1688468400,"sunrise":1688441698,"sunset":1688500713,"temp":{"day":22.2,"min":10.93,"max":22.2,"night":13.55,"eve":16.39,"morn":14.11},"feels_like":{"day":21.55,"night":13.39,"eve":15.96,"morn":13.64},"pressure":1010,"humidity":41,"weather":[{"id":500,"main":"Rain","description":"light rain","icon":"10d"}],"speed":6.5,"deg":226,"gust":11.64,"clouds":81,"pop":0.85,"rain":1.03}]}
--- ENF OF RECEIVED DATA ---

