________________________________________________
|             CALL API : START                |
________________________________________________

Informations : 
Called API: meteo - 4 August 2023, 08:50
Method: GETMETEO - Timeout : 300 - Cache : 1
URL CALLED : https://api.openweathermap.org/data/2.5/forecast/daily?q=Brussels,be&units=metric&cnt=4&appid=ea18c0706135505149200c3836f29800
-------------------------
________________________________________________
|             CALL API : START                |
________________________________________________

Informations : 
Called API: meteo - 4 August 2023, 08:50
Method: GETMETEO - Timeout : 300 - Cache : 1
URL CALLED : https://api.openweathermap.org/data/2.5/forecast/daily?q=Brussels,be&units=metric&cnt=4&appid=ea18c0706135505149200c3836f29800
-------------------------
{"city":{"id":2800866,"name":"Brussels","coord":{"lon":4.3488,"lat":50.8504},"country":"BE","population":1019022,"timezone":7200},"cod":"200","message":0.1211954,"cnt":4,"list":[{"dt":1691146800,"sunrise":1691122355,"sunset":1691177090,"temp":{"day":19.39,"min":12.63,"max":20.84,"night":14.26,"eve":19.68,"morn":14.11},"feels_like":{"day":19.11,"night":14.04,"eve":19.4,"morn":14.03},"pressure":1015,"humidity":66,"weather":[{"id":500,"main":"Rain","description":"light rain","icon":"10d"}],"speed":5.54,"deg":330,"gust":6.4,"clouds":84,"pop":1,"rain":1.75},{"dt":1691233200,"sunrise":1691208845,"sunset":1691263390,"temp":{"day":15.39,"min":12.53,"max":17.85,"night":13.93,"eve":14.52,"morn":13},"feels_like":{"day":15.07,"night":13.81,"eve":14.33,"morn":12.78},"pressure":1012,"humidity":80,"weather":[{"id":501,"main":"Rain","description":"moderate rain","icon":"10d"}],"speed":7.14,"deg":221,"gust":13.09,"clouds":99,"pop":1,"rain":5.25},{"dt":1691319600,"sunrise":1691295336,"sunset":1691349689,"temp":{"day":15.79,"min":11.83,"max":18.25,"night":11.83,"eve":16.04,"morn":13.81},"feels_like":{"day":15.28,"night":11.42,"eve":15.61,"morn":13.73},"pressure":1014,"humidity":71,"weather":[{"id":500,"main":"Rain","description":"light rain","icon":"10d"}],"speed":9.49,"deg":303,"gust":12.92,"clouds":91,"pop":1,"rain":4.48},{"dt":1691406000,"sunrise":1691381827,"sunset":1691435986,"temp":{"day":19.75,"min":10.51,"max":19.75,"night":13.75,"eve":16.8,"morn":12.75},"feels_like":{"day":19.16,"night":12.98,"eve":16.1,"morn":12.43},"pressure":1018,"humidity":53,"weather":[{"id":802,"main":"Clouds","description":"scattered clouds","icon":"03d"}],"speed":6.31,"deg":296,"gust":8.68,"clouds":33,"pop":0.22}]}
--- ENF OF RECEIVED DATA ---

{"city":{"id":2800866,"name":"Brussels","coord":{"lon":4.3488,"lat":50.8504},"country":"BE","population":1019022,"timezone":7200},"cod":"200","message":0.1211954,"cnt":4,"list":[{"dt":1691146800,"sunrise":1691122355,"sunset":1691177090,"temp":{"day":19.39,"min":12.63,"max":20.84,"night":14.26,"eve":19.68,"morn":14.11},"feels_like":{"day":19.11,"night":14.04,"eve":19.4,"morn":14.03},"pressure":1015,"humidity":66,"weather":[{"id":500,"main":"Rain","description":"light rain","icon":"10d"}],"speed":5.54,"deg":330,"gust":6.4,"clouds":84,"pop":1,"rain":1.75},{"dt":1691233200,"sunrise":1691208845,"sunset":1691263390,"temp":{"day":15.39,"min":12.53,"max":17.85,"night":13.93,"eve":14.52,"morn":13},"feels_like":{"day":15.07,"night":13.81,"eve":14.33,"morn":12.78},"pressure":1012,"humidity":80,"weather":[{"id":501,"main":"Rain","description":"moderate rain","icon":"10d"}],"speed":7.14,"deg":221,"gust":13.09,"clouds":99,"pop":1,"rain":5.25},{"dt":1691319600,"sunrise":1691295336,"sunset":1691349689,"temp":{"day":15.79,"min":11.83,"max":18.25,"night":11.83,"eve":16.04,"morn":13.81},"feels_like":{"day":15.28,"night":11.42,"eve":15.61,"morn":13.73},"pressure":1014,"humidity":71,"weather":[{"id":500,"main":"Rain","description":"light rain","icon":"10d"}],"speed":9.49,"deg":303,"gust":12.92,"clouds":91,"pop":1,"rain":4.48},{"dt":1691406000,"sunrise":1691381827,"sunset":1691435986,"temp":{"day":19.75,"min":10.51,"max":19.75,"night":13.75,"eve":16.8,"morn":12.75},"feels_like":{"day":19.16,"night":12.98,"eve":16.1,"morn":12.43},"pressure":1018,"humidity":53,"weather":[{"id":802,"main":"Clouds","description":"scattered clouds","icon":"03d"}],"speed":6.31,"deg":296,"gust":8.68,"clouds":33,"pop":0.22}]}
--- ENF OF RECEIVED DATA ---

