________________________________________________
|             CALL API : START                |
________________________________________________

Informations : 
Called API: meteo - 9 January 2025, 21:00
Method: GETMETEO - Timeout : 300 - Cache : 1
URL CALLED : https://api.openweathermap.org/data/2.5/forecast/daily?q=Brussels,be&units=metric&cnt=4&appid=ea18c0706135505149200c3836f29800
-------------------------
________________________________________________
|             CALL API : START                |
________________________________________________

Informations : 
Called API: meteo - 9 January 2025, 21:00
Method: GETMETEO - Timeout : 300 - Cache : 1
URL CALLED : https://api.openweathermap.org/data/2.5/forecast/daily?q=Brussels,be&units=metric&cnt=4&appid=ea18c0706135505149200c3836f29800
-------------------------
{"city":{"id":2800866,"name":"Brussels","coord":{"lon":4.3488,"lat":50.8504},"country":"BE","population":1019022,"timezone":3600},"cod":"200","message":0.0957023,"cnt":4,"list":[{"dt":1736420400,"sunrise":1736408554,"sunset":1736438190,"temp":{"day":0.53,"min":0.15,"max":1.38,"night":0.15,"eve":0.42,"morn":0.22},"feels_like":{"day":-3.36,"night":-5.04,"eve":-4.11,"morn":-4.48},"pressure":1002,"humidity":100,"weather":[{"id":616,"main":"Snow","description":"rain and snow","icon":"13d"}],"speed":5.83,"deg":14,"gust":12.46,"clouds":100,"pop":1,"rain":0.28,"snow":27.21},{"dt":1736506800,"sunrise":1736494921,"sunset":1736524671,"temp":{"day":-0.87,"min":-5.66,"max":0.11,"night":-4.83,"eve":-4.66,"morn":-2.98},"feels_like":{"day":-3.94,"night":-8.55,"eve":-7.28,"morn":-7.56},"pressure":1021,"humidity":93,"weather":[{"id":800,"main":"Clear","description":"sky is clear","icon":"01d"}],"speed":5.37,"deg":236,"gust":11.97,"clouds":5,"pop":0.23},{"dt":1736593200,"sunrise":1736581286,"sunset":1736611154,"temp":{"day":-0.12,"min":-5.04,"max":0.75,"night":-1.94,"eve":-2.79,"morn":-4.52},"feels_like":{"day":-2.49,"night":-4.5,"eve":-4.92,"morn":-8.39},"pressure":1028,"humidity":96,"weather":[{"id":802,"main":"Clouds","description":"scattered clouds","icon":"03d"}],"speed":2.67,"deg":235,"gust":4.38,"clouds":34,"pop":0},{"dt":1736679600,"sunrise":1736667647,"sunset":1736697639,"temp":{"day":1.43,"min":-3.39,"max":1.43,"night":-3.39,"eve":-1.97,"morn":0.95},"feels_like":{"day":1.43,"night":-5.57,"eve":-1.97,"morn":0.95},"pressure":1041,"humidity":101,"weather":[{"id":804,"main":"Clouds","description":"overcast clouds","icon":"04d"}],"speed":1.57,"deg":339,"gust":1.78,"clouds":100,"pop":0}]}
--- ENF OF RECEIVED DATA ---

{"city":{"id":2800866,"name":"Brussels","coord":{"lon":4.3488,"lat":50.8504},"country":"BE","population":1019022,"timezone":3600},"cod":"200","message":0.0957023,"cnt":4,"list":[{"dt":1736420400,"sunrise":1736408554,"sunset":1736438190,"temp":{"day":0.53,"min":0.15,"max":1.38,"night":0.15,"eve":0.42,"morn":0.22},"feels_like":{"day":-3.36,"night":-5.04,"eve":-4.11,"morn":-4.48},"pressure":1002,"humidity":100,"weather":[{"id":616,"main":"Snow","description":"rain and snow","icon":"13d"}],"speed":5.83,"deg":14,"gust":12.46,"clouds":100,"pop":1,"rain":0.28,"snow":27.21},{"dt":1736506800,"sunrise":1736494921,"sunset":1736524671,"temp":{"day":-0.87,"min":-5.66,"max":0.11,"night":-4.83,"eve":-4.66,"morn":-2.98},"feels_like":{"day":-3.94,"night":-8.55,"eve":-7.28,"morn":-7.56},"pressure":1021,"humidity":93,"weather":[{"id":800,"main":"Clear","description":"sky is clear","icon":"01d"}],"speed":5.37,"deg":236,"gust":11.97,"clouds":5,"pop":0.23},{"dt":1736593200,"sunrise":1736581286,"sunset":1736611154,"temp":{"day":-0.12,"min":-5.04,"max":0.75,"night":-1.94,"eve":-2.79,"morn":-4.52},"feels_like":{"day":-2.49,"night":-4.5,"eve":-4.92,"morn":-8.39},"pressure":1028,"humidity":96,"weather":[{"id":802,"main":"Clouds","description":"scattered clouds","icon":"03d"}],"speed":2.67,"deg":235,"gust":4.38,"clouds":34,"pop":0},{"dt":1736679600,"sunrise":1736667647,"sunset":1736697639,"temp":{"day":1.43,"min":-3.39,"max":1.43,"night":-3.39,"eve":-1.97,"morn":0.95},"feels_like":{"day":1.43,"night":-5.57,"eve":-1.97,"morn":0.95},"pressure":1041,"humidity":101,"weather":[{"id":804,"main":"Clouds","description":"overcast clouds","icon":"04d"}],"speed":1.57,"deg":339,"gust":1.78,"clouds":100,"pop":0}]}
--- ENF OF RECEIVED DATA ---

