________________________________________________
|             CALL API : START                |
________________________________________________

Informations : 
Called API: meteo - 18 April 2024, 18:10
Method: GETMETEO - Timeout : 300 - Cache : 1
URL CALLED : https://api.openweathermap.org/data/2.5/forecast/daily?q=Brussels,be&units=metric&cnt=4&appid=ea18c0706135505149200c3836f29800
-------------------------
________________________________________________
|             CALL API : START                |
________________________________________________

Informations : 
Called API: meteo - 18 April 2024, 18:10
Method: GETMETEO - Timeout : 300 - Cache : 1
URL CALLED : https://api.openweathermap.org/data/2.5/forecast/daily?q=Brussels,be&units=metric&cnt=4&appid=ea18c0706135505149200c3836f29800
-------------------------
{"city":{"id":2800866,"name":"Brussels","coord":{"lon":4.3488,"lat":50.8504},"country":"BE","population":1019022,"timezone":7200},"cod":"200","message":0.1486682,"cnt":4,"list":[{"dt":1713438000,"sunrise":1713415260,"sunset":1713465739,"temp":{"day":10.16,"min":2.5,"max":11.48,"night":6.52,"eve":11.23,"morn":2.6},"feels_like":{"day":8.62,"night":3.93,"eve":10.03,"morn":0.3},"pressure":1021,"humidity":53,"weather":[{"id":802,"main":"Clouds","description":"scattered clouds","icon":"03d"}],"speed":3.97,"deg":298,"gust":9.61,"clouds":29,"pop":0},{"dt":1713524400,"sunrise":1713501537,"sunset":1713552236,"temp":{"day":10.35,"min":6.5,"max":11.14,"night":6.5,"eve":8.01,"morn":7.48},"feels_like":{"day":9.56,"night":2.54,"eve":4.04,"morn":3.33},"pressure":1011,"humidity":81,"weather":[{"id":501,"main":"Rain","description":"moderate rain","icon":"10d"}],"speed":9,"deg":306,"gust":15.6,"clouds":100,"pop":1,"rain":9.22},{"dt":1713610800,"sunrise":1713587815,"sunset":1713638734,"temp":{"day":8.69,"min":5.79,"max":10.12,"night":6.42,"eve":8.08,"morn":6.06},"feels_like":{"day":5.62,"night":2.75,"eve":4.61,"morn":2.16},"pressure":1024,"humidity":65,"weather":[{"id":500,"main":"Rain","description":"light rain","icon":"10d"}],"speed":7.85,"deg":328,"gust":12.52,"clouds":100,"pop":1,"rain":1.81},{"dt":1713697200,"sunrise":1713674094,"sunset":1713725232,"temp":{"day":10.12,"min":3.06,"max":10.78,"night":5.46,"eve":7.99,"morn":4.39},"feels_like":{"day":8.55,"night":1.67,"eve":4.8,"morn":1.43},"pressure":1026,"humidity":52,"weather":[{"id":500,"main":"Rain","description":"light rain","icon":"10d"}],"speed":6.44,"deg":29,"gust":11.63,"clouds":37,"pop":1,"rain":0.9}]}
--- ENF OF RECEIVED DATA ---

{"city":{"id":2800866,"name":"Brussels","coord":{"lon":4.3488,"lat":50.8504},"country":"BE","population":1019022,"timezone":7200},"cod":"200","message":0.1486682,"cnt":4,"list":[{"dt":1713438000,"sunrise":1713415260,"sunset":1713465739,"temp":{"day":10.16,"min":2.5,"max":11.48,"night":6.52,"eve":11.23,"morn":2.6},"feels_like":{"day":8.62,"night":3.93,"eve":10.03,"morn":0.3},"pressure":1021,"humidity":53,"weather":[{"id":802,"main":"Clouds","description":"scattered clouds","icon":"03d"}],"speed":3.97,"deg":298,"gust":9.61,"clouds":29,"pop":0},{"dt":1713524400,"sunrise":1713501537,"sunset":1713552236,"temp":{"day":10.35,"min":6.5,"max":11.14,"night":6.5,"eve":8.01,"morn":7.48},"feels_like":{"day":9.56,"night":2.54,"eve":4.04,"morn":3.33},"pressure":1011,"humidity":81,"weather":[{"id":501,"main":"Rain","description":"moderate rain","icon":"10d"}],"speed":9,"deg":306,"gust":15.6,"clouds":100,"pop":1,"rain":9.22},{"dt":1713610800,"sunrise":1713587815,"sunset":1713638734,"temp":{"day":8.69,"min":5.79,"max":10.12,"night":6.42,"eve":8.08,"morn":6.06},"feels_like":{"day":5.62,"night":2.75,"eve":4.61,"morn":2.16},"pressure":1024,"humidity":65,"weather":[{"id":500,"main":"Rain","description":"light rain","icon":"10d"}],"speed":7.85,"deg":328,"gust":12.52,"clouds":100,"pop":1,"rain":1.81},{"dt":1713697200,"sunrise":1713674094,"sunset":1713725232,"temp":{"day":10.12,"min":3.06,"max":10.78,"night":5.46,"eve":7.99,"morn":4.39},"feels_like":{"day":8.55,"night":1.67,"eve":4.8,"morn":1.43},"pressure":1026,"humidity":52,"weather":[{"id":500,"main":"Rain","description":"light rain","icon":"10d"}],"speed":6.44,"deg":29,"gust":11.63,"clouds":37,"pop":1,"rain":0.9}]}
--- ENF OF RECEIVED DATA ---

