________________________________________________
|             CALL API : START                |
________________________________________________

Informations : 
Called API: meteo - 28 May 2024, 11:50
Method: GETMETEO - Timeout : 300 - Cache : 1
URL CALLED : https://api.openweathermap.org/data/2.5/forecast/daily?q=Brussels,be&units=metric&cnt=4&appid=ea18c0706135505149200c3836f29800
-------------------------
________________________________________________
|             CALL API : START                |
________________________________________________

Informations : 
Called API: meteo - 28 May 2024, 11:50
Method: GETMETEO - Timeout : 300 - Cache : 1
URL CALLED : https://api.openweathermap.org/data/2.5/forecast/daily?q=Brussels,be&units=metric&cnt=4&appid=ea18c0706135505149200c3836f29800
-------------------------
{"city":{"id":2800866,"name":"Brussels","coord":{"lon":4.3488,"lat":50.8504},"country":"BE","population":1019022,"timezone":7200},"cod":"200","message":0.0769517,"cnt":4,"list":[{"dt":1716894000,"sunrise":1716867459,"sunset":1716925353,"temp":{"day":16.89,"min":7.56,"max":16.89,"night":13.66,"eve":12.74,"morn":8.59},"feels_like":{"day":16.41,"night":13.54,"eve":12.58,"morn":6.11},"pressure":1018,"humidity":68,"weather":[{"id":501,"main":"Rain","description":"moderate rain","icon":"10d"}],"speed":7.46,"deg":204,"gust":13.74,"clouds":31,"pop":1,"rain":2.79},{"dt":1716980400,"sunrise":1716953805,"sunset":1717011823,"temp":{"day":17.79,"min":12.2,"max":18.26,"night":12.2,"eve":17.58,"morn":13.3},"feels_like":{"day":17.32,"night":11.77,"eve":17.14,"morn":13.17},"pressure":1010,"humidity":65,"weather":[{"id":501,"main":"Rain","description":"moderate rain","icon":"10d"}],"speed":8.52,"deg":249,"gust":13.73,"clouds":47,"pop":1,"rain":6.23},{"dt":1717066800,"sunrise":1717040153,"sunset":1717098291,"temp":{"day":16.35,"min":9.24,"max":16.81,"night":12.14,"eve":14.62,"morn":10.28},"feels_like":{"day":15.84,"night":11.71,"eve":14.33,"morn":9.84},"pressure":1007,"humidity":69,"weather":[{"id":500,"main":"Rain","description":"light rain","icon":"10d"}],"speed":5.83,"deg":333,"gust":10.21,"clouds":75,"pop":1,"rain":2.65},{"dt":1717153200,"sunrise":1717126504,"sunset":1717184757,"temp":{"day":11.91,"min":11.43,"max":13.13,"night":12.37,"eve":12.92,"morn":11.73},"feels_like":{"day":11.66,"night":12.12,"eve":12.7,"morn":11.33},"pressure":1014,"humidity":96,"weather":[{"id":500,"main":"Rain","description":"light rain","icon":"10d"}],"speed":7.23,"deg":321,"gust":12.72,"clouds":92,"pop":1,"rain":2.94}]}
--- ENF OF RECEIVED DATA ---

{"city":{"id":2800866,"name":"Brussels","coord":{"lon":4.3488,"lat":50.8504},"country":"BE","population":1019022,"timezone":7200},"cod":"200","message":0.0769517,"cnt":4,"list":[{"dt":1716894000,"sunrise":1716867459,"sunset":1716925353,"temp":{"day":16.89,"min":7.56,"max":16.89,"night":13.66,"eve":12.74,"morn":8.59},"feels_like":{"day":16.41,"night":13.54,"eve":12.58,"morn":6.11},"pressure":1018,"humidity":68,"weather":[{"id":501,"main":"Rain","description":"moderate rain","icon":"10d"}],"speed":7.46,"deg":204,"gust":13.74,"clouds":31,"pop":1,"rain":2.79},{"dt":1716980400,"sunrise":1716953805,"sunset":1717011823,"temp":{"day":17.79,"min":12.2,"max":18.26,"night":12.2,"eve":17.58,"morn":13.3},"feels_like":{"day":17.32,"night":11.77,"eve":17.14,"morn":13.17},"pressure":1010,"humidity":65,"weather":[{"id":501,"main":"Rain","description":"moderate rain","icon":"10d"}],"speed":8.52,"deg":249,"gust":13.73,"clouds":47,"pop":1,"rain":6.23},{"dt":1717066800,"sunrise":1717040153,"sunset":1717098291,"temp":{"day":16.35,"min":9.24,"max":16.81,"night":12.14,"eve":14.62,"morn":10.28},"feels_like":{"day":15.84,"night":11.71,"eve":14.33,"morn":9.84},"pressure":1007,"humidity":69,"weather":[{"id":500,"main":"Rain","description":"light rain","icon":"10d"}],"speed":5.83,"deg":333,"gust":10.21,"clouds":75,"pop":1,"rain":2.65},{"dt":1717153200,"sunrise":1717126504,"sunset":1717184757,"temp":{"day":11.91,"min":11.43,"max":13.13,"night":12.37,"eve":12.92,"morn":11.73},"feels_like":{"day":11.66,"night":12.12,"eve":12.7,"morn":11.33},"pressure":1014,"humidity":96,"weather":[{"id":500,"main":"Rain","description":"light rain","icon":"10d"}],"speed":7.23,"deg":321,"gust":12.72,"clouds":92,"pop":1,"rain":2.94}]}
--- ENF OF RECEIVED DATA ---

