________________________________________________
|             CALL API : START                |
________________________________________________

Informations : 
Called API: meteo - 10 August 2023, 13:40
Method: GETMETEO - Timeout : 300 - Cache : 1
URL CALLED : https://api.openweathermap.org/data/2.5/forecast/daily?q=Brussels,be&units=metric&cnt=4&appid=ea18c0706135505149200c3836f29800
-------------------------
________________________________________________
|             CALL API : START                |
________________________________________________

Informations : 
Called API: meteo - 10 August 2023, 13:40
Method: GETMETEO - Timeout : 300 - Cache : 1
URL CALLED : https://api.openweathermap.org/data/2.5/forecast/daily?q=Brussels,be&units=metric&cnt=4&appid=ea18c0706135505149200c3836f29800
-------------------------
{"city":{"id":2800866,"name":"Brussels","coord":{"lon":4.3488,"lat":50.8504},"country":"BE","population":1019022,"timezone":7200},"cod":"200","message":8.4802729,"cnt":4,"list":[{"dt":1691665200,"sunrise":1691641301,"sunset":1691694869,"temp":{"day":23.54,"min":12.86,"max":25.04,"night":19.07,"eve":25.04,"morn":13.07},"feels_like":{"day":23.26,"night":18.86,"eve":24.88,"morn":12.44},"pressure":1021,"humidity":50,"weather":[{"id":800,"main":"Clear","description":"sky is clear","icon":"01d"}],"speed":2.77,"deg":109,"gust":3.44,"clouds":0,"pop":0},{"dt":1691751600,"sunrise":1691727793,"sunset":1691781160,"temp":{"day":26.62,"min":16.71,"max":28.13,"night":20.57,"eve":24.37,"morn":16.8},"feels_like":{"day":26.62,"night":20.88,"eve":24.69,"morn":16.52},"pressure":1019,"humidity":52,"weather":[{"id":500,"main":"Rain","description":"light rain","icon":"10d"}],"speed":4.83,"deg":219,"gust":7.36,"clouds":38,"pop":0.37,"rain":0.59},{"dt":1691838000,"sunrise":1691814286,"sunset":1691867450,"temp":{"day":23.09,"min":16.85,"max":24.57,"night":16.85,"eve":22.82,"morn":18.79},"feels_like":{"day":22.89,"night":16.42,"eve":22.62,"morn":19.28},"pressure":1018,"humidity":55,"weather":[{"id":501,"main":"Rain","description":"moderate rain","icon":"10d"}],"speed":5.99,"deg":241,"gust":8.67,"clouds":66,"pop":1,"rain":6.4},{"dt":1691924400,"sunrise":1691900778,"sunset":1691953738,"temp":{"day":23.74,"min":15.27,"max":23.74,"night":17.11,"eve":21.23,"morn":16.52},"feels_like":{"day":23.53,"night":16.89,"eve":21.11,"morn":16.21},"pressure":1017,"humidity":52,"weather":[{"id":802,"main":"Clouds","description":"scattered clouds","icon":"03d"}],"speed":4.33,"deg":242,"gust":6.5,"clouds":49,"pop":0.03}]}
--- ENF OF RECEIVED DATA ---

{"city":{"id":2800866,"name":"Brussels","coord":{"lon":4.3488,"lat":50.8504},"country":"BE","population":1019022,"timezone":7200},"cod":"200","message":8.4802729,"cnt":4,"list":[{"dt":1691665200,"sunrise":1691641301,"sunset":1691694869,"temp":{"day":23.54,"min":12.86,"max":25.04,"night":19.07,"eve":25.04,"morn":13.07},"feels_like":{"day":23.26,"night":18.86,"eve":24.88,"morn":12.44},"pressure":1021,"humidity":50,"weather":[{"id":800,"main":"Clear","description":"sky is clear","icon":"01d"}],"speed":2.77,"deg":109,"gust":3.44,"clouds":0,"pop":0},{"dt":1691751600,"sunrise":1691727793,"sunset":1691781160,"temp":{"day":26.62,"min":16.71,"max":28.13,"night":20.57,"eve":24.37,"morn":16.8},"feels_like":{"day":26.62,"night":20.88,"eve":24.69,"morn":16.52},"pressure":1019,"humidity":52,"weather":[{"id":500,"main":"Rain","description":"light rain","icon":"10d"}],"speed":4.83,"deg":219,"gust":7.36,"clouds":38,"pop":0.37,"rain":0.59},{"dt":1691838000,"sunrise":1691814286,"sunset":1691867450,"temp":{"day":23.09,"min":16.85,"max":24.57,"night":16.85,"eve":22.82,"morn":18.79},"feels_like":{"day":22.89,"night":16.42,"eve":22.62,"morn":19.28},"pressure":1018,"humidity":55,"weather":[{"id":501,"main":"Rain","description":"moderate rain","icon":"10d"}],"speed":5.99,"deg":241,"gust":8.67,"clouds":66,"pop":1,"rain":6.4},{"dt":1691924400,"sunrise":1691900778,"sunset":1691953738,"temp":{"day":23.74,"min":15.27,"max":23.74,"night":17.11,"eve":21.23,"morn":16.52},"feels_like":{"day":23.53,"night":16.89,"eve":21.11,"morn":16.21},"pressure":1017,"humidity":52,"weather":[{"id":802,"main":"Clouds","description":"scattered clouds","icon":"03d"}],"speed":4.33,"deg":242,"gust":6.5,"clouds":49,"pop":0.03}]}
--- ENF OF RECEIVED DATA ---

