________________________________________________
|             CALL API : START                |
________________________________________________

Informations : 
Called API: meteo - 9 March 2025, 15:40
Method: GETMETEO - Timeout : 300 - Cache : 1
URL CALLED : https://api.openweathermap.org/data/2.5/forecast/daily?q=Brussels,be&units=metric&cnt=4&appid=ea18c0706135505149200c3836f29800
-------------------------
________________________________________________
|             CALL API : START                |
________________________________________________

Informations : 
Called API: meteo - 9 March 2025, 15:40
Method: GETMETEO - Timeout : 300 - Cache : 1
URL CALLED : https://api.openweathermap.org/data/2.5/forecast/daily?q=Brussels,be&units=metric&cnt=4&appid=ea18c0706135505149200c3836f29800
-------------------------
{"city":{"id":2800866,"name":"Brussels","coord":{"lon":4.3488,"lat":50.8504},"country":"BE","population":1019022,"timezone":3600},"cod":"200","message":0.0626319,"cnt":4,"list":[{"dt":1741518000,"sunrise":1741500588,"sunset":1741541802,"temp":{"day":17,"min":8.3,"max":19.82,"night":10.96,"eve":18.02,"morn":8.62},"feels_like":{"day":15.88,"night":9.7,"eve":17,"morn":6.9},"pressure":1004,"humidity":43,"weather":[{"id":803,"main":"Clouds","description":"broken clouds","icon":"04d"}],"speed":3.32,"deg":98,"gust":4.74,"clouds":56,"pop":0},{"dt":1741604400,"sunrise":1741586856,"sunset":1741628302,"temp":{"day":13.95,"min":8.36,"max":16.04,"night":10.03,"eve":13.87,"morn":8.55},"feels_like":{"day":12.71,"night":8.84,"eve":12.57,"morn":7.22},"pressure":1003,"humidity":50,"weather":[{"id":804,"main":"Clouds","description":"overcast clouds","icon":"04d"}],"speed":3.03,"deg":60,"gust":4.9,"clouds":93,"pop":0},{"dt":1741690800,"sunrise":1741673123,"sunset":1741714802,"temp":{"day":9.74,"min":4.33,"max":11.15,"night":4.33,"eve":6.93,"morn":7.3},"feels_like":{"day":8.23,"night":1.81,"eve":3.63,"morn":5.89},"pressure":1004,"humidity":62,"weather":[{"id":804,"main":"Clouds","description":"overcast clouds","icon":"04d"}],"speed":5.69,"deg":332,"gust":6.9,"clouds":98,"pop":0},{"dt":1741777200,"sunrise":1741759390,"sunset":1741801301,"temp":{"day":7.46,"min":2.83,"max":8.38,"night":6.02,"eve":6.63,"morn":2.83},"feels_like":{"day":6.13,"night":3.72,"eve":4.41,"morn":1.21},"pressure":1002,"humidity":58,"weather":[{"id":804,"main":"Clouds","description":"overcast clouds","icon":"04d"}],"speed":3.08,"deg":23,"gust":5.23,"clouds":96,"pop":0}]}
--- ENF OF RECEIVED DATA ---

{"city":{"id":2800866,"name":"Brussels","coord":{"lon":4.3488,"lat":50.8504},"country":"BE","population":1019022,"timezone":3600},"cod":"200","message":0.0626319,"cnt":4,"list":[{"dt":1741518000,"sunrise":1741500588,"sunset":1741541802,"temp":{"day":17,"min":8.3,"max":19.82,"night":10.96,"eve":18.02,"morn":8.62},"feels_like":{"day":15.88,"night":9.7,"eve":17,"morn":6.9},"pressure":1004,"humidity":43,"weather":[{"id":803,"main":"Clouds","description":"broken clouds","icon":"04d"}],"speed":3.32,"deg":98,"gust":4.74,"clouds":56,"pop":0},{"dt":1741604400,"sunrise":1741586856,"sunset":1741628302,"temp":{"day":13.95,"min":8.36,"max":16.04,"night":10.03,"eve":13.87,"morn":8.55},"feels_like":{"day":12.71,"night":8.84,"eve":12.57,"morn":7.22},"pressure":1003,"humidity":50,"weather":[{"id":804,"main":"Clouds","description":"overcast clouds","icon":"04d"}],"speed":3.03,"deg":60,"gust":4.9,"clouds":93,"pop":0},{"dt":1741690800,"sunrise":1741673123,"sunset":1741714802,"temp":{"day":9.74,"min":4.33,"max":11.15,"night":4.33,"eve":6.93,"morn":7.3},"feels_like":{"day":8.23,"night":1.81,"eve":3.63,"morn":5.89},"pressure":1004,"humidity":62,"weather":[{"id":804,"main":"Clouds","description":"overcast clouds","icon":"04d"}],"speed":5.69,"deg":332,"gust":6.9,"clouds":98,"pop":0},{"dt":1741777200,"sunrise":1741759390,"sunset":1741801301,"temp":{"day":7.46,"min":2.83,"max":8.38,"night":6.02,"eve":6.63,"morn":2.83},"feels_like":{"day":6.13,"night":3.72,"eve":4.41,"morn":1.21},"pressure":1002,"humidity":58,"weather":[{"id":804,"main":"Clouds","description":"overcast clouds","icon":"04d"}],"speed":3.08,"deg":23,"gust":5.23,"clouds":96,"pop":0}]}
--- ENF OF RECEIVED DATA ---

