________________________________________________
|             CALL API : START                |
________________________________________________

Informations : 
Called API: meteo - 9 September 2024, 09:50
Method: GETMETEO - Timeout : 300 - Cache : 1
URL CALLED : https://api.openweathermap.org/data/2.5/forecast/daily?q=Brussels,be&units=metric&cnt=4&appid=ea18c0706135505149200c3836f29800
-------------------------
________________________________________________
|             CALL API : START                |
________________________________________________

Informations : 
Called API: meteo - 9 September 2024, 09:50
Method: GETMETEO - Timeout : 300 - Cache : 1
URL CALLED : https://api.openweathermap.org/data/2.5/forecast/daily?q=Brussels,be&units=metric&cnt=4&appid=ea18c0706135505149200c3836f29800
-------------------------
{"city":{"id":2800866,"name":"Brussels","coord":{"lon":4.3488,"lat":50.8504},"country":"BE","population":1019022,"timezone":7200},"cod":"200","message":0.0520636,"cnt":4,"list":[{"dt":1725879600,"sunrise":1725858554,"sunset":1725905448,"temp":{"day":17.67,"min":14.49,"max":18.74,"night":14.54,"eve":16.61,"morn":14.49},"feels_like":{"day":17.63,"night":14.3,"eve":16.57,"morn":14.48},"pressure":1005,"humidity":82,"weather":[{"id":501,"main":"Rain","description":"moderate rain","icon":"10d"}],"speed":7.34,"deg":290,"gust":11,"clouds":68,"pop":1,"rain":10.58},{"dt":1725966000,"sunrise":1725945046,"sunset":1725991713,"temp":{"day":15.05,"min":11.06,"max":17.13,"night":14.25,"eve":15.69,"morn":11.06},"feels_like":{"day":14.7,"night":14.18,"eve":15.43,"morn":10.62},"pressure":1011,"humidity":80,"weather":[{"id":500,"main":"Rain","description":"light rain","icon":"10d"}],"speed":9.18,"deg":226,"gust":15.21,"clouds":90,"pop":1,"rain":1.87},{"dt":1726052400,"sunrise":1726031538,"sunset":1726077977,"temp":{"day":15.1,"min":8.98,"max":15.39,"night":10.44,"eve":13.91,"morn":9.03},"feels_like":{"day":14.05,"night":9.32,"eve":12.77,"morn":6.91},"pressure":1008,"humidity":53,"weather":[{"id":502,"main":"Rain","description":"heavy intensity rain","icon":"10d"}],"speed":6.23,"deg":271,"gust":10.88,"clouds":8,"pop":1,"rain":14.85},{"dt":1726138800,"sunrise":1726118031,"sunset":1726164242,"temp":{"day":14.91,"min":6.64,"max":14.91,"night":10.25,"eve":10.6,"morn":6.64},"feels_like":{"day":13.87,"night":9.58,"eve":10.04,"morn":4.36},"pressure":1012,"humidity":54,"weather":[{"id":500,"main":"Rain","description":"light rain","icon":"10d"}],"speed":5.33,"deg":312,"gust":9.69,"clouds":11,"pop":1,"rain":1.89}]}
--- ENF OF RECEIVED DATA ---

{"city":{"id":2800866,"name":"Brussels","coord":{"lon":4.3488,"lat":50.8504},"country":"BE","population":1019022,"timezone":7200},"cod":"200","message":0.0520636,"cnt":4,"list":[{"dt":1725879600,"sunrise":1725858554,"sunset":1725905448,"temp":{"day":17.67,"min":14.49,"max":18.74,"night":14.54,"eve":16.61,"morn":14.49},"feels_like":{"day":17.63,"night":14.3,"eve":16.57,"morn":14.48},"pressure":1005,"humidity":82,"weather":[{"id":501,"main":"Rain","description":"moderate rain","icon":"10d"}],"speed":7.34,"deg":290,"gust":11,"clouds":68,"pop":1,"rain":10.58},{"dt":1725966000,"sunrise":1725945046,"sunset":1725991713,"temp":{"day":15.05,"min":11.06,"max":17.13,"night":14.25,"eve":15.69,"morn":11.06},"feels_like":{"day":14.7,"night":14.18,"eve":15.43,"morn":10.62},"pressure":1011,"humidity":80,"weather":[{"id":500,"main":"Rain","description":"light rain","icon":"10d"}],"speed":9.18,"deg":226,"gust":15.21,"clouds":90,"pop":1,"rain":1.87},{"dt":1726052400,"sunrise":1726031538,"sunset":1726077977,"temp":{"day":15.1,"min":8.98,"max":15.39,"night":10.44,"eve":13.91,"morn":9.03},"feels_like":{"day":14.05,"night":9.32,"eve":12.77,"morn":6.91},"pressure":1008,"humidity":53,"weather":[{"id":502,"main":"Rain","description":"heavy intensity rain","icon":"10d"}],"speed":6.23,"deg":271,"gust":10.88,"clouds":8,"pop":1,"rain":14.85},{"dt":1726138800,"sunrise":1726118031,"sunset":1726164242,"temp":{"day":14.91,"min":6.64,"max":14.91,"night":10.25,"eve":10.6,"morn":6.64},"feels_like":{"day":13.87,"night":9.58,"eve":10.04,"morn":4.36},"pressure":1012,"humidity":54,"weather":[{"id":500,"main":"Rain","description":"light rain","icon":"10d"}],"speed":5.33,"deg":312,"gust":9.69,"clouds":11,"pop":1,"rain":1.89}]}
--- ENF OF RECEIVED DATA ---

