________________________________________________
|             CALL API : START                |
________________________________________________

Informations : 
Called API: meteo - 13 October 2024, 17:20
Method: GETMETEO - Timeout : 300 - Cache : 1
URL CALLED : https://api.openweathermap.org/data/2.5/forecast/daily?q=Brussels,be&units=metric&cnt=4&appid=ea18c0706135505149200c3836f29800
-------------------------
________________________________________________
|             CALL API : START                |
________________________________________________

Informations : 
Called API: meteo - 13 October 2024, 17:20
Method: GETMETEO - Timeout : 300 - Cache : 1
URL CALLED : https://api.openweathermap.org/data/2.5/forecast/daily?q=Brussels,be&units=metric&cnt=4&appid=ea18c0706135505149200c3836f29800
-------------------------
{"city":{"id":2800866,"name":"Brussels","coord":{"lon":4.3488,"lat":50.8504},"country":"BE","population":1019022,"timezone":7200},"cod":"200","message":0.0343117,"cnt":4,"list":[{"dt":1728817200,"sunrise":1728799357,"sunset":1728838475,"temp":{"day":11.82,"min":7.05,"max":12.27,"night":8.85,"eve":11.48,"morn":7.05},"feels_like":{"day":10.68,"night":8.85,"eve":10.43,"morn":3.63},"pressure":1019,"humidity":62,"weather":[{"id":500,"main":"Rain","description":"light rain","icon":"10d"}],"speed":7.02,"deg":247,"gust":14.36,"clouds":88,"pop":0.2,"rain":0.13},{"dt":1728903600,"sunrise":1728885855,"sunset":1728924748,"temp":{"day":7.81,"min":6.53,"max":8.96,"night":6.53,"eve":7.76,"morn":8.15},"feels_like":{"day":6.75,"night":4.32,"eve":5.96,"morn":7.25},"pressure":1018,"humidity":94,"weather":[{"id":501,"main":"Rain","description":"moderate rain","icon":"10d"}],"speed":3.04,"deg":74,"gust":5.88,"clouds":100,"pop":1,"rain":4.55},{"dt":1728990000,"sunrise":1728972355,"sunset":1729011022,"temp":{"day":15.21,"min":5.71,"max":16.72,"night":12.95,"eve":13.85,"morn":6.45},"feels_like":{"day":14.93,"night":12.47,"eve":13.64,"morn":4.28},"pressure":1018,"humidity":82,"weather":[{"id":804,"main":"Clouds","description":"overcast clouds","icon":"04d"}],"speed":4.89,"deg":106,"gust":11.06,"clouds":100,"pop":0},{"dt":1729076400,"sunrise":1729058854,"sunset":1729097297,"temp":{"day":21.91,"min":12.87,"max":22.29,"night":17.95,"eve":19.14,"morn":13},"feels_like":{"day":21.83,"night":17.99,"eve":19.02,"morn":12.68},"pressure":1008,"humidity":64,"weather":[{"id":804,"main":"Clouds","description":"overcast clouds","icon":"04d"}],"speed":7.82,"deg":163,"gust":15.77,"clouds":89,"pop":0}]}
--- ENF OF RECEIVED DATA ---

{"city":{"id":2800866,"name":"Brussels","coord":{"lon":4.3488,"lat":50.8504},"country":"BE","population":1019022,"timezone":7200},"cod":"200","message":0.0343117,"cnt":4,"list":[{"dt":1728817200,"sunrise":1728799357,"sunset":1728838475,"temp":{"day":11.82,"min":7.05,"max":12.27,"night":8.85,"eve":11.48,"morn":7.05},"feels_like":{"day":10.68,"night":8.85,"eve":10.43,"morn":3.63},"pressure":1019,"humidity":62,"weather":[{"id":500,"main":"Rain","description":"light rain","icon":"10d"}],"speed":7.02,"deg":247,"gust":14.36,"clouds":88,"pop":0.2,"rain":0.13},{"dt":1728903600,"sunrise":1728885855,"sunset":1728924748,"temp":{"day":7.81,"min":6.53,"max":8.96,"night":6.53,"eve":7.76,"morn":8.15},"feels_like":{"day":6.75,"night":4.32,"eve":5.96,"morn":7.25},"pressure":1018,"humidity":94,"weather":[{"id":501,"main":"Rain","description":"moderate rain","icon":"10d"}],"speed":3.04,"deg":74,"gust":5.88,"clouds":100,"pop":1,"rain":4.55},{"dt":1728990000,"sunrise":1728972355,"sunset":1729011022,"temp":{"day":15.21,"min":5.71,"max":16.72,"night":12.95,"eve":13.85,"morn":6.45},"feels_like":{"day":14.93,"night":12.47,"eve":13.64,"morn":4.28},"pressure":1018,"humidity":82,"weather":[{"id":804,"main":"Clouds","description":"overcast clouds","icon":"04d"}],"speed":4.89,"deg":106,"gust":11.06,"clouds":100,"pop":0},{"dt":1729076400,"sunrise":1729058854,"sunset":1729097297,"temp":{"day":21.91,"min":12.87,"max":22.29,"night":17.95,"eve":19.14,"morn":13},"feels_like":{"day":21.83,"night":17.99,"eve":19.02,"morn":12.68},"pressure":1008,"humidity":64,"weather":[{"id":804,"main":"Clouds","description":"overcast clouds","icon":"04d"}],"speed":7.82,"deg":163,"gust":15.77,"clouds":89,"pop":0}]}
--- ENF OF RECEIVED DATA ---

