________________________________________________
|             CALL API : START                |
________________________________________________

Informations : 
Called API: meteo - 18 December 2024, 00:10
Method: GETMETEO - Timeout : 300 - Cache : 1
URL CALLED : https://api.openweathermap.org/data/2.5/forecast/daily?q=Brussels,be&units=metric&cnt=4&appid=ea18c0706135505149200c3836f29800
-------------------------
________________________________________________
|             CALL API : START                |
________________________________________________

Informations : 
Called API: meteo - 18 December 2024, 00:10
Method: GETMETEO - Timeout : 300 - Cache : 1
URL CALLED : https://api.openweathermap.org/data/2.5/forecast/daily?q=Brussels,be&units=metric&cnt=4&appid=ea18c0706135505149200c3836f29800
-------------------------
{"city":{"id":2800866,"name":"Brussels","coord":{"lon":4.3488,"lat":50.8504},"country":"BE","population":1019022,"timezone":3600},"cod":"200","message":1.1059799,"cnt":4,"list":[{"dt":1734519600,"sunrise":1734507666,"sunset":1734536259,"temp":{"day":10.96,"min":6.18,"max":12.55,"night":10.95,"eve":12.07,"morn":9.27},"feels_like":{"day":10.23,"night":10.4,"eve":11.55,"morn":5.58},"pressure":1014,"humidity":81,"weather":[{"id":804,"main":"Clouds","description":"overcast clouds","icon":"04d"}],"speed":10.54,"deg":220,"gust":19.48,"clouds":96,"pop":0},{"dt":1734606000,"sunrise":1734594104,"sunset":1734622679,"temp":{"day":6.86,"min":4.85,"max":12.88,"night":5.17,"eve":5.59,"morn":12.04},"feels_like":{"day":3.01,"night":1.34,"eve":1.75,"morn":11.47},"pressure":1004,"humidity":87,"weather":[{"id":501,"main":"Rain","description":"moderate rain","icon":"10d"}],"speed":11.4,"deg":210,"gust":22.85,"clouds":100,"pop":1,"rain":10},{"dt":1734692400,"sunrise":1734680538,"sunset":1734709102,"temp":{"day":4.68,"min":1.91,"max":5.74,"night":5.74,"eve":4.55,"morn":2.61},"feels_like":{"day":1.03,"night":1.38,"eve":0.47,"morn":-0.83},"pressure":1024,"humidity":80,"weather":[{"id":500,"main":"Rain","description":"light rain","icon":"10d"}],"speed":7.24,"deg":211,"gust":13.99,"clouds":53,"pop":1,"rain":0.46},{"dt":1734778800,"sunrise":1734766969,"sunset":1734795529,"temp":{"day":8.03,"min":5.85,"max":10.94,"night":10.94,"eve":8.99,"morn":7.01},"feels_like":{"day":4.03,"night":10.28,"eve":5.01,"morn":3.19},"pressure":1017,"humidity":86,"weather":[{"id":500,"main":"Rain","description":"light rain","icon":"10d"}],"speed":9.77,"deg":228,"gust":17.8,"clouds":100,"pop":1,"rain":2.45}]}
--- ENF OF RECEIVED DATA ---

{"city":{"id":2800866,"name":"Brussels","coord":{"lon":4.3488,"lat":50.8504},"country":"BE","population":1019022,"timezone":3600},"cod":"200","message":1.1059799,"cnt":4,"list":[{"dt":1734519600,"sunrise":1734507666,"sunset":1734536259,"temp":{"day":10.96,"min":6.18,"max":12.55,"night":10.95,"eve":12.07,"morn":9.27},"feels_like":{"day":10.23,"night":10.4,"eve":11.55,"morn":5.58},"pressure":1014,"humidity":81,"weather":[{"id":804,"main":"Clouds","description":"overcast clouds","icon":"04d"}],"speed":10.54,"deg":220,"gust":19.48,"clouds":96,"pop":0},{"dt":1734606000,"sunrise":1734594104,"sunset":1734622679,"temp":{"day":6.86,"min":4.85,"max":12.88,"night":5.17,"eve":5.59,"morn":12.04},"feels_like":{"day":3.01,"night":1.34,"eve":1.75,"morn":11.47},"pressure":1004,"humidity":87,"weather":[{"id":501,"main":"Rain","description":"moderate rain","icon":"10d"}],"speed":11.4,"deg":210,"gust":22.85,"clouds":100,"pop":1,"rain":10},{"dt":1734692400,"sunrise":1734680538,"sunset":1734709102,"temp":{"day":4.68,"min":1.91,"max":5.74,"night":5.74,"eve":4.55,"morn":2.61},"feels_like":{"day":1.03,"night":1.38,"eve":0.47,"morn":-0.83},"pressure":1024,"humidity":80,"weather":[{"id":500,"main":"Rain","description":"light rain","icon":"10d"}],"speed":7.24,"deg":211,"gust":13.99,"clouds":53,"pop":1,"rain":0.46},{"dt":1734778800,"sunrise":1734766969,"sunset":1734795529,"temp":{"day":8.03,"min":5.85,"max":10.94,"night":10.94,"eve":8.99,"morn":7.01},"feels_like":{"day":4.03,"night":10.28,"eve":5.01,"morn":3.19},"pressure":1017,"humidity":86,"weather":[{"id":500,"main":"Rain","description":"light rain","icon":"10d"}],"speed":9.77,"deg":228,"gust":17.8,"clouds":100,"pop":1,"rain":2.45}]}
--- ENF OF RECEIVED DATA ---

