________________________________________________
|             CALL API : START                |
________________________________________________

Informations : 
Called API: meteo - 13 September 2023, 06:20
Method: GETMETEO - Timeout : 300 - Cache : 1
URL CALLED : https://api.openweathermap.org/data/2.5/forecast/daily?q=Brussels,be&units=metric&cnt=4&appid=ea18c0706135505149200c3836f29800
-------------------------
________________________________________________
|             CALL API : START                |
________________________________________________

Informations : 
Called API: meteo - 13 September 2023, 06:20
Method: GETMETEO - Timeout : 300 - Cache : 1
URL CALLED : https://api.openweathermap.org/data/2.5/forecast/daily?q=Brussels,be&units=metric&cnt=4&appid=ea18c0706135505149200c3836f29800
-------------------------
{"city":{"id":2800866,"name":"Brussels","coord":{"lon":4.3488,"lat":50.8504},"country":"BE","population":1019022,"timezone":7200},"cod":"200","message":8.3190968,"cnt":4,"list":[{"dt":1694602800,"sunrise":1694582054,"sunset":1694628207,"temp":{"day":19.29,"min":16.37,"max":19.96,"night":16.56,"eve":17.62,"morn":16.66},"feels_like":{"day":19.26,"night":16.18,"eve":17.34,"morn":16.84},"pressure":1018,"humidity":76,"weather":[{"id":500,"main":"Rain","description":"light rain","icon":"10d"}],"speed":5.49,"deg":32,"gust":7.05,"clouds":62,"pop":0.85,"rain":0.14},{"dt":1694689200,"sunrise":1694668546,"sunset":1694714471,"temp":{"day":20.41,"min":14.66,"max":21.81,"night":15.28,"eve":20.02,"morn":14.85},"feels_like":{"day":19.89,"night":14.74,"eve":19.62,"morn":14.3},"pressure":1021,"humidity":53,"weather":[{"id":802,"main":"Clouds","description":"scattered clouds","icon":"03d"}],"speed":3.1,"deg":73,"gust":6.04,"clouds":26,"pop":0},{"dt":1694775600,"sunrise":1694755038,"sunset":1694800735,"temp":{"day":23.98,"min":13.39,"max":25.66,"night":20.15,"eve":22.57,"morn":13.43},"feels_like":{"day":23.71,"night":19.79,"eve":22.4,"morn":13.07},"pressure":1016,"humidity":49,"weather":[{"id":802,"main":"Clouds","description":"scattered clouds","icon":"03d"}],"speed":3.54,"deg":122,"gust":8.44,"clouds":43,"pop":0},{"dt":1694862000,"sunrise":1694841531,"sunset":1694886998,"temp":{"day":26.33,"min":17.14,"max":27.11,"night":19.64,"eve":22.17,"morn":17.14},"feels_like":{"day":26.33,"night":19.44,"eve":22.09,"morn":16.82},"pressure":1013,"humidity":48,"weather":[{"id":500,"main":"Rain","description":"light rain","icon":"10d"}],"speed":3.53,"deg":116,"gust":8.02,"clouds":28,"pop":0.2,"rain":0.11}]}
--- ENF OF RECEIVED DATA ---

{"city":{"id":2800866,"name":"Brussels","coord":{"lon":4.3488,"lat":50.8504},"country":"BE","population":1019022,"timezone":7200},"cod":"200","message":8.3190968,"cnt":4,"list":[{"dt":1694602800,"sunrise":1694582054,"sunset":1694628207,"temp":{"day":19.29,"min":16.37,"max":19.96,"night":16.56,"eve":17.62,"morn":16.66},"feels_like":{"day":19.26,"night":16.18,"eve":17.34,"morn":16.84},"pressure":1018,"humidity":76,"weather":[{"id":500,"main":"Rain","description":"light rain","icon":"10d"}],"speed":5.49,"deg":32,"gust":7.05,"clouds":62,"pop":0.85,"rain":0.14},{"dt":1694689200,"sunrise":1694668546,"sunset":1694714471,"temp":{"day":20.41,"min":14.66,"max":21.81,"night":15.28,"eve":20.02,"morn":14.85},"feels_like":{"day":19.89,"night":14.74,"eve":19.62,"morn":14.3},"pressure":1021,"humidity":53,"weather":[{"id":802,"main":"Clouds","description":"scattered clouds","icon":"03d"}],"speed":3.1,"deg":73,"gust":6.04,"clouds":26,"pop":0},{"dt":1694775600,"sunrise":1694755038,"sunset":1694800735,"temp":{"day":23.98,"min":13.39,"max":25.66,"night":20.15,"eve":22.57,"morn":13.43},"feels_like":{"day":23.71,"night":19.79,"eve":22.4,"morn":13.07},"pressure":1016,"humidity":49,"weather":[{"id":802,"main":"Clouds","description":"scattered clouds","icon":"03d"}],"speed":3.54,"deg":122,"gust":8.44,"clouds":43,"pop":0},{"dt":1694862000,"sunrise":1694841531,"sunset":1694886998,"temp":{"day":26.33,"min":17.14,"max":27.11,"night":19.64,"eve":22.17,"morn":17.14},"feels_like":{"day":26.33,"night":19.44,"eve":22.09,"morn":16.82},"pressure":1013,"humidity":48,"weather":[{"id":500,"main":"Rain","description":"light rain","icon":"10d"}],"speed":3.53,"deg":116,"gust":8.02,"clouds":28,"pop":0.2,"rain":0.11}]}
--- ENF OF RECEIVED DATA ---

