________________________________________________
|             CALL API : START                |
________________________________________________

Informations : 
Called API: meteo - 23 September 2024, 15:40
Method: GETMETEO - Timeout : 300 - Cache : 1
URL CALLED : https://api.openweathermap.org/data/2.5/forecast/daily?q=Brussels,be&units=metric&cnt=4&appid=ea18c0706135505149200c3836f29800
-------------------------
________________________________________________
|             CALL API : START                |
________________________________________________

Informations : 
Called API: meteo - 23 September 2024, 15:40
Method: GETMETEO - Timeout : 300 - Cache : 1
URL CALLED : https://api.openweathermap.org/data/2.5/forecast/daily?q=Brussels,be&units=metric&cnt=4&appid=ea18c0706135505149200c3836f29800
-------------------------
{"city":{"id":2800866,"name":"Brussels","coord":{"lon":4.3488,"lat":50.8504},"country":"BE","population":1019022,"timezone":7200},"cod":"200","message":0.1213361,"cnt":4,"list":[{"dt":1727089200,"sunrise":1727069447,"sunset":1727113139,"temp":{"day":18.61,"min":12.83,"max":19.59,"night":12.83,"eve":17.16,"morn":15.91},"feels_like":{"day":18.43,"night":12.23,"eve":16.81,"morn":15.91},"pressure":1008,"humidity":73,"weather":[{"id":501,"main":"Rain","description":"moderate rain","icon":"10d"}],"speed":6.5,"deg":199,"gust":11.19,"clouds":62,"pop":1,"rain":2.34},{"dt":1727175600,"sunrise":1727155940,"sunset":1727199403,"temp":{"day":16.18,"min":12.58,"max":17.11,"night":13.86,"eve":15.44,"morn":12.89},"feels_like":{"day":15.94,"night":13.78,"eve":15.29,"morn":12.64},"pressure":1003,"humidity":80,"weather":[{"id":500,"main":"Rain","description":"light rain","icon":"10d"}],"speed":5.74,"deg":205,"gust":11.42,"clouds":68,"pop":1,"rain":2.76},{"dt":1727262000,"sunrise":1727242433,"sunset":1727285666,"temp":{"day":16.43,"min":12.07,"max":16.43,"night":13.55,"eve":14.16,"morn":12.43},"feels_like":{"day":16.11,"night":13.47,"eve":14.06,"morn":12.24},"pressure":1003,"humidity":76,"weather":[{"id":501,"main":"Rain","description":"moderate rain","icon":"10d"}],"speed":8.35,"deg":224,"gust":14.22,"clouds":100,"pop":1,"rain":11.37},{"dt":1727348400,"sunrise":1727328927,"sunset":1727371930,"temp":{"day":16.24,"min":12,"max":18.05,"night":14.65,"eve":15.64,"morn":12.13},"feels_like":{"day":16.09,"night":14.55,"eve":15.69,"morn":11.96},"pressure":996,"humidity":83,"weather":[{"id":501,"main":"Rain","description":"moderate rain","icon":"10d"}],"speed":7.07,"deg":219,"gust":14.36,"clouds":90,"pop":1,"rain":8.23}]}
--- ENF OF RECEIVED DATA ---

{"city":{"id":2800866,"name":"Brussels","coord":{"lon":4.3488,"lat":50.8504},"country":"BE","population":1019022,"timezone":7200},"cod":"200","message":0.1213361,"cnt":4,"list":[{"dt":1727089200,"sunrise":1727069447,"sunset":1727113139,"temp":{"day":18.61,"min":12.83,"max":19.59,"night":12.83,"eve":17.16,"morn":15.91},"feels_like":{"day":18.43,"night":12.23,"eve":16.81,"morn":15.91},"pressure":1008,"humidity":73,"weather":[{"id":501,"main":"Rain","description":"moderate rain","icon":"10d"}],"speed":6.5,"deg":199,"gust":11.19,"clouds":62,"pop":1,"rain":2.34},{"dt":1727175600,"sunrise":1727155940,"sunset":1727199403,"temp":{"day":16.18,"min":12.58,"max":17.11,"night":13.86,"eve":15.44,"morn":12.89},"feels_like":{"day":15.94,"night":13.78,"eve":15.29,"morn":12.64},"pressure":1003,"humidity":80,"weather":[{"id":500,"main":"Rain","description":"light rain","icon":"10d"}],"speed":5.74,"deg":205,"gust":11.42,"clouds":68,"pop":1,"rain":2.76},{"dt":1727262000,"sunrise":1727242433,"sunset":1727285666,"temp":{"day":16.43,"min":12.07,"max":16.43,"night":13.55,"eve":14.16,"morn":12.43},"feels_like":{"day":16.11,"night":13.47,"eve":14.06,"morn":12.24},"pressure":1003,"humidity":76,"weather":[{"id":501,"main":"Rain","description":"moderate rain","icon":"10d"}],"speed":8.35,"deg":224,"gust":14.22,"clouds":100,"pop":1,"rain":11.37},{"dt":1727348400,"sunrise":1727328927,"sunset":1727371930,"temp":{"day":16.24,"min":12,"max":18.05,"night":14.65,"eve":15.64,"morn":12.13},"feels_like":{"day":16.09,"night":14.55,"eve":15.69,"morn":11.96},"pressure":996,"humidity":83,"weather":[{"id":501,"main":"Rain","description":"moderate rain","icon":"10d"}],"speed":7.07,"deg":219,"gust":14.36,"clouds":90,"pop":1,"rain":8.23}]}
--- ENF OF RECEIVED DATA ---

