________________________________________________
|             CALL API : START                |
________________________________________________

Informations : 
Called API: meteo - 28 August 2024, 10:00
Method: GETMETEO - Timeout : 300 - Cache : 1
URL CALLED : https://api.openweathermap.org/data/2.5/forecast/daily?q=Brussels,be&units=metric&cnt=4&appid=ea18c0706135505149200c3836f29800
-------------------------
________________________________________________
|             CALL API : START                |
________________________________________________

Informations : 
Called API: meteo - 28 August 2024, 10:00
Method: GETMETEO - Timeout : 300 - Cache : 1
URL CALLED : https://api.openweathermap.org/data/2.5/forecast/daily?q=Brussels,be&units=metric&cnt=4&appid=ea18c0706135505149200c3836f29800
-------------------------
{"city":{"id":2800866,"name":"Brussels","coord":{"lon":4.3488,"lat":50.8504},"country":"BE","population":1019022,"timezone":7200},"cod":"200","message":0.0662232,"cnt":4,"list":[{"dt":1724842800,"sunrise":1724820644,"sunset":1724870233,"temp":{"day":24.11,"min":16.6,"max":28.8,"night":21.52,"eve":26.77,"morn":17.84},"feels_like":{"day":24.22,"night":21.53,"eve":27.67,"morn":17.72},"pressure":1014,"humidity":63,"weather":[{"id":801,"main":"Clouds","description":"few clouds","icon":"02d"}],"speed":4.4,"deg":194,"gust":7.66,"clouds":16,"pop":0},{"dt":1724929200,"sunrise":1724907137,"sunset":1724956504,"temp":{"day":25.01,"min":17.44,"max":26.17,"night":18.43,"eve":21.39,"morn":17.5},"feels_like":{"day":24.92,"night":17.97,"eve":21.15,"morn":16.87},"pressure":1016,"humidity":52,"weather":[{"id":803,"main":"Clouds","description":"broken clouds","icon":"04d"}],"speed":4.84,"deg":313,"gust":7.85,"clouds":51,"pop":0},{"dt":1725015600,"sunrise":1724993630,"sunset":1725042775,"temp":{"day":20.25,"min":15.26,"max":21.08,"night":18.17,"eve":19.27,"morn":15.29},"feels_like":{"day":20.08,"night":17.87,"eve":19.08,"morn":15.28},"pressure":1021,"humidity":67,"weather":[{"id":501,"main":"Rain","description":"moderate rain","icon":"10d"}],"speed":4.88,"deg":34,"gust":10.07,"clouds":100,"pop":1,"rain":2.96},{"dt":1725102000,"sunrise":1725080123,"sunset":1725129044,"temp":{"day":21.73,"min":15.41,"max":23.16,"night":18.18,"eve":20.29,"morn":15.63},"feels_like":{"day":21.53,"night":17.7,"eve":20.15,"morn":14.89},"pressure":1021,"humidity":60,"weather":[{"id":804,"main":"Clouds","description":"overcast clouds","icon":"04d"}],"speed":7.16,"deg":55,"gust":13.52,"clouds":95,"pop":0}]}
--- ENF OF RECEIVED DATA ---

{"city":{"id":2800866,"name":"Brussels","coord":{"lon":4.3488,"lat":50.8504},"country":"BE","population":1019022,"timezone":7200},"cod":"200","message":0.0662232,"cnt":4,"list":[{"dt":1724842800,"sunrise":1724820644,"sunset":1724870233,"temp":{"day":24.11,"min":16.6,"max":28.8,"night":21.52,"eve":26.77,"morn":17.84},"feels_like":{"day":24.22,"night":21.53,"eve":27.67,"morn":17.72},"pressure":1014,"humidity":63,"weather":[{"id":801,"main":"Clouds","description":"few clouds","icon":"02d"}],"speed":4.4,"deg":194,"gust":7.66,"clouds":16,"pop":0},{"dt":1724929200,"sunrise":1724907137,"sunset":1724956504,"temp":{"day":25.01,"min":17.44,"max":26.17,"night":18.43,"eve":21.39,"morn":17.5},"feels_like":{"day":24.92,"night":17.97,"eve":21.15,"morn":16.87},"pressure":1016,"humidity":52,"weather":[{"id":803,"main":"Clouds","description":"broken clouds","icon":"04d"}],"speed":4.84,"deg":313,"gust":7.85,"clouds":51,"pop":0},{"dt":1725015600,"sunrise":1724993630,"sunset":1725042775,"temp":{"day":20.25,"min":15.26,"max":21.08,"night":18.17,"eve":19.27,"morn":15.29},"feels_like":{"day":20.08,"night":17.87,"eve":19.08,"morn":15.28},"pressure":1021,"humidity":67,"weather":[{"id":501,"main":"Rain","description":"moderate rain","icon":"10d"}],"speed":4.88,"deg":34,"gust":10.07,"clouds":100,"pop":1,"rain":2.96},{"dt":1725102000,"sunrise":1725080123,"sunset":1725129044,"temp":{"day":21.73,"min":15.41,"max":23.16,"night":18.18,"eve":20.29,"morn":15.63},"feels_like":{"day":21.53,"night":17.7,"eve":20.15,"morn":14.89},"pressure":1021,"humidity":60,"weather":[{"id":804,"main":"Clouds","description":"overcast clouds","icon":"04d"}],"speed":7.16,"deg":55,"gust":13.52,"clouds":95,"pop":0}]}
--- ENF OF RECEIVED DATA ---

