________________________________________________
|             CALL API : START                |
________________________________________________

Informations : 
Called API: meteo - 1 December 2023, 04:00
Method: GETMETEO - Timeout : 300 - Cache : 1
URL CALLED : https://api.openweathermap.org/data/2.5/forecast/daily?q=Brussels,be&units=metric&cnt=4&appid=ea18c0706135505149200c3836f29800
-------------------------
________________________________________________
|             CALL API : START                |
________________________________________________

Informations : 
Called API: meteo - 1 December 2023, 04:00
Method: GETMETEO - Timeout : 300 - Cache : 1
URL CALLED : https://api.openweathermap.org/data/2.5/forecast/daily?q=Brussels,be&units=metric&cnt=4&appid=ea18c0706135505149200c3836f29800
-------------------------
{"city":{"id":2800866,"name":"Brussels","coord":{"lon":4.3488,"lat":50.8504},"country":"BE","population":1019022,"timezone":3600},"cod":"200","message":0.2915091,"cnt":4,"list":[{"dt":1701428400,"sunrise":1701415356,"sunset":1701445245,"temp":{"day":1.39,"min":-1.74,"max":2,"night":-1.74,"eve":1.24,"morn":-0.26},"feels_like":{"day":-2.63,"night":-5.26,"eve":-2.59,"morn":-3.18},"pressure":1007,"humidity":76,"weather":[{"id":801,"main":"Clouds","description":"few clouds","icon":"02d"}],"speed":4.6,"deg":49,"gust":6.65,"clouds":21,"pop":0},{"dt":1701514800,"sunrise":1701501838,"sunset":1701531608,"temp":{"day":1.51,"min":-1.86,"max":2.62,"night":0.33,"eve":0.14,"morn":-1.78},"feels_like":{"day":-0.71,"night":-2.53,"eve":-2.13,"morn":-1.78},"pressure":1014,"humidity":81,"weather":[{"id":803,"main":"Clouds","description":"broken clouds","icon":"04d"}],"speed":2.41,"deg":267,"gust":4.73,"clouds":83,"pop":0.05},{"dt":1701601200,"sunrise":1701588318,"sunset":1701617974,"temp":{"day":2.61,"min":-1.05,"max":3.78,"night":0.07,"eve":0.47,"morn":-0.96},"feels_like":{"day":-1.34,"night":-4.33,"eve":-3.46,"morn":-5.05},"pressure":1021,"humidity":54,"weather":[{"id":803,"main":"Clouds","description":"broken clouds","icon":"04d"}],"speed":4.44,"deg":197,"gust":10.15,"clouds":60,"pop":0},{"dt":1701687600,"sunrise":1701674796,"sunset":1701704343,"temp":{"day":3.45,"min":0.38,"max":3.45,"night":1.36,"eve":1.87,"morn":1.09},"feels_like":{"day":-0.57,"night":-3.59,"eve":-2.87,"morn":-3.68},"pressure":1012,"humidity":61,"weather":[{"id":600,"main":"Snow","description":"light snow","icon":"13d"}],"speed":5.73,"deg":122,"gust":13.31,"clouds":100,"pop":0.97,"snow":1.41}]}
--- ENF OF RECEIVED DATA ---

{"city":{"id":2800866,"name":"Brussels","coord":{"lon":4.3488,"lat":50.8504},"country":"BE","population":1019022,"timezone":3600},"cod":"200","message":0.2915091,"cnt":4,"list":[{"dt":1701428400,"sunrise":1701415356,"sunset":1701445245,"temp":{"day":1.39,"min":-1.74,"max":2,"night":-1.74,"eve":1.24,"morn":-0.26},"feels_like":{"day":-2.63,"night":-5.26,"eve":-2.59,"morn":-3.18},"pressure":1007,"humidity":76,"weather":[{"id":801,"main":"Clouds","description":"few clouds","icon":"02d"}],"speed":4.6,"deg":49,"gust":6.65,"clouds":21,"pop":0},{"dt":1701514800,"sunrise":1701501838,"sunset":1701531608,"temp":{"day":1.51,"min":-1.86,"max":2.62,"night":0.33,"eve":0.14,"morn":-1.78},"feels_like":{"day":-0.71,"night":-2.53,"eve":-2.13,"morn":-1.78},"pressure":1014,"humidity":81,"weather":[{"id":803,"main":"Clouds","description":"broken clouds","icon":"04d"}],"speed":2.41,"deg":267,"gust":4.73,"clouds":83,"pop":0.05},{"dt":1701601200,"sunrise":1701588318,"sunset":1701617974,"temp":{"day":2.61,"min":-1.05,"max":3.78,"night":0.07,"eve":0.47,"morn":-0.96},"feels_like":{"day":-1.34,"night":-4.33,"eve":-3.46,"morn":-5.05},"pressure":1021,"humidity":54,"weather":[{"id":803,"main":"Clouds","description":"broken clouds","icon":"04d"}],"speed":4.44,"deg":197,"gust":10.15,"clouds":60,"pop":0},{"dt":1701687600,"sunrise":1701674796,"sunset":1701704343,"temp":{"day":3.45,"min":0.38,"max":3.45,"night":1.36,"eve":1.87,"morn":1.09},"feels_like":{"day":-0.57,"night":-3.59,"eve":-2.87,"morn":-3.68},"pressure":1012,"humidity":61,"weather":[{"id":600,"main":"Snow","description":"light snow","icon":"13d"}],"speed":5.73,"deg":122,"gust":13.31,"clouds":100,"pop":0.97,"snow":1.41}]}
--- ENF OF RECEIVED DATA ---

