________________________________________________
|             CALL API : START                |
________________________________________________

Informations : 
Called API: meteo - 4 August 2023, 17:50
Method: GETMETEO - Timeout : 300 - Cache : 1
URL CALLED : https://api.openweathermap.org/data/2.5/forecast/daily?q=Brussels,be&units=metric&cnt=4&appid=ea18c0706135505149200c3836f29800
-------------------------
________________________________________________
|             CALL API : START                |
________________________________________________

Informations : 
Called API: meteo - 4 August 2023, 17:50
Method: GETMETEO - Timeout : 300 - Cache : 1
URL CALLED : https://api.openweathermap.org/data/2.5/forecast/daily?q=Brussels,be&units=metric&cnt=4&appid=ea18c0706135505149200c3836f29800
-------------------------
{"city":{"id":2800866,"name":"Brussels","coord":{"lon":4.3488,"lat":50.8504},"country":"BE","population":1019022,"timezone":7200},"cod":"200","message":5.2559018,"cnt":4,"list":[{"dt":1691146800,"sunrise":1691122355,"sunset":1691177090,"temp":{"day":20.2,"min":12.48,"max":20.88,"night":14.18,"eve":20.54,"morn":12.81},"feels_like":{"day":19.84,"night":13.95,"eve":20.37,"morn":12.6},"pressure":1015,"humidity":60,"weather":[{"id":500,"main":"Rain","description":"light rain","icon":"10d"}],"speed":5.49,"deg":318,"gust":6.26,"clouds":100,"pop":0.92,"rain":1.7},{"dt":1691233200,"sunrise":1691208845,"sunset":1691263390,"temp":{"day":17.69,"min":12.3,"max":18,"night":13.64,"eve":14.13,"morn":12.64},"feels_like":{"day":17.19,"night":13.38,"eve":13.9,"morn":12.36},"pressure":1011,"humidity":64,"weather":[{"id":500,"main":"Rain","description":"light rain","icon":"10d"}],"speed":7.48,"deg":185,"gust":14.52,"clouds":97,"pop":1,"rain":3.13},{"dt":1691319600,"sunrise":1691295336,"sunset":1691349689,"temp":{"day":17.75,"min":12.06,"max":18.13,"night":12.06,"eve":16.82,"morn":13.23},"feels_like":{"day":17.17,"night":11.46,"eve":16.18,"morn":13.14},"pressure":1013,"humidity":61,"weather":[{"id":500,"main":"Rain","description":"light rain","icon":"10d"}],"speed":9.71,"deg":302,"gust":13.74,"clouds":87,"pop":1,"rain":3.3},{"dt":1691406000,"sunrise":1691381827,"sunset":1691435986,"temp":{"day":19.02,"min":10.81,"max":19.47,"night":15.28,"eve":17.5,"morn":11.31},"feels_like":{"day":18.39,"night":14.61,"eve":16.9,"morn":10.92},"pressure":1019,"humidity":54,"weather":[{"id":802,"main":"Clouds","description":"scattered clouds","icon":"03d"}],"speed":6.18,"deg":282,"gust":10.34,"clouds":45,"pop":0.11}]}
--- ENF OF RECEIVED DATA ---

{"city":{"id":2800866,"name":"Brussels","coord":{"lon":4.3488,"lat":50.8504},"country":"BE","population":1019022,"timezone":7200},"cod":"200","message":5.2559018,"cnt":4,"list":[{"dt":1691146800,"sunrise":1691122355,"sunset":1691177090,"temp":{"day":20.2,"min":12.48,"max":20.88,"night":14.18,"eve":20.54,"morn":12.81},"feels_like":{"day":19.84,"night":13.95,"eve":20.37,"morn":12.6},"pressure":1015,"humidity":60,"weather":[{"id":500,"main":"Rain","description":"light rain","icon":"10d"}],"speed":5.49,"deg":318,"gust":6.26,"clouds":100,"pop":0.92,"rain":1.7},{"dt":1691233200,"sunrise":1691208845,"sunset":1691263390,"temp":{"day":17.69,"min":12.3,"max":18,"night":13.64,"eve":14.13,"morn":12.64},"feels_like":{"day":17.19,"night":13.38,"eve":13.9,"morn":12.36},"pressure":1011,"humidity":64,"weather":[{"id":500,"main":"Rain","description":"light rain","icon":"10d"}],"speed":7.48,"deg":185,"gust":14.52,"clouds":97,"pop":1,"rain":3.13},{"dt":1691319600,"sunrise":1691295336,"sunset":1691349689,"temp":{"day":17.75,"min":12.06,"max":18.13,"night":12.06,"eve":16.82,"morn":13.23},"feels_like":{"day":17.17,"night":11.46,"eve":16.18,"morn":13.14},"pressure":1013,"humidity":61,"weather":[{"id":500,"main":"Rain","description":"light rain","icon":"10d"}],"speed":9.71,"deg":302,"gust":13.74,"clouds":87,"pop":1,"rain":3.3},{"dt":1691406000,"sunrise":1691381827,"sunset":1691435986,"temp":{"day":19.02,"min":10.81,"max":19.47,"night":15.28,"eve":17.5,"morn":11.31},"feels_like":{"day":18.39,"night":14.61,"eve":16.9,"morn":10.92},"pressure":1019,"humidity":54,"weather":[{"id":802,"main":"Clouds","description":"scattered clouds","icon":"03d"}],"speed":6.18,"deg":282,"gust":10.34,"clouds":45,"pop":0.11}]}
--- ENF OF RECEIVED DATA ---

