________________________________________________
|             CALL API : START                |
________________________________________________

Informations : 
Called API: meteo - 26 February 2024, 14:30
Method: GETMETEO - Timeout : 300 - Cache : 1
URL CALLED : https://api.openweathermap.org/data/2.5/forecast/daily?q=Brussels,be&units=metric&cnt=4&appid=ea18c0706135505149200c3836f29800
-------------------------
________________________________________________
|             CALL API : START                |
________________________________________________

Informations : 
Called API: meteo - 26 February 2024, 14:30
Method: GETMETEO - Timeout : 300 - Cache : 1
URL CALLED : https://api.openweathermap.org/data/2.5/forecast/daily?q=Brussels,be&units=metric&cnt=4&appid=ea18c0706135505149200c3836f29800
-------------------------
{"city":{"id":2800866,"name":"Brussels","coord":{"lon":4.3488,"lat":50.8504},"country":"BE","population":1019022,"timezone":3600},"cod":"200","message":0.0435609,"cnt":4,"list":[{"dt":1708945200,"sunrise":1708929294,"sunset":1708967801,"temp":{"day":5.08,"min":4.78,"max":6.71,"night":5.24,"eve":4.78,"morn":5.71},"feels_like":{"day":0.4,"night":0.88,"eve":0.08,"morn":1.38},"pressure":1003,"humidity":91,"weather":[{"id":501,"main":"Rain","description":"moderate rain","icon":"10d"}],"speed":7.9,"deg":37,"gust":12.92,"clouds":85,"pop":1,"rain":18.9},{"dt":1709031600,"sunrise":1709015570,"sunset":1709054305,"temp":{"day":7.12,"min":1.87,"max":9.09,"night":4.25,"eve":6.29,"morn":2.31},"feels_like":{"day":4.89,"night":3.01,"eve":4.16,"morn":-1.49},"pressure":1019,"humidity":70,"weather":[{"id":800,"main":"Clear","description":"sky is clear","icon":"01d"}],"speed":6.16,"deg":28,"gust":13.13,"clouds":6,"pop":0.3},{"dt":1709118000,"sunrise":1709101845,"sunset":1709140809,"temp":{"day":9.01,"min":2.69,"max":10.64,"night":8.18,"eve":8.69,"morn":3.72},"feels_like":{"day":6.83,"night":4.55,"eve":5.6,"morn":1.49},"pressure":1022,"humidity":70,"weather":[{"id":500,"main":"Rain","description":"light rain","icon":"10d"}],"speed":7.25,"deg":197,"gust":14.68,"clouds":80,"pop":0.97,"rain":1.58},{"dt":1709204400,"sunrise":1709188119,"sunset":1709227312,"temp":{"day":10.07,"min":8.23,"max":10.07,"night":9.93,"eve":9.74,"morn":8.79},"feels_like":{"day":9.56,"night":7.06,"eve":6.75,"morn":5.52},"pressure":1011,"humidity":93,"weather":[{"id":500,"main":"Rain","description":"light rain","icon":"10d"}],"speed":7.22,"deg":200,"gust":14.36,"clouds":100,"pop":0.99,"rain":1.91}]}
--- ENF OF RECEIVED DATA ---

{"city":{"id":2800866,"name":"Brussels","coord":{"lon":4.3488,"lat":50.8504},"country":"BE","population":1019022,"timezone":3600},"cod":"200","message":0.0435609,"cnt":4,"list":[{"dt":1708945200,"sunrise":1708929294,"sunset":1708967801,"temp":{"day":5.08,"min":4.78,"max":6.71,"night":5.24,"eve":4.78,"morn":5.71},"feels_like":{"day":0.4,"night":0.88,"eve":0.08,"morn":1.38},"pressure":1003,"humidity":91,"weather":[{"id":501,"main":"Rain","description":"moderate rain","icon":"10d"}],"speed":7.9,"deg":37,"gust":12.92,"clouds":85,"pop":1,"rain":18.9},{"dt":1709031600,"sunrise":1709015570,"sunset":1709054305,"temp":{"day":7.12,"min":1.87,"max":9.09,"night":4.25,"eve":6.29,"morn":2.31},"feels_like":{"day":4.89,"night":3.01,"eve":4.16,"morn":-1.49},"pressure":1019,"humidity":70,"weather":[{"id":800,"main":"Clear","description":"sky is clear","icon":"01d"}],"speed":6.16,"deg":28,"gust":13.13,"clouds":6,"pop":0.3},{"dt":1709118000,"sunrise":1709101845,"sunset":1709140809,"temp":{"day":9.01,"min":2.69,"max":10.64,"night":8.18,"eve":8.69,"morn":3.72},"feels_like":{"day":6.83,"night":4.55,"eve":5.6,"morn":1.49},"pressure":1022,"humidity":70,"weather":[{"id":500,"main":"Rain","description":"light rain","icon":"10d"}],"speed":7.25,"deg":197,"gust":14.68,"clouds":80,"pop":0.97,"rain":1.58},{"dt":1709204400,"sunrise":1709188119,"sunset":1709227312,"temp":{"day":10.07,"min":8.23,"max":10.07,"night":9.93,"eve":9.74,"morn":8.79},"feels_like":{"day":9.56,"night":7.06,"eve":6.75,"morn":5.52},"pressure":1011,"humidity":93,"weather":[{"id":500,"main":"Rain","description":"light rain","icon":"10d"}],"speed":7.22,"deg":200,"gust":14.36,"clouds":100,"pop":0.99,"rain":1.91}]}
--- ENF OF RECEIVED DATA ---

