________________________________________________
|             CALL API : START                |
________________________________________________

Informations : 
Called API: meteo - 8 November 2023, 05:00
Method: GETMETEO - Timeout : 300 - Cache : 1
URL CALLED : https://api.openweathermap.org/data/2.5/forecast/daily?q=Brussels,be&units=metric&cnt=4&appid=ea18c0706135505149200c3836f29800
-------------------------
________________________________________________
|             CALL API : START                |
________________________________________________

Informations : 
Called API: meteo - 8 November 2023, 05:00
Method: GETMETEO - Timeout : 300 - Cache : 1
URL CALLED : https://api.openweathermap.org/data/2.5/forecast/daily?q=Brussels,be&units=metric&cnt=4&appid=ea18c0706135505149200c3836f29800
-------------------------
{"city":{"id":2800866,"name":"Brussels","coord":{"lon":4.3488,"lat":50.8504},"country":"BE","population":1019022,"timezone":3600},"cod":"200","message":0.0667084,"cnt":4,"list":[{"dt":1699441200,"sunrise":1699425940,"sunset":1699459620,"temp":{"day":10.85,"min":7.2,"max":11.46,"night":10.37,"eve":10.22,"morn":7.23},"feels_like":{"day":9.98,"night":9.84,"eve":9.57,"morn":3.55},"pressure":1012,"humidity":76,"weather":[{"id":501,"main":"Rain","description":"moderate rain","icon":"10d"}],"speed":10.08,"deg":200,"gust":18.93,"clouds":92,"pop":1,"rain":13.43},{"dt":1699527600,"sunrise":1699512444,"sunset":1699545927,"temp":{"day":10.32,"min":6.84,"max":11.14,"night":6.84,"eve":7.22,"morn":8.4},"feels_like":{"day":9.42,"night":2.73,"eve":4.04,"morn":5.55},"pressure":1002,"humidity":77,"weather":[{"id":501,"main":"Rain","description":"moderate rain","icon":"10d"}],"speed":9.63,"deg":211,"gust":16.84,"clouds":99,"pop":1,"rain":8.56},{"dt":1699614000,"sunrise":1699598948,"sunset":1699632236,"temp":{"day":7.41,"min":5.51,"max":8.2,"night":6.43,"eve":8,"morn":5.52},"feels_like":{"day":2.46,"night":2.4,"eve":3.78,"morn":0.72},"pressure":993,"humidity":88,"weather":[{"id":501,"main":"Rain","description":"moderate rain","icon":"10d"}],"speed":11.42,"deg":207,"gust":19.41,"clouds":98,"pop":1,"rain":7.16},{"dt":1699700400,"sunrise":1699685451,"sunset":1699718546,"temp":{"day":8.85,"min":6.63,"max":8.85,"night":7.36,"eve":6.68,"morn":7.19},"feels_like":{"day":5.33,"night":4.38,"eve":3.33,"morn":3.29},"pressure":1006,"humidity":74,"weather":[{"id":500,"main":"Rain","description":"light rain","icon":"10d"}],"speed":7.63,"deg":267,"gust":14.06,"clouds":90,"pop":0.37,"rain":0.38}]}
--- ENF OF RECEIVED DATA ---

{"city":{"id":2800866,"name":"Brussels","coord":{"lon":4.3488,"lat":50.8504},"country":"BE","population":1019022,"timezone":3600},"cod":"200","message":0.0667084,"cnt":4,"list":[{"dt":1699441200,"sunrise":1699425940,"sunset":1699459620,"temp":{"day":10.85,"min":7.2,"max":11.46,"night":10.37,"eve":10.22,"morn":7.23},"feels_like":{"day":9.98,"night":9.84,"eve":9.57,"morn":3.55},"pressure":1012,"humidity":76,"weather":[{"id":501,"main":"Rain","description":"moderate rain","icon":"10d"}],"speed":10.08,"deg":200,"gust":18.93,"clouds":92,"pop":1,"rain":13.43},{"dt":1699527600,"sunrise":1699512444,"sunset":1699545927,"temp":{"day":10.32,"min":6.84,"max":11.14,"night":6.84,"eve":7.22,"morn":8.4},"feels_like":{"day":9.42,"night":2.73,"eve":4.04,"morn":5.55},"pressure":1002,"humidity":77,"weather":[{"id":501,"main":"Rain","description":"moderate rain","icon":"10d"}],"speed":9.63,"deg":211,"gust":16.84,"clouds":99,"pop":1,"rain":8.56},{"dt":1699614000,"sunrise":1699598948,"sunset":1699632236,"temp":{"day":7.41,"min":5.51,"max":8.2,"night":6.43,"eve":8,"morn":5.52},"feels_like":{"day":2.46,"night":2.4,"eve":3.78,"morn":0.72},"pressure":993,"humidity":88,"weather":[{"id":501,"main":"Rain","description":"moderate rain","icon":"10d"}],"speed":11.42,"deg":207,"gust":19.41,"clouds":98,"pop":1,"rain":7.16},{"dt":1699700400,"sunrise":1699685451,"sunset":1699718546,"temp":{"day":8.85,"min":6.63,"max":8.85,"night":7.36,"eve":6.68,"morn":7.19},"feels_like":{"day":5.33,"night":4.38,"eve":3.33,"morn":3.29},"pressure":1006,"humidity":74,"weather":[{"id":500,"main":"Rain","description":"light rain","icon":"10d"}],"speed":7.63,"deg":267,"gust":14.06,"clouds":90,"pop":0.37,"rain":0.38}]}
--- ENF OF RECEIVED DATA ---

