________________________________________________
|             CALL API : START                |
________________________________________________

Informations : 
Called API: meteo - 31 October 2023, 00:50
Method: GETMETEO - Timeout : 300 - Cache : 1
URL CALLED : https://api.openweathermap.org/data/2.5/forecast/daily?q=Brussels,be&units=metric&cnt=4&appid=ea18c0706135505149200c3836f29800
-------------------------
________________________________________________
|             CALL API : START                |
________________________________________________

Informations : 
Called API: meteo - 31 October 2023, 00:50
Method: GETMETEO - Timeout : 300 - Cache : 1
URL CALLED : https://api.openweathermap.org/data/2.5/forecast/daily?q=Brussels,be&units=metric&cnt=4&appid=ea18c0706135505149200c3836f29800
-------------------------
{"city":{"id":2800866,"name":"Brussels","coord":{"lon":4.3488,"lat":50.8504},"country":"BE","population":1019022,"timezone":3600},"cod":"200","message":0.0612338,"cnt":4,"list":[{"dt":1698750000,"sunrise":1698733909,"sunset":1698769230,"temp":{"day":12.21,"min":8.35,"max":12.57,"night":11.12,"eve":12.46,"morn":9.53},"feels_like":{"day":11.6,"night":10.64,"eve":11.9,"morn":7.03},"pressure":1003,"humidity":81,"weather":[{"id":500,"main":"Rain","description":"light rain","icon":"10d"}],"speed":6.21,"deg":222,"gust":13.28,"clouds":71,"pop":0.83,"rain":1.55},{"dt":1698836400,"sunrise":1698820413,"sunset":1698855523,"temp":{"day":14.1,"min":9.87,"max":14.1,"night":9.88,"eve":11.81,"morn":11.5},"feels_like":{"day":13.39,"night":6.85,"eve":11.11,"morn":11.08},"pressure":1000,"humidity":70,"weather":[{"id":500,"main":"Rain","description":"light rain","icon":"10d"}],"speed":9.11,"deg":195,"gust":16.16,"clouds":100,"pop":0.98,"rain":1.63},{"dt":1698922800,"sunrise":1698906916,"sunset":1698941818,"temp":{"day":12,"min":8.46,"max":12.37,"night":8.46,"eve":9.12,"morn":10.51},"feels_like":{"day":11.06,"night":4.83,"eve":5.36,"morn":9.76},"pressure":982,"humidity":69,"weather":[{"id":501,"main":"Rain","description":"moderate rain","icon":"10d"}],"speed":13.72,"deg":187,"gust":26.54,"clouds":86,"pop":1,"rain":2.73},{"dt":1699009200,"sunrise":1698993420,"sunset":1699028114,"temp":{"day":10.76,"min":8.37,"max":11.15,"night":9.08,"eve":10.32,"morn":8.66},"feels_like":{"day":10.16,"night":5.19,"eve":9.63,"morn":5.54},"pressure":980,"humidity":87,"weather":[{"id":500,"main":"Rain","description":"light rain","icon":"10d"}],"speed":9.48,"deg":173,"gust":16.49,"clouds":94,"pop":0.98,"rain":3.56}]}
--- ENF OF RECEIVED DATA ---

{"city":{"id":2800866,"name":"Brussels","coord":{"lon":4.3488,"lat":50.8504},"country":"BE","population":1019022,"timezone":3600},"cod":"200","message":0.0612338,"cnt":4,"list":[{"dt":1698750000,"sunrise":1698733909,"sunset":1698769230,"temp":{"day":12.21,"min":8.35,"max":12.57,"night":11.12,"eve":12.46,"morn":9.53},"feels_like":{"day":11.6,"night":10.64,"eve":11.9,"morn":7.03},"pressure":1003,"humidity":81,"weather":[{"id":500,"main":"Rain","description":"light rain","icon":"10d"}],"speed":6.21,"deg":222,"gust":13.28,"clouds":71,"pop":0.83,"rain":1.55},{"dt":1698836400,"sunrise":1698820413,"sunset":1698855523,"temp":{"day":14.1,"min":9.87,"max":14.1,"night":9.88,"eve":11.81,"morn":11.5},"feels_like":{"day":13.39,"night":6.85,"eve":11.11,"morn":11.08},"pressure":1000,"humidity":70,"weather":[{"id":500,"main":"Rain","description":"light rain","icon":"10d"}],"speed":9.11,"deg":195,"gust":16.16,"clouds":100,"pop":0.98,"rain":1.63},{"dt":1698922800,"sunrise":1698906916,"sunset":1698941818,"temp":{"day":12,"min":8.46,"max":12.37,"night":8.46,"eve":9.12,"morn":10.51},"feels_like":{"day":11.06,"night":4.83,"eve":5.36,"morn":9.76},"pressure":982,"humidity":69,"weather":[{"id":501,"main":"Rain","description":"moderate rain","icon":"10d"}],"speed":13.72,"deg":187,"gust":26.54,"clouds":86,"pop":1,"rain":2.73},{"dt":1699009200,"sunrise":1698993420,"sunset":1699028114,"temp":{"day":10.76,"min":8.37,"max":11.15,"night":9.08,"eve":10.32,"morn":8.66},"feels_like":{"day":10.16,"night":5.19,"eve":9.63,"morn":5.54},"pressure":980,"humidity":87,"weather":[{"id":500,"main":"Rain","description":"light rain","icon":"10d"}],"speed":9.48,"deg":173,"gust":16.49,"clouds":94,"pop":0.98,"rain":3.56}]}
--- ENF OF RECEIVED DATA ---

