________________________________________________
|             CALL API : START                |
________________________________________________

Informations : 
Called API: meteo - 11 May 2023, 17:30
Method: GETMETEO - Timeout : 300 - Cache : 1
URL CALLED : https://api.openweathermap.org/data/2.5/forecast/daily?q=Brussels,be&units=metric&cnt=4&appid=ea18c0706135505149200c3836f29800
-------------------------
________________________________________________
|             CALL API : START                |
________________________________________________

Informations : 
Called API: meteo - 11 May 2023, 17:30
Method: GETMETEO - Timeout : 300 - Cache : 1
URL CALLED : https://api.openweathermap.org/data/2.5/forecast/daily?q=Brussels,be&units=metric&cnt=4&appid=ea18c0706135505149200c3836f29800
-------------------------
{"city":{"id":2800866,"name":"Brussels","coord":{"lon":4.3488,"lat":50.8504},"country":"BE","population":1019022,"timezone":7200},"cod":"200","message":0.1924687,"cnt":4,"list":[{"dt":1683802800,"sunrise":1683777605,"sunset":1683832678,"temp":{"day":16.29,"min":8.31,"max":16.31,"night":11.9,"eve":15.68,"morn":8.34},"feels_like":{"day":15.75,"night":11.6,"eve":15.34,"morn":6.52},"pressure":1015,"humidity":68,"weather":[{"id":500,"main":"Rain","description":"light rain","icon":"10d"}],"speed":3.34,"deg":229,"gust":6.49,"clouds":49,"pop":1,"rain":6.91},{"dt":1683889200,"sunrise":1683863912,"sunset":1683919170,"temp":{"day":14.53,"min":11.14,"max":17.08,"night":12.03,"eve":16.48,"morn":11.19},"feels_like":{"day":14.23,"night":11.66,"eve":16.12,"morn":10.95},"pressure":1015,"humidity":84,"weather":[{"id":501,"main":"Rain","description":"moderate rain","icon":"10d"}],"speed":5.93,"deg":77,"gust":11,"clouds":99,"pop":1,"rain":11.22},{"dt":1683975600,"sunrise":1683950220,"sunset":1684005661,"temp":{"day":17.88,"min":9.55,"max":18.54,"night":11.9,"eve":16.7,"morn":10.02},"feels_like":{"day":17.42,"night":11.57,"eve":16.49,"morn":9.53},"pressure":1020,"humidity":65,"weather":[{"id":500,"main":"Rain","description":"light rain","icon":"10d"}],"speed":6.05,"deg":40,"gust":9.54,"clouds":34,"pop":1,"rain":3.49},{"dt":1684062000,"sunrise":1684036531,"sunset":1684092151,"temp":{"day":19.09,"min":9.52,"max":19.09,"night":11.85,"eve":15.07,"morn":10.14},"feels_like":{"day":18.54,"night":11.52,"eve":14.85,"morn":9.72},"pressure":1015,"humidity":57,"weather":[{"id":500,"main":"Rain","description":"light rain","icon":"10d"}],"speed":3.94,"deg":3,"gust":6.23,"clouds":81,"pop":0.99,"rain":4.43}]}
--- ENF OF RECEIVED DATA ---

{"city":{"id":2800866,"name":"Brussels","coord":{"lon":4.3488,"lat":50.8504},"country":"BE","population":1019022,"timezone":7200},"cod":"200","message":0.1924687,"cnt":4,"list":[{"dt":1683802800,"sunrise":1683777605,"sunset":1683832678,"temp":{"day":16.29,"min":8.31,"max":16.31,"night":11.9,"eve":15.68,"morn":8.34},"feels_like":{"day":15.75,"night":11.6,"eve":15.34,"morn":6.52},"pressure":1015,"humidity":68,"weather":[{"id":500,"main":"Rain","description":"light rain","icon":"10d"}],"speed":3.34,"deg":229,"gust":6.49,"clouds":49,"pop":1,"rain":6.91},{"dt":1683889200,"sunrise":1683863912,"sunset":1683919170,"temp":{"day":14.53,"min":11.14,"max":17.08,"night":12.03,"eve":16.48,"morn":11.19},"feels_like":{"day":14.23,"night":11.66,"eve":16.12,"morn":10.95},"pressure":1015,"humidity":84,"weather":[{"id":501,"main":"Rain","description":"moderate rain","icon":"10d"}],"speed":5.93,"deg":77,"gust":11,"clouds":99,"pop":1,"rain":11.22},{"dt":1683975600,"sunrise":1683950220,"sunset":1684005661,"temp":{"day":17.88,"min":9.55,"max":18.54,"night":11.9,"eve":16.7,"morn":10.02},"feels_like":{"day":17.42,"night":11.57,"eve":16.49,"morn":9.53},"pressure":1020,"humidity":65,"weather":[{"id":500,"main":"Rain","description":"light rain","icon":"10d"}],"speed":6.05,"deg":40,"gust":9.54,"clouds":34,"pop":1,"rain":3.49},{"dt":1684062000,"sunrise":1684036531,"sunset":1684092151,"temp":{"day":19.09,"min":9.52,"max":19.09,"night":11.85,"eve":15.07,"morn":10.14},"feels_like":{"day":18.54,"night":11.52,"eve":14.85,"morn":9.72},"pressure":1015,"humidity":57,"weather":[{"id":500,"main":"Rain","description":"light rain","icon":"10d"}],"speed":3.94,"deg":3,"gust":6.23,"clouds":81,"pop":0.99,"rain":4.43}]}
--- ENF OF RECEIVED DATA ---

