________________________________________________
|             CALL API : START                |
________________________________________________

Informations : 
Called API: meteo - 21 September 2023, 09:40
Method: GETMETEO - Timeout : 300 - Cache : 1
URL CALLED : https://api.openweathermap.org/data/2.5/forecast/daily?q=Brussels,be&units=metric&cnt=4&appid=ea18c0706135505149200c3836f29800
-------------------------
________________________________________________
|             CALL API : START                |
________________________________________________

Informations : 
Called API: meteo - 21 September 2023, 09:40
Method: GETMETEO - Timeout : 300 - Cache : 1
URL CALLED : https://api.openweathermap.org/data/2.5/forecast/daily?q=Brussels,be&units=metric&cnt=4&appid=ea18c0706135505149200c3836f29800
-------------------------
{"city":{"id":2800866,"name":"Brussels","coord":{"lon":4.3488,"lat":50.8504},"country":"BE","population":1019022,"timezone":7200},"cod":"200","message":0.1417014,"cnt":4,"list":[{"dt":1695294000,"sunrise":1695273993,"sunset":1695318315,"temp":{"day":15.78,"min":12.68,"max":20.99,"night":12.68,"eve":14.82,"morn":17.26},"feels_like":{"day":15.87,"night":12.38,"eve":14.76,"morn":17.21},"pressure":997,"humidity":94,"weather":[{"id":501,"main":"Rain","description":"moderate rain","icon":"10d"}],"speed":9.12,"deg":201,"gust":16.21,"clouds":90,"pop":1,"rain":18.76},{"dt":1695380400,"sunrise":1695360485,"sunset":1695404578,"temp":{"day":14,"min":10.66,"max":16.84,"night":10.66,"eve":13.9,"morn":11.65},"feels_like":{"day":13.36,"night":10.05,"eve":13.38,"morn":11.27},"pressure":1002,"humidity":73,"weather":[{"id":500,"main":"Rain","description":"light rain","icon":"10d"}],"speed":7.19,"deg":206,"gust":12.96,"clouds":95,"pop":1,"rain":1.8},{"dt":1695466800,"sunrise":1695446978,"sunset":1695490841,"temp":{"day":16.21,"min":9.51,"max":16.77,"night":9.77,"eve":13.96,"morn":9.51},"feels_like":{"day":15.37,"night":8.21,"eve":12.93,"morn":7.24},"pressure":1014,"humidity":57,"weather":[{"id":500,"main":"Rain","description":"light rain","icon":"10d"}],"speed":6.32,"deg":272,"gust":10.31,"clouds":27,"pop":0.37,"rain":0.17},{"dt":1695553200,"sunrise":1695533471,"sunset":1695577104,"temp":{"day":18.67,"min":8.56,"max":19.11,"night":12.98,"eve":14.59,"morn":8.76},"feels_like":{"day":17.87,"night":12.16,"eve":13.8,"morn":6.85},"pressure":1023,"humidity":49,"weather":[{"id":802,"main":"Clouds","description":"scattered clouds","icon":"03d"}],"speed":5.24,"deg":200,"gust":9.61,"clouds":42,"pop":0}]}
--- ENF OF RECEIVED DATA ---

{"city":{"id":2800866,"name":"Brussels","coord":{"lon":4.3488,"lat":50.8504},"country":"BE","population":1019022,"timezone":7200},"cod":"200","message":0.1417014,"cnt":4,"list":[{"dt":1695294000,"sunrise":1695273993,"sunset":1695318315,"temp":{"day":15.78,"min":12.68,"max":20.99,"night":12.68,"eve":14.82,"morn":17.26},"feels_like":{"day":15.87,"night":12.38,"eve":14.76,"morn":17.21},"pressure":997,"humidity":94,"weather":[{"id":501,"main":"Rain","description":"moderate rain","icon":"10d"}],"speed":9.12,"deg":201,"gust":16.21,"clouds":90,"pop":1,"rain":18.76},{"dt":1695380400,"sunrise":1695360485,"sunset":1695404578,"temp":{"day":14,"min":10.66,"max":16.84,"night":10.66,"eve":13.9,"morn":11.65},"feels_like":{"day":13.36,"night":10.05,"eve":13.38,"morn":11.27},"pressure":1002,"humidity":73,"weather":[{"id":500,"main":"Rain","description":"light rain","icon":"10d"}],"speed":7.19,"deg":206,"gust":12.96,"clouds":95,"pop":1,"rain":1.8},{"dt":1695466800,"sunrise":1695446978,"sunset":1695490841,"temp":{"day":16.21,"min":9.51,"max":16.77,"night":9.77,"eve":13.96,"morn":9.51},"feels_like":{"day":15.37,"night":8.21,"eve":12.93,"morn":7.24},"pressure":1014,"humidity":57,"weather":[{"id":500,"main":"Rain","description":"light rain","icon":"10d"}],"speed":6.32,"deg":272,"gust":10.31,"clouds":27,"pop":0.37,"rain":0.17},{"dt":1695553200,"sunrise":1695533471,"sunset":1695577104,"temp":{"day":18.67,"min":8.56,"max":19.11,"night":12.98,"eve":14.59,"morn":8.76},"feels_like":{"day":17.87,"night":12.16,"eve":13.8,"morn":6.85},"pressure":1023,"humidity":49,"weather":[{"id":802,"main":"Clouds","description":"scattered clouds","icon":"03d"}],"speed":5.24,"deg":200,"gust":9.61,"clouds":42,"pop":0}]}
--- ENF OF RECEIVED DATA ---

