________________________________________________
|             CALL API : START                |
________________________________________________

Informations : 
Called API: meteo - 30 November 2023, 13:30
Method: GETMETEO - Timeout : 300 - Cache : 1
URL CALLED : https://api.openweathermap.org/data/2.5/forecast/daily?q=Brussels,be&units=metric&cnt=4&appid=ea18c0706135505149200c3836f29800
-------------------------
________________________________________________
|             CALL API : START                |
________________________________________________

Informations : 
Called API: meteo - 30 November 2023, 13:30
Method: GETMETEO - Timeout : 300 - Cache : 1
URL CALLED : https://api.openweathermap.org/data/2.5/forecast/daily?q=Brussels,be&units=metric&cnt=4&appid=ea18c0706135505149200c3836f29800
-------------------------
{"city":{"id":2800866,"name":"Brussels","coord":{"lon":4.3488,"lat":50.8504},"country":"BE","population":1019022,"timezone":3600},"cod":"200","message":0.088256,"cnt":4,"list":[{"dt":1701342000,"sunrise":1701328873,"sunset":1701358885,"temp":{"day":2.12,"min":1.19,"max":3.03,"night":1.19,"eve":3.03,"morn":2.99},"feels_like":{"day":-0.39,"night":-1.48,"eve":0.05,"morn":2.99},"pressure":1001,"humidity":90,"weather":[{"id":804,"main":"Clouds","description":"overcast clouds","icon":"04d"}],"speed":3.48,"deg":39,"gust":4.55,"clouds":94,"pop":0.32},{"dt":1701428400,"sunrise":1701415356,"sunset":1701445245,"temp":{"day":2.13,"min":-1.64,"max":2.47,"night":-1.64,"eve":1.46,"morn":-0.42},"feels_like":{"day":-2.03,"night":-5.08,"eve":-2.5,"morn":-3.62},"pressure":1007,"humidity":71,"weather":[{"id":801,"main":"Clouds","description":"few clouds","icon":"02d"}],"speed":5,"deg":36,"gust":7.73,"clouds":21,"pop":0},{"dt":1701514800,"sunrise":1701501838,"sunset":1701531608,"temp":{"day":0.82,"min":-1.69,"max":1.88,"night":-0.77,"eve":-0.32,"morn":-1.59},"feels_like":{"day":-0.88,"night":-3.82,"eve":-0.32,"morn":-1.59},"pressure":1014,"humidity":78,"weather":[{"id":804,"main":"Clouds","description":"overcast clouds","icon":"04d"}],"speed":2.39,"deg":185,"gust":4.39,"clouds":89,"pop":0.01},{"dt":1701601200,"sunrise":1701588318,"sunset":1701617974,"temp":{"day":3.23,"min":-0.86,"max":3.23,"night":0.99,"eve":0.51,"morn":1.32},"feels_like":{"day":-1.14,"night":-4.05,"eve":-4.93,"morn":-1.87},"pressure":1018,"humidity":65,"weather":[{"id":616,"main":"Snow","description":"rain and snow","icon":"13d"}],"speed":6.96,"deg":175,"gust":14.39,"clouds":53,"pop":1,"rain":1.6,"snow":3.75}]}
--- ENF OF RECEIVED DATA ---

{"city":{"id":2800866,"name":"Brussels","coord":{"lon":4.3488,"lat":50.8504},"country":"BE","population":1019022,"timezone":3600},"cod":"200","message":0.088256,"cnt":4,"list":[{"dt":1701342000,"sunrise":1701328873,"sunset":1701358885,"temp":{"day":2.12,"min":1.19,"max":3.03,"night":1.19,"eve":3.03,"morn":2.99},"feels_like":{"day":-0.39,"night":-1.48,"eve":0.05,"morn":2.99},"pressure":1001,"humidity":90,"weather":[{"id":804,"main":"Clouds","description":"overcast clouds","icon":"04d"}],"speed":3.48,"deg":39,"gust":4.55,"clouds":94,"pop":0.32},{"dt":1701428400,"sunrise":1701415356,"sunset":1701445245,"temp":{"day":2.13,"min":-1.64,"max":2.47,"night":-1.64,"eve":1.46,"morn":-0.42},"feels_like":{"day":-2.03,"night":-5.08,"eve":-2.5,"morn":-3.62},"pressure":1007,"humidity":71,"weather":[{"id":801,"main":"Clouds","description":"few clouds","icon":"02d"}],"speed":5,"deg":36,"gust":7.73,"clouds":21,"pop":0},{"dt":1701514800,"sunrise":1701501838,"sunset":1701531608,"temp":{"day":0.82,"min":-1.69,"max":1.88,"night":-0.77,"eve":-0.32,"morn":-1.59},"feels_like":{"day":-0.88,"night":-3.82,"eve":-0.32,"morn":-1.59},"pressure":1014,"humidity":78,"weather":[{"id":804,"main":"Clouds","description":"overcast clouds","icon":"04d"}],"speed":2.39,"deg":185,"gust":4.39,"clouds":89,"pop":0.01},{"dt":1701601200,"sunrise":1701588318,"sunset":1701617974,"temp":{"day":3.23,"min":-0.86,"max":3.23,"night":0.99,"eve":0.51,"morn":1.32},"feels_like":{"day":-1.14,"night":-4.05,"eve":-4.93,"morn":-1.87},"pressure":1018,"humidity":65,"weather":[{"id":616,"main":"Snow","description":"rain and snow","icon":"13d"}],"speed":6.96,"deg":175,"gust":14.39,"clouds":53,"pop":1,"rain":1.6,"snow":3.75}]}
--- ENF OF RECEIVED DATA ---

