________________________________________________
|             CALL API : START                |
________________________________________________

Informations : 
Called API: meteo - 6 March 2025, 00:40
Method: GETMETEO - Timeout : 300 - Cache : 1
URL CALLED : https://api.openweathermap.org/data/2.5/forecast/daily?q=Brussels,be&units=metric&cnt=4&appid=ea18c0706135505149200c3836f29800
-------------------------
________________________________________________
|             CALL API : START                |
________________________________________________

Informations : 
Called API: meteo - 6 March 2025, 00:40
Method: GETMETEO - Timeout : 300 - Cache : 1
URL CALLED : https://api.openweathermap.org/data/2.5/forecast/daily?q=Brussels,be&units=metric&cnt=4&appid=ea18c0706135505149200c3836f29800
-------------------------
{"city":{"id":2800866,"name":"Brussels","coord":{"lon":4.3488,"lat":50.8504},"country":"BE","population":1019022,"timezone":3600},"cod":"200","message":0.0967606,"cnt":4,"list":[{"dt":1741258800,"sunrise":1741241781,"sunset":1741282299,"temp":{"day":13.47,"min":6,"max":15.24,"night":9.08,"eve":12.49,"morn":6.23},"feels_like":{"day":12.31,"night":6.8,"eve":11.36,"morn":3.7},"pressure":1019,"humidity":55,"weather":[{"id":803,"main":"Clouds","description":"broken clouds","icon":"04d"}],"speed":6.24,"deg":202,"gust":11.92,"clouds":72,"pop":0},{"dt":1741345200,"sunrise":1741328051,"sunset":1741368800,"temp":{"day":14.71,"min":7.27,"max":15.74,"night":9.49,"eve":13.04,"morn":7.41},"feels_like":{"day":13.52,"night":7.71,"eve":11.89,"morn":4.93},"pressure":1018,"humidity":49,"weather":[{"id":800,"main":"Clear","description":"sky is clear","icon":"01d"}],"speed":5.41,"deg":195,"gust":10.47,"clouds":9,"pop":0},{"dt":1741431600,"sunrise":1741414319,"sunset":1741455301,"temp":{"day":15.15,"min":6.97,"max":17.46,"night":9.89,"eve":14.58,"morn":7.18},"feels_like":{"day":14.13,"night":8.3,"eve":13.56,"morn":5.29},"pressure":1013,"humidity":54,"weather":[{"id":800,"main":"Clear","description":"sky is clear","icon":"01d"}],"speed":3.87,"deg":129,"gust":7.18,"clouds":3,"pop":0},{"dt":1741518000,"sunrise":1741500588,"sunset":1741541802,"temp":{"day":16.99,"min":7.67,"max":18.03,"night":12.36,"eve":13.51,"morn":7.67},"feels_like":{"day":15.92,"night":11.32,"eve":12.43,"morn":6.09},"pressure":1006,"humidity":45,"weather":[{"id":803,"main":"Clouds","description":"broken clouds","icon":"04d"}],"speed":3.98,"deg":80,"gust":8.45,"clouds":62,"pop":0}]}
--- ENF OF RECEIVED DATA ---

{"city":{"id":2800866,"name":"Brussels","coord":{"lon":4.3488,"lat":50.8504},"country":"BE","population":1019022,"timezone":3600},"cod":"200","message":0.0967606,"cnt":4,"list":[{"dt":1741258800,"sunrise":1741241781,"sunset":1741282299,"temp":{"day":13.47,"min":6,"max":15.24,"night":9.08,"eve":12.49,"morn":6.23},"feels_like":{"day":12.31,"night":6.8,"eve":11.36,"morn":3.7},"pressure":1019,"humidity":55,"weather":[{"id":803,"main":"Clouds","description":"broken clouds","icon":"04d"}],"speed":6.24,"deg":202,"gust":11.92,"clouds":72,"pop":0},{"dt":1741345200,"sunrise":1741328051,"sunset":1741368800,"temp":{"day":14.71,"min":7.27,"max":15.74,"night":9.49,"eve":13.04,"morn":7.41},"feels_like":{"day":13.52,"night":7.71,"eve":11.89,"morn":4.93},"pressure":1018,"humidity":49,"weather":[{"id":800,"main":"Clear","description":"sky is clear","icon":"01d"}],"speed":5.41,"deg":195,"gust":10.47,"clouds":9,"pop":0},{"dt":1741431600,"sunrise":1741414319,"sunset":1741455301,"temp":{"day":15.15,"min":6.97,"max":17.46,"night":9.89,"eve":14.58,"morn":7.18},"feels_like":{"day":14.13,"night":8.3,"eve":13.56,"morn":5.29},"pressure":1013,"humidity":54,"weather":[{"id":800,"main":"Clear","description":"sky is clear","icon":"01d"}],"speed":3.87,"deg":129,"gust":7.18,"clouds":3,"pop":0},{"dt":1741518000,"sunrise":1741500588,"sunset":1741541802,"temp":{"day":16.99,"min":7.67,"max":18.03,"night":12.36,"eve":13.51,"morn":7.67},"feels_like":{"day":15.92,"night":11.32,"eve":12.43,"morn":6.09},"pressure":1006,"humidity":45,"weather":[{"id":803,"main":"Clouds","description":"broken clouds","icon":"04d"}],"speed":3.98,"deg":80,"gust":8.45,"clouds":62,"pop":0}]}
--- ENF OF RECEIVED DATA ---

