________________________________________________
|             CALL API : START                |
________________________________________________

Informations : 
Called API: meteo - 18 January 2025, 10:30
Method: GETMETEO - Timeout : 300 - Cache : 1
URL CALLED : https://api.openweathermap.org/data/2.5/forecast/daily?q=Brussels,be&units=metric&cnt=4&appid=ea18c0706135505149200c3836f29800
-------------------------
________________________________________________
|             CALL API : START                |
________________________________________________

Informations : 
Called API: meteo - 18 January 2025, 10:30
Method: GETMETEO - Timeout : 300 - Cache : 1
URL CALLED : https://api.openweathermap.org/data/2.5/forecast/daily?q=Brussels,be&units=metric&cnt=4&appid=ea18c0706135505149200c3836f29800
-------------------------
{"city":{"id":2800866,"name":"Brussels","coord":{"lon":4.3488,"lat":50.8504},"country":"BE","population":1019022,"timezone":3600},"cod":"200","message":0.8389054,"cnt":4,"list":[{"dt":1737198000,"sunrise":1737185757,"sunset":1737216583,"temp":{"day":-0.02,"min":-0.95,"max":4.62,"night":0.74,"eve":2.39,"morn":-0.09},"feels_like":{"day":-2.8,"night":-2.01,"eve":-0.08,"morn":-1.9},"pressure":1031,"humidity":91,"weather":[{"id":803,"main":"Clouds","description":"broken clouds","icon":"04d"}],"speed":2.56,"deg":135,"gust":3.73,"clouds":80,"pop":0},{"dt":1737284400,"sunrise":1737272099,"sunset":1737303079,"temp":{"day":3.5,"min":-0.3,"max":5.08,"night":-0.03,"eve":1.68,"morn":-0.21},"feels_like":{"day":0.91,"night":-3.41,"eve":-1.07,"morn":-2.87},"pressure":1023,"humidity":69,"weather":[{"id":800,"main":"Clear","description":"sky is clear","icon":"01d"}],"speed":3.04,"deg":219,"gust":5.26,"clouds":7,"pop":0},{"dt":1737370800,"sunrise":1737358438,"sunset":1737389576,"temp":{"day":3.7,"min":-0.25,"max":4.29,"night":1.12,"eve":2.67,"morn":1.18},"feels_like":{"day":0.54,"night":-2.17,"eve":-0.35,"morn":-2.11},"pressure":1022,"humidity":81,"weather":[{"id":804,"main":"Clouds","description":"overcast clouds","icon":"04d"}],"speed":3.76,"deg":198,"gust":7.92,"clouds":100,"pop":0},{"dt":1737457200,"sunrise":1737444775,"sunset":1737476075,"temp":{"day":6.25,"min":0.23,"max":6.25,"night":2.49,"eve":3.25,"morn":0.31},"feels_like":{"day":4.33,"night":-0.56,"eve":0.48,"morn":-3.02},"pressure":1019,"humidity":59,"weather":[{"id":802,"main":"Clouds","description":"scattered clouds","icon":"03d"}],"speed":3.09,"deg":205,"gust":5.57,"clouds":36,"pop":0}]}
--- ENF OF RECEIVED DATA ---

{"city":{"id":2800866,"name":"Brussels","coord":{"lon":4.3488,"lat":50.8504},"country":"BE","population":1019022,"timezone":3600},"cod":"200","message":0.8389054,"cnt":4,"list":[{"dt":1737198000,"sunrise":1737185757,"sunset":1737216583,"temp":{"day":-0.02,"min":-0.95,"max":4.62,"night":0.74,"eve":2.39,"morn":-0.09},"feels_like":{"day":-2.8,"night":-2.01,"eve":-0.08,"morn":-1.9},"pressure":1031,"humidity":91,"weather":[{"id":803,"main":"Clouds","description":"broken clouds","icon":"04d"}],"speed":2.56,"deg":135,"gust":3.73,"clouds":80,"pop":0},{"dt":1737284400,"sunrise":1737272099,"sunset":1737303079,"temp":{"day":3.5,"min":-0.3,"max":5.08,"night":-0.03,"eve":1.68,"morn":-0.21},"feels_like":{"day":0.91,"night":-3.41,"eve":-1.07,"morn":-2.87},"pressure":1023,"humidity":69,"weather":[{"id":800,"main":"Clear","description":"sky is clear","icon":"01d"}],"speed":3.04,"deg":219,"gust":5.26,"clouds":7,"pop":0},{"dt":1737370800,"sunrise":1737358438,"sunset":1737389576,"temp":{"day":3.7,"min":-0.25,"max":4.29,"night":1.12,"eve":2.67,"morn":1.18},"feels_like":{"day":0.54,"night":-2.17,"eve":-0.35,"morn":-2.11},"pressure":1022,"humidity":81,"weather":[{"id":804,"main":"Clouds","description":"overcast clouds","icon":"04d"}],"speed":3.76,"deg":198,"gust":7.92,"clouds":100,"pop":0},{"dt":1737457200,"sunrise":1737444775,"sunset":1737476075,"temp":{"day":6.25,"min":0.23,"max":6.25,"night":2.49,"eve":3.25,"morn":0.31},"feels_like":{"day":4.33,"night":-0.56,"eve":0.48,"morn":-3.02},"pressure":1019,"humidity":59,"weather":[{"id":802,"main":"Clouds","description":"scattered clouds","icon":"03d"}],"speed":3.09,"deg":205,"gust":5.57,"clouds":36,"pop":0}]}
--- ENF OF RECEIVED DATA ---

