________________________________________________
|             CALL API : START                |
________________________________________________

Informations : 
Called API: meteo - 18 September 2024, 00:30
Method: GETMETEO - Timeout : 300 - Cache : 1
URL CALLED : https://api.openweathermap.org/data/2.5/forecast/daily?q=Brussels,be&units=metric&cnt=4&appid=ea18c0706135505149200c3836f29800
-------------------------
________________________________________________
|             CALL API : START                |
________________________________________________

Informations : 
Called API: meteo - 18 September 2024, 00:30
Method: GETMETEO - Timeout : 300 - Cache : 1
URL CALLED : https://api.openweathermap.org/data/2.5/forecast/daily?q=Brussels,be&units=metric&cnt=4&appid=ea18c0706135505149200c3836f29800
-------------------------
{"city":{"id":2800866,"name":"Brussels","coord":{"lon":4.3488,"lat":50.8504},"country":"BE","population":1019022,"timezone":7200},"cod":"200","message":4.5577724,"cnt":4,"list":[{"dt":1726657200,"sunrise":1726636984,"sunset":1726681823,"temp":{"day":21.87,"min":13.73,"max":24.21,"night":18.76,"eve":21.51,"morn":13.73},"feels_like":{"day":21.55,"night":18.23,"eve":21.07,"morn":13.67},"pressure":1025,"humidity":55,"weather":[{"id":802,"main":"Clouds","description":"scattered clouds","icon":"03d"}],"speed":7.24,"deg":61,"gust":14.67,"clouds":33,"pop":0},{"dt":1726743600,"sunrise":1726723476,"sunset":1726768086,"temp":{"day":22.98,"min":13.85,"max":24.48,"night":16.28,"eve":21.68,"morn":13.85},"feels_like":{"day":22.48,"night":15.61,"eve":21.08,"morn":13.25},"pressure":1022,"humidity":44,"weather":[{"id":801,"main":"Clouds","description":"few clouds","icon":"02d"}],"speed":6.98,"deg":74,"gust":14,"clouds":13,"pop":0},{"dt":1726830000,"sunrise":1726809969,"sunset":1726854350,"temp":{"day":20.55,"min":12.49,"max":23.09,"night":16.83,"eve":20.49,"morn":12.65},"feels_like":{"day":20.15,"night":16.55,"eve":20.24,"morn":12.06},"pressure":1020,"humidity":57,"weather":[{"id":800,"main":"Clear","description":"sky is clear","icon":"01d"}],"speed":5.38,"deg":94,"gust":11.3,"clouds":2,"pop":0},{"dt":1726916400,"sunrise":1726896461,"sunset":1726940613,"temp":{"day":23.17,"min":13.79,"max":23.41,"night":16.85,"eve":18.72,"morn":13.79},"feels_like":{"day":22.74,"night":16.37,"eve":18.27,"morn":13.21},"pressure":1019,"humidity":46,"weather":[{"id":800,"main":"Clear","description":"sky is clear","icon":"01d"}],"speed":3.34,"deg":89,"gust":5.14,"clouds":8,"pop":0}]}
--- ENF OF RECEIVED DATA ---

{"city":{"id":2800866,"name":"Brussels","coord":{"lon":4.3488,"lat":50.8504},"country":"BE","population":1019022,"timezone":7200},"cod":"200","message":4.5577724,"cnt":4,"list":[{"dt":1726657200,"sunrise":1726636984,"sunset":1726681823,"temp":{"day":21.87,"min":13.73,"max":24.21,"night":18.76,"eve":21.51,"morn":13.73},"feels_like":{"day":21.55,"night":18.23,"eve":21.07,"morn":13.67},"pressure":1025,"humidity":55,"weather":[{"id":802,"main":"Clouds","description":"scattered clouds","icon":"03d"}],"speed":7.24,"deg":61,"gust":14.67,"clouds":33,"pop":0},{"dt":1726743600,"sunrise":1726723476,"sunset":1726768086,"temp":{"day":22.98,"min":13.85,"max":24.48,"night":16.28,"eve":21.68,"morn":13.85},"feels_like":{"day":22.48,"night":15.61,"eve":21.08,"morn":13.25},"pressure":1022,"humidity":44,"weather":[{"id":801,"main":"Clouds","description":"few clouds","icon":"02d"}],"speed":6.98,"deg":74,"gust":14,"clouds":13,"pop":0},{"dt":1726830000,"sunrise":1726809969,"sunset":1726854350,"temp":{"day":20.55,"min":12.49,"max":23.09,"night":16.83,"eve":20.49,"morn":12.65},"feels_like":{"day":20.15,"night":16.55,"eve":20.24,"morn":12.06},"pressure":1020,"humidity":57,"weather":[{"id":800,"main":"Clear","description":"sky is clear","icon":"01d"}],"speed":5.38,"deg":94,"gust":11.3,"clouds":2,"pop":0},{"dt":1726916400,"sunrise":1726896461,"sunset":1726940613,"temp":{"day":23.17,"min":13.79,"max":23.41,"night":16.85,"eve":18.72,"morn":13.79},"feels_like":{"day":22.74,"night":16.37,"eve":18.27,"morn":13.21},"pressure":1019,"humidity":46,"weather":[{"id":800,"main":"Clear","description":"sky is clear","icon":"01d"}],"speed":3.34,"deg":89,"gust":5.14,"clouds":8,"pop":0}]}
--- ENF OF RECEIVED DATA ---

