________________________________________________
|             CALL API : START                |
________________________________________________

Informations : 
Called API: meteo - 25 June 2024, 09:10
Method: GETMETEO - Timeout : 300 - Cache : 1
URL CALLED : https://api.openweathermap.org/data/2.5/forecast/daily?q=Brussels,be&units=metric&cnt=4&appid=ea18c0706135505149200c3836f29800
-------------------------
________________________________________________
|             CALL API : START                |
________________________________________________

Informations : 
Called API: meteo - 25 June 2024, 09:10
Method: GETMETEO - Timeout : 300 - Cache : 1
URL CALLED : https://api.openweathermap.org/data/2.5/forecast/daily?q=Brussels,be&units=metric&cnt=4&appid=ea18c0706135505149200c3836f29800
-------------------------
{"city":{"id":2800866,"name":"Brussels","coord":{"lon":4.3488,"lat":50.8504},"country":"BE","population":1019022,"timezone":7200},"cod":"200","message":4.3741386,"cnt":4,"list":[{"dt":1719313200,"sunrise":1719286207,"sunset":1719345620,"temp":{"day":24.73,"min":16.41,"max":26.81,"night":20.32,"eve":26.16,"morn":19.38},"feels_like":{"day":24.8,"night":20.47,"eve":26.16,"morn":19.51},"pressure":1015,"humidity":59,"weather":[{"id":800,"main":"Clear","description":"sky is clear","icon":"01d"}],"speed":4.38,"deg":75,"gust":7.19,"clouds":1,"pop":0},{"dt":1719399600,"sunrise":1719372633,"sunset":1719432018,"temp":{"day":26.22,"min":17.03,"max":27.94,"night":20.52,"eve":27.69,"morn":18},"feels_like":{"day":26.22,"night":20.77,"eve":28.03,"morn":18.15},"pressure":1011,"humidity":53,"weather":[{"id":800,"main":"Clear","description":"sky is clear","icon":"01d"}],"speed":3.16,"deg":74,"gust":5.68,"clouds":0,"pop":0},{"dt":1719486000,"sunrise":1719459061,"sunset":1719518413,"temp":{"day":22.61,"min":18.07,"max":26.99,"night":18.07,"eve":25.07,"morn":18.96},"feels_like":{"day":22.96,"night":17.94,"eve":25.33,"morn":19.13},"pressure":1009,"humidity":78,"weather":[{"id":500,"main":"Rain","description":"light rain","icon":"10d"}],"speed":5.25,"deg":268,"gust":9.17,"clouds":61,"pop":0.35,"rain":0.16},{"dt":1719572400,"sunrise":1719545492,"sunset":1719604805,"temp":{"day":21.36,"min":12.68,"max":22.78,"night":15.46,"eve":20.78,"morn":13.34},"feels_like":{"day":20.94,"night":15.1,"eve":20.51,"morn":13.08},"pressure":1017,"humidity":53,"weather":[{"id":802,"main":"Clouds","description":"scattered clouds","icon":"03d"}],"speed":4.78,"deg":251,"gust":9.75,"clouds":42,"pop":0}]}
--- ENF OF RECEIVED DATA ---

{"city":{"id":2800866,"name":"Brussels","coord":{"lon":4.3488,"lat":50.8504},"country":"BE","population":1019022,"timezone":7200},"cod":"200","message":4.3741386,"cnt":4,"list":[{"dt":1719313200,"sunrise":1719286207,"sunset":1719345620,"temp":{"day":24.73,"min":16.41,"max":26.81,"night":20.32,"eve":26.16,"morn":19.38},"feels_like":{"day":24.8,"night":20.47,"eve":26.16,"morn":19.51},"pressure":1015,"humidity":59,"weather":[{"id":800,"main":"Clear","description":"sky is clear","icon":"01d"}],"speed":4.38,"deg":75,"gust":7.19,"clouds":1,"pop":0},{"dt":1719399600,"sunrise":1719372633,"sunset":1719432018,"temp":{"day":26.22,"min":17.03,"max":27.94,"night":20.52,"eve":27.69,"morn":18},"feels_like":{"day":26.22,"night":20.77,"eve":28.03,"morn":18.15},"pressure":1011,"humidity":53,"weather":[{"id":800,"main":"Clear","description":"sky is clear","icon":"01d"}],"speed":3.16,"deg":74,"gust":5.68,"clouds":0,"pop":0},{"dt":1719486000,"sunrise":1719459061,"sunset":1719518413,"temp":{"day":22.61,"min":18.07,"max":26.99,"night":18.07,"eve":25.07,"morn":18.96},"feels_like":{"day":22.96,"night":17.94,"eve":25.33,"morn":19.13},"pressure":1009,"humidity":78,"weather":[{"id":500,"main":"Rain","description":"light rain","icon":"10d"}],"speed":5.25,"deg":268,"gust":9.17,"clouds":61,"pop":0.35,"rain":0.16},{"dt":1719572400,"sunrise":1719545492,"sunset":1719604805,"temp":{"day":21.36,"min":12.68,"max":22.78,"night":15.46,"eve":20.78,"morn":13.34},"feels_like":{"day":20.94,"night":15.1,"eve":20.51,"morn":13.08},"pressure":1017,"humidity":53,"weather":[{"id":802,"main":"Clouds","description":"scattered clouds","icon":"03d"}],"speed":4.78,"deg":251,"gust":9.75,"clouds":42,"pop":0}]}
--- ENF OF RECEIVED DATA ---

