________________________________________________
|             CALL API : START                |
________________________________________________

Informations : 
Called API: meteo - 10 June 2024, 01:40
Method: GETMETEO - Timeout : 300 - Cache : 1
URL CALLED : https://api.openweathermap.org/data/2.5/forecast/daily?q=Brussels,be&units=metric&cnt=4&appid=ea18c0706135505149200c3836f29800
-------------------------
________________________________________________
|             CALL API : START                |
________________________________________________

Informations : 
Called API: meteo - 10 June 2024, 01:40
Method: GETMETEO - Timeout : 300 - Cache : 1
URL CALLED : https://api.openweathermap.org/data/2.5/forecast/daily?q=Brussels,be&units=metric&cnt=4&appid=ea18c0706135505149200c3836f29800
-------------------------
{"city":{"id":2800866,"name":"Brussels","coord":{"lon":4.3488,"lat":50.8504},"country":"BE","population":1019022,"timezone":7200},"cod":"200","message":0.0675097,"cnt":4,"list":[{"dt":1718017200,"sunrise":1717990167,"sunset":1718049299,"temp":{"day":9.99,"min":8.82,"max":14.34,"night":8.82,"eve":13.28,"morn":10.83},"feels_like":{"day":7.11,"night":7.25,"eve":12.49,"morn":10.21},"pressure":1009,"humidity":90,"weather":[{"id":501,"main":"Rain","description":"moderate rain","icon":"10d"}],"speed":8.11,"deg":301,"gust":12.92,"clouds":100,"pop":1,"rain":4.43},{"dt":1718103600,"sunrise":1718076549,"sunset":1718135740,"temp":{"day":15.38,"min":6.5,"max":16.76,"night":9.3,"eve":14.78,"morn":7.79},"feels_like":{"day":14.57,"night":7.68,"eve":13.91,"morn":6.15},"pressure":1016,"humidity":61,"weather":[{"id":500,"main":"Rain","description":"light rain","icon":"10d"}],"speed":5.37,"deg":320,"gust":7.78,"clouds":17,"pop":1,"rain":2.77},{"dt":1718190000,"sunrise":1718162934,"sunset":1718222179,"temp":{"day":13.52,"min":6.71,"max":14.86,"night":10.52,"eve":14.68,"morn":8.02},"feels_like":{"day":12.52,"night":9.32,"eve":13.61,"morn":6.58},"pressure":1022,"humidity":61,"weather":[{"id":803,"main":"Clouds","description":"broken clouds","icon":"04d"}],"speed":4.51,"deg":318,"gust":5.54,"clouds":80,"pop":0},{"dt":1718276400,"sunrise":1718249322,"sunset":1718308614,"temp":{"day":17.58,"min":7.64,"max":17.58,"night":12.78,"eve":15.6,"morn":10.57},"feels_like":{"day":16.96,"night":12.31,"eve":15.2,"morn":9.54},"pressure":1017,"humidity":60,"weather":[{"id":500,"main":"Rain","description":"light rain","icon":"10d"}],"speed":5.64,"deg":204,"gust":7.44,"clouds":54,"pop":1,"rain":1.48}]}
--- ENF OF RECEIVED DATA ---

{"city":{"id":2800866,"name":"Brussels","coord":{"lon":4.3488,"lat":50.8504},"country":"BE","population":1019022,"timezone":7200},"cod":"200","message":0.0675097,"cnt":4,"list":[{"dt":1718017200,"sunrise":1717990167,"sunset":1718049299,"temp":{"day":9.99,"min":8.82,"max":14.34,"night":8.82,"eve":13.28,"morn":10.83},"feels_like":{"day":7.11,"night":7.25,"eve":12.49,"morn":10.21},"pressure":1009,"humidity":90,"weather":[{"id":501,"main":"Rain","description":"moderate rain","icon":"10d"}],"speed":8.11,"deg":301,"gust":12.92,"clouds":100,"pop":1,"rain":4.43},{"dt":1718103600,"sunrise":1718076549,"sunset":1718135740,"temp":{"day":15.38,"min":6.5,"max":16.76,"night":9.3,"eve":14.78,"morn":7.79},"feels_like":{"day":14.57,"night":7.68,"eve":13.91,"morn":6.15},"pressure":1016,"humidity":61,"weather":[{"id":500,"main":"Rain","description":"light rain","icon":"10d"}],"speed":5.37,"deg":320,"gust":7.78,"clouds":17,"pop":1,"rain":2.77},{"dt":1718190000,"sunrise":1718162934,"sunset":1718222179,"temp":{"day":13.52,"min":6.71,"max":14.86,"night":10.52,"eve":14.68,"morn":8.02},"feels_like":{"day":12.52,"night":9.32,"eve":13.61,"morn":6.58},"pressure":1022,"humidity":61,"weather":[{"id":803,"main":"Clouds","description":"broken clouds","icon":"04d"}],"speed":4.51,"deg":318,"gust":5.54,"clouds":80,"pop":0},{"dt":1718276400,"sunrise":1718249322,"sunset":1718308614,"temp":{"day":17.58,"min":7.64,"max":17.58,"night":12.78,"eve":15.6,"morn":10.57},"feels_like":{"day":16.96,"night":12.31,"eve":15.2,"morn":9.54},"pressure":1017,"humidity":60,"weather":[{"id":500,"main":"Rain","description":"light rain","icon":"10d"}],"speed":5.64,"deg":204,"gust":7.44,"clouds":54,"pop":1,"rain":1.48}]}
--- ENF OF RECEIVED DATA ---

