________________________________________________
|             CALL API : START                |
________________________________________________

Informations : 
Called API: meteo - 22 July 2023, 00:30
Method: GETMETEO - Timeout : 300 - Cache : 1
URL CALLED : https://api.openweathermap.org/data/2.5/forecast/daily?q=Brussels,be&units=metric&cnt=4&appid=ea18c0706135505149200c3836f29800
-------------------------
________________________________________________
|             CALL API : START                |
________________________________________________

Informations : 
Called API: meteo - 22 July 2023, 00:30
Method: GETMETEO - Timeout : 300 - Cache : 1
URL CALLED : https://api.openweathermap.org/data/2.5/forecast/daily?q=Brussels,be&units=metric&cnt=4&appid=ea18c0706135505149200c3836f29800
-------------------------
{"city":{"id":2800866,"name":"Brussels","coord":{"lon":4.3488,"lat":50.8504},"country":"BE","population":1019022,"timezone":7200},"cod":"200","message":8.2717546,"cnt":4,"list":[{"dt":1690023600,"sunrise":1689998050,"sunset":1690055013,"temp":{"day":20.27,"min":11.17,"max":22.89,"night":17.03,"eve":22.54,"morn":12.03},"feels_like":{"day":19.63,"night":16.33,"eve":21.97,"morn":11.48},"pressure":1014,"humidity":49,"weather":[{"id":804,"main":"Clouds","description":"overcast clouds","icon":"04d"}],"speed":6.35,"deg":232,"gust":9.47,"clouds":100,"pop":0.03},{"dt":1690110000,"sunrise":1690084530,"sunset":1690141339,"temp":{"day":18.25,"min":14.89,"max":19.97,"night":17.25,"eve":19.6,"morn":14.95},"feels_like":{"day":18.22,"night":17.54,"eve":19.73,"morn":14.59},"pressure":1008,"humidity":80,"weather":[{"id":500,"main":"Rain","description":"light rain","icon":"10d"}],"speed":8.81,"deg":215,"gust":16.48,"clouds":100,"pop":0.81,"rain":2.24},{"dt":1690196400,"sunrise":1690171010,"sunset":1690227662,"temp":{"day":21.17,"min":15.35,"max":21.17,"night":15.35,"eve":18.9,"morn":16.65},"feels_like":{"day":21.07,"night":15.11,"eve":18.54,"morn":16.9},"pressure":1005,"humidity":66,"weather":[{"id":501,"main":"Rain","description":"moderate rain","icon":"10d"}],"speed":5.64,"deg":283,"gust":10.65,"clouds":78,"pop":0.99,"rain":14.87},{"dt":1690282800,"sunrise":1690257492,"sunset":1690313984,"temp":{"day":20.92,"min":13.07,"max":20.92,"night":15,"eve":19.75,"morn":14.08},"feels_like":{"day":20.11,"night":14.12,"eve":18.98,"morn":13.63},"pressure":1012,"humidity":40,"weather":[{"id":500,"main":"Rain","description":"light rain","icon":"10d"}],"speed":5.9,"deg":329,"gust":7.29,"clouds":48,"pop":0.4,"rain":0.47}]}
--- ENF OF RECEIVED DATA ---

{"city":{"id":2800866,"name":"Brussels","coord":{"lon":4.3488,"lat":50.8504},"country":"BE","population":1019022,"timezone":7200},"cod":"200","message":8.2717546,"cnt":4,"list":[{"dt":1690023600,"sunrise":1689998050,"sunset":1690055013,"temp":{"day":20.27,"min":11.17,"max":22.89,"night":17.03,"eve":22.54,"morn":12.03},"feels_like":{"day":19.63,"night":16.33,"eve":21.97,"morn":11.48},"pressure":1014,"humidity":49,"weather":[{"id":804,"main":"Clouds","description":"overcast clouds","icon":"04d"}],"speed":6.35,"deg":232,"gust":9.47,"clouds":100,"pop":0.03},{"dt":1690110000,"sunrise":1690084530,"sunset":1690141339,"temp":{"day":18.25,"min":14.89,"max":19.97,"night":17.25,"eve":19.6,"morn":14.95},"feels_like":{"day":18.22,"night":17.54,"eve":19.73,"morn":14.59},"pressure":1008,"humidity":80,"weather":[{"id":500,"main":"Rain","description":"light rain","icon":"10d"}],"speed":8.81,"deg":215,"gust":16.48,"clouds":100,"pop":0.81,"rain":2.24},{"dt":1690196400,"sunrise":1690171010,"sunset":1690227662,"temp":{"day":21.17,"min":15.35,"max":21.17,"night":15.35,"eve":18.9,"morn":16.65},"feels_like":{"day":21.07,"night":15.11,"eve":18.54,"morn":16.9},"pressure":1005,"humidity":66,"weather":[{"id":501,"main":"Rain","description":"moderate rain","icon":"10d"}],"speed":5.64,"deg":283,"gust":10.65,"clouds":78,"pop":0.99,"rain":14.87},{"dt":1690282800,"sunrise":1690257492,"sunset":1690313984,"temp":{"day":20.92,"min":13.07,"max":20.92,"night":15,"eve":19.75,"morn":14.08},"feels_like":{"day":20.11,"night":14.12,"eve":18.98,"morn":13.63},"pressure":1012,"humidity":40,"weather":[{"id":500,"main":"Rain","description":"light rain","icon":"10d"}],"speed":5.9,"deg":329,"gust":7.29,"clouds":48,"pop":0.4,"rain":0.47}]}
--- ENF OF RECEIVED DATA ---

