________________________________________________
|             CALL API : START                |
________________________________________________

Informations : 
Called API: meteo - 20 March 2024, 20:30
Method: GETMETEO - Timeout : 300 - Cache : 1
URL CALLED : https://api.openweathermap.org/data/2.5/forecast/daily?q=Brussels,be&units=metric&cnt=4&appid=ea18c0706135505149200c3836f29800
-------------------------
________________________________________________
|             CALL API : START                |
________________________________________________

Informations : 
Called API: meteo - 20 March 2024, 20:30
Method: GETMETEO - Timeout : 300 - Cache : 1
URL CALLED : https://api.openweathermap.org/data/2.5/forecast/daily?q=Brussels,be&units=metric&cnt=4&appid=ea18c0706135505149200c3836f29800
-------------------------
{"city":{"id":2800866,"name":"Brussels","coord":{"lon":4.3488,"lat":50.8504},"country":"BE","population":1019022,"timezone":3600},"cod":"200","message":4.253101,"cnt":4,"list":[{"dt":1710932400,"sunrise":1710913480,"sunset":1710957316,"temp":{"day":16.04,"min":9.69,"max":17.55,"night":12.75,"eve":14.71,"morn":9.84},"feels_like":{"day":15.4,"night":12.14,"eve":14.06,"morn":9.01},"pressure":1019,"humidity":65,"weather":[{"id":804,"main":"Clouds","description":"overcast clouds","icon":"04d"}],"speed":2.72,"deg":202,"gust":4.2,"clouds":100,"pop":0},{"dt":1711018800,"sunrise":1710999745,"sunset":1711043814,"temp":{"day":12.28,"min":9.01,"max":14.22,"night":9.64,"eve":12.78,"morn":9.86},"feels_like":{"day":11.37,"night":8.18,"eve":11.92,"morn":8.35},"pressure":1025,"humidity":69,"weather":[{"id":804,"main":"Clouds","description":"overcast clouds","icon":"04d"}],"speed":4.08,"deg":310,"gust":7.27,"clouds":91,"pop":0},{"dt":1711105200,"sunrise":1711086010,"sunset":1711130311,"temp":{"day":14.29,"min":6.98,"max":15.64,"night":6.98,"eve":10.75,"morn":7.86},"feels_like":{"day":13.37,"night":3.81,"eve":10.1,"morn":5.02},"pressure":1019,"humidity":61,"weather":[{"id":500,"main":"Rain","description":"light rain","icon":"10d"}],"speed":5.54,"deg":241,"gust":11.07,"clouds":99,"pop":0.98,"rain":2.09},{"dt":1711191600,"sunrise":1711172274,"sunset":1711216809,"temp":{"day":8.73,"min":4.06,"max":8.73,"night":4.12,"eve":6.71,"morn":5.39},"feels_like":{"day":5.2,"night":0.56,"eve":3.29,"morn":2.95},"pressure":1012,"humidity":61,"weather":[{"id":501,"main":"Rain","description":"moderate rain","icon":"10d"}],"speed":7.58,"deg":285,"gust":9.64,"clouds":42,"pop":1,"rain":11.01}]}
--- ENF OF RECEIVED DATA ---

{"city":{"id":2800866,"name":"Brussels","coord":{"lon":4.3488,"lat":50.8504},"country":"BE","population":1019022,"timezone":3600},"cod":"200","message":4.253101,"cnt":4,"list":[{"dt":1710932400,"sunrise":1710913480,"sunset":1710957316,"temp":{"day":16.04,"min":9.69,"max":17.55,"night":12.75,"eve":14.71,"morn":9.84},"feels_like":{"day":15.4,"night":12.14,"eve":14.06,"morn":9.01},"pressure":1019,"humidity":65,"weather":[{"id":804,"main":"Clouds","description":"overcast clouds","icon":"04d"}],"speed":2.72,"deg":202,"gust":4.2,"clouds":100,"pop":0},{"dt":1711018800,"sunrise":1710999745,"sunset":1711043814,"temp":{"day":12.28,"min":9.01,"max":14.22,"night":9.64,"eve":12.78,"morn":9.86},"feels_like":{"day":11.37,"night":8.18,"eve":11.92,"morn":8.35},"pressure":1025,"humidity":69,"weather":[{"id":804,"main":"Clouds","description":"overcast clouds","icon":"04d"}],"speed":4.08,"deg":310,"gust":7.27,"clouds":91,"pop":0},{"dt":1711105200,"sunrise":1711086010,"sunset":1711130311,"temp":{"day":14.29,"min":6.98,"max":15.64,"night":6.98,"eve":10.75,"morn":7.86},"feels_like":{"day":13.37,"night":3.81,"eve":10.1,"morn":5.02},"pressure":1019,"humidity":61,"weather":[{"id":500,"main":"Rain","description":"light rain","icon":"10d"}],"speed":5.54,"deg":241,"gust":11.07,"clouds":99,"pop":0.98,"rain":2.09},{"dt":1711191600,"sunrise":1711172274,"sunset":1711216809,"temp":{"day":8.73,"min":4.06,"max":8.73,"night":4.12,"eve":6.71,"morn":5.39},"feels_like":{"day":5.2,"night":0.56,"eve":3.29,"morn":2.95},"pressure":1012,"humidity":61,"weather":[{"id":501,"main":"Rain","description":"moderate rain","icon":"10d"}],"speed":7.58,"deg":285,"gust":9.64,"clouds":42,"pop":1,"rain":11.01}]}
--- ENF OF RECEIVED DATA ---

