________________________________________________
|             CALL API : START                |
________________________________________________

Informations : 
Called API: meteo - 28 December 2022, 03:00
Method: GETMETEO - Timeout : 300 - Cache : 1
URL CALLED : https://rmipro.meteo.be/products/bx1/5373bc0393d004fc/web_forecast
-------------------------
________________________________________________
|             CALL API : START                |
________________________________________________

Informations : 
Called API: meteo - 28 December 2022, 03:00
Method: GETMETEO - Timeout : 300 - Cache : 1
URL CALLED : https://rmipro.meteo.be/products/bx1/5373bc0393d004fc/web_forecast
-------------------------
<?xml version='1.0' encoding='UTF-8'?>
<meteo>
  <generationDate>27/12/2022 20:58</generationDate>
  <forecast date="20221227" period="NIGHT">
    <titledate>27/12/22</titledate>
    <titleday>mardi</titleday>
    <data>
      <city>Ostende</city>
      <tempMin>7 </tempMin>
      <weathertype>TNN10</weathertype>
    </data>
    <data>
      <city>Anvers</city>
      <tempMin>5 </tempMin>
      <weathertype>TNN10</weathertype>
    </data>
    <data>
      <city>Bruxelles</city>
      <tempMin>5 </tempMin>
      <weathertype>TNN10</weathertype>
    </data>
    <data>
      <city>Namur</city>
      <tempMin>4 </tempMin>
      <weathertype>TNN10</weathertype>
    </data>
    <data>
      <city>Liege</city>
      <tempMin>4 </tempMin>
      <weathertype>TNN10</weathertype>
    </data>
    <data>
      <city>Arlon</city>
      <tempMin>3 </tempMin>
      <weathertype>TNN10</weathertype>
    </data>
  </forecast>
  <forecast date="20221228" period="AM">
    <titledate>28/12/22</titledate>
    <titleday>mercredi</titleday>
    <data>
      <city>Ostende</city>
      <tempMax>10 </tempMax>
      <weathertype>TJ10</weathertype>
    </data>
    <data>
      <city>Anvers</city>
      <tempMax>9 </tempMax>
      <weathertype>TJ10</weathertype>
    </data>
    <data>
      <city>Bruxelles</city>
      <tempMax>9 </tempMax>
      <weathertype>TJ10</weathertype>
    </data>
    <data>
      <city>Namur</city>
      <tempMax>7 </tempMax>
      <weathertype>TJ10</weathertype>
    </data>
    <data>
      <city>Liege</city>
      <tempMax>8 </tempMax>
      <weathertype>TJ10</weathertype>
    </data>
    <data>
      <city>Arlon</city>
      <tempMax>7 </tempMax>
      <weathertype>TJ10</weathertype>
    </data>
  </forecast>
  <forecast date="20221228" period="PM">
    <titledate>28/12/22</titledate>
    <titleday>mercredi</titleday>
    <data>
      <city>Ostende</city>
      <tempMax>10 </tempMax>
      <weathertype>TJ10</weathertype>
    </data>
    <data>
      <city>Anvers</city>
      <tempMax>10 </tempMax>
      <weathertype>TJ10</weathertype>
    </data>
    <data>
      <city>Bruxelles</city>
      <tempMax>10 </tempMax>
      <weathertype>TJ10</weathertype>
    </data>
    <data>
      <city>Namur</city>
      <tempMax>8 </tempMax>
      <weathertype>TJ10</weathertype>
    </data>
    <data>
      <city>Liege</city>
      <tempMax>9 </tempMax>
      <weathertype>TJ10</weathertype>
    </data>
    <data>
      <city>Arlon</city>
      <tempMax>6 </tempMax>
      <weathertype>TJ10</weathertype>
    </data>
  </forecast>
  <forecast date="20221229" period="DAY">
    <titledate>29/12/22</titledate>
    <titleday>jeudi</titleday>
    <data>
      <city>Ostende</city>
      <tempMin>5 </tempMin>
      <tempMax>9 </tempMax>
      <weathertype>TJ3</weathertype>
    </data>
    <data>
      <city>Anvers</city>
      <tempMin>5 </tempMin>
      <tempMax>9 </tempMax>
      <weathertype>TJ3</weathertype>
    </data>
    <data>
      <city>Bruxelles</city>
      <tempMin>5 </tempMin>
      <tempMax>9 </tempMax>
      <weathertype>TJ3</weathertype>
    </data>
    <data>
      <city>Namur</city>
      <tempMin>3 </tempMin>
      <tempMax>8 </tempMax>
      <weathertype>TJ11</weathertype>
    </data>
    <data>
      <city>Liege</city>
      <tempMin>4 </tempMin>
      <tempMax>9 </tempMax>
      <weathertype>TJ11</weathertype>
    </data>
    <data>
      <city>Arlon</city>
      <tempMin>3 </tempMin>
      <tempMax>7 </tempMax>
      <weathertype>TJ11</weathertype>
    </data>
  </forecast>
  <forecast date="20221230" period="DAY">
    <titledate>30/12/22</titledate>
    <titleday>vendredi</titleday>
    <data>
      <city>Ostende</city>
      <tempMin>11 </tempMin>
      <tempMax>12 </tempMax>
      <weathertype>TJ6</weathertype>
    </data>
    <data>
      <city>Anvers</city>
      <tempMin>11 </tempMin>
      <tempMax>12 </tempMax>
      <weathertype>TJ6</weathertype>
    </data>
    <data>
      <city>Bruxelles</city>
      <tempMin>11 </tempMin>
      <tempMax>12 </tempMax>
      <weathertype>TJ6</weathertype>
    </data>
    <data>
      <city>Namur</city>
      <tempMin>8 </tempMin>
      <tempMax>9 </tempMax>
      <weathertype>TJ3</weathertype>
    </data>
    <data>
      <city>Liege</city>
      <tempMin>11 </tempMin>
      <tempMax>12 </tempMax>
      <weathertype>TJ6</weathertype>
    </data>
    <data>
      <city>Arlon</city>
      <tempMin>8 </tempMin>
      <tempMax>9 </tempMax>
      <weathertype>TJ3</weathertype>
    </data>
  </forecast>
  <forecast date="20221231" period="DAY">
    <titledate>31/12/22</titledate>
    <titleday>samedi</titleday>
    <data>
      <city>Ostende</city>
      <tempMin>11 </tempMin>
      <tempMax>13 </tempMax>
      <weathertype>TJ6</weathertype>
    </data>
    <data>
      <city>Anvers</city>
      <tempMin>12 </tempMin>
      <tempMax>14 </tempMax>
      <weathertype>TJ6</weathertype>
    </data>
    <data>
      <city>Bruxelles</city>
      <tempMin>12 </tempMin>
      <tempMax>14 </tempMax>
      <weathertype>TJ6</weathertype>
    </data>
    <data>
      <city>Namur</city>
      <tempMin>10 </tempMin>
      <tempMax>11 </tempMax>
      <weathertype>TJ6</weathertype>
    </data>
    <data>
      <city>Liege</city>
      <tempMin>12 </tempMin>
      <tempMax>14 </tempMax>
      <weathertype>TJ6</weathertype>
    </data>
    <data>
      <city>Arlon</city>
      <tempMin>10 </tempMin>
      <tempMax>11 </tempMax>
      <weathertype>TJ6</weathertype>
    </data>
  </forecast>
  <forecast_foreign date="20221228" period="DAY">
    <titledate>28/12/22</titledate>
    <titleday>mercredi</titleday>
    <data>
      <city>Paris</city>
      <temp>9 </temp>
      <weathertype>TJ4</weathertype>
    </data>
    <data>
      <city>Londres</city>
      <temp>10 </temp>
      <weathertype>TJ7</weathertype>
    </data>
    <data>
      <city>Amsterdam</city>
      <temp>8 </temp>
      <weathertype>TJ7</weathertype>
    </data>
  </forecast_foreign>
  <forecast_foreign date="20221229" period="DAY">
    <titledate>29/12/22</titledate>
    <titleday>jeudi</titleday>
    <data>
      <city>Paris</city>
      <temp>10 </temp>
      <weathertype>TJ1</weathertype>
    </data>
    <data>
      <city>Londres</city>
      <temp>9 </temp>
      <weathertype>TJ2</weathertype>
    </data>
    <data>
      <city>Amsterdam</city>
      <temp>10 </temp>
      <weathertype>TJ7</weathertype>
    </data>
  </forecast_foreign>
  <Ephemerides>
    <Ephemeride>
      <titledate>27/12/22</titledate>
      <titleday>mardi</titleday>
      <data>
        <sunRise>08:44</sunRise>
        <sunSet>16:44</sunSet>
        <gain>0 </gain>
      </data>
    </Ephemeride>
    <Ephemeride>
      <titledate>28/12/22</titledate>
      <titleday>mercredi</titleday>
      <data>
        <sunRise>08:44</sunRise>
        <sunSet>16:44</sunSet>
        <gain>0 </gain>
      </data>
    </Ephemeride>
    <Ephemeride>
      <titledate>29/12/22</titledate>
      <titleday>jeudi</titleday>
      <data>
        <sunRise>08:44</sunRise>
        <sunSet>16:45</sunSet>
        <gain>1 </gain>
      </data>
    </Ephemeride>
    <Ephemeride>
      <titledate>30/12/22</titledate>
      <titleday>vendredi</titleday>
      <data>
        <sunRise>08:44</sunRise>
        <sunSet>16:46</sunSet>
        <gain>1 </gain>
      </data>
    </Ephemeride>
  </Ephemerides>
  <indices>
    <indice>
      <titledate>27/12/22</titledate>
      <titleday>mardi</titleday>
      <data>
        <value>3</value>
        <evaluation>bonne</evaluation>
      </data>
    </indice>
    <indice>
      <titledate>28/12/22</titledate>
      <titleday>mercredi</titleday>
      <data>
        <value>2</value>
        <evaluation>très bonne</evaluation>
      </data>
    </indice>
    <indice>
      <titledate>29/12/22</titledate>
      <titleday>jeudi</titleday>
      <data>
        <value>2</value>
        <evaluation>très bonne</evaluation>
      </data>
    </indice>
  </indices>
</meteo>

--- ENF OF RECEIVED DATA ---

<?xml version='1.0' encoding='UTF-8'?>
<meteo>
  <generationDate>27/12/2022 20:58</generationDate>
  <forecast date="20221227" period="NIGHT">
    <titledate>27/12/22</titledate>
    <titleday>mardi</titleday>
    <data>
      <city>Ostende</city>
      <tempMin>7 </tempMin>
      <weathertype>TNN10</weathertype>
    </data>
    <data>
      <city>Anvers</city>
      <tempMin>5 </tempMin>
      <weathertype>TNN10</weathertype>
    </data>
    <data>
      <city>Bruxelles</city>
      <tempMin>5 </tempMin>
      <weathertype>TNN10</weathertype>
    </data>
    <data>
      <city>Namur</city>
      <tempMin>4 </tempMin>
      <weathertype>TNN10</weathertype>
    </data>
    <data>
      <city>Liege</city>
      <tempMin>4 </tempMin>
      <weathertype>TNN10</weathertype>
    </data>
    <data>
      <city>Arlon</city>
      <tempMin>3 </tempMin>
      <weathertype>TNN10</weathertype>
    </data>
  </forecast>
  <forecast date="20221228" period="AM">
    <titledate>28/12/22</titledate>
    <titleday>mercredi</titleday>
    <data>
      <city>Ostende</city>
      <tempMax>10 </tempMax>
      <weathertype>TJ10</weathertype>
    </data>
    <data>
      <city>Anvers</city>
      <tempMax>9 </tempMax>
      <weathertype>TJ10</weathertype>
    </data>
    <data>
      <city>Bruxelles</city>
      <tempMax>9 </tempMax>
      <weathertype>TJ10</weathertype>
    </data>
    <data>
      <city>Namur</city>
      <tempMax>7 </tempMax>
      <weathertype>TJ10</weathertype>
    </data>
    <data>
      <city>Liege</city>
      <tempMax>8 </tempMax>
      <weathertype>TJ10</weathertype>
    </data>
    <data>
      <city>Arlon</city>
      <tempMax>7 </tempMax>
      <weathertype>TJ10</weathertype>
    </data>
  </forecast>
  <forecast date="20221228" period="PM">
    <titledate>28/12/22</titledate>
    <titleday>mercredi</titleday>
    <data>
      <city>Ostende</city>
      <tempMax>10 </tempMax>
      <weathertype>TJ10</weathertype>
    </data>
    <data>
      <city>Anvers</city>
      <tempMax>10 </tempMax>
      <weathertype>TJ10</weathertype>
    </data>
    <data>
      <city>Bruxelles</city>
      <tempMax>10 </tempMax>
      <weathertype>TJ10</weathertype>
    </data>
    <data>
      <city>Namur</city>
      <tempMax>8 </tempMax>
      <weathertype>TJ10</weathertype>
    </data>
    <data>
      <city>Liege</city>
      <tempMax>9 </tempMax>
      <weathertype>TJ10</weathertype>
    </data>
    <data>
      <city>Arlon</city>
      <tempMax>6 </tempMax>
      <weathertype>TJ10</weathertype>
    </data>
  </forecast>
  <forecast date="20221229" period="DAY">
    <titledate>29/12/22</titledate>
    <titleday>jeudi</titleday>
    <data>
      <city>Ostende</city>
      <tempMin>5 </tempMin>
      <tempMax>9 </tempMax>
      <weathertype>TJ3</weathertype>
    </data>
    <data>
      <city>Anvers</city>
      <tempMin>5 </tempMin>
      <tempMax>9 </tempMax>
      <weathertype>TJ3</weathertype>
    </data>
    <data>
      <city>Bruxelles</city>
      <tempMin>5 </tempMin>
      <tempMax>9 </tempMax>
      <weathertype>TJ3</weathertype>
    </data>
    <data>
      <city>Namur</city>
      <tempMin>3 </tempMin>
      <tempMax>8 </tempMax>
      <weathertype>TJ11</weathertype>
    </data>
    <data>
      <city>Liege</city>
      <tempMin>4 </tempMin>
      <tempMax>9 </tempMax>
      <weathertype>TJ11</weathertype>
    </data>
    <data>
      <city>Arlon</city>
      <tempMin>3 </tempMin>
      <tempMax>7 </tempMax>
      <weathertype>TJ11</weathertype>
    </data>
  </forecast>
  <forecast date="20221230" period="DAY">
    <titledate>30/12/22</titledate>
    <titleday>vendredi</titleday>
    <data>
      <city>Ostende</city>
      <tempMin>11 </tempMin>
      <tempMax>12 </tempMax>
      <weathertype>TJ6</weathertype>
    </data>
    <data>
      <city>Anvers</city>
      <tempMin>11 </tempMin>
      <tempMax>12 </tempMax>
      <weathertype>TJ6</weathertype>
    </data>
    <data>
      <city>Bruxelles</city>
      <tempMin>11 </tempMin>
      <tempMax>12 </tempMax>
      <weathertype>TJ6</weathertype>
    </data>
    <data>
      <city>Namur</city>
      <tempMin>8 </tempMin>
      <tempMax>9 </tempMax>
      <weathertype>TJ3</weathertype>
    </data>
    <data>
      <city>Liege</city>
      <tempMin>11 </tempMin>
      <tempMax>12 </tempMax>
      <weathertype>TJ6</weathertype>
    </data>
    <data>
      <city>Arlon</city>
      <tempMin>8 </tempMin>
      <tempMax>9 </tempMax>
      <weathertype>TJ3</weathertype>
    </data>
  </forecast>
  <forecast date="20221231" period="DAY">
    <titledate>31/12/22</titledate>
    <titleday>samedi</titleday>
    <data>
      <city>Ostende</city>
      <tempMin>11 </tempMin>
      <tempMax>13 </tempMax>
      <weathertype>TJ6</weathertype>
    </data>
    <data>
      <city>Anvers</city>
      <tempMin>12 </tempMin>
      <tempMax>14 </tempMax>
      <weathertype>TJ6</weathertype>
    </data>
    <data>
      <city>Bruxelles</city>
      <tempMin>12 </tempMin>
      <tempMax>14 </tempMax>
      <weathertype>TJ6</weathertype>
    </data>
    <data>
      <city>Namur</city>
      <tempMin>10 </tempMin>
      <tempMax>11 </tempMax>
      <weathertype>TJ6</weathertype>
    </data>
    <data>
      <city>Liege</city>
      <tempMin>12 </tempMin>
      <tempMax>14 </tempMax>
      <weathertype>TJ6</weathertype>
    </data>
    <data>
      <city>Arlon</city>
      <tempMin>10 </tempMin>
      <tempMax>11 </tempMax>
      <weathertype>TJ6</weathertype>
    </data>
  </forecast>
  <forecast_foreign date="20221228" period="DAY">
    <titledate>28/12/22</titledate>
    <titleday>mercredi</titleday>
    <data>
      <city>Paris</city>
      <temp>9 </temp>
      <weathertype>TJ4</weathertype>
    </data>
    <data>
      <city>Londres</city>
      <temp>10 </temp>
      <weathertype>TJ7</weathertype>
    </data>
    <data>
      <city>Amsterdam</city>
      <temp>8 </temp>
      <weathertype>TJ7</weathertype>
    </data>
  </forecast_foreign>
  <forecast_foreign date="20221229" period="DAY">
    <titledate>29/12/22</titledate>
    <titleday>jeudi</titleday>
    <data>
      <city>Paris</city>
      <temp>10 </temp>
      <weathertype>TJ1</weathertype>
    </data>
    <data>
      <city>Londres</city>
      <temp>9 </temp>
      <weathertype>TJ2</weathertype>
    </data>
    <data>
      <city>Amsterdam</city>
      <temp>10 </temp>
      <weathertype>TJ7</weathertype>
    </data>
  </forecast_foreign>
  <Ephemerides>
    <Ephemeride>
      <titledate>27/12/22</titledate>
      <titleday>mardi</titleday>
      <data>
        <sunRise>08:44</sunRise>
        <sunSet>16:44</sunSet>
        <gain>0 </gain>
      </data>
    </Ephemeride>
    <Ephemeride>
      <titledate>28/12/22</titledate>
      <titleday>mercredi</titleday>
      <data>
        <sunRise>08:44</sunRise>
        <sunSet>16:44</sunSet>
        <gain>0 </gain>
      </data>
    </Ephemeride>
    <Ephemeride>
      <titledate>29/12/22</titledate>
      <titleday>jeudi</titleday>
      <data>
        <sunRise>08:44</sunRise>
        <sunSet>16:45</sunSet>
        <gain>1 </gain>
      </data>
    </Ephemeride>
    <Ephemeride>
      <titledate>30/12/22</titledate>
      <titleday>vendredi</titleday>
      <data>
        <sunRise>08:44</sunRise>
        <sunSet>16:46</sunSet>
        <gain>1 </gain>
      </data>
    </Ephemeride>
  </Ephemerides>
  <indices>
    <indice>
      <titledate>27/12/22</titledate>
      <titleday>mardi</titleday>
      <data>
        <value>3</value>
        <evaluation>bonne</evaluation>
      </data>
    </indice>
    <indice>
      <titledate>28/12/22</titledate>
      <titleday>mercredi</titleday>
      <data>
        <value>2</value>
        <evaluation>très bonne</evaluation>
      </data>
    </indice>
    <indice>
      <titledate>29/12/22</titledate>
      <titleday>jeudi</titleday>
      <data>
        <value>2</value>
        <evaluation>très bonne</evaluation>
      </data>
    </indice>
  </indices>
</meteo>

--- ENF OF RECEIVED DATA ---

