________________________________________________
|             CALL API : START                |
________________________________________________

Informations : 
Called API: meteo - 17 April 2024, 21:00
Method: GETMETEO - Timeout : 300 - Cache : 1
URL CALLED : https://api.openweathermap.org/data/2.5/forecast/daily?q=Brussels,be&units=metric&cnt=4&appid=ea18c0706135505149200c3836f29800
-------------------------
________________________________________________
|             CALL API : START                |
________________________________________________

Informations : 
Called API: meteo - 17 April 2024, 21:00
Method: GETMETEO - Timeout : 300 - Cache : 1
URL CALLED : https://api.openweathermap.org/data/2.5/forecast/daily?q=Brussels,be&units=metric&cnt=4&appid=ea18c0706135505149200c3836f29800
-------------------------
{"city":{"id":2800866,"name":"Brussels","coord":{"lon":4.3488,"lat":50.8504},"country":"BE","population":1019022,"timezone":7200},"cod":"200","message":0.0369595,"cnt":4,"list":[{"dt":1713351600,"sunrise":1713328984,"sunset":1713379241,"temp":{"day":8.32,"min":3.64,"max":9.59,"night":4.55,"eve":6.2,"morn":3.64},"feels_like":{"day":5.67,"night":2.55,"eve":2.51,"morn":0.87},"pressure":1013,"humidity":68,"weather":[{"id":500,"main":"Rain","description":"light rain","icon":"10d"}],"speed":6.76,"deg":322,"gust":8.84,"clouds":88,"pop":1,"rain":4.51},{"dt":1713438000,"sunrise":1713415260,"sunset":1713465739,"temp":{"day":11.03,"min":2.56,"max":11.84,"night":6.41,"eve":9.94,"morn":3.85},"feels_like":{"day":9.52,"night":3.94,"eve":7.83,"morn":1.61},"pressure":1021,"humidity":51,"weather":[{"id":801,"main":"Clouds","description":"few clouds","icon":"02d"}],"speed":5.44,"deg":309,"gust":8.46,"clouds":23,"pop":0},{"dt":1713524400,"sunrise":1713501537,"sunset":1713552236,"temp":{"day":10.75,"min":6.31,"max":11.06,"night":7.01,"eve":8.06,"morn":7.44},"feels_like":{"day":9.87,"night":2.97,"eve":3.96,"morn":3.33},"pressure":1012,"humidity":76,"weather":[{"id":501,"main":"Rain","description":"moderate rain","icon":"10d"}],"speed":9.28,"deg":323,"gust":15.22,"clouds":85,"pop":1,"rain":7.73},{"dt":1713610800,"sunrise":1713587815,"sunset":1713638734,"temp":{"day":7.45,"min":4.95,"max":9.89,"night":4.95,"eve":8.24,"morn":5.41},"feels_like":{"day":4.23,"night":2.48,"eve":4.97,"morn":3.22},"pressure":1025,"humidity":80,"weather":[{"id":500,"main":"Rain","description":"light rain","icon":"10d"}],"speed":7.6,"deg":343,"gust":10.97,"clouds":52,"pop":1,"rain":1.14}]}
--- ENF OF RECEIVED DATA ---

{"city":{"id":2800866,"name":"Brussels","coord":{"lon":4.3488,"lat":50.8504},"country":"BE","population":1019022,"timezone":7200},"cod":"200","message":0.0369595,"cnt":4,"list":[{"dt":1713351600,"sunrise":1713328984,"sunset":1713379241,"temp":{"day":8.32,"min":3.64,"max":9.59,"night":4.55,"eve":6.2,"morn":3.64},"feels_like":{"day":5.67,"night":2.55,"eve":2.51,"morn":0.87},"pressure":1013,"humidity":68,"weather":[{"id":500,"main":"Rain","description":"light rain","icon":"10d"}],"speed":6.76,"deg":322,"gust":8.84,"clouds":88,"pop":1,"rain":4.51},{"dt":1713438000,"sunrise":1713415260,"sunset":1713465739,"temp":{"day":11.03,"min":2.56,"max":11.84,"night":6.41,"eve":9.94,"morn":3.85},"feels_like":{"day":9.52,"night":3.94,"eve":7.83,"morn":1.61},"pressure":1021,"humidity":51,"weather":[{"id":801,"main":"Clouds","description":"few clouds","icon":"02d"}],"speed":5.44,"deg":309,"gust":8.46,"clouds":23,"pop":0},{"dt":1713524400,"sunrise":1713501537,"sunset":1713552236,"temp":{"day":10.75,"min":6.31,"max":11.06,"night":7.01,"eve":8.06,"morn":7.44},"feels_like":{"day":9.87,"night":2.97,"eve":3.96,"morn":3.33},"pressure":1012,"humidity":76,"weather":[{"id":501,"main":"Rain","description":"moderate rain","icon":"10d"}],"speed":9.28,"deg":323,"gust":15.22,"clouds":85,"pop":1,"rain":7.73},{"dt":1713610800,"sunrise":1713587815,"sunset":1713638734,"temp":{"day":7.45,"min":4.95,"max":9.89,"night":4.95,"eve":8.24,"morn":5.41},"feels_like":{"day":4.23,"night":2.48,"eve":4.97,"morn":3.22},"pressure":1025,"humidity":80,"weather":[{"id":500,"main":"Rain","description":"light rain","icon":"10d"}],"speed":7.6,"deg":343,"gust":10.97,"clouds":52,"pop":1,"rain":1.14}]}
--- ENF OF RECEIVED DATA ---

