________________________________________________
|             CALL API : START                |
________________________________________________

Informations : 
Called API: meteo - 6 April 2024, 06:10
Method: GETMETEO - Timeout : 300 - Cache : 1
URL CALLED : https://api.openweathermap.org/data/2.5/forecast/daily?q=Brussels,be&units=metric&cnt=4&appid=ea18c0706135505149200c3836f29800
-------------------------
________________________________________________
|             CALL API : START                |
________________________________________________

Informations : 
Called API: meteo - 6 April 2024, 06:10
Method: GETMETEO - Timeout : 300 - Cache : 1
URL CALLED : https://api.openweathermap.org/data/2.5/forecast/daily?q=Brussels,be&units=metric&cnt=4&appid=ea18c0706135505149200c3836f29800
-------------------------
{"city":{"id":2800866,"name":"Brussels","coord":{"lon":4.3488,"lat":50.8504},"country":"BE","population":1019022,"timezone":7200},"cod":"200","message":0.0586837,"cnt":4,"list":[{"dt":1712401200,"sunrise":1712379997,"sunset":1712427769,"temp":{"day":21.42,"min":13.41,"max":22.78,"night":16.3,"eve":20.5,"morn":13.71},"feels_like":{"day":20.87,"night":15.92,"eve":20.28,"morn":13.3},"pressure":1008,"humidity":48,"weather":[{"id":804,"main":"Clouds","description":"overcast clouds","icon":"04d"}],"speed":8.35,"deg":182,"gust":18.12,"clouds":86,"pop":0},{"dt":1712487600,"sunrise":1712466265,"sunset":1712514266,"temp":{"day":15.06,"min":11.41,"max":16.69,"night":11.41,"eve":12.05,"morn":12.39},"feels_like":{"day":14.48,"night":11.03,"eve":11.63,"morn":11.7},"pressure":1015,"humidity":71,"weather":[{"id":500,"main":"Rain","description":"light rain","icon":"10d"}],"speed":8.62,"deg":217,"gust":14.28,"clouds":100,"pop":0.92,"rain":1.82},{"dt":1712574000,"sunrise":1712552534,"sunset":1712600764,"temp":{"day":13.1,"min":9.23,"max":14.99,"night":13.29,"eve":14.99,"morn":9.36},"feels_like":{"day":12.79,"night":12.97,"eve":14.87,"morn":8.54},"pressure":1008,"humidity":89,"weather":[{"id":501,"main":"Rain","description":"moderate rain","icon":"10d"}],"speed":6.28,"deg":214,"gust":14.06,"clouds":100,"pop":1,"rain":8.75},{"dt":1712660400,"sunrise":1712638804,"sunset":1712687261,"temp":{"day":10.82,"min":6.67,"max":12.47,"night":6.71,"eve":8.46,"morn":6.74},"feels_like":{"day":9.55,"night":3.1,"eve":5.03,"morn":1.27},"pressure":1012,"humidity":61,"weather":[{"id":500,"main":"Rain","description":"light rain","icon":"10d"}],"speed":12.8,"deg":217,"gust":22.26,"clouds":88,"pop":1,"rain":2.56}]}
--- ENF OF RECEIVED DATA ---

{"city":{"id":2800866,"name":"Brussels","coord":{"lon":4.3488,"lat":50.8504},"country":"BE","population":1019022,"timezone":7200},"cod":"200","message":0.0586837,"cnt":4,"list":[{"dt":1712401200,"sunrise":1712379997,"sunset":1712427769,"temp":{"day":21.42,"min":13.41,"max":22.78,"night":16.3,"eve":20.5,"morn":13.71},"feels_like":{"day":20.87,"night":15.92,"eve":20.28,"morn":13.3},"pressure":1008,"humidity":48,"weather":[{"id":804,"main":"Clouds","description":"overcast clouds","icon":"04d"}],"speed":8.35,"deg":182,"gust":18.12,"clouds":86,"pop":0},{"dt":1712487600,"sunrise":1712466265,"sunset":1712514266,"temp":{"day":15.06,"min":11.41,"max":16.69,"night":11.41,"eve":12.05,"morn":12.39},"feels_like":{"day":14.48,"night":11.03,"eve":11.63,"morn":11.7},"pressure":1015,"humidity":71,"weather":[{"id":500,"main":"Rain","description":"light rain","icon":"10d"}],"speed":8.62,"deg":217,"gust":14.28,"clouds":100,"pop":0.92,"rain":1.82},{"dt":1712574000,"sunrise":1712552534,"sunset":1712600764,"temp":{"day":13.1,"min":9.23,"max":14.99,"night":13.29,"eve":14.99,"morn":9.36},"feels_like":{"day":12.79,"night":12.97,"eve":14.87,"morn":8.54},"pressure":1008,"humidity":89,"weather":[{"id":501,"main":"Rain","description":"moderate rain","icon":"10d"}],"speed":6.28,"deg":214,"gust":14.06,"clouds":100,"pop":1,"rain":8.75},{"dt":1712660400,"sunrise":1712638804,"sunset":1712687261,"temp":{"day":10.82,"min":6.67,"max":12.47,"night":6.71,"eve":8.46,"morn":6.74},"feels_like":{"day":9.55,"night":3.1,"eve":5.03,"morn":1.27},"pressure":1012,"humidity":61,"weather":[{"id":500,"main":"Rain","description":"light rain","icon":"10d"}],"speed":12.8,"deg":217,"gust":22.26,"clouds":88,"pop":1,"rain":2.56}]}
--- ENF OF RECEIVED DATA ---

