________________________________________________
|             CALL API : START                |
________________________________________________

Informations : 
Called API: meteo - 30 May 2023, 12:00
Method: GETMETEO - Timeout : 300 - Cache : 1
URL CALLED : https://api.openweathermap.org/data/2.5/forecast/daily?q=Brussels,be&units=metric&cnt=4&appid=ea18c0706135505149200c3836f29800
-------------------------
________________________________________________
|             CALL API : START                |
________________________________________________

Informations : 
Called API: meteo - 30 May 2023, 12:00
Method: GETMETEO - Timeout : 300 - Cache : 1
URL CALLED : https://api.openweathermap.org/data/2.5/forecast/daily?q=Brussels,be&units=metric&cnt=4&appid=ea18c0706135505149200c3836f29800
-------------------------
{"city":{"id":2800866,"name":"Brussels","coord":{"lon":4.3488,"lat":50.8504},"country":"BE","population":1019022,"timezone":7200},"cod":"200","message":0.4093664,"cnt":4,"list":[{"dt":1685444400,"sunrise":1685417791,"sunset":1685475840,"temp":{"day":15.98,"min":7.6,"max":20.16,"night":11.88,"eve":18.4,"morn":8.43},"feels_like":{"day":15.2,"night":11.32,"eve":17.97,"morn":5.75},"pressure":1027,"humidity":60,"weather":[{"id":800,"main":"Clear","description":"sky is clear","icon":"01d"}],"speed":6.11,"deg":44,"gust":12.64,"clouds":10,"pop":0},{"dt":1685530800,"sunrise":1685504140,"sunset":1685562308,"temp":{"day":21.18,"min":9.32,"max":22.83,"night":14.82,"eve":21.67,"morn":10.44},"feels_like":{"day":20.71,"night":14.58,"eve":21.38,"morn":9.94},"pressure":1024,"humidity":52,"weather":[{"id":800,"main":"Clear","description":"sky is clear","icon":"01d"}],"speed":6.21,"deg":53,"gust":11.12,"clouds":8,"pop":0},{"dt":1685617200,"sunrise":1685590492,"sunset":1685648774,"temp":{"day":17.99,"min":8.78,"max":20.39,"night":11.34,"eve":18.26,"morn":9.64},"feels_like":{"day":17.41,"night":10.64,"eve":17.73,"morn":7.71},"pressure":1022,"humidity":60,"weather":[{"id":801,"main":"Clouds","description":"few clouds","icon":"02d"}],"speed":5.84,"deg":352,"gust":11.21,"clouds":17,"pop":0},{"dt":1685703600,"sunrise":1685676847,"sunset":1685735237,"temp":{"day":17.41,"min":7.04,"max":17.85,"night":13.14,"eve":17.85,"morn":9.89},"feels_like":{"day":16.75,"night":12.81,"eve":17.31,"morn":8.05},"pressure":1021,"humidity":59,"weather":[{"id":800,"main":"Clear","description":"sky is clear","icon":"01d"}],"speed":5.13,"deg":25,"gust":9.2,"clouds":8,"pop":0}]}
--- ENF OF RECEIVED DATA ---

{"city":{"id":2800866,"name":"Brussels","coord":{"lon":4.3488,"lat":50.8504},"country":"BE","population":1019022,"timezone":7200},"cod":"200","message":0.4093664,"cnt":4,"list":[{"dt":1685444400,"sunrise":1685417791,"sunset":1685475840,"temp":{"day":15.98,"min":7.6,"max":20.16,"night":11.88,"eve":18.4,"morn":8.43},"feels_like":{"day":15.2,"night":11.32,"eve":17.97,"morn":5.75},"pressure":1027,"humidity":60,"weather":[{"id":800,"main":"Clear","description":"sky is clear","icon":"01d"}],"speed":6.11,"deg":44,"gust":12.64,"clouds":10,"pop":0},{"dt":1685530800,"sunrise":1685504140,"sunset":1685562308,"temp":{"day":21.18,"min":9.32,"max":22.83,"night":14.82,"eve":21.67,"morn":10.44},"feels_like":{"day":20.71,"night":14.58,"eve":21.38,"morn":9.94},"pressure":1024,"humidity":52,"weather":[{"id":800,"main":"Clear","description":"sky is clear","icon":"01d"}],"speed":6.21,"deg":53,"gust":11.12,"clouds":8,"pop":0},{"dt":1685617200,"sunrise":1685590492,"sunset":1685648774,"temp":{"day":17.99,"min":8.78,"max":20.39,"night":11.34,"eve":18.26,"morn":9.64},"feels_like":{"day":17.41,"night":10.64,"eve":17.73,"morn":7.71},"pressure":1022,"humidity":60,"weather":[{"id":801,"main":"Clouds","description":"few clouds","icon":"02d"}],"speed":5.84,"deg":352,"gust":11.21,"clouds":17,"pop":0},{"dt":1685703600,"sunrise":1685676847,"sunset":1685735237,"temp":{"day":17.41,"min":7.04,"max":17.85,"night":13.14,"eve":17.85,"morn":9.89},"feels_like":{"day":16.75,"night":12.81,"eve":17.31,"morn":8.05},"pressure":1021,"humidity":59,"weather":[{"id":800,"main":"Clear","description":"sky is clear","icon":"01d"}],"speed":5.13,"deg":25,"gust":9.2,"clouds":8,"pop":0}]}
--- ENF OF RECEIVED DATA ---

