________________________________________________
|             CALL API : START                |
________________________________________________

Informations : 
Called API: meteo - 14 October 2023, 07:50
Method: GETMETEO - Timeout : 300 - Cache : 1
URL CALLED : https://api.openweathermap.org/data/2.5/forecast/daily?q=Brussels,be&units=metric&cnt=4&appid=ea18c0706135505149200c3836f29800
-------------------------
________________________________________________
|             CALL API : START                |
________________________________________________

Informations : 
Called API: meteo - 14 October 2023, 07:50
Method: GETMETEO - Timeout : 300 - Cache : 1
URL CALLED : https://api.openweathermap.org/data/2.5/forecast/daily?q=Brussels,be&units=metric&cnt=4&appid=ea18c0706135505149200c3836f29800
-------------------------
{"city":{"id":2800866,"name":"Brussels","coord":{"lon":4.3488,"lat":50.8504},"country":"BE","population":1019022,"timezone":7200},"cod":"200","message":0.045733,"cnt":4,"list":[{"dt":1697281200,"sunrise":1697263382,"sunset":1697302443,"temp":{"day":13.8,"min":7.5,"max":18.76,"night":7.5,"eve":9.81,"morn":9.54},"feels_like":{"day":12.67,"night":5.88,"eve":8.18,"morn":7.23},"pressure":1016,"humidity":55,"weather":[{"id":502,"main":"Rain","description":"heavy intensity rain","icon":"10d"}],"speed":11.5,"deg":226,"gust":19.31,"clouds":18,"pop":1,"rain":8.27},{"dt":1697367600,"sunrise":1697349881,"sunset":1697388716,"temp":{"day":12,"min":5.72,"max":12,"night":5.99,"eve":7.73,"morn":6.05},"feels_like":{"day":10.56,"night":5.99,"eve":6.31,"morn":3.26},"pressure":1024,"humidity":50,"weather":[{"id":500,"main":"Rain","description":"light rain","icon":"10d"}],"speed":6.07,"deg":318,"gust":9.82,"clouds":10,"pop":0.52,"rain":0.26},{"dt":1697454000,"sunrise":1697436380,"sunset":1697474990,"temp":{"day":10.46,"min":4.68,"max":11.65,"night":7.22,"eve":8.79,"morn":4.85},"feels_like":{"day":9.02,"night":4.6,"eve":6.27,"morn":3.01},"pressure":1023,"humidity":56,"weather":[{"id":804,"main":"Clouds","description":"overcast clouds","icon":"04d"}],"speed":5.34,"deg":81,"gust":9.34,"clouds":100,"pop":0.04},{"dt":1697540400,"sunrise":1697522880,"sunset":1697561265,"temp":{"day":13.35,"min":4.53,"max":13.35,"night":7.74,"eve":9.1,"morn":4.53},"feels_like":{"day":12.05,"night":4.79,"eve":6.49,"morn":1.46},"pressure":1017,"humidity":50,"weather":[{"id":800,"main":"Clear","description":"sky is clear","icon":"01d"}],"speed":6.15,"deg":72,"gust":12.2,"clouds":0,"pop":0}]}
--- ENF OF RECEIVED DATA ---

{"city":{"id":2800866,"name":"Brussels","coord":{"lon":4.3488,"lat":50.8504},"country":"BE","population":1019022,"timezone":7200},"cod":"200","message":0.045733,"cnt":4,"list":[{"dt":1697281200,"sunrise":1697263382,"sunset":1697302443,"temp":{"day":13.8,"min":7.5,"max":18.76,"night":7.5,"eve":9.81,"morn":9.54},"feels_like":{"day":12.67,"night":5.88,"eve":8.18,"morn":7.23},"pressure":1016,"humidity":55,"weather":[{"id":502,"main":"Rain","description":"heavy intensity rain","icon":"10d"}],"speed":11.5,"deg":226,"gust":19.31,"clouds":18,"pop":1,"rain":8.27},{"dt":1697367600,"sunrise":1697349881,"sunset":1697388716,"temp":{"day":12,"min":5.72,"max":12,"night":5.99,"eve":7.73,"morn":6.05},"feels_like":{"day":10.56,"night":5.99,"eve":6.31,"morn":3.26},"pressure":1024,"humidity":50,"weather":[{"id":500,"main":"Rain","description":"light rain","icon":"10d"}],"speed":6.07,"deg":318,"gust":9.82,"clouds":10,"pop":0.52,"rain":0.26},{"dt":1697454000,"sunrise":1697436380,"sunset":1697474990,"temp":{"day":10.46,"min":4.68,"max":11.65,"night":7.22,"eve":8.79,"morn":4.85},"feels_like":{"day":9.02,"night":4.6,"eve":6.27,"morn":3.01},"pressure":1023,"humidity":56,"weather":[{"id":804,"main":"Clouds","description":"overcast clouds","icon":"04d"}],"speed":5.34,"deg":81,"gust":9.34,"clouds":100,"pop":0.04},{"dt":1697540400,"sunrise":1697522880,"sunset":1697561265,"temp":{"day":13.35,"min":4.53,"max":13.35,"night":7.74,"eve":9.1,"morn":4.53},"feels_like":{"day":12.05,"night":4.79,"eve":6.49,"morn":1.46},"pressure":1017,"humidity":50,"weather":[{"id":800,"main":"Clear","description":"sky is clear","icon":"01d"}],"speed":6.15,"deg":72,"gust":12.2,"clouds":0,"pop":0}]}
--- ENF OF RECEIVED DATA ---

