________________________________________________
|             CALL API : START                |
________________________________________________

Informations : 
Called API: meteo - 1 March 2024, 07:10
Method: GETMETEO - Timeout : 300 - Cache : 1
URL CALLED : https://api.openweathermap.org/data/2.5/forecast/daily?q=Brussels,be&units=metric&cnt=4&appid=ea18c0706135505149200c3836f29800
-------------------------
________________________________________________
|             CALL API : START                |
________________________________________________

Informations : 
Called API: meteo - 1 March 2024, 07:10
Method: GETMETEO - Timeout : 300 - Cache : 1
URL CALLED : https://api.openweathermap.org/data/2.5/forecast/daily?q=Brussels,be&units=metric&cnt=4&appid=ea18c0706135505149200c3836f29800
-------------------------
{"city":{"id":2800866,"name":"Brussels","coord":{"lon":4.3488,"lat":50.8504},"country":"BE","population":1019022,"timezone":3600},"cod":"200","message":0.0446742,"cnt":4,"list":[{"dt":1709290800,"sunrise":1709274392,"sunset":1709313815,"temp":{"day":9.09,"min":4.98,"max":9.36,"night":6.8,"eve":7.6,"morn":5.17},"feels_like":{"day":5.11,"night":3.29,"eve":3.94,"morn":1.75},"pressure":1000,"humidity":66,"weather":[{"id":501,"main":"Rain","description":"moderate rain","icon":"10d"}],"speed":9.7,"deg":186,"gust":19.22,"clouds":86,"pop":0.96,"rain":3.59},{"dt":1709377200,"sunrise":1709360665,"sunset":1709400318,"temp":{"day":6.08,"min":5.59,"max":10.18,"night":7.77,"eve":7.36,"morn":5.59},"feels_like":{"day":3.21,"night":4.99,"eve":7.36,"morn":1.95},"pressure":1000,"humidity":88,"weather":[{"id":501,"main":"Rain","description":"moderate rain","icon":"10d"}],"speed":6.11,"deg":192,"gust":13.09,"clouds":100,"pop":0.96,"rain":9.07},{"dt":1709463600,"sunrise":1709446936,"sunset":1709486820,"temp":{"day":8.56,"min":4.98,"max":9.4,"night":4.98,"eve":5.17,"morn":7.94},"feels_like":{"day":6.17,"night":1.56,"eve":1.28,"morn":5.91},"pressure":999,"humidity":87,"weather":[{"id":500,"main":"Rain","description":"light rain","icon":"10d"}],"speed":6.22,"deg":276,"gust":13.56,"clouds":100,"pop":1,"rain":1.08},{"dt":1709550000,"sunrise":1709533208,"sunset":1709573322,"temp":{"day":8.37,"min":1.3,"max":9.3,"night":5.49,"eve":6.19,"morn":1.3},"feels_like":{"day":6.64,"night":3.18,"eve":4.48,"morn":-1.56},"pressure":1010,"humidity":61,"weather":[{"id":803,"main":"Clouds","description":"broken clouds","icon":"04d"}],"speed":3.89,"deg":240,"gust":7.77,"clouds":55,"pop":0}]}
--- ENF OF RECEIVED DATA ---

{"city":{"id":2800866,"name":"Brussels","coord":{"lon":4.3488,"lat":50.8504},"country":"BE","population":1019022,"timezone":3600},"cod":"200","message":0.0446742,"cnt":4,"list":[{"dt":1709290800,"sunrise":1709274392,"sunset":1709313815,"temp":{"day":9.09,"min":4.98,"max":9.36,"night":6.8,"eve":7.6,"morn":5.17},"feels_like":{"day":5.11,"night":3.29,"eve":3.94,"morn":1.75},"pressure":1000,"humidity":66,"weather":[{"id":501,"main":"Rain","description":"moderate rain","icon":"10d"}],"speed":9.7,"deg":186,"gust":19.22,"clouds":86,"pop":0.96,"rain":3.59},{"dt":1709377200,"sunrise":1709360665,"sunset":1709400318,"temp":{"day":6.08,"min":5.59,"max":10.18,"night":7.77,"eve":7.36,"morn":5.59},"feels_like":{"day":3.21,"night":4.99,"eve":7.36,"morn":1.95},"pressure":1000,"humidity":88,"weather":[{"id":501,"main":"Rain","description":"moderate rain","icon":"10d"}],"speed":6.11,"deg":192,"gust":13.09,"clouds":100,"pop":0.96,"rain":9.07},{"dt":1709463600,"sunrise":1709446936,"sunset":1709486820,"temp":{"day":8.56,"min":4.98,"max":9.4,"night":4.98,"eve":5.17,"morn":7.94},"feels_like":{"day":6.17,"night":1.56,"eve":1.28,"morn":5.91},"pressure":999,"humidity":87,"weather":[{"id":500,"main":"Rain","description":"light rain","icon":"10d"}],"speed":6.22,"deg":276,"gust":13.56,"clouds":100,"pop":1,"rain":1.08},{"dt":1709550000,"sunrise":1709533208,"sunset":1709573322,"temp":{"day":8.37,"min":1.3,"max":9.3,"night":5.49,"eve":6.19,"morn":1.3},"feels_like":{"day":6.64,"night":3.18,"eve":4.48,"morn":-1.56},"pressure":1010,"humidity":61,"weather":[{"id":803,"main":"Clouds","description":"broken clouds","icon":"04d"}],"speed":3.89,"deg":240,"gust":7.77,"clouds":55,"pop":0}]}
--- ENF OF RECEIVED DATA ---

