________________________________________________
|             CALL API : START                |
________________________________________________

Informations : 
Called API: meteo - 3 July 2024, 11:20
Method: GETMETEO - Timeout : 300 - Cache : 1
URL CALLED : https://api.openweathermap.org/data/2.5/forecast/daily?q=Brussels,be&units=metric&cnt=4&appid=ea18c0706135505149200c3836f29800
-------------------------
________________________________________________
|             CALL API : START                |
________________________________________________

Informations : 
Called API: meteo - 3 July 2024, 11:20
Method: GETMETEO - Timeout : 300 - Cache : 1
URL CALLED : https://api.openweathermap.org/data/2.5/forecast/daily?q=Brussels,be&units=metric&cnt=4&appid=ea18c0706135505149200c3836f29800
-------------------------
{"city":{"id":2800866,"name":"Brussels","coord":{"lon":4.3488,"lat":50.8504},"country":"BE","population":1019022,"timezone":7200},"cod":"200","message":5.8821661,"cnt":4,"list":[{"dt":1720004400,"sunrise":1719977687,"sunset":1720036720,"temp":{"day":12.88,"min":12.09,"max":16.37,"night":14.67,"eve":14.44,"morn":12.67},"feels_like":{"day":12.6,"night":14.33,"eve":14.16,"morn":12.19},"pressure":1011,"humidity":91,"weather":[{"id":501,"main":"Rain","description":"moderate rain","icon":"10d"}],"speed":5.32,"deg":220,"gust":10.94,"clouds":85,"pop":1,"rain":6.96},{"dt":1720090800,"sunrise":1720064133,"sunset":1720123094,"temp":{"day":16.73,"min":11.77,"max":18.69,"night":11.77,"eve":17.4,"morn":14.12},"feels_like":{"day":15.97,"night":11.04,"eve":16.66,"morn":14.04},"pressure":1010,"humidity":58,"weather":[{"id":500,"main":"Rain","description":"light rain","icon":"10d"}],"speed":7.54,"deg":231,"gust":13.81,"clouds":82,"pop":1,"rain":1.92},{"dt":1720177200,"sunrise":1720150582,"sunset":1720209465,"temp":{"day":14.22,"min":9.61,"max":20.22,"night":16.18,"eve":19.8,"morn":10.43},"feels_like":{"day":13.79,"night":16.2,"eve":19.9,"morn":9.85},"pressure":1013,"humidity":80,"weather":[{"id":500,"main":"Rain","description":"light rain","icon":"10d"}],"speed":6.27,"deg":224,"gust":12.14,"clouds":85,"pop":0.2,"rain":0.25},{"dt":1720263600,"sunrise":1720237033,"sunset":1720295833,"temp":{"day":16.64,"min":12.44,"max":19.74,"night":12.44,"eve":16.37,"morn":16.72},"feels_like":{"day":16.45,"night":11.75,"eve":15.68,"morn":16.77},"pressure":1005,"humidity":80,"weather":[{"id":500,"main":"Rain","description":"light rain","icon":"10d"}],"speed":7.74,"deg":256,"gust":13.77,"clouds":100,"pop":0.2,"rain":0.29}]}
--- ENF OF RECEIVED DATA ---

{"city":{"id":2800866,"name":"Brussels","coord":{"lon":4.3488,"lat":50.8504},"country":"BE","population":1019022,"timezone":7200},"cod":"200","message":5.8821661,"cnt":4,"list":[{"dt":1720004400,"sunrise":1719977687,"sunset":1720036720,"temp":{"day":12.88,"min":12.09,"max":16.37,"night":14.67,"eve":14.44,"morn":12.67},"feels_like":{"day":12.6,"night":14.33,"eve":14.16,"morn":12.19},"pressure":1011,"humidity":91,"weather":[{"id":501,"main":"Rain","description":"moderate rain","icon":"10d"}],"speed":5.32,"deg":220,"gust":10.94,"clouds":85,"pop":1,"rain":6.96},{"dt":1720090800,"sunrise":1720064133,"sunset":1720123094,"temp":{"day":16.73,"min":11.77,"max":18.69,"night":11.77,"eve":17.4,"morn":14.12},"feels_like":{"day":15.97,"night":11.04,"eve":16.66,"morn":14.04},"pressure":1010,"humidity":58,"weather":[{"id":500,"main":"Rain","description":"light rain","icon":"10d"}],"speed":7.54,"deg":231,"gust":13.81,"clouds":82,"pop":1,"rain":1.92},{"dt":1720177200,"sunrise":1720150582,"sunset":1720209465,"temp":{"day":14.22,"min":9.61,"max":20.22,"night":16.18,"eve":19.8,"morn":10.43},"feels_like":{"day":13.79,"night":16.2,"eve":19.9,"morn":9.85},"pressure":1013,"humidity":80,"weather":[{"id":500,"main":"Rain","description":"light rain","icon":"10d"}],"speed":6.27,"deg":224,"gust":12.14,"clouds":85,"pop":0.2,"rain":0.25},{"dt":1720263600,"sunrise":1720237033,"sunset":1720295833,"temp":{"day":16.64,"min":12.44,"max":19.74,"night":12.44,"eve":16.37,"morn":16.72},"feels_like":{"day":16.45,"night":11.75,"eve":15.68,"morn":16.77},"pressure":1005,"humidity":80,"weather":[{"id":500,"main":"Rain","description":"light rain","icon":"10d"}],"speed":7.74,"deg":256,"gust":13.77,"clouds":100,"pop":0.2,"rain":0.29}]}
--- ENF OF RECEIVED DATA ---

