________________________________________________
|             CALL API : START                |
________________________________________________

Informations : 
Called API: meteo - 23 February 2025, 17:10
Method: GETMETEO - Timeout : 300 - Cache : 1
URL CALLED : https://api.openweathermap.org/data/2.5/forecast/daily?q=Brussels,be&units=metric&cnt=4&appid=ea18c0706135505149200c3836f29800
-------------------------
________________________________________________
|             CALL API : START                |
________________________________________________

Informations : 
Called API: meteo - 23 February 2025, 17:10
Method: GETMETEO - Timeout : 300 - Cache : 1
URL CALLED : https://api.openweathermap.org/data/2.5/forecast/daily?q=Brussels,be&units=metric&cnt=4&appid=ea18c0706135505149200c3836f29800
-------------------------
{"city":{"id":2800866,"name":"Brussels","coord":{"lon":4.3488,"lat":50.8504},"country":"BE","population":1019022,"timezone":3600},"cod":"200","message":0.1282223,"cnt":4,"list":[{"dt":1740308400,"sunrise":1740292770,"sunset":1740330765,"temp":{"day":12.02,"min":5.1,"max":13.97,"night":10.45,"eve":13.43,"morn":5.51},"feels_like":{"day":11.13,"night":9.4,"eve":12.58,"morn":2.74},"pressure":1028,"humidity":71,"weather":[{"id":800,"main":"Clear","description":"sky is clear","icon":"01d"}],"speed":7.52,"deg":198,"gust":15.8,"clouds":0,"pop":0},{"dt":1740394800,"sunrise":1740379048,"sunset":1740417270,"temp":{"day":11.75,"min":7.86,"max":11.77,"night":7.86,"eve":9.74,"morn":10.35},"feels_like":{"day":10.73,"night":5.38,"eve":6.66,"morn":9.24},"pressure":1017,"humidity":67,"weather":[{"id":500,"main":"Rain","description":"light rain","icon":"10d"}],"speed":8.75,"deg":193,"gust":17.07,"clouds":100,"pop":1,"rain":2.51},{"dt":1740481200,"sunrise":1740465325,"sunset":1740503774,"temp":{"day":9.26,"min":5.16,"max":11.12,"night":6.54,"eve":9.28,"morn":5.59},"feels_like":{"day":9.26,"night":3.53,"eve":7.36,"morn":3.47},"pressure":1014,"humidity":80,"weather":[{"id":803,"main":"Clouds","description":"broken clouds","icon":"04d"}],"speed":4.43,"deg":336,"gust":9.14,"clouds":63,"pop":0},{"dt":1740567600,"sunrise":1740551602,"sunset":1740590278,"temp":{"day":8.87,"min":4.52,"max":10.2,"night":7.47,"eve":6.99,"morn":5.35},"feels_like":{"day":6.73,"night":3.94,"eve":4.4,"morn":3.22},"pressure":1022,"humidity":62,"weather":[{"id":803,"main":"Clouds","description":"broken clouds","icon":"04d"}],"speed":6.25,"deg":195,"gust":13.03,"clouds":79,"pop":0}]}
--- ENF OF RECEIVED DATA ---

{"city":{"id":2800866,"name":"Brussels","coord":{"lon":4.3488,"lat":50.8504},"country":"BE","population":1019022,"timezone":3600},"cod":"200","message":0.1282223,"cnt":4,"list":[{"dt":1740308400,"sunrise":1740292770,"sunset":1740330765,"temp":{"day":12.02,"min":5.1,"max":13.97,"night":10.45,"eve":13.43,"morn":5.51},"feels_like":{"day":11.13,"night":9.4,"eve":12.58,"morn":2.74},"pressure":1028,"humidity":71,"weather":[{"id":800,"main":"Clear","description":"sky is clear","icon":"01d"}],"speed":7.52,"deg":198,"gust":15.8,"clouds":0,"pop":0},{"dt":1740394800,"sunrise":1740379048,"sunset":1740417270,"temp":{"day":11.75,"min":7.86,"max":11.77,"night":7.86,"eve":9.74,"morn":10.35},"feels_like":{"day":10.73,"night":5.38,"eve":6.66,"morn":9.24},"pressure":1017,"humidity":67,"weather":[{"id":500,"main":"Rain","description":"light rain","icon":"10d"}],"speed":8.75,"deg":193,"gust":17.07,"clouds":100,"pop":1,"rain":2.51},{"dt":1740481200,"sunrise":1740465325,"sunset":1740503774,"temp":{"day":9.26,"min":5.16,"max":11.12,"night":6.54,"eve":9.28,"morn":5.59},"feels_like":{"day":9.26,"night":3.53,"eve":7.36,"morn":3.47},"pressure":1014,"humidity":80,"weather":[{"id":803,"main":"Clouds","description":"broken clouds","icon":"04d"}],"speed":4.43,"deg":336,"gust":9.14,"clouds":63,"pop":0},{"dt":1740567600,"sunrise":1740551602,"sunset":1740590278,"temp":{"day":8.87,"min":4.52,"max":10.2,"night":7.47,"eve":6.99,"morn":5.35},"feels_like":{"day":6.73,"night":3.94,"eve":4.4,"morn":3.22},"pressure":1022,"humidity":62,"weather":[{"id":803,"main":"Clouds","description":"broken clouds","icon":"04d"}],"speed":6.25,"deg":195,"gust":13.03,"clouds":79,"pop":0}]}
--- ENF OF RECEIVED DATA ---

