________________________________________________
|             CALL API : START                |
________________________________________________

Informations : 
Called API: meteo - 9 December 2024, 02:10
Method: GETMETEO - Timeout : 300 - Cache : 1
URL CALLED : https://api.openweathermap.org/data/2.5/forecast/daily?q=Brussels,be&units=metric&cnt=4&appid=ea18c0706135505149200c3836f29800
-------------------------
________________________________________________
|             CALL API : START                |
________________________________________________

Informations : 
Called API: meteo - 9 December 2024, 02:10
Method: GETMETEO - Timeout : 300 - Cache : 1
URL CALLED : https://api.openweathermap.org/data/2.5/forecast/daily?q=Brussels,be&units=metric&cnt=4&appid=ea18c0706135505149200c3836f29800
-------------------------
{"city":{"id":2800866,"name":"Brussels","coord":{"lon":4.3488,"lat":50.8504},"country":"BE","population":1019022,"timezone":3600},"cod":"200","message":0.1428818,"cnt":4,"list":[{"dt":1733742000,"sunrise":1733729601,"sunset":1733758627,"temp":{"day":5.73,"min":4.15,"max":6.03,"night":4.79,"eve":5.13,"morn":5.35},"feels_like":{"day":1.57,"night":0.58,"eve":0.66,"morn":0.76},"pressure":1024,"humidity":80,"weather":[{"id":500,"main":"Rain","description":"light rain","icon":"10d"}],"speed":8.06,"deg":40,"gust":15.01,"clouds":100,"pop":1,"rain":1.05},{"dt":1733828400,"sunrise":1733816063,"sunset":1733845017,"temp":{"day":6.27,"min":3.7,"max":6.31,"night":3.7,"eve":5.84,"morn":5.71},"feels_like":{"day":2.18,"night":0.06,"eve":2.03,"morn":1.45},"pressure":1028,"humidity":73,"weather":[{"id":804,"main":"Clouds","description":"overcast clouds","icon":"04d"}],"speed":7.45,"deg":55,"gust":13.35,"clouds":100,"pop":0},{"dt":1733914800,"sunrise":1733902523,"sunset":1733931411,"temp":{"day":4.02,"min":1.32,"max":4.88,"night":1.32,"eve":2.74,"morn":4.14},"feels_like":{"day":1.04,"night":-0.83,"eve":-0.26,"morn":0.96},"pressure":1030,"humidity":80,"weather":[{"id":804,"main":"Clouds","description":"overcast clouds","icon":"04d"}],"speed":4.26,"deg":44,"gust":9.75,"clouds":91,"pop":0},{"dt":1734001200,"sunrise":1733988981,"sunset":1734017808,"temp":{"day":3.97,"min":1.05,"max":3.97,"night":1.66,"eve":2.98,"morn":1.55},"feels_like":{"day":3.97,"night":-1,"eve":0.81,"morn":1.55},"pressure":1029,"humidity":71,"weather":[{"id":804,"main":"Clouds","description":"overcast clouds","icon":"04d"}],"speed":2.44,"deg":75,"gust":3.82,"clouds":99,"pop":0}]}
--- ENF OF RECEIVED DATA ---

{"city":{"id":2800866,"name":"Brussels","coord":{"lon":4.3488,"lat":50.8504},"country":"BE","population":1019022,"timezone":3600},"cod":"200","message":0.1428818,"cnt":4,"list":[{"dt":1733742000,"sunrise":1733729601,"sunset":1733758627,"temp":{"day":5.73,"min":4.15,"max":6.03,"night":4.79,"eve":5.13,"morn":5.35},"feels_like":{"day":1.57,"night":0.58,"eve":0.66,"morn":0.76},"pressure":1024,"humidity":80,"weather":[{"id":500,"main":"Rain","description":"light rain","icon":"10d"}],"speed":8.06,"deg":40,"gust":15.01,"clouds":100,"pop":1,"rain":1.05},{"dt":1733828400,"sunrise":1733816063,"sunset":1733845017,"temp":{"day":6.27,"min":3.7,"max":6.31,"night":3.7,"eve":5.84,"morn":5.71},"feels_like":{"day":2.18,"night":0.06,"eve":2.03,"morn":1.45},"pressure":1028,"humidity":73,"weather":[{"id":804,"main":"Clouds","description":"overcast clouds","icon":"04d"}],"speed":7.45,"deg":55,"gust":13.35,"clouds":100,"pop":0},{"dt":1733914800,"sunrise":1733902523,"sunset":1733931411,"temp":{"day":4.02,"min":1.32,"max":4.88,"night":1.32,"eve":2.74,"morn":4.14},"feels_like":{"day":1.04,"night":-0.83,"eve":-0.26,"morn":0.96},"pressure":1030,"humidity":80,"weather":[{"id":804,"main":"Clouds","description":"overcast clouds","icon":"04d"}],"speed":4.26,"deg":44,"gust":9.75,"clouds":91,"pop":0},{"dt":1734001200,"sunrise":1733988981,"sunset":1734017808,"temp":{"day":3.97,"min":1.05,"max":3.97,"night":1.66,"eve":2.98,"morn":1.55},"feels_like":{"day":3.97,"night":-1,"eve":0.81,"morn":1.55},"pressure":1029,"humidity":71,"weather":[{"id":804,"main":"Clouds","description":"overcast clouds","icon":"04d"}],"speed":2.44,"deg":75,"gust":3.82,"clouds":99,"pop":0}]}
--- ENF OF RECEIVED DATA ---

