________________________________________________
|             CALL API : START                |
________________________________________________

Informations : 
Called API: meteo - 25 April 2024, 00:20
Method: GETMETEO - Timeout : 300 - Cache : 1
URL CALLED : https://api.openweathermap.org/data/2.5/forecast/daily?q=Brussels,be&units=metric&cnt=4&appid=ea18c0706135505149200c3836f29800
-------------------------
________________________________________________
|             CALL API : START                |
________________________________________________

Informations : 
Called API: meteo - 25 April 2024, 00:20
Method: GETMETEO - Timeout : 300 - Cache : 1
URL CALLED : https://api.openweathermap.org/data/2.5/forecast/daily?q=Brussels,be&units=metric&cnt=4&appid=ea18c0706135505149200c3836f29800
-------------------------
{"city":{"id":2800866,"name":"Brussels","coord":{"lon":4.3488,"lat":50.8504},"country":"BE","population":1019022,"timezone":7200},"cod":"200","message":5.7019397,"cnt":4,"list":[{"dt":1714042800,"sunrise":1714019220,"sunset":1714071222,"temp":{"day":9.57,"min":1.41,"max":10.28,"night":6.79,"eve":9.34,"morn":2.93},"feels_like":{"day":6.88,"night":3.93,"eve":6.58,"morn":-0.05},"pressure":1007,"humidity":51,"weather":[{"id":500,"main":"Rain","description":"light rain","icon":"10d"}],"speed":6.29,"deg":229,"gust":10.01,"clouds":98,"pop":0.2,"rain":0.13},{"dt":1714129200,"sunrise":1714105505,"sunset":1714157719,"temp":{"day":9.08,"min":5.34,"max":12.16,"night":8.35,"eve":11.59,"morn":5.91},"feels_like":{"day":6.8,"night":6.94,"eve":10.68,"morn":3.32},"pressure":1005,"humidity":78,"weather":[{"id":804,"main":"Clouds","description":"overcast clouds","icon":"04d"}],"speed":4.81,"deg":223,"gust":11.46,"clouds":100,"pop":0.13},{"dt":1714215600,"sunrise":1714191790,"sunset":1714244217,"temp":{"day":15.76,"min":6.68,"max":17.35,"night":14.43,"eve":15.25,"morn":6.96},"feels_like":{"day":15.06,"night":13.5,"eve":14.76,"morn":5.05},"pressure":1006,"humidity":64,"weather":[{"id":500,"main":"Rain","description":"light rain","icon":"10d"}],"speed":6.86,"deg":171,"gust":13.23,"clouds":100,"pop":1,"rain":0.89},{"dt":1714302000,"sunrise":1714278077,"sunset":1714330714,"temp":{"day":16.99,"min":11.65,"max":17.13,"night":12.64,"eve":14.28,"morn":11.65},"feels_like":{"day":16.13,"night":11.94,"eve":13.57,"morn":10.8},"pressure":1009,"humidity":53,"weather":[{"id":802,"main":"Clouds","description":"scattered clouds","icon":"03d"}],"speed":9.35,"deg":196,"gust":15.44,"clouds":42,"pop":0}]}
--- ENF OF RECEIVED DATA ---

{"city":{"id":2800866,"name":"Brussels","coord":{"lon":4.3488,"lat":50.8504},"country":"BE","population":1019022,"timezone":7200},"cod":"200","message":5.7019397,"cnt":4,"list":[{"dt":1714042800,"sunrise":1714019220,"sunset":1714071222,"temp":{"day":9.57,"min":1.41,"max":10.28,"night":6.79,"eve":9.34,"morn":2.93},"feels_like":{"day":6.88,"night":3.93,"eve":6.58,"morn":-0.05},"pressure":1007,"humidity":51,"weather":[{"id":500,"main":"Rain","description":"light rain","icon":"10d"}],"speed":6.29,"deg":229,"gust":10.01,"clouds":98,"pop":0.2,"rain":0.13},{"dt":1714129200,"sunrise":1714105505,"sunset":1714157719,"temp":{"day":9.08,"min":5.34,"max":12.16,"night":8.35,"eve":11.59,"morn":5.91},"feels_like":{"day":6.8,"night":6.94,"eve":10.68,"morn":3.32},"pressure":1005,"humidity":78,"weather":[{"id":804,"main":"Clouds","description":"overcast clouds","icon":"04d"}],"speed":4.81,"deg":223,"gust":11.46,"clouds":100,"pop":0.13},{"dt":1714215600,"sunrise":1714191790,"sunset":1714244217,"temp":{"day":15.76,"min":6.68,"max":17.35,"night":14.43,"eve":15.25,"morn":6.96},"feels_like":{"day":15.06,"night":13.5,"eve":14.76,"morn":5.05},"pressure":1006,"humidity":64,"weather":[{"id":500,"main":"Rain","description":"light rain","icon":"10d"}],"speed":6.86,"deg":171,"gust":13.23,"clouds":100,"pop":1,"rain":0.89},{"dt":1714302000,"sunrise":1714278077,"sunset":1714330714,"temp":{"day":16.99,"min":11.65,"max":17.13,"night":12.64,"eve":14.28,"morn":11.65},"feels_like":{"day":16.13,"night":11.94,"eve":13.57,"morn":10.8},"pressure":1009,"humidity":53,"weather":[{"id":802,"main":"Clouds","description":"scattered clouds","icon":"03d"}],"speed":9.35,"deg":196,"gust":15.44,"clouds":42,"pop":0}]}
--- ENF OF RECEIVED DATA ---

