________________________________________________
|             CALL API : START                |
________________________________________________

Informations : 
Called API: meteo - 15 March 2025, 16:10
Method: GETMETEO - Timeout : 300 - Cache : 1
URL CALLED : https://api.openweathermap.org/data/2.5/forecast/daily?q=Brussels,be&units=metric&cnt=4&appid=ea18c0706135505149200c3836f29800
-------------------------
________________________________________________
|             CALL API : START                |
________________________________________________

Informations : 
Called API: meteo - 15 March 2025, 16:10
Method: GETMETEO - Timeout : 300 - Cache : 1
URL CALLED : https://api.openweathermap.org/data/2.5/forecast/daily?q=Brussels,be&units=metric&cnt=4&appid=ea18c0706135505149200c3836f29800
-------------------------
{"city":{"id":2800866,"name":"Brussels","coord":{"lon":4.3488,"lat":50.8504},"country":"BE","population":1019022,"timezone":3600},"cod":"200","message":0.8752862,"cnt":4,"list":[{"dt":1742036400,"sunrise":1742018189,"sunset":1742060799,"temp":{"day":6.66,"min":-0.5,"max":7.53,"night":2.97,"eve":7.1,"morn":-0.5},"feels_like":{"day":3.11,"night":-1.08,"eve":3.38,"morn":-4.83},"pressure":1019,"humidity":54,"weather":[{"id":802,"main":"Clouds","description":"scattered clouds","icon":"03d"}],"speed":6.66,"deg":45,"gust":11.91,"clouds":28,"pop":0},{"dt":1742122800,"sunrise":1742104454,"sunset":1742147298,"temp":{"day":7.38,"min":0.06,"max":9.26,"night":3.87,"eve":7.73,"morn":0.4},"feels_like":{"day":4.09,"night":1.51,"eve":5.45,"morn":-3.87},"pressure":1023,"humidity":54,"weather":[{"id":800,"main":"Clear","description":"sky is clear","icon":"01d"}],"speed":5.54,"deg":46,"gust":11.15,"clouds":8,"pop":0},{"dt":1742209200,"sunrise":1742190720,"sunset":1742233796,"temp":{"day":7.23,"min":2.14,"max":10.17,"night":3.35,"eve":8.89,"morn":2.64},"feels_like":{"day":4.4,"night":0.24,"eve":6.19,"morn":-0.21},"pressure":1027,"humidity":70,"weather":[{"id":802,"main":"Clouds","description":"scattered clouds","icon":"03d"}],"speed":5.03,"deg":82,"gust":9.81,"clouds":39,"pop":0},{"dt":1742295600,"sunrise":1742276985,"sunset":1742320295,"temp":{"day":9.01,"min":0.02,"max":12.62,"night":4.82,"eve":7.98,"morn":0.06},"feels_like":{"day":6.14,"night":1.82,"eve":5.5,"morn":-3.9},"pressure":1025,"humidity":35,"weather":[{"id":800,"main":"Clear","description":"sky is clear","icon":"01d"}],"speed":5.84,"deg":96,"gust":9.69,"clouds":0,"pop":0}]}
--- ENF OF RECEIVED DATA ---

{"city":{"id":2800866,"name":"Brussels","coord":{"lon":4.3488,"lat":50.8504},"country":"BE","population":1019022,"timezone":3600},"cod":"200","message":0.8752862,"cnt":4,"list":[{"dt":1742036400,"sunrise":1742018189,"sunset":1742060799,"temp":{"day":6.66,"min":-0.5,"max":7.53,"night":2.97,"eve":7.1,"morn":-0.5},"feels_like":{"day":3.11,"night":-1.08,"eve":3.38,"morn":-4.83},"pressure":1019,"humidity":54,"weather":[{"id":802,"main":"Clouds","description":"scattered clouds","icon":"03d"}],"speed":6.66,"deg":45,"gust":11.91,"clouds":28,"pop":0},{"dt":1742122800,"sunrise":1742104454,"sunset":1742147298,"temp":{"day":7.38,"min":0.06,"max":9.26,"night":3.87,"eve":7.73,"morn":0.4},"feels_like":{"day":4.09,"night":1.51,"eve":5.45,"morn":-3.87},"pressure":1023,"humidity":54,"weather":[{"id":800,"main":"Clear","description":"sky is clear","icon":"01d"}],"speed":5.54,"deg":46,"gust":11.15,"clouds":8,"pop":0},{"dt":1742209200,"sunrise":1742190720,"sunset":1742233796,"temp":{"day":7.23,"min":2.14,"max":10.17,"night":3.35,"eve":8.89,"morn":2.64},"feels_like":{"day":4.4,"night":0.24,"eve":6.19,"morn":-0.21},"pressure":1027,"humidity":70,"weather":[{"id":802,"main":"Clouds","description":"scattered clouds","icon":"03d"}],"speed":5.03,"deg":82,"gust":9.81,"clouds":39,"pop":0},{"dt":1742295600,"sunrise":1742276985,"sunset":1742320295,"temp":{"day":9.01,"min":0.02,"max":12.62,"night":4.82,"eve":7.98,"morn":0.06},"feels_like":{"day":6.14,"night":1.82,"eve":5.5,"morn":-3.9},"pressure":1025,"humidity":35,"weather":[{"id":800,"main":"Clear","description":"sky is clear","icon":"01d"}],"speed":5.84,"deg":96,"gust":9.69,"clouds":0,"pop":0}]}
--- ENF OF RECEIVED DATA ---

