________________________________________________
|             CALL API : START                |
________________________________________________

Informations : 
Called API: meteo - 24 October 2024, 18:20
Method: GETMETEO - Timeout : 300 - Cache : 1
URL CALLED : https://api.openweathermap.org/data/2.5/forecast/daily?q=Brussels,be&units=metric&cnt=4&appid=ea18c0706135505149200c3836f29800
-------------------------
________________________________________________
|             CALL API : START                |
________________________________________________

Informations : 
Called API: meteo - 24 October 2024, 18:20
Method: GETMETEO - Timeout : 300 - Cache : 1
URL CALLED : https://api.openweathermap.org/data/2.5/forecast/daily?q=Brussels,be&units=metric&cnt=4&appid=ea18c0706135505149200c3836f29800
-------------------------
{"city":{"id":2800866,"name":"Brussels","coord":{"lon":4.3488,"lat":50.8504},"country":"BE","population":1019022,"timezone":7200},"cod":"200","message":5.435054,"cnt":4,"list":[{"dt":1729767600,"sunrise":1729750863,"sunset":1729787531,"temp":{"day":15.15,"min":7.49,"max":15.81,"night":12.04,"eve":14.22,"morn":7.68},"feels_like":{"day":14.39,"night":11.65,"eve":13.84,"morn":5.89},"pressure":1023,"humidity":64,"weather":[{"id":800,"main":"Clear","description":"sky is clear","icon":"01d"}],"speed":3.74,"deg":158,"gust":7.69,"clouds":0,"pop":0},{"dt":1729854000,"sunrise":1729837366,"sunset":1729873815,"temp":{"day":18.2,"min":11.57,"max":19.61,"night":14,"eve":15.59,"morn":11.68},"feels_like":{"day":17.96,"night":13.81,"eve":15.45,"morn":11.33},"pressure":1017,"humidity":72,"weather":[{"id":500,"main":"Rain","description":"light rain","icon":"10d"}],"speed":4.55,"deg":185,"gust":10.3,"clouds":34,"pop":1,"rain":1.15},{"dt":1729940400,"sunrise":1729923869,"sunset":1729960101,"temp":{"day":18.39,"min":13.03,"max":19.98,"night":14.56,"eve":16.11,"morn":13.35},"feels_like":{"day":18.03,"night":14.34,"eve":15.87,"morn":13.12},"pressure":1016,"humidity":67,"weather":[{"id":500,"main":"Rain","description":"light rain","icon":"10d"}],"speed":2.95,"deg":112,"gust":6.25,"clouds":99,"pop":0.2,"rain":0.13},{"dt":1730026800,"sunrise":1730010372,"sunset":1730046388,"temp":{"day":15.53,"min":12.81,"max":16.06,"night":13.99,"eve":14.82,"morn":12.97},"feels_like":{"day":15.38,"night":13.66,"eve":14.45,"morn":12.78},"pressure":1023,"humidity":86,"weather":[{"id":804,"main":"Clouds","description":"overcast clouds","icon":"04d"}],"speed":3.33,"deg":360,"gust":4.52,"clouds":94,"pop":0}]}
--- ENF OF RECEIVED DATA ---

{"city":{"id":2800866,"name":"Brussels","coord":{"lon":4.3488,"lat":50.8504},"country":"BE","population":1019022,"timezone":7200},"cod":"200","message":5.435054,"cnt":4,"list":[{"dt":1729767600,"sunrise":1729750863,"sunset":1729787531,"temp":{"day":15.15,"min":7.49,"max":15.81,"night":12.04,"eve":14.22,"morn":7.68},"feels_like":{"day":14.39,"night":11.65,"eve":13.84,"morn":5.89},"pressure":1023,"humidity":64,"weather":[{"id":800,"main":"Clear","description":"sky is clear","icon":"01d"}],"speed":3.74,"deg":158,"gust":7.69,"clouds":0,"pop":0},{"dt":1729854000,"sunrise":1729837366,"sunset":1729873815,"temp":{"day":18.2,"min":11.57,"max":19.61,"night":14,"eve":15.59,"morn":11.68},"feels_like":{"day":17.96,"night":13.81,"eve":15.45,"morn":11.33},"pressure":1017,"humidity":72,"weather":[{"id":500,"main":"Rain","description":"light rain","icon":"10d"}],"speed":4.55,"deg":185,"gust":10.3,"clouds":34,"pop":1,"rain":1.15},{"dt":1729940400,"sunrise":1729923869,"sunset":1729960101,"temp":{"day":18.39,"min":13.03,"max":19.98,"night":14.56,"eve":16.11,"morn":13.35},"feels_like":{"day":18.03,"night":14.34,"eve":15.87,"morn":13.12},"pressure":1016,"humidity":67,"weather":[{"id":500,"main":"Rain","description":"light rain","icon":"10d"}],"speed":2.95,"deg":112,"gust":6.25,"clouds":99,"pop":0.2,"rain":0.13},{"dt":1730026800,"sunrise":1730010372,"sunset":1730046388,"temp":{"day":15.53,"min":12.81,"max":16.06,"night":13.99,"eve":14.82,"morn":12.97},"feels_like":{"day":15.38,"night":13.66,"eve":14.45,"morn":12.78},"pressure":1023,"humidity":86,"weather":[{"id":804,"main":"Clouds","description":"overcast clouds","icon":"04d"}],"speed":3.33,"deg":360,"gust":4.52,"clouds":94,"pop":0}]}
--- ENF OF RECEIVED DATA ---

