________________________________________________
|             CALL API : START                |
________________________________________________

Informations : 
Called API: meteo - 20 June 2023, 12:40
Method: GETMETEO - Timeout : 300 - Cache : 1
URL CALLED : https://api.openweathermap.org/data/2.5/forecast/daily?q=Brussels,be&units=metric&cnt=4&appid=ea18c0706135505149200c3836f29800
-------------------------
________________________________________________
|             CALL API : START                |
________________________________________________

Informations : 
Called API: meteo - 20 June 2023, 12:40
Method: GETMETEO - Timeout : 300 - Cache : 1
URL CALLED : https://api.openweathermap.org/data/2.5/forecast/daily?q=Brussels,be&units=metric&cnt=4&appid=ea18c0706135505149200c3836f29800
-------------------------
{"city":{"id":2800866,"name":"Brussels","coord":{"lon":4.3488,"lat":50.8504},"country":"BE","population":1019022,"timezone":7200},"cod":"200","message":0.053825,"cnt":4,"list":[{"dt":1687258800,"sunrise":1687231714,"sunset":1687291174,"temp":{"day":28.14,"min":17.63,"max":28.14,"night":18.72,"eve":22.51,"morn":18.3},"feels_like":{"day":29.32,"night":19.1,"eve":22.77,"morn":18.61},"pressure":1010,"humidity":57,"weather":[{"id":500,"main":"Rain","description":"light rain","icon":"10d"}],"speed":6.61,"deg":235,"gust":9.57,"clouds":20,"pop":0.76,"rain":2.27},{"dt":1687345200,"sunrise":1687318123,"sunset":1687377589,"temp":{"day":24.78,"min":16.41,"max":27.3,"night":18.76,"eve":26.29,"morn":17.21},"feels_like":{"day":24.65,"night":18.18,"eve":26.29,"morn":17.34},"pressure":1018,"humidity":51,"weather":[{"id":804,"main":"Clouds","description":"overcast clouds","icon":"04d"}],"speed":4.44,"deg":356,"gust":7.69,"clouds":97,"pop":0.71},{"dt":1687431600,"sunrise":1687404536,"sunset":1687464001,"temp":{"day":18.73,"min":15.6,"max":20.52,"night":15.6,"eve":16.37,"morn":17.37},"feels_like":{"day":19.14,"night":15.72,"eve":16.54,"morn":16.96},"pressure":1015,"humidity":95,"weather":[{"id":502,"main":"Rain","description":"heavy intensity rain","icon":"10d"}],"speed":10.33,"deg":339,"gust":17.89,"clouds":100,"pop":1,"rain":41.97},{"dt":1687518000,"sunrise":1687490951,"sunset":1687550411,"temp":{"day":23.83,"min":12.59,"max":24.19,"night":17.52,"eve":21.47,"morn":15.8},"feels_like":{"day":23.65,"night":17.57,"eve":21.6,"morn":15.66},"pressure":1024,"humidity":53,"weather":[{"id":500,"main":"Rain","description":"light rain","icon":"10d"}],"speed":4.46,"deg":305,"gust":8.95,"clouds":46,"pop":0.61,"rain":0.62}]}
--- ENF OF RECEIVED DATA ---

{"city":{"id":2800866,"name":"Brussels","coord":{"lon":4.3488,"lat":50.8504},"country":"BE","population":1019022,"timezone":7200},"cod":"200","message":0.053825,"cnt":4,"list":[{"dt":1687258800,"sunrise":1687231714,"sunset":1687291174,"temp":{"day":28.14,"min":17.63,"max":28.14,"night":18.72,"eve":22.51,"morn":18.3},"feels_like":{"day":29.32,"night":19.1,"eve":22.77,"morn":18.61},"pressure":1010,"humidity":57,"weather":[{"id":500,"main":"Rain","description":"light rain","icon":"10d"}],"speed":6.61,"deg":235,"gust":9.57,"clouds":20,"pop":0.76,"rain":2.27},{"dt":1687345200,"sunrise":1687318123,"sunset":1687377589,"temp":{"day":24.78,"min":16.41,"max":27.3,"night":18.76,"eve":26.29,"morn":17.21},"feels_like":{"day":24.65,"night":18.18,"eve":26.29,"morn":17.34},"pressure":1018,"humidity":51,"weather":[{"id":804,"main":"Clouds","description":"overcast clouds","icon":"04d"}],"speed":4.44,"deg":356,"gust":7.69,"clouds":97,"pop":0.71},{"dt":1687431600,"sunrise":1687404536,"sunset":1687464001,"temp":{"day":18.73,"min":15.6,"max":20.52,"night":15.6,"eve":16.37,"morn":17.37},"feels_like":{"day":19.14,"night":15.72,"eve":16.54,"morn":16.96},"pressure":1015,"humidity":95,"weather":[{"id":502,"main":"Rain","description":"heavy intensity rain","icon":"10d"}],"speed":10.33,"deg":339,"gust":17.89,"clouds":100,"pop":1,"rain":41.97},{"dt":1687518000,"sunrise":1687490951,"sunset":1687550411,"temp":{"day":23.83,"min":12.59,"max":24.19,"night":17.52,"eve":21.47,"morn":15.8},"feels_like":{"day":23.65,"night":17.57,"eve":21.6,"morn":15.66},"pressure":1024,"humidity":53,"weather":[{"id":500,"main":"Rain","description":"light rain","icon":"10d"}],"speed":4.46,"deg":305,"gust":8.95,"clouds":46,"pop":0.61,"rain":0.62}]}
--- ENF OF RECEIVED DATA ---

