________________________________________________
|             CALL API : START                |
________________________________________________

Informations : 
Called API: meteo - 22 June 2023, 17:00
Method: GETMETEO - Timeout : 300 - Cache : 1
URL CALLED : https://api.openweathermap.org/data/2.5/forecast/daily?q=Brussels,be&units=metric&cnt=4&appid=ea18c0706135505149200c3836f29800
-------------------------
________________________________________________
|             CALL API : START                |
________________________________________________

Informations : 
Called API: meteo - 22 June 2023, 17:00
Method: GETMETEO - Timeout : 300 - Cache : 1
URL CALLED : https://api.openweathermap.org/data/2.5/forecast/daily?q=Brussels,be&units=metric&cnt=4&appid=ea18c0706135505149200c3836f29800
-------------------------
{"city":{"id":2800866,"name":"Brussels","coord":{"lon":4.3488,"lat":50.8504},"country":"BE","population":1019022,"timezone":7200},"cod":"200","message":1.8167147,"cnt":4,"list":[{"dt":1687431600,"sunrise":1687404536,"sunset":1687464001,"temp":{"day":19.42,"min":16.5,"max":23.64,"night":16.5,"eve":17.49,"morn":17.81},"feels_like":{"day":19.74,"night":16.63,"eve":17.75,"morn":17.58},"pressure":1015,"humidity":89,"weather":[{"id":501,"main":"Rain","description":"moderate rain","icon":"10d"}],"speed":6.09,"deg":360,"gust":11.35,"clouds":95,"pop":0.99,"rain":21.74},{"dt":1687518000,"sunrise":1687490951,"sunset":1687550411,"temp":{"day":23.58,"min":13.16,"max":25.11,"night":17.8,"eve":24.04,"morn":14.61},"feels_like":{"day":23.35,"night":17.8,"eve":23.94,"morn":14.48},"pressure":1024,"humidity":52,"weather":[{"id":500,"main":"Rain","description":"light rain","icon":"10d"}],"speed":3.58,"deg":267,"gust":5.95,"clouds":34,"pop":0.31,"rain":0.21},{"dt":1687604400,"sunrise":1687577369,"sunset":1687636817,"temp":{"day":25.46,"min":14.33,"max":27.05,"night":20.36,"eve":26.64,"morn":15.73},"feels_like":{"day":25.34,"night":20.17,"eve":26.64,"morn":15.5},"pressure":1024,"humidity":49,"weather":[{"id":800,"main":"Clear","description":"sky is clear","icon":"01d"}],"speed":1.88,"deg":75,"gust":2.89,"clouds":0,"pop":0},{"dt":1687690800,"sunrise":1687663790,"sunset":1687723220,"temp":{"day":29,"min":17.42,"max":29.82,"night":22.5,"eve":27.34,"morn":18.63},"feels_like":{"day":28.61,"night":22.53,"eve":27.96,"morn":18.48},"pressure":1017,"humidity":40,"weather":[{"id":800,"main":"Clear","description":"sky is clear","icon":"01d"}],"speed":3.42,"deg":238,"gust":5.39,"clouds":0,"pop":0}]}
--- ENF OF RECEIVED DATA ---

{"city":{"id":2800866,"name":"Brussels","coord":{"lon":4.3488,"lat":50.8504},"country":"BE","population":1019022,"timezone":7200},"cod":"200","message":1.8167147,"cnt":4,"list":[{"dt":1687431600,"sunrise":1687404536,"sunset":1687464001,"temp":{"day":19.42,"min":16.5,"max":23.64,"night":16.5,"eve":17.49,"morn":17.81},"feels_like":{"day":19.74,"night":16.63,"eve":17.75,"morn":17.58},"pressure":1015,"humidity":89,"weather":[{"id":501,"main":"Rain","description":"moderate rain","icon":"10d"}],"speed":6.09,"deg":360,"gust":11.35,"clouds":95,"pop":0.99,"rain":21.74},{"dt":1687518000,"sunrise":1687490951,"sunset":1687550411,"temp":{"day":23.58,"min":13.16,"max":25.11,"night":17.8,"eve":24.04,"morn":14.61},"feels_like":{"day":23.35,"night":17.8,"eve":23.94,"morn":14.48},"pressure":1024,"humidity":52,"weather":[{"id":500,"main":"Rain","description":"light rain","icon":"10d"}],"speed":3.58,"deg":267,"gust":5.95,"clouds":34,"pop":0.31,"rain":0.21},{"dt":1687604400,"sunrise":1687577369,"sunset":1687636817,"temp":{"day":25.46,"min":14.33,"max":27.05,"night":20.36,"eve":26.64,"morn":15.73},"feels_like":{"day":25.34,"night":20.17,"eve":26.64,"morn":15.5},"pressure":1024,"humidity":49,"weather":[{"id":800,"main":"Clear","description":"sky is clear","icon":"01d"}],"speed":1.88,"deg":75,"gust":2.89,"clouds":0,"pop":0},{"dt":1687690800,"sunrise":1687663790,"sunset":1687723220,"temp":{"day":29,"min":17.42,"max":29.82,"night":22.5,"eve":27.34,"morn":18.63},"feels_like":{"day":28.61,"night":22.53,"eve":27.96,"morn":18.48},"pressure":1017,"humidity":40,"weather":[{"id":800,"main":"Clear","description":"sky is clear","icon":"01d"}],"speed":3.42,"deg":238,"gust":5.39,"clouds":0,"pop":0}]}
--- ENF OF RECEIVED DATA ---

