________________________________________________
|             CALL API : START                |
________________________________________________

Informations : 
Called API: meteo - 19 October 2024, 03:40
Method: GETMETEO - Timeout : 300 - Cache : 1
URL CALLED : https://api.openweathermap.org/data/2.5/forecast/daily?q=Brussels,be&units=metric&cnt=4&appid=ea18c0706135505149200c3836f29800
-------------------------
________________________________________________
|             CALL API : START                |
________________________________________________

Informations : 
Called API: meteo - 19 October 2024, 03:40
Method: GETMETEO - Timeout : 300 - Cache : 1
URL CALLED : https://api.openweathermap.org/data/2.5/forecast/daily?q=Brussels,be&units=metric&cnt=4&appid=ea18c0706135505149200c3836f29800
-------------------------
{"city":{"id":2800866,"name":"Brussels","coord":{"lon":4.3488,"lat":50.8504},"country":"BE","population":1019022,"timezone":7200},"cod":"200","message":0.0459874,"cnt":4,"list":[{"dt":1729335600,"sunrise":1729318355,"sunset":1729356127,"temp":{"day":16.01,"min":11.95,"max":16.01,"night":11.95,"eve":14.02,"morn":13.64},"feels_like":{"day":15.39,"night":11.66,"eve":13.64,"morn":13.36},"pressure":1015,"humidity":66,"weather":[{"id":804,"main":"Clouds","description":"overcast clouds","icon":"04d"}],"speed":6.71,"deg":205,"gust":11.3,"clouds":95,"pop":0.02},{"dt":1729422000,"sunrise":1729404856,"sunset":1729442405,"temp":{"day":16.11,"min":11.32,"max":17.58,"night":17.09,"eve":16.62,"morn":11.65},"feels_like":{"day":15.81,"night":16.84,"eve":16.19,"morn":11.25},"pressure":1019,"humidity":78,"weather":[{"id":804,"main":"Clouds","description":"overcast clouds","icon":"04d"}],"speed":8.49,"deg":196,"gust":16.27,"clouds":100,"pop":0},{"dt":1729508400,"sunrise":1729491357,"sunset":1729528685,"temp":{"day":16.25,"min":14.92,"max":18.19,"night":17.13,"eve":17.85,"morn":15.32},"feels_like":{"day":16.2,"night":16.67,"eve":17.83,"morn":15.31},"pressure":1022,"humidity":87,"weather":[{"id":500,"main":"Rain","description":"light rain","icon":"10d"}],"speed":7.44,"deg":214,"gust":15.36,"clouds":100,"pop":0.82,"rain":0.59},{"dt":1729594800,"sunrise":1729577859,"sunset":1729614966,"temp":{"day":14.96,"min":9.33,"max":16.33,"night":10.63,"eve":11.77,"morn":9.33},"feels_like":{"day":14.1,"night":9.68,"eve":10.8,"morn":8.13},"pressure":1030,"humidity":61,"weather":[{"id":800,"main":"Clear","description":"sky is clear","icon":"01d"}],"speed":7.27,"deg":235,"gust":13.15,"clouds":1,"pop":0}]}
--- ENF OF RECEIVED DATA ---

{"city":{"id":2800866,"name":"Brussels","coord":{"lon":4.3488,"lat":50.8504},"country":"BE","population":1019022,"timezone":7200},"cod":"200","message":0.0459874,"cnt":4,"list":[{"dt":1729335600,"sunrise":1729318355,"sunset":1729356127,"temp":{"day":16.01,"min":11.95,"max":16.01,"night":11.95,"eve":14.02,"morn":13.64},"feels_like":{"day":15.39,"night":11.66,"eve":13.64,"morn":13.36},"pressure":1015,"humidity":66,"weather":[{"id":804,"main":"Clouds","description":"overcast clouds","icon":"04d"}],"speed":6.71,"deg":205,"gust":11.3,"clouds":95,"pop":0.02},{"dt":1729422000,"sunrise":1729404856,"sunset":1729442405,"temp":{"day":16.11,"min":11.32,"max":17.58,"night":17.09,"eve":16.62,"morn":11.65},"feels_like":{"day":15.81,"night":16.84,"eve":16.19,"morn":11.25},"pressure":1019,"humidity":78,"weather":[{"id":804,"main":"Clouds","description":"overcast clouds","icon":"04d"}],"speed":8.49,"deg":196,"gust":16.27,"clouds":100,"pop":0},{"dt":1729508400,"sunrise":1729491357,"sunset":1729528685,"temp":{"day":16.25,"min":14.92,"max":18.19,"night":17.13,"eve":17.85,"morn":15.32},"feels_like":{"day":16.2,"night":16.67,"eve":17.83,"morn":15.31},"pressure":1022,"humidity":87,"weather":[{"id":500,"main":"Rain","description":"light rain","icon":"10d"}],"speed":7.44,"deg":214,"gust":15.36,"clouds":100,"pop":0.82,"rain":0.59},{"dt":1729594800,"sunrise":1729577859,"sunset":1729614966,"temp":{"day":14.96,"min":9.33,"max":16.33,"night":10.63,"eve":11.77,"morn":9.33},"feels_like":{"day":14.1,"night":9.68,"eve":10.8,"morn":8.13},"pressure":1030,"humidity":61,"weather":[{"id":800,"main":"Clear","description":"sky is clear","icon":"01d"}],"speed":7.27,"deg":235,"gust":13.15,"clouds":1,"pop":0}]}
--- ENF OF RECEIVED DATA ---

