________________________________________________
|             CALL API : START                |
________________________________________________

Informations : 
Called API: meteo - 23 September 2023, 17:10
Method: GETMETEO - Timeout : 300 - Cache : 1
URL CALLED : https://api.openweathermap.org/data/2.5/forecast/daily?q=Brussels,be&units=metric&cnt=4&appid=ea18c0706135505149200c3836f29800
-------------------------
________________________________________________
|             CALL API : START                |
________________________________________________

Informations : 
Called API: meteo - 23 September 2023, 17:10
Method: GETMETEO - Timeout : 300 - Cache : 1
URL CALLED : https://api.openweathermap.org/data/2.5/forecast/daily?q=Brussels,be&units=metric&cnt=4&appid=ea18c0706135505149200c3836f29800
-------------------------
{"city":{"id":2800866,"name":"Brussels","coord":{"lon":4.3488,"lat":50.8504},"country":"BE","population":1019022,"timezone":7200},"cod":"200","message":7.9810101,"cnt":4,"list":[{"dt":1695466800,"sunrise":1695446978,"sunset":1695490841,"temp":{"day":16.86,"min":9.56,"max":17.58,"night":11.25,"eve":16.66,"morn":9.61},"feels_like":{"day":16.19,"night":10.57,"eve":16.1,"morn":7.18},"pressure":1016,"humidity":61,"weather":[{"id":801,"main":"Clouds","description":"few clouds","icon":"02d"}],"speed":5.93,"deg":248,"gust":11.14,"clouds":19,"pop":0.11},{"dt":1695553200,"sunrise":1695533471,"sunset":1695577104,"temp":{"day":18.68,"min":9.3,"max":19.81,"night":13.33,"eve":16.66,"morn":9.3},"feels_like":{"day":17.91,"night":12.49,"eve":16,"morn":7.66},"pressure":1024,"humidity":50,"weather":[{"id":802,"main":"Clouds","description":"scattered clouds","icon":"03d"}],"speed":5.24,"deg":189,"gust":9.34,"clouds":49,"pop":0},{"dt":1695639600,"sunrise":1695619964,"sunset":1695663368,"temp":{"day":19.71,"min":11.96,"max":21.64,"night":15.25,"eve":18.54,"morn":11.96},"feels_like":{"day":19.04,"night":14.63,"eve":18.04,"morn":10.96},"pressure":1021,"humidity":50,"weather":[{"id":804,"main":"Clouds","description":"overcast clouds","icon":"04d"}],"speed":4.64,"deg":206,"gust":11.59,"clouds":100,"pop":0},{"dt":1695726000,"sunrise":1695706457,"sunset":1695749631,"temp":{"day":21.88,"min":14.06,"max":22.24,"night":16.02,"eve":18.13,"morn":14.06},"feels_like":{"day":21.38,"night":15.71,"eve":17.75,"morn":13.27},"pressure":1016,"humidity":48,"weather":[{"id":804,"main":"Clouds","description":"overcast clouds","icon":"04d"}],"speed":4.71,"deg":200,"gust":8.12,"clouds":100,"pop":0}]}
--- ENF OF RECEIVED DATA ---

{"city":{"id":2800866,"name":"Brussels","coord":{"lon":4.3488,"lat":50.8504},"country":"BE","population":1019022,"timezone":7200},"cod":"200","message":7.9810101,"cnt":4,"list":[{"dt":1695466800,"sunrise":1695446978,"sunset":1695490841,"temp":{"day":16.86,"min":9.56,"max":17.58,"night":11.25,"eve":16.66,"morn":9.61},"feels_like":{"day":16.19,"night":10.57,"eve":16.1,"morn":7.18},"pressure":1016,"humidity":61,"weather":[{"id":801,"main":"Clouds","description":"few clouds","icon":"02d"}],"speed":5.93,"deg":248,"gust":11.14,"clouds":19,"pop":0.11},{"dt":1695553200,"sunrise":1695533471,"sunset":1695577104,"temp":{"day":18.68,"min":9.3,"max":19.81,"night":13.33,"eve":16.66,"morn":9.3},"feels_like":{"day":17.91,"night":12.49,"eve":16,"morn":7.66},"pressure":1024,"humidity":50,"weather":[{"id":802,"main":"Clouds","description":"scattered clouds","icon":"03d"}],"speed":5.24,"deg":189,"gust":9.34,"clouds":49,"pop":0},{"dt":1695639600,"sunrise":1695619964,"sunset":1695663368,"temp":{"day":19.71,"min":11.96,"max":21.64,"night":15.25,"eve":18.54,"morn":11.96},"feels_like":{"day":19.04,"night":14.63,"eve":18.04,"morn":10.96},"pressure":1021,"humidity":50,"weather":[{"id":804,"main":"Clouds","description":"overcast clouds","icon":"04d"}],"speed":4.64,"deg":206,"gust":11.59,"clouds":100,"pop":0},{"dt":1695726000,"sunrise":1695706457,"sunset":1695749631,"temp":{"day":21.88,"min":14.06,"max":22.24,"night":16.02,"eve":18.13,"morn":14.06},"feels_like":{"day":21.38,"night":15.71,"eve":17.75,"morn":13.27},"pressure":1016,"humidity":48,"weather":[{"id":804,"main":"Clouds","description":"overcast clouds","icon":"04d"}],"speed":4.71,"deg":200,"gust":8.12,"clouds":100,"pop":0}]}
--- ENF OF RECEIVED DATA ---

