________________________________________________
|             CALL API : START                |
________________________________________________

Informations : 
Called API: meteo - 8 August 2023, 03:30
Method: GETMETEO - Timeout : 300 - Cache : 1
URL CALLED : https://api.openweathermap.org/data/2.5/forecast/daily?q=Brussels,be&units=metric&cnt=4&appid=ea18c0706135505149200c3836f29800
-------------------------
________________________________________________
|             CALL API : START                |
________________________________________________

Informations : 
Called API: meteo - 8 August 2023, 03:30
Method: GETMETEO - Timeout : 300 - Cache : 1
URL CALLED : https://api.openweathermap.org/data/2.5/forecast/daily?q=Brussels,be&units=metric&cnt=4&appid=ea18c0706135505149200c3836f29800
-------------------------
{"city":{"id":2800866,"name":"Brussels","coord":{"lon":4.3488,"lat":50.8504},"country":"BE","population":1019022,"timezone":7200},"cod":"200","message":150.7277795,"cnt":4,"list":[{"dt":1691492400,"sunrise":1691468318,"sunset":1691522282,"temp":{"day":18.85,"min":12.07,"max":19,"night":14.36,"eve":17.23,"morn":12.07},"feels_like":{"day":18.28,"night":14.28,"eve":16.86,"morn":11.79},"pressure":1016,"humidity":57,"weather":[{"id":500,"main":"Rain","description":"light rain","icon":"10d"}],"speed":6.72,"deg":258,"gust":11.47,"clouds":91,"pop":0.97,"rain":1.22},{"dt":1691578800,"sunrise":1691554809,"sunset":1691608576,"temp":{"day":21,"min":14.1,"max":22.22,"night":14.1,"eve":20.23,"morn":14.82},"feels_like":{"day":20.62,"night":13.39,"eve":19.64,"morn":14.89},"pressure":1018,"humidity":56,"weather":[{"id":500,"main":"Rain","description":"light rain","icon":"10d"}],"speed":4.68,"deg":308,"gust":10.67,"clouds":96,"pop":0.87,"rain":0.35},{"dt":1691665200,"sunrise":1691641301,"sunset":1691694869,"temp":{"day":22.63,"min":12.06,"max":24.83,"night":18.28,"eve":24.19,"morn":12.46},"feels_like":{"day":22.1,"night":17.94,"eve":24.02,"morn":11.69},"pressure":1022,"humidity":44,"weather":[{"id":800,"main":"Clear","description":"sky is clear","icon":"01d"}],"speed":3.46,"deg":105,"gust":7.31,"clouds":0,"pop":0},{"dt":1691751600,"sunrise":1691727793,"sunset":1691781160,"temp":{"day":27.89,"min":16.31,"max":27.89,"night":19.67,"eve":23.05,"morn":18.03},"feels_like":{"day":28.16,"night":20.02,"eve":23.32,"morn":17.77},"pressure":1017,"humidity":48,"weather":[{"id":500,"main":"Rain","description":"light rain","icon":"10d"}],"speed":3.38,"deg":211,"gust":5.82,"clouds":40,"pop":0.7,"rain":0.52}]}
--- ENF OF RECEIVED DATA ---

{"city":{"id":2800866,"name":"Brussels","coord":{"lon":4.3488,"lat":50.8504},"country":"BE","population":1019022,"timezone":7200},"cod":"200","message":150.7277795,"cnt":4,"list":[{"dt":1691492400,"sunrise":1691468318,"sunset":1691522282,"temp":{"day":18.85,"min":12.07,"max":19,"night":14.36,"eve":17.23,"morn":12.07},"feels_like":{"day":18.28,"night":14.28,"eve":16.86,"morn":11.79},"pressure":1016,"humidity":57,"weather":[{"id":500,"main":"Rain","description":"light rain","icon":"10d"}],"speed":6.72,"deg":258,"gust":11.47,"clouds":91,"pop":0.97,"rain":1.22},{"dt":1691578800,"sunrise":1691554809,"sunset":1691608576,"temp":{"day":21,"min":14.1,"max":22.22,"night":14.1,"eve":20.23,"morn":14.82},"feels_like":{"day":20.62,"night":13.39,"eve":19.64,"morn":14.89},"pressure":1018,"humidity":56,"weather":[{"id":500,"main":"Rain","description":"light rain","icon":"10d"}],"speed":4.68,"deg":308,"gust":10.67,"clouds":96,"pop":0.87,"rain":0.35},{"dt":1691665200,"sunrise":1691641301,"sunset":1691694869,"temp":{"day":22.63,"min":12.06,"max":24.83,"night":18.28,"eve":24.19,"morn":12.46},"feels_like":{"day":22.1,"night":17.94,"eve":24.02,"morn":11.69},"pressure":1022,"humidity":44,"weather":[{"id":800,"main":"Clear","description":"sky is clear","icon":"01d"}],"speed":3.46,"deg":105,"gust":7.31,"clouds":0,"pop":0},{"dt":1691751600,"sunrise":1691727793,"sunset":1691781160,"temp":{"day":27.89,"min":16.31,"max":27.89,"night":19.67,"eve":23.05,"morn":18.03},"feels_like":{"day":28.16,"night":20.02,"eve":23.32,"morn":17.77},"pressure":1017,"humidity":48,"weather":[{"id":500,"main":"Rain","description":"light rain","icon":"10d"}],"speed":3.38,"deg":211,"gust":5.82,"clouds":40,"pop":0.7,"rain":0.52}]}
--- ENF OF RECEIVED DATA ---

