________________________________________________
|             CALL API : START                |
________________________________________________

Informations : 
Called API: meteo - 25 January 2024, 04:00
Method: GETMETEO - Timeout : 300 - Cache : 1
URL CALLED : https://api.openweathermap.org/data/2.5/forecast/daily?q=Brussels,be&units=metric&cnt=4&appid=ea18c0706135505149200c3836f29800
-------------------------
________________________________________________
|             CALL API : START                |
________________________________________________

Informations : 
Called API: meteo - 25 January 2024, 04:00
Method: GETMETEO - Timeout : 300 - Cache : 1
URL CALLED : https://api.openweathermap.org/data/2.5/forecast/daily?q=Brussels,be&units=metric&cnt=4&appid=ea18c0706135505149200c3836f29800
-------------------------
{"city":{"id":2800866,"name":"Brussels","coord":{"lon":4.3488,"lat":50.8504},"country":"BE","population":1019022,"timezone":3600},"cod":"200","message":3.5257319,"cnt":4,"list":[{"dt":1706180400,"sunrise":1706167752,"sunset":1706199602,"temp":{"day":9.32,"min":5.63,"max":10.72,"night":9.21,"eve":10.09,"morn":5.97},"feels_like":{"day":7.31,"night":6.27,"eve":9.5,"morn":4.32},"pressure":1028,"humidity":86,"weather":[{"id":500,"main":"Rain","description":"light rain","icon":"10d"}],"speed":5.9,"deg":215,"gust":13,"clouds":100,"pop":0.56,"rain":0.89},{"dt":1706266800,"sunrise":1706254079,"sunset":1706286104,"temp":{"day":7.94,"min":2.93,"max":11.12,"night":2.93,"eve":5.1,"morn":10.11},"feels_like":{"day":3.75,"night":-0.25,"eve":1.82,"morn":9.37},"pressure":1028,"humidity":74,"weather":[{"id":501,"main":"Rain","description":"moderate rain","icon":"10d"}],"speed":10.38,"deg":280,"gust":18.11,"clouds":100,"pop":1,"rain":3.69},{"dt":1706353200,"sunrise":1706340403,"sunset":1706372608,"temp":{"day":5.32,"min":1.13,"max":6.73,"night":3.52,"eve":4.22,"morn":1.48},"feels_like":{"day":2.29,"night":1.22,"eve":2.07,"morn":-1.77},"pressure":1037,"humidity":75,"weather":[{"id":803,"main":"Clouds","description":"broken clouds","icon":"04d"}],"speed":4,"deg":211,"gust":7.1,"clouds":81,"pop":0},{"dt":1706439600,"sunrise":1706426725,"sunset":1706459111,"temp":{"day":8.32,"min":1.81,"max":8.56,"night":5.83,"eve":6.11,"morn":1.81},"feels_like":{"day":5.5,"night":2.45,"eve":2.68,"morn":-1.73},"pressure":1027,"humidity":58,"weather":[{"id":804,"main":"Clouds","description":"overcast clouds","icon":"04d"}],"speed":5.11,"deg":199,"gust":13,"clouds":97,"pop":0}]}
--- ENF OF RECEIVED DATA ---

{"city":{"id":2800866,"name":"Brussels","coord":{"lon":4.3488,"lat":50.8504},"country":"BE","population":1019022,"timezone":3600},"cod":"200","message":3.5257319,"cnt":4,"list":[{"dt":1706180400,"sunrise":1706167752,"sunset":1706199602,"temp":{"day":9.32,"min":5.63,"max":10.72,"night":9.21,"eve":10.09,"morn":5.97},"feels_like":{"day":7.31,"night":6.27,"eve":9.5,"morn":4.32},"pressure":1028,"humidity":86,"weather":[{"id":500,"main":"Rain","description":"light rain","icon":"10d"}],"speed":5.9,"deg":215,"gust":13,"clouds":100,"pop":0.56,"rain":0.89},{"dt":1706266800,"sunrise":1706254079,"sunset":1706286104,"temp":{"day":7.94,"min":2.93,"max":11.12,"night":2.93,"eve":5.1,"morn":10.11},"feels_like":{"day":3.75,"night":-0.25,"eve":1.82,"morn":9.37},"pressure":1028,"humidity":74,"weather":[{"id":501,"main":"Rain","description":"moderate rain","icon":"10d"}],"speed":10.38,"deg":280,"gust":18.11,"clouds":100,"pop":1,"rain":3.69},{"dt":1706353200,"sunrise":1706340403,"sunset":1706372608,"temp":{"day":5.32,"min":1.13,"max":6.73,"night":3.52,"eve":4.22,"morn":1.48},"feels_like":{"day":2.29,"night":1.22,"eve":2.07,"morn":-1.77},"pressure":1037,"humidity":75,"weather":[{"id":803,"main":"Clouds","description":"broken clouds","icon":"04d"}],"speed":4,"deg":211,"gust":7.1,"clouds":81,"pop":0},{"dt":1706439600,"sunrise":1706426725,"sunset":1706459111,"temp":{"day":8.32,"min":1.81,"max":8.56,"night":5.83,"eve":6.11,"morn":1.81},"feels_like":{"day":5.5,"night":2.45,"eve":2.68,"morn":-1.73},"pressure":1027,"humidity":58,"weather":[{"id":804,"main":"Clouds","description":"overcast clouds","icon":"04d"}],"speed":5.11,"deg":199,"gust":13,"clouds":97,"pop":0}]}
--- ENF OF RECEIVED DATA ---

