________________________________________________
|             CALL API : START                |
________________________________________________

Informations : 
Called API: meteo - 2 June 2024, 22:50
Method: GETMETEO - Timeout : 300 - Cache : 1
URL CALLED : https://api.openweathermap.org/data/2.5/forecast/daily?q=Brussels,be&units=metric&cnt=4&appid=ea18c0706135505149200c3836f29800
-------------------------
________________________________________________
|             CALL API : START                |
________________________________________________

Informations : 
Called API: meteo - 2 June 2024, 22:50
Method: GETMETEO - Timeout : 300 - Cache : 1
URL CALLED : https://api.openweathermap.org/data/2.5/forecast/daily?q=Brussels,be&units=metric&cnt=4&appid=ea18c0706135505149200c3836f29800
-------------------------
{"city":{"id":2800866,"name":"Brussels","coord":{"lon":4.3488,"lat":50.8504},"country":"BE","population":1019022,"timezone":7200},"cod":"200","message":5.9923884,"cnt":4,"list":[{"dt":1717326000,"sunrise":1717299215,"sunset":1717357683,"temp":{"day":18.83,"min":11.78,"max":19.06,"night":12.46,"eve":15.43,"morn":12.72},"feels_like":{"day":18.31,"night":11.82,"eve":14.86,"morn":12.32},"pressure":1023,"humidity":59,"weather":[{"id":803,"main":"Clouds","description":"broken clouds","icon":"04d"}],"speed":6.6,"deg":333,"gust":9.23,"clouds":51,"pop":0},{"dt":1717412400,"sunrise":1717385574,"sunset":1717444143,"temp":{"day":17.47,"min":8.02,"max":18.27,"night":14.21,"eve":18.25,"morn":9.4},"feels_like":{"day":16.97,"night":13.96,"eve":17.8,"morn":9.4},"pressure":1021,"humidity":65,"weather":[{"id":804,"main":"Clouds","description":"overcast clouds","icon":"04d"}],"speed":2.96,"deg":328,"gust":5.79,"clouds":85,"pop":0},{"dt":1717498800,"sunrise":1717471936,"sunset":1717530601,"temp":{"day":18.61,"min":11.8,"max":20.37,"night":14.12,"eve":18.6,"morn":13.15},"feels_like":{"day":18.41,"night":13.91,"eve":18.55,"morn":12.9},"pressure":1013,"humidity":72,"weather":[{"id":500,"main":"Rain","description":"light rain","icon":"10d"}],"speed":6.49,"deg":238,"gust":10.8,"clouds":99,"pop":1,"rain":1.47},{"dt":1717585200,"sunrise":1717558301,"sunset":1717617057,"temp":{"day":12.33,"min":11.08,"max":16.49,"night":11.42,"eve":16.2,"morn":11.54},"feels_like":{"day":11.94,"night":10.65,"eve":15.63,"morn":11.18},"pressure":1015,"humidity":89,"weather":[{"id":500,"main":"Rain","description":"light rain","icon":"10d"}],"speed":5.08,"deg":231,"gust":12.01,"clouds":100,"pop":0.95,"rain":1.21}]}
--- ENF OF RECEIVED DATA ---

{"city":{"id":2800866,"name":"Brussels","coord":{"lon":4.3488,"lat":50.8504},"country":"BE","population":1019022,"timezone":7200},"cod":"200","message":5.9923884,"cnt":4,"list":[{"dt":1717326000,"sunrise":1717299215,"sunset":1717357683,"temp":{"day":18.83,"min":11.78,"max":19.06,"night":12.46,"eve":15.43,"morn":12.72},"feels_like":{"day":18.31,"night":11.82,"eve":14.86,"morn":12.32},"pressure":1023,"humidity":59,"weather":[{"id":803,"main":"Clouds","description":"broken clouds","icon":"04d"}],"speed":6.6,"deg":333,"gust":9.23,"clouds":51,"pop":0},{"dt":1717412400,"sunrise":1717385574,"sunset":1717444143,"temp":{"day":17.47,"min":8.02,"max":18.27,"night":14.21,"eve":18.25,"morn":9.4},"feels_like":{"day":16.97,"night":13.96,"eve":17.8,"morn":9.4},"pressure":1021,"humidity":65,"weather":[{"id":804,"main":"Clouds","description":"overcast clouds","icon":"04d"}],"speed":2.96,"deg":328,"gust":5.79,"clouds":85,"pop":0},{"dt":1717498800,"sunrise":1717471936,"sunset":1717530601,"temp":{"day":18.61,"min":11.8,"max":20.37,"night":14.12,"eve":18.6,"morn":13.15},"feels_like":{"day":18.41,"night":13.91,"eve":18.55,"morn":12.9},"pressure":1013,"humidity":72,"weather":[{"id":500,"main":"Rain","description":"light rain","icon":"10d"}],"speed":6.49,"deg":238,"gust":10.8,"clouds":99,"pop":1,"rain":1.47},{"dt":1717585200,"sunrise":1717558301,"sunset":1717617057,"temp":{"day":12.33,"min":11.08,"max":16.49,"night":11.42,"eve":16.2,"morn":11.54},"feels_like":{"day":11.94,"night":10.65,"eve":15.63,"morn":11.18},"pressure":1015,"humidity":89,"weather":[{"id":500,"main":"Rain","description":"light rain","icon":"10d"}],"speed":5.08,"deg":231,"gust":12.01,"clouds":100,"pop":0.95,"rain":1.21}]}
--- ENF OF RECEIVED DATA ---

