________________________________________________
|             CALL API : START                |
________________________________________________

Informations : 
Called API: meteo - 23 April 2024, 00:40
Method: GETMETEO - Timeout : 300 - Cache : 1
URL CALLED : https://api.openweathermap.org/data/2.5/forecast/daily?q=Brussels,be&units=metric&cnt=4&appid=ea18c0706135505149200c3836f29800
-------------------------
________________________________________________
|             CALL API : START                |
________________________________________________

Informations : 
Called API: meteo - 23 April 2024, 00:40
Method: GETMETEO - Timeout : 300 - Cache : 1
URL CALLED : https://api.openweathermap.org/data/2.5/forecast/daily?q=Brussels,be&units=metric&cnt=4&appid=ea18c0706135505149200c3836f29800
-------------------------
{"city":{"id":2800866,"name":"Brussels","coord":{"lon":4.3488,"lat":50.8504},"country":"BE","population":1019022,"timezone":7200},"cod":"200","message":0.0349195,"cnt":4,"list":[{"dt":1713870000,"sunrise":1713846655,"sunset":1713898227,"temp":{"day":9.02,"min":0.39,"max":10.36,"night":6.04,"eve":8.72,"morn":0.45},"feels_like":{"day":7.66,"night":2.86,"eve":5.88,"morn":-2.14},"pressure":1021,"humidity":51,"weather":[{"id":500,"main":"Rain","description":"light rain","icon":"10d"}],"speed":5.41,"deg":322,"gust":9.44,"clouds":59,"pop":1,"rain":0.35},{"dt":1713956400,"sunrise":1713932937,"sunset":1713984725,"temp":{"day":7.75,"min":4.25,"max":8.55,"night":5.31,"eve":7.05,"morn":4.25},"feels_like":{"day":4.03,"night":2.37,"eve":3.06,"morn":0.68},"pressure":1011,"humidity":67,"weather":[{"id":500,"main":"Rain","description":"light rain","icon":"10d"}],"speed":7.94,"deg":317,"gust":12.12,"clouds":100,"pop":1,"rain":5.91},{"dt":1714042800,"sunrise":1714019220,"sunset":1714071222,"temp":{"day":8.87,"min":4,"max":10.56,"night":6.35,"eve":10.28,"morn":4.9},"feels_like":{"day":6.53,"night":4.33,"eve":8.8,"morn":2.05},"pressure":1009,"humidity":60,"weather":[{"id":500,"main":"Rain","description":"light rain","icon":"10d"}],"speed":4.41,"deg":255,"gust":8.23,"clouds":100,"pop":1,"rain":0.93},{"dt":1714129200,"sunrise":1714105505,"sunset":1714157719,"temp":{"day":13.01,"min":5.71,"max":13.01,"night":8.63,"eve":11.02,"morn":6.34},"feels_like":{"day":11.78,"night":6.57,"eve":9.98,"morn":2.83},"pressure":1007,"humidity":54,"weather":[{"id":804,"main":"Clouds","description":"overcast clouds","icon":"04d"}],"speed":6.56,"deg":200,"gust":11.88,"clouds":91,"pop":0}]}
--- ENF OF RECEIVED DATA ---

{"city":{"id":2800866,"name":"Brussels","coord":{"lon":4.3488,"lat":50.8504},"country":"BE","population":1019022,"timezone":7200},"cod":"200","message":0.0349195,"cnt":4,"list":[{"dt":1713870000,"sunrise":1713846655,"sunset":1713898227,"temp":{"day":9.02,"min":0.39,"max":10.36,"night":6.04,"eve":8.72,"morn":0.45},"feels_like":{"day":7.66,"night":2.86,"eve":5.88,"morn":-2.14},"pressure":1021,"humidity":51,"weather":[{"id":500,"main":"Rain","description":"light rain","icon":"10d"}],"speed":5.41,"deg":322,"gust":9.44,"clouds":59,"pop":1,"rain":0.35},{"dt":1713956400,"sunrise":1713932937,"sunset":1713984725,"temp":{"day":7.75,"min":4.25,"max":8.55,"night":5.31,"eve":7.05,"morn":4.25},"feels_like":{"day":4.03,"night":2.37,"eve":3.06,"morn":0.68},"pressure":1011,"humidity":67,"weather":[{"id":500,"main":"Rain","description":"light rain","icon":"10d"}],"speed":7.94,"deg":317,"gust":12.12,"clouds":100,"pop":1,"rain":5.91},{"dt":1714042800,"sunrise":1714019220,"sunset":1714071222,"temp":{"day":8.87,"min":4,"max":10.56,"night":6.35,"eve":10.28,"morn":4.9},"feels_like":{"day":6.53,"night":4.33,"eve":8.8,"morn":2.05},"pressure":1009,"humidity":60,"weather":[{"id":500,"main":"Rain","description":"light rain","icon":"10d"}],"speed":4.41,"deg":255,"gust":8.23,"clouds":100,"pop":1,"rain":0.93},{"dt":1714129200,"sunrise":1714105505,"sunset":1714157719,"temp":{"day":13.01,"min":5.71,"max":13.01,"night":8.63,"eve":11.02,"morn":6.34},"feels_like":{"day":11.78,"night":6.57,"eve":9.98,"morn":2.83},"pressure":1007,"humidity":54,"weather":[{"id":804,"main":"Clouds","description":"overcast clouds","icon":"04d"}],"speed":6.56,"deg":200,"gust":11.88,"clouds":91,"pop":0}]}
--- ENF OF RECEIVED DATA ---

