________________________________________________
|             CALL API : START                |
________________________________________________

Informations : 
Called API: meteo - 28 June 2023, 14:40
Method: GETMETEO - Timeout : 300 - Cache : 1
URL CALLED : https://api.openweathermap.org/data/2.5/forecast/daily?q=Brussels,be&units=metric&cnt=4&appid=ea18c0706135505149200c3836f29800
-------------------------
________________________________________________
|             CALL API : START                |
________________________________________________

Informations : 
Called API: meteo - 28 June 2023, 14:40
Method: GETMETEO - Timeout : 300 - Cache : 1
URL CALLED : https://api.openweathermap.org/data/2.5/forecast/daily?q=Brussels,be&units=metric&cnt=4&appid=ea18c0706135505149200c3836f29800
-------------------------
{"city":{"id":2800866,"name":"Brussels","coord":{"lon":4.3488,"lat":50.8504},"country":"BE","population":1019022,"timezone":7200},"cod":"200","message":8.0324742,"cnt":4,"list":[{"dt":1687950000,"sunrise":1687923069,"sunset":1687982411,"temp":{"day":22.6,"min":15.09,"max":23.69,"night":19.62,"eve":22.9,"morn":15.09},"feels_like":{"day":22.64,"night":19.8,"eve":23,"morn":14.77},"pressure":1018,"humidity":66,"weather":[{"id":500,"main":"Rain","description":"light rain","icon":"10d"}],"speed":3.55,"deg":223,"gust":5.29,"clouds":64,"pop":0.23,"rain":0.34},{"dt":1688036400,"sunrise":1688009500,"sunset":1688068803,"temp":{"day":22.32,"min":14.82,"max":24.17,"night":14.82,"eve":19.62,"morn":17.58},"feels_like":{"day":22.17,"night":14.6,"eve":19.73,"morn":17.67},"pressure":1015,"humidity":60,"weather":[{"id":500,"main":"Rain","description":"light rain","icon":"10d"}],"speed":5.43,"deg":287,"gust":6.59,"clouds":100,"pop":0.57,"rain":0.91},{"dt":1688122800,"sunrise":1688095935,"sunset":1688155191,"temp":{"day":20.64,"min":11.28,"max":21.9,"night":16.17,"eve":20.54,"morn":12.67},"feels_like":{"day":19.96,"night":15.46,"eve":19.82,"morn":12.29},"pressure":1014,"humidity":46,"weather":[{"id":803,"main":"Clouds","description":"broken clouds","icon":"04d"}],"speed":5.19,"deg":260,"gust":9.45,"clouds":67,"pop":0.15},{"dt":1688209200,"sunrise":1688182372,"sunset":1688241576,"temp":{"day":21.13,"min":13.79,"max":21.13,"night":17.35,"eve":19.38,"morn":14.38},"feels_like":{"day":20.79,"night":16.76,"eve":18.99,"morn":14.09},"pressure":1007,"humidity":57,"weather":[{"id":500,"main":"Rain","description":"light rain","icon":"10d"}],"speed":7.61,"deg":210,"gust":15.28,"clouds":94,"pop":1,"rain":2.76}]}
--- ENF OF RECEIVED DATA ---

{"city":{"id":2800866,"name":"Brussels","coord":{"lon":4.3488,"lat":50.8504},"country":"BE","population":1019022,"timezone":7200},"cod":"200","message":8.0324742,"cnt":4,"list":[{"dt":1687950000,"sunrise":1687923069,"sunset":1687982411,"temp":{"day":22.6,"min":15.09,"max":23.69,"night":19.62,"eve":22.9,"morn":15.09},"feels_like":{"day":22.64,"night":19.8,"eve":23,"morn":14.77},"pressure":1018,"humidity":66,"weather":[{"id":500,"main":"Rain","description":"light rain","icon":"10d"}],"speed":3.55,"deg":223,"gust":5.29,"clouds":64,"pop":0.23,"rain":0.34},{"dt":1688036400,"sunrise":1688009500,"sunset":1688068803,"temp":{"day":22.32,"min":14.82,"max":24.17,"night":14.82,"eve":19.62,"morn":17.58},"feels_like":{"day":22.17,"night":14.6,"eve":19.73,"morn":17.67},"pressure":1015,"humidity":60,"weather":[{"id":500,"main":"Rain","description":"light rain","icon":"10d"}],"speed":5.43,"deg":287,"gust":6.59,"clouds":100,"pop":0.57,"rain":0.91},{"dt":1688122800,"sunrise":1688095935,"sunset":1688155191,"temp":{"day":20.64,"min":11.28,"max":21.9,"night":16.17,"eve":20.54,"morn":12.67},"feels_like":{"day":19.96,"night":15.46,"eve":19.82,"morn":12.29},"pressure":1014,"humidity":46,"weather":[{"id":803,"main":"Clouds","description":"broken clouds","icon":"04d"}],"speed":5.19,"deg":260,"gust":9.45,"clouds":67,"pop":0.15},{"dt":1688209200,"sunrise":1688182372,"sunset":1688241576,"temp":{"day":21.13,"min":13.79,"max":21.13,"night":17.35,"eve":19.38,"morn":14.38},"feels_like":{"day":20.79,"night":16.76,"eve":18.99,"morn":14.09},"pressure":1007,"humidity":57,"weather":[{"id":500,"main":"Rain","description":"light rain","icon":"10d"}],"speed":7.61,"deg":210,"gust":15.28,"clouds":94,"pop":1,"rain":2.76}]}
--- ENF OF RECEIVED DATA ---

