________________________________________________
|             CALL API : START                |
________________________________________________

Informations : 
Called API: meteo - 2 June 2024, 10:30
Method: GETMETEO - Timeout : 300 - Cache : 1
URL CALLED : https://api.openweathermap.org/data/2.5/forecast/daily?q=Brussels,be&units=metric&cnt=4&appid=ea18c0706135505149200c3836f29800
-------------------------
________________________________________________
|             CALL API : START                |
________________________________________________

Informations : 
Called API: meteo - 2 June 2024, 10:30
Method: GETMETEO - Timeout : 300 - Cache : 1
URL CALLED : https://api.openweathermap.org/data/2.5/forecast/daily?q=Brussels,be&units=metric&cnt=4&appid=ea18c0706135505149200c3836f29800
-------------------------
{"city":{"id":2800866,"name":"Brussels","coord":{"lon":4.3488,"lat":50.8504},"country":"BE","population":1019022,"timezone":7200},"cod":"200","message":0.0347926,"cnt":4,"list":[{"dt":1717326000,"sunrise":1717299215,"sunset":1717357683,"temp":{"day":16.98,"min":10.75,"max":19.4,"night":10.75,"eve":16.33,"morn":13.31},"feels_like":{"day":16.46,"night":10.23,"eve":15.74,"morn":12.89},"pressure":1023,"humidity":66,"weather":[{"id":803,"main":"Clouds","description":"broken clouds","icon":"04d"}],"speed":6.55,"deg":333,"gust":9.23,"clouds":61,"pop":0},{"dt":1717412400,"sunrise":1717385574,"sunset":1717444143,"temp":{"day":18.03,"min":8.32,"max":19.44,"night":13.39,"eve":17.99,"morn":9.56},"feels_like":{"day":17.56,"night":13.16,"eve":17.8,"morn":8.91},"pressure":1020,"humidity":64,"weather":[{"id":500,"main":"Rain","description":"light rain","icon":"10d"}],"speed":3.33,"deg":332,"gust":6.98,"clouds":100,"pop":0.25,"rain":0.11},{"dt":1717498800,"sunrise":1717471936,"sunset":1717530601,"temp":{"day":20.11,"min":11.61,"max":20.96,"night":14.06,"eve":19.27,"morn":12.59},"feels_like":{"day":19.85,"night":13.58,"eve":19.16,"morn":12.33},"pressure":1013,"humidity":64,"weather":[{"id":500,"main":"Rain","description":"light rain","icon":"10d"}],"speed":6.35,"deg":256,"gust":11.47,"clouds":65,"pop":1,"rain":2.12},{"dt":1717585200,"sunrise":1717558301,"sunset":1717617057,"temp":{"day":17.44,"min":10.38,"max":17.44,"night":10.38,"eve":14.61,"morn":12.2},"feels_like":{"day":16.62,"night":9.17,"eve":13.75,"morn":11.9},"pressure":1016,"humidity":53,"weather":[{"id":500,"main":"Rain","description":"light rain","icon":"10d"}],"speed":4.98,"deg":228,"gust":11.58,"clouds":80,"pop":0.62,"rain":0.86}]}
--- ENF OF RECEIVED DATA ---

{"city":{"id":2800866,"name":"Brussels","coord":{"lon":4.3488,"lat":50.8504},"country":"BE","population":1019022,"timezone":7200},"cod":"200","message":0.0347926,"cnt":4,"list":[{"dt":1717326000,"sunrise":1717299215,"sunset":1717357683,"temp":{"day":16.98,"min":10.75,"max":19.4,"night":10.75,"eve":16.33,"morn":13.31},"feels_like":{"day":16.46,"night":10.23,"eve":15.74,"morn":12.89},"pressure":1023,"humidity":66,"weather":[{"id":803,"main":"Clouds","description":"broken clouds","icon":"04d"}],"speed":6.55,"deg":333,"gust":9.23,"clouds":61,"pop":0},{"dt":1717412400,"sunrise":1717385574,"sunset":1717444143,"temp":{"day":18.03,"min":8.32,"max":19.44,"night":13.39,"eve":17.99,"morn":9.56},"feels_like":{"day":17.56,"night":13.16,"eve":17.8,"morn":8.91},"pressure":1020,"humidity":64,"weather":[{"id":500,"main":"Rain","description":"light rain","icon":"10d"}],"speed":3.33,"deg":332,"gust":6.98,"clouds":100,"pop":0.25,"rain":0.11},{"dt":1717498800,"sunrise":1717471936,"sunset":1717530601,"temp":{"day":20.11,"min":11.61,"max":20.96,"night":14.06,"eve":19.27,"morn":12.59},"feels_like":{"day":19.85,"night":13.58,"eve":19.16,"morn":12.33},"pressure":1013,"humidity":64,"weather":[{"id":500,"main":"Rain","description":"light rain","icon":"10d"}],"speed":6.35,"deg":256,"gust":11.47,"clouds":65,"pop":1,"rain":2.12},{"dt":1717585200,"sunrise":1717558301,"sunset":1717617057,"temp":{"day":17.44,"min":10.38,"max":17.44,"night":10.38,"eve":14.61,"morn":12.2},"feels_like":{"day":16.62,"night":9.17,"eve":13.75,"morn":11.9},"pressure":1016,"humidity":53,"weather":[{"id":500,"main":"Rain","description":"light rain","icon":"10d"}],"speed":4.98,"deg":228,"gust":11.58,"clouds":80,"pop":0.62,"rain":0.86}]}
--- ENF OF RECEIVED DATA ---

