________________________________________________
|             CALL API : START                |
________________________________________________

Informations : 
Called API: meteo - 1 February 2025, 01:40
Method: GETMETEO - Timeout : 300 - Cache : 1
URL CALLED : https://api.openweathermap.org/data/2.5/forecast/daily?q=Brussels,be&units=metric&cnt=4&appid=ea18c0706135505149200c3836f29800
-------------------------
________________________________________________
|             CALL API : START                |
________________________________________________

Informations : 
Called API: meteo - 1 February 2025, 01:40
Method: GETMETEO - Timeout : 300 - Cache : 1
URL CALLED : https://api.openweathermap.org/data/2.5/forecast/daily?q=Brussels,be&units=metric&cnt=4&appid=ea18c0706135505149200c3836f29800
-------------------------
{"city":{"id":2800866,"name":"Brussels","coord":{"lon":4.3488,"lat":50.8504},"country":"BE","population":1019022,"timezone":3600},"cod":"200","message":0.0512367,"cnt":4,"list":[{"dt":1738407600,"sunrise":1738394325,"sunset":1738427612,"temp":{"day":5.07,"min":-0.35,"max":6.34,"night":1.06,"eve":3.13,"morn":0.77},"feels_like":{"day":3.27,"night":-1.25,"eve":0.63,"morn":-1.24},"pressure":1031,"humidity":65,"weather":[{"id":800,"main":"Clear","description":"sky is clear","icon":"01d"}],"speed":2.61,"deg":113,"gust":4.24,"clouds":0,"pop":0},{"dt":1738494000,"sunrise":1738480635,"sunset":1738514119,"temp":{"day":4.94,"min":0.21,"max":6.79,"night":1.89,"eve":3.48,"morn":0.32},"feels_like":{"day":4,"night":1.89,"eve":1.81,"morn":-2.16},"pressure":1024,"humidity":54,"weather":[{"id":800,"main":"Clear","description":"sky is clear","icon":"01d"}],"speed":2.14,"deg":137,"gust":2.42,"clouds":8,"pop":0},{"dt":1738580400,"sunrise":1738566943,"sunset":1738600626,"temp":{"day":5.47,"min":0.63,"max":7.28,"night":1.95,"eve":3.82,"morn":0.69},"feels_like":{"day":3.85,"night":0.37,"eve":3.82,"morn":-1.07},"pressure":1029,"humidity":66,"weather":[{"id":800,"main":"Clear","description":"sky is clear","icon":"01d"}],"speed":2.4,"deg":171,"gust":2.7,"clouds":2,"pop":0},{"dt":1738666800,"sunrise":1738653250,"sunset":1738687133,"temp":{"day":6.87,"min":0.66,"max":7.18,"night":2.24,"eve":3.32,"morn":0.66},"feels_like":{"day":4.8,"night":-0.84,"eve":0.7,"morn":-2.12},"pressure":1029,"humidity":58,"weather":[{"id":802,"main":"Clouds","description":"scattered clouds","icon":"03d"}],"speed":3.04,"deg":208,"gust":5.18,"clouds":40,"pop":0}]}
--- ENF OF RECEIVED DATA ---

{"city":{"id":2800866,"name":"Brussels","coord":{"lon":4.3488,"lat":50.8504},"country":"BE","population":1019022,"timezone":3600},"cod":"200","message":0.0512367,"cnt":4,"list":[{"dt":1738407600,"sunrise":1738394325,"sunset":1738427612,"temp":{"day":5.07,"min":-0.35,"max":6.34,"night":1.06,"eve":3.13,"morn":0.77},"feels_like":{"day":3.27,"night":-1.25,"eve":0.63,"morn":-1.24},"pressure":1031,"humidity":65,"weather":[{"id":800,"main":"Clear","description":"sky is clear","icon":"01d"}],"speed":2.61,"deg":113,"gust":4.24,"clouds":0,"pop":0},{"dt":1738494000,"sunrise":1738480635,"sunset":1738514119,"temp":{"day":4.94,"min":0.21,"max":6.79,"night":1.89,"eve":3.48,"morn":0.32},"feels_like":{"day":4,"night":1.89,"eve":1.81,"morn":-2.16},"pressure":1024,"humidity":54,"weather":[{"id":800,"main":"Clear","description":"sky is clear","icon":"01d"}],"speed":2.14,"deg":137,"gust":2.42,"clouds":8,"pop":0},{"dt":1738580400,"sunrise":1738566943,"sunset":1738600626,"temp":{"day":5.47,"min":0.63,"max":7.28,"night":1.95,"eve":3.82,"morn":0.69},"feels_like":{"day":3.85,"night":0.37,"eve":3.82,"morn":-1.07},"pressure":1029,"humidity":66,"weather":[{"id":800,"main":"Clear","description":"sky is clear","icon":"01d"}],"speed":2.4,"deg":171,"gust":2.7,"clouds":2,"pop":0},{"dt":1738666800,"sunrise":1738653250,"sunset":1738687133,"temp":{"day":6.87,"min":0.66,"max":7.18,"night":2.24,"eve":3.32,"morn":0.66},"feels_like":{"day":4.8,"night":-0.84,"eve":0.7,"morn":-2.12},"pressure":1029,"humidity":58,"weather":[{"id":802,"main":"Clouds","description":"scattered clouds","icon":"03d"}],"speed":3.04,"deg":208,"gust":5.18,"clouds":40,"pop":0}]}
--- ENF OF RECEIVED DATA ---

