________________________________________________
|             CALL API : START                |
________________________________________________

Informations : 
Called API: meteo - 3 August 2023, 00:40
Method: GETMETEO - Timeout : 300 - Cache : 1
URL CALLED : https://api.openweathermap.org/data/2.5/forecast/daily?q=Brussels,be&units=metric&cnt=4&appid=ea18c0706135505149200c3836f29800
-------------------------
________________________________________________
|             CALL API : START                |
________________________________________________

Informations : 
Called API: meteo - 3 August 2023, 00:40
Method: GETMETEO - Timeout : 300 - Cache : 1
URL CALLED : https://api.openweathermap.org/data/2.5/forecast/daily?q=Brussels,be&units=metric&cnt=4&appid=ea18c0706135505149200c3836f29800
-------------------------
{"city":{"id":2800866,"name":"Brussels","coord":{"lon":4.3488,"lat":50.8504},"country":"BE","population":1019022,"timezone":7200},"cod":"200","message":2.1972217,"cnt":4,"list":[{"dt":1691060400,"sunrise":1691035866,"sunset":1691090787,"temp":{"day":18.96,"min":14.07,"max":19.57,"night":14.07,"eve":17.73,"morn":15.02},"feels_like":{"day":18.61,"night":13.83,"eve":17.41,"morn":14.98},"pressure":1003,"humidity":65,"weather":[{"id":501,"main":"Rain","description":"moderate rain","icon":"10d"}],"speed":12.07,"deg":225,"gust":20.38,"clouds":78,"pop":1,"rain":6},{"dt":1691146800,"sunrise":1691122355,"sunset":1691177090,"temp":{"day":19.82,"min":12.64,"max":20.38,"night":14.27,"eve":19.36,"morn":13.09},"feels_like":{"day":19.63,"night":13.97,"eve":19,"morn":12.94},"pressure":1015,"humidity":68,"weather":[{"id":500,"main":"Rain","description":"light rain","icon":"10d"}],"speed":4.93,"deg":332,"gust":5.7,"clouds":98,"pop":0.86,"rain":2.31},{"dt":1691233200,"sunrise":1691208845,"sunset":1691263390,"temp":{"day":13.51,"min":12.43,"max":16.85,"night":14.1,"eve":14.3,"morn":13.1},"feels_like":{"day":13.24,"night":13.97,"eve":14.14,"morn":12.82},"pressure":1011,"humidity":89,"weather":[{"id":501,"main":"Rain","description":"moderate rain","icon":"10d"}],"speed":9.59,"deg":204,"gust":13.97,"clouds":100,"pop":1,"rain":6.58},{"dt":1691319600,"sunrise":1691295336,"sunset":1691349689,"temp":{"day":15.85,"min":12.69,"max":16.72,"night":12.69,"eve":13.9,"morn":14.57},"feels_like":{"day":15.66,"night":12.21,"eve":13.54,"morn":14.41},"pressure":1010,"humidity":83,"weather":[{"id":501,"main":"Rain","description":"moderate rain","icon":"10d"}],"speed":9.21,"deg":302,"gust":14.71,"clouds":95,"pop":1,"rain":10.37}]}
--- ENF OF RECEIVED DATA ---

{"city":{"id":2800866,"name":"Brussels","coord":{"lon":4.3488,"lat":50.8504},"country":"BE","population":1019022,"timezone":7200},"cod":"200","message":2.1972217,"cnt":4,"list":[{"dt":1691060400,"sunrise":1691035866,"sunset":1691090787,"temp":{"day":18.96,"min":14.07,"max":19.57,"night":14.07,"eve":17.73,"morn":15.02},"feels_like":{"day":18.61,"night":13.83,"eve":17.41,"morn":14.98},"pressure":1003,"humidity":65,"weather":[{"id":501,"main":"Rain","description":"moderate rain","icon":"10d"}],"speed":12.07,"deg":225,"gust":20.38,"clouds":78,"pop":1,"rain":6},{"dt":1691146800,"sunrise":1691122355,"sunset":1691177090,"temp":{"day":19.82,"min":12.64,"max":20.38,"night":14.27,"eve":19.36,"morn":13.09},"feels_like":{"day":19.63,"night":13.97,"eve":19,"morn":12.94},"pressure":1015,"humidity":68,"weather":[{"id":500,"main":"Rain","description":"light rain","icon":"10d"}],"speed":4.93,"deg":332,"gust":5.7,"clouds":98,"pop":0.86,"rain":2.31},{"dt":1691233200,"sunrise":1691208845,"sunset":1691263390,"temp":{"day":13.51,"min":12.43,"max":16.85,"night":14.1,"eve":14.3,"morn":13.1},"feels_like":{"day":13.24,"night":13.97,"eve":14.14,"morn":12.82},"pressure":1011,"humidity":89,"weather":[{"id":501,"main":"Rain","description":"moderate rain","icon":"10d"}],"speed":9.59,"deg":204,"gust":13.97,"clouds":100,"pop":1,"rain":6.58},{"dt":1691319600,"sunrise":1691295336,"sunset":1691349689,"temp":{"day":15.85,"min":12.69,"max":16.72,"night":12.69,"eve":13.9,"morn":14.57},"feels_like":{"day":15.66,"night":12.21,"eve":13.54,"morn":14.41},"pressure":1010,"humidity":83,"weather":[{"id":501,"main":"Rain","description":"moderate rain","icon":"10d"}],"speed":9.21,"deg":302,"gust":14.71,"clouds":95,"pop":1,"rain":10.37}]}
--- ENF OF RECEIVED DATA ---

