________________________________________________
|             CALL API : START                |
________________________________________________

Informations : 
Called API: meteo - 30 November 2023, 11:50
Method: GETMETEO - Timeout : 300 - Cache : 1
URL CALLED : https://api.openweathermap.org/data/2.5/forecast/daily?q=Brussels,be&units=metric&cnt=4&appid=ea18c0706135505149200c3836f29800
-------------------------
________________________________________________
|             CALL API : START                |
________________________________________________

Informations : 
Called API: meteo - 30 November 2023, 11:50
Method: GETMETEO - Timeout : 300 - Cache : 1
URL CALLED : https://api.openweathermap.org/data/2.5/forecast/daily?q=Brussels,be&units=metric&cnt=4&appid=ea18c0706135505149200c3836f29800
-------------------------
{"city":{"id":2800866,"name":"Brussels","coord":{"lon":4.3488,"lat":50.8504},"country":"BE","population":1019022,"timezone":3600},"cod":"200","message":6.8135048,"cnt":4,"list":[{"dt":1701342000,"sunrise":1701328873,"sunset":1701358885,"temp":{"day":1.41,"min":1.18,"max":3.02,"night":1.18,"eve":2.49,"morn":2.99},"feels_like":{"day":-1.48,"night":-1.7,"eve":-0.6,"morn":2.99},"pressure":1001,"humidity":93,"weather":[{"id":804,"main":"Clouds","description":"overcast clouds","icon":"04d"}],"speed":3.44,"deg":41,"gust":4.88,"clouds":100,"pop":0.32},{"dt":1701428400,"sunrise":1701415356,"sunset":1701445245,"temp":{"day":1.18,"min":-1.9,"max":1.6,"night":-1.9,"eve":-0.71,"morn":-0.27},"feels_like":{"day":-3.14,"night":-5.26,"eve":-4.33,"morn":-4.26},"pressure":1006,"humidity":76,"weather":[{"id":802,"main":"Clouds","description":"scattered clouds","icon":"03d"}],"speed":4.55,"deg":44,"gust":8.51,"clouds":40,"pop":0.06},{"dt":1701514800,"sunrise":1701501838,"sunset":1701531608,"temp":{"day":1.08,"min":-1.96,"max":2.35,"night":-0.21,"eve":0.43,"morn":-1.86},"feels_like":{"day":-0.66,"night":-3.15,"eve":-1.42,"morn":-1.86},"pressure":1015,"humidity":67,"weather":[{"id":803,"main":"Clouds","description":"broken clouds","icon":"04d"}],"speed":2.39,"deg":196,"gust":3.66,"clouds":57,"pop":0.01},{"dt":1701601200,"sunrise":1701588318,"sunset":1701617974,"temp":{"day":3.06,"min":-1.18,"max":3.06,"night":0.88,"eve":0.21,"morn":-1.18},"feels_like":{"day":-1.22,"night":-4.68,"eve":-5.86,"morn":-5.17},"pressure":1019,"humidity":70,"weather":[{"id":601,"main":"Snow","description":"snow","icon":"13d"}],"speed":7.51,"deg":167,"gust":14.85,"clouds":73,"pop":0.99,"snow":7.35}]}
--- ENF OF RECEIVED DATA ---

{"city":{"id":2800866,"name":"Brussels","coord":{"lon":4.3488,"lat":50.8504},"country":"BE","population":1019022,"timezone":3600},"cod":"200","message":6.8135048,"cnt":4,"list":[{"dt":1701342000,"sunrise":1701328873,"sunset":1701358885,"temp":{"day":1.41,"min":1.18,"max":3.02,"night":1.18,"eve":2.49,"morn":2.99},"feels_like":{"day":-1.48,"night":-1.7,"eve":-0.6,"morn":2.99},"pressure":1001,"humidity":93,"weather":[{"id":804,"main":"Clouds","description":"overcast clouds","icon":"04d"}],"speed":3.44,"deg":41,"gust":4.88,"clouds":100,"pop":0.32},{"dt":1701428400,"sunrise":1701415356,"sunset":1701445245,"temp":{"day":1.18,"min":-1.9,"max":1.6,"night":-1.9,"eve":-0.71,"morn":-0.27},"feels_like":{"day":-3.14,"night":-5.26,"eve":-4.33,"morn":-4.26},"pressure":1006,"humidity":76,"weather":[{"id":802,"main":"Clouds","description":"scattered clouds","icon":"03d"}],"speed":4.55,"deg":44,"gust":8.51,"clouds":40,"pop":0.06},{"dt":1701514800,"sunrise":1701501838,"sunset":1701531608,"temp":{"day":1.08,"min":-1.96,"max":2.35,"night":-0.21,"eve":0.43,"morn":-1.86},"feels_like":{"day":-0.66,"night":-3.15,"eve":-1.42,"morn":-1.86},"pressure":1015,"humidity":67,"weather":[{"id":803,"main":"Clouds","description":"broken clouds","icon":"04d"}],"speed":2.39,"deg":196,"gust":3.66,"clouds":57,"pop":0.01},{"dt":1701601200,"sunrise":1701588318,"sunset":1701617974,"temp":{"day":3.06,"min":-1.18,"max":3.06,"night":0.88,"eve":0.21,"morn":-1.18},"feels_like":{"day":-1.22,"night":-4.68,"eve":-5.86,"morn":-5.17},"pressure":1019,"humidity":70,"weather":[{"id":601,"main":"Snow","description":"snow","icon":"13d"}],"speed":7.51,"deg":167,"gust":14.85,"clouds":73,"pop":0.99,"snow":7.35}]}
--- ENF OF RECEIVED DATA ---

