________________________________________________
|             CALL API : START                |
________________________________________________

Informations : 
Called API: meteo - 29 November 2023, 00:40
Method: GETMETEO - Timeout : 300 - Cache : 1
URL CALLED : https://api.openweathermap.org/data/2.5/forecast/daily?q=Brussels,be&units=metric&cnt=4&appid=ea18c0706135505149200c3836f29800
-------------------------
________________________________________________
|             CALL API : START                |
________________________________________________

Informations : 
Called API: meteo - 29 November 2023, 00:40
Method: GETMETEO - Timeout : 300 - Cache : 1
URL CALLED : https://api.openweathermap.org/data/2.5/forecast/daily?q=Brussels,be&units=metric&cnt=4&appid=ea18c0706135505149200c3836f29800
-------------------------
{"city":{"id":2800866,"name":"Brussels","coord":{"lon":4.3488,"lat":50.8504},"country":"BE","population":1019022,"timezone":3600},"cod":"200","message":0.0722858,"cnt":4,"list":[{"dt":1701255600,"sunrise":1701242388,"sunset":1701272528,"temp":{"day":3.98,"min":1.46,"max":3.98,"night":1.46,"eve":1.99,"morn":2.34},"feels_like":{"day":1.76,"night":1.46,"eve":1.99,"morn":-2.38},"pressure":1005,"humidity":85,"weather":[{"id":500,"main":"Rain","description":"light rain","icon":"10d"}],"speed":5.95,"deg":246,"gust":12.72,"clouds":42,"pop":0.67,"rain":1.55},{"dt":1701342000,"sunrise":1701328873,"sunset":1701358885,"temp":{"day":2.71,"min":-1.07,"max":3.51,"night":-1.07,"eve":0.31,"morn":-0.15},"feels_like":{"day":-0.28,"night":-4.29,"eve":-2.74,"morn":-3.22},"pressure":1005,"humidity":76,"weather":[{"id":803,"main":"Clouds","description":"broken clouds","icon":"04d"}],"speed":3.04,"deg":72,"gust":4.85,"clouds":52,"pop":0},{"dt":1701428400,"sunrise":1701415356,"sunset":1701445245,"temp":{"day":1.34,"min":-1.63,"max":1.9,"night":-1.27,"eve":-1.16,"morn":-0.92},"feels_like":{"day":-3.52,"night":-6.95,"eve":-7.22,"morn":-5.19},"pressure":1006,"humidity":71,"weather":[{"id":804,"main":"Clouds","description":"overcast clouds","icon":"04d"}],"speed":6.59,"deg":48,"gust":12.31,"clouds":100,"pop":0},{"dt":1701514800,"sunrise":1701501838,"sunset":1701531608,"temp":{"day":1.37,"min":-1.51,"max":1.37,"night":-1.32,"eve":-1.07,"morn":-1.27},"feels_like":{"day":-2.39,"night":-4.93,"eve":-4.29,"morn":-6.54},"pressure":1009,"humidity":65,"weather":[{"id":804,"main":"Clouds","description":"overcast clouds","icon":"04d"}],"speed":6.46,"deg":35,"gust":12.35,"clouds":97,"pop":0.03}]}
--- ENF OF RECEIVED DATA ---

{"city":{"id":2800866,"name":"Brussels","coord":{"lon":4.3488,"lat":50.8504},"country":"BE","population":1019022,"timezone":3600},"cod":"200","message":0.0722858,"cnt":4,"list":[{"dt":1701255600,"sunrise":1701242388,"sunset":1701272528,"temp":{"day":3.98,"min":1.46,"max":3.98,"night":1.46,"eve":1.99,"morn":2.34},"feels_like":{"day":1.76,"night":1.46,"eve":1.99,"morn":-2.38},"pressure":1005,"humidity":85,"weather":[{"id":500,"main":"Rain","description":"light rain","icon":"10d"}],"speed":5.95,"deg":246,"gust":12.72,"clouds":42,"pop":0.67,"rain":1.55},{"dt":1701342000,"sunrise":1701328873,"sunset":1701358885,"temp":{"day":2.71,"min":-1.07,"max":3.51,"night":-1.07,"eve":0.31,"morn":-0.15},"feels_like":{"day":-0.28,"night":-4.29,"eve":-2.74,"morn":-3.22},"pressure":1005,"humidity":76,"weather":[{"id":803,"main":"Clouds","description":"broken clouds","icon":"04d"}],"speed":3.04,"deg":72,"gust":4.85,"clouds":52,"pop":0},{"dt":1701428400,"sunrise":1701415356,"sunset":1701445245,"temp":{"day":1.34,"min":-1.63,"max":1.9,"night":-1.27,"eve":-1.16,"morn":-0.92},"feels_like":{"day":-3.52,"night":-6.95,"eve":-7.22,"morn":-5.19},"pressure":1006,"humidity":71,"weather":[{"id":804,"main":"Clouds","description":"overcast clouds","icon":"04d"}],"speed":6.59,"deg":48,"gust":12.31,"clouds":100,"pop":0},{"dt":1701514800,"sunrise":1701501838,"sunset":1701531608,"temp":{"day":1.37,"min":-1.51,"max":1.37,"night":-1.32,"eve":-1.07,"morn":-1.27},"feels_like":{"day":-2.39,"night":-4.93,"eve":-4.29,"morn":-6.54},"pressure":1009,"humidity":65,"weather":[{"id":804,"main":"Clouds","description":"overcast clouds","icon":"04d"}],"speed":6.46,"deg":35,"gust":12.35,"clouds":97,"pop":0.03}]}
--- ENF OF RECEIVED DATA ---

