________________________________________________
|             CALL API : START                |
________________________________________________

Informations : 
Called API: meteo - 4 January 2025, 09:40
Method: GETMETEO - Timeout : 300 - Cache : 1
URL CALLED : https://api.openweathermap.org/data/2.5/forecast/daily?q=Brussels,be&units=metric&cnt=4&appid=ea18c0706135505149200c3836f29800
-------------------------
________________________________________________
|             CALL API : START                |
________________________________________________

Informations : 
Called API: meteo - 4 January 2025, 09:40
Method: GETMETEO - Timeout : 300 - Cache : 1
URL CALLED : https://api.openweathermap.org/data/2.5/forecast/daily?q=Brussels,be&units=metric&cnt=4&appid=ea18c0706135505149200c3836f29800
-------------------------
{"city":{"id":2800866,"name":"Brussels","coord":{"lon":4.3488,"lat":50.8504},"country":"BE","population":1019022,"timezone":3600},"cod":"200","message":0.0440344,"cnt":4,"list":[{"dt":1735988400,"sunrise":1735976670,"sunset":1736005818,"temp":{"day":0.89,"min":-0.38,"max":3.5,"night":0.98,"eve":2.05,"morn":0.33},"feels_like":{"day":-2.74,"night":-3.65,"eve":-1.02,"morn":-3.02},"pressure":1021,"humidity":86,"weather":[{"id":600,"main":"Snow","description":"light snow","icon":"13d"}],"speed":4.93,"deg":134,"gust":11.53,"clouds":40,"pop":0.29,"snow":0.27},{"dt":1736074800,"sunrise":1736063053,"sunset":1736092288,"temp":{"day":9.6,"min":0.65,"max":10.68,"night":10.3,"eve":9.85,"morn":3.27},"feels_like":{"day":5.79,"night":9.68,"eve":6.22,"morn":0.24},"pressure":995,"humidity":93,"weather":[{"id":616,"main":"Snow","description":"rain and snow","icon":"13d"}],"speed":10.64,"deg":218,"gust":20.34,"clouds":100,"pop":1,"rain":16.37,"snow":1.86},{"dt":1736161200,"sunrise":1736149433,"sunset":1736178760,"temp":{"day":11.22,"min":4.4,"max":11.22,"night":4.56,"eve":6.38,"morn":10.95},"feels_like":{"day":10.43,"night":0.21,"eve":1.44,"morn":10.35},"pressure":984,"humidity":78,"weather":[{"id":501,"main":"Rain","description":"moderate rain","icon":"10d"}],"speed":11.92,"deg":200,"gust":22.85,"clouds":100,"pop":1,"rain":7.29},{"dt":1736247600,"sunrise":1736235809,"sunset":1736265234,"temp":{"day":2.21,"min":0.91,"max":4.53,"night":0.91,"eve":1.62,"morn":3.46},"feels_like":{"day":-2.43,"night":-4.33,"eve":-3.56,"morn":0.66},"pressure":999,"humidity":96,"weather":[{"id":616,"main":"Snow","description":"rain and snow","icon":"13d"}],"speed":6.68,"deg":259,"gust":12.46,"clouds":100,"pop":1,"rain":0.95,"snow":2.9}]}
--- ENF OF RECEIVED DATA ---

{"city":{"id":2800866,"name":"Brussels","coord":{"lon":4.3488,"lat":50.8504},"country":"BE","population":1019022,"timezone":3600},"cod":"200","message":0.0440344,"cnt":4,"list":[{"dt":1735988400,"sunrise":1735976670,"sunset":1736005818,"temp":{"day":0.89,"min":-0.38,"max":3.5,"night":0.98,"eve":2.05,"morn":0.33},"feels_like":{"day":-2.74,"night":-3.65,"eve":-1.02,"morn":-3.02},"pressure":1021,"humidity":86,"weather":[{"id":600,"main":"Snow","description":"light snow","icon":"13d"}],"speed":4.93,"deg":134,"gust":11.53,"clouds":40,"pop":0.29,"snow":0.27},{"dt":1736074800,"sunrise":1736063053,"sunset":1736092288,"temp":{"day":9.6,"min":0.65,"max":10.68,"night":10.3,"eve":9.85,"morn":3.27},"feels_like":{"day":5.79,"night":9.68,"eve":6.22,"morn":0.24},"pressure":995,"humidity":93,"weather":[{"id":616,"main":"Snow","description":"rain and snow","icon":"13d"}],"speed":10.64,"deg":218,"gust":20.34,"clouds":100,"pop":1,"rain":16.37,"snow":1.86},{"dt":1736161200,"sunrise":1736149433,"sunset":1736178760,"temp":{"day":11.22,"min":4.4,"max":11.22,"night":4.56,"eve":6.38,"morn":10.95},"feels_like":{"day":10.43,"night":0.21,"eve":1.44,"morn":10.35},"pressure":984,"humidity":78,"weather":[{"id":501,"main":"Rain","description":"moderate rain","icon":"10d"}],"speed":11.92,"deg":200,"gust":22.85,"clouds":100,"pop":1,"rain":7.29},{"dt":1736247600,"sunrise":1736235809,"sunset":1736265234,"temp":{"day":2.21,"min":0.91,"max":4.53,"night":0.91,"eve":1.62,"morn":3.46},"feels_like":{"day":-2.43,"night":-4.33,"eve":-3.56,"morn":0.66},"pressure":999,"humidity":96,"weather":[{"id":616,"main":"Snow","description":"rain and snow","icon":"13d"}],"speed":6.68,"deg":259,"gust":12.46,"clouds":100,"pop":1,"rain":0.95,"snow":2.9}]}
--- ENF OF RECEIVED DATA ---

