________________________________________________
|             CALL API : START                |
________________________________________________

Informations : 
Called API: meteo - 25 February 2025, 07:20
Method: GETMETEO - Timeout : 300 - Cache : 1
URL CALLED : https://api.openweathermap.org/data/2.5/forecast/daily?q=Brussels,be&units=metric&cnt=4&appid=ea18c0706135505149200c3836f29800
-------------------------
________________________________________________
|             CALL API : START                |
________________________________________________

Informations : 
Called API: meteo - 25 February 2025, 07:20
Method: GETMETEO - Timeout : 300 - Cache : 1
URL CALLED : https://api.openweathermap.org/data/2.5/forecast/daily?q=Brussels,be&units=metric&cnt=4&appid=ea18c0706135505149200c3836f29800
-------------------------
{"city":{"id":2800866,"name":"Brussels","coord":{"lon":4.3488,"lat":50.8504},"country":"BE","population":1019022,"timezone":3600},"cod":"200","message":0.0419162,"cnt":4,"list":[{"dt":1740481200,"sunrise":1740465325,"sunset":1740503774,"temp":{"day":9.84,"min":6.18,"max":9.84,"night":6.18,"eve":8.24,"morn":6.96},"feels_like":{"day":9.84,"night":2.37,"eve":5.8,"morn":5.09},"pressure":1012,"humidity":79,"weather":[{"id":501,"main":"Rain","description":"moderate rain","icon":"10d"}],"speed":6.26,"deg":325,"gust":11.15,"clouds":100,"pop":1,"rain":6.45},{"dt":1740567600,"sunrise":1740551602,"sunset":1740590278,"temp":{"day":8.6,"min":3.48,"max":10.17,"night":6.76,"eve":8.44,"morn":4.26},"feels_like":{"day":5.6,"night":4.47,"eve":4.95,"morn":1.26},"pressure":1018,"humidity":68,"weather":[{"id":501,"main":"Rain","description":"moderate rain","icon":"10d"}],"speed":8.64,"deg":203,"gust":16.3,"clouds":22,"pop":1,"rain":3.63},{"dt":1740654000,"sunrise":1740637877,"sunset":1740676782,"temp":{"day":7.21,"min":2.76,"max":7.21,"night":5.54,"eve":5.05,"morn":3.65},"feels_like":{"day":3.56,"night":1.09,"eve":1.07,"morn":0.18},"pressure":1016,"humidity":70,"weather":[{"id":501,"main":"Rain","description":"moderate rain","icon":"10d"}],"speed":7.35,"deg":283,"gust":11.77,"clouds":39,"pop":1,"rain":3.82},{"dt":1740740400,"sunrise":1740724151,"sunset":1740763286,"temp":{"day":7.45,"min":3.72,"max":7.45,"night":3.72,"eve":5.72,"morn":3.73},"feels_like":{"day":4.43,"night":1.09,"eve":3.13,"morn":-0.55},"pressure":1024,"humidity":69,"weather":[{"id":500,"main":"Rain","description":"light rain","icon":"10d"}],"speed":8.45,"deg":280,"gust":14.42,"clouds":94,"pop":0.7,"rain":0.59}]}
--- ENF OF RECEIVED DATA ---

{"city":{"id":2800866,"name":"Brussels","coord":{"lon":4.3488,"lat":50.8504},"country":"BE","population":1019022,"timezone":3600},"cod":"200","message":0.0419162,"cnt":4,"list":[{"dt":1740481200,"sunrise":1740465325,"sunset":1740503774,"temp":{"day":9.84,"min":6.18,"max":9.84,"night":6.18,"eve":8.24,"morn":6.96},"feels_like":{"day":9.84,"night":2.37,"eve":5.8,"morn":5.09},"pressure":1012,"humidity":79,"weather":[{"id":501,"main":"Rain","description":"moderate rain","icon":"10d"}],"speed":6.26,"deg":325,"gust":11.15,"clouds":100,"pop":1,"rain":6.45},{"dt":1740567600,"sunrise":1740551602,"sunset":1740590278,"temp":{"day":8.6,"min":3.48,"max":10.17,"night":6.76,"eve":8.44,"morn":4.26},"feels_like":{"day":5.6,"night":4.47,"eve":4.95,"morn":1.26},"pressure":1018,"humidity":68,"weather":[{"id":501,"main":"Rain","description":"moderate rain","icon":"10d"}],"speed":8.64,"deg":203,"gust":16.3,"clouds":22,"pop":1,"rain":3.63},{"dt":1740654000,"sunrise":1740637877,"sunset":1740676782,"temp":{"day":7.21,"min":2.76,"max":7.21,"night":5.54,"eve":5.05,"morn":3.65},"feels_like":{"day":3.56,"night":1.09,"eve":1.07,"morn":0.18},"pressure":1016,"humidity":70,"weather":[{"id":501,"main":"Rain","description":"moderate rain","icon":"10d"}],"speed":7.35,"deg":283,"gust":11.77,"clouds":39,"pop":1,"rain":3.82},{"dt":1740740400,"sunrise":1740724151,"sunset":1740763286,"temp":{"day":7.45,"min":3.72,"max":7.45,"night":3.72,"eve":5.72,"morn":3.73},"feels_like":{"day":4.43,"night":1.09,"eve":3.13,"morn":-0.55},"pressure":1024,"humidity":69,"weather":[{"id":500,"main":"Rain","description":"light rain","icon":"10d"}],"speed":8.45,"deg":280,"gust":14.42,"clouds":94,"pop":0.7,"rain":0.59}]}
--- ENF OF RECEIVED DATA ---

