________________________________________________
|             CALL API : START                |
________________________________________________

Informations : 
Called API: meteo - 11 April 2024, 10:30
Method: GETMETEO - Timeout : 300 - Cache : 1
URL CALLED : https://api.openweathermap.org/data/2.5/forecast/daily?q=Brussels,be&units=metric&cnt=4&appid=ea18c0706135505149200c3836f29800
-------------------------
________________________________________________
|             CALL API : START                |
________________________________________________

Informations : 
Called API: meteo - 11 April 2024, 10:30
Method: GETMETEO - Timeout : 300 - Cache : 1
URL CALLED : https://api.openweathermap.org/data/2.5/forecast/daily?q=Brussels,be&units=metric&cnt=4&appid=ea18c0706135505149200c3836f29800
-------------------------
{"city":{"id":2800866,"name":"Brussels","coord":{"lon":4.3488,"lat":50.8504},"country":"BE","population":1019022,"timezone":7200},"cod":"200","message":4.7503417,"cnt":4,"list":[{"dt":1712833200,"sunrise":1712811345,"sunset":1712860256,"temp":{"day":12.99,"min":9.5,"max":13.32,"night":12.79,"eve":13.14,"morn":10.95},"feels_like":{"day":12.54,"night":12.55,"eve":12.86,"morn":10.09},"pressure":1031,"humidity":84,"weather":[{"id":804,"main":"Clouds","description":"overcast clouds","icon":"04d"}],"speed":6.18,"deg":200,"gust":14.7,"clouds":85,"pop":0},{"dt":1712919600,"sunrise":1712897616,"sunset":1712946753,"temp":{"day":18.21,"min":11.48,"max":20.29,"night":13.96,"eve":18.86,"morn":12.58},"feels_like":{"day":17.99,"night":13.74,"eve":18.66,"morn":12.32},"pressure":1031,"humidity":73,"weather":[{"id":804,"main":"Clouds","description":"overcast clouds","icon":"04d"}],"speed":5.47,"deg":238,"gust":9.92,"clouds":99,"pop":0},{"dt":1713006000,"sunrise":1712983888,"sunset":1713033251,"temp":{"day":19.89,"min":12.17,"max":21.73,"night":16.01,"eve":20.45,"morn":12.17},"feels_like":{"day":19.71,"night":15.99,"eve":20.38,"morn":11.92},"pressure":1025,"humidity":68,"weather":[{"id":804,"main":"Clouds","description":"overcast clouds","icon":"04d"}],"speed":6.55,"deg":220,"gust":13.47,"clouds":100,"pop":0},{"dt":1713092400,"sunrise":1713070161,"sunset":1713119748,"temp":{"day":12.96,"min":9.1,"max":15.23,"night":9.11,"eve":10.61,"morn":9.1},"feels_like":{"day":11.56,"night":9.11,"eve":9.32,"morn":6.76},"pressure":1024,"humidity":48,"weather":[{"id":804,"main":"Clouds","description":"overcast clouds","icon":"04d"}],"speed":6.42,"deg":254,"gust":15.35,"clouds":100,"pop":0}]}
--- ENF OF RECEIVED DATA ---

{"city":{"id":2800866,"name":"Brussels","coord":{"lon":4.3488,"lat":50.8504},"country":"BE","population":1019022,"timezone":7200},"cod":"200","message":4.7503417,"cnt":4,"list":[{"dt":1712833200,"sunrise":1712811345,"sunset":1712860256,"temp":{"day":12.99,"min":9.5,"max":13.32,"night":12.79,"eve":13.14,"morn":10.95},"feels_like":{"day":12.54,"night":12.55,"eve":12.86,"morn":10.09},"pressure":1031,"humidity":84,"weather":[{"id":804,"main":"Clouds","description":"overcast clouds","icon":"04d"}],"speed":6.18,"deg":200,"gust":14.7,"clouds":85,"pop":0},{"dt":1712919600,"sunrise":1712897616,"sunset":1712946753,"temp":{"day":18.21,"min":11.48,"max":20.29,"night":13.96,"eve":18.86,"morn":12.58},"feels_like":{"day":17.99,"night":13.74,"eve":18.66,"morn":12.32},"pressure":1031,"humidity":73,"weather":[{"id":804,"main":"Clouds","description":"overcast clouds","icon":"04d"}],"speed":5.47,"deg":238,"gust":9.92,"clouds":99,"pop":0},{"dt":1713006000,"sunrise":1712983888,"sunset":1713033251,"temp":{"day":19.89,"min":12.17,"max":21.73,"night":16.01,"eve":20.45,"morn":12.17},"feels_like":{"day":19.71,"night":15.99,"eve":20.38,"morn":11.92},"pressure":1025,"humidity":68,"weather":[{"id":804,"main":"Clouds","description":"overcast clouds","icon":"04d"}],"speed":6.55,"deg":220,"gust":13.47,"clouds":100,"pop":0},{"dt":1713092400,"sunrise":1713070161,"sunset":1713119748,"temp":{"day":12.96,"min":9.1,"max":15.23,"night":9.11,"eve":10.61,"morn":9.1},"feels_like":{"day":11.56,"night":9.11,"eve":9.32,"morn":6.76},"pressure":1024,"humidity":48,"weather":[{"id":804,"main":"Clouds","description":"overcast clouds","icon":"04d"}],"speed":6.42,"deg":254,"gust":15.35,"clouds":100,"pop":0}]}
--- ENF OF RECEIVED DATA ---

