________________________________________________
|             CALL API : START                |
________________________________________________

Informations : 
Called API: meteo - 19 February 2025, 00:30
Method: GETMETEO - Timeout : 300 - Cache : 1
URL CALLED : https://api.openweathermap.org/data/2.5/forecast/daily?q=Brussels,be&units=metric&cnt=4&appid=ea18c0706135505149200c3836f29800
-------------------------
________________________________________________
|             CALL API : START                |
________________________________________________

Informations : 
Called API: meteo - 19 February 2025, 00:30
Method: GETMETEO - Timeout : 300 - Cache : 1
URL CALLED : https://api.openweathermap.org/data/2.5/forecast/daily?q=Brussels,be&units=metric&cnt=4&appid=ea18c0706135505149200c3836f29800
-------------------------
{"city":{"id":2800866,"name":"Brussels","coord":{"lon":4.3488,"lat":50.8504},"country":"BE","population":1019022,"timezone":3600},"cod":"200","message":1.6738496,"cnt":4,"list":[{"dt":1739962800,"sunrise":1739947648,"sunset":1739984743,"temp":{"day":4.83,"min":-0.87,"max":7.67,"night":3.77,"eve":4.93,"morn":-0.67},"feels_like":{"day":1.58,"night":0.6,"eve":2.26,"morn":-5.11},"pressure":1020,"humidity":40,"weather":[{"id":804,"main":"Clouds","description":"overcast clouds","icon":"04d"}],"speed":4.38,"deg":97,"gust":10.18,"clouds":100,"pop":0},{"dt":1740049200,"sunrise":1740033930,"sunset":1740071249,"temp":{"day":8.7,"min":3.84,"max":11,"night":11,"eve":9.84,"morn":4.92},"feels_like":{"day":5.59,"night":10.4,"eve":7.12,"morn":1.97},"pressure":1021,"humidity":79,"weather":[{"id":500,"main":"Rain","description":"light rain","icon":"10d"}],"speed":6.46,"deg":196,"gust":15.35,"clouds":100,"pop":0.7,"rain":0.38},{"dt":1740135600,"sunrise":1740120211,"sunset":1740157755,"temp":{"day":15.09,"min":10.37,"max":16.85,"night":12.31,"eve":14.42,"morn":10.44},"feels_like":{"day":14.38,"night":11.53,"eve":13.75,"morn":9.92},"pressure":1019,"humidity":66,"weather":[{"id":500,"main":"Rain","description":"light rain","icon":"10d"}],"speed":7.12,"deg":173,"gust":15.1,"clouds":100,"pop":0.45,"rain":0.15},{"dt":1740222000,"sunrise":1740206491,"sunset":1740244260,"temp":{"day":12.1,"min":8.14,"max":12.1,"night":8.14,"eve":10.9,"morn":10.49},"feels_like":{"day":11.3,"night":5.16,"eve":10.4,"morn":9.58},"pressure":1017,"humidity":74,"weather":[{"id":500,"main":"Rain","description":"light rain","icon":"10d"}],"speed":6.11,"deg":201,"gust":13.58,"clouds":100,"pop":0.2,"rain":0.23}]}
--- ENF OF RECEIVED DATA ---

{"city":{"id":2800866,"name":"Brussels","coord":{"lon":4.3488,"lat":50.8504},"country":"BE","population":1019022,"timezone":3600},"cod":"200","message":1.6738496,"cnt":4,"list":[{"dt":1739962800,"sunrise":1739947648,"sunset":1739984743,"temp":{"day":4.83,"min":-0.87,"max":7.67,"night":3.77,"eve":4.93,"morn":-0.67},"feels_like":{"day":1.58,"night":0.6,"eve":2.26,"morn":-5.11},"pressure":1020,"humidity":40,"weather":[{"id":804,"main":"Clouds","description":"overcast clouds","icon":"04d"}],"speed":4.38,"deg":97,"gust":10.18,"clouds":100,"pop":0},{"dt":1740049200,"sunrise":1740033930,"sunset":1740071249,"temp":{"day":8.7,"min":3.84,"max":11,"night":11,"eve":9.84,"morn":4.92},"feels_like":{"day":5.59,"night":10.4,"eve":7.12,"morn":1.97},"pressure":1021,"humidity":79,"weather":[{"id":500,"main":"Rain","description":"light rain","icon":"10d"}],"speed":6.46,"deg":196,"gust":15.35,"clouds":100,"pop":0.7,"rain":0.38},{"dt":1740135600,"sunrise":1740120211,"sunset":1740157755,"temp":{"day":15.09,"min":10.37,"max":16.85,"night":12.31,"eve":14.42,"morn":10.44},"feels_like":{"day":14.38,"night":11.53,"eve":13.75,"morn":9.92},"pressure":1019,"humidity":66,"weather":[{"id":500,"main":"Rain","description":"light rain","icon":"10d"}],"speed":7.12,"deg":173,"gust":15.1,"clouds":100,"pop":0.45,"rain":0.15},{"dt":1740222000,"sunrise":1740206491,"sunset":1740244260,"temp":{"day":12.1,"min":8.14,"max":12.1,"night":8.14,"eve":10.9,"morn":10.49},"feels_like":{"day":11.3,"night":5.16,"eve":10.4,"morn":9.58},"pressure":1017,"humidity":74,"weather":[{"id":500,"main":"Rain","description":"light rain","icon":"10d"}],"speed":6.11,"deg":201,"gust":13.58,"clouds":100,"pop":0.2,"rain":0.23}]}
--- ENF OF RECEIVED DATA ---

