________________________________________________
|             CALL API : START                |
________________________________________________

Informations : 
Called API: meteo - 16 August 2023, 19:30
Method: GETMETEO - Timeout : 300 - Cache : 1
URL CALLED : https://api.openweathermap.org/data/2.5/forecast/daily?q=Brussels,be&units=metric&cnt=4&appid=ea18c0706135505149200c3836f29800
-------------------------
________________________________________________
|             CALL API : START                |
________________________________________________

Informations : 
Called API: meteo - 16 August 2023, 19:30
Method: GETMETEO - Timeout : 300 - Cache : 1
URL CALLED : https://api.openweathermap.org/data/2.5/forecast/daily?q=Brussels,be&units=metric&cnt=4&appid=ea18c0706135505149200c3836f29800
-------------------------
{"city":{"id":2800866,"name":"Brussels","coord":{"lon":4.3488,"lat":50.8504},"country":"BE","population":1019022,"timezone":7200},"cod":"200","message":4.37836,"cnt":4,"list":[{"dt":1692183600,"sunrise":1692160257,"sunset":1692212596,"temp":{"day":21.49,"min":18.05,"max":23.84,"night":19.36,"eve":22.16,"morn":18.05},"feels_like":{"day":21.47,"night":19.31,"eve":22.23,"morn":17.76},"pressure":1020,"humidity":68,"weather":[{"id":804,"main":"Clouds","description":"overcast clouds","icon":"04d"}],"speed":4.39,"deg":55,"gust":8.02,"clouds":100,"pop":0.08},{"dt":1692270000,"sunrise":1692246750,"sunset":1692298879,"temp":{"day":23.23,"min":14.82,"max":24.19,"night":17.03,"eve":21.86,"morn":15.37},"feels_like":{"day":23.23,"night":17.24,"eve":21.98,"morn":15.23},"pressure":1018,"humidity":62,"weather":[{"id":802,"main":"Clouds","description":"scattered clouds","icon":"03d"}],"speed":5.04,"deg":50,"gust":8.79,"clouds":35,"pop":0.01},{"dt":1692356400,"sunrise":1692333243,"sunset":1692385162,"temp":{"day":26.93,"min":14.75,"max":29.85,"night":22.6,"eve":27.41,"morn":14.8},"feels_like":{"day":27.99,"night":23.14,"eve":28.62,"morn":14.87},"pressure":1014,"humidity":60,"weather":[{"id":501,"main":"Rain","description":"moderate rain","icon":"10d"}],"speed":3.68,"deg":61,"gust":7.81,"clouds":31,"pop":0.82,"rain":2.29},{"dt":1692442800,"sunrise":1692419737,"sunset":1692471443,"temp":{"day":23.11,"min":18.63,"max":27.08,"night":18.63,"eve":23.25,"morn":21.92},"feels_like":{"day":23.67,"night":18.35,"eve":23.25,"morn":22.2},"pressure":1016,"humidity":84,"weather":[{"id":500,"main":"Rain","description":"light rain","icon":"10d"}],"speed":6.24,"deg":230,"gust":11.88,"clouds":100,"pop":0.88,"rain":1.36}]}
--- ENF OF RECEIVED DATA ---

{"city":{"id":2800866,"name":"Brussels","coord":{"lon":4.3488,"lat":50.8504},"country":"BE","population":1019022,"timezone":7200},"cod":"200","message":4.37836,"cnt":4,"list":[{"dt":1692183600,"sunrise":1692160257,"sunset":1692212596,"temp":{"day":21.49,"min":18.05,"max":23.84,"night":19.36,"eve":22.16,"morn":18.05},"feels_like":{"day":21.47,"night":19.31,"eve":22.23,"morn":17.76},"pressure":1020,"humidity":68,"weather":[{"id":804,"main":"Clouds","description":"overcast clouds","icon":"04d"}],"speed":4.39,"deg":55,"gust":8.02,"clouds":100,"pop":0.08},{"dt":1692270000,"sunrise":1692246750,"sunset":1692298879,"temp":{"day":23.23,"min":14.82,"max":24.19,"night":17.03,"eve":21.86,"morn":15.37},"feels_like":{"day":23.23,"night":17.24,"eve":21.98,"morn":15.23},"pressure":1018,"humidity":62,"weather":[{"id":802,"main":"Clouds","description":"scattered clouds","icon":"03d"}],"speed":5.04,"deg":50,"gust":8.79,"clouds":35,"pop":0.01},{"dt":1692356400,"sunrise":1692333243,"sunset":1692385162,"temp":{"day":26.93,"min":14.75,"max":29.85,"night":22.6,"eve":27.41,"morn":14.8},"feels_like":{"day":27.99,"night":23.14,"eve":28.62,"morn":14.87},"pressure":1014,"humidity":60,"weather":[{"id":501,"main":"Rain","description":"moderate rain","icon":"10d"}],"speed":3.68,"deg":61,"gust":7.81,"clouds":31,"pop":0.82,"rain":2.29},{"dt":1692442800,"sunrise":1692419737,"sunset":1692471443,"temp":{"day":23.11,"min":18.63,"max":27.08,"night":18.63,"eve":23.25,"morn":21.92},"feels_like":{"day":23.67,"night":18.35,"eve":23.25,"morn":22.2},"pressure":1016,"humidity":84,"weather":[{"id":500,"main":"Rain","description":"light rain","icon":"10d"}],"speed":6.24,"deg":230,"gust":11.88,"clouds":100,"pop":0.88,"rain":1.36}]}
--- ENF OF RECEIVED DATA ---

