________________________________________________
|             CALL API : START                |
________________________________________________

Informations : 
Called API: meteo - 27 November 2023, 18:40
Method: GETMETEO - Timeout : 300 - Cache : 1
URL CALLED : https://api.openweathermap.org/data/2.5/forecast/daily?q=Brussels,be&units=metric&cnt=4&appid=ea18c0706135505149200c3836f29800
-------------------------
________________________________________________
|             CALL API : START                |
________________________________________________

Informations : 
Called API: meteo - 27 November 2023, 18:40
Method: GETMETEO - Timeout : 300 - Cache : 1
URL CALLED : https://api.openweathermap.org/data/2.5/forecast/daily?q=Brussels,be&units=metric&cnt=4&appid=ea18c0706135505149200c3836f29800
-------------------------
{"city":{"id":2800866,"name":"Brussels","coord":{"lon":4.3488,"lat":50.8504},"country":"BE","population":1019022,"timezone":3600},"cod":"200","message":0.058407,"cnt":4,"list":[{"dt":1701082800,"sunrise":1701069412,"sunset":1701099822,"temp":{"day":5.34,"min":3.82,"max":7.8,"night":3.82,"eve":7.66,"morn":3.99},"feels_like":{"day":0.4,"night":-0.67,"eve":4.94,"morn":-1.35},"pressure":997,"humidity":94,"weather":[{"id":501,"main":"Rain","description":"moderate rain","icon":"10d"}],"speed":9.49,"deg":211,"gust":17.7,"clouds":100,"pop":1,"rain":19.16},{"dt":1701169200,"sunrise":1701155901,"sunset":1701186174,"temp":{"day":3.43,"min":1.3,"max":4,"night":2.32,"eve":1.3,"morn":2.66},"feels_like":{"day":-0.29,"night":-1.71,"eve":1.3,"morn":-2.33},"pressure":1009,"humidity":71,"weather":[{"id":600,"main":"Snow","description":"light snow","icon":"13d"}],"speed":6.81,"deg":8,"gust":11.11,"clouds":42,"pop":0.8,"snow":0.13},{"dt":1701255600,"sunrise":1701242388,"sunset":1701272528,"temp":{"day":4.8,"min":0.48,"max":5.37,"night":3.5,"eve":2.8,"morn":0.48},"feels_like":{"day":0.6,"night":1.18,"eve":-0.95,"morn":-4.15},"pressure":1006,"humidity":80,"weather":[{"id":803,"main":"Clouds","description":"broken clouds","icon":"04d"}],"speed":6.17,"deg":235,"gust":11.21,"clouds":68,"pop":0.4},{"dt":1701342000,"sunrise":1701328873,"sunset":1701358885,"temp":{"day":2.68,"min":-0.33,"max":3.45,"night":-0.33,"eve":0.82,"morn":2.65},"feels_like":{"day":-1.91,"night":-5.85,"eve":-3.96,"morn":-0.59},"pressure":999,"humidity":86,"weather":[{"id":600,"main":"Snow","description":"light snow","icon":"13d"}],"speed":5.96,"deg":51,"gust":11.2,"clouds":100,"pop":0.6,"snow":0.75}]}
--- ENF OF RECEIVED DATA ---

{"city":{"id":2800866,"name":"Brussels","coord":{"lon":4.3488,"lat":50.8504},"country":"BE","population":1019022,"timezone":3600},"cod":"200","message":0.058407,"cnt":4,"list":[{"dt":1701082800,"sunrise":1701069412,"sunset":1701099822,"temp":{"day":5.34,"min":3.82,"max":7.8,"night":3.82,"eve":7.66,"morn":3.99},"feels_like":{"day":0.4,"night":-0.67,"eve":4.94,"morn":-1.35},"pressure":997,"humidity":94,"weather":[{"id":501,"main":"Rain","description":"moderate rain","icon":"10d"}],"speed":9.49,"deg":211,"gust":17.7,"clouds":100,"pop":1,"rain":19.16},{"dt":1701169200,"sunrise":1701155901,"sunset":1701186174,"temp":{"day":3.43,"min":1.3,"max":4,"night":2.32,"eve":1.3,"morn":2.66},"feels_like":{"day":-0.29,"night":-1.71,"eve":1.3,"morn":-2.33},"pressure":1009,"humidity":71,"weather":[{"id":600,"main":"Snow","description":"light snow","icon":"13d"}],"speed":6.81,"deg":8,"gust":11.11,"clouds":42,"pop":0.8,"snow":0.13},{"dt":1701255600,"sunrise":1701242388,"sunset":1701272528,"temp":{"day":4.8,"min":0.48,"max":5.37,"night":3.5,"eve":2.8,"morn":0.48},"feels_like":{"day":0.6,"night":1.18,"eve":-0.95,"morn":-4.15},"pressure":1006,"humidity":80,"weather":[{"id":803,"main":"Clouds","description":"broken clouds","icon":"04d"}],"speed":6.17,"deg":235,"gust":11.21,"clouds":68,"pop":0.4},{"dt":1701342000,"sunrise":1701328873,"sunset":1701358885,"temp":{"day":2.68,"min":-0.33,"max":3.45,"night":-0.33,"eve":0.82,"morn":2.65},"feels_like":{"day":-1.91,"night":-5.85,"eve":-3.96,"morn":-0.59},"pressure":999,"humidity":86,"weather":[{"id":600,"main":"Snow","description":"light snow","icon":"13d"}],"speed":5.96,"deg":51,"gust":11.2,"clouds":100,"pop":0.6,"snow":0.75}]}
--- ENF OF RECEIVED DATA ---

