________________________________________________
|             CALL API : START                |
________________________________________________

Informations : 
Called API: meteo - 4 April 2025, 16:40
Method: GETMETEO - Timeout : 300 - Cache : 1
URL CALLED : https://api.openweathermap.org/data/2.5/forecast/daily?q=Brussels,be&units=metric&cnt=4&appid=ea18c0706135505149200c3836f29800
-------------------------
________________________________________________
|             CALL API : START                |
________________________________________________

Informations : 
Called API: meteo - 4 April 2025, 16:40
Method: GETMETEO - Timeout : 300 - Cache : 1
URL CALLED : https://api.openweathermap.org/data/2.5/forecast/daily?q=Brussels,be&units=metric&cnt=4&appid=ea18c0706135505149200c3836f29800
-------------------------
{"city":{"id":2800866,"name":"Brussels","coord":{"lon":4.3488,"lat":50.8504},"country":"BE","population":1019022,"timezone":7200},"cod":"200","message":0.8308805,"cnt":4,"list":[{"dt":1743764400,"sunrise":1743743495,"sunset":1743790750,"temp":{"day":21.54,"min":6.91,"max":23.64,"night":13.02,"eve":22.34,"morn":6.91},"feels_like":{"day":20.66,"night":11.92,"eve":21.57,"morn":5.18},"pressure":1019,"humidity":35,"weather":[{"id":800,"main":"Clear","description":"sky is clear","icon":"01d"}],"speed":5.23,"deg":79,"gust":11.67,"clouds":1,"pop":0},{"dt":1743850800,"sunrise":1743829763,"sunset":1743877247,"temp":{"day":17.2,"min":4.55,"max":18.76,"night":11.54,"eve":16.01,"morn":4.55},"feels_like":{"day":15.99,"night":10.03,"eve":14.87,"morn":1.86},"pressure":1017,"humidity":39,"weather":[{"id":800,"main":"Clear","description":"sky is clear","icon":"01d"}],"speed":6.36,"deg":59,"gust":12.78,"clouds":9,"pop":0},{"dt":1743937200,"sunrise":1743916031,"sunset":1743963744,"temp":{"day":10.64,"min":5.16,"max":12.47,"night":6.6,"eve":11.62,"morn":5.71},"feels_like":{"day":8.57,"night":3.58,"eve":9.73,"morn":1.56},"pressure":1024,"humidity":31,"weather":[{"id":800,"main":"Clear","description":"sky is clear","icon":"01d"}],"speed":7.85,"deg":85,"gust":14.04,"clouds":2,"pop":0},{"dt":1744023600,"sunrise":1744002299,"sunset":1744050242,"temp":{"day":11.38,"min":2.46,"max":13.91,"night":7.62,"eve":10.73,"morn":2.46},"feels_like":{"day":9.54,"night":5.73,"eve":9.09,"morn":-0.73},"pressure":1028,"humidity":37,"weather":[{"id":800,"main":"Clear","description":"sky is clear","icon":"01d"}],"speed":5.01,"deg":78,"gust":9.66,"clouds":10,"pop":0}]}
--- ENF OF RECEIVED DATA ---

{"city":{"id":2800866,"name":"Brussels","coord":{"lon":4.3488,"lat":50.8504},"country":"BE","population":1019022,"timezone":7200},"cod":"200","message":0.8308805,"cnt":4,"list":[{"dt":1743764400,"sunrise":1743743495,"sunset":1743790750,"temp":{"day":21.54,"min":6.91,"max":23.64,"night":13.02,"eve":22.34,"morn":6.91},"feels_like":{"day":20.66,"night":11.92,"eve":21.57,"morn":5.18},"pressure":1019,"humidity":35,"weather":[{"id":800,"main":"Clear","description":"sky is clear","icon":"01d"}],"speed":5.23,"deg":79,"gust":11.67,"clouds":1,"pop":0},{"dt":1743850800,"sunrise":1743829763,"sunset":1743877247,"temp":{"day":17.2,"min":4.55,"max":18.76,"night":11.54,"eve":16.01,"morn":4.55},"feels_like":{"day":15.99,"night":10.03,"eve":14.87,"morn":1.86},"pressure":1017,"humidity":39,"weather":[{"id":800,"main":"Clear","description":"sky is clear","icon":"01d"}],"speed":6.36,"deg":59,"gust":12.78,"clouds":9,"pop":0},{"dt":1743937200,"sunrise":1743916031,"sunset":1743963744,"temp":{"day":10.64,"min":5.16,"max":12.47,"night":6.6,"eve":11.62,"morn":5.71},"feels_like":{"day":8.57,"night":3.58,"eve":9.73,"morn":1.56},"pressure":1024,"humidity":31,"weather":[{"id":800,"main":"Clear","description":"sky is clear","icon":"01d"}],"speed":7.85,"deg":85,"gust":14.04,"clouds":2,"pop":0},{"dt":1744023600,"sunrise":1744002299,"sunset":1744050242,"temp":{"day":11.38,"min":2.46,"max":13.91,"night":7.62,"eve":10.73,"morn":2.46},"feels_like":{"day":9.54,"night":5.73,"eve":9.09,"morn":-0.73},"pressure":1028,"humidity":37,"weather":[{"id":800,"main":"Clear","description":"sky is clear","icon":"01d"}],"speed":5.01,"deg":78,"gust":9.66,"clouds":10,"pop":0}]}
--- ENF OF RECEIVED DATA ---

