________________________________________________
|             CALL API : START                |
________________________________________________

Informations : 
Called API: meteo - 1 January 2025, 13:00
Method: GETMETEO - Timeout : 300 - Cache : 1
URL CALLED : https://api.openweathermap.org/data/2.5/forecast/daily?q=Brussels,be&units=metric&cnt=4&appid=ea18c0706135505149200c3836f29800
-------------------------
________________________________________________
|             CALL API : START                |
________________________________________________

Informations : 
Called API: meteo - 1 January 2025, 13:00
Method: GETMETEO - Timeout : 300 - Cache : 1
URL CALLED : https://api.openweathermap.org/data/2.5/forecast/daily?q=Brussels,be&units=metric&cnt=4&appid=ea18c0706135505149200c3836f29800
-------------------------
{"city":{"id":2800866,"name":"Brussels","coord":{"lon":4.3488,"lat":50.8504},"country":"BE","population":1019022,"timezone":3600},"cod":"200","message":0.0120316,"cnt":4,"list":[{"dt":1735729200,"sunrise":1735717501,"sunset":1735746424,"temp":{"day":7.6,"min":4.72,"max":10.33,"night":6.03,"eve":9.74,"morn":4.96},"feels_like":{"day":2.55,"night":2.47,"eve":5.24,"morn":-0.46},"pressure":1013,"humidity":83,"weather":[{"id":501,"main":"Rain","description":"moderate rain","icon":"10d"}],"speed":13.58,"deg":224,"gust":24.65,"clouds":80,"pop":1,"rain":8.4},{"dt":1735815600,"sunrise":1735803894,"sunset":1735832886,"temp":{"day":5.87,"min":1.87,"max":6.5,"night":1.87,"eve":3.66,"morn":5.17},"feels_like":{"day":3.4,"night":-1.05,"eve":1.12,"morn":1.75},"pressure":1015,"humidity":80,"weather":[{"id":501,"main":"Rain","description":"moderate rain","icon":"10d"}],"speed":5.61,"deg":268,"gust":9.86,"clouds":92,"pop":1,"rain":8.09},{"dt":1735902000,"sunrise":1735890284,"sunset":1735919351,"temp":{"day":3.04,"min":0.41,"max":4.03,"night":2.51,"eve":3.19,"morn":0.68},"feels_like":{"day":-1.33,"night":0.03,"eve":-0.11,"morn":-3.5},"pressure":1024,"humidity":76,"weather":[{"id":802,"main":"Clouds","description":"scattered clouds","icon":"03d"}],"speed":5.7,"deg":262,"gust":9.84,"clouds":29,"pop":0},{"dt":1735988400,"sunrise":1735976670,"sunset":1736005818,"temp":{"day":2.43,"min":-0.05,"max":2.74,"night":0.94,"eve":1.81,"morn":0.77},"feels_like":{"day":-0.26,"night":-2.66,"eve":-1.85,"morn":-2.4},"pressure":1021,"humidity":69,"weather":[{"id":600,"main":"Snow","description":"light snow","icon":"13d"}],"speed":3.69,"deg":152,"gust":7.82,"clouds":100,"pop":0.29,"snow":0.3}]}
--- ENF OF RECEIVED DATA ---

{"city":{"id":2800866,"name":"Brussels","coord":{"lon":4.3488,"lat":50.8504},"country":"BE","population":1019022,"timezone":3600},"cod":"200","message":0.0120316,"cnt":4,"list":[{"dt":1735729200,"sunrise":1735717501,"sunset":1735746424,"temp":{"day":7.6,"min":4.72,"max":10.33,"night":6.03,"eve":9.74,"morn":4.96},"feels_like":{"day":2.55,"night":2.47,"eve":5.24,"morn":-0.46},"pressure":1013,"humidity":83,"weather":[{"id":501,"main":"Rain","description":"moderate rain","icon":"10d"}],"speed":13.58,"deg":224,"gust":24.65,"clouds":80,"pop":1,"rain":8.4},{"dt":1735815600,"sunrise":1735803894,"sunset":1735832886,"temp":{"day":5.87,"min":1.87,"max":6.5,"night":1.87,"eve":3.66,"morn":5.17},"feels_like":{"day":3.4,"night":-1.05,"eve":1.12,"morn":1.75},"pressure":1015,"humidity":80,"weather":[{"id":501,"main":"Rain","description":"moderate rain","icon":"10d"}],"speed":5.61,"deg":268,"gust":9.86,"clouds":92,"pop":1,"rain":8.09},{"dt":1735902000,"sunrise":1735890284,"sunset":1735919351,"temp":{"day":3.04,"min":0.41,"max":4.03,"night":2.51,"eve":3.19,"morn":0.68},"feels_like":{"day":-1.33,"night":0.03,"eve":-0.11,"morn":-3.5},"pressure":1024,"humidity":76,"weather":[{"id":802,"main":"Clouds","description":"scattered clouds","icon":"03d"}],"speed":5.7,"deg":262,"gust":9.84,"clouds":29,"pop":0},{"dt":1735988400,"sunrise":1735976670,"sunset":1736005818,"temp":{"day":2.43,"min":-0.05,"max":2.74,"night":0.94,"eve":1.81,"morn":0.77},"feels_like":{"day":-0.26,"night":-2.66,"eve":-1.85,"morn":-2.4},"pressure":1021,"humidity":69,"weather":[{"id":600,"main":"Snow","description":"light snow","icon":"13d"}],"speed":3.69,"deg":152,"gust":7.82,"clouds":100,"pop":0.29,"snow":0.3}]}
--- ENF OF RECEIVED DATA ---

