________________________________________________
|             CALL API : START                |
________________________________________________

Informations : 
Called API: meteo - 15 January 2023, 06:10
Method: GETMETEO - Timeout : 300 - Cache : 1
URL CALLED : https://rmipro.meteo.be/products/bx1/5373bc0393d004fc/web_forecast
-------------------------
________________________________________________
|             CALL API : START                |
________________________________________________

Informations : 
Called API: meteo - 15 January 2023, 06:10
Method: GETMETEO - Timeout : 300 - Cache : 1
URL CALLED : https://rmipro.meteo.be/products/bx1/5373bc0393d004fc/web_forecast
-------------------------
<?xml version='1.0' encoding='UTF-8'?>
<meteo>
  <generationDate>15/01/2023 04:58</generationDate>
  <forecast date="20230115" period="PM">
    <titledate>15/01/23</titledate>
    <titleday>dimanche</titleday>
    <data>
      <city>Ostende</city>
      <tempMax>7 </tempMax>
      <weathertype>TJ11</weathertype>
    </data>
    <data>
      <city>Anvers</city>
      <tempMax>7 </tempMax>
      <weathertype>TJ11</weathertype>
    </data>
    <data>
      <city>Bruxelles</city>
      <tempMax>7 </tempMax>
      <weathertype>TJ11</weathertype>
    </data>
    <data>
      <city>Namur</city>
      <tempMax>6 </tempMax>
      <weathertype>TJ11</weathertype>
    </data>
    <data>
      <city>Liege</city>
      <tempMax>6 </tempMax>
      <weathertype>TJ11</weathertype>
    </data>
    <data>
      <city>Arlon</city>
      <tempMax>4 </tempMax>
      <weathertype>TJ11</weathertype>
    </data>
  </forecast>
  <forecast date="20230115" period="NIGHT">
    <titledate>15/01/23</titledate>
    <titleday>dimanche</titleday>
    <data>
      <city>Ostende</city>
      <tempMin>3 </tempMin>
      <weathertype>TNN2</weathertype>
    </data>
    <data>
      <city>Anvers</city>
      <tempMin>3 </tempMin>
      <weathertype>TNN11</weathertype>
    </data>
    <data>
      <city>Bruxelles</city>
      <tempMin>3 </tempMin>
      <weathertype>TNN11</weathertype>
    </data>
    <data>
      <city>Namur</city>
      <tempMin>2 </tempMin>
      <weathertype>TNN10</weathertype>
    </data>
    <data>
      <city>Liege</city>
      <tempMin>4 </tempMin>
      <weathertype>TNN10</weathertype>
    </data>
    <data>
      <city>Arlon</city>
      <tempMin>1 </tempMin>
      <weathertype>TNN10</weathertype>
    </data>
  </forecast>
  <forecast date="20230116" period="AM">
    <titledate>16/01/23</titledate>
    <titleday>lundi</titleday>
    <data>
      <city>Ostende</city>
      <tempMax>5 </tempMax>
      <weathertype>TJ6</weathertype>
    </data>
    <data>
      <city>Anvers</city>
      <tempMax>0 </tempMax>
      <weathertype>TJ9</weathertype>
    </data>
    <data>
      <city>Bruxelles</city>
      <tempMax>1 </tempMax>
      <weathertype>TJ9</weathertype>
    </data>
    <data>
      <city>Namur</city>
      <tempMax>3 </tempMax>
      <weathertype>TJ9</weathertype>
    </data>
    <data>
      <city>Liege</city>
      <tempMax>2 </tempMax>
      <weathertype>TJ9</weathertype>
    </data>
    <data>
      <city>Arlon</city>
      <tempMax>0 </tempMax>
      <weathertype>TJ9</weathertype>
    </data>
  </forecast>
  <forecast date="20230116" period="PM">
    <titledate>16/01/23</titledate>
    <titleday>lundi</titleday>
    <data>
      <city>Ostende</city>
      <tempMax>5 </tempMax>
      <weathertype>TJ11</weathertype>
    </data>
    <data>
      <city>Anvers</city>
      <tempMax>3 </tempMax>
      <weathertype>TJ11</weathertype>
    </data>
    <data>
      <city>Bruxelles</city>
      <tempMax>3 </tempMax>
      <weathertype>TJ11</weathertype>
    </data>
    <data>
      <city>Namur</city>
      <tempMax>3 </tempMax>
      <weathertype>TJ8</weathertype>
    </data>
    <data>
      <city>Liege</city>
      <tempMax>2 </tempMax>
      <weathertype>TJ8</weathertype>
    </data>
    <data>
      <city>Arlon</city>
      <tempMax>1 </tempMax>
      <weathertype>TJ8</weathertype>
    </data>
  </forecast>
  <forecast date="20230117" period="DAY">
    <titledate>17/01/23</titledate>
    <titleday>mardi</titleday>
    <data>
      <city>Ostende</city>
      <tempMin>-3 </tempMin>
      <tempMax>2 </tempMax>
      <weathertype>TJ2</weathertype>
    </data>
    <data>
      <city>Anvers</city>
      <tempMin>-3 </tempMin>
      <tempMax>1 </tempMax>
      <weathertype>TJ2</weathertype>
    </data>
    <data>
      <city>Bruxelles</city>
      <tempMin>-3 </tempMin>
      <tempMax>1 </tempMax>
      <weathertype>TJ2</weathertype>
    </data>
    <data>
      <city>Namur</city>
      <tempMin>-4 </tempMin>
      <tempMax>-2 </tempMax>
      <weathertype>TJ3</weathertype>
    </data>
    <data>
      <city>Liege</city>
      <tempMin>-3 </tempMin>
      <tempMax>1 </tempMax>
      <weathertype>TJ2</weathertype>
    </data>
    <data>
      <city>Arlon</city>
      <tempMin>-4 </tempMin>
      <tempMax>-2 </tempMax>
      <weathertype>TJ3</weathertype>
    </data>
  </forecast>
  <forecast date="20230118" period="DAY">
    <titledate>18/01/23</titledate>
    <titleday>mercredi</titleday>
    <data>
      <city>Ostende</city>
      <tempMin>1 </tempMin>
      <tempMax>4 </tempMax>
      <weathertype>TJ2</weathertype>
    </data>
    <data>
      <city>Anvers</city>
      <tempMin>-3 </tempMin>
      <tempMax>1 </tempMax>
      <weathertype>TJ2</weathertype>
    </data>
    <data>
      <city>Bruxelles</city>
      <tempMin>-3 </tempMin>
      <tempMax>1 </tempMax>
      <weathertype>TJ2</weathertype>
    </data>
    <data>
      <city>Namur</city>
      <tempMin>-8 </tempMin>
      <tempMax>-1 </tempMax>
      <weathertype>TJ8</weathertype>
    </data>
    <data>
      <city>Liege</city>
      <tempMin>-5 </tempMin>
      <tempMax>1 </tempMax>
      <weathertype>TJ2</weathertype>
    </data>
    <data>
      <city>Arlon</city>
      <tempMin>-8 </tempMin>
      <tempMax>-1 </tempMax>
      <weathertype>TJ8</weathertype>
    </data>
  </forecast>
  <forecast date="20230119" period="DAY">
    <titledate>19/01/23</titledate>
    <titleday>jeudi</titleday>
    <data>
      <city>Ostende</city>
      <tempMin>2 </tempMin>
      <tempMax>5 </tempMax>
      <weathertype>TJ11</weathertype>
    </data>
    <data>
      <city>Anvers</city>
      <tempMin>-3 </tempMin>
      <tempMax>2 </tempMax>
      <weathertype>TJ11</weathertype>
    </data>
    <data>
      <city>Bruxelles</city>
      <tempMin>-3 </tempMin>
      <tempMax>2 </tempMax>
      <weathertype>TJ11</weathertype>
    </data>
    <data>
      <city>Namur</city>
      <tempMin>-4 </tempMin>
      <tempMax>-2 </tempMax>
      <weathertype>TJ2</weathertype>
    </data>
    <data>
      <city>Liege</city>
      <tempMin>-2 </tempMin>
      <tempMax>2 </tempMax>
      <weathertype>TJ11</weathertype>
    </data>
    <data>
      <city>Arlon</city>
      <tempMin>-4 </tempMin>
      <tempMax>-2 </tempMax>
      <weathertype>TJ2</weathertype>
    </data>
  </forecast>
  <forecast_foreign date="20230115" period="DAY">
    <titledate>15/01/23</titledate>
    <titleday>dimanche</titleday>
    <data>
      <city>Paris</city>
      <temp>9 </temp>
      <weathertype>TJ1</weathertype>
    </data>
    <data>
      <city>Londres</city>
      <temp>8 </temp>
      <weathertype>TJ1</weathertype>
    </data>
    <data>
      <city>Amsterdam</city>
      <temp>8 </temp>
      <weathertype>TJ11</weathertype>
    </data>
  </forecast_foreign>
  <forecast_foreign date="20230116" period="DAY">
    <titledate>16/01/23</titledate>
    <titleday>lundi</titleday>
    <data>
      <city>Paris</city>
      <temp>6 </temp>
      <weathertype>TJ7</weathertype>
    </data>
    <data>
      <city>Londres</city>
      <temp>4 </temp>
      <weathertype>TJ4</weathertype>
    </data>
    <data>
      <city>Amsterdam</city>
      <temp>5 </temp>
      <weathertype>TJ4</weathertype>
    </data>
  </forecast_foreign>
  <Ephemerides>
    <Ephemeride>
      <titledate>15/01/23</titledate>
      <titleday>dimanche</titleday>
      <data>
        <sunRise>08:37</sunRise>
        <sunSet>17:06</sunSet>
        <gain>2 </gain>
      </data>
    </Ephemeride>
    <Ephemeride>
      <titledate>16/01/23</titledate>
      <titleday>lundi</titleday>
      <data>
        <sunRise>08:36</sunRise>
        <sunSet>17:08</sunSet>
        <gain>3 </gain>
      </data>
    </Ephemeride>
    <Ephemeride>
      <titledate>17/01/23</titledate>
      <titleday>mardi</titleday>
      <data>
        <sunRise>08:35</sunRise>
        <sunSet>17:09</sunSet>
        <gain>2 </gain>
      </data>
    </Ephemeride>
    <Ephemeride>
      <titledate>18/01/23</titledate>
      <titleday>mercredi</titleday>
      <data>
        <sunRise>08:34</sunRise>
        <sunSet>17:11</sunSet>
        <gain>3 </gain>
      </data>
    </Ephemeride>
  </Ephemerides>
  <indices>
    <indice>
      <titledate>15/01/23</titledate>
      <titleday>dimanche</titleday>
      <data>
        <value>2</value>
        <evaluation>très bonne</evaluation>
      </data>
    </indice>
    <indice>
      <titledate>16/01/23</titledate>
      <titleday>lundi</titleday>
      <data>
        <value>3</value>
        <evaluation>bonne</evaluation>
      </data>
    </indice>
    <indice>
      <titledate>17/01/23</titledate>
      <titleday>mardi</titleday>
      <data>
        <value>6</value>
        <evaluation>médiocre</evaluation>
      </data>
    </indice>
  </indices>
</meteo>

--- ENF OF RECEIVED DATA ---

<?xml version='1.0' encoding='UTF-8'?>
<meteo>
  <generationDate>15/01/2023 04:58</generationDate>
  <forecast date="20230115" period="PM">
    <titledate>15/01/23</titledate>
    <titleday>dimanche</titleday>
    <data>
      <city>Ostende</city>
      <tempMax>7 </tempMax>
      <weathertype>TJ11</weathertype>
    </data>
    <data>
      <city>Anvers</city>
      <tempMax>7 </tempMax>
      <weathertype>TJ11</weathertype>
    </data>
    <data>
      <city>Bruxelles</city>
      <tempMax>7 </tempMax>
      <weathertype>TJ11</weathertype>
    </data>
    <data>
      <city>Namur</city>
      <tempMax>6 </tempMax>
      <weathertype>TJ11</weathertype>
    </data>
    <data>
      <city>Liege</city>
      <tempMax>6 </tempMax>
      <weathertype>TJ11</weathertype>
    </data>
    <data>
      <city>Arlon</city>
      <tempMax>4 </tempMax>
      <weathertype>TJ11</weathertype>
    </data>
  </forecast>
  <forecast date="20230115" period="NIGHT">
    <titledate>15/01/23</titledate>
    <titleday>dimanche</titleday>
    <data>
      <city>Ostende</city>
      <tempMin>3 </tempMin>
      <weathertype>TNN2</weathertype>
    </data>
    <data>
      <city>Anvers</city>
      <tempMin>3 </tempMin>
      <weathertype>TNN11</weathertype>
    </data>
    <data>
      <city>Bruxelles</city>
      <tempMin>3 </tempMin>
      <weathertype>TNN11</weathertype>
    </data>
    <data>
      <city>Namur</city>
      <tempMin>2 </tempMin>
      <weathertype>TNN10</weathertype>
    </data>
    <data>
      <city>Liege</city>
      <tempMin>4 </tempMin>
      <weathertype>TNN10</weathertype>
    </data>
    <data>
      <city>Arlon</city>
      <tempMin>1 </tempMin>
      <weathertype>TNN10</weathertype>
    </data>
  </forecast>
  <forecast date="20230116" period="AM">
    <titledate>16/01/23</titledate>
    <titleday>lundi</titleday>
    <data>
      <city>Ostende</city>
      <tempMax>5 </tempMax>
      <weathertype>TJ6</weathertype>
    </data>
    <data>
      <city>Anvers</city>
      <tempMax>0 </tempMax>
      <weathertype>TJ9</weathertype>
    </data>
    <data>
      <city>Bruxelles</city>
      <tempMax>1 </tempMax>
      <weathertype>TJ9</weathertype>
    </data>
    <data>
      <city>Namur</city>
      <tempMax>3 </tempMax>
      <weathertype>TJ9</weathertype>
    </data>
    <data>
      <city>Liege</city>
      <tempMax>2 </tempMax>
      <weathertype>TJ9</weathertype>
    </data>
    <data>
      <city>Arlon</city>
      <tempMax>0 </tempMax>
      <weathertype>TJ9</weathertype>
    </data>
  </forecast>
  <forecast date="20230116" period="PM">
    <titledate>16/01/23</titledate>
    <titleday>lundi</titleday>
    <data>
      <city>Ostende</city>
      <tempMax>5 </tempMax>
      <weathertype>TJ11</weathertype>
    </data>
    <data>
      <city>Anvers</city>
      <tempMax>3 </tempMax>
      <weathertype>TJ11</weathertype>
    </data>
    <data>
      <city>Bruxelles</city>
      <tempMax>3 </tempMax>
      <weathertype>TJ11</weathertype>
    </data>
    <data>
      <city>Namur</city>
      <tempMax>3 </tempMax>
      <weathertype>TJ8</weathertype>
    </data>
    <data>
      <city>Liege</city>
      <tempMax>2 </tempMax>
      <weathertype>TJ8</weathertype>
    </data>
    <data>
      <city>Arlon</city>
      <tempMax>1 </tempMax>
      <weathertype>TJ8</weathertype>
    </data>
  </forecast>
  <forecast date="20230117" period="DAY">
    <titledate>17/01/23</titledate>
    <titleday>mardi</titleday>
    <data>
      <city>Ostende</city>
      <tempMin>-3 </tempMin>
      <tempMax>2 </tempMax>
      <weathertype>TJ2</weathertype>
    </data>
    <data>
      <city>Anvers</city>
      <tempMin>-3 </tempMin>
      <tempMax>1 </tempMax>
      <weathertype>TJ2</weathertype>
    </data>
    <data>
      <city>Bruxelles</city>
      <tempMin>-3 </tempMin>
      <tempMax>1 </tempMax>
      <weathertype>TJ2</weathertype>
    </data>
    <data>
      <city>Namur</city>
      <tempMin>-4 </tempMin>
      <tempMax>-2 </tempMax>
      <weathertype>TJ3</weathertype>
    </data>
    <data>
      <city>Liege</city>
      <tempMin>-3 </tempMin>
      <tempMax>1 </tempMax>
      <weathertype>TJ2</weathertype>
    </data>
    <data>
      <city>Arlon</city>
      <tempMin>-4 </tempMin>
      <tempMax>-2 </tempMax>
      <weathertype>TJ3</weathertype>
    </data>
  </forecast>
  <forecast date="20230118" period="DAY">
    <titledate>18/01/23</titledate>
    <titleday>mercredi</titleday>
    <data>
      <city>Ostende</city>
      <tempMin>1 </tempMin>
      <tempMax>4 </tempMax>
      <weathertype>TJ2</weathertype>
    </data>
    <data>
      <city>Anvers</city>
      <tempMin>-3 </tempMin>
      <tempMax>1 </tempMax>
      <weathertype>TJ2</weathertype>
    </data>
    <data>
      <city>Bruxelles</city>
      <tempMin>-3 </tempMin>
      <tempMax>1 </tempMax>
      <weathertype>TJ2</weathertype>
    </data>
    <data>
      <city>Namur</city>
      <tempMin>-8 </tempMin>
      <tempMax>-1 </tempMax>
      <weathertype>TJ8</weathertype>
    </data>
    <data>
      <city>Liege</city>
      <tempMin>-5 </tempMin>
      <tempMax>1 </tempMax>
      <weathertype>TJ2</weathertype>
    </data>
    <data>
      <city>Arlon</city>
      <tempMin>-8 </tempMin>
      <tempMax>-1 </tempMax>
      <weathertype>TJ8</weathertype>
    </data>
  </forecast>
  <forecast date="20230119" period="DAY">
    <titledate>19/01/23</titledate>
    <titleday>jeudi</titleday>
    <data>
      <city>Ostende</city>
      <tempMin>2 </tempMin>
      <tempMax>5 </tempMax>
      <weathertype>TJ11</weathertype>
    </data>
    <data>
      <city>Anvers</city>
      <tempMin>-3 </tempMin>
      <tempMax>2 </tempMax>
      <weathertype>TJ11</weathertype>
    </data>
    <data>
      <city>Bruxelles</city>
      <tempMin>-3 </tempMin>
      <tempMax>2 </tempMax>
      <weathertype>TJ11</weathertype>
    </data>
    <data>
      <city>Namur</city>
      <tempMin>-4 </tempMin>
      <tempMax>-2 </tempMax>
      <weathertype>TJ2</weathertype>
    </data>
    <data>
      <city>Liege</city>
      <tempMin>-2 </tempMin>
      <tempMax>2 </tempMax>
      <weathertype>TJ11</weathertype>
    </data>
    <data>
      <city>Arlon</city>
      <tempMin>-4 </tempMin>
      <tempMax>-2 </tempMax>
      <weathertype>TJ2</weathertype>
    </data>
  </forecast>
  <forecast_foreign date="20230115" period="DAY">
    <titledate>15/01/23</titledate>
    <titleday>dimanche</titleday>
    <data>
      <city>Paris</city>
      <temp>9 </temp>
      <weathertype>TJ1</weathertype>
    </data>
    <data>
      <city>Londres</city>
      <temp>8 </temp>
      <weathertype>TJ1</weathertype>
    </data>
    <data>
      <city>Amsterdam</city>
      <temp>8 </temp>
      <weathertype>TJ11</weathertype>
    </data>
  </forecast_foreign>
  <forecast_foreign date="20230116" period="DAY">
    <titledate>16/01/23</titledate>
    <titleday>lundi</titleday>
    <data>
      <city>Paris</city>
      <temp>6 </temp>
      <weathertype>TJ7</weathertype>
    </data>
    <data>
      <city>Londres</city>
      <temp>4 </temp>
      <weathertype>TJ4</weathertype>
    </data>
    <data>
      <city>Amsterdam</city>
      <temp>5 </temp>
      <weathertype>TJ4</weathertype>
    </data>
  </forecast_foreign>
  <Ephemerides>
    <Ephemeride>
      <titledate>15/01/23</titledate>
      <titleday>dimanche</titleday>
      <data>
        <sunRise>08:37</sunRise>
        <sunSet>17:06</sunSet>
        <gain>2 </gain>
      </data>
    </Ephemeride>
    <Ephemeride>
      <titledate>16/01/23</titledate>
      <titleday>lundi</titleday>
      <data>
        <sunRise>08:36</sunRise>
        <sunSet>17:08</sunSet>
        <gain>3 </gain>
      </data>
    </Ephemeride>
    <Ephemeride>
      <titledate>17/01/23</titledate>
      <titleday>mardi</titleday>
      <data>
        <sunRise>08:35</sunRise>
        <sunSet>17:09</sunSet>
        <gain>2 </gain>
      </data>
    </Ephemeride>
    <Ephemeride>
      <titledate>18/01/23</titledate>
      <titleday>mercredi</titleday>
      <data>
        <sunRise>08:34</sunRise>
        <sunSet>17:11</sunSet>
        <gain>3 </gain>
      </data>
    </Ephemeride>
  </Ephemerides>
  <indices>
    <indice>
      <titledate>15/01/23</titledate>
      <titleday>dimanche</titleday>
      <data>
        <value>2</value>
        <evaluation>très bonne</evaluation>
      </data>
    </indice>
    <indice>
      <titledate>16/01/23</titledate>
      <titleday>lundi</titleday>
      <data>
        <value>3</value>
        <evaluation>bonne</evaluation>
      </data>
    </indice>
    <indice>
      <titledate>17/01/23</titledate>
      <titleday>mardi</titleday>
      <data>
        <value>6</value>
        <evaluation>médiocre</evaluation>
      </data>
    </indice>
  </indices>
</meteo>

--- ENF OF RECEIVED DATA ---

