________________________________________________
|             CALL API : START                |
________________________________________________

Informations : 
Called API: meteo - 12 July 2023, 07:40
Method: GETMETEO - Timeout : 300 - Cache : 1
URL CALLED : https://api.openweathermap.org/data/2.5/forecast/daily?q=Brussels,be&units=metric&cnt=4&appid=ea18c0706135505149200c3836f29800
-------------------------
________________________________________________
|             CALL API : START                |
________________________________________________

Informations : 
Called API: meteo - 12 July 2023, 07:40
Method: GETMETEO - Timeout : 300 - Cache : 1
URL CALLED : https://api.openweathermap.org/data/2.5/forecast/daily?q=Brussels,be&units=metric&cnt=4&appid=ea18c0706135505149200c3836f29800
-------------------------
{"city":{"id":2800866,"name":"Brussels","coord":{"lon":4.3488,"lat":50.8504},"country":"BE","population":1019022,"timezone":7200},"cod":"200","message":0.0443553,"cnt":4,"list":[{"dt":1689159600,"sunrise":1689133336,"sunset":1689191620,"temp":{"day":21.89,"min":15.11,"max":24.14,"night":15.7,"eve":21.69,"morn":15.67},"feels_like":{"day":21.34,"night":15.1,"eve":21.04,"morn":15.67},"pressure":1013,"humidity":46,"weather":[{"id":500,"main":"Rain","description":"light rain","icon":"10d"}],"speed":9.07,"deg":251,"gust":12.81,"clouds":95,"pop":1,"rain":1.94},{"dt":1689246000,"sunrise":1689219800,"sunset":1689277970,"temp":{"day":20.54,"min":12,"max":22.2,"night":15.06,"eve":22.2,"morn":12.94},"feels_like":{"day":20.09,"night":14.34,"eve":21.62,"morn":12.74},"pressure":1017,"humidity":55,"weather":[{"id":500,"main":"Rain","description":"light rain","icon":"10d"}],"speed":7.07,"deg":261,"gust":11.01,"clouds":67,"pop":0.56,"rain":1.19},{"dt":1689332400,"sunrise":1689306266,"sunset":1689364319,"temp":{"day":23.18,"min":11.51,"max":27.35,"night":21.5,"eve":26.53,"morn":13.24},"feels_like":{"day":22.78,"night":21.01,"eve":26.53,"morn":12.79},"pressure":1014,"humidity":47,"weather":[{"id":804,"main":"Clouds","description":"overcast clouds","icon":"04d"}],"speed":6.63,"deg":175,"gust":10.1,"clouds":100,"pop":0},{"dt":1689418800,"sunrise":1689392733,"sunset":1689450664,"temp":{"day":21.01,"min":16.38,"max":21.98,"night":16.38,"eve":18.23,"morn":20.19},"feels_like":{"day":21.28,"night":16.32,"eve":18.41,"morn":19.81},"pressure":1006,"humidity":81,"weather":[{"id":500,"main":"Rain","description":"light rain","icon":"10d"}],"speed":6.46,"deg":194,"gust":15.02,"clouds":74,"pop":1,"rain":2.95}]}
--- ENF OF RECEIVED DATA ---

{"city":{"id":2800866,"name":"Brussels","coord":{"lon":4.3488,"lat":50.8504},"country":"BE","population":1019022,"timezone":7200},"cod":"200","message":0.0443553,"cnt":4,"list":[{"dt":1689159600,"sunrise":1689133336,"sunset":1689191620,"temp":{"day":21.89,"min":15.11,"max":24.14,"night":15.7,"eve":21.69,"morn":15.67},"feels_like":{"day":21.34,"night":15.1,"eve":21.04,"morn":15.67},"pressure":1013,"humidity":46,"weather":[{"id":500,"main":"Rain","description":"light rain","icon":"10d"}],"speed":9.07,"deg":251,"gust":12.81,"clouds":95,"pop":1,"rain":1.94},{"dt":1689246000,"sunrise":1689219800,"sunset":1689277970,"temp":{"day":20.54,"min":12,"max":22.2,"night":15.06,"eve":22.2,"morn":12.94},"feels_like":{"day":20.09,"night":14.34,"eve":21.62,"morn":12.74},"pressure":1017,"humidity":55,"weather":[{"id":500,"main":"Rain","description":"light rain","icon":"10d"}],"speed":7.07,"deg":261,"gust":11.01,"clouds":67,"pop":0.56,"rain":1.19},{"dt":1689332400,"sunrise":1689306266,"sunset":1689364319,"temp":{"day":23.18,"min":11.51,"max":27.35,"night":21.5,"eve":26.53,"morn":13.24},"feels_like":{"day":22.78,"night":21.01,"eve":26.53,"morn":12.79},"pressure":1014,"humidity":47,"weather":[{"id":804,"main":"Clouds","description":"overcast clouds","icon":"04d"}],"speed":6.63,"deg":175,"gust":10.1,"clouds":100,"pop":0},{"dt":1689418800,"sunrise":1689392733,"sunset":1689450664,"temp":{"day":21.01,"min":16.38,"max":21.98,"night":16.38,"eve":18.23,"morn":20.19},"feels_like":{"day":21.28,"night":16.32,"eve":18.41,"morn":19.81},"pressure":1006,"humidity":81,"weather":[{"id":500,"main":"Rain","description":"light rain","icon":"10d"}],"speed":6.46,"deg":194,"gust":15.02,"clouds":74,"pop":1,"rain":2.95}]}
--- ENF OF RECEIVED DATA ---

