________________________________________________
|             CALL API : START                |
________________________________________________

Informations : 
Called API: meteo - 27 November 2024, 07:40
Method: GETMETEO - Timeout : 300 - Cache : 1
URL CALLED : https://api.openweathermap.org/data/2.5/forecast/daily?q=Brussels,be&units=metric&cnt=4&appid=ea18c0706135505149200c3836f29800
-------------------------
________________________________________________
|             CALL API : START                |
________________________________________________

Informations : 
Called API: meteo - 27 November 2024, 07:40
Method: GETMETEO - Timeout : 300 - Cache : 1
URL CALLED : https://api.openweathermap.org/data/2.5/forecast/daily?q=Brussels,be&units=metric&cnt=4&appid=ea18c0706135505149200c3836f29800
-------------------------
{"city":{"id":2800866,"name":"Brussels","coord":{"lon":4.3488,"lat":50.8504},"country":"BE","population":1019022,"timezone":3600},"cod":"200","message":0.9808081,"cnt":4,"list":[{"dt":1732705200,"sunrise":1732691878,"sunset":1732722186,"temp":{"day":10.26,"min":6.75,"max":11.48,"night":7.21,"eve":8.35,"morn":8.7},"feels_like":{"day":9.53,"night":3.79,"eve":4.69,"morn":5.35},"pressure":1012,"humidity":84,"weather":[{"id":501,"main":"Rain","description":"moderate rain","icon":"10d"}],"speed":11.4,"deg":207,"gust":20.63,"clouds":95,"pop":1,"rain":4.23},{"dt":1732791600,"sunrise":1732778365,"sunset":1732808539,"temp":{"day":8.82,"min":4.55,"max":9.55,"night":4.55,"eve":6.02,"morn":5.41},"feels_like":{"day":6.63,"night":4.55,"eve":4.84,"morn":2.12},"pressure":1027,"humidity":69,"weather":[{"id":800,"main":"Clear","description":"sky is clear","icon":"01d"}],"speed":5.66,"deg":279,"gust":11.07,"clouds":7,"pop":0},{"dt":1732878000,"sunrise":1732864851,"sunset":1732894896,"temp":{"day":6.98,"min":2.57,"max":8.28,"night":3.17,"eve":4.99,"morn":2.95},"feels_like":{"day":4.64,"night":0.21,"eve":2.27,"morn":0.8},"pressure":1031,"humidity":68,"weather":[{"id":801,"main":"Clouds","description":"few clouds","icon":"02d"}],"speed":3.54,"deg":128,"gust":8.08,"clouds":12,"pop":0},{"dt":1732964400,"sunrise":1732951335,"sunset":1732981255,"temp":{"day":7.36,"min":2.19,"max":7.36,"night":4.29,"eve":4.91,"morn":2.58},"feels_like":{"day":5.6,"night":1.6,"eve":2.4,"morn":-0.57},"pressure":1026,"humidity":61,"weather":[{"id":803,"main":"Clouds","description":"broken clouds","icon":"04d"}],"speed":3.53,"deg":144,"gust":9.8,"clouds":84,"pop":0}]}
--- ENF OF RECEIVED DATA ---

{"city":{"id":2800866,"name":"Brussels","coord":{"lon":4.3488,"lat":50.8504},"country":"BE","population":1019022,"timezone":3600},"cod":"200","message":0.9808081,"cnt":4,"list":[{"dt":1732705200,"sunrise":1732691878,"sunset":1732722186,"temp":{"day":10.26,"min":6.75,"max":11.48,"night":7.21,"eve":8.35,"morn":8.7},"feels_like":{"day":9.53,"night":3.79,"eve":4.69,"morn":5.35},"pressure":1012,"humidity":84,"weather":[{"id":501,"main":"Rain","description":"moderate rain","icon":"10d"}],"speed":11.4,"deg":207,"gust":20.63,"clouds":95,"pop":1,"rain":4.23},{"dt":1732791600,"sunrise":1732778365,"sunset":1732808539,"temp":{"day":8.82,"min":4.55,"max":9.55,"night":4.55,"eve":6.02,"morn":5.41},"feels_like":{"day":6.63,"night":4.55,"eve":4.84,"morn":2.12},"pressure":1027,"humidity":69,"weather":[{"id":800,"main":"Clear","description":"sky is clear","icon":"01d"}],"speed":5.66,"deg":279,"gust":11.07,"clouds":7,"pop":0},{"dt":1732878000,"sunrise":1732864851,"sunset":1732894896,"temp":{"day":6.98,"min":2.57,"max":8.28,"night":3.17,"eve":4.99,"morn":2.95},"feels_like":{"day":4.64,"night":0.21,"eve":2.27,"morn":0.8},"pressure":1031,"humidity":68,"weather":[{"id":801,"main":"Clouds","description":"few clouds","icon":"02d"}],"speed":3.54,"deg":128,"gust":8.08,"clouds":12,"pop":0},{"dt":1732964400,"sunrise":1732951335,"sunset":1732981255,"temp":{"day":7.36,"min":2.19,"max":7.36,"night":4.29,"eve":4.91,"morn":2.58},"feels_like":{"day":5.6,"night":1.6,"eve":2.4,"morn":-0.57},"pressure":1026,"humidity":61,"weather":[{"id":803,"main":"Clouds","description":"broken clouds","icon":"04d"}],"speed":3.53,"deg":144,"gust":9.8,"clouds":84,"pop":0}]}
--- ENF OF RECEIVED DATA ---

