________________________________________________
|             CALL API : START                |
________________________________________________

Informations : 
Called API: meteo - 25 October 2024, 20:00
Method: GETMETEO - Timeout : 300 - Cache : 1
URL CALLED : https://api.openweathermap.org/data/2.5/forecast/daily?q=Brussels,be&units=metric&cnt=4&appid=ea18c0706135505149200c3836f29800
-------------------------
________________________________________________
|             CALL API : START                |
________________________________________________

Informations : 
Called API: meteo - 25 October 2024, 20:00
Method: GETMETEO - Timeout : 300 - Cache : 1
URL CALLED : https://api.openweathermap.org/data/2.5/forecast/daily?q=Brussels,be&units=metric&cnt=4&appid=ea18c0706135505149200c3836f29800
-------------------------
{"city":{"id":2800866,"name":"Brussels","coord":{"lon":4.3488,"lat":50.8504},"country":"BE","population":1019022,"timezone":7200},"cod":"200","message":2.7409162,"cnt":4,"list":[{"dt":1729854000,"sunrise":1729837366,"sunset":1729873815,"temp":{"day":18.52,"min":11.6,"max":19.64,"night":14.42,"eve":15.36,"morn":11.89},"feels_like":{"day":18.23,"night":14.29,"eve":15.22,"morn":11.54},"pressure":1017,"humidity":69,"weather":[{"id":500,"main":"Rain","description":"light rain","icon":"10d"}],"speed":4.58,"deg":187,"gust":10.24,"clouds":30,"pop":0.41,"rain":0.79},{"dt":1729940400,"sunrise":1729923869,"sunset":1729960101,"temp":{"day":18.85,"min":12.55,"max":20.08,"night":14.49,"eve":16.23,"morn":12.73},"feels_like":{"day":18.54,"night":14.32,"eve":16.08,"morn":12.46},"pressure":1017,"humidity":67,"weather":[{"id":803,"main":"Clouds","description":"broken clouds","icon":"04d"}],"speed":3.46,"deg":166,"gust":7.16,"clouds":63,"pop":0.24},{"dt":1730026800,"sunrise":1730010372,"sunset":1730046388,"temp":{"day":13.92,"min":12.67,"max":14.41,"night":12.69,"eve":13.57,"morn":13.34},"feels_like":{"day":13.8,"night":12.23,"eve":13.05,"morn":13.21},"pressure":1023,"humidity":93,"weather":[{"id":500,"main":"Rain","description":"light rain","icon":"10d"}],"speed":2.26,"deg":238,"gust":5.19,"clouds":100,"pop":0.31,"rain":0.2},{"dt":1730113200,"sunrise":1730096875,"sunset":1730132677,"temp":{"day":15.81,"min":11.6,"max":16.56,"night":11.99,"eve":14.29,"morn":11.77},"feels_like":{"day":15.54,"night":11.62,"eve":13.94,"morn":11.51},"pressure":1026,"humidity":80,"weather":[{"id":804,"main":"Clouds","description":"overcast clouds","icon":"04d"}],"speed":4.12,"deg":245,"gust":8.1,"clouds":100,"pop":0}]}
--- ENF OF RECEIVED DATA ---

{"city":{"id":2800866,"name":"Brussels","coord":{"lon":4.3488,"lat":50.8504},"country":"BE","population":1019022,"timezone":7200},"cod":"200","message":2.7409162,"cnt":4,"list":[{"dt":1729854000,"sunrise":1729837366,"sunset":1729873815,"temp":{"day":18.52,"min":11.6,"max":19.64,"night":14.42,"eve":15.36,"morn":11.89},"feels_like":{"day":18.23,"night":14.29,"eve":15.22,"morn":11.54},"pressure":1017,"humidity":69,"weather":[{"id":500,"main":"Rain","description":"light rain","icon":"10d"}],"speed":4.58,"deg":187,"gust":10.24,"clouds":30,"pop":0.41,"rain":0.79},{"dt":1729940400,"sunrise":1729923869,"sunset":1729960101,"temp":{"day":18.85,"min":12.55,"max":20.08,"night":14.49,"eve":16.23,"morn":12.73},"feels_like":{"day":18.54,"night":14.32,"eve":16.08,"morn":12.46},"pressure":1017,"humidity":67,"weather":[{"id":803,"main":"Clouds","description":"broken clouds","icon":"04d"}],"speed":3.46,"deg":166,"gust":7.16,"clouds":63,"pop":0.24},{"dt":1730026800,"sunrise":1730010372,"sunset":1730046388,"temp":{"day":13.92,"min":12.67,"max":14.41,"night":12.69,"eve":13.57,"morn":13.34},"feels_like":{"day":13.8,"night":12.23,"eve":13.05,"morn":13.21},"pressure":1023,"humidity":93,"weather":[{"id":500,"main":"Rain","description":"light rain","icon":"10d"}],"speed":2.26,"deg":238,"gust":5.19,"clouds":100,"pop":0.31,"rain":0.2},{"dt":1730113200,"sunrise":1730096875,"sunset":1730132677,"temp":{"day":15.81,"min":11.6,"max":16.56,"night":11.99,"eve":14.29,"morn":11.77},"feels_like":{"day":15.54,"night":11.62,"eve":13.94,"morn":11.51},"pressure":1026,"humidity":80,"weather":[{"id":804,"main":"Clouds","description":"overcast clouds","icon":"04d"}],"speed":4.12,"deg":245,"gust":8.1,"clouds":100,"pop":0}]}
--- ENF OF RECEIVED DATA ---

