________________________________________________
|             CALL API : START                |
________________________________________________

Informations : 
Called API: meteo - 3 September 2024, 13:10
Method: GETMETEO - Timeout : 300 - Cache : 1
URL CALLED : https://api.openweathermap.org/data/2.5/forecast/daily?q=Brussels,be&units=metric&cnt=4&appid=ea18c0706135505149200c3836f29800
-------------------------
________________________________________________
|             CALL API : START                |
________________________________________________

Informations : 
Called API: meteo - 3 September 2024, 13:10
Method: GETMETEO - Timeout : 300 - Cache : 1
URL CALLED : https://api.openweathermap.org/data/2.5/forecast/daily?q=Brussels,be&units=metric&cnt=4&appid=ea18c0706135505149200c3836f29800
-------------------------
{"city":{"id":2800866,"name":"Brussels","coord":{"lon":4.3488,"lat":50.8504},"country":"BE","population":1019022,"timezone":7200},"cod":"200","message":4.0310706,"cnt":4,"list":[{"dt":1725361200,"sunrise":1725339600,"sunset":1725387850,"temp":{"day":22.35,"min":16.9,"max":22.35,"night":18.67,"eve":20.84,"morn":17.01},"feels_like":{"day":22.7,"night":18.86,"eve":21.15,"morn":16.78},"pressure":1014,"humidity":79,"weather":[{"id":500,"main":"Rain","description":"light rain","icon":"10d"}],"speed":4.46,"deg":216,"gust":8.04,"clouds":40,"pop":0.65,"rain":0.37},{"dt":1725447600,"sunrise":1725426093,"sunset":1725474118,"temp":{"day":22.24,"min":15.55,"max":23.64,"night":16.71,"eve":20.79,"morn":16.26},"feels_like":{"day":21.98,"night":16.6,"eve":20.6,"morn":16.16},"pressure":1016,"humidity":56,"weather":[{"id":500,"main":"Rain","description":"light rain","icon":"10d"}],"speed":3.57,"deg":229,"gust":5.95,"clouds":35,"pop":0.32,"rain":0.12},{"dt":1725534000,"sunrise":1725512585,"sunset":1725560385,"temp":{"day":21.16,"min":15.32,"max":22.4,"night":18.43,"eve":20.07,"morn":15.32},"feels_like":{"day":21.24,"night":18.86,"eve":20.38,"morn":15.39},"pressure":1012,"humidity":73,"weather":[{"id":500,"main":"Rain","description":"light rain","icon":"10d"}],"speed":4.16,"deg":24,"gust":6.62,"clouds":100,"pop":1,"rain":1.03},{"dt":1725620400,"sunrise":1725599077,"sunset":1725646651,"temp":{"day":15.91,"min":14.59,"max":18.86,"night":14.59,"eve":15.93,"morn":17.81},"feels_like":{"day":16.06,"night":14.48,"eve":15.95,"morn":18.21},"pressure":1009,"humidity":96,"weather":[{"id":501,"main":"Rain","description":"moderate rain","icon":"10d"}],"speed":7.14,"deg":252,"gust":13.24,"clouds":100,"pop":1,"rain":21.64}]}
--- ENF OF RECEIVED DATA ---

{"city":{"id":2800866,"name":"Brussels","coord":{"lon":4.3488,"lat":50.8504},"country":"BE","population":1019022,"timezone":7200},"cod":"200","message":4.0310706,"cnt":4,"list":[{"dt":1725361200,"sunrise":1725339600,"sunset":1725387850,"temp":{"day":22.35,"min":16.9,"max":22.35,"night":18.67,"eve":20.84,"morn":17.01},"feels_like":{"day":22.7,"night":18.86,"eve":21.15,"morn":16.78},"pressure":1014,"humidity":79,"weather":[{"id":500,"main":"Rain","description":"light rain","icon":"10d"}],"speed":4.46,"deg":216,"gust":8.04,"clouds":40,"pop":0.65,"rain":0.37},{"dt":1725447600,"sunrise":1725426093,"sunset":1725474118,"temp":{"day":22.24,"min":15.55,"max":23.64,"night":16.71,"eve":20.79,"morn":16.26},"feels_like":{"day":21.98,"night":16.6,"eve":20.6,"morn":16.16},"pressure":1016,"humidity":56,"weather":[{"id":500,"main":"Rain","description":"light rain","icon":"10d"}],"speed":3.57,"deg":229,"gust":5.95,"clouds":35,"pop":0.32,"rain":0.12},{"dt":1725534000,"sunrise":1725512585,"sunset":1725560385,"temp":{"day":21.16,"min":15.32,"max":22.4,"night":18.43,"eve":20.07,"morn":15.32},"feels_like":{"day":21.24,"night":18.86,"eve":20.38,"morn":15.39},"pressure":1012,"humidity":73,"weather":[{"id":500,"main":"Rain","description":"light rain","icon":"10d"}],"speed":4.16,"deg":24,"gust":6.62,"clouds":100,"pop":1,"rain":1.03},{"dt":1725620400,"sunrise":1725599077,"sunset":1725646651,"temp":{"day":15.91,"min":14.59,"max":18.86,"night":14.59,"eve":15.93,"morn":17.81},"feels_like":{"day":16.06,"night":14.48,"eve":15.95,"morn":18.21},"pressure":1009,"humidity":96,"weather":[{"id":501,"main":"Rain","description":"moderate rain","icon":"10d"}],"speed":7.14,"deg":252,"gust":13.24,"clouds":100,"pop":1,"rain":21.64}]}
--- ENF OF RECEIVED DATA ---

