________________________________________________
|             CALL API : START                |
________________________________________________

Informations : 
Called API: meteo - 14 October 2023, 22:20
Method: GETMETEO - Timeout : 300 - Cache : 1
URL CALLED : https://api.openweathermap.org/data/2.5/forecast/daily?q=Brussels,be&units=metric&cnt=4&appid=ea18c0706135505149200c3836f29800
-------------------------
________________________________________________
|             CALL API : START                |
________________________________________________

Informations : 
Called API: meteo - 14 October 2023, 22:20
Method: GETMETEO - Timeout : 300 - Cache : 1
URL CALLED : https://api.openweathermap.org/data/2.5/forecast/daily?q=Brussels,be&units=metric&cnt=4&appid=ea18c0706135505149200c3836f29800
-------------------------
{"city":{"id":2800866,"name":"Brussels","coord":{"lon":4.3488,"lat":50.8504},"country":"BE","population":1019022,"timezone":7200},"cod":"200","message":8.4655848,"cnt":4,"list":[{"dt":1697281200,"sunrise":1697263382,"sunset":1697302443,"temp":{"day":13.3,"min":8.42,"max":18.81,"night":8.42,"eve":9.76,"morn":10.13},"feels_like":{"day":12.36,"night":7.03,"eve":7.82,"morn":9.31},"pressure":1016,"humidity":64,"weather":[{"id":502,"main":"Rain","description":"heavy intensity rain","icon":"10d"}],"speed":11.17,"deg":225,"gust":19.35,"clouds":29,"pop":0.98,"rain":6.38},{"dt":1697367600,"sunrise":1697349881,"sunset":1697388716,"temp":{"day":11.12,"min":6.17,"max":11.32,"night":6.39,"eve":9.12,"morn":6.44},"feels_like":{"day":9.75,"night":6.39,"eve":7.69,"morn":3.56},"pressure":1023,"humidity":56,"weather":[{"id":500,"main":"Rain","description":"light rain","icon":"10d"}],"speed":5.99,"deg":304,"gust":10.77,"clouds":30,"pop":0.35,"rain":0.39},{"dt":1697454000,"sunrise":1697436380,"sunset":1697474990,"temp":{"day":11.2,"min":5.2,"max":12.1,"night":7.23,"eve":8.76,"morn":5.24},"feels_like":{"day":9.84,"night":4.82,"eve":6.58,"morn":5.24},"pressure":1023,"humidity":56,"weather":[{"id":804,"main":"Clouds","description":"overcast clouds","icon":"04d"}],"speed":4.27,"deg":80,"gust":10.33,"clouds":100,"pop":0},{"dt":1697540400,"sunrise":1697522880,"sunset":1697561265,"temp":{"day":12.16,"min":5.72,"max":13.45,"night":9.28,"eve":10.47,"morn":5.77},"feels_like":{"day":10.68,"night":6.9,"eve":9.01,"morn":2.89},"pressure":1015,"humidity":48,"weather":[{"id":804,"main":"Clouds","description":"overcast clouds","icon":"04d"}],"speed":6.42,"deg":90,"gust":11.92,"clouds":100,"pop":0}]}
--- ENF OF RECEIVED DATA ---

{"city":{"id":2800866,"name":"Brussels","coord":{"lon":4.3488,"lat":50.8504},"country":"BE","population":1019022,"timezone":7200},"cod":"200","message":8.4655848,"cnt":4,"list":[{"dt":1697281200,"sunrise":1697263382,"sunset":1697302443,"temp":{"day":13.3,"min":8.42,"max":18.81,"night":8.42,"eve":9.76,"morn":10.13},"feels_like":{"day":12.36,"night":7.03,"eve":7.82,"morn":9.31},"pressure":1016,"humidity":64,"weather":[{"id":502,"main":"Rain","description":"heavy intensity rain","icon":"10d"}],"speed":11.17,"deg":225,"gust":19.35,"clouds":29,"pop":0.98,"rain":6.38},{"dt":1697367600,"sunrise":1697349881,"sunset":1697388716,"temp":{"day":11.12,"min":6.17,"max":11.32,"night":6.39,"eve":9.12,"morn":6.44},"feels_like":{"day":9.75,"night":6.39,"eve":7.69,"morn":3.56},"pressure":1023,"humidity":56,"weather":[{"id":500,"main":"Rain","description":"light rain","icon":"10d"}],"speed":5.99,"deg":304,"gust":10.77,"clouds":30,"pop":0.35,"rain":0.39},{"dt":1697454000,"sunrise":1697436380,"sunset":1697474990,"temp":{"day":11.2,"min":5.2,"max":12.1,"night":7.23,"eve":8.76,"morn":5.24},"feels_like":{"day":9.84,"night":4.82,"eve":6.58,"morn":5.24},"pressure":1023,"humidity":56,"weather":[{"id":804,"main":"Clouds","description":"overcast clouds","icon":"04d"}],"speed":4.27,"deg":80,"gust":10.33,"clouds":100,"pop":0},{"dt":1697540400,"sunrise":1697522880,"sunset":1697561265,"temp":{"day":12.16,"min":5.72,"max":13.45,"night":9.28,"eve":10.47,"morn":5.77},"feels_like":{"day":10.68,"night":6.9,"eve":9.01,"morn":2.89},"pressure":1015,"humidity":48,"weather":[{"id":804,"main":"Clouds","description":"overcast clouds","icon":"04d"}],"speed":6.42,"deg":90,"gust":11.92,"clouds":100,"pop":0}]}
--- ENF OF RECEIVED DATA ---

