________________________________________________
|             CALL API : START                |
________________________________________________

Informations : 
Called API: meteo - 14 February 2024, 21:10
Method: GETMETEO - Timeout : 300 - Cache : 1
URL CALLED : https://api.openweathermap.org/data/2.5/forecast/daily?q=Brussels,be&units=metric&cnt=4&appid=ea18c0706135505149200c3836f29800
-------------------------
________________________________________________
|             CALL API : START                |
________________________________________________

Informations : 
Called API: meteo - 14 February 2024, 21:10
Method: GETMETEO - Timeout : 300 - Cache : 1
URL CALLED : https://api.openweathermap.org/data/2.5/forecast/daily?q=Brussels,be&units=metric&cnt=4&appid=ea18c0706135505149200c3836f29800
-------------------------
{"city":{"id":2800866,"name":"Brussels","coord":{"lon":4.3488,"lat":50.8504},"country":"BE","population":1019022,"timezone":3600},"cod":"200","message":0.0520337,"cnt":4,"list":[{"dt":1707908400,"sunrise":1707893900,"sunset":1707929730,"temp":{"day":10.16,"min":8.62,"max":12.38,"night":12.1,"eve":11.83,"morn":9.43},"feels_like":{"day":9.66,"night":11.72,"eve":11.5,"morn":6.28},"pressure":1017,"humidity":93,"weather":[{"id":501,"main":"Rain","description":"moderate rain","icon":"10d"}],"speed":8.51,"deg":207,"gust":16.67,"clouds":100,"pop":1,"rain":9.64},{"dt":1707994800,"sunrise":1707980190,"sunset":1708016237,"temp":{"day":13.36,"min":10.93,"max":15.61,"night":12.36,"eve":13.32,"morn":11.28},"feels_like":{"day":12.68,"night":11.58,"eve":12.67,"morn":10.81},"pressure":1015,"humidity":74,"weather":[{"id":500,"main":"Rain","description":"light rain","icon":"10d"}],"speed":5.67,"deg":203,"gust":13.33,"clouds":100,"pop":0.67,"rain":1.85},{"dt":1708081200,"sunrise":1708066478,"sunset":1708102744,"temp":{"day":11.68,"min":10.2,"max":13.81,"night":10.2,"eve":10.8,"morn":11.41},"feels_like":{"day":11.36,"night":9.34,"eve":10.02,"morn":10.7},"pressure":1015,"humidity":94,"weather":[{"id":500,"main":"Rain","description":"light rain","icon":"10d"}],"speed":6.23,"deg":214,"gust":14.14,"clouds":100,"pop":0.62,"rain":0.72},{"dt":1708167600,"sunrise":1708152765,"sunset":1708189251,"temp":{"day":10.54,"min":8.96,"max":12.29,"night":10.65,"eve":11.01,"morn":9.03},"feels_like":{"day":9.69,"night":9.57,"eve":9.92,"morn":7.59},"pressure":1031,"humidity":78,"weather":[{"id":804,"main":"Clouds","description":"overcast clouds","icon":"04d"}],"speed":5.29,"deg":254,"gust":9.95,"clouds":100,"pop":0}]}
--- ENF OF RECEIVED DATA ---

{"city":{"id":2800866,"name":"Brussels","coord":{"lon":4.3488,"lat":50.8504},"country":"BE","population":1019022,"timezone":3600},"cod":"200","message":0.0520337,"cnt":4,"list":[{"dt":1707908400,"sunrise":1707893900,"sunset":1707929730,"temp":{"day":10.16,"min":8.62,"max":12.38,"night":12.1,"eve":11.83,"morn":9.43},"feels_like":{"day":9.66,"night":11.72,"eve":11.5,"morn":6.28},"pressure":1017,"humidity":93,"weather":[{"id":501,"main":"Rain","description":"moderate rain","icon":"10d"}],"speed":8.51,"deg":207,"gust":16.67,"clouds":100,"pop":1,"rain":9.64},{"dt":1707994800,"sunrise":1707980190,"sunset":1708016237,"temp":{"day":13.36,"min":10.93,"max":15.61,"night":12.36,"eve":13.32,"morn":11.28},"feels_like":{"day":12.68,"night":11.58,"eve":12.67,"morn":10.81},"pressure":1015,"humidity":74,"weather":[{"id":500,"main":"Rain","description":"light rain","icon":"10d"}],"speed":5.67,"deg":203,"gust":13.33,"clouds":100,"pop":0.67,"rain":1.85},{"dt":1708081200,"sunrise":1708066478,"sunset":1708102744,"temp":{"day":11.68,"min":10.2,"max":13.81,"night":10.2,"eve":10.8,"morn":11.41},"feels_like":{"day":11.36,"night":9.34,"eve":10.02,"morn":10.7},"pressure":1015,"humidity":94,"weather":[{"id":500,"main":"Rain","description":"light rain","icon":"10d"}],"speed":6.23,"deg":214,"gust":14.14,"clouds":100,"pop":0.62,"rain":0.72},{"dt":1708167600,"sunrise":1708152765,"sunset":1708189251,"temp":{"day":10.54,"min":8.96,"max":12.29,"night":10.65,"eve":11.01,"morn":9.03},"feels_like":{"day":9.69,"night":9.57,"eve":9.92,"morn":7.59},"pressure":1031,"humidity":78,"weather":[{"id":804,"main":"Clouds","description":"overcast clouds","icon":"04d"}],"speed":5.29,"deg":254,"gust":9.95,"clouds":100,"pop":0}]}
--- ENF OF RECEIVED DATA ---

