________________________________________________
|             CALL API : START                |
________________________________________________

Informations : 
Called API: meteo - 19 April 2024, 18:00
Method: GETMETEO - Timeout : 300 - Cache : 1
URL CALLED : https://api.openweathermap.org/data/2.5/forecast/daily?q=Brussels,be&units=metric&cnt=4&appid=ea18c0706135505149200c3836f29800
-------------------------
________________________________________________
|             CALL API : START                |
________________________________________________

Informations : 
Called API: meteo - 19 April 2024, 18:00
Method: GETMETEO - Timeout : 300 - Cache : 1
URL CALLED : https://api.openweathermap.org/data/2.5/forecast/daily?q=Brussels,be&units=metric&cnt=4&appid=ea18c0706135505149200c3836f29800
-------------------------
{"city":{"id":2800866,"name":"Brussels","coord":{"lon":4.3488,"lat":50.8504},"country":"BE","population":1019022,"timezone":7200},"cod":"200","message":9.5567258,"cnt":4,"list":[{"dt":1713524400,"sunrise":1713501537,"sunset":1713552236,"temp":{"day":8.96,"min":6.36,"max":10.4,"night":6.6,"eve":9.7,"morn":7.12},"feels_like":{"day":5.37,"night":2.64,"eve":6.25,"morn":2.91},"pressure":1011,"humidity":88,"weather":[{"id":501,"main":"Rain","description":"moderate rain","icon":"10d"}],"speed":8.7,"deg":328,"gust":14.94,"clouds":100,"pop":1,"rain":8},{"dt":1713610800,"sunrise":1713587815,"sunset":1713638734,"temp":{"day":8.38,"min":4.62,"max":8.61,"night":4.62,"eve":7.61,"morn":5.42},"feels_like":{"day":4.82,"night":1.45,"eve":3.89,"morn":1.35},"pressure":1024,"humidity":54,"weather":[{"id":500,"main":"Rain","description":"light rain","icon":"10d"}],"speed":7.74,"deg":342,"gust":11.54,"clouds":93,"pop":1,"rain":2.35},{"dt":1713697200,"sunrise":1713674094,"sunset":1713725232,"temp":{"day":9.07,"min":3.3,"max":12.05,"night":6.44,"eve":10.16,"morn":3.77},"feels_like":{"day":6.43,"night":4.17,"eve":8.75,"morn":-0.28},"pressure":1027,"humidity":59,"weather":[{"id":500,"main":"Rain","description":"light rain","icon":"10d"}],"speed":6.35,"deg":33,"gust":11.06,"clouds":93,"pop":1,"rain":1.09},{"dt":1713783600,"sunrise":1713760374,"sunset":1713811729,"temp":{"day":9.94,"min":2.1,"max":10.52,"night":5.22,"eve":7.42,"morn":2.1},"feels_like":{"day":8.2,"night":3.4,"eve":4.82,"morn":-0.38},"pressure":1026,"humidity":47,"weather":[{"id":500,"main":"Rain","description":"light rain","icon":"10d"}],"speed":4.02,"deg":345,"gust":8.28,"clouds":72,"pop":0.77,"rain":0.69}]}
--- ENF OF RECEIVED DATA ---

{"city":{"id":2800866,"name":"Brussels","coord":{"lon":4.3488,"lat":50.8504},"country":"BE","population":1019022,"timezone":7200},"cod":"200","message":9.5567258,"cnt":4,"list":[{"dt":1713524400,"sunrise":1713501537,"sunset":1713552236,"temp":{"day":8.96,"min":6.36,"max":10.4,"night":6.6,"eve":9.7,"morn":7.12},"feels_like":{"day":5.37,"night":2.64,"eve":6.25,"morn":2.91},"pressure":1011,"humidity":88,"weather":[{"id":501,"main":"Rain","description":"moderate rain","icon":"10d"}],"speed":8.7,"deg":328,"gust":14.94,"clouds":100,"pop":1,"rain":8},{"dt":1713610800,"sunrise":1713587815,"sunset":1713638734,"temp":{"day":8.38,"min":4.62,"max":8.61,"night":4.62,"eve":7.61,"morn":5.42},"feels_like":{"day":4.82,"night":1.45,"eve":3.89,"morn":1.35},"pressure":1024,"humidity":54,"weather":[{"id":500,"main":"Rain","description":"light rain","icon":"10d"}],"speed":7.74,"deg":342,"gust":11.54,"clouds":93,"pop":1,"rain":2.35},{"dt":1713697200,"sunrise":1713674094,"sunset":1713725232,"temp":{"day":9.07,"min":3.3,"max":12.05,"night":6.44,"eve":10.16,"morn":3.77},"feels_like":{"day":6.43,"night":4.17,"eve":8.75,"morn":-0.28},"pressure":1027,"humidity":59,"weather":[{"id":500,"main":"Rain","description":"light rain","icon":"10d"}],"speed":6.35,"deg":33,"gust":11.06,"clouds":93,"pop":1,"rain":1.09},{"dt":1713783600,"sunrise":1713760374,"sunset":1713811729,"temp":{"day":9.94,"min":2.1,"max":10.52,"night":5.22,"eve":7.42,"morn":2.1},"feels_like":{"day":8.2,"night":3.4,"eve":4.82,"morn":-0.38},"pressure":1026,"humidity":47,"weather":[{"id":500,"main":"Rain","description":"light rain","icon":"10d"}],"speed":4.02,"deg":345,"gust":8.28,"clouds":72,"pop":0.77,"rain":0.69}]}
--- ENF OF RECEIVED DATA ---

