________________________________________________
|             CALL API : START                |
________________________________________________

Informations : 
Called API: meteo - 15 March 2024, 02:10
Method: GETMETEO - Timeout : 300 - Cache : 1
URL CALLED : https://api.openweathermap.org/data/2.5/forecast/daily?q=Brussels,be&units=metric&cnt=4&appid=ea18c0706135505149200c3836f29800
-------------------------
________________________________________________
|             CALL API : START                |
________________________________________________

Informations : 
Called API: meteo - 15 March 2024, 02:10
Method: GETMETEO - Timeout : 300 - Cache : 1
URL CALLED : https://api.openweathermap.org/data/2.5/forecast/daily?q=Brussels,be&units=metric&cnt=4&appid=ea18c0706135505149200c3836f29800
-------------------------
{"city":{"id":2800866,"name":"Brussels","coord":{"lon":4.3488,"lat":50.8504},"country":"BE","population":1019022,"timezone":3600},"cod":"200","message":0.2731377,"cnt":4,"list":[{"dt":1710500400,"sunrise":1710482154,"sunset":1710524824,"temp":{"day":12.37,"min":10.29,"max":13.33,"night":10.55,"eve":12.58,"morn":11.93},"feels_like":{"day":11.78,"night":9.85,"eve":11.9,"morn":11.45},"pressure":1010,"humidity":81,"weather":[{"id":500,"main":"Rain","description":"light rain","icon":"10d"}],"speed":8.21,"deg":218,"gust":14.36,"clouds":87,"pop":1,"rain":2.09},{"dt":1710586800,"sunrise":1710568420,"sunset":1710611323,"temp":{"day":10.7,"min":6.87,"max":11.98,"night":6.87,"eve":10.43,"morn":8.26},"feels_like":{"day":9.34,"night":5.13,"eve":9.07,"morn":5.31},"pressure":1021,"humidity":58,"weather":[{"id":500,"main":"Rain","description":"light rain","icon":"10d"}],"speed":6.07,"deg":235,"gust":11.87,"clouds":79,"pop":0.78,"rain":0.94},{"dt":1710673200,"sunrise":1710654685,"sunset":1710697822,"temp":{"day":10.21,"min":6.84,"max":10.64,"night":10.33,"eve":10.38,"morn":8.59},"feels_like":{"day":9.71,"night":9.95,"eve":9.95,"morn":5.93},"pressure":1019,"humidity":93,"weather":[{"id":501,"main":"Rain","description":"moderate rain","icon":"10d"}],"speed":5.41,"deg":194,"gust":12.35,"clouds":100,"pop":1,"rain":6.98},{"dt":1710759600,"sunrise":1710740950,"sunset":1710784320,"temp":{"day":14.79,"min":9.63,"max":15.1,"night":9.81,"eve":11.75,"morn":10.12},"feels_like":{"day":14.02,"night":8.69,"eve":10.99,"morn":9.56},"pressure":1016,"humidity":65,"weather":[{"id":500,"main":"Rain","description":"light rain","icon":"10d"}],"speed":3.24,"deg":247,"gust":7.49,"clouds":85,"pop":0.98,"rain":1.25}]}
--- ENF OF RECEIVED DATA ---

{"city":{"id":2800866,"name":"Brussels","coord":{"lon":4.3488,"lat":50.8504},"country":"BE","population":1019022,"timezone":3600},"cod":"200","message":0.2731377,"cnt":4,"list":[{"dt":1710500400,"sunrise":1710482154,"sunset":1710524824,"temp":{"day":12.37,"min":10.29,"max":13.33,"night":10.55,"eve":12.58,"morn":11.93},"feels_like":{"day":11.78,"night":9.85,"eve":11.9,"morn":11.45},"pressure":1010,"humidity":81,"weather":[{"id":500,"main":"Rain","description":"light rain","icon":"10d"}],"speed":8.21,"deg":218,"gust":14.36,"clouds":87,"pop":1,"rain":2.09},{"dt":1710586800,"sunrise":1710568420,"sunset":1710611323,"temp":{"day":10.7,"min":6.87,"max":11.98,"night":6.87,"eve":10.43,"morn":8.26},"feels_like":{"day":9.34,"night":5.13,"eve":9.07,"morn":5.31},"pressure":1021,"humidity":58,"weather":[{"id":500,"main":"Rain","description":"light rain","icon":"10d"}],"speed":6.07,"deg":235,"gust":11.87,"clouds":79,"pop":0.78,"rain":0.94},{"dt":1710673200,"sunrise":1710654685,"sunset":1710697822,"temp":{"day":10.21,"min":6.84,"max":10.64,"night":10.33,"eve":10.38,"morn":8.59},"feels_like":{"day":9.71,"night":9.95,"eve":9.95,"morn":5.93},"pressure":1019,"humidity":93,"weather":[{"id":501,"main":"Rain","description":"moderate rain","icon":"10d"}],"speed":5.41,"deg":194,"gust":12.35,"clouds":100,"pop":1,"rain":6.98},{"dt":1710759600,"sunrise":1710740950,"sunset":1710784320,"temp":{"day":14.79,"min":9.63,"max":15.1,"night":9.81,"eve":11.75,"morn":10.12},"feels_like":{"day":14.02,"night":8.69,"eve":10.99,"morn":9.56},"pressure":1016,"humidity":65,"weather":[{"id":500,"main":"Rain","description":"light rain","icon":"10d"}],"speed":3.24,"deg":247,"gust":7.49,"clouds":85,"pop":0.98,"rain":1.25}]}
--- ENF OF RECEIVED DATA ---

