________________________________________________
|             CALL API : START                |
________________________________________________

Informations : 
Called API: meteo - 9 June 2022, 01:20
Method: GETMETEO - Timeout : 300 - Cache : 1
URL CALLED : https://rmipro.meteo.be/products/bx1/5373bc0393d004fc/web_forecast
-------------------------
________________________________________________
|             CALL API : START                |
________________________________________________

Informations : 
Called API: meteo - 9 June 2022, 01:20
Method: GETMETEO - Timeout : 300 - Cache : 1
URL CALLED : https://rmipro.meteo.be/products/bx1/5373bc0393d004fc/web_forecast
-------------------------
<?xml version='1.0' encoding='UTF-8'?>
<meteo>
  <generationDate>08/06/2022 19:58</generationDate>
  <forecast date="20220608" period="NIGHT">
    <titledate>08/06/22</titledate>
    <titleday>mercredi</titleday>
    <data>
      <city>Ostende</city>
      <tempMin>14 </tempMin>
      <weathertype>TNN1</weathertype>
    </data>
    <data>
      <city>Anvers</city>
      <tempMin>12 </tempMin>
      <weathertype>TNN1</weathertype>
    </data>
    <data>
      <city>Bruxelles</city>
      <tempMin>11 </tempMin>
      <weathertype>TNN1</weathertype>
    </data>
    <data>
      <city>Namur</city>
      <tempMin>10 </tempMin>
      <weathertype>TNN1</weathertype>
    </data>
    <data>
      <city>Liege</city>
      <tempMin>11 </tempMin>
      <weathertype>TNN2</weathertype>
    </data>
    <data>
      <city>Arlon</city>
      <tempMin>10 </tempMin>
      <weathertype>TNN3</weathertype>
    </data>
  </forecast>
  <forecast date="20220609" period="AM">
    <titledate>09/06/22</titledate>
    <titleday>jeudi</titleday>
    <data>
      <city>Ostende</city>
      <tempMax>16 </tempMax>
      <weathertype>TJ1</weathertype>
    </data>
    <data>
      <city>Anvers</city>
      <tempMax>18 </tempMax>
      <weathertype>TJ2</weathertype>
    </data>
    <data>
      <city>Bruxelles</city>
      <tempMax>17 </tempMax>
      <weathertype>TJ11</weathertype>
    </data>
    <data>
      <city>Namur</city>
      <tempMax>15 </tempMax>
      <weathertype>TJ11</weathertype>
    </data>
    <data>
      <city>Liege</city>
      <tempMax>15 </tempMax>
      <weathertype>TJ11</weathertype>
    </data>
    <data>
      <city>Arlon</city>
      <tempMax>14 </tempMax>
      <weathertype>TJ11</weathertype>
    </data>
  </forecast>
  <forecast date="20220609" period="PM">
    <titledate>09/06/22</titledate>
    <titleday>jeudi</titleday>
    <data>
      <city>Ostende</city>
      <tempMax>19 </tempMax>
      <weathertype>TJ1</weathertype>
    </data>
    <data>
      <city>Anvers</city>
      <tempMax>20 </tempMax>
      <weathertype>TJ2</weathertype>
    </data>
    <data>
      <city>Bruxelles</city>
      <tempMax>19 </tempMax>
      <weathertype>TJ11</weathertype>
    </data>
    <data>
      <city>Namur</city>
      <tempMax>18 </tempMax>
      <weathertype>TJ11</weathertype>
    </data>
    <data>
      <city>Liege</city>
      <tempMax>18 </tempMax>
      <weathertype>TJ11</weathertype>
    </data>
    <data>
      <city>Arlon</city>
      <tempMax>16 </tempMax>
      <weathertype>TJ11</weathertype>
    </data>
  </forecast>
  <forecast date="20220610" period="DAY">
    <titledate>10/06/22</titledate>
    <titleday>vendredi</titleday>
    <data>
      <city>Ostende</city>
      <tempMin>15 </tempMin>
      <tempMax>21 </tempMax>
      <weathertype>TJ2</weathertype>
    </data>
    <data>
      <city>Anvers</city>
      <tempMin>15 </tempMin>
      <tempMax>22 </tempMax>
      <weathertype>TJ2</weathertype>
    </data>
    <data>
      <city>Bruxelles</city>
      <tempMin>15 </tempMin>
      <tempMax>21 </tempMax>
      <weathertype>TJ2</weathertype>
    </data>
    <data>
      <city>Namur</city>
      <tempMin>12 </tempMin>
      <tempMax>20 </tempMax>
      <weathertype>TJ3</weathertype>
    </data>
    <data>
      <city>Liege</city>
      <tempMin>15 </tempMin>
      <tempMax>21 </tempMax>
      <weathertype>TJ3</weathertype>
    </data>
    <data>
      <city>Arlon</city>
      <tempMin>12 </tempMin>
      <tempMax>18 </tempMax>
      <weathertype>TJ3</weathertype>
    </data>
  </forecast>
  <forecast date="20220611" period="DAY">
    <titledate>11/06/22</titledate>
    <titleday>samedi</titleday>
    <data>
      <city>Ostende</city>
      <tempMin>13 </tempMin>
      <tempMax>20 </tempMax>
      <weathertype>TJ2</weathertype>
    </data>
    <data>
      <city>Anvers</city>
      <tempMin>12 </tempMin>
      <tempMax>22 </tempMax>
      <weathertype>TJ2</weathertype>
    </data>
    <data>
      <city>Bruxelles</city>
      <tempMin>12 </tempMin>
      <tempMax>22 </tempMax>
      <weathertype>TJ2</weathertype>
    </data>
    <data>
      <city>Namur</city>
      <tempMin>11 </tempMin>
      <tempMax>21 </tempMax>
      <weathertype>TJ2</weathertype>
    </data>
    <data>
      <city>Liege</city>
      <tempMin>12 </tempMin>
      <tempMax>23 </tempMax>
      <weathertype>TJ2</weathertype>
    </data>
    <data>
      <city>Arlon</city>
      <tempMin>11 </tempMin>
      <tempMax>21 </tempMax>
      <weathertype>TJ2</weathertype>
    </data>
  </forecast>
  <forecast date="20220612" period="DAY">
    <titledate>12/06/22</titledate>
    <titleday>dimanche</titleday>
    <data>
      <city>Ostende</city>
      <tempMin>15 </tempMin>
      <tempMax>18 </tempMax>
      <weathertype>TJ2</weathertype>
    </data>
    <data>
      <city>Anvers</city>
      <tempMin>13 </tempMin>
      <tempMax>22 </tempMax>
      <weathertype>TJ2</weathertype>
    </data>
    <data>
      <city>Bruxelles</city>
      <tempMin>13 </tempMin>
      <tempMax>22 </tempMax>
      <weathertype>TJ2</weathertype>
    </data>
    <data>
      <city>Namur</city>
      <tempMin>8 </tempMin>
      <tempMax>19 </tempMax>
      <weathertype>TJ2</weathertype>
    </data>
    <data>
      <city>Liege</city>
      <tempMin>12 </tempMin>
      <tempMax>22 </tempMax>
      <weathertype>TJ2</weathertype>
    </data>
    <data>
      <city>Arlon</city>
      <tempMin>8 </tempMin>
      <tempMax>19 </tempMax>
      <weathertype>TJ2</weathertype>
    </data>
  </forecast>
  <forecast_foreign date="20220609" period="DAY">
    <titledate>09/06/22</titledate>
    <titleday>jeudi</titleday>
    <data>
      <city>Paris</city>
      <temp>16 </temp>
      <weathertype>TJ6</weathertype>
    </data>
    <data>
      <city>Londres</city>
      <temp>16 </temp>
      <weathertype>TJ4</weathertype>
    </data>
    <data>
      <city>Amsterdam</city>
      <temp>15 </temp>
      <weathertype>TJ1</weathertype>
    </data>
  </forecast_foreign>
  <forecast_foreign date="20220610" period="DAY">
    <titledate>10/06/22</titledate>
    <titleday>vendredi</titleday>
    <data>
      <city>Paris</city>
      <temp>19 </temp>
      <weathertype>TJ4</weathertype>
    </data>
    <data>
      <city>Londres</city>
      <temp>18 </temp>
      <weathertype>TJ1</weathertype>
    </data>
    <data>
      <city>Amsterdam</city>
      <temp>15 </temp>
      <weathertype>TJ11</weathertype>
    </data>
  </forecast_foreign>
  <Ephemerides>
    <Ephemeride>
      <titledate>08/06/22</titledate>
      <titleday>mercredi</titleday>
      <data>
        <sunRise>05:31</sunRise>
        <sunSet>21:52</sunSet>
        <gain>1 </gain>
      </data>
    </Ephemeride>
    <Ephemeride>
      <titledate>09/06/22</titledate>
      <titleday>jeudi</titleday>
      <data>
        <sunRise>05:31</sunRise>
        <sunSet>21:53</sunSet>
        <gain>1 </gain>
      </data>
    </Ephemeride>
    <Ephemeride>
      <titledate>10/06/22</titledate>
      <titleday>vendredi</titleday>
      <data>
        <sunRise>05:30</sunRise>
        <sunSet>21:53</sunSet>
        <gain>1 </gain>
      </data>
    </Ephemeride>
    <Ephemeride>
      <titledate>11/06/22</titledate>
      <titleday>samedi</titleday>
      <data>
        <sunRise>05:30</sunRise>
        <sunSet>21:54</sunSet>
        <gain>1 </gain>
      </data>
    </Ephemeride>
  </Ephemerides>
  <indices>
    <indice>
      <titledate>08/06/22</titledate>
      <titleday>mercredi</titleday>
      <data>
        <value>3</value>
        <evaluation>bonne</evaluation>
      </data>
    </indice>
    <indice>
      <titledate>09/06/22</titledate>
      <titleday>jeudi</titleday>
      <data>
        <value>3</value>
        <evaluation>bonne</evaluation>
      </data>
    </indice>
    <indice>
      <titledate>10/06/22</titledate>
      <titleday>vendredi</titleday>
      <data>
        <value>3</value>
        <evaluation>bonne</evaluation>
      </data>
    </indice>
  </indices>
</meteo>

--- ENF OF RECEIVED DATA ---

<?xml version='1.0' encoding='UTF-8'?>
<meteo>
  <generationDate>08/06/2022 19:58</generationDate>
  <forecast date="20220608" period="NIGHT">
    <titledate>08/06/22</titledate>
    <titleday>mercredi</titleday>
    <data>
      <city>Ostende</city>
      <tempMin>14 </tempMin>
      <weathertype>TNN1</weathertype>
    </data>
    <data>
      <city>Anvers</city>
      <tempMin>12 </tempMin>
      <weathertype>TNN1</weathertype>
    </data>
    <data>
      <city>Bruxelles</city>
      <tempMin>11 </tempMin>
      <weathertype>TNN1</weathertype>
    </data>
    <data>
      <city>Namur</city>
      <tempMin>10 </tempMin>
      <weathertype>TNN1</weathertype>
    </data>
    <data>
      <city>Liege</city>
      <tempMin>11 </tempMin>
      <weathertype>TNN2</weathertype>
    </data>
    <data>
      <city>Arlon</city>
      <tempMin>10 </tempMin>
      <weathertype>TNN3</weathertype>
    </data>
  </forecast>
  <forecast date="20220609" period="AM">
    <titledate>09/06/22</titledate>
    <titleday>jeudi</titleday>
    <data>
      <city>Ostende</city>
      <tempMax>16 </tempMax>
      <weathertype>TJ1</weathertype>
    </data>
    <data>
      <city>Anvers</city>
      <tempMax>18 </tempMax>
      <weathertype>TJ2</weathertype>
    </data>
    <data>
      <city>Bruxelles</city>
      <tempMax>17 </tempMax>
      <weathertype>TJ11</weathertype>
    </data>
    <data>
      <city>Namur</city>
      <tempMax>15 </tempMax>
      <weathertype>TJ11</weathertype>
    </data>
    <data>
      <city>Liege</city>
      <tempMax>15 </tempMax>
      <weathertype>TJ11</weathertype>
    </data>
    <data>
      <city>Arlon</city>
      <tempMax>14 </tempMax>
      <weathertype>TJ11</weathertype>
    </data>
  </forecast>
  <forecast date="20220609" period="PM">
    <titledate>09/06/22</titledate>
    <titleday>jeudi</titleday>
    <data>
      <city>Ostende</city>
      <tempMax>19 </tempMax>
      <weathertype>TJ1</weathertype>
    </data>
    <data>
      <city>Anvers</city>
      <tempMax>20 </tempMax>
      <weathertype>TJ2</weathertype>
    </data>
    <data>
      <city>Bruxelles</city>
      <tempMax>19 </tempMax>
      <weathertype>TJ11</weathertype>
    </data>
    <data>
      <city>Namur</city>
      <tempMax>18 </tempMax>
      <weathertype>TJ11</weathertype>
    </data>
    <data>
      <city>Liege</city>
      <tempMax>18 </tempMax>
      <weathertype>TJ11</weathertype>
    </data>
    <data>
      <city>Arlon</city>
      <tempMax>16 </tempMax>
      <weathertype>TJ11</weathertype>
    </data>
  </forecast>
  <forecast date="20220610" period="DAY">
    <titledate>10/06/22</titledate>
    <titleday>vendredi</titleday>
    <data>
      <city>Ostende</city>
      <tempMin>15 </tempMin>
      <tempMax>21 </tempMax>
      <weathertype>TJ2</weathertype>
    </data>
    <data>
      <city>Anvers</city>
      <tempMin>15 </tempMin>
      <tempMax>22 </tempMax>
      <weathertype>TJ2</weathertype>
    </data>
    <data>
      <city>Bruxelles</city>
      <tempMin>15 </tempMin>
      <tempMax>21 </tempMax>
      <weathertype>TJ2</weathertype>
    </data>
    <data>
      <city>Namur</city>
      <tempMin>12 </tempMin>
      <tempMax>20 </tempMax>
      <weathertype>TJ3</weathertype>
    </data>
    <data>
      <city>Liege</city>
      <tempMin>15 </tempMin>
      <tempMax>21 </tempMax>
      <weathertype>TJ3</weathertype>
    </data>
    <data>
      <city>Arlon</city>
      <tempMin>12 </tempMin>
      <tempMax>18 </tempMax>
      <weathertype>TJ3</weathertype>
    </data>
  </forecast>
  <forecast date="20220611" period="DAY">
    <titledate>11/06/22</titledate>
    <titleday>samedi</titleday>
    <data>
      <city>Ostende</city>
      <tempMin>13 </tempMin>
      <tempMax>20 </tempMax>
      <weathertype>TJ2</weathertype>
    </data>
    <data>
      <city>Anvers</city>
      <tempMin>12 </tempMin>
      <tempMax>22 </tempMax>
      <weathertype>TJ2</weathertype>
    </data>
    <data>
      <city>Bruxelles</city>
      <tempMin>12 </tempMin>
      <tempMax>22 </tempMax>
      <weathertype>TJ2</weathertype>
    </data>
    <data>
      <city>Namur</city>
      <tempMin>11 </tempMin>
      <tempMax>21 </tempMax>
      <weathertype>TJ2</weathertype>
    </data>
    <data>
      <city>Liege</city>
      <tempMin>12 </tempMin>
      <tempMax>23 </tempMax>
      <weathertype>TJ2</weathertype>
    </data>
    <data>
      <city>Arlon</city>
      <tempMin>11 </tempMin>
      <tempMax>21 </tempMax>
      <weathertype>TJ2</weathertype>
    </data>
  </forecast>
  <forecast date="20220612" period="DAY">
    <titledate>12/06/22</titledate>
    <titleday>dimanche</titleday>
    <data>
      <city>Ostende</city>
      <tempMin>15 </tempMin>
      <tempMax>18 </tempMax>
      <weathertype>TJ2</weathertype>
    </data>
    <data>
      <city>Anvers</city>
      <tempMin>13 </tempMin>
      <tempMax>22 </tempMax>
      <weathertype>TJ2</weathertype>
    </data>
    <data>
      <city>Bruxelles</city>
      <tempMin>13 </tempMin>
      <tempMax>22 </tempMax>
      <weathertype>TJ2</weathertype>
    </data>
    <data>
      <city>Namur</city>
      <tempMin>8 </tempMin>
      <tempMax>19 </tempMax>
      <weathertype>TJ2</weathertype>
    </data>
    <data>
      <city>Liege</city>
      <tempMin>12 </tempMin>
      <tempMax>22 </tempMax>
      <weathertype>TJ2</weathertype>
    </data>
    <data>
      <city>Arlon</city>
      <tempMin>8 </tempMin>
      <tempMax>19 </tempMax>
      <weathertype>TJ2</weathertype>
    </data>
  </forecast>
  <forecast_foreign date="20220609" period="DAY">
    <titledate>09/06/22</titledate>
    <titleday>jeudi</titleday>
    <data>
      <city>Paris</city>
      <temp>16 </temp>
      <weathertype>TJ6</weathertype>
    </data>
    <data>
      <city>Londres</city>
      <temp>16 </temp>
      <weathertype>TJ4</weathertype>
    </data>
    <data>
      <city>Amsterdam</city>
      <temp>15 </temp>
      <weathertype>TJ1</weathertype>
    </data>
  </forecast_foreign>
  <forecast_foreign date="20220610" period="DAY">
    <titledate>10/06/22</titledate>
    <titleday>vendredi</titleday>
    <data>
      <city>Paris</city>
      <temp>19 </temp>
      <weathertype>TJ4</weathertype>
    </data>
    <data>
      <city>Londres</city>
      <temp>18 </temp>
      <weathertype>TJ1</weathertype>
    </data>
    <data>
      <city>Amsterdam</city>
      <temp>15 </temp>
      <weathertype>TJ11</weathertype>
    </data>
  </forecast_foreign>
  <Ephemerides>
    <Ephemeride>
      <titledate>08/06/22</titledate>
      <titleday>mercredi</titleday>
      <data>
        <sunRise>05:31</sunRise>
        <sunSet>21:52</sunSet>
        <gain>1 </gain>
      </data>
    </Ephemeride>
    <Ephemeride>
      <titledate>09/06/22</titledate>
      <titleday>jeudi</titleday>
      <data>
        <sunRise>05:31</sunRise>
        <sunSet>21:53</sunSet>
        <gain>1 </gain>
      </data>
    </Ephemeride>
    <Ephemeride>
      <titledate>10/06/22</titledate>
      <titleday>vendredi</titleday>
      <data>
        <sunRise>05:30</sunRise>
        <sunSet>21:53</sunSet>
        <gain>1 </gain>
      </data>
    </Ephemeride>
    <Ephemeride>
      <titledate>11/06/22</titledate>
      <titleday>samedi</titleday>
      <data>
        <sunRise>05:30</sunRise>
        <sunSet>21:54</sunSet>
        <gain>1 </gain>
      </data>
    </Ephemeride>
  </Ephemerides>
  <indices>
    <indice>
      <titledate>08/06/22</titledate>
      <titleday>mercredi</titleday>
      <data>
        <value>3</value>
        <evaluation>bonne</evaluation>
      </data>
    </indice>
    <indice>
      <titledate>09/06/22</titledate>
      <titleday>jeudi</titleday>
      <data>
        <value>3</value>
        <evaluation>bonne</evaluation>
      </data>
    </indice>
    <indice>
      <titledate>10/06/22</titledate>
      <titleday>vendredi</titleday>
      <data>
        <value>3</value>
        <evaluation>bonne</evaluation>
      </data>
    </indice>
  </indices>
</meteo>

--- ENF OF RECEIVED DATA ---

