________________________________________________
|             CALL API : START                |
________________________________________________

Informations : 
Called API: meteo - 8 December 2023, 07:20
Method: GETMETEO - Timeout : 300 - Cache : 1
URL CALLED : https://api.openweathermap.org/data/2.5/forecast/daily?q=Brussels,be&units=metric&cnt=4&appid=ea18c0706135505149200c3836f29800
-------------------------
________________________________________________
|             CALL API : START                |
________________________________________________

Informations : 
Called API: meteo - 8 December 2023, 07:20
Method: GETMETEO - Timeout : 300 - Cache : 1
URL CALLED : https://api.openweathermap.org/data/2.5/forecast/daily?q=Brussels,be&units=metric&cnt=4&appid=ea18c0706135505149200c3836f29800
-------------------------
{"city":{"id":2800866,"name":"Brussels","coord":{"lon":4.3488,"lat":50.8504},"country":"BE","population":1019022,"timezone":3600},"cod":"200","message":0.0463641,"cnt":4,"list":[{"dt":1702033200,"sunrise":1702020686,"sunset":1702049851,"temp":{"day":8.16,"min":3.79,"max":9.91,"night":8.08,"eve":8.91,"morn":4.8},"feels_like":{"day":5.22,"night":5.19,"eve":6.22,"morn":1.45},"pressure":1008,"humidity":92,"weather":[{"id":500,"main":"Rain","description":"light rain","icon":"10d"}],"speed":6.34,"deg":145,"gust":14.68,"clouds":100,"pop":1,"rain":3.83},{"dt":1702119600,"sunrise":1702107153,"sunset":1702136236,"temp":{"day":7.71,"min":6.2,"max":12.21,"night":8.44,"eve":12.21,"morn":6.2},"feels_like":{"day":3.12,"night":4.28,"eve":11.68,"morn":2.41},"pressure":1002,"humidity":88,"weather":[{"id":501,"main":"Rain","description":"moderate rain","icon":"10d"}],"speed":11.94,"deg":193,"gust":22.07,"clouds":100,"pop":1,"rain":13.05},{"dt":1702206000,"sunrise":1702193617,"sunset":1702222624,"temp":{"day":9.79,"min":8.17,"max":11.96,"night":11.96,"eve":8.52,"morn":8.53},"feels_like":{"day":6.35,"night":11.54,"eve":4.9,"morn":3.96},"pressure":1011,"humidity":78,"weather":[{"id":502,"main":"Rain","description":"heavy intensity rain","icon":"10d"}],"speed":11.42,"deg":254,"gust":19.89,"clouds":43,"pop":1,"rain":7.58},{"dt":1702292400,"sunrise":1702280079,"sunset":1702309015,"temp":{"day":10.77,"min":8.92,"max":11.21,"night":9.97,"eve":9.63,"morn":9.06},"feels_like":{"day":10.17,"night":7.36,"eve":6.79,"morn":6.67},"pressure":1010,"humidity":87,"weather":[{"id":500,"main":"Rain","description":"light rain","icon":"10d"}],"speed":7.31,"deg":257,"gust":13.83,"clouds":86,"pop":0.8,"rain":0.12}]}
--- ENF OF RECEIVED DATA ---

{"city":{"id":2800866,"name":"Brussels","coord":{"lon":4.3488,"lat":50.8504},"country":"BE","population":1019022,"timezone":3600},"cod":"200","message":0.0463641,"cnt":4,"list":[{"dt":1702033200,"sunrise":1702020686,"sunset":1702049851,"temp":{"day":8.16,"min":3.79,"max":9.91,"night":8.08,"eve":8.91,"morn":4.8},"feels_like":{"day":5.22,"night":5.19,"eve":6.22,"morn":1.45},"pressure":1008,"humidity":92,"weather":[{"id":500,"main":"Rain","description":"light rain","icon":"10d"}],"speed":6.34,"deg":145,"gust":14.68,"clouds":100,"pop":1,"rain":3.83},{"dt":1702119600,"sunrise":1702107153,"sunset":1702136236,"temp":{"day":7.71,"min":6.2,"max":12.21,"night":8.44,"eve":12.21,"morn":6.2},"feels_like":{"day":3.12,"night":4.28,"eve":11.68,"morn":2.41},"pressure":1002,"humidity":88,"weather":[{"id":501,"main":"Rain","description":"moderate rain","icon":"10d"}],"speed":11.94,"deg":193,"gust":22.07,"clouds":100,"pop":1,"rain":13.05},{"dt":1702206000,"sunrise":1702193617,"sunset":1702222624,"temp":{"day":9.79,"min":8.17,"max":11.96,"night":11.96,"eve":8.52,"morn":8.53},"feels_like":{"day":6.35,"night":11.54,"eve":4.9,"morn":3.96},"pressure":1011,"humidity":78,"weather":[{"id":502,"main":"Rain","description":"heavy intensity rain","icon":"10d"}],"speed":11.42,"deg":254,"gust":19.89,"clouds":43,"pop":1,"rain":7.58},{"dt":1702292400,"sunrise":1702280079,"sunset":1702309015,"temp":{"day":10.77,"min":8.92,"max":11.21,"night":9.97,"eve":9.63,"morn":9.06},"feels_like":{"day":10.17,"night":7.36,"eve":6.79,"morn":6.67},"pressure":1010,"humidity":87,"weather":[{"id":500,"main":"Rain","description":"light rain","icon":"10d"}],"speed":7.31,"deg":257,"gust":13.83,"clouds":86,"pop":0.8,"rain":0.12}]}
--- ENF OF RECEIVED DATA ---

