________________________________________________
|             CALL API : START                |
________________________________________________

Informations : 
Called API: meteo - 12 February 2024, 09:20
Method: GETMETEO - Timeout : 300 - Cache : 1
URL CALLED : https://api.openweathermap.org/data/2.5/forecast/daily?q=Brussels,be&units=metric&cnt=4&appid=ea18c0706135505149200c3836f29800
-------------------------
________________________________________________
|             CALL API : START                |
________________________________________________

Informations : 
Called API: meteo - 12 February 2024, 09:20
Method: GETMETEO - Timeout : 300 - Cache : 1
URL CALLED : https://api.openweathermap.org/data/2.5/forecast/daily?q=Brussels,be&units=metric&cnt=4&appid=ea18c0706135505149200c3836f29800
-------------------------
{"city":{"id":2800866,"name":"Brussels","coord":{"lon":4.3488,"lat":50.8504},"country":"BE","population":1019022,"timezone":3600},"cod":"200","message":0.0351049,"cnt":4,"list":[{"dt":1707735600,"sunrise":1707721317,"sunset":1707756714,"temp":{"day":7.62,"min":4.18,"max":9.89,"night":4.18,"eve":6.63,"morn":5.18},"feels_like":{"day":4.64,"night":1.4,"eve":4.4,"morn":2.23},"pressure":1004,"humidity":81,"weather":[{"id":500,"main":"Rain","description":"light rain","icon":"10d"}],"speed":5.58,"deg":270,"gust":8.97,"clouds":69,"pop":0.49,"rain":0.47},{"dt":1707822000,"sunrise":1707807609,"sunset":1707843222,"temp":{"day":7.4,"min":2.81,"max":8.95,"night":8.46,"eve":7.9,"morn":3.08},"feels_like":{"day":3.92,"night":4.51,"eve":4.74,"morn":-0.75},"pressure":1019,"humidity":70,"weather":[{"id":500,"main":"Rain","description":"light rain","icon":"10d"}],"speed":8.62,"deg":205,"gust":16.23,"clouds":93,"pop":0.9,"rain":0.36},{"dt":1707908400,"sunrise":1707893900,"sunset":1707929730,"temp":{"day":11.9,"min":8.72,"max":12.52,"night":12.26,"eve":11.98,"morn":9.23},"feels_like":{"day":11.37,"night":11.89,"eve":11.58,"morn":5.91},"pressure":1016,"humidity":85,"weather":[{"id":500,"main":"Rain","description":"light rain","icon":"10d"}],"speed":8.62,"deg":207,"gust":16.16,"clouds":100,"pop":0.93,"rain":5.17},{"dt":1707994800,"sunrise":1707980190,"sunset":1708016237,"temp":{"day":14.88,"min":10.3,"max":15.2,"night":11.59,"eve":12.59,"morn":10.85},"feels_like":{"day":14.51,"night":10.82,"eve":12.02,"morn":10.5},"pressure":1014,"humidity":80,"weather":[{"id":500,"main":"Rain","description":"light rain","icon":"10d"}],"speed":6.19,"deg":221,"gust":13.79,"clouds":100,"pop":0.89,"rain":2.61}]}
--- ENF OF RECEIVED DATA ---

{"city":{"id":2800866,"name":"Brussels","coord":{"lon":4.3488,"lat":50.8504},"country":"BE","population":1019022,"timezone":3600},"cod":"200","message":0.0351049,"cnt":4,"list":[{"dt":1707735600,"sunrise":1707721317,"sunset":1707756714,"temp":{"day":7.62,"min":4.18,"max":9.89,"night":4.18,"eve":6.63,"morn":5.18},"feels_like":{"day":4.64,"night":1.4,"eve":4.4,"morn":2.23},"pressure":1004,"humidity":81,"weather":[{"id":500,"main":"Rain","description":"light rain","icon":"10d"}],"speed":5.58,"deg":270,"gust":8.97,"clouds":69,"pop":0.49,"rain":0.47},{"dt":1707822000,"sunrise":1707807609,"sunset":1707843222,"temp":{"day":7.4,"min":2.81,"max":8.95,"night":8.46,"eve":7.9,"morn":3.08},"feels_like":{"day":3.92,"night":4.51,"eve":4.74,"morn":-0.75},"pressure":1019,"humidity":70,"weather":[{"id":500,"main":"Rain","description":"light rain","icon":"10d"}],"speed":8.62,"deg":205,"gust":16.23,"clouds":93,"pop":0.9,"rain":0.36},{"dt":1707908400,"sunrise":1707893900,"sunset":1707929730,"temp":{"day":11.9,"min":8.72,"max":12.52,"night":12.26,"eve":11.98,"morn":9.23},"feels_like":{"day":11.37,"night":11.89,"eve":11.58,"morn":5.91},"pressure":1016,"humidity":85,"weather":[{"id":500,"main":"Rain","description":"light rain","icon":"10d"}],"speed":8.62,"deg":207,"gust":16.16,"clouds":100,"pop":0.93,"rain":5.17},{"dt":1707994800,"sunrise":1707980190,"sunset":1708016237,"temp":{"day":14.88,"min":10.3,"max":15.2,"night":11.59,"eve":12.59,"morn":10.85},"feels_like":{"day":14.51,"night":10.82,"eve":12.02,"morn":10.5},"pressure":1014,"humidity":80,"weather":[{"id":500,"main":"Rain","description":"light rain","icon":"10d"}],"speed":6.19,"deg":221,"gust":13.79,"clouds":100,"pop":0.89,"rain":2.61}]}
--- ENF OF RECEIVED DATA ---

