________________________________________________
|             CALL API : START                |
________________________________________________

Informations : 
Called API: meteo - 15 September 2023, 04:30
Method: GETMETEO - Timeout : 300 - Cache : 1
URL CALLED : https://api.openweathermap.org/data/2.5/forecast/daily?q=Brussels,be&units=metric&cnt=4&appid=ea18c0706135505149200c3836f29800
-------------------------
________________________________________________
|             CALL API : START                |
________________________________________________

Informations : 
Called API: meteo - 15 September 2023, 04:30
Method: GETMETEO - Timeout : 300 - Cache : 1
URL CALLED : https://api.openweathermap.org/data/2.5/forecast/daily?q=Brussels,be&units=metric&cnt=4&appid=ea18c0706135505149200c3836f29800
-------------------------
{"city":{"id":2800866,"name":"Brussels","coord":{"lon":4.3488,"lat":50.8504},"country":"BE","population":1019022,"timezone":7200},"cod":"200","message":0.0589255,"cnt":4,"list":[{"dt":1694775600,"sunrise":1694755038,"sunset":1694800735,"temp":{"day":22.54,"min":11.34,"max":24.14,"night":17.21,"eve":22.22,"morn":12.43},"feels_like":{"day":22.16,"night":16.84,"eve":21.91,"morn":11.97},"pressure":1017,"humidity":50,"weather":[{"id":803,"main":"Clouds","description":"broken clouds","icon":"04d"}],"speed":3.09,"deg":114,"gust":5.07,"clouds":52,"pop":0},{"dt":1694862000,"sunrise":1694841531,"sunset":1694886998,"temp":{"day":24.12,"min":15.05,"max":25.77,"night":18.68,"eve":22.86,"morn":15.05},"feels_like":{"day":23.95,"night":18.43,"eve":22.74,"morn":14.73},"pressure":1014,"humidity":52,"weather":[{"id":804,"main":"Clouds","description":"overcast clouds","icon":"04d"}],"speed":3.7,"deg":58,"gust":8.75,"clouds":96,"pop":0},{"dt":1694948400,"sunrise":1694928023,"sunset":1694973262,"temp":{"day":24.37,"min":15.09,"max":26.78,"night":21.51,"eve":24.15,"morn":15.09},"feels_like":{"day":24.35,"night":21.62,"eve":24.34,"morn":14.82},"pressure":1014,"humidity":57,"weather":[{"id":804,"main":"Clouds","description":"overcast clouds","icon":"04d"}],"speed":4.2,"deg":91,"gust":8.64,"clouds":99,"pop":0.19},{"dt":1695034800,"sunrise":1695014515,"sunset":1695059525,"temp":{"day":23.94,"min":16.31,"max":23.94,"night":16.31,"eve":19.21,"morn":18.77},"feels_like":{"day":23.56,"night":16.32,"eve":18.99,"morn":19.03},"pressure":1009,"humidity":45,"weather":[{"id":500,"main":"Rain","description":"light rain","icon":"10d"}],"speed":7.39,"deg":230,"gust":14.62,"clouds":85,"pop":1,"rain":4.49}]}
--- ENF OF RECEIVED DATA ---

{"city":{"id":2800866,"name":"Brussels","coord":{"lon":4.3488,"lat":50.8504},"country":"BE","population":1019022,"timezone":7200},"cod":"200","message":0.0589255,"cnt":4,"list":[{"dt":1694775600,"sunrise":1694755038,"sunset":1694800735,"temp":{"day":22.54,"min":11.34,"max":24.14,"night":17.21,"eve":22.22,"morn":12.43},"feels_like":{"day":22.16,"night":16.84,"eve":21.91,"morn":11.97},"pressure":1017,"humidity":50,"weather":[{"id":803,"main":"Clouds","description":"broken clouds","icon":"04d"}],"speed":3.09,"deg":114,"gust":5.07,"clouds":52,"pop":0},{"dt":1694862000,"sunrise":1694841531,"sunset":1694886998,"temp":{"day":24.12,"min":15.05,"max":25.77,"night":18.68,"eve":22.86,"morn":15.05},"feels_like":{"day":23.95,"night":18.43,"eve":22.74,"morn":14.73},"pressure":1014,"humidity":52,"weather":[{"id":804,"main":"Clouds","description":"overcast clouds","icon":"04d"}],"speed":3.7,"deg":58,"gust":8.75,"clouds":96,"pop":0},{"dt":1694948400,"sunrise":1694928023,"sunset":1694973262,"temp":{"day":24.37,"min":15.09,"max":26.78,"night":21.51,"eve":24.15,"morn":15.09},"feels_like":{"day":24.35,"night":21.62,"eve":24.34,"morn":14.82},"pressure":1014,"humidity":57,"weather":[{"id":804,"main":"Clouds","description":"overcast clouds","icon":"04d"}],"speed":4.2,"deg":91,"gust":8.64,"clouds":99,"pop":0.19},{"dt":1695034800,"sunrise":1695014515,"sunset":1695059525,"temp":{"day":23.94,"min":16.31,"max":23.94,"night":16.31,"eve":19.21,"morn":18.77},"feels_like":{"day":23.56,"night":16.32,"eve":18.99,"morn":19.03},"pressure":1009,"humidity":45,"weather":[{"id":500,"main":"Rain","description":"light rain","icon":"10d"}],"speed":7.39,"deg":230,"gust":14.62,"clouds":85,"pop":1,"rain":4.49}]}
--- ENF OF RECEIVED DATA ---

