________________________________________________
|             CALL API : START                |
________________________________________________

Informations : 
Called API: meteo - 19 January 2024, 00:10
Method: GETMETEO - Timeout : 300 - Cache : 1
URL CALLED : https://api.openweathermap.org/data/2.5/forecast/daily?q=Brussels,be&units=metric&cnt=4&appid=ea18c0706135505149200c3836f29800
-------------------------
________________________________________________
|             CALL API : START                |
________________________________________________

Informations : 
Called API: meteo - 19 January 2024, 00:10
Method: GETMETEO - Timeout : 300 - Cache : 1
URL CALLED : https://api.openweathermap.org/data/2.5/forecast/daily?q=Brussels,be&units=metric&cnt=4&appid=ea18c0706135505149200c3836f29800
-------------------------
{"city":{"id":2800866,"name":"Brussels","coord":{"lon":4.3488,"lat":50.8504},"country":"BE","population":1019022,"timezone":3600},"cod":"200","message":9.9062199,"cnt":4,"list":[{"dt":1705662000,"sunrise":1705649742,"sunset":1705680608,"temp":{"day":0.12,"min":-4.52,"max":1.2,"night":-4.52,"eve":-2.84,"morn":-3.76},"feels_like":{"day":-3.28,"night":-9.45,"eve":-6.92,"morn":-8.24},"pressure":1023,"humidity":88,"weather":[{"id":801,"main":"Clouds","description":"few clouds","icon":"02d"}],"speed":3.54,"deg":208,"gust":7.57,"clouds":12,"pop":0.3},{"dt":1705748400,"sunrise":1705736084,"sunset":1705767104,"temp":{"day":-1.24,"min":-5.01,"max":-0.07,"night":-2.69,"eve":-2.97,"morn":-4.98},"feels_like":{"day":-5.89,"night":-7.74,"eve":-7.68,"morn":-10.29},"pressure":1030,"humidity":81,"weather":[{"id":803,"main":"Clouds","description":"broken clouds","icon":"04d"}],"speed":4.21,"deg":211,"gust":12.76,"clouds":84,"pop":0},{"dt":1705834800,"sunrise":1705822422,"sunset":1705853601,"temp":{"day":1.81,"min":-2.2,"max":5.47,"night":5.47,"eve":4.17,"morn":-0.36},"feels_like":{"day":-3.9,"night":-0.04,"eve":-1.53,"morn":-6.38},"pressure":1022,"humidity":89,"weather":[{"id":804,"main":"Clouds","description":"overcast clouds","icon":"04d"}],"speed":10.99,"deg":196,"gust":23.6,"clouds":97,"pop":0},{"dt":1705921200,"sunrise":1705908759,"sunset":1705940100,"temp":{"day":9.3,"min":5.99,"max":9.96,"night":5.99,"eve":7.01,"morn":9.26},"feels_like":{"day":6.01,"night":1.62,"eve":2.84,"morn":4.62},"pressure":1009,"humidity":89,"weather":[{"id":500,"main":"Rain","description":"light rain","icon":"10d"}],"speed":14.32,"deg":211,"gust":26.5,"clouds":97,"pop":1,"rain":5.98}]}
--- ENF OF RECEIVED DATA ---

{"city":{"id":2800866,"name":"Brussels","coord":{"lon":4.3488,"lat":50.8504},"country":"BE","population":1019022,"timezone":3600},"cod":"200","message":9.9062199,"cnt":4,"list":[{"dt":1705662000,"sunrise":1705649742,"sunset":1705680608,"temp":{"day":0.12,"min":-4.52,"max":1.2,"night":-4.52,"eve":-2.84,"morn":-3.76},"feels_like":{"day":-3.28,"night":-9.45,"eve":-6.92,"morn":-8.24},"pressure":1023,"humidity":88,"weather":[{"id":801,"main":"Clouds","description":"few clouds","icon":"02d"}],"speed":3.54,"deg":208,"gust":7.57,"clouds":12,"pop":0.3},{"dt":1705748400,"sunrise":1705736084,"sunset":1705767104,"temp":{"day":-1.24,"min":-5.01,"max":-0.07,"night":-2.69,"eve":-2.97,"morn":-4.98},"feels_like":{"day":-5.89,"night":-7.74,"eve":-7.68,"morn":-10.29},"pressure":1030,"humidity":81,"weather":[{"id":803,"main":"Clouds","description":"broken clouds","icon":"04d"}],"speed":4.21,"deg":211,"gust":12.76,"clouds":84,"pop":0},{"dt":1705834800,"sunrise":1705822422,"sunset":1705853601,"temp":{"day":1.81,"min":-2.2,"max":5.47,"night":5.47,"eve":4.17,"morn":-0.36},"feels_like":{"day":-3.9,"night":-0.04,"eve":-1.53,"morn":-6.38},"pressure":1022,"humidity":89,"weather":[{"id":804,"main":"Clouds","description":"overcast clouds","icon":"04d"}],"speed":10.99,"deg":196,"gust":23.6,"clouds":97,"pop":0},{"dt":1705921200,"sunrise":1705908759,"sunset":1705940100,"temp":{"day":9.3,"min":5.99,"max":9.96,"night":5.99,"eve":7.01,"morn":9.26},"feels_like":{"day":6.01,"night":1.62,"eve":2.84,"morn":4.62},"pressure":1009,"humidity":89,"weather":[{"id":500,"main":"Rain","description":"light rain","icon":"10d"}],"speed":14.32,"deg":211,"gust":26.5,"clouds":97,"pop":1,"rain":5.98}]}
--- ENF OF RECEIVED DATA ---

