________________________________________________
|             CALL API : START                |
________________________________________________

Informations : 
Called API: meteo - 31 January 2024, 01:20
Method: GETMETEO - Timeout : 300 - Cache : 1
URL CALLED : https://api.openweathermap.org/data/2.5/forecast/daily?q=Brussels,be&units=metric&cnt=4&appid=ea18c0706135505149200c3836f29800
-------------------------
________________________________________________
|             CALL API : START                |
________________________________________________

Informations : 
Called API: meteo - 31 January 2024, 01:20
Method: GETMETEO - Timeout : 300 - Cache : 1
URL CALLED : https://api.openweathermap.org/data/2.5/forecast/daily?q=Brussels,be&units=metric&cnt=4&appid=ea18c0706135505149200c3836f29800
-------------------------
{"city":{"id":2800866,"name":"Brussels","coord":{"lon":4.3488,"lat":50.8504},"country":"BE","population":1019022,"timezone":3600},"cod":"200","message":0.0840467,"cnt":4,"list":[{"dt":1706698800,"sunrise":1706685678,"sunset":1706718627,"temp":{"day":7.21,"min":4.78,"max":8.5,"night":6.45,"eve":6.53,"morn":6.7},"feels_like":{"day":4.25,"night":2.22,"eve":2.96,"morn":5.34},"pressure":1033,"humidity":72,"weather":[{"id":803,"main":"Clouds","description":"broken clouds","icon":"04d"}],"speed":7.48,"deg":225,"gust":17,"clouds":58,"pop":0},{"dt":1706785200,"sunrise":1706771991,"sunset":1706805133,"temp":{"day":7.73,"min":4.46,"max":9.31,"night":4.5,"eve":5.29,"morn":9.23},"feels_like":{"day":5.52,"night":2.09,"eve":3.81,"morn":6.23},"pressure":1034,"humidity":66,"weather":[{"id":501,"main":"Rain","description":"moderate rain","icon":"10d"}],"speed":7.56,"deg":239,"gust":16.6,"clouds":85,"pop":1,"rain":6.01},{"dt":1706871600,"sunrise":1706858303,"sunset":1706891639,"temp":{"day":8.03,"min":2.64,"max":10.84,"night":8.95,"eve":8.94,"morn":2.64},"feels_like":{"day":4.4,"night":5.79,"eve":5.66,"morn":-1.45},"pressure":1032,"humidity":77,"weather":[{"id":801,"main":"Clouds","description":"few clouds","icon":"02d"}],"speed":7.19,"deg":244,"gust":13.53,"clouds":11,"pop":0},{"dt":1706958000,"sunrise":1706944612,"sunset":1706978146,"temp":{"day":10.12,"min":8.4,"max":10.2,"night":8.55,"eve":9.56,"morn":8.4},"feels_like":{"day":9.51,"night":5.92,"eve":6.97,"morn":5.48},"pressure":1029,"humidity":89,"weather":[{"id":500,"main":"Rain","description":"light rain","icon":"10d"}],"speed":5.95,"deg":242,"gust":12.1,"clouds":98,"pop":0.2,"rain":0.19}]}
--- ENF OF RECEIVED DATA ---

{"city":{"id":2800866,"name":"Brussels","coord":{"lon":4.3488,"lat":50.8504},"country":"BE","population":1019022,"timezone":3600},"cod":"200","message":0.0840467,"cnt":4,"list":[{"dt":1706698800,"sunrise":1706685678,"sunset":1706718627,"temp":{"day":7.21,"min":4.78,"max":8.5,"night":6.45,"eve":6.53,"morn":6.7},"feels_like":{"day":4.25,"night":2.22,"eve":2.96,"morn":5.34},"pressure":1033,"humidity":72,"weather":[{"id":803,"main":"Clouds","description":"broken clouds","icon":"04d"}],"speed":7.48,"deg":225,"gust":17,"clouds":58,"pop":0},{"dt":1706785200,"sunrise":1706771991,"sunset":1706805133,"temp":{"day":7.73,"min":4.46,"max":9.31,"night":4.5,"eve":5.29,"morn":9.23},"feels_like":{"day":5.52,"night":2.09,"eve":3.81,"morn":6.23},"pressure":1034,"humidity":66,"weather":[{"id":501,"main":"Rain","description":"moderate rain","icon":"10d"}],"speed":7.56,"deg":239,"gust":16.6,"clouds":85,"pop":1,"rain":6.01},{"dt":1706871600,"sunrise":1706858303,"sunset":1706891639,"temp":{"day":8.03,"min":2.64,"max":10.84,"night":8.95,"eve":8.94,"morn":2.64},"feels_like":{"day":4.4,"night":5.79,"eve":5.66,"morn":-1.45},"pressure":1032,"humidity":77,"weather":[{"id":801,"main":"Clouds","description":"few clouds","icon":"02d"}],"speed":7.19,"deg":244,"gust":13.53,"clouds":11,"pop":0},{"dt":1706958000,"sunrise":1706944612,"sunset":1706978146,"temp":{"day":10.12,"min":8.4,"max":10.2,"night":8.55,"eve":9.56,"morn":8.4},"feels_like":{"day":9.51,"night":5.92,"eve":6.97,"morn":5.48},"pressure":1029,"humidity":89,"weather":[{"id":500,"main":"Rain","description":"light rain","icon":"10d"}],"speed":5.95,"deg":242,"gust":12.1,"clouds":98,"pop":0.2,"rain":0.19}]}
--- ENF OF RECEIVED DATA ---

