________________________________________________
|             CALL API : START                |
________________________________________________

Informations : 
Called API: meteo - 8 May 2023, 07:50
Method: GETMETEO - Timeout : 300 - Cache : 1
URL CALLED : https://api.openweathermap.org/data/2.5/forecast/daily?q=Brussels,be&units=metric&cnt=4&appid=ea18c0706135505149200c3836f29800
-------------------------
________________________________________________
|             CALL API : START                |
________________________________________________

Informations : 
Called API: meteo - 8 May 2023, 07:50
Method: GETMETEO - Timeout : 300 - Cache : 1
URL CALLED : https://api.openweathermap.org/data/2.5/forecast/daily?q=Brussels,be&units=metric&cnt=4&appid=ea18c0706135505149200c3836f29800
-------------------------
{"city":{"id":2800866,"name":"Brussels","coord":{"lon":4.3488,"lat":50.8504},"country":"BE","population":1019022,"timezone":7200},"cod":"200","message":0.1311675,"cnt":4,"list":[{"dt":1683543600,"sunrise":1683518694,"sunset":1683573199,"temp":{"day":19.27,"min":11.41,"max":19.51,"night":13.12,"eve":17.11,"morn":12.53},"feels_like":{"day":19.03,"night":12.79,"eve":16.94,"morn":12.32},"pressure":1021,"humidity":68,"weather":[{"id":803,"main":"Clouds","description":"broken clouds","icon":"04d"}],"speed":3.86,"deg":236,"gust":5.31,"clouds":79,"pop":0.28},{"dt":1683630000,"sunrise":1683604996,"sunset":1683659693,"temp":{"day":13.07,"min":11.42,"max":15.11,"night":11.42,"eve":15.11,"morn":12.21},"feels_like":{"day":12.91,"night":11.1,"eve":14.9,"morn":11.89},"pressure":1010,"humidity":95,"weather":[{"id":501,"main":"Rain","description":"moderate rain","icon":"10d"}],"speed":6.71,"deg":207,"gust":11.41,"clouds":100,"pop":1,"rain":7.45},{"dt":1683716400,"sunrise":1683691299,"sunset":1683746186,"temp":{"day":12.94,"min":8.43,"max":15.09,"night":9.17,"eve":13.16,"morn":9.48},"feels_like":{"day":12.27,"night":7.23,"eve":12.7,"morn":6.38},"pressure":1013,"humidity":76,"weather":[{"id":500,"main":"Rain","description":"light rain","icon":"10d"}],"speed":6.92,"deg":232,"gust":11.41,"clouds":100,"pop":1,"rain":2.84},{"dt":1683802800,"sunrise":1683777605,"sunset":1683832678,"temp":{"day":16.02,"min":6.73,"max":16.09,"night":11.5,"eve":14.97,"morn":9.02},"feels_like":{"day":15.3,"night":10.98,"eve":14.45,"morn":7.01},"pressure":1015,"humidity":62,"weather":[{"id":500,"main":"Rain","description":"light rain","icon":"10d"}],"speed":3.87,"deg":202,"gust":7.6,"clouds":82,"pop":0.64,"rain":1.25}]}
--- ENF OF RECEIVED DATA ---

{"city":{"id":2800866,"name":"Brussels","coord":{"lon":4.3488,"lat":50.8504},"country":"BE","population":1019022,"timezone":7200},"cod":"200","message":0.1311675,"cnt":4,"list":[{"dt":1683543600,"sunrise":1683518694,"sunset":1683573199,"temp":{"day":19.27,"min":11.41,"max":19.51,"night":13.12,"eve":17.11,"morn":12.53},"feels_like":{"day":19.03,"night":12.79,"eve":16.94,"morn":12.32},"pressure":1021,"humidity":68,"weather":[{"id":803,"main":"Clouds","description":"broken clouds","icon":"04d"}],"speed":3.86,"deg":236,"gust":5.31,"clouds":79,"pop":0.28},{"dt":1683630000,"sunrise":1683604996,"sunset":1683659693,"temp":{"day":13.07,"min":11.42,"max":15.11,"night":11.42,"eve":15.11,"morn":12.21},"feels_like":{"day":12.91,"night":11.1,"eve":14.9,"morn":11.89},"pressure":1010,"humidity":95,"weather":[{"id":501,"main":"Rain","description":"moderate rain","icon":"10d"}],"speed":6.71,"deg":207,"gust":11.41,"clouds":100,"pop":1,"rain":7.45},{"dt":1683716400,"sunrise":1683691299,"sunset":1683746186,"temp":{"day":12.94,"min":8.43,"max":15.09,"night":9.17,"eve":13.16,"morn":9.48},"feels_like":{"day":12.27,"night":7.23,"eve":12.7,"morn":6.38},"pressure":1013,"humidity":76,"weather":[{"id":500,"main":"Rain","description":"light rain","icon":"10d"}],"speed":6.92,"deg":232,"gust":11.41,"clouds":100,"pop":1,"rain":2.84},{"dt":1683802800,"sunrise":1683777605,"sunset":1683832678,"temp":{"day":16.02,"min":6.73,"max":16.09,"night":11.5,"eve":14.97,"morn":9.02},"feels_like":{"day":15.3,"night":10.98,"eve":14.45,"morn":7.01},"pressure":1015,"humidity":62,"weather":[{"id":500,"main":"Rain","description":"light rain","icon":"10d"}],"speed":3.87,"deg":202,"gust":7.6,"clouds":82,"pop":0.64,"rain":1.25}]}
--- ENF OF RECEIVED DATA ---

