________________________________________________
|             CALL API : START                |
________________________________________________

Informations : 
Called API: meteo - 18 December 2024, 16:20
Method: GETMETEO - Timeout : 300 - Cache : 1
URL CALLED : https://api.openweathermap.org/data/2.5/forecast/daily?q=Brussels,be&units=metric&cnt=4&appid=ea18c0706135505149200c3836f29800
-------------------------
________________________________________________
|             CALL API : START                |
________________________________________________

Informations : 
Called API: meteo - 18 December 2024, 16:20
Method: GETMETEO - Timeout : 300 - Cache : 1
URL CALLED : https://api.openweathermap.org/data/2.5/forecast/daily?q=Brussels,be&units=metric&cnt=4&appid=ea18c0706135505149200c3836f29800
-------------------------
{"city":{"id":2800866,"name":"Brussels","coord":{"lon":4.3488,"lat":50.8504},"country":"BE","population":1019022,"timezone":3600},"cod":"200","message":0.0452167,"cnt":4,"list":[{"dt":1734519600,"sunrise":1734507666,"sunset":1734536259,"temp":{"day":11.27,"min":6.85,"max":12.69,"night":11.31,"eve":12.5,"morn":9.17},"feels_like":{"day":10.54,"night":10.79,"eve":11.97,"morn":5.43},"pressure":1014,"humidity":80,"weather":[{"id":804,"main":"Clouds","description":"overcast clouds","icon":"04d"}],"speed":10.62,"deg":218,"gust":19.44,"clouds":89,"pop":0},{"dt":1734606000,"sunrise":1734594104,"sunset":1734622679,"temp":{"day":6.79,"min":4.88,"max":13.34,"night":4.88,"eve":5.63,"morn":12.39},"feels_like":{"day":3.05,"night":1.54,"eve":1.62,"morn":11.77},"pressure":1003,"humidity":89,"weather":[{"id":501,"main":"Rain","description":"moderate rain","icon":"10d"}],"speed":12.23,"deg":217,"gust":22.36,"clouds":100,"pop":1,"rain":12.33},{"dt":1734692400,"sunrise":1734680538,"sunset":1734709102,"temp":{"day":4.89,"min":1.9,"max":6.26,"night":6.26,"eve":5.26,"morn":2.37},"feels_like":{"day":1.13,"night":1.7,"eve":0.71,"morn":-1.1},"pressure":1023,"humidity":81,"weather":[{"id":500,"main":"Rain","description":"light rain","icon":"10d"}],"speed":8.36,"deg":211,"gust":14.55,"clouds":43,"pop":0.9,"rain":0.51},{"dt":1734778800,"sunrise":1734766969,"sunset":1734795529,"temp":{"day":7.4,"min":4.86,"max":9.51,"night":9.51,"eve":8.13,"morn":5.87},"feels_like":{"day":3.76,"night":5.36,"eve":3.78,"morn":2.64},"pressure":1017,"humidity":86,"weather":[{"id":501,"main":"Rain","description":"moderate rain","icon":"10d"}],"speed":10.96,"deg":231,"gust":19.39,"clouds":100,"pop":1,"rain":6.05}]}
--- ENF OF RECEIVED DATA ---

{"city":{"id":2800866,"name":"Brussels","coord":{"lon":4.3488,"lat":50.8504},"country":"BE","population":1019022,"timezone":3600},"cod":"200","message":0.0452167,"cnt":4,"list":[{"dt":1734519600,"sunrise":1734507666,"sunset":1734536259,"temp":{"day":11.27,"min":6.85,"max":12.69,"night":11.31,"eve":12.5,"morn":9.17},"feels_like":{"day":10.54,"night":10.79,"eve":11.97,"morn":5.43},"pressure":1014,"humidity":80,"weather":[{"id":804,"main":"Clouds","description":"overcast clouds","icon":"04d"}],"speed":10.62,"deg":218,"gust":19.44,"clouds":89,"pop":0},{"dt":1734606000,"sunrise":1734594104,"sunset":1734622679,"temp":{"day":6.79,"min":4.88,"max":13.34,"night":4.88,"eve":5.63,"morn":12.39},"feels_like":{"day":3.05,"night":1.54,"eve":1.62,"morn":11.77},"pressure":1003,"humidity":89,"weather":[{"id":501,"main":"Rain","description":"moderate rain","icon":"10d"}],"speed":12.23,"deg":217,"gust":22.36,"clouds":100,"pop":1,"rain":12.33},{"dt":1734692400,"sunrise":1734680538,"sunset":1734709102,"temp":{"day":4.89,"min":1.9,"max":6.26,"night":6.26,"eve":5.26,"morn":2.37},"feels_like":{"day":1.13,"night":1.7,"eve":0.71,"morn":-1.1},"pressure":1023,"humidity":81,"weather":[{"id":500,"main":"Rain","description":"light rain","icon":"10d"}],"speed":8.36,"deg":211,"gust":14.55,"clouds":43,"pop":0.9,"rain":0.51},{"dt":1734778800,"sunrise":1734766969,"sunset":1734795529,"temp":{"day":7.4,"min":4.86,"max":9.51,"night":9.51,"eve":8.13,"morn":5.87},"feels_like":{"day":3.76,"night":5.36,"eve":3.78,"morn":2.64},"pressure":1017,"humidity":86,"weather":[{"id":501,"main":"Rain","description":"moderate rain","icon":"10d"}],"speed":10.96,"deg":231,"gust":19.39,"clouds":100,"pop":1,"rain":6.05}]}
--- ENF OF RECEIVED DATA ---

