________________________________________________
|             CALL API : START                |
________________________________________________

Informations : 
Called API: meteo - 4 June 2024, 05:40
Method: GETMETEO - Timeout : 300 - Cache : 1
URL CALLED : https://api.openweathermap.org/data/2.5/forecast/daily?q=Brussels,be&units=metric&cnt=4&appid=ea18c0706135505149200c3836f29800
-------------------------
________________________________________________
|             CALL API : START                |
________________________________________________

Informations : 
Called API: meteo - 4 June 2024, 05:40
Method: GETMETEO - Timeout : 300 - Cache : 1
URL CALLED : https://api.openweathermap.org/data/2.5/forecast/daily?q=Brussels,be&units=metric&cnt=4&appid=ea18c0706135505149200c3836f29800
-------------------------
{"city":{"id":2800866,"name":"Brussels","coord":{"lon":4.3488,"lat":50.8504},"country":"BE","population":1019022,"timezone":7200},"cod":"200","message":3.413381,"cnt":4,"list":[{"dt":1717498800,"sunrise":1717471936,"sunset":1717530601,"temp":{"day":19.73,"min":13.13,"max":20.61,"night":14.69,"eve":19.48,"morn":13.61},"feels_like":{"day":19.51,"night":14.17,"eve":19.36,"morn":13.27},"pressure":1013,"humidity":67,"weather":[{"id":500,"main":"Rain","description":"light rain","icon":"10d"}],"speed":6.29,"deg":250,"gust":12.9,"clouds":91,"pop":0.42,"rain":0.48},{"dt":1717585200,"sunrise":1717558301,"sunset":1717617057,"temp":{"day":16.15,"min":9.48,"max":16.94,"night":9.48,"eve":14.76,"morn":11.4},"feels_like":{"day":15.13,"night":9.48,"eve":13.78,"morn":10.92},"pressure":1015,"humidity":50,"weather":[{"id":500,"main":"Rain","description":"light rain","icon":"10d"}],"speed":5.9,"deg":248,"gust":11.58,"clouds":70,"pop":0.66,"rain":0.38},{"dt":1717671600,"sunrise":1717644668,"sunset":1717703510,"temp":{"day":15.65,"min":6.98,"max":16.72,"night":10.05,"eve":15.31,"morn":8.12},"feels_like":{"day":14.55,"night":9.15,"eve":14.44,"morn":6.08},"pressure":1017,"humidity":49,"weather":[{"id":802,"main":"Clouds","description":"scattered clouds","icon":"03d"}],"speed":4.54,"deg":284,"gust":6.53,"clouds":27,"pop":0},{"dt":1717758000,"sunrise":1717731039,"sunset":1717789961,"temp":{"day":17.56,"min":7.82,"max":18.68,"night":13.41,"eve":17.55,"morn":10.67},"feels_like":{"day":16.7,"night":12.9,"eve":17.08,"morn":9.88},"pressure":1017,"humidity":51,"weather":[{"id":803,"main":"Clouds","description":"broken clouds","icon":"04d"}],"speed":4.35,"deg":244,"gust":6.17,"clouds":56,"pop":0}]}
--- ENF OF RECEIVED DATA ---

{"city":{"id":2800866,"name":"Brussels","coord":{"lon":4.3488,"lat":50.8504},"country":"BE","population":1019022,"timezone":7200},"cod":"200","message":3.413381,"cnt":4,"list":[{"dt":1717498800,"sunrise":1717471936,"sunset":1717530601,"temp":{"day":19.73,"min":13.13,"max":20.61,"night":14.69,"eve":19.48,"morn":13.61},"feels_like":{"day":19.51,"night":14.17,"eve":19.36,"morn":13.27},"pressure":1013,"humidity":67,"weather":[{"id":500,"main":"Rain","description":"light rain","icon":"10d"}],"speed":6.29,"deg":250,"gust":12.9,"clouds":91,"pop":0.42,"rain":0.48},{"dt":1717585200,"sunrise":1717558301,"sunset":1717617057,"temp":{"day":16.15,"min":9.48,"max":16.94,"night":9.48,"eve":14.76,"morn":11.4},"feels_like":{"day":15.13,"night":9.48,"eve":13.78,"morn":10.92},"pressure":1015,"humidity":50,"weather":[{"id":500,"main":"Rain","description":"light rain","icon":"10d"}],"speed":5.9,"deg":248,"gust":11.58,"clouds":70,"pop":0.66,"rain":0.38},{"dt":1717671600,"sunrise":1717644668,"sunset":1717703510,"temp":{"day":15.65,"min":6.98,"max":16.72,"night":10.05,"eve":15.31,"morn":8.12},"feels_like":{"day":14.55,"night":9.15,"eve":14.44,"morn":6.08},"pressure":1017,"humidity":49,"weather":[{"id":802,"main":"Clouds","description":"scattered clouds","icon":"03d"}],"speed":4.54,"deg":284,"gust":6.53,"clouds":27,"pop":0},{"dt":1717758000,"sunrise":1717731039,"sunset":1717789961,"temp":{"day":17.56,"min":7.82,"max":18.68,"night":13.41,"eve":17.55,"morn":10.67},"feels_like":{"day":16.7,"night":12.9,"eve":17.08,"morn":9.88},"pressure":1017,"humidity":51,"weather":[{"id":803,"main":"Clouds","description":"broken clouds","icon":"04d"}],"speed":4.35,"deg":244,"gust":6.17,"clouds":56,"pop":0}]}
--- ENF OF RECEIVED DATA ---

