________________________________________________
|             CALL API : START                |
________________________________________________

Informations : 
Called API: meteo - 11 July 2023, 18:50
Method: GETMETEO - Timeout : 300 - Cache : 1
URL CALLED : https://api.openweathermap.org/data/2.5/forecast/daily?q=Brussels,be&units=metric&cnt=4&appid=ea18c0706135505149200c3836f29800
-------------------------
________________________________________________
|             CALL API : START                |
________________________________________________

Informations : 
Called API: meteo - 11 July 2023, 18:50
Method: GETMETEO - Timeout : 300 - Cache : 1
URL CALLED : https://api.openweathermap.org/data/2.5/forecast/daily?q=Brussels,be&units=metric&cnt=4&appid=ea18c0706135505149200c3836f29800
-------------------------
{"city":{"id":2800866,"name":"Brussels","coord":{"lon":4.3488,"lat":50.8504},"country":"BE","population":1019022,"timezone":7200},"cod":"200","message":6.5357092,"cnt":4,"list":[{"dt":1689073200,"sunrise":1689046874,"sunset":1689105266,"temp":{"day":27.35,"min":17.6,"max":28.97,"night":20.48,"eve":28.74,"morn":18.06},"feels_like":{"day":27.36,"night":20.72,"eve":29.33,"morn":17.64},"pressure":1012,"humidity":44,"weather":[{"id":500,"main":"Rain","description":"light rain","icon":"10d"}],"speed":6.24,"deg":220,"gust":10.75,"clouds":98,"pop":0.98,"rain":1.54},{"dt":1689159600,"sunrise":1689133336,"sunset":1689191620,"temp":{"day":22.94,"min":14.73,"max":24.92,"night":15.72,"eve":22.64,"morn":14.87},"feels_like":{"day":22.44,"night":14.97,"eve":21.93,"morn":14.87},"pressure":1013,"humidity":44,"weather":[{"id":500,"main":"Rain","description":"light rain","icon":"10d"}],"speed":7.64,"deg":256,"gust":12.11,"clouds":81,"pop":1,"rain":1.67},{"dt":1689246000,"sunrise":1689219800,"sunset":1689277970,"temp":{"day":21.77,"min":12.35,"max":22.28,"night":16.05,"eve":21.71,"morn":13.19},"feels_like":{"day":21.28,"night":15.46,"eve":21.22,"morn":12.99},"pressure":1017,"humidity":49,"weather":[{"id":803,"main":"Clouds","description":"broken clouds","icon":"04d"}],"speed":6.07,"deg":249,"gust":9.84,"clouds":81,"pop":0},{"dt":1689332400,"sunrise":1689306266,"sunset":1689364319,"temp":{"day":24.67,"min":11.54,"max":25.86,"night":21.28,"eve":24.59,"morn":12.77},"feels_like":{"day":24.34,"night":20.72,"eve":24.38,"morn":12.24},"pressure":1013,"humidity":44,"weather":[{"id":804,"main":"Clouds","description":"overcast clouds","icon":"04d"}],"speed":3.98,"deg":148,"gust":10.08,"clouds":92,"pop":0}]}
--- ENF OF RECEIVED DATA ---

{"city":{"id":2800866,"name":"Brussels","coord":{"lon":4.3488,"lat":50.8504},"country":"BE","population":1019022,"timezone":7200},"cod":"200","message":6.5357092,"cnt":4,"list":[{"dt":1689073200,"sunrise":1689046874,"sunset":1689105266,"temp":{"day":27.35,"min":17.6,"max":28.97,"night":20.48,"eve":28.74,"morn":18.06},"feels_like":{"day":27.36,"night":20.72,"eve":29.33,"morn":17.64},"pressure":1012,"humidity":44,"weather":[{"id":500,"main":"Rain","description":"light rain","icon":"10d"}],"speed":6.24,"deg":220,"gust":10.75,"clouds":98,"pop":0.98,"rain":1.54},{"dt":1689159600,"sunrise":1689133336,"sunset":1689191620,"temp":{"day":22.94,"min":14.73,"max":24.92,"night":15.72,"eve":22.64,"morn":14.87},"feels_like":{"day":22.44,"night":14.97,"eve":21.93,"morn":14.87},"pressure":1013,"humidity":44,"weather":[{"id":500,"main":"Rain","description":"light rain","icon":"10d"}],"speed":7.64,"deg":256,"gust":12.11,"clouds":81,"pop":1,"rain":1.67},{"dt":1689246000,"sunrise":1689219800,"sunset":1689277970,"temp":{"day":21.77,"min":12.35,"max":22.28,"night":16.05,"eve":21.71,"morn":13.19},"feels_like":{"day":21.28,"night":15.46,"eve":21.22,"morn":12.99},"pressure":1017,"humidity":49,"weather":[{"id":803,"main":"Clouds","description":"broken clouds","icon":"04d"}],"speed":6.07,"deg":249,"gust":9.84,"clouds":81,"pop":0},{"dt":1689332400,"sunrise":1689306266,"sunset":1689364319,"temp":{"day":24.67,"min":11.54,"max":25.86,"night":21.28,"eve":24.59,"morn":12.77},"feels_like":{"day":24.34,"night":20.72,"eve":24.38,"morn":12.24},"pressure":1013,"humidity":44,"weather":[{"id":804,"main":"Clouds","description":"overcast clouds","icon":"04d"}],"speed":3.98,"deg":148,"gust":10.08,"clouds":92,"pop":0}]}
--- ENF OF RECEIVED DATA ---

