________________________________________________
|             CALL API : START                |
________________________________________________

Informations : 
Called API: meteo - 1 February 2024, 09:00
Method: GETMETEO - Timeout : 300 - Cache : 1
URL CALLED : https://api.openweathermap.org/data/2.5/forecast/daily?q=Brussels,be&units=metric&cnt=4&appid=ea18c0706135505149200c3836f29800
-------------------------
________________________________________________
|             CALL API : START                |
________________________________________________

Informations : 
Called API: meteo - 1 February 2024, 09:00
Method: GETMETEO - Timeout : 300 - Cache : 1
URL CALLED : https://api.openweathermap.org/data/2.5/forecast/daily?q=Brussels,be&units=metric&cnt=4&appid=ea18c0706135505149200c3836f29800
-------------------------
{"city":{"id":2800866,"name":"Brussels","coord":{"lon":4.3488,"lat":50.8504},"country":"BE","population":1019022,"timezone":3600},"cod":"200","message":0.1019859,"cnt":4,"list":[{"dt":1706785200,"sunrise":1706771991,"sunset":1706805133,"temp":{"day":6.92,"min":4.15,"max":9.13,"night":4.15,"eve":5.75,"morn":7.48},"feels_like":{"day":4.7,"night":1.6,"eve":3.86,"morn":5},"pressure":1032,"humidity":77,"weather":[{"id":501,"main":"Rain","description":"moderate rain","icon":"10d"}],"speed":8.01,"deg":231,"gust":16.89,"clouds":54,"pop":1,"rain":5.08},{"dt":1706871600,"sunrise":1706858303,"sunset":1706891639,"temp":{"day":8.32,"min":3.92,"max":10.81,"night":10.19,"eve":9.85,"morn":3.97},"feels_like":{"day":4.84,"night":9.59,"eve":7.18,"morn":-0.13},"pressure":1031,"humidity":77,"weather":[{"id":802,"main":"Clouds","description":"scattered clouds","icon":"03d"}],"speed":7.47,"deg":252,"gust":14.1,"clouds":31,"pop":0},{"dt":1706958000,"sunrise":1706944612,"sunset":1706978146,"temp":{"day":11.16,"min":9.41,"max":11.96,"night":10.18,"eve":10.39,"morn":9.45},"feels_like":{"day":10.47,"night":9.6,"eve":9.86,"morn":6.74},"pressure":1030,"humidity":82,"weather":[{"id":500,"main":"Rain","description":"light rain","icon":"10d"}],"speed":6.71,"deg":248,"gust":12.04,"clouds":100,"pop":0.2,"rain":0.13},{"dt":1707044400,"sunrise":1707030920,"sunset":1707064653,"temp":{"day":11.06,"min":8.46,"max":12.02,"night":8.46,"eve":10.1,"morn":10.22},"feels_like":{"day":10.47,"night":5.37,"eve":9.46,"morn":9.62},"pressure":1025,"humidity":86,"weather":[{"id":500,"main":"Rain","description":"light rain","icon":"10d"}],"speed":7.28,"deg":252,"gust":13.81,"clouds":99,"pop":0.32,"rain":0.63}]}
--- ENF OF RECEIVED DATA ---

{"city":{"id":2800866,"name":"Brussels","coord":{"lon":4.3488,"lat":50.8504},"country":"BE","population":1019022,"timezone":3600},"cod":"200","message":0.1019859,"cnt":4,"list":[{"dt":1706785200,"sunrise":1706771991,"sunset":1706805133,"temp":{"day":6.92,"min":4.15,"max":9.13,"night":4.15,"eve":5.75,"morn":7.48},"feels_like":{"day":4.7,"night":1.6,"eve":3.86,"morn":5},"pressure":1032,"humidity":77,"weather":[{"id":501,"main":"Rain","description":"moderate rain","icon":"10d"}],"speed":8.01,"deg":231,"gust":16.89,"clouds":54,"pop":1,"rain":5.08},{"dt":1706871600,"sunrise":1706858303,"sunset":1706891639,"temp":{"day":8.32,"min":3.92,"max":10.81,"night":10.19,"eve":9.85,"morn":3.97},"feels_like":{"day":4.84,"night":9.59,"eve":7.18,"morn":-0.13},"pressure":1031,"humidity":77,"weather":[{"id":802,"main":"Clouds","description":"scattered clouds","icon":"03d"}],"speed":7.47,"deg":252,"gust":14.1,"clouds":31,"pop":0},{"dt":1706958000,"sunrise":1706944612,"sunset":1706978146,"temp":{"day":11.16,"min":9.41,"max":11.96,"night":10.18,"eve":10.39,"morn":9.45},"feels_like":{"day":10.47,"night":9.6,"eve":9.86,"morn":6.74},"pressure":1030,"humidity":82,"weather":[{"id":500,"main":"Rain","description":"light rain","icon":"10d"}],"speed":6.71,"deg":248,"gust":12.04,"clouds":100,"pop":0.2,"rain":0.13},{"dt":1707044400,"sunrise":1707030920,"sunset":1707064653,"temp":{"day":11.06,"min":8.46,"max":12.02,"night":8.46,"eve":10.1,"morn":10.22},"feels_like":{"day":10.47,"night":5.37,"eve":9.46,"morn":9.62},"pressure":1025,"humidity":86,"weather":[{"id":500,"main":"Rain","description":"light rain","icon":"10d"}],"speed":7.28,"deg":252,"gust":13.81,"clouds":99,"pop":0.32,"rain":0.63}]}
--- ENF OF RECEIVED DATA ---

