________________________________________________
|             CALL API : START                |
________________________________________________

Informations : 
Called API: meteo - 22 April 2025, 01:00
Method: GETMETEO - Timeout : 300 - Cache : 1
URL CALLED : https://api.openweathermap.org/data/2.5/forecast/daily?q=Brussels,be&units=metric&cnt=4&appid=ea18c0706135505149200c3836f29800
-------------------------
________________________________________________
|             CALL API : START                |
________________________________________________

Informations : 
Called API: meteo - 22 April 2025, 01:00
Method: GETMETEO - Timeout : 300 - Cache : 1
URL CALLED : https://api.openweathermap.org/data/2.5/forecast/daily?q=Brussels,be&units=metric&cnt=4&appid=ea18c0706135505149200c3836f29800
-------------------------
{"city":{"id":2800866,"name":"Brussels","coord":{"lon":4.3488,"lat":50.8504},"country":"BE","population":1019022,"timezone":7200},"cod":"200","message":0.0661525,"cnt":4,"list":[{"dt":1745319600,"sunrise":1745296405,"sunset":1745347704,"temp":{"day":18.12,"min":8.23,"max":18.12,"night":10.71,"eve":15.37,"morn":8.23},"feels_like":{"day":17.42,"night":9.64,"eve":14.35,"morn":6.27},"pressure":1018,"humidity":55,"weather":[{"id":803,"main":"Clouds","description":"broken clouds","icon":"04d"}],"speed":4.73,"deg":256,"gust":8.61,"clouds":79,"pop":0},{"dt":1745406000,"sunrise":1745382686,"sunset":1745434202,"temp":{"day":10.51,"min":8.06,"max":12.79,"night":8.6,"eve":8.57,"morn":10.51},"feels_like":{"day":9.6,"night":7.9,"eve":7.05,"morn":9.44},"pressure":1013,"humidity":76,"weather":[{"id":500,"main":"Rain","description":"light rain","icon":"10d"}],"speed":6.36,"deg":184,"gust":10.86,"clouds":100,"pop":1,"rain":2.99},{"dt":1745492400,"sunrise":1745468967,"sunset":1745520700,"temp":{"day":13.06,"min":8.44,"max":13.95,"night":9.41,"eve":13.31,"morn":8.44},"feels_like":{"day":12.17,"night":9.41,"eve":12.5,"morn":8},"pressure":1018,"humidity":67,"weather":[{"id":500,"main":"Rain","description":"light rain","icon":"10d"}],"speed":1.52,"deg":279,"gust":2.41,"clouds":99,"pop":0.43,"rain":0.38},{"dt":1745578800,"sunrise":1745555250,"sunset":1745607197,"temp":{"day":16.85,"min":9.41,"max":16.85,"night":13.77,"eve":15.58,"morn":10.3},"feels_like":{"day":16.13,"night":13.16,"eve":14.94,"morn":9.68},"pressure":1019,"humidity":59,"weather":[{"id":804,"main":"Clouds","description":"overcast clouds","icon":"04d"}],"speed":2.46,"deg":139,"gust":3.94,"clouds":85,"pop":0}]}
--- ENF OF RECEIVED DATA ---

{"city":{"id":2800866,"name":"Brussels","coord":{"lon":4.3488,"lat":50.8504},"country":"BE","population":1019022,"timezone":7200},"cod":"200","message":0.0661525,"cnt":4,"list":[{"dt":1745319600,"sunrise":1745296405,"sunset":1745347704,"temp":{"day":18.12,"min":8.23,"max":18.12,"night":10.71,"eve":15.37,"morn":8.23},"feels_like":{"day":17.42,"night":9.64,"eve":14.35,"morn":6.27},"pressure":1018,"humidity":55,"weather":[{"id":803,"main":"Clouds","description":"broken clouds","icon":"04d"}],"speed":4.73,"deg":256,"gust":8.61,"clouds":79,"pop":0},{"dt":1745406000,"sunrise":1745382686,"sunset":1745434202,"temp":{"day":10.51,"min":8.06,"max":12.79,"night":8.6,"eve":8.57,"morn":10.51},"feels_like":{"day":9.6,"night":7.9,"eve":7.05,"morn":9.44},"pressure":1013,"humidity":76,"weather":[{"id":500,"main":"Rain","description":"light rain","icon":"10d"}],"speed":6.36,"deg":184,"gust":10.86,"clouds":100,"pop":1,"rain":2.99},{"dt":1745492400,"sunrise":1745468967,"sunset":1745520700,"temp":{"day":13.06,"min":8.44,"max":13.95,"night":9.41,"eve":13.31,"morn":8.44},"feels_like":{"day":12.17,"night":9.41,"eve":12.5,"morn":8},"pressure":1018,"humidity":67,"weather":[{"id":500,"main":"Rain","description":"light rain","icon":"10d"}],"speed":1.52,"deg":279,"gust":2.41,"clouds":99,"pop":0.43,"rain":0.38},{"dt":1745578800,"sunrise":1745555250,"sunset":1745607197,"temp":{"day":16.85,"min":9.41,"max":16.85,"night":13.77,"eve":15.58,"morn":10.3},"feels_like":{"day":16.13,"night":13.16,"eve":14.94,"morn":9.68},"pressure":1019,"humidity":59,"weather":[{"id":804,"main":"Clouds","description":"overcast clouds","icon":"04d"}],"speed":2.46,"deg":139,"gust":3.94,"clouds":85,"pop":0}]}
--- ENF OF RECEIVED DATA ---

