________________________________________________
|             CALL API : START                |
________________________________________________

Informations : 
Called API: meteo - 20 April 2024, 18:10
Method: GETMETEO - Timeout : 300 - Cache : 1
URL CALLED : https://api.openweathermap.org/data/2.5/forecast/daily?q=Brussels,be&units=metric&cnt=4&appid=ea18c0706135505149200c3836f29800
-------------------------
________________________________________________
|             CALL API : START                |
________________________________________________

Informations : 
Called API: meteo - 20 April 2024, 18:10
Method: GETMETEO - Timeout : 300 - Cache : 1
URL CALLED : https://api.openweathermap.org/data/2.5/forecast/daily?q=Brussels,be&units=metric&cnt=4&appid=ea18c0706135505149200c3836f29800
-------------------------
{"city":{"id":2800866,"name":"Brussels","coord":{"lon":4.3488,"lat":50.8504},"country":"BE","population":1019022,"timezone":7200},"cod":"200","message":0.0563093,"cnt":4,"list":[{"dt":1713610800,"sunrise":1713587815,"sunset":1713638734,"temp":{"day":9.01,"min":4.71,"max":9.59,"night":5.39,"eve":8.79,"morn":5.15},"feels_like":{"day":5.67,"night":2.02,"eve":5.39,"morn":1.65},"pressure":1024,"humidity":56,"weather":[{"id":500,"main":"Rain","description":"light rain","icon":"10d"}],"speed":8.11,"deg":330,"gust":11.42,"clouds":94,"pop":1,"rain":0.83},{"dt":1713697200,"sunrise":1713674094,"sunset":1713725232,"temp":{"day":8.97,"min":3.15,"max":11.09,"night":5.01,"eve":8.87,"morn":3.99},"feels_like":{"day":5.69,"night":1.65,"eve":5.66,"morn":-0.51},"pressure":1025,"humidity":54,"weather":[{"id":500,"main":"Rain","description":"light rain","icon":"10d"}],"speed":7.73,"deg":40,"gust":12.23,"clouds":41,"pop":1,"rain":2.15},{"dt":1713783600,"sunrise":1713760374,"sunset":1713811729,"temp":{"day":9.41,"min":1.47,"max":10.15,"night":4.16,"eve":9.15,"morn":1.47},"feels_like":{"day":6.94,"night":2.79,"eve":6.74,"morn":-1.84},"pressure":1025,"humidity":44,"weather":[{"id":803,"main":"Clouds","description":"broken clouds","icon":"04d"}],"speed":4.99,"deg":28,"gust":8.98,"clouds":60,"pop":0},{"dt":1713870000,"sunrise":1713846655,"sunset":1713898227,"temp":{"day":10.37,"min":1.69,"max":10.82,"night":5.77,"eve":7.83,"morn":1.73},"feels_like":{"day":8.61,"night":3.93,"eve":6.58,"morn":1.73},"pressure":1015,"humidity":44,"weather":[{"id":500,"main":"Rain","description":"light rain","icon":"10d"}],"speed":2.89,"deg":275,"gust":2.59,"clouds":42,"pop":1,"rain":1.47}]}
--- ENF OF RECEIVED DATA ---

{"city":{"id":2800866,"name":"Brussels","coord":{"lon":4.3488,"lat":50.8504},"country":"BE","population":1019022,"timezone":7200},"cod":"200","message":0.0563093,"cnt":4,"list":[{"dt":1713610800,"sunrise":1713587815,"sunset":1713638734,"temp":{"day":9.01,"min":4.71,"max":9.59,"night":5.39,"eve":8.79,"morn":5.15},"feels_like":{"day":5.67,"night":2.02,"eve":5.39,"morn":1.65},"pressure":1024,"humidity":56,"weather":[{"id":500,"main":"Rain","description":"light rain","icon":"10d"}],"speed":8.11,"deg":330,"gust":11.42,"clouds":94,"pop":1,"rain":0.83},{"dt":1713697200,"sunrise":1713674094,"sunset":1713725232,"temp":{"day":8.97,"min":3.15,"max":11.09,"night":5.01,"eve":8.87,"morn":3.99},"feels_like":{"day":5.69,"night":1.65,"eve":5.66,"morn":-0.51},"pressure":1025,"humidity":54,"weather":[{"id":500,"main":"Rain","description":"light rain","icon":"10d"}],"speed":7.73,"deg":40,"gust":12.23,"clouds":41,"pop":1,"rain":2.15},{"dt":1713783600,"sunrise":1713760374,"sunset":1713811729,"temp":{"day":9.41,"min":1.47,"max":10.15,"night":4.16,"eve":9.15,"morn":1.47},"feels_like":{"day":6.94,"night":2.79,"eve":6.74,"morn":-1.84},"pressure":1025,"humidity":44,"weather":[{"id":803,"main":"Clouds","description":"broken clouds","icon":"04d"}],"speed":4.99,"deg":28,"gust":8.98,"clouds":60,"pop":0},{"dt":1713870000,"sunrise":1713846655,"sunset":1713898227,"temp":{"day":10.37,"min":1.69,"max":10.82,"night":5.77,"eve":7.83,"morn":1.73},"feels_like":{"day":8.61,"night":3.93,"eve":6.58,"morn":1.73},"pressure":1015,"humidity":44,"weather":[{"id":500,"main":"Rain","description":"light rain","icon":"10d"}],"speed":2.89,"deg":275,"gust":2.59,"clouds":42,"pop":1,"rain":1.47}]}
--- ENF OF RECEIVED DATA ---

