________________________________________________
|             CALL API : START                |
________________________________________________

Informations : 
Called API: meteo - 5 November 2024, 00:20
Method: GETMETEO - Timeout : 300 - Cache : 1
URL CALLED : https://api.openweathermap.org/data/2.5/forecast/daily?q=Brussels,be&units=metric&cnt=4&appid=ea18c0706135505149200c3836f29800
-------------------------
________________________________________________
|             CALL API : START                |
________________________________________________

Informations : 
Called API: meteo - 5 November 2024, 00:20
Method: GETMETEO - Timeout : 300 - Cache : 1
URL CALLED : https://api.openweathermap.org/data/2.5/forecast/daily?q=Brussels,be&units=metric&cnt=4&appid=ea18c0706135505149200c3836f29800
-------------------------
{"city":{"id":2800866,"name":"Brussels","coord":{"lon":4.3488,"lat":50.8504},"country":"BE","population":1019022,"timezone":3600},"cod":"200","message":0.0381045,"cnt":4,"list":[{"dt":1730804400,"sunrise":1730788906,"sunset":1730823038,"temp":{"day":12.94,"min":4.76,"max":14.34,"night":9.01,"eve":10.74,"morn":6.13},"feels_like":{"day":11.67,"night":8.02,"eve":9.8,"morn":5.35},"pressure":1023,"humidity":53,"weather":[{"id":800,"main":"Clear","description":"sky is clear","icon":"01d"}],"speed":2.21,"deg":217,"gust":3.12,"clouds":0,"pop":0},{"dt":1730890800,"sunrise":1730875410,"sunset":1730909340,"temp":{"day":13.68,"min":8.09,"max":14.94,"night":9.32,"eve":11.27,"morn":8.16},"feels_like":{"day":12.88,"night":8.33,"eve":10.41,"morn":8.16},"pressure":1029,"humidity":68,"weather":[{"id":800,"main":"Clear","description":"sky is clear","icon":"01d"}],"speed":2.09,"deg":70,"gust":2.21,"clouds":10,"pop":0},{"dt":1730977200,"sunrise":1730961914,"sunset":1730995645,"temp":{"day":12.54,"min":7.22,"max":13.88,"night":7.48,"eve":9.61,"morn":7.61},"feels_like":{"day":11.29,"night":6.22,"eve":7.97,"morn":6.05},"pressure":1029,"humidity":55,"weather":[{"id":803,"main":"Clouds","description":"broken clouds","icon":"04d"}],"speed":3.58,"deg":71,"gust":5.6,"clouds":73,"pop":0},{"dt":1731063600,"sunrise":1731048418,"sunset":1731081951,"temp":{"day":13.67,"min":6.44,"max":13.67,"night":10.19,"eve":11.19,"morn":6.44},"feels_like":{"day":12.92,"night":9.67,"eve":10.66,"morn":5.18},"pressure":1026,"humidity":70,"weather":[{"id":800,"main":"Clear","description":"sky is clear","icon":"01d"}],"speed":2.1,"deg":105,"gust":2.63,"clouds":6,"pop":0}]}
--- ENF OF RECEIVED DATA ---

{"city":{"id":2800866,"name":"Brussels","coord":{"lon":4.3488,"lat":50.8504},"country":"BE","population":1019022,"timezone":3600},"cod":"200","message":0.0381045,"cnt":4,"list":[{"dt":1730804400,"sunrise":1730788906,"sunset":1730823038,"temp":{"day":12.94,"min":4.76,"max":14.34,"night":9.01,"eve":10.74,"morn":6.13},"feels_like":{"day":11.67,"night":8.02,"eve":9.8,"morn":5.35},"pressure":1023,"humidity":53,"weather":[{"id":800,"main":"Clear","description":"sky is clear","icon":"01d"}],"speed":2.21,"deg":217,"gust":3.12,"clouds":0,"pop":0},{"dt":1730890800,"sunrise":1730875410,"sunset":1730909340,"temp":{"day":13.68,"min":8.09,"max":14.94,"night":9.32,"eve":11.27,"morn":8.16},"feels_like":{"day":12.88,"night":8.33,"eve":10.41,"morn":8.16},"pressure":1029,"humidity":68,"weather":[{"id":800,"main":"Clear","description":"sky is clear","icon":"01d"}],"speed":2.09,"deg":70,"gust":2.21,"clouds":10,"pop":0},{"dt":1730977200,"sunrise":1730961914,"sunset":1730995645,"temp":{"day":12.54,"min":7.22,"max":13.88,"night":7.48,"eve":9.61,"morn":7.61},"feels_like":{"day":11.29,"night":6.22,"eve":7.97,"morn":6.05},"pressure":1029,"humidity":55,"weather":[{"id":803,"main":"Clouds","description":"broken clouds","icon":"04d"}],"speed":3.58,"deg":71,"gust":5.6,"clouds":73,"pop":0},{"dt":1731063600,"sunrise":1731048418,"sunset":1731081951,"temp":{"day":13.67,"min":6.44,"max":13.67,"night":10.19,"eve":11.19,"morn":6.44},"feels_like":{"day":12.92,"night":9.67,"eve":10.66,"morn":5.18},"pressure":1026,"humidity":70,"weather":[{"id":800,"main":"Clear","description":"sky is clear","icon":"01d"}],"speed":2.1,"deg":105,"gust":2.63,"clouds":6,"pop":0}]}
--- ENF OF RECEIVED DATA ---

