________________________________________________
|             CALL API : START                |
________________________________________________

Informations : 
Called API: meteo - 26 August 2023, 21:10
Method: GETMETEO - Timeout : 300 - Cache : 1
URL CALLED : https://api.openweathermap.org/data/2.5/forecast/daily?q=Brussels,be&units=metric&cnt=4&appid=ea18c0706135505149200c3836f29800
-------------------------
________________________________________________
|             CALL API : START                |
________________________________________________

Informations : 
Called API: meteo - 26 August 2023, 21:10
Method: GETMETEO - Timeout : 300 - Cache : 1
URL CALLED : https://api.openweathermap.org/data/2.5/forecast/daily?q=Brussels,be&units=metric&cnt=4&appid=ea18c0706135505149200c3836f29800
-------------------------
{"city":{"id":2800866,"name":"Brussels","coord":{"lon":4.3488,"lat":50.8504},"country":"BE","population":1019022,"timezone":7200},"cod":"200","message":4.7708983,"cnt":4,"list":[{"dt":1693047600,"sunrise":1693025189,"sunset":1693075382,"temp":{"day":20.14,"min":11.66,"max":20.65,"night":15.37,"eve":16.87,"morn":11.66},"feels_like":{"day":19.57,"night":15.1,"eve":16.62,"morn":11.21},"pressure":1011,"humidity":52,"weather":[{"id":500,"main":"Rain","description":"light rain","icon":"10d"}],"speed":7.12,"deg":221,"gust":11.35,"clouds":75,"pop":0.69,"rain":0.78},{"dt":1693134000,"sunrise":1693111682,"sunset":1693161655,"temp":{"day":19.41,"min":11.48,"max":21.08,"night":14.44,"eve":18.64,"morn":12.05},"feels_like":{"day":18.84,"night":13.79,"eve":18.02,"morn":11.74},"pressure":1009,"humidity":55,"weather":[{"id":500,"main":"Rain","description":"light rain","icon":"10d"}],"speed":6.9,"deg":270,"gust":9.38,"clouds":30,"pop":0.71,"rain":0.91},{"dt":1693220400,"sunrise":1693198175,"sunset":1693247928,"temp":{"day":20.14,"min":11.18,"max":20.48,"night":14.29,"eve":17.86,"morn":11.18},"feels_like":{"day":19.65,"night":14.15,"eve":17.61,"morn":10.76},"pressure":1011,"humidity":55,"weather":[{"id":500,"main":"Rain","description":"light rain","icon":"10d"}],"speed":4.66,"deg":310,"gust":6.22,"clouds":86,"pop":0.69,"rain":1.42},{"dt":1693306800,"sunrise":1693284668,"sunset":1693334200,"temp":{"day":19.08,"min":12.78,"max":20.18,"night":13.36,"eve":16.65,"morn":12.84},"feels_like":{"day":18.66,"night":12.84,"eve":16.25,"morn":12.61},"pressure":1011,"humidity":62,"weather":[{"id":500,"main":"Rain","description":"light rain","icon":"10d"}],"speed":3.73,"deg":331,"gust":5.4,"clouds":100,"pop":0.59,"rain":1.73}]}
--- ENF OF RECEIVED DATA ---

{"city":{"id":2800866,"name":"Brussels","coord":{"lon":4.3488,"lat":50.8504},"country":"BE","population":1019022,"timezone":7200},"cod":"200","message":4.7708983,"cnt":4,"list":[{"dt":1693047600,"sunrise":1693025189,"sunset":1693075382,"temp":{"day":20.14,"min":11.66,"max":20.65,"night":15.37,"eve":16.87,"morn":11.66},"feels_like":{"day":19.57,"night":15.1,"eve":16.62,"morn":11.21},"pressure":1011,"humidity":52,"weather":[{"id":500,"main":"Rain","description":"light rain","icon":"10d"}],"speed":7.12,"deg":221,"gust":11.35,"clouds":75,"pop":0.69,"rain":0.78},{"dt":1693134000,"sunrise":1693111682,"sunset":1693161655,"temp":{"day":19.41,"min":11.48,"max":21.08,"night":14.44,"eve":18.64,"morn":12.05},"feels_like":{"day":18.84,"night":13.79,"eve":18.02,"morn":11.74},"pressure":1009,"humidity":55,"weather":[{"id":500,"main":"Rain","description":"light rain","icon":"10d"}],"speed":6.9,"deg":270,"gust":9.38,"clouds":30,"pop":0.71,"rain":0.91},{"dt":1693220400,"sunrise":1693198175,"sunset":1693247928,"temp":{"day":20.14,"min":11.18,"max":20.48,"night":14.29,"eve":17.86,"morn":11.18},"feels_like":{"day":19.65,"night":14.15,"eve":17.61,"morn":10.76},"pressure":1011,"humidity":55,"weather":[{"id":500,"main":"Rain","description":"light rain","icon":"10d"}],"speed":4.66,"deg":310,"gust":6.22,"clouds":86,"pop":0.69,"rain":1.42},{"dt":1693306800,"sunrise":1693284668,"sunset":1693334200,"temp":{"day":19.08,"min":12.78,"max":20.18,"night":13.36,"eve":16.65,"morn":12.84},"feels_like":{"day":18.66,"night":12.84,"eve":16.25,"morn":12.61},"pressure":1011,"humidity":62,"weather":[{"id":500,"main":"Rain","description":"light rain","icon":"10d"}],"speed":3.73,"deg":331,"gust":5.4,"clouds":100,"pop":0.59,"rain":1.73}]}
--- ENF OF RECEIVED DATA ---

