________________________________________________
|             CALL API : START                |
________________________________________________

Informations : 
Called API: meteo - 16 May 2023, 03:40
Method: GETMETEO - Timeout : 300 - Cache : 1
URL CALLED : https://api.openweathermap.org/data/2.5/forecast/daily?q=Brussels,be&units=metric&cnt=4&appid=ea18c0706135505149200c3836f29800
-------------------------
________________________________________________
|             CALL API : START                |
________________________________________________

Informations : 
Called API: meteo - 16 May 2023, 03:40
Method: GETMETEO - Timeout : 300 - Cache : 1
URL CALLED : https://api.openweathermap.org/data/2.5/forecast/daily?q=Brussels,be&units=metric&cnt=4&appid=ea18c0706135505149200c3836f29800
-------------------------
{"city":{"id":2800866,"name":"Brussels","coord":{"lon":4.3488,"lat":50.8504},"country":"BE","population":1019022,"timezone":7200},"cod":"200","message":6.3624579,"cnt":4,"list":[{"dt":1684234800,"sunrise":1684209158,"sunset":1684265129,"temp":{"day":13.77,"min":6.33,"max":14.05,"night":7.51,"eve":12.77,"morn":6.49},"feels_like":{"day":12.59,"night":5.53,"eve":11.75,"morn":4.63},"pressure":1022,"humidity":53,"weather":[{"id":800,"main":"Clear","description":"sky is clear","icon":"01d"}],"speed":6.48,"deg":342,"gust":10.28,"clouds":10,"pop":0},{"dt":1684321200,"sunrise":1684295474,"sunset":1684351617,"temp":{"day":14.93,"min":5.6,"max":15.67,"night":8.21,"eve":14.02,"morn":6.79},"feels_like":{"day":13.86,"night":6.13,"eve":12.99,"morn":6.06},"pressure":1027,"humidity":53,"weather":[{"id":802,"main":"Clouds","description":"scattered clouds","icon":"03d"}],"speed":5.69,"deg":4,"gust":7.52,"clouds":45,"pop":0},{"dt":1684407600,"sunrise":1684381793,"sunset":1684438103,"temp":{"day":13.35,"min":6.03,"max":14.6,"night":9.29,"eve":13.68,"morn":6.51},"feels_like":{"day":12.07,"night":7.73,"eve":12.64,"morn":4.56},"pressure":1026,"humidity":51,"weather":[{"id":804,"main":"Clouds","description":"overcast clouds","icon":"04d"}],"speed":4.16,"deg":45,"gust":7.78,"clouds":96,"pop":0},{"dt":1684494000,"sunrise":1684468114,"sunset":1684524589,"temp":{"day":16.94,"min":7.95,"max":17.23,"night":11.38,"eve":15.28,"morn":9.24},"feels_like":{"day":16.02,"night":10.48,"eve":14.53,"morn":7.44},"pressure":1023,"humidity":51,"weather":[{"id":802,"main":"Clouds","description":"scattered clouds","icon":"03d"}],"speed":5.08,"deg":54,"gust":11.75,"clouds":46,"pop":0}]}
--- ENF OF RECEIVED DATA ---

{"city":{"id":2800866,"name":"Brussels","coord":{"lon":4.3488,"lat":50.8504},"country":"BE","population":1019022,"timezone":7200},"cod":"200","message":6.3624579,"cnt":4,"list":[{"dt":1684234800,"sunrise":1684209158,"sunset":1684265129,"temp":{"day":13.77,"min":6.33,"max":14.05,"night":7.51,"eve":12.77,"morn":6.49},"feels_like":{"day":12.59,"night":5.53,"eve":11.75,"morn":4.63},"pressure":1022,"humidity":53,"weather":[{"id":800,"main":"Clear","description":"sky is clear","icon":"01d"}],"speed":6.48,"deg":342,"gust":10.28,"clouds":10,"pop":0},{"dt":1684321200,"sunrise":1684295474,"sunset":1684351617,"temp":{"day":14.93,"min":5.6,"max":15.67,"night":8.21,"eve":14.02,"morn":6.79},"feels_like":{"day":13.86,"night":6.13,"eve":12.99,"morn":6.06},"pressure":1027,"humidity":53,"weather":[{"id":802,"main":"Clouds","description":"scattered clouds","icon":"03d"}],"speed":5.69,"deg":4,"gust":7.52,"clouds":45,"pop":0},{"dt":1684407600,"sunrise":1684381793,"sunset":1684438103,"temp":{"day":13.35,"min":6.03,"max":14.6,"night":9.29,"eve":13.68,"morn":6.51},"feels_like":{"day":12.07,"night":7.73,"eve":12.64,"morn":4.56},"pressure":1026,"humidity":51,"weather":[{"id":804,"main":"Clouds","description":"overcast clouds","icon":"04d"}],"speed":4.16,"deg":45,"gust":7.78,"clouds":96,"pop":0},{"dt":1684494000,"sunrise":1684468114,"sunset":1684524589,"temp":{"day":16.94,"min":7.95,"max":17.23,"night":11.38,"eve":15.28,"morn":9.24},"feels_like":{"day":16.02,"night":10.48,"eve":14.53,"morn":7.44},"pressure":1023,"humidity":51,"weather":[{"id":802,"main":"Clouds","description":"scattered clouds","icon":"03d"}],"speed":5.08,"deg":54,"gust":11.75,"clouds":46,"pop":0}]}
--- ENF OF RECEIVED DATA ---

