________________________________________________
|             CALL API : START                |
________________________________________________

Informations : 
Called API: meteo - 28 September 2023, 00:30
Method: GETMETEO - Timeout : 300 - Cache : 1
URL CALLED : https://api.openweathermap.org/data/2.5/forecast/daily?q=Brussels,be&units=metric&cnt=4&appid=ea18c0706135505149200c3836f29800
-------------------------
________________________________________________
|             CALL API : START                |
________________________________________________

Informations : 
Called API: meteo - 28 September 2023, 00:30
Method: GETMETEO - Timeout : 300 - Cache : 1
URL CALLED : https://api.openweathermap.org/data/2.5/forecast/daily?q=Brussels,be&units=metric&cnt=4&appid=ea18c0706135505149200c3836f29800
-------------------------
{"city":{"id":2800866,"name":"Brussels","coord":{"lon":4.3488,"lat":50.8504},"country":"BE","population":1019022,"timezone":7200},"cod":"200","message":0.0887563,"cnt":4,"list":[{"dt":1695898800,"sunrise":1695879445,"sunset":1695922159,"temp":{"day":19.46,"min":13.96,"max":20.76,"night":16.31,"eve":18.1,"morn":14.44},"feels_like":{"day":19.11,"night":15.8,"eve":17.74,"morn":14.37},"pressure":1018,"humidity":63,"weather":[{"id":804,"main":"Clouds","description":"overcast clouds","icon":"04d"}],"speed":5.85,"deg":180,"gust":14.53,"clouds":100,"pop":0},{"dt":1695985200,"sunrise":1695965939,"sunset":1696008424,"temp":{"day":19.95,"min":13.17,"max":22.81,"night":13.17,"eve":17.08,"morn":17.99},"feels_like":{"day":20.01,"night":12.84,"eve":17.09,"morn":17.67},"pressure":1017,"humidity":77,"weather":[{"id":500,"main":"Rain","description":"light rain","icon":"10d"}],"speed":7.18,"deg":226,"gust":14.55,"clouds":87,"pop":0.96,"rain":1.48},{"dt":1696071600,"sunrise":1696052433,"sunset":1696094688,"temp":{"day":18.47,"min":10.87,"max":19.45,"night":13.91,"eve":15.33,"morn":10.97},"feels_like":{"day":17.76,"night":13.13,"eve":14.56,"morn":10.45},"pressure":1026,"humidity":53,"weather":[{"id":803,"main":"Clouds","description":"broken clouds","icon":"04d"}],"speed":3.1,"deg":189,"gust":4.87,"clouds":71,"pop":0},{"dt":1696158000,"sunrise":1696138927,"sunset":1696180953,"temp":{"day":22.83,"min":12.98,"max":23.03,"night":17.47,"eve":18.74,"morn":12.98},"feels_like":{"day":22.47,"night":17.23,"eve":18.52,"morn":12.34},"pressure":1023,"humidity":50,"weather":[{"id":802,"main":"Clouds","description":"scattered clouds","icon":"03d"}],"speed":4.65,"deg":218,"gust":8.23,"clouds":32,"pop":0}]}
--- ENF OF RECEIVED DATA ---

{"city":{"id":2800866,"name":"Brussels","coord":{"lon":4.3488,"lat":50.8504},"country":"BE","population":1019022,"timezone":7200},"cod":"200","message":0.0887563,"cnt":4,"list":[{"dt":1695898800,"sunrise":1695879445,"sunset":1695922159,"temp":{"day":19.46,"min":13.96,"max":20.76,"night":16.31,"eve":18.1,"morn":14.44},"feels_like":{"day":19.11,"night":15.8,"eve":17.74,"morn":14.37},"pressure":1018,"humidity":63,"weather":[{"id":804,"main":"Clouds","description":"overcast clouds","icon":"04d"}],"speed":5.85,"deg":180,"gust":14.53,"clouds":100,"pop":0},{"dt":1695985200,"sunrise":1695965939,"sunset":1696008424,"temp":{"day":19.95,"min":13.17,"max":22.81,"night":13.17,"eve":17.08,"morn":17.99},"feels_like":{"day":20.01,"night":12.84,"eve":17.09,"morn":17.67},"pressure":1017,"humidity":77,"weather":[{"id":500,"main":"Rain","description":"light rain","icon":"10d"}],"speed":7.18,"deg":226,"gust":14.55,"clouds":87,"pop":0.96,"rain":1.48},{"dt":1696071600,"sunrise":1696052433,"sunset":1696094688,"temp":{"day":18.47,"min":10.87,"max":19.45,"night":13.91,"eve":15.33,"morn":10.97},"feels_like":{"day":17.76,"night":13.13,"eve":14.56,"morn":10.45},"pressure":1026,"humidity":53,"weather":[{"id":803,"main":"Clouds","description":"broken clouds","icon":"04d"}],"speed":3.1,"deg":189,"gust":4.87,"clouds":71,"pop":0},{"dt":1696158000,"sunrise":1696138927,"sunset":1696180953,"temp":{"day":22.83,"min":12.98,"max":23.03,"night":17.47,"eve":18.74,"morn":12.98},"feels_like":{"day":22.47,"night":17.23,"eve":18.52,"morn":12.34},"pressure":1023,"humidity":50,"weather":[{"id":802,"main":"Clouds","description":"scattered clouds","icon":"03d"}],"speed":4.65,"deg":218,"gust":8.23,"clouds":32,"pop":0}]}
--- ENF OF RECEIVED DATA ---

