________________________________________________
|             CALL API : START                |
________________________________________________

Informations : 
Called API: meteo - 9 November 2023, 12:30
Method: GETMETEO - Timeout : 300 - Cache : 1
URL CALLED : https://api.openweathermap.org/data/2.5/forecast/daily?q=Brussels,be&units=metric&cnt=4&appid=ea18c0706135505149200c3836f29800
-------------------------
________________________________________________
|             CALL API : START                |
________________________________________________

Informations : 
Called API: meteo - 9 November 2023, 12:30
Method: GETMETEO - Timeout : 300 - Cache : 1
URL CALLED : https://api.openweathermap.org/data/2.5/forecast/daily?q=Brussels,be&units=metric&cnt=4&appid=ea18c0706135505149200c3836f29800
-------------------------
{"city":{"id":2800866,"name":"Brussels","coord":{"lon":4.3488,"lat":50.8504},"country":"BE","population":1019022,"timezone":3600},"cod":"200","message":6.0215642,"cnt":4,"list":[{"dt":1699527600,"sunrise":1699512444,"sunset":1699545927,"temp":{"day":11.3,"min":6.9,"max":11.3,"night":6.9,"eve":7.68,"morn":10.12},"feels_like":{"day":10.55,"night":2.51,"eve":3.79,"morn":9.56},"pressure":1002,"humidity":79,"weather":[{"id":500,"main":"Rain","description":"light rain","icon":"10d"}],"speed":10.37,"deg":244,"gust":17.72,"clouds":35,"pop":1,"rain":4.87},{"dt":1699614000,"sunrise":1699598948,"sunset":1699632236,"temp":{"day":9.79,"min":5.99,"max":9.79,"night":7.4,"eve":8.2,"morn":5.99},"feels_like":{"day":6.47,"night":3.53,"eve":5.84,"morn":1.45},"pressure":997,"humidity":84,"weather":[{"id":502,"main":"Rain","description":"heavy intensity rain","icon":"10d"}],"speed":10.74,"deg":216,"gust":17.2,"clouds":100,"pop":1,"rain":22.72},{"dt":1699700400,"sunrise":1699685451,"sunset":1699718546,"temp":{"day":8.73,"min":4.89,"max":10.13,"night":6.75,"eve":8.03,"morn":5.89},"feels_like":{"day":5.47,"night":4.56,"eve":5.89,"morn":1.99},"pressure":1007,"humidity":80,"weather":[{"id":500,"main":"Rain","description":"light rain","icon":"10d"}],"speed":6.47,"deg":263,"gust":12.71,"clouds":81,"pop":0.76,"rain":0.52},{"dt":1699786800,"sunrise":1699771953,"sunset":1699804859,"temp":{"day":8.92,"min":3.59,"max":8.92,"night":6.06,"eve":6.83,"morn":3.59},"feels_like":{"day":7.65,"night":3.86,"eve":5.45,"morn":1.94},"pressure":1006,"humidity":73,"weather":[{"id":804,"main":"Clouds","description":"overcast clouds","icon":"04d"}],"speed":3.22,"deg":215,"gust":5.6,"clouds":90,"pop":0}]}
--- ENF OF RECEIVED DATA ---

{"city":{"id":2800866,"name":"Brussels","coord":{"lon":4.3488,"lat":50.8504},"country":"BE","population":1019022,"timezone":3600},"cod":"200","message":6.0215642,"cnt":4,"list":[{"dt":1699527600,"sunrise":1699512444,"sunset":1699545927,"temp":{"day":11.3,"min":6.9,"max":11.3,"night":6.9,"eve":7.68,"morn":10.12},"feels_like":{"day":10.55,"night":2.51,"eve":3.79,"morn":9.56},"pressure":1002,"humidity":79,"weather":[{"id":500,"main":"Rain","description":"light rain","icon":"10d"}],"speed":10.37,"deg":244,"gust":17.72,"clouds":35,"pop":1,"rain":4.87},{"dt":1699614000,"sunrise":1699598948,"sunset":1699632236,"temp":{"day":9.79,"min":5.99,"max":9.79,"night":7.4,"eve":8.2,"morn":5.99},"feels_like":{"day":6.47,"night":3.53,"eve":5.84,"morn":1.45},"pressure":997,"humidity":84,"weather":[{"id":502,"main":"Rain","description":"heavy intensity rain","icon":"10d"}],"speed":10.74,"deg":216,"gust":17.2,"clouds":100,"pop":1,"rain":22.72},{"dt":1699700400,"sunrise":1699685451,"sunset":1699718546,"temp":{"day":8.73,"min":4.89,"max":10.13,"night":6.75,"eve":8.03,"morn":5.89},"feels_like":{"day":5.47,"night":4.56,"eve":5.89,"morn":1.99},"pressure":1007,"humidity":80,"weather":[{"id":500,"main":"Rain","description":"light rain","icon":"10d"}],"speed":6.47,"deg":263,"gust":12.71,"clouds":81,"pop":0.76,"rain":0.52},{"dt":1699786800,"sunrise":1699771953,"sunset":1699804859,"temp":{"day":8.92,"min":3.59,"max":8.92,"night":6.06,"eve":6.83,"morn":3.59},"feels_like":{"day":7.65,"night":3.86,"eve":5.45,"morn":1.94},"pressure":1006,"humidity":73,"weather":[{"id":804,"main":"Clouds","description":"overcast clouds","icon":"04d"}],"speed":3.22,"deg":215,"gust":5.6,"clouds":90,"pop":0}]}
--- ENF OF RECEIVED DATA ---

