________________________________________________
|             CALL API : START                |
________________________________________________

Informations : 
Called API: meteo - 24 September 2024, 11:10
Method: GETMETEO - Timeout : 300 - Cache : 1
URL CALLED : https://api.openweathermap.org/data/2.5/forecast/daily?q=Brussels,be&units=metric&cnt=4&appid=ea18c0706135505149200c3836f29800
-------------------------
________________________________________________
|             CALL API : START                |
________________________________________________

Informations : 
Called API: meteo - 24 September 2024, 11:10
Method: GETMETEO - Timeout : 300 - Cache : 1
URL CALLED : https://api.openweathermap.org/data/2.5/forecast/daily?q=Brussels,be&units=metric&cnt=4&appid=ea18c0706135505149200c3836f29800
-------------------------
{"city":{"id":2800866,"name":"Brussels","coord":{"lon":4.3488,"lat":50.8504},"country":"BE","population":1019022,"timezone":7200},"cod":"200","message":0.0366697,"cnt":4,"list":[{"dt":1727175600,"sunrise":1727155940,"sunset":1727199403,"temp":{"day":16.52,"min":11.73,"max":16.83,"night":14.13,"eve":15.43,"morn":13.24},"feels_like":{"day":16.32,"night":14.05,"eve":15.3,"morn":12.97},"pressure":1003,"humidity":80,"weather":[{"id":501,"main":"Rain","description":"moderate rain","icon":"10d"}],"speed":6.13,"deg":211,"gust":11.1,"clouds":82,"pop":1,"rain":3.84},{"dt":1727262000,"sunrise":1727242433,"sunset":1727285666,"temp":{"day":14.31,"min":12.34,"max":16.28,"night":14.58,"eve":13.42,"morn":12.58},"feels_like":{"day":14.15,"night":14.52,"eve":13.27,"morn":12.3},"pressure":1003,"humidity":90,"weather":[{"id":501,"main":"Rain","description":"moderate rain","icon":"10d"}],"speed":8.62,"deg":181,"gust":18.37,"clouds":100,"pop":1,"rain":13.54},{"dt":1727348400,"sunrise":1727328927,"sunset":1727371930,"temp":{"day":16.96,"min":11.66,"max":17.45,"night":14.88,"eve":15.34,"morn":11.74},"feels_like":{"day":16.67,"night":14.9,"eve":15.28,"morn":11.45},"pressure":996,"humidity":75,"weather":[{"id":501,"main":"Rain","description":"moderate rain","icon":"10d"}],"speed":9.64,"deg":195,"gust":17.27,"clouds":60,"pop":1,"rain":9.83},{"dt":1727434800,"sunrise":1727415421,"sunset":1727458194,"temp":{"day":12.87,"min":11.22,"max":15.59,"night":11.22,"eve":12.06,"morn":12.98},"feels_like":{"day":12.38,"night":10.85,"eve":11.44,"morn":12.55},"pressure":998,"humidity":83,"weather":[{"id":501,"main":"Rain","description":"moderate rain","icon":"10d"}],"speed":9.81,"deg":216,"gust":16.35,"clouds":61,"pop":1,"rain":9.1}]}
--- ENF OF RECEIVED DATA ---

{"city":{"id":2800866,"name":"Brussels","coord":{"lon":4.3488,"lat":50.8504},"country":"BE","population":1019022,"timezone":7200},"cod":"200","message":0.0366697,"cnt":4,"list":[{"dt":1727175600,"sunrise":1727155940,"sunset":1727199403,"temp":{"day":16.52,"min":11.73,"max":16.83,"night":14.13,"eve":15.43,"morn":13.24},"feels_like":{"day":16.32,"night":14.05,"eve":15.3,"morn":12.97},"pressure":1003,"humidity":80,"weather":[{"id":501,"main":"Rain","description":"moderate rain","icon":"10d"}],"speed":6.13,"deg":211,"gust":11.1,"clouds":82,"pop":1,"rain":3.84},{"dt":1727262000,"sunrise":1727242433,"sunset":1727285666,"temp":{"day":14.31,"min":12.34,"max":16.28,"night":14.58,"eve":13.42,"morn":12.58},"feels_like":{"day":14.15,"night":14.52,"eve":13.27,"morn":12.3},"pressure":1003,"humidity":90,"weather":[{"id":501,"main":"Rain","description":"moderate rain","icon":"10d"}],"speed":8.62,"deg":181,"gust":18.37,"clouds":100,"pop":1,"rain":13.54},{"dt":1727348400,"sunrise":1727328927,"sunset":1727371930,"temp":{"day":16.96,"min":11.66,"max":17.45,"night":14.88,"eve":15.34,"morn":11.74},"feels_like":{"day":16.67,"night":14.9,"eve":15.28,"morn":11.45},"pressure":996,"humidity":75,"weather":[{"id":501,"main":"Rain","description":"moderate rain","icon":"10d"}],"speed":9.64,"deg":195,"gust":17.27,"clouds":60,"pop":1,"rain":9.83},{"dt":1727434800,"sunrise":1727415421,"sunset":1727458194,"temp":{"day":12.87,"min":11.22,"max":15.59,"night":11.22,"eve":12.06,"morn":12.98},"feels_like":{"day":12.38,"night":10.85,"eve":11.44,"morn":12.55},"pressure":998,"humidity":83,"weather":[{"id":501,"main":"Rain","description":"moderate rain","icon":"10d"}],"speed":9.81,"deg":216,"gust":16.35,"clouds":61,"pop":1,"rain":9.1}]}
--- ENF OF RECEIVED DATA ---

