________________________________________________
|             CALL API : START                |
________________________________________________

Informations : 
Called API: meteo - 18 December 2023, 04:00
Method: GETMETEO - Timeout : 300 - Cache : 1
URL CALLED : https://api.openweathermap.org/data/2.5/forecast/daily?q=Brussels,be&units=metric&cnt=4&appid=ea18c0706135505149200c3836f29800
-------------------------
________________________________________________
|             CALL API : START                |
________________________________________________

Informations : 
Called API: meteo - 18 December 2023, 04:00
Method: GETMETEO - Timeout : 300 - Cache : 1
URL CALLED : https://api.openweathermap.org/data/2.5/forecast/daily?q=Brussels,be&units=metric&cnt=4&appid=ea18c0706135505149200c3836f29800
-------------------------
{"city":{"id":2800866,"name":"Brussels","coord":{"lon":4.3488,"lat":50.8504},"country":"BE","population":1019022,"timezone":3600},"cod":"200","message":7.9885738,"cnt":4,"list":[{"dt":1702897200,"sunrise":1702885237,"sunset":1702913846,"temp":{"day":5.94,"min":3.09,"max":7.14,"night":4.55,"eve":4.83,"morn":3.8},"feels_like":{"day":2.21,"night":0.43,"eve":0.91,"morn":0.13},"pressure":1032,"humidity":74,"weather":[{"id":802,"main":"Clouds","description":"scattered clouds","icon":"03d"}],"speed":5.98,"deg":221,"gust":13.71,"clouds":36,"pop":0},{"dt":1702983600,"sunrise":1702971676,"sunset":1703000264,"temp":{"day":6.23,"min":4.44,"max":8.2,"night":7.74,"eve":7.72,"morn":5.22},"feels_like":{"day":1.81,"night":5.7,"eve":3.79,"morn":0.86},"pressure":1022,"humidity":89,"weather":[{"id":501,"main":"Rain","description":"moderate rain","icon":"10d"}],"speed":7.96,"deg":217,"gust":16.68,"clouds":100,"pop":1,"rain":7.95},{"dt":1703070000,"sunrise":1703058113,"sunset":1703086685,"temp":{"day":7.17,"min":4.83,"max":7.97,"night":7.28,"eve":6.18,"morn":4.98},"feels_like":{"day":3.85,"night":3.44,"eve":2.62,"morn":1.6},"pressure":1020,"humidity":78,"weather":[{"id":501,"main":"Rain","description":"moderate rain","icon":"10d"}],"speed":7.02,"deg":231,"gust":14.2,"clouds":62,"pop":1,"rain":2},{"dt":1703156400,"sunrise":1703144546,"sunset":1703173109,"temp":{"day":9.75,"min":8.51,"max":10.65,"night":10.53,"eve":10.52,"morn":8.83},"feels_like":{"day":6.21,"night":9.78,"eve":9.79,"morn":5.74},"pressure":1010,"humidity":87,"weather":[{"id":500,"main":"Rain","description":"light rain","icon":"10d"}],"speed":10.11,"deg":268,"gust":17.43,"clouds":100,"pop":0.99,"rain":1.38}]}
--- ENF OF RECEIVED DATA ---

{"city":{"id":2800866,"name":"Brussels","coord":{"lon":4.3488,"lat":50.8504},"country":"BE","population":1019022,"timezone":3600},"cod":"200","message":7.9885738,"cnt":4,"list":[{"dt":1702897200,"sunrise":1702885237,"sunset":1702913846,"temp":{"day":5.94,"min":3.09,"max":7.14,"night":4.55,"eve":4.83,"morn":3.8},"feels_like":{"day":2.21,"night":0.43,"eve":0.91,"morn":0.13},"pressure":1032,"humidity":74,"weather":[{"id":802,"main":"Clouds","description":"scattered clouds","icon":"03d"}],"speed":5.98,"deg":221,"gust":13.71,"clouds":36,"pop":0},{"dt":1702983600,"sunrise":1702971676,"sunset":1703000264,"temp":{"day":6.23,"min":4.44,"max":8.2,"night":7.74,"eve":7.72,"morn":5.22},"feels_like":{"day":1.81,"night":5.7,"eve":3.79,"morn":0.86},"pressure":1022,"humidity":89,"weather":[{"id":501,"main":"Rain","description":"moderate rain","icon":"10d"}],"speed":7.96,"deg":217,"gust":16.68,"clouds":100,"pop":1,"rain":7.95},{"dt":1703070000,"sunrise":1703058113,"sunset":1703086685,"temp":{"day":7.17,"min":4.83,"max":7.97,"night":7.28,"eve":6.18,"morn":4.98},"feels_like":{"day":3.85,"night":3.44,"eve":2.62,"morn":1.6},"pressure":1020,"humidity":78,"weather":[{"id":501,"main":"Rain","description":"moderate rain","icon":"10d"}],"speed":7.02,"deg":231,"gust":14.2,"clouds":62,"pop":1,"rain":2},{"dt":1703156400,"sunrise":1703144546,"sunset":1703173109,"temp":{"day":9.75,"min":8.51,"max":10.65,"night":10.53,"eve":10.52,"morn":8.83},"feels_like":{"day":6.21,"night":9.78,"eve":9.79,"morn":5.74},"pressure":1010,"humidity":87,"weather":[{"id":500,"main":"Rain","description":"light rain","icon":"10d"}],"speed":10.11,"deg":268,"gust":17.43,"clouds":100,"pop":0.99,"rain":1.38}]}
--- ENF OF RECEIVED DATA ---

