________________________________________________
|             CALL API : START                |
________________________________________________

Informations : 
Called API: meteo - 30 April 2024, 15:00
Method: GETMETEO - Timeout : 300 - Cache : 1
URL CALLED : https://api.openweathermap.org/data/2.5/forecast/daily?q=Brussels,be&units=metric&cnt=4&appid=ea18c0706135505149200c3836f29800
-------------------------
________________________________________________
|             CALL API : START                |
________________________________________________

Informations : 
Called API: meteo - 30 April 2024, 15:00
Method: GETMETEO - Timeout : 300 - Cache : 1
URL CALLED : https://api.openweathermap.org/data/2.5/forecast/daily?q=Brussels,be&units=metric&cnt=4&appid=ea18c0706135505149200c3836f29800
-------------------------
{"city":{"id":2800866,"name":"Brussels","coord":{"lon":4.3488,"lat":50.8504},"country":"BE","population":1019022,"timezone":7200},"cod":"200","message":5.1972119,"cnt":4,"list":[{"dt":1714474800,"sunrise":1714450654,"sunset":1714503707,"temp":{"day":19.72,"min":10.67,"max":20.84,"night":15.14,"eve":20.39,"morn":11.23},"feels_like":{"day":19.34,"night":14.98,"eve":20.13,"morn":10.92},"pressure":1014,"humidity":61,"weather":[{"id":500,"main":"Rain","description":"light rain","icon":"10d"}],"speed":4.78,"deg":164,"gust":8.85,"clouds":52,"pop":1,"rain":1.11},{"dt":1714561200,"sunrise":1714536945,"sunset":1714590204,"temp":{"day":20.52,"min":12.86,"max":21.53,"night":14.06,"eve":18.26,"morn":13.12},"feels_like":{"day":20.27,"night":14.08,"eve":18.15,"morn":12.97},"pressure":1007,"humidity":63,"weather":[{"id":501,"main":"Rain","description":"moderate rain","icon":"10d"}],"speed":5.68,"deg":328,"gust":10.14,"clouds":43,"pop":1,"rain":4.98},{"dt":1714647600,"sunrise":1714623237,"sunset":1714676700,"temp":{"day":15.25,"min":9.77,"max":15.25,"night":9.77,"eve":10.71,"morn":14.07},"feels_like":{"day":15.23,"night":6.76,"eve":10.29,"morn":14.09},"pressure":1001,"humidity":92,"weather":[{"id":501,"main":"Rain","description":"moderate rain","icon":"10d"}],"speed":7.23,"deg":221,"gust":12.23,"clouds":99,"pop":1,"rain":6},{"dt":1714734000,"sunrise":1714709531,"sunset":1714763196,"temp":{"day":15.36,"min":8.48,"max":15.85,"night":10.42,"eve":14,"morn":8.49},"feels_like":{"day":14.49,"night":9.71,"eve":13.26,"morn":5.25},"pressure":1014,"humidity":59,"weather":[{"id":803,"main":"Clouds","description":"broken clouds","icon":"04d"}],"speed":7,"deg":245,"gust":12.66,"clouds":56,"pop":0}]}
--- ENF OF RECEIVED DATA ---

{"city":{"id":2800866,"name":"Brussels","coord":{"lon":4.3488,"lat":50.8504},"country":"BE","population":1019022,"timezone":7200},"cod":"200","message":5.1972119,"cnt":4,"list":[{"dt":1714474800,"sunrise":1714450654,"sunset":1714503707,"temp":{"day":19.72,"min":10.67,"max":20.84,"night":15.14,"eve":20.39,"morn":11.23},"feels_like":{"day":19.34,"night":14.98,"eve":20.13,"morn":10.92},"pressure":1014,"humidity":61,"weather":[{"id":500,"main":"Rain","description":"light rain","icon":"10d"}],"speed":4.78,"deg":164,"gust":8.85,"clouds":52,"pop":1,"rain":1.11},{"dt":1714561200,"sunrise":1714536945,"sunset":1714590204,"temp":{"day":20.52,"min":12.86,"max":21.53,"night":14.06,"eve":18.26,"morn":13.12},"feels_like":{"day":20.27,"night":14.08,"eve":18.15,"morn":12.97},"pressure":1007,"humidity":63,"weather":[{"id":501,"main":"Rain","description":"moderate rain","icon":"10d"}],"speed":5.68,"deg":328,"gust":10.14,"clouds":43,"pop":1,"rain":4.98},{"dt":1714647600,"sunrise":1714623237,"sunset":1714676700,"temp":{"day":15.25,"min":9.77,"max":15.25,"night":9.77,"eve":10.71,"morn":14.07},"feels_like":{"day":15.23,"night":6.76,"eve":10.29,"morn":14.09},"pressure":1001,"humidity":92,"weather":[{"id":501,"main":"Rain","description":"moderate rain","icon":"10d"}],"speed":7.23,"deg":221,"gust":12.23,"clouds":99,"pop":1,"rain":6},{"dt":1714734000,"sunrise":1714709531,"sunset":1714763196,"temp":{"day":15.36,"min":8.48,"max":15.85,"night":10.42,"eve":14,"morn":8.49},"feels_like":{"day":14.49,"night":9.71,"eve":13.26,"morn":5.25},"pressure":1014,"humidity":59,"weather":[{"id":803,"main":"Clouds","description":"broken clouds","icon":"04d"}],"speed":7,"deg":245,"gust":12.66,"clouds":56,"pop":0}]}
--- ENF OF RECEIVED DATA ---

