________________________________________________
|             CALL API : START                |
________________________________________________

Informations : 
Called API: meteo - 7 December 2023, 06:00
Method: GETMETEO - Timeout : 300 - Cache : 1
URL CALLED : https://api.openweathermap.org/data/2.5/forecast/daily?q=Brussels,be&units=metric&cnt=4&appid=ea18c0706135505149200c3836f29800
-------------------------
________________________________________________
|             CALL API : START                |
________________________________________________

Informations : 
Called API: meteo - 7 December 2023, 06:00
Method: GETMETEO - Timeout : 300 - Cache : 1
URL CALLED : https://api.openweathermap.org/data/2.5/forecast/daily?q=Brussels,be&units=metric&cnt=4&appid=ea18c0706135505149200c3836f29800
-------------------------
{"city":{"id":2800866,"name":"Brussels","coord":{"lon":4.3488,"lat":50.8504},"country":"BE","population":1019022,"timezone":3600},"cod":"200","message":0.6602606,"cnt":4,"list":[{"dt":1701946800,"sunrise":1701934217,"sunset":1701963469,"temp":{"day":5.3,"min":1.58,"max":6.01,"night":4.51,"eve":4.13,"morn":2.14},"feels_like":{"day":2.1,"night":1.05,"eve":0.24,"morn":-0.97},"pressure":1017,"humidity":74,"weather":[{"id":803,"main":"Clouds","description":"broken clouds","icon":"04d"}],"speed":5.3,"deg":139,"gust":13.41,"clouds":55,"pop":0.08},{"dt":1702033200,"sunrise":1702020686,"sunset":1702049851,"temp":{"day":7.59,"min":3.91,"max":8.76,"night":6.86,"eve":8.16,"morn":4.75},"feels_like":{"day":4.78,"night":3.12,"eve":5.09,"morn":1.63},"pressure":1009,"humidity":89,"weather":[{"id":501,"main":"Rain","description":"moderate rain","icon":"10d"}],"speed":6.38,"deg":211,"gust":13.01,"clouds":100,"pop":1,"rain":2.69},{"dt":1702119600,"sunrise":1702107153,"sunset":1702136236,"temp":{"day":8.27,"min":5.52,"max":11.34,"night":8.58,"eve":10.29,"morn":5.7},"feels_like":{"day":4.28,"night":4.64,"eve":9.8,"morn":1.73},"pressure":1008,"humidity":85,"weather":[{"id":501,"main":"Rain","description":"moderate rain","icon":"10d"}],"speed":11.39,"deg":209,"gust":19.62,"clouds":100,"pop":1,"rain":5.02},{"dt":1702206000,"sunrise":1702193617,"sunset":1702222624,"temp":{"day":9.08,"min":6.28,"max":11.55,"night":11.55,"eve":9.97,"morn":6.28},"feels_like":{"day":5.68,"night":11.22,"eve":6.19,"morn":2.59},"pressure":1015,"humidity":81,"weather":[{"id":500,"main":"Rain","description":"light rain","icon":"10d"}],"speed":9.92,"deg":213,"gust":18.82,"clouds":65,"pop":1,"rain":2.19}]}
--- ENF OF RECEIVED DATA ---

{"city":{"id":2800866,"name":"Brussels","coord":{"lon":4.3488,"lat":50.8504},"country":"BE","population":1019022,"timezone":3600},"cod":"200","message":0.6602606,"cnt":4,"list":[{"dt":1701946800,"sunrise":1701934217,"sunset":1701963469,"temp":{"day":5.3,"min":1.58,"max":6.01,"night":4.51,"eve":4.13,"morn":2.14},"feels_like":{"day":2.1,"night":1.05,"eve":0.24,"morn":-0.97},"pressure":1017,"humidity":74,"weather":[{"id":803,"main":"Clouds","description":"broken clouds","icon":"04d"}],"speed":5.3,"deg":139,"gust":13.41,"clouds":55,"pop":0.08},{"dt":1702033200,"sunrise":1702020686,"sunset":1702049851,"temp":{"day":7.59,"min":3.91,"max":8.76,"night":6.86,"eve":8.16,"morn":4.75},"feels_like":{"day":4.78,"night":3.12,"eve":5.09,"morn":1.63},"pressure":1009,"humidity":89,"weather":[{"id":501,"main":"Rain","description":"moderate rain","icon":"10d"}],"speed":6.38,"deg":211,"gust":13.01,"clouds":100,"pop":1,"rain":2.69},{"dt":1702119600,"sunrise":1702107153,"sunset":1702136236,"temp":{"day":8.27,"min":5.52,"max":11.34,"night":8.58,"eve":10.29,"morn":5.7},"feels_like":{"day":4.28,"night":4.64,"eve":9.8,"morn":1.73},"pressure":1008,"humidity":85,"weather":[{"id":501,"main":"Rain","description":"moderate rain","icon":"10d"}],"speed":11.39,"deg":209,"gust":19.62,"clouds":100,"pop":1,"rain":5.02},{"dt":1702206000,"sunrise":1702193617,"sunset":1702222624,"temp":{"day":9.08,"min":6.28,"max":11.55,"night":11.55,"eve":9.97,"morn":6.28},"feels_like":{"day":5.68,"night":11.22,"eve":6.19,"morn":2.59},"pressure":1015,"humidity":81,"weather":[{"id":500,"main":"Rain","description":"light rain","icon":"10d"}],"speed":9.92,"deg":213,"gust":18.82,"clouds":65,"pop":1,"rain":2.19}]}
--- ENF OF RECEIVED DATA ---

