________________________________________________
|             CALL API : START                |
________________________________________________

Informations : 
Called API: meteo - 2 October 2023, 13:20
Method: GETMETEO - Timeout : 300 - Cache : 1
URL CALLED : https://api.openweathermap.org/data/2.5/forecast/daily?q=Brussels,be&units=metric&cnt=4&appid=ea18c0706135505149200c3836f29800
-------------------------
________________________________________________
|             CALL API : START                |
________________________________________________

Informations : 
Called API: meteo - 2 October 2023, 13:20
Method: GETMETEO - Timeout : 300 - Cache : 1
URL CALLED : https://api.openweathermap.org/data/2.5/forecast/daily?q=Brussels,be&units=metric&cnt=4&appid=ea18c0706135505149200c3836f29800
-------------------------
{"city":{"id":2800866,"name":"Brussels","coord":{"lon":4.3488,"lat":50.8504},"country":"BE","population":1019022,"timezone":7200},"cod":"200","message":0.087707,"cnt":4,"list":[{"dt":1696244400,"sunrise":1696225422,"sunset":1696267219,"temp":{"day":23.77,"min":15.3,"max":24.41,"night":18.37,"eve":20.81,"morn":15.64},"feels_like":{"day":23.98,"night":17.96,"eve":20.62,"morn":15.11},"pressure":1020,"humidity":68,"weather":[{"id":800,"main":"Clear","description":"sky is clear","icon":"01d"}],"speed":3.75,"deg":195,"gust":9.5,"clouds":0,"pop":0.03},{"dt":1696330800,"sunrise":1696311917,"sunset":1696353484,"temp":{"day":16.88,"min":12.54,"max":21.73,"night":12.54,"eve":14.39,"morn":19.15},"feels_like":{"day":16.82,"night":11.99,"eve":13.76,"morn":19.13},"pressure":1015,"humidity":84,"weather":[{"id":500,"main":"Rain","description":"light rain","icon":"10d"}],"speed":8.43,"deg":299,"gust":17.71,"clouds":100,"pop":1,"rain":2.59},{"dt":1696417200,"sunrise":1696398412,"sunset":1696439750,"temp":{"day":16.79,"min":10.14,"max":17.93,"night":11.75,"eve":15.37,"morn":10.36},"feels_like":{"day":16.09,"night":11.23,"eve":14.69,"morn":9.85},"pressure":1028,"humidity":60,"weather":[{"id":804,"main":"Clouds","description":"overcast clouds","icon":"04d"}],"speed":5.08,"deg":253,"gust":10.96,"clouds":94,"pop":0},{"dt":1696503600,"sunrise":1696484907,"sunset":1696526017,"temp":{"day":17.04,"min":10.54,"max":17.27,"night":14.61,"eve":15.13,"morn":11.07},"feels_like":{"day":16.47,"night":13.93,"eve":14.47,"morn":10.58},"pressure":1025,"humidity":64,"weather":[{"id":804,"main":"Clouds","description":"overcast clouds","icon":"04d"}],"speed":4.83,"deg":245,"gust":9.26,"clouds":100,"pop":0}]}
--- ENF OF RECEIVED DATA ---

{"city":{"id":2800866,"name":"Brussels","coord":{"lon":4.3488,"lat":50.8504},"country":"BE","population":1019022,"timezone":7200},"cod":"200","message":0.087707,"cnt":4,"list":[{"dt":1696244400,"sunrise":1696225422,"sunset":1696267219,"temp":{"day":23.77,"min":15.3,"max":24.41,"night":18.37,"eve":20.81,"morn":15.64},"feels_like":{"day":23.98,"night":17.96,"eve":20.62,"morn":15.11},"pressure":1020,"humidity":68,"weather":[{"id":800,"main":"Clear","description":"sky is clear","icon":"01d"}],"speed":3.75,"deg":195,"gust":9.5,"clouds":0,"pop":0.03},{"dt":1696330800,"sunrise":1696311917,"sunset":1696353484,"temp":{"day":16.88,"min":12.54,"max":21.73,"night":12.54,"eve":14.39,"morn":19.15},"feels_like":{"day":16.82,"night":11.99,"eve":13.76,"morn":19.13},"pressure":1015,"humidity":84,"weather":[{"id":500,"main":"Rain","description":"light rain","icon":"10d"}],"speed":8.43,"deg":299,"gust":17.71,"clouds":100,"pop":1,"rain":2.59},{"dt":1696417200,"sunrise":1696398412,"sunset":1696439750,"temp":{"day":16.79,"min":10.14,"max":17.93,"night":11.75,"eve":15.37,"morn":10.36},"feels_like":{"day":16.09,"night":11.23,"eve":14.69,"morn":9.85},"pressure":1028,"humidity":60,"weather":[{"id":804,"main":"Clouds","description":"overcast clouds","icon":"04d"}],"speed":5.08,"deg":253,"gust":10.96,"clouds":94,"pop":0},{"dt":1696503600,"sunrise":1696484907,"sunset":1696526017,"temp":{"day":17.04,"min":10.54,"max":17.27,"night":14.61,"eve":15.13,"morn":11.07},"feels_like":{"day":16.47,"night":13.93,"eve":14.47,"morn":10.58},"pressure":1025,"humidity":64,"weather":[{"id":804,"main":"Clouds","description":"overcast clouds","icon":"04d"}],"speed":4.83,"deg":245,"gust":9.26,"clouds":100,"pop":0}]}
--- ENF OF RECEIVED DATA ---

