________________________________________________
|             CALL API : START                |
________________________________________________

Informations : 
Called API: meteo - 3 May 2023, 19:40
Method: GETMETEO - Timeout : 300 - Cache : 1
URL CALLED : https://api.openweathermap.org/data/2.5/forecast/daily?q=Brussels,be&units=metric&cnt=4&appid=ea18c0706135505149200c3836f29800
-------------------------
________________________________________________
|             CALL API : START                |
________________________________________________

Informations : 
Called API: meteo - 3 May 2023, 19:40
Method: GETMETEO - Timeout : 300 - Cache : 1
URL CALLED : https://api.openweathermap.org/data/2.5/forecast/daily?q=Brussels,be&units=metric&cnt=4&appid=ea18c0706135505149200c3836f29800
-------------------------
{"city":{"id":2800866,"name":"Brussels","coord":{"lon":4.3488,"lat":50.8504},"country":"BE","population":1019022,"timezone":7200},"cod":"200","message":0.062793,"cnt":4,"list":[{"dt":1683111600,"sunrise":1683087210,"sunset":1683140724,"temp":{"day":13.51,"min":3.54,"max":15.69,"night":12.03,"eve":15.43,"morn":3.77},"feels_like":{"day":12.27,"night":10.86,"eve":14.31,"morn":0.98},"pressure":1027,"humidity":52,"weather":[{"id":803,"main":"Clouds","description":"broken clouds","icon":"04d"}],"speed":5.32,"deg":80,"gust":11.2,"clouds":70,"pop":0},{"dt":1683198000,"sunrise":1683173504,"sunset":1683227220,"temp":{"day":18.85,"min":7.14,"max":22.11,"night":15.1,"eve":20.5,"morn":7.39},"feels_like":{"day":18.23,"night":15.12,"eve":20.38,"morn":5.08},"pressure":1018,"humidity":55,"weather":[{"id":501,"main":"Rain","description":"moderate rain","icon":"10d"}],"speed":5.6,"deg":129,"gust":10.71,"clouds":100,"pop":0.84,"rain":2.32},{"dt":1683284400,"sunrise":1683259799,"sunset":1683313716,"temp":{"day":17.6,"min":10.65,"max":18.83,"night":11.98,"eve":16.51,"morn":10.74},"feels_like":{"day":17.11,"night":11.64,"eve":16.17,"morn":10.4},"pressure":1018,"humidity":65,"weather":[{"id":500,"main":"Rain","description":"light rain","icon":"10d"}],"speed":7,"deg":226,"gust":9.2,"clouds":100,"pop":1,"rain":2.28},{"dt":1683370800,"sunrise":1683346096,"sunset":1683400211,"temp":{"day":19.35,"min":11.16,"max":20.17,"night":14.92,"eve":17.6,"morn":12.2},"feels_like":{"day":18.91,"night":14.79,"eve":17.5,"morn":12.01},"pressure":1016,"humidity":60,"weather":[{"id":500,"main":"Rain","description":"light rain","icon":"10d"}],"speed":3.43,"deg":95,"gust":7.41,"clouds":99,"pop":0.88,"rain":4.08}]}
--- ENF OF RECEIVED DATA ---

{"city":{"id":2800866,"name":"Brussels","coord":{"lon":4.3488,"lat":50.8504},"country":"BE","population":1019022,"timezone":7200},"cod":"200","message":0.062793,"cnt":4,"list":[{"dt":1683111600,"sunrise":1683087210,"sunset":1683140724,"temp":{"day":13.51,"min":3.54,"max":15.69,"night":12.03,"eve":15.43,"morn":3.77},"feels_like":{"day":12.27,"night":10.86,"eve":14.31,"morn":0.98},"pressure":1027,"humidity":52,"weather":[{"id":803,"main":"Clouds","description":"broken clouds","icon":"04d"}],"speed":5.32,"deg":80,"gust":11.2,"clouds":70,"pop":0},{"dt":1683198000,"sunrise":1683173504,"sunset":1683227220,"temp":{"day":18.85,"min":7.14,"max":22.11,"night":15.1,"eve":20.5,"morn":7.39},"feels_like":{"day":18.23,"night":15.12,"eve":20.38,"morn":5.08},"pressure":1018,"humidity":55,"weather":[{"id":501,"main":"Rain","description":"moderate rain","icon":"10d"}],"speed":5.6,"deg":129,"gust":10.71,"clouds":100,"pop":0.84,"rain":2.32},{"dt":1683284400,"sunrise":1683259799,"sunset":1683313716,"temp":{"day":17.6,"min":10.65,"max":18.83,"night":11.98,"eve":16.51,"morn":10.74},"feels_like":{"day":17.11,"night":11.64,"eve":16.17,"morn":10.4},"pressure":1018,"humidity":65,"weather":[{"id":500,"main":"Rain","description":"light rain","icon":"10d"}],"speed":7,"deg":226,"gust":9.2,"clouds":100,"pop":1,"rain":2.28},{"dt":1683370800,"sunrise":1683346096,"sunset":1683400211,"temp":{"day":19.35,"min":11.16,"max":20.17,"night":14.92,"eve":17.6,"morn":12.2},"feels_like":{"day":18.91,"night":14.79,"eve":17.5,"morn":12.01},"pressure":1016,"humidity":60,"weather":[{"id":500,"main":"Rain","description":"light rain","icon":"10d"}],"speed":3.43,"deg":95,"gust":7.41,"clouds":99,"pop":0.88,"rain":4.08}]}
--- ENF OF RECEIVED DATA ---

