________________________________________________
|             CALL API : START                |
________________________________________________

Informations : 
Called API: meteo - 16 April 2025, 18:30
Method: GETMETEO - Timeout : 300 - Cache : 1
URL CALLED : https://api.openweathermap.org/data/2.5/forecast/daily?q=Brussels,be&units=metric&cnt=4&appid=ea18c0706135505149200c3836f29800
-------------------------
________________________________________________
|             CALL API : START                |
________________________________________________

Informations : 
Called API: meteo - 16 April 2025, 18:30
Method: GETMETEO - Timeout : 300 - Cache : 1
URL CALLED : https://api.openweathermap.org/data/2.5/forecast/daily?q=Brussels,be&units=metric&cnt=4&appid=ea18c0706135505149200c3836f29800
-------------------------
{"city":{"id":2800866,"name":"Brussels","coord":{"lon":4.3488,"lat":50.8504},"country":"BE","population":1019022,"timezone":7200},"cod":"200","message":0.6598439,"cnt":4,"list":[{"dt":1744801200,"sunrise":1744778741,"sunset":1744828718,"temp":{"day":11.86,"min":9.81,"max":12.64,"night":10.9,"eve":12.38,"morn":9.84},"feels_like":{"day":10.8,"night":9.8,"eve":11.21,"morn":7.68},"pressure":1009,"humidity":65,"weather":[{"id":804,"main":"Clouds","description":"overcast clouds","icon":"04d"}],"speed":5.31,"deg":236,"gust":11.89,"clouds":100,"pop":0},{"dt":1744887600,"sunrise":1744865016,"sunset":1744915216,"temp":{"day":13.87,"min":8.55,"max":15.52,"night":10.92,"eve":14.24,"morn":9.13},"feels_like":{"day":12.57,"night":9.66,"eve":13.08,"morn":9.13},"pressure":1014,"humidity":48,"weather":[{"id":804,"main":"Clouds","description":"overcast clouds","icon":"04d"}],"speed":3.75,"deg":42,"gust":7.67,"clouds":100,"pop":0},{"dt":1744974000,"sunrise":1744951292,"sunset":1745001714,"temp":{"day":14.44,"min":6.25,"max":15.53,"night":6.25,"eve":13.79,"morn":8.29},"feels_like":{"day":13.22,"night":2.89,"eve":12.35,"morn":8.29},"pressure":1013,"humidity":49,"weather":[{"id":804,"main":"Clouds","description":"overcast clouds","icon":"04d"}],"speed":5.89,"deg":96,"gust":10.09,"clouds":99,"pop":0},{"dt":1745060400,"sunrise":1745037569,"sunset":1745088211,"temp":{"day":12.79,"min":3.35,"max":15.77,"night":8.63,"eve":14.69,"morn":3.35},"feels_like":{"day":11.53,"night":5.98,"eve":13.62,"morn":0.29},"pressure":1009,"humidity":54,"weather":[{"id":804,"main":"Clouds","description":"overcast clouds","icon":"04d"}],"speed":5.01,"deg":56,"gust":9.94,"clouds":99,"pop":0}]}
--- ENF OF RECEIVED DATA ---

{"city":{"id":2800866,"name":"Brussels","coord":{"lon":4.3488,"lat":50.8504},"country":"BE","population":1019022,"timezone":7200},"cod":"200","message":0.6598439,"cnt":4,"list":[{"dt":1744801200,"sunrise":1744778741,"sunset":1744828718,"temp":{"day":11.86,"min":9.81,"max":12.64,"night":10.9,"eve":12.38,"morn":9.84},"feels_like":{"day":10.8,"night":9.8,"eve":11.21,"morn":7.68},"pressure":1009,"humidity":65,"weather":[{"id":804,"main":"Clouds","description":"overcast clouds","icon":"04d"}],"speed":5.31,"deg":236,"gust":11.89,"clouds":100,"pop":0},{"dt":1744887600,"sunrise":1744865016,"sunset":1744915216,"temp":{"day":13.87,"min":8.55,"max":15.52,"night":10.92,"eve":14.24,"morn":9.13},"feels_like":{"day":12.57,"night":9.66,"eve":13.08,"morn":9.13},"pressure":1014,"humidity":48,"weather":[{"id":804,"main":"Clouds","description":"overcast clouds","icon":"04d"}],"speed":3.75,"deg":42,"gust":7.67,"clouds":100,"pop":0},{"dt":1744974000,"sunrise":1744951292,"sunset":1745001714,"temp":{"day":14.44,"min":6.25,"max":15.53,"night":6.25,"eve":13.79,"morn":8.29},"feels_like":{"day":13.22,"night":2.89,"eve":12.35,"morn":8.29},"pressure":1013,"humidity":49,"weather":[{"id":804,"main":"Clouds","description":"overcast clouds","icon":"04d"}],"speed":5.89,"deg":96,"gust":10.09,"clouds":99,"pop":0},{"dt":1745060400,"sunrise":1745037569,"sunset":1745088211,"temp":{"day":12.79,"min":3.35,"max":15.77,"night":8.63,"eve":14.69,"morn":3.35},"feels_like":{"day":11.53,"night":5.98,"eve":13.62,"morn":0.29},"pressure":1009,"humidity":54,"weather":[{"id":804,"main":"Clouds","description":"overcast clouds","icon":"04d"}],"speed":5.01,"deg":56,"gust":9.94,"clouds":99,"pop":0}]}
--- ENF OF RECEIVED DATA ---

