________________________________________________
|             CALL API : START                |
________________________________________________

Informations : 
Called API: meteo - 15 August 2023, 10:10
Method: GETMETEO - Timeout : 300 - Cache : 1
URL CALLED : https://api.openweathermap.org/data/2.5/forecast/daily?q=Brussels,be&units=metric&cnt=4&appid=ea18c0706135505149200c3836f29800
-------------------------
________________________________________________
|             CALL API : START                |
________________________________________________

Informations : 
Called API: meteo - 15 August 2023, 10:10
Method: GETMETEO - Timeout : 300 - Cache : 1
URL CALLED : https://api.openweathermap.org/data/2.5/forecast/daily?q=Brussels,be&units=metric&cnt=4&appid=ea18c0706135505149200c3836f29800
-------------------------
{"city":{"id":2800866,"name":"Brussels","coord":{"lon":4.3488,"lat":50.8504},"country":"BE","population":1019022,"timezone":7200},"cod":"200","message":19.1483447,"cnt":4,"list":[{"dt":1692097200,"sunrise":1692073764,"sunset":1692126311,"temp":{"day":23.13,"min":16.96,"max":24.39,"night":17.4,"eve":22.68,"morn":18.34},"feels_like":{"day":23.22,"night":17.36,"eve":22.7,"morn":18.42},"pressure":1016,"humidity":66,"weather":[{"id":500,"main":"Rain","description":"light rain","icon":"10d"}],"speed":4.91,"deg":245,"gust":5.88,"clouds":5,"pop":0.37,"rain":0.73},{"dt":1692183600,"sunrise":1692160257,"sunset":1692212596,"temp":{"day":23.57,"min":16.1,"max":25.58,"night":19.05,"eve":23.89,"morn":16.53},"feels_like":{"day":23.44,"night":18.97,"eve":23.82,"morn":16.3},"pressure":1021,"humidity":56,"weather":[{"id":804,"main":"Clouds","description":"overcast clouds","icon":"04d"}],"speed":3.51,"deg":69,"gust":8.06,"clouds":91,"pop":0},{"dt":1692270000,"sunrise":1692246750,"sunset":1692298879,"temp":{"day":23.94,"min":15.08,"max":25.93,"night":19.42,"eve":24.76,"morn":15.08},"feels_like":{"day":23.88,"night":19.56,"eve":24.94,"morn":14.97},"pressure":1019,"humidity":57,"weather":[{"id":801,"main":"Clouds","description":"few clouds","icon":"02d"}],"speed":5.6,"deg":63,"gust":9.51,"clouds":14,"pop":0.31},{"dt":1692356400,"sunrise":1692333243,"sunset":1692385162,"temp":{"day":29.26,"min":16.76,"max":31.57,"night":25.05,"eve":28.58,"morn":17.8},"feels_like":{"day":30.7,"night":25.54,"eve":30.76,"morn":18.04},"pressure":1013,"humidity":55,"weather":[{"id":800,"main":"Clear","description":"sky is clear","icon":"01d"}],"speed":4.24,"deg":64,"gust":10.28,"clouds":7,"pop":0.34}]}
--- ENF OF RECEIVED DATA ---

{"city":{"id":2800866,"name":"Brussels","coord":{"lon":4.3488,"lat":50.8504},"country":"BE","population":1019022,"timezone":7200},"cod":"200","message":19.1483447,"cnt":4,"list":[{"dt":1692097200,"sunrise":1692073764,"sunset":1692126311,"temp":{"day":23.13,"min":16.96,"max":24.39,"night":17.4,"eve":22.68,"morn":18.34},"feels_like":{"day":23.22,"night":17.36,"eve":22.7,"morn":18.42},"pressure":1016,"humidity":66,"weather":[{"id":500,"main":"Rain","description":"light rain","icon":"10d"}],"speed":4.91,"deg":245,"gust":5.88,"clouds":5,"pop":0.37,"rain":0.73},{"dt":1692183600,"sunrise":1692160257,"sunset":1692212596,"temp":{"day":23.57,"min":16.1,"max":25.58,"night":19.05,"eve":23.89,"morn":16.53},"feels_like":{"day":23.44,"night":18.97,"eve":23.82,"morn":16.3},"pressure":1021,"humidity":56,"weather":[{"id":804,"main":"Clouds","description":"overcast clouds","icon":"04d"}],"speed":3.51,"deg":69,"gust":8.06,"clouds":91,"pop":0},{"dt":1692270000,"sunrise":1692246750,"sunset":1692298879,"temp":{"day":23.94,"min":15.08,"max":25.93,"night":19.42,"eve":24.76,"morn":15.08},"feels_like":{"day":23.88,"night":19.56,"eve":24.94,"morn":14.97},"pressure":1019,"humidity":57,"weather":[{"id":801,"main":"Clouds","description":"few clouds","icon":"02d"}],"speed":5.6,"deg":63,"gust":9.51,"clouds":14,"pop":0.31},{"dt":1692356400,"sunrise":1692333243,"sunset":1692385162,"temp":{"day":29.26,"min":16.76,"max":31.57,"night":25.05,"eve":28.58,"morn":17.8},"feels_like":{"day":30.7,"night":25.54,"eve":30.76,"morn":18.04},"pressure":1013,"humidity":55,"weather":[{"id":800,"main":"Clear","description":"sky is clear","icon":"01d"}],"speed":4.24,"deg":64,"gust":10.28,"clouds":7,"pop":0.34}]}
--- ENF OF RECEIVED DATA ---

