________________________________________________
|             CALL API : START                |
________________________________________________

Informations : 
Called API: meteo - 21 October 2023, 19:20
Method: GETMETEO - Timeout : 300 - Cache : 1
URL CALLED : https://api.openweathermap.org/data/2.5/forecast/daily?q=Brussels,be&units=metric&cnt=4&appid=ea18c0706135505149200c3836f29800
-------------------------
________________________________________________
|             CALL API : START                |
________________________________________________

Informations : 
Called API: meteo - 21 October 2023, 19:20
Method: GETMETEO - Timeout : 300 - Cache : 1
URL CALLED : https://api.openweathermap.org/data/2.5/forecast/daily?q=Brussels,be&units=metric&cnt=4&appid=ea18c0706135505149200c3836f29800
-------------------------
{"city":{"id":2800866,"name":"Brussels","coord":{"lon":4.3488,"lat":50.8504},"country":"BE","population":1019022,"timezone":7200},"cod":"200","message":0.0365618,"cnt":4,"list":[{"dt":1697886000,"sunrise":1697868882,"sunset":1697906374,"temp":{"day":14.75,"min":12.15,"max":14.75,"night":12.51,"eve":13.85,"morn":13.13},"feels_like":{"day":14.11,"night":11.98,"eve":13.3,"morn":12.82},"pressure":992,"humidity":70,"weather":[{"id":500,"main":"Rain","description":"light rain","icon":"10d"}],"speed":11.18,"deg":190,"gust":19.99,"clouds":68,"pop":0.96,"rain":3.4},{"dt":1697972400,"sunrise":1697955383,"sunset":1697992654,"temp":{"day":14.67,"min":9.94,"max":15.29,"night":9.94,"eve":11.91,"morn":11.69},"feels_like":{"day":14.12,"night":8.35,"eve":11.43,"morn":11.32},"pressure":1008,"humidity":74,"weather":[{"id":501,"main":"Rain","description":"moderate rain","icon":"10d"}],"speed":11.66,"deg":201,"gust":19.18,"clouds":68,"pop":0.95,"rain":8.91},{"dt":1698058800,"sunrise":1698041885,"sunset":1698078936,"temp":{"day":13.2,"min":8.6,"max":13.62,"night":12.4,"eve":12.63,"morn":8.75},"feels_like":{"day":12.48,"night":11.94,"eve":12.04,"morn":7.62},"pressure":1011,"humidity":73,"weather":[{"id":501,"main":"Rain","description":"moderate rain","icon":"10d"}],"speed":6.54,"deg":120,"gust":14.27,"clouds":100,"pop":0.96,"rain":3.48},{"dt":1698145200,"sunrise":1698128387,"sunset":1698165218,"temp":{"day":14.41,"min":10.16,"max":14.41,"night":10.16,"eve":10.79,"morn":13.15},"feels_like":{"day":13.92,"night":9.48,"eve":10.09,"morn":12.87},"pressure":1004,"humidity":77,"weather":[{"id":500,"main":"Rain","description":"light rain","icon":"10d"}],"speed":6.9,"deg":193,"gust":14.65,"clouds":100,"pop":0.87,"rain":0.86}]}
--- ENF OF RECEIVED DATA ---

{"city":{"id":2800866,"name":"Brussels","coord":{"lon":4.3488,"lat":50.8504},"country":"BE","population":1019022,"timezone":7200},"cod":"200","message":0.0365618,"cnt":4,"list":[{"dt":1697886000,"sunrise":1697868882,"sunset":1697906374,"temp":{"day":14.75,"min":12.15,"max":14.75,"night":12.51,"eve":13.85,"morn":13.13},"feels_like":{"day":14.11,"night":11.98,"eve":13.3,"morn":12.82},"pressure":992,"humidity":70,"weather":[{"id":500,"main":"Rain","description":"light rain","icon":"10d"}],"speed":11.18,"deg":190,"gust":19.99,"clouds":68,"pop":0.96,"rain":3.4},{"dt":1697972400,"sunrise":1697955383,"sunset":1697992654,"temp":{"day":14.67,"min":9.94,"max":15.29,"night":9.94,"eve":11.91,"morn":11.69},"feels_like":{"day":14.12,"night":8.35,"eve":11.43,"morn":11.32},"pressure":1008,"humidity":74,"weather":[{"id":501,"main":"Rain","description":"moderate rain","icon":"10d"}],"speed":11.66,"deg":201,"gust":19.18,"clouds":68,"pop":0.95,"rain":8.91},{"dt":1698058800,"sunrise":1698041885,"sunset":1698078936,"temp":{"day":13.2,"min":8.6,"max":13.62,"night":12.4,"eve":12.63,"morn":8.75},"feels_like":{"day":12.48,"night":11.94,"eve":12.04,"morn":7.62},"pressure":1011,"humidity":73,"weather":[{"id":501,"main":"Rain","description":"moderate rain","icon":"10d"}],"speed":6.54,"deg":120,"gust":14.27,"clouds":100,"pop":0.96,"rain":3.48},{"dt":1698145200,"sunrise":1698128387,"sunset":1698165218,"temp":{"day":14.41,"min":10.16,"max":14.41,"night":10.16,"eve":10.79,"morn":13.15},"feels_like":{"day":13.92,"night":9.48,"eve":10.09,"morn":12.87},"pressure":1004,"humidity":77,"weather":[{"id":500,"main":"Rain","description":"light rain","icon":"10d"}],"speed":6.9,"deg":193,"gust":14.65,"clouds":100,"pop":0.87,"rain":0.86}]}
--- ENF OF RECEIVED DATA ---

