________________________________________________
|             CALL API : START                |
________________________________________________

Informations : 
Called API: meteo - 24 June 2024, 23:40
Method: GETMETEO - Timeout : 300 - Cache : 1
URL CALLED : https://api.openweathermap.org/data/2.5/forecast/daily?q=Brussels,be&units=metric&cnt=4&appid=ea18c0706135505149200c3836f29800
-------------------------
________________________________________________
|             CALL API : START                |
________________________________________________

Informations : 
Called API: meteo - 24 June 2024, 23:40
Method: GETMETEO - Timeout : 300 - Cache : 1
URL CALLED : https://api.openweathermap.org/data/2.5/forecast/daily?q=Brussels,be&units=metric&cnt=4&appid=ea18c0706135505149200c3836f29800
-------------------------
{"city":{"id":2800866,"name":"Brussels","coord":{"lon":4.3488,"lat":50.8504},"country":"BE","population":1019022,"timezone":7200},"cod":"200","message":0.0739683,"cnt":4,"list":[{"dt":1719226800,"sunrise":1719199784,"sunset":1719259219,"temp":{"day":23.53,"min":13.62,"max":25.54,"night":19.77,"eve":25.2,"morn":15.12},"feels_like":{"day":23.48,"night":19.81,"eve":25.21,"morn":14.91},"pressure":1020,"humidity":59,"weather":[{"id":800,"main":"Clear","description":"sky is clear","icon":"01d"}],"speed":2.97,"deg":87,"gust":4.65,"clouds":3,"pop":0},{"dt":1719313200,"sunrise":1719286207,"sunset":1719345620,"temp":{"day":25.47,"min":15.77,"max":26.7,"night":20.18,"eve":25.94,"morn":16.88},"feels_like":{"day":25.53,"night":20.37,"eve":26.05,"morn":16.92},"pressure":1015,"humidity":56,"weather":[{"id":800,"main":"Clear","description":"sky is clear","icon":"01d"}],"speed":4.22,"deg":73,"gust":6.61,"clouds":0,"pop":0},{"dt":1719399600,"sunrise":1719372633,"sunset":1719432018,"temp":{"day":26.29,"min":16.87,"max":27.94,"night":20.55,"eve":27.65,"morn":17.88},"feels_like":{"day":26.29,"night":20.72,"eve":28.15,"morn":17.97},"pressure":1011,"humidity":54,"weather":[{"id":800,"main":"Clear","description":"sky is clear","icon":"01d"}],"speed":3.53,"deg":329,"gust":6.64,"clouds":0,"pop":0},{"dt":1719486000,"sunrise":1719459061,"sunset":1719518413,"temp":{"day":25.43,"min":17.72,"max":27.54,"night":18.44,"eve":24.67,"morn":18.82},"feels_like":{"day":25.73,"night":18.45,"eve":24.97,"morn":18.95},"pressure":1009,"humidity":65,"weather":[{"id":500,"main":"Rain","description":"light rain","icon":"10d"}],"speed":4.89,"deg":258,"gust":8.75,"clouds":51,"pop":1,"rain":0.89}]}
--- ENF OF RECEIVED DATA ---

{"city":{"id":2800866,"name":"Brussels","coord":{"lon":4.3488,"lat":50.8504},"country":"BE","population":1019022,"timezone":7200},"cod":"200","message":0.0739683,"cnt":4,"list":[{"dt":1719226800,"sunrise":1719199784,"sunset":1719259219,"temp":{"day":23.53,"min":13.62,"max":25.54,"night":19.77,"eve":25.2,"morn":15.12},"feels_like":{"day":23.48,"night":19.81,"eve":25.21,"morn":14.91},"pressure":1020,"humidity":59,"weather":[{"id":800,"main":"Clear","description":"sky is clear","icon":"01d"}],"speed":2.97,"deg":87,"gust":4.65,"clouds":3,"pop":0},{"dt":1719313200,"sunrise":1719286207,"sunset":1719345620,"temp":{"day":25.47,"min":15.77,"max":26.7,"night":20.18,"eve":25.94,"morn":16.88},"feels_like":{"day":25.53,"night":20.37,"eve":26.05,"morn":16.92},"pressure":1015,"humidity":56,"weather":[{"id":800,"main":"Clear","description":"sky is clear","icon":"01d"}],"speed":4.22,"deg":73,"gust":6.61,"clouds":0,"pop":0},{"dt":1719399600,"sunrise":1719372633,"sunset":1719432018,"temp":{"day":26.29,"min":16.87,"max":27.94,"night":20.55,"eve":27.65,"morn":17.88},"feels_like":{"day":26.29,"night":20.72,"eve":28.15,"morn":17.97},"pressure":1011,"humidity":54,"weather":[{"id":800,"main":"Clear","description":"sky is clear","icon":"01d"}],"speed":3.53,"deg":329,"gust":6.64,"clouds":0,"pop":0},{"dt":1719486000,"sunrise":1719459061,"sunset":1719518413,"temp":{"day":25.43,"min":17.72,"max":27.54,"night":18.44,"eve":24.67,"morn":18.82},"feels_like":{"day":25.73,"night":18.45,"eve":24.97,"morn":18.95},"pressure":1009,"humidity":65,"weather":[{"id":500,"main":"Rain","description":"light rain","icon":"10d"}],"speed":4.89,"deg":258,"gust":8.75,"clouds":51,"pop":1,"rain":0.89}]}
--- ENF OF RECEIVED DATA ---

