________________________________________________
|             CALL API : START                |
________________________________________________

Informations : 
Called API: meteo - 21 July 2022, 11:50
Method: GETMETEO - Timeout : 300 - Cache : 1
URL CALLED : https://rmipro.meteo.be/products/bx1/5373bc0393d004fc/web_forecast
-------------------------
________________________________________________
|             CALL API : START                |
________________________________________________

Informations : 
Called API: meteo - 21 July 2022, 11:50
Method: GETMETEO - Timeout : 300 - Cache : 1
URL CALLED : https://rmipro.meteo.be/products/bx1/5373bc0393d004fc/web_forecast
-------------------------
<?xml version='1.0' encoding='UTF-8'?>
<meteo>
  <generationDate>21/07/2022 09:31</generationDate>
  <forecast date="20220721" period="PM">
    <titledate>21/07/22</titledate>
    <titleday>jeudi</titleday>
    <data>
      <city>Ostende</city>
      <tempMax>20 </tempMax>
      <weathertype>TJ3</weathertype>
    </data>
    <data>
      <city>Anvers</city>
      <tempMax>22 </tempMax>
      <weathertype>TJ3</weathertype>
    </data>
    <data>
      <city>Bruxelles</city>
      <tempMax>23 </tempMax>
      <weathertype>TJ3</weathertype>
    </data>
    <data>
      <city>Namur</city>
      <tempMax>23 </tempMax>
      <weathertype>TJ10</weathertype>
    </data>
    <data>
      <city>Liege</city>
      <tempMax>23 </tempMax>
      <weathertype>TJ6</weathertype>
    </data>
    <data>
      <city>Arlon</city>
      <tempMax>22 </tempMax>
      <weathertype>TJ6</weathertype>
    </data>
  </forecast>
  <forecast date="20220721" period="NIGHT">
    <titledate>21/07/22</titledate>
    <titleday>jeudi</titleday>
    <data>
      <city>Ostende</city>
      <tempMin>14 </tempMin>
      <weathertype>TNN1</weathertype>
    </data>
    <data>
      <city>Anvers</city>
      <tempMin>14 </tempMin>
      <weathertype>TNN2</weathertype>
    </data>
    <data>
      <city>Bruxelles</city>
      <tempMin>14 </tempMin>
      <weathertype>TNN2</weathertype>
    </data>
    <data>
      <city>Namur</city>
      <tempMin>13 </tempMin>
      <weathertype>TNN2</weathertype>
    </data>
    <data>
      <city>Liege</city>
      <tempMin>16 </tempMin>
      <weathertype>TNN2</weathertype>
    </data>
    <data>
      <city>Arlon</city>
      <tempMin>13 </tempMin>
      <weathertype>TNN3</weathertype>
    </data>
  </forecast>
  <forecast date="20220722" period="AM">
    <titledate>22/07/22</titledate>
    <titleday>vendredi</titleday>
    <data>
      <city>Ostende</city>
      <tempMax>19 </tempMax>
      <weathertype>TJ2</weathertype>
    </data>
    <data>
      <city>Anvers</city>
      <tempMax>21 </tempMax>
      <weathertype>TJ2</weathertype>
    </data>
    <data>
      <city>Bruxelles</city>
      <tempMax>20 </tempMax>
      <weathertype>TJ2</weathertype>
    </data>
    <data>
      <city>Namur</city>
      <tempMax>20 </tempMax>
      <weathertype>TJ2</weathertype>
    </data>
    <data>
      <city>Liege</city>
      <tempMax>19 </tempMax>
      <weathertype>TJ3</weathertype>
    </data>
    <data>
      <city>Arlon</city>
      <tempMax>21 </tempMax>
      <weathertype>TJ3</weathertype>
    </data>
  </forecast>
  <forecast date="20220722" period="PM">
    <titledate>22/07/22</titledate>
    <titleday>vendredi</titleday>
    <data>
      <city>Ostende</city>
      <tempMax>21 </tempMax>
      <weathertype>TJ3</weathertype>
    </data>
    <data>
      <city>Anvers</city>
      <tempMax>25 </tempMax>
      <weathertype>TJ2</weathertype>
    </data>
    <data>
      <city>Bruxelles</city>
      <tempMax>25 </tempMax>
      <weathertype>TJ2</weathertype>
    </data>
    <data>
      <city>Namur</city>
      <tempMax>24 </tempMax>
      <weathertype>TJ2</weathertype>
    </data>
    <data>
      <city>Liege</city>
      <tempMax>24 </tempMax>
      <weathertype>TJ3</weathertype>
    </data>
    <data>
      <city>Arlon</city>
      <tempMax>23 </tempMax>
      <weathertype>TJ3</weathertype>
    </data>
  </forecast>
  <forecast date="20220723" period="DAY">
    <titledate>23/07/22</titledate>
    <titleday>samedi</titleday>
    <data>
      <city>Ostende</city>
      <tempMin>15 </tempMin>
      <tempMax>23 </tempMax>
      <weathertype>TJ1</weathertype>
    </data>
    <data>
      <city>Anvers</city>
      <tempMin>15 </tempMin>
      <tempMax>26 </tempMax>
      <weathertype>TJ2</weathertype>
    </data>
    <data>
      <city>Bruxelles</city>
      <tempMin>15 </tempMin>
      <tempMax>26 </tempMax>
      <weathertype>TJ2</weathertype>
    </data>
    <data>
      <city>Namur</city>
      <tempMin>15 </tempMin>
      <tempMax>25 </tempMax>
      <weathertype>TJ2</weathertype>
    </data>
    <data>
      <city>Liege</city>
      <tempMin>17 </tempMin>
      <tempMax>26 </tempMax>
      <weathertype>TJ2</weathertype>
    </data>
    <data>
      <city>Arlon</city>
      <tempMin>15 </tempMin>
      <tempMax>23 </tempMax>
      <weathertype>TJ11</weathertype>
    </data>
  </forecast>
  <forecast date="20220724" period="DAY">
    <titledate>24/07/22</titledate>
    <titleday>dimanche</titleday>
    <data>
      <city>Ostende</city>
      <tempMin>19 </tempMin>
      <tempMax>26 </tempMax>
      <weathertype>TJ1</weathertype>
    </data>
    <data>
      <city>Anvers</city>
      <tempMin>21 </tempMin>
      <tempMax>28 </tempMax>
      <weathertype>TJ1</weathertype>
    </data>
    <data>
      <city>Bruxelles</city>
      <tempMin>21 </tempMin>
      <tempMax>28 </tempMax>
      <weathertype>TJ1</weathertype>
    </data>
    <data>
      <city>Namur</city>
      <tempMin>18 </tempMin>
      <tempMax>25 </tempMax>
      <weathertype>TJ1</weathertype>
    </data>
    <data>
      <city>Liege</city>
      <tempMin>19 </tempMin>
      <tempMax>29 </tempMax>
      <weathertype>TJ1</weathertype>
    </data>
    <data>
      <city>Arlon</city>
      <tempMin>18 </tempMin>
      <tempMax>25 </tempMax>
      <weathertype>TJ1</weathertype>
    </data>
  </forecast>
  <forecast date="20220725" period="DAY">
    <titledate>25/07/22</titledate>
    <titleday>lundi</titleday>
    <data>
      <city>Ostende</city>
      <tempMin>18 </tempMin>
      <tempMax>23 </tempMax>
      <weathertype>TJ11</weathertype>
    </data>
    <data>
      <city>Anvers</city>
      <tempMin>15 </tempMin>
      <tempMax>27 </tempMax>
      <weathertype>TJ3</weathertype>
    </data>
    <data>
      <city>Bruxelles</city>
      <tempMin>15 </tempMin>
      <tempMax>27 </tempMax>
      <weathertype>TJ3</weathertype>
    </data>
    <data>
      <city>Namur</city>
      <tempMin>12 </tempMin>
      <tempMax>27 </tempMax>
      <weathertype>TJ12</weathertype>
    </data>
    <data>
      <city>Liege</city>
      <tempMin>16 </tempMin>
      <tempMax>28 </tempMax>
      <weathertype>TJ3</weathertype>
    </data>
    <data>
      <city>Arlon</city>
      <tempMin>12 </tempMin>
      <tempMax>27 </tempMax>
      <weathertype>TJ12</weathertype>
    </data>
  </forecast>
  <forecast_foreign date="20220721" period="DAY">
    <titledate>21/07/22</titledate>
    <titleday>jeudi</titleday>
    <data>
      <city>Paris</city>
      <temp>20 </temp>
      <weathertype>TJ4</weathertype>
    </data>
    <data>
      <city>Londres</city>
      <temp>21 </temp>
      <weathertype>TJ4</weathertype>
    </data>
    <data>
      <city>Amsterdam</city>
      <temp>22 </temp>
      <weathertype>TJ4</weathertype>
    </data>
  </forecast_foreign>
  <forecast_foreign date="20220722" period="DAY">
    <titledate>22/07/22</titledate>
    <titleday>vendredi</titleday>
    <data>
      <city>Paris</city>
      <temp>22 </temp>
      <weathertype>TJ4</weathertype>
    </data>
    <data>
      <city>Londres</city>
      <temp>20 </temp>
      <weathertype>TJ4</weathertype>
    </data>
    <data>
      <city>Amsterdam</city>
      <temp>18 </temp>
      <weathertype>TJ4</weathertype>
    </data>
  </forecast_foreign>
  <Ephemerides>
    <Ephemeride>
      <titledate>21/07/22</titledate>
      <titleday>jeudi</titleday>
      <data>
        <sunRise>05:55</sunRise>
        <sunSet>21:43</sunSet>
        <gain>-2 </gain>
      </data>
    </Ephemeride>
    <Ephemeride>
      <titledate>22/07/22</titledate>
      <titleday>vendredi</titleday>
      <data>
        <sunRise>05:56</sunRise>
        <sunSet>21:41</sunSet>
        <gain>-3 </gain>
      </data>
    </Ephemeride>
    <Ephemeride>
      <titledate>23/07/22</titledate>
      <titleday>samedi</titleday>
      <data>
        <sunRise>05:58</sunRise>
        <sunSet>21:40</sunSet>
        <gain>-3 </gain>
      </data>
    </Ephemeride>
    <Ephemeride>
      <titledate>24/07/22</titledate>
      <titleday>dimanche</titleday>
      <data>
        <sunRise>05:59</sunRise>
        <sunSet>21:39</sunSet>
        <gain>-2 </gain>
      </data>
    </Ephemeride>
  </Ephemerides>
  <indices>
    <indice>
      <titledate>21/07/22</titledate>
      <titleday>jeudi</titleday>
      <data>
        <value>4</value>
        <evaluation>assez bonne</evaluation>
      </data>
    </indice>
    <indice>
      <titledate>22/07/22</titledate>
      <titleday>vendredi</titleday>
      <data>
        <value>3</value>
        <evaluation>bonne</evaluation>
      </data>
    </indice>
    <indice>
      <titledate>23/07/22</titledate>
      <titleday>samedi</titleday>
      <data>
        <value>4</value>
        <evaluation>assez bonne</evaluation>
      </data>
    </indice>
  </indices>
</meteo>

--- ENF OF RECEIVED DATA ---

<?xml version='1.0' encoding='UTF-8'?>
<meteo>
  <generationDate>21/07/2022 09:31</generationDate>
  <forecast date="20220721" period="PM">
    <titledate>21/07/22</titledate>
    <titleday>jeudi</titleday>
    <data>
      <city>Ostende</city>
      <tempMax>20 </tempMax>
      <weathertype>TJ3</weathertype>
    </data>
    <data>
      <city>Anvers</city>
      <tempMax>22 </tempMax>
      <weathertype>TJ3</weathertype>
    </data>
    <data>
      <city>Bruxelles</city>
      <tempMax>23 </tempMax>
      <weathertype>TJ3</weathertype>
    </data>
    <data>
      <city>Namur</city>
      <tempMax>23 </tempMax>
      <weathertype>TJ10</weathertype>
    </data>
    <data>
      <city>Liege</city>
      <tempMax>23 </tempMax>
      <weathertype>TJ6</weathertype>
    </data>
    <data>
      <city>Arlon</city>
      <tempMax>22 </tempMax>
      <weathertype>TJ6</weathertype>
    </data>
  </forecast>
  <forecast date="20220721" period="NIGHT">
    <titledate>21/07/22</titledate>
    <titleday>jeudi</titleday>
    <data>
      <city>Ostende</city>
      <tempMin>14 </tempMin>
      <weathertype>TNN1</weathertype>
    </data>
    <data>
      <city>Anvers</city>
      <tempMin>14 </tempMin>
      <weathertype>TNN2</weathertype>
    </data>
    <data>
      <city>Bruxelles</city>
      <tempMin>14 </tempMin>
      <weathertype>TNN2</weathertype>
    </data>
    <data>
      <city>Namur</city>
      <tempMin>13 </tempMin>
      <weathertype>TNN2</weathertype>
    </data>
    <data>
      <city>Liege</city>
      <tempMin>16 </tempMin>
      <weathertype>TNN2</weathertype>
    </data>
    <data>
      <city>Arlon</city>
      <tempMin>13 </tempMin>
      <weathertype>TNN3</weathertype>
    </data>
  </forecast>
  <forecast date="20220722" period="AM">
    <titledate>22/07/22</titledate>
    <titleday>vendredi</titleday>
    <data>
      <city>Ostende</city>
      <tempMax>19 </tempMax>
      <weathertype>TJ2</weathertype>
    </data>
    <data>
      <city>Anvers</city>
      <tempMax>21 </tempMax>
      <weathertype>TJ2</weathertype>
    </data>
    <data>
      <city>Bruxelles</city>
      <tempMax>20 </tempMax>
      <weathertype>TJ2</weathertype>
    </data>
    <data>
      <city>Namur</city>
      <tempMax>20 </tempMax>
      <weathertype>TJ2</weathertype>
    </data>
    <data>
      <city>Liege</city>
      <tempMax>19 </tempMax>
      <weathertype>TJ3</weathertype>
    </data>
    <data>
      <city>Arlon</city>
      <tempMax>21 </tempMax>
      <weathertype>TJ3</weathertype>
    </data>
  </forecast>
  <forecast date="20220722" period="PM">
    <titledate>22/07/22</titledate>
    <titleday>vendredi</titleday>
    <data>
      <city>Ostende</city>
      <tempMax>21 </tempMax>
      <weathertype>TJ3</weathertype>
    </data>
    <data>
      <city>Anvers</city>
      <tempMax>25 </tempMax>
      <weathertype>TJ2</weathertype>
    </data>
    <data>
      <city>Bruxelles</city>
      <tempMax>25 </tempMax>
      <weathertype>TJ2</weathertype>
    </data>
    <data>
      <city>Namur</city>
      <tempMax>24 </tempMax>
      <weathertype>TJ2</weathertype>
    </data>
    <data>
      <city>Liege</city>
      <tempMax>24 </tempMax>
      <weathertype>TJ3</weathertype>
    </data>
    <data>
      <city>Arlon</city>
      <tempMax>23 </tempMax>
      <weathertype>TJ3</weathertype>
    </data>
  </forecast>
  <forecast date="20220723" period="DAY">
    <titledate>23/07/22</titledate>
    <titleday>samedi</titleday>
    <data>
      <city>Ostende</city>
      <tempMin>15 </tempMin>
      <tempMax>23 </tempMax>
      <weathertype>TJ1</weathertype>
    </data>
    <data>
      <city>Anvers</city>
      <tempMin>15 </tempMin>
      <tempMax>26 </tempMax>
      <weathertype>TJ2</weathertype>
    </data>
    <data>
      <city>Bruxelles</city>
      <tempMin>15 </tempMin>
      <tempMax>26 </tempMax>
      <weathertype>TJ2</weathertype>
    </data>
    <data>
      <city>Namur</city>
      <tempMin>15 </tempMin>
      <tempMax>25 </tempMax>
      <weathertype>TJ2</weathertype>
    </data>
    <data>
      <city>Liege</city>
      <tempMin>17 </tempMin>
      <tempMax>26 </tempMax>
      <weathertype>TJ2</weathertype>
    </data>
    <data>
      <city>Arlon</city>
      <tempMin>15 </tempMin>
      <tempMax>23 </tempMax>
      <weathertype>TJ11</weathertype>
    </data>
  </forecast>
  <forecast date="20220724" period="DAY">
    <titledate>24/07/22</titledate>
    <titleday>dimanche</titleday>
    <data>
      <city>Ostende</city>
      <tempMin>19 </tempMin>
      <tempMax>26 </tempMax>
      <weathertype>TJ1</weathertype>
    </data>
    <data>
      <city>Anvers</city>
      <tempMin>21 </tempMin>
      <tempMax>28 </tempMax>
      <weathertype>TJ1</weathertype>
    </data>
    <data>
      <city>Bruxelles</city>
      <tempMin>21 </tempMin>
      <tempMax>28 </tempMax>
      <weathertype>TJ1</weathertype>
    </data>
    <data>
      <city>Namur</city>
      <tempMin>18 </tempMin>
      <tempMax>25 </tempMax>
      <weathertype>TJ1</weathertype>
    </data>
    <data>
      <city>Liege</city>
      <tempMin>19 </tempMin>
      <tempMax>29 </tempMax>
      <weathertype>TJ1</weathertype>
    </data>
    <data>
      <city>Arlon</city>
      <tempMin>18 </tempMin>
      <tempMax>25 </tempMax>
      <weathertype>TJ1</weathertype>
    </data>
  </forecast>
  <forecast date="20220725" period="DAY">
    <titledate>25/07/22</titledate>
    <titleday>lundi</titleday>
    <data>
      <city>Ostende</city>
      <tempMin>18 </tempMin>
      <tempMax>23 </tempMax>
      <weathertype>TJ11</weathertype>
    </data>
    <data>
      <city>Anvers</city>
      <tempMin>15 </tempMin>
      <tempMax>27 </tempMax>
      <weathertype>TJ3</weathertype>
    </data>
    <data>
      <city>Bruxelles</city>
      <tempMin>15 </tempMin>
      <tempMax>27 </tempMax>
      <weathertype>TJ3</weathertype>
    </data>
    <data>
      <city>Namur</city>
      <tempMin>12 </tempMin>
      <tempMax>27 </tempMax>
      <weathertype>TJ12</weathertype>
    </data>
    <data>
      <city>Liege</city>
      <tempMin>16 </tempMin>
      <tempMax>28 </tempMax>
      <weathertype>TJ3</weathertype>
    </data>
    <data>
      <city>Arlon</city>
      <tempMin>12 </tempMin>
      <tempMax>27 </tempMax>
      <weathertype>TJ12</weathertype>
    </data>
  </forecast>
  <forecast_foreign date="20220721" period="DAY">
    <titledate>21/07/22</titledate>
    <titleday>jeudi</titleday>
    <data>
      <city>Paris</city>
      <temp>20 </temp>
      <weathertype>TJ4</weathertype>
    </data>
    <data>
      <city>Londres</city>
      <temp>21 </temp>
      <weathertype>TJ4</weathertype>
    </data>
    <data>
      <city>Amsterdam</city>
      <temp>22 </temp>
      <weathertype>TJ4</weathertype>
    </data>
  </forecast_foreign>
  <forecast_foreign date="20220722" period="DAY">
    <titledate>22/07/22</titledate>
    <titleday>vendredi</titleday>
    <data>
      <city>Paris</city>
      <temp>22 </temp>
      <weathertype>TJ4</weathertype>
    </data>
    <data>
      <city>Londres</city>
      <temp>20 </temp>
      <weathertype>TJ4</weathertype>
    </data>
    <data>
      <city>Amsterdam</city>
      <temp>18 </temp>
      <weathertype>TJ4</weathertype>
    </data>
  </forecast_foreign>
  <Ephemerides>
    <Ephemeride>
      <titledate>21/07/22</titledate>
      <titleday>jeudi</titleday>
      <data>
        <sunRise>05:55</sunRise>
        <sunSet>21:43</sunSet>
        <gain>-2 </gain>
      </data>
    </Ephemeride>
    <Ephemeride>
      <titledate>22/07/22</titledate>
      <titleday>vendredi</titleday>
      <data>
        <sunRise>05:56</sunRise>
        <sunSet>21:41</sunSet>
        <gain>-3 </gain>
      </data>
    </Ephemeride>
    <Ephemeride>
      <titledate>23/07/22</titledate>
      <titleday>samedi</titleday>
      <data>
        <sunRise>05:58</sunRise>
        <sunSet>21:40</sunSet>
        <gain>-3 </gain>
      </data>
    </Ephemeride>
    <Ephemeride>
      <titledate>24/07/22</titledate>
      <titleday>dimanche</titleday>
      <data>
        <sunRise>05:59</sunRise>
        <sunSet>21:39</sunSet>
        <gain>-2 </gain>
      </data>
    </Ephemeride>
  </Ephemerides>
  <indices>
    <indice>
      <titledate>21/07/22</titledate>
      <titleday>jeudi</titleday>
      <data>
        <value>4</value>
        <evaluation>assez bonne</evaluation>
      </data>
    </indice>
    <indice>
      <titledate>22/07/22</titledate>
      <titleday>vendredi</titleday>
      <data>
        <value>3</value>
        <evaluation>bonne</evaluation>
      </data>
    </indice>
    <indice>
      <titledate>23/07/22</titledate>
      <titleday>samedi</titleday>
      <data>
        <value>4</value>
        <evaluation>assez bonne</evaluation>
      </data>
    </indice>
  </indices>
</meteo>

--- ENF OF RECEIVED DATA ---

