________________________________________________
|             CALL API : START                |
________________________________________________

Informations : 
Called API: meteo - 12 April 2025, 03:40
Method: GETMETEO - Timeout : 300 - Cache : 1
URL CALLED : https://api.openweathermap.org/data/2.5/forecast/daily?q=Brussels,be&units=metric&cnt=4&appid=ea18c0706135505149200c3836f29800
-------------------------
________________________________________________
|             CALL API : START                |
________________________________________________

Informations : 
Called API: meteo - 12 April 2025, 03:40
Method: GETMETEO - Timeout : 300 - Cache : 1
URL CALLED : https://api.openweathermap.org/data/2.5/forecast/daily?q=Brussels,be&units=metric&cnt=4&appid=ea18c0706135505149200c3836f29800
-------------------------
{"city":{"id":2800866,"name":"Brussels","coord":{"lon":4.3488,"lat":50.8504},"country":"BE","population":1019022,"timezone":7200},"cod":"200","message":1.006248,"cnt":4,"list":[{"dt":1744455600,"sunrise":1744433649,"sunset":1744482728,"temp":{"day":19.36,"min":6.87,"max":22.87,"night":15.16,"eve":20.84,"morn":6.87},"feels_like":{"day":18.34,"night":14.53,"eve":20.34,"morn":4.69},"pressure":1010,"humidity":38,"weather":[{"id":800,"main":"Clear","description":"sky is clear","icon":"01d"}],"speed":6.07,"deg":138,"gust":10.96,"clouds":5,"pop":0},{"dt":1744542000,"sunrise":1744519921,"sunset":1744569226,"temp":{"day":14.43,"min":10.76,"max":17.39,"night":10.76,"eve":15.67,"morn":12.91},"feels_like":{"day":13.86,"night":9.82,"eve":14.81,"morn":12.48},"pressure":1006,"humidity":74,"weather":[{"id":500,"main":"Rain","description":"light rain","icon":"10d"}],"speed":7.99,"deg":242,"gust":13.22,"clouds":99,"pop":0.75,"rain":0.5},{"dt":1744628400,"sunrise":1744606194,"sunset":1744655723,"temp":{"day":14.12,"min":7.01,"max":17.36,"night":13.14,"eve":16.45,"morn":7.01},"feels_like":{"day":13.05,"night":12.18,"eve":15.56,"morn":5.85},"pressure":1009,"humidity":56,"weather":[{"id":804,"main":"Clouds","description":"overcast clouds","icon":"04d"}],"speed":2.79,"deg":247,"gust":5.99,"clouds":100,"pop":0},{"dt":1744714800,"sunrise":1744692467,"sunset":1744742221,"temp":{"day":12.27,"min":10.03,"max":13.6,"night":10.03,"eve":11.24,"morn":11.34},"feels_like":{"day":11.82,"night":9.62,"eve":10.95,"morn":10.85},"pressure":999,"humidity":87,"weather":[{"id":501,"main":"Rain","description":"moderate rain","icon":"10d"}],"speed":5.52,"deg":294,"gust":9.02,"clouds":100,"pop":1,"rain":9.18}]}
--- ENF OF RECEIVED DATA ---

{"city":{"id":2800866,"name":"Brussels","coord":{"lon":4.3488,"lat":50.8504},"country":"BE","population":1019022,"timezone":7200},"cod":"200","message":1.006248,"cnt":4,"list":[{"dt":1744455600,"sunrise":1744433649,"sunset":1744482728,"temp":{"day":19.36,"min":6.87,"max":22.87,"night":15.16,"eve":20.84,"morn":6.87},"feels_like":{"day":18.34,"night":14.53,"eve":20.34,"morn":4.69},"pressure":1010,"humidity":38,"weather":[{"id":800,"main":"Clear","description":"sky is clear","icon":"01d"}],"speed":6.07,"deg":138,"gust":10.96,"clouds":5,"pop":0},{"dt":1744542000,"sunrise":1744519921,"sunset":1744569226,"temp":{"day":14.43,"min":10.76,"max":17.39,"night":10.76,"eve":15.67,"morn":12.91},"feels_like":{"day":13.86,"night":9.82,"eve":14.81,"morn":12.48},"pressure":1006,"humidity":74,"weather":[{"id":500,"main":"Rain","description":"light rain","icon":"10d"}],"speed":7.99,"deg":242,"gust":13.22,"clouds":99,"pop":0.75,"rain":0.5},{"dt":1744628400,"sunrise":1744606194,"sunset":1744655723,"temp":{"day":14.12,"min":7.01,"max":17.36,"night":13.14,"eve":16.45,"morn":7.01},"feels_like":{"day":13.05,"night":12.18,"eve":15.56,"morn":5.85},"pressure":1009,"humidity":56,"weather":[{"id":804,"main":"Clouds","description":"overcast clouds","icon":"04d"}],"speed":2.79,"deg":247,"gust":5.99,"clouds":100,"pop":0},{"dt":1744714800,"sunrise":1744692467,"sunset":1744742221,"temp":{"day":12.27,"min":10.03,"max":13.6,"night":10.03,"eve":11.24,"morn":11.34},"feels_like":{"day":11.82,"night":9.62,"eve":10.95,"morn":10.85},"pressure":999,"humidity":87,"weather":[{"id":501,"main":"Rain","description":"moderate rain","icon":"10d"}],"speed":5.52,"deg":294,"gust":9.02,"clouds":100,"pop":1,"rain":9.18}]}
--- ENF OF RECEIVED DATA ---

