________________________________________________
|             CALL API : START                |
________________________________________________

Informations : 
Called API: meteo - 16 November 2023, 06:00
Method: GETMETEO - Timeout : 300 - Cache : 1
URL CALLED : https://api.openweathermap.org/data/2.5/forecast/daily?q=Brussels,be&units=metric&cnt=4&appid=ea18c0706135505149200c3836f29800
-------------------------
________________________________________________
|             CALL API : START                |
________________________________________________

Informations : 
Called API: meteo - 16 November 2023, 06:00
Method: GETMETEO - Timeout : 300 - Cache : 1
URL CALLED : https://api.openweathermap.org/data/2.5/forecast/daily?q=Brussels,be&units=metric&cnt=4&appid=ea18c0706135505149200c3836f29800
-------------------------
{"city":{"id":2800866,"name":"Brussels","coord":{"lon":4.3488,"lat":50.8504},"country":"BE","population":1019022,"timezone":3600},"cod":"200","message":3.5654781,"cnt":4,"list":[{"dt":1700132400,"sunrise":1700117960,"sunset":1700150130,"temp":{"day":8.37,"min":6.15,"max":8.38,"night":7.01,"eve":7.6,"morn":6.22},"feels_like":{"day":6.14,"night":5.53,"eve":4.63,"morn":4.25},"pressure":1011,"humidity":85,"weather":[{"id":500,"main":"Rain","description":"light rain","icon":"10d"}],"speed":5.6,"deg":72,"gust":10.31,"clouds":100,"pop":0.64,"rain":0.7},{"dt":1700218800,"sunrise":1700204461,"sunset":1700236454,"temp":{"day":6.93,"min":5,"max":9.09,"night":5,"eve":6.2,"morn":7.16},"feels_like":{"day":5.59,"night":2.54,"eve":3.8,"morn":3.87},"pressure":1020,"humidity":91,"weather":[{"id":501,"main":"Rain","description":"moderate rain","icon":"10d"}],"speed":5.4,"deg":263,"gust":9.91,"clouds":100,"pop":0.72,"rain":2.21},{"dt":1700305200,"sunrise":1700290960,"sunset":1700322779,"temp":{"day":7.4,"min":4.74,"max":12.75,"night":12.75,"eve":10.2,"morn":5.85},"feels_like":{"day":3.41,"night":12.54,"eve":9.7,"morn":2.82},"pressure":1019,"humidity":92,"weather":[{"id":501,"main":"Rain","description":"moderate rain","icon":"10d"}],"speed":8.84,"deg":200,"gust":17.9,"clouds":100,"pop":1,"rain":11.08},{"dt":1700391600,"sunrise":1700377459,"sunset":1700409107,"temp":{"day":12.78,"min":10.99,"max":13.07,"night":11.48,"eve":10.99,"morn":11.9},"feels_like":{"day":12.12,"night":10.77,"eve":10.29,"morn":11.34},"pressure":1013,"humidity":77,"weather":[{"id":500,"main":"Rain","description":"light rain","icon":"10d"}],"speed":9.28,"deg":231,"gust":16.41,"clouds":69,"pop":0.4,"rain":0.32}]}
--- ENF OF RECEIVED DATA ---

{"city":{"id":2800866,"name":"Brussels","coord":{"lon":4.3488,"lat":50.8504},"country":"BE","population":1019022,"timezone":3600},"cod":"200","message":3.5654781,"cnt":4,"list":[{"dt":1700132400,"sunrise":1700117960,"sunset":1700150130,"temp":{"day":8.37,"min":6.15,"max":8.38,"night":7.01,"eve":7.6,"morn":6.22},"feels_like":{"day":6.14,"night":5.53,"eve":4.63,"morn":4.25},"pressure":1011,"humidity":85,"weather":[{"id":500,"main":"Rain","description":"light rain","icon":"10d"}],"speed":5.6,"deg":72,"gust":10.31,"clouds":100,"pop":0.64,"rain":0.7},{"dt":1700218800,"sunrise":1700204461,"sunset":1700236454,"temp":{"day":6.93,"min":5,"max":9.09,"night":5,"eve":6.2,"morn":7.16},"feels_like":{"day":5.59,"night":2.54,"eve":3.8,"morn":3.87},"pressure":1020,"humidity":91,"weather":[{"id":501,"main":"Rain","description":"moderate rain","icon":"10d"}],"speed":5.4,"deg":263,"gust":9.91,"clouds":100,"pop":0.72,"rain":2.21},{"dt":1700305200,"sunrise":1700290960,"sunset":1700322779,"temp":{"day":7.4,"min":4.74,"max":12.75,"night":12.75,"eve":10.2,"morn":5.85},"feels_like":{"day":3.41,"night":12.54,"eve":9.7,"morn":2.82},"pressure":1019,"humidity":92,"weather":[{"id":501,"main":"Rain","description":"moderate rain","icon":"10d"}],"speed":8.84,"deg":200,"gust":17.9,"clouds":100,"pop":1,"rain":11.08},{"dt":1700391600,"sunrise":1700377459,"sunset":1700409107,"temp":{"day":12.78,"min":10.99,"max":13.07,"night":11.48,"eve":10.99,"morn":11.9},"feels_like":{"day":12.12,"night":10.77,"eve":10.29,"morn":11.34},"pressure":1013,"humidity":77,"weather":[{"id":500,"main":"Rain","description":"light rain","icon":"10d"}],"speed":9.28,"deg":231,"gust":16.41,"clouds":69,"pop":0.4,"rain":0.32}]}
--- ENF OF RECEIVED DATA ---

