________________________________________________
|             CALL API : START                |
________________________________________________

Informations : 
Called API: meteo - 18 January 2024, 06:00
Method: GETMETEO - Timeout : 300 - Cache : 1
URL CALLED : https://api.openweathermap.org/data/2.5/forecast/daily?q=Brussels,be&units=metric&cnt=4&appid=ea18c0706135505149200c3836f29800
-------------------------
________________________________________________
|             CALL API : START                |
________________________________________________

Informations : 
Called API: meteo - 18 January 2024, 06:00
Method: GETMETEO - Timeout : 300 - Cache : 1
URL CALLED : https://api.openweathermap.org/data/2.5/forecast/daily?q=Brussels,be&units=metric&cnt=4&appid=ea18c0706135505149200c3836f29800
-------------------------
{"city":{"id":2800866,"name":"Brussels","coord":{"lon":4.3488,"lat":50.8504},"country":"BE","population":1019022,"timezone":3600},"cod":"200","message":0.0692068,"cnt":4,"list":[{"dt":1705575600,"sunrise":1705563398,"sunset":1705594113,"temp":{"day":0.65,"min":-4.14,"max":1.73,"night":-3.79,"eve":-2.41,"morn":-2.72},"feels_like":{"day":-1.46,"night":-7.68,"eve":-5.84,"morn":-6.29},"pressure":1002,"humidity":82,"weather":[{"id":803,"main":"Clouds","description":"broken clouds","icon":"04d"}],"speed":2.81,"deg":280,"gust":8.37,"clouds":53,"pop":0.34},{"dt":1705662000,"sunrise":1705649742,"sunset":1705680608,"temp":{"day":0.52,"min":-3.86,"max":1.5,"night":-3.86,"eve":-2.91,"morn":-3.76},"feels_like":{"day":-2.1,"night":-8.35,"eve":-6.11,"morn":-8.19},"pressure":1022,"humidity":89,"weather":[{"id":802,"main":"Clouds","description":"scattered clouds","icon":"03d"}],"speed":3.22,"deg":253,"gust":7.91,"clouds":32,"pop":0.28},{"dt":1705748400,"sunrise":1705736084,"sunset":1705767104,"temp":{"day":-1.02,"min":-4.85,"max":0.22,"night":-3.09,"eve":-2.34,"morn":-4.81},"feels_like":{"day":-5.79,"night":-8.21,"eve":-6.97,"morn":-9.97},"pressure":1030,"humidity":84,"weather":[{"id":802,"main":"Clouds","description":"scattered clouds","icon":"03d"}],"speed":4.37,"deg":209,"gust":11.93,"clouds":26,"pop":0},{"dt":1705834800,"sunrise":1705822422,"sunset":1705853601,"temp":{"day":1.35,"min":-1.59,"max":2.89,"night":2.89,"eve":1.57,"morn":-0.65},"feels_like":{"day":-4.54,"night":-3.11,"eve":-4.68,"morn":-6.14},"pressure":1024,"humidity":70,"weather":[{"id":804,"main":"Clouds","description":"overcast clouds","icon":"04d"}],"speed":9.69,"deg":195,"gust":22.74,"clouds":89,"pop":0}]}
--- ENF OF RECEIVED DATA ---

{"city":{"id":2800866,"name":"Brussels","coord":{"lon":4.3488,"lat":50.8504},"country":"BE","population":1019022,"timezone":3600},"cod":"200","message":0.0692068,"cnt":4,"list":[{"dt":1705575600,"sunrise":1705563398,"sunset":1705594113,"temp":{"day":0.65,"min":-4.14,"max":1.73,"night":-3.79,"eve":-2.41,"morn":-2.72},"feels_like":{"day":-1.46,"night":-7.68,"eve":-5.84,"morn":-6.29},"pressure":1002,"humidity":82,"weather":[{"id":803,"main":"Clouds","description":"broken clouds","icon":"04d"}],"speed":2.81,"deg":280,"gust":8.37,"clouds":53,"pop":0.34},{"dt":1705662000,"sunrise":1705649742,"sunset":1705680608,"temp":{"day":0.52,"min":-3.86,"max":1.5,"night":-3.86,"eve":-2.91,"morn":-3.76},"feels_like":{"day":-2.1,"night":-8.35,"eve":-6.11,"morn":-8.19},"pressure":1022,"humidity":89,"weather":[{"id":802,"main":"Clouds","description":"scattered clouds","icon":"03d"}],"speed":3.22,"deg":253,"gust":7.91,"clouds":32,"pop":0.28},{"dt":1705748400,"sunrise":1705736084,"sunset":1705767104,"temp":{"day":-1.02,"min":-4.85,"max":0.22,"night":-3.09,"eve":-2.34,"morn":-4.81},"feels_like":{"day":-5.79,"night":-8.21,"eve":-6.97,"morn":-9.97},"pressure":1030,"humidity":84,"weather":[{"id":802,"main":"Clouds","description":"scattered clouds","icon":"03d"}],"speed":4.37,"deg":209,"gust":11.93,"clouds":26,"pop":0},{"dt":1705834800,"sunrise":1705822422,"sunset":1705853601,"temp":{"day":1.35,"min":-1.59,"max":2.89,"night":2.89,"eve":1.57,"morn":-0.65},"feels_like":{"day":-4.54,"night":-3.11,"eve":-4.68,"morn":-6.14},"pressure":1024,"humidity":70,"weather":[{"id":804,"main":"Clouds","description":"overcast clouds","icon":"04d"}],"speed":9.69,"deg":195,"gust":22.74,"clouds":89,"pop":0}]}
--- ENF OF RECEIVED DATA ---

