________________________________________________
|             CALL API : START                |
________________________________________________

Informations : 
Called API: meteo - 11 October 2024, 14:50
Method: GETMETEO - Timeout : 300 - Cache : 1
URL CALLED : https://api.openweathermap.org/data/2.5/forecast/daily?q=Brussels,be&units=metric&cnt=4&appid=ea18c0706135505149200c3836f29800
-------------------------
________________________________________________
|             CALL API : START                |
________________________________________________

Informations : 
Called API: meteo - 11 October 2024, 14:50
Method: GETMETEO - Timeout : 300 - Cache : 1
URL CALLED : https://api.openweathermap.org/data/2.5/forecast/daily?q=Brussels,be&units=metric&cnt=4&appid=ea18c0706135505149200c3836f29800
-------------------------
{"city":{"id":2800866,"name":"Brussels","coord":{"lon":4.3488,"lat":50.8504},"country":"BE","population":1019022,"timezone":7200},"cod":"200","message":0.0570174,"cnt":4,"list":[{"dt":1728644400,"sunrise":1728626360,"sunset":1728665932,"temp":{"day":12.73,"min":7.02,"max":13.15,"night":7.81,"eve":10.73,"morn":7.23},"feels_like":{"day":11.76,"night":6.92,"eve":9.45,"morn":7.23},"pressure":1017,"humidity":65,"weather":[{"id":500,"main":"Rain","description":"light rain","icon":"10d"}],"speed":2.55,"deg":282,"gust":4.87,"clouds":28,"pop":0.63,"rain":0.22},{"dt":1728730800,"sunrise":1728712858,"sunset":1728752203,"temp":{"day":12.46,"min":6.95,"max":12.46,"night":10.26,"eve":10.26,"morn":7.59},"feels_like":{"day":11.56,"night":9.74,"eve":9.72,"morn":5.91},"pressure":1012,"humidity":69,"weather":[{"id":500,"main":"Rain","description":"light rain","icon":"10d"}],"speed":7.11,"deg":223,"gust":15.4,"clouds":100,"pop":0.97,"rain":0.58},{"dt":1728817200,"sunrise":1728799357,"sunset":1728838475,"temp":{"day":11.79,"min":7.23,"max":12.17,"night":8.18,"eve":9.57,"morn":7.35},"feels_like":{"day":10.43,"night":7.54,"eve":9.57,"morn":3.96},"pressure":1022,"humidity":54,"weather":[{"id":500,"main":"Rain","description":"light rain","icon":"10d"}],"speed":7.29,"deg":244,"gust":13.71,"clouds":98,"pop":0.2,"rain":0.12},{"dt":1728903600,"sunrise":1728885855,"sunset":1728924748,"temp":{"day":13.05,"min":5.76,"max":16.19,"night":13.59,"eve":13.73,"morn":5.93},"feels_like":{"day":12.11,"night":13.22,"eve":13.3,"morn":4.09},"pressure":1019,"humidity":65,"weather":[{"id":802,"main":"Clouds","description":"scattered clouds","icon":"03d"}],"speed":4.33,"deg":204,"gust":7.82,"clouds":45,"pop":0}]}
--- ENF OF RECEIVED DATA ---

{"city":{"id":2800866,"name":"Brussels","coord":{"lon":4.3488,"lat":50.8504},"country":"BE","population":1019022,"timezone":7200},"cod":"200","message":0.0570174,"cnt":4,"list":[{"dt":1728644400,"sunrise":1728626360,"sunset":1728665932,"temp":{"day":12.73,"min":7.02,"max":13.15,"night":7.81,"eve":10.73,"morn":7.23},"feels_like":{"day":11.76,"night":6.92,"eve":9.45,"morn":7.23},"pressure":1017,"humidity":65,"weather":[{"id":500,"main":"Rain","description":"light rain","icon":"10d"}],"speed":2.55,"deg":282,"gust":4.87,"clouds":28,"pop":0.63,"rain":0.22},{"dt":1728730800,"sunrise":1728712858,"sunset":1728752203,"temp":{"day":12.46,"min":6.95,"max":12.46,"night":10.26,"eve":10.26,"morn":7.59},"feels_like":{"day":11.56,"night":9.74,"eve":9.72,"morn":5.91},"pressure":1012,"humidity":69,"weather":[{"id":500,"main":"Rain","description":"light rain","icon":"10d"}],"speed":7.11,"deg":223,"gust":15.4,"clouds":100,"pop":0.97,"rain":0.58},{"dt":1728817200,"sunrise":1728799357,"sunset":1728838475,"temp":{"day":11.79,"min":7.23,"max":12.17,"night":8.18,"eve":9.57,"morn":7.35},"feels_like":{"day":10.43,"night":7.54,"eve":9.57,"morn":3.96},"pressure":1022,"humidity":54,"weather":[{"id":500,"main":"Rain","description":"light rain","icon":"10d"}],"speed":7.29,"deg":244,"gust":13.71,"clouds":98,"pop":0.2,"rain":0.12},{"dt":1728903600,"sunrise":1728885855,"sunset":1728924748,"temp":{"day":13.05,"min":5.76,"max":16.19,"night":13.59,"eve":13.73,"morn":5.93},"feels_like":{"day":12.11,"night":13.22,"eve":13.3,"morn":4.09},"pressure":1019,"humidity":65,"weather":[{"id":802,"main":"Clouds","description":"scattered clouds","icon":"03d"}],"speed":4.33,"deg":204,"gust":7.82,"clouds":45,"pop":0}]}
--- ENF OF RECEIVED DATA ---

