________________________________________________
|             CALL API : START                |
________________________________________________

Informations : 
Called API: meteo - 22 July 2023, 17:20
Method: GETMETEO - Timeout : 300 - Cache : 1
URL CALLED : https://api.openweathermap.org/data/2.5/forecast/daily?q=Brussels,be&units=metric&cnt=4&appid=ea18c0706135505149200c3836f29800
-------------------------
________________________________________________
|             CALL API : START                |
________________________________________________

Informations : 
Called API: meteo - 22 July 2023, 17:20
Method: GETMETEO - Timeout : 300 - Cache : 1
URL CALLED : https://api.openweathermap.org/data/2.5/forecast/daily?q=Brussels,be&units=metric&cnt=4&appid=ea18c0706135505149200c3836f29800
-------------------------
{"city":{"id":2800866,"name":"Brussels","coord":{"lon":4.3488,"lat":50.8504},"country":"BE","population":1019022,"timezone":7200},"cod":"200","message":0.0592342,"cnt":4,"list":[{"dt":1690023600,"sunrise":1689998050,"sunset":1690055013,"temp":{"day":19.94,"min":11.66,"max":21.48,"night":17.58,"eve":20.78,"morn":13.2},"feels_like":{"day":19.32,"night":16.88,"eve":20.27,"morn":12.66},"pressure":1014,"humidity":51,"weather":[{"id":803,"main":"Clouds","description":"broken clouds","icon":"04d"}],"speed":7.12,"deg":237,"gust":9.29,"clouds":80,"pop":0.23},{"dt":1690110000,"sunrise":1690084530,"sunset":1690141339,"temp":{"day":17.38,"min":14.74,"max":19.8,"night":17.59,"eve":18.71,"morn":16.52},"feels_like":{"day":17.39,"night":17.86,"eve":18.99,"morn":15.9},"pressure":1008,"humidity":85,"weather":[{"id":500,"main":"Rain","description":"light rain","icon":"10d"}],"speed":8.6,"deg":212,"gust":16.21,"clouds":100,"pop":0.99,"rain":3.48},{"dt":1690196400,"sunrise":1690171010,"sunset":1690227662,"temp":{"day":19.38,"min":13.86,"max":21.85,"night":13.86,"eve":18.89,"morn":16.42},"feels_like":{"day":19.25,"night":13.49,"eve":18.77,"morn":16.62},"pressure":1004,"humidity":72,"weather":[{"id":502,"main":"Rain","description":"heavy intensity rain","icon":"10d"}],"speed":7.45,"deg":244,"gust":12.42,"clouds":67,"pop":0.97,"rain":14.63},{"dt":1690282800,"sunrise":1690257492,"sunset":1690313984,"temp":{"day":18.12,"min":10.71,"max":18.12,"night":13.94,"eve":17.43,"morn":11.8},"feels_like":{"day":17.32,"night":13.14,"eve":16.64,"morn":11.39},"pressure":1011,"humidity":51,"weather":[{"id":500,"main":"Rain","description":"light rain","icon":"10d"}],"speed":5.94,"deg":311,"gust":10.09,"clouds":77,"pop":0.21,"rain":0.14}]}
--- ENF OF RECEIVED DATA ---

{"city":{"id":2800866,"name":"Brussels","coord":{"lon":4.3488,"lat":50.8504},"country":"BE","population":1019022,"timezone":7200},"cod":"200","message":0.0592342,"cnt":4,"list":[{"dt":1690023600,"sunrise":1689998050,"sunset":1690055013,"temp":{"day":19.94,"min":11.66,"max":21.48,"night":17.58,"eve":20.78,"morn":13.2},"feels_like":{"day":19.32,"night":16.88,"eve":20.27,"morn":12.66},"pressure":1014,"humidity":51,"weather":[{"id":803,"main":"Clouds","description":"broken clouds","icon":"04d"}],"speed":7.12,"deg":237,"gust":9.29,"clouds":80,"pop":0.23},{"dt":1690110000,"sunrise":1690084530,"sunset":1690141339,"temp":{"day":17.38,"min":14.74,"max":19.8,"night":17.59,"eve":18.71,"morn":16.52},"feels_like":{"day":17.39,"night":17.86,"eve":18.99,"morn":15.9},"pressure":1008,"humidity":85,"weather":[{"id":500,"main":"Rain","description":"light rain","icon":"10d"}],"speed":8.6,"deg":212,"gust":16.21,"clouds":100,"pop":0.99,"rain":3.48},{"dt":1690196400,"sunrise":1690171010,"sunset":1690227662,"temp":{"day":19.38,"min":13.86,"max":21.85,"night":13.86,"eve":18.89,"morn":16.42},"feels_like":{"day":19.25,"night":13.49,"eve":18.77,"morn":16.62},"pressure":1004,"humidity":72,"weather":[{"id":502,"main":"Rain","description":"heavy intensity rain","icon":"10d"}],"speed":7.45,"deg":244,"gust":12.42,"clouds":67,"pop":0.97,"rain":14.63},{"dt":1690282800,"sunrise":1690257492,"sunset":1690313984,"temp":{"day":18.12,"min":10.71,"max":18.12,"night":13.94,"eve":17.43,"morn":11.8},"feels_like":{"day":17.32,"night":13.14,"eve":16.64,"morn":11.39},"pressure":1011,"humidity":51,"weather":[{"id":500,"main":"Rain","description":"light rain","icon":"10d"}],"speed":5.94,"deg":311,"gust":10.09,"clouds":77,"pop":0.21,"rain":0.14}]}
--- ENF OF RECEIVED DATA ---

