________________________________________________
|             CALL API : START                |
________________________________________________

Informations : 
Called API: meteo - 14 January 2024, 04:50
Method: GETMETEO - Timeout : 300 - Cache : 1
URL CALLED : https://api.openweathermap.org/data/2.5/forecast/daily?q=Brussels,be&units=metric&cnt=4&appid=ea18c0706135505149200c3836f29800
-------------------------
________________________________________________
|             CALL API : START                |
________________________________________________

Informations : 
Called API: meteo - 14 January 2024, 04:50
Method: GETMETEO - Timeout : 300 - Cache : 1
URL CALLED : https://api.openweathermap.org/data/2.5/forecast/daily?q=Brussels,be&units=metric&cnt=4&appid=ea18c0706135505149200c3836f29800
-------------------------
{"city":{"id":2800866,"name":"Brussels","coord":{"lon":4.3488,"lat":50.8504},"country":"BE","population":1019022,"timezone":3600},"cod":"200","message":0.0617432,"cnt":4,"list":[{"dt":1705230000,"sunrise":1705217995,"sunset":1705248148,"temp":{"day":1.74,"min":0.17,"max":2.29,"night":2.01,"eve":2.01,"morn":0.38},"feels_like":{"day":-2.5,"night":-1.97,"eve":-2.16,"morn":-3.96},"pressure":1013,"humidity":88,"weather":[{"id":804,"main":"Clouds","description":"overcast clouds","icon":"04d"}],"speed":5.3,"deg":232,"gust":10.25,"clouds":100,"pop":0.34},{"dt":1705316400,"sunrise":1705304350,"sunset":1705334637,"temp":{"day":2.64,"min":0.28,"max":2.78,"night":0.29,"eve":1.03,"morn":0.53},"feels_like":{"day":-2.49,"night":-4.02,"eve":-4.13,"morn":-4.12},"pressure":1008,"humidity":71,"weather":[{"id":616,"main":"Snow","description":"rain and snow","icon":"13d"}],"speed":7.47,"deg":300,"gust":12.32,"clouds":88,"pop":0.78,"rain":1.36,"snow":0.79},{"dt":1705402800,"sunrise":1705390702,"sunset":1705421127,"temp":{"day":0.88,"min":-1.8,"max":1.74,"night":-1.72,"eve":-0.93,"morn":-0.73},"feels_like":{"day":-3.57,"night":-6.28,"eve":-4.78,"morn":-4.88},"pressure":1014,"humidity":61,"weather":[{"id":802,"main":"Clouds","description":"scattered clouds","icon":"03d"}],"speed":4.92,"deg":227,"gust":9.91,"clouds":48,"pop":0.18},{"dt":1705489200,"sunrise":1705477052,"sunset":1705507619,"temp":{"day":1.72,"min":-2,"max":1.72,"night":-0.9,"eve":-0.53,"morn":-1.62},"feels_like":{"day":1.72,"night":-5.86,"eve":-4,"morn":-4.48},"pressure":998,"humidity":59,"weather":[{"id":601,"main":"Snow","description":"snow","icon":"13d"}],"speed":4.71,"deg":47,"gust":9.95,"clouds":100,"pop":1,"snow":8.26}]}
--- ENF OF RECEIVED DATA ---

{"city":{"id":2800866,"name":"Brussels","coord":{"lon":4.3488,"lat":50.8504},"country":"BE","population":1019022,"timezone":3600},"cod":"200","message":0.0617432,"cnt":4,"list":[{"dt":1705230000,"sunrise":1705217995,"sunset":1705248148,"temp":{"day":1.74,"min":0.17,"max":2.29,"night":2.01,"eve":2.01,"morn":0.38},"feels_like":{"day":-2.5,"night":-1.97,"eve":-2.16,"morn":-3.96},"pressure":1013,"humidity":88,"weather":[{"id":804,"main":"Clouds","description":"overcast clouds","icon":"04d"}],"speed":5.3,"deg":232,"gust":10.25,"clouds":100,"pop":0.34},{"dt":1705316400,"sunrise":1705304350,"sunset":1705334637,"temp":{"day":2.64,"min":0.28,"max":2.78,"night":0.29,"eve":1.03,"morn":0.53},"feels_like":{"day":-2.49,"night":-4.02,"eve":-4.13,"morn":-4.12},"pressure":1008,"humidity":71,"weather":[{"id":616,"main":"Snow","description":"rain and snow","icon":"13d"}],"speed":7.47,"deg":300,"gust":12.32,"clouds":88,"pop":0.78,"rain":1.36,"snow":0.79},{"dt":1705402800,"sunrise":1705390702,"sunset":1705421127,"temp":{"day":0.88,"min":-1.8,"max":1.74,"night":-1.72,"eve":-0.93,"morn":-0.73},"feels_like":{"day":-3.57,"night":-6.28,"eve":-4.78,"morn":-4.88},"pressure":1014,"humidity":61,"weather":[{"id":802,"main":"Clouds","description":"scattered clouds","icon":"03d"}],"speed":4.92,"deg":227,"gust":9.91,"clouds":48,"pop":0.18},{"dt":1705489200,"sunrise":1705477052,"sunset":1705507619,"temp":{"day":1.72,"min":-2,"max":1.72,"night":-0.9,"eve":-0.53,"morn":-1.62},"feels_like":{"day":1.72,"night":-5.86,"eve":-4,"morn":-4.48},"pressure":998,"humidity":59,"weather":[{"id":601,"main":"Snow","description":"snow","icon":"13d"}],"speed":4.71,"deg":47,"gust":9.95,"clouds":100,"pop":1,"snow":8.26}]}
--- ENF OF RECEIVED DATA ---

