________________________________________________
|             CALL API : START                |
________________________________________________

Informations : 
Called API: meteo - 28 May 2023, 20:40
Method: GETMETEO - Timeout : 300 - Cache : 1
URL CALLED : https://api.openweathermap.org/data/2.5/forecast/daily?q=Brussels,be&units=metric&cnt=4&appid=ea18c0706135505149200c3836f29800
-------------------------
________________________________________________
|             CALL API : START                |
________________________________________________

Informations : 
Called API: meteo - 28 May 2023, 20:40
Method: GETMETEO - Timeout : 300 - Cache : 1
URL CALLED : https://api.openweathermap.org/data/2.5/forecast/daily?q=Brussels,be&units=metric&cnt=4&appid=ea18c0706135505149200c3836f29800
-------------------------
{"city":{"id":2800866,"name":"Brussels","coord":{"lon":4.3488,"lat":50.8504},"country":"BE","population":1019022,"timezone":7200},"cod":"200","message":0.0492364,"cnt":4,"list":[{"dt":1685271600,"sunrise":1685245101,"sunset":1685302900,"temp":{"day":21.52,"min":10.72,"max":22.49,"night":18.6,"eve":20.93,"morn":11.85},"feels_like":{"day":21.06,"night":18.03,"eve":20.46,"morn":11.36},"pressure":1020,"humidity":51,"weather":[{"id":803,"main":"Clouds","description":"broken clouds","icon":"04d"}],"speed":6.4,"deg":36,"gust":13.13,"clouds":67,"pop":0},{"dt":1685358000,"sunrise":1685331445,"sunset":1685389371,"temp":{"day":16.88,"min":8.69,"max":18.36,"night":11.26,"eve":17.29,"morn":8.98},"feels_like":{"day":15.98,"night":10.27,"eve":16.43,"morn":6.15},"pressure":1025,"humidity":52,"weather":[{"id":803,"main":"Clouds","description":"broken clouds","icon":"04d"}],"speed":6.8,"deg":42,"gust":12.9,"clouds":59,"pop":0},{"dt":1685444400,"sunrise":1685417791,"sunset":1685475840,"temp":{"day":18.01,"min":6.88,"max":18.8,"night":13.13,"eve":14.87,"morn":8.04},"feels_like":{"day":17.46,"night":12.56,"eve":14.32,"morn":5.57},"pressure":1026,"humidity":61,"weather":[{"id":803,"main":"Clouds","description":"broken clouds","icon":"04d"}],"speed":6.08,"deg":32,"gust":11.61,"clouds":53,"pop":0},{"dt":1685530800,"sunrise":1685504140,"sunset":1685562308,"temp":{"day":21.02,"min":9.51,"max":22.59,"night":15.19,"eve":19.71,"morn":10.42},"feels_like":{"day":20.46,"night":14.51,"eve":19.22,"morn":9.87},"pressure":1025,"humidity":49,"weather":[{"id":800,"main":"Clear","description":"sky is clear","icon":"01d"}],"speed":6.85,"deg":61,"gust":12.11,"clouds":6,"pop":0}]}
--- ENF OF RECEIVED DATA ---

{"city":{"id":2800866,"name":"Brussels","coord":{"lon":4.3488,"lat":50.8504},"country":"BE","population":1019022,"timezone":7200},"cod":"200","message":0.0492364,"cnt":4,"list":[{"dt":1685271600,"sunrise":1685245101,"sunset":1685302900,"temp":{"day":21.52,"min":10.72,"max":22.49,"night":18.6,"eve":20.93,"morn":11.85},"feels_like":{"day":21.06,"night":18.03,"eve":20.46,"morn":11.36},"pressure":1020,"humidity":51,"weather":[{"id":803,"main":"Clouds","description":"broken clouds","icon":"04d"}],"speed":6.4,"deg":36,"gust":13.13,"clouds":67,"pop":0},{"dt":1685358000,"sunrise":1685331445,"sunset":1685389371,"temp":{"day":16.88,"min":8.69,"max":18.36,"night":11.26,"eve":17.29,"morn":8.98},"feels_like":{"day":15.98,"night":10.27,"eve":16.43,"morn":6.15},"pressure":1025,"humidity":52,"weather":[{"id":803,"main":"Clouds","description":"broken clouds","icon":"04d"}],"speed":6.8,"deg":42,"gust":12.9,"clouds":59,"pop":0},{"dt":1685444400,"sunrise":1685417791,"sunset":1685475840,"temp":{"day":18.01,"min":6.88,"max":18.8,"night":13.13,"eve":14.87,"morn":8.04},"feels_like":{"day":17.46,"night":12.56,"eve":14.32,"morn":5.57},"pressure":1026,"humidity":61,"weather":[{"id":803,"main":"Clouds","description":"broken clouds","icon":"04d"}],"speed":6.08,"deg":32,"gust":11.61,"clouds":53,"pop":0},{"dt":1685530800,"sunrise":1685504140,"sunset":1685562308,"temp":{"day":21.02,"min":9.51,"max":22.59,"night":15.19,"eve":19.71,"morn":10.42},"feels_like":{"day":20.46,"night":14.51,"eve":19.22,"morn":9.87},"pressure":1025,"humidity":49,"weather":[{"id":800,"main":"Clear","description":"sky is clear","icon":"01d"}],"speed":6.85,"deg":61,"gust":12.11,"clouds":6,"pop":0}]}
--- ENF OF RECEIVED DATA ---

