________________________________________________
|             CALL API : START                |
________________________________________________

Informations : 
Called API: meteo - 11 August 2024, 12:50
Method: GETMETEO - Timeout : 300 - Cache : 1
URL CALLED : https://api.openweathermap.org/data/2.5/forecast/daily?q=Brussels,be&units=metric&cnt=4&appid=ea18c0706135505149200c3836f29800
-------------------------
________________________________________________
|             CALL API : START                |
________________________________________________

Informations : 
Called API: meteo - 11 August 2024, 12:50
Method: GETMETEO - Timeout : 300 - Cache : 1
URL CALLED : https://api.openweathermap.org/data/2.5/forecast/daily?q=Brussels,be&units=metric&cnt=4&appid=ea18c0706135505149200c3836f29800
-------------------------
{"city":{"id":2800866,"name":"Brussels","coord":{"lon":4.3488,"lat":50.8504},"country":"BE","population":1019022,"timezone":7200},"cod":"200","message":0.0588262,"cnt":4,"list":[{"dt":1723374000,"sunrise":1723350262,"sunset":1723403478,"temp":{"day":25.58,"min":16.59,"max":27.42,"night":21.34,"eve":26.78,"morn":16.84},"feels_like":{"day":25.94,"night":21.31,"eve":27.68,"morn":16.67},"pressure":1021,"humidity":67,"weather":[{"id":800,"main":"Clear","description":"sky is clear","icon":"01d"}],"speed":4.53,"deg":77,"gust":10.63,"clouds":1,"pop":0},{"dt":1723460400,"sunrise":1723436755,"sunset":1723489767,"temp":{"day":30.3,"min":18.66,"max":32.35,"night":24.89,"eve":31.9,"morn":19.08},"feels_like":{"day":32.4,"night":25.42,"eve":35.7,"morn":19.11},"pressure":1010,"humidity":55,"weather":[{"id":800,"main":"Clear","description":"sky is clear","icon":"01d"}],"speed":4.37,"deg":198,"gust":11.01,"clouds":3,"pop":0},{"dt":1723546800,"sunrise":1723523247,"sunset":1723576055,"temp":{"day":26.68,"min":19.73,"max":27.56,"night":19.73,"eve":23.32,"morn":20.6},"feels_like":{"day":27.81,"night":20.06,"eve":23.74,"morn":20.62},"pressure":1010,"humidity":62,"weather":[{"id":500,"main":"Rain","description":"light rain","icon":"10d"}],"speed":5.37,"deg":307,"gust":6.44,"clouds":95,"pop":0.91,"rain":1.91},{"dt":1723633200,"sunrise":1723609740,"sunset":1723662341,"temp":{"day":21.19,"min":15.74,"max":23.79,"night":17.92,"eve":21.33,"morn":15.74},"feels_like":{"day":20.98,"night":17.83,"eve":21.19,"morn":15.17},"pressure":1016,"humidity":62,"weather":[{"id":803,"main":"Clouds","description":"broken clouds","icon":"04d"}],"speed":4.09,"deg":341,"gust":6.78,"clouds":77,"pop":0.25}]}
--- ENF OF RECEIVED DATA ---

{"city":{"id":2800866,"name":"Brussels","coord":{"lon":4.3488,"lat":50.8504},"country":"BE","population":1019022,"timezone":7200},"cod":"200","message":0.0588262,"cnt":4,"list":[{"dt":1723374000,"sunrise":1723350262,"sunset":1723403478,"temp":{"day":25.58,"min":16.59,"max":27.42,"night":21.34,"eve":26.78,"morn":16.84},"feels_like":{"day":25.94,"night":21.31,"eve":27.68,"morn":16.67},"pressure":1021,"humidity":67,"weather":[{"id":800,"main":"Clear","description":"sky is clear","icon":"01d"}],"speed":4.53,"deg":77,"gust":10.63,"clouds":1,"pop":0},{"dt":1723460400,"sunrise":1723436755,"sunset":1723489767,"temp":{"day":30.3,"min":18.66,"max":32.35,"night":24.89,"eve":31.9,"morn":19.08},"feels_like":{"day":32.4,"night":25.42,"eve":35.7,"morn":19.11},"pressure":1010,"humidity":55,"weather":[{"id":800,"main":"Clear","description":"sky is clear","icon":"01d"}],"speed":4.37,"deg":198,"gust":11.01,"clouds":3,"pop":0},{"dt":1723546800,"sunrise":1723523247,"sunset":1723576055,"temp":{"day":26.68,"min":19.73,"max":27.56,"night":19.73,"eve":23.32,"morn":20.6},"feels_like":{"day":27.81,"night":20.06,"eve":23.74,"morn":20.62},"pressure":1010,"humidity":62,"weather":[{"id":500,"main":"Rain","description":"light rain","icon":"10d"}],"speed":5.37,"deg":307,"gust":6.44,"clouds":95,"pop":0.91,"rain":1.91},{"dt":1723633200,"sunrise":1723609740,"sunset":1723662341,"temp":{"day":21.19,"min":15.74,"max":23.79,"night":17.92,"eve":21.33,"morn":15.74},"feels_like":{"day":20.98,"night":17.83,"eve":21.19,"morn":15.17},"pressure":1016,"humidity":62,"weather":[{"id":803,"main":"Clouds","description":"broken clouds","icon":"04d"}],"speed":4.09,"deg":341,"gust":6.78,"clouds":77,"pop":0.25}]}
--- ENF OF RECEIVED DATA ---

