________________________________________________
|             CALL API : START                |
________________________________________________

Informations : 
Called API: meteo - 6 April 2024, 01:20
Method: GETMETEO - Timeout : 300 - Cache : 1
URL CALLED : https://api.openweathermap.org/data/2.5/forecast/daily?q=Brussels,be&units=metric&cnt=4&appid=ea18c0706135505149200c3836f29800
-------------------------
________________________________________________
|             CALL API : START                |
________________________________________________

Informations : 
Called API: meteo - 6 April 2024, 01:20
Method: GETMETEO - Timeout : 300 - Cache : 1
URL CALLED : https://api.openweathermap.org/data/2.5/forecast/daily?q=Brussels,be&units=metric&cnt=4&appid=ea18c0706135505149200c3836f29800
-------------------------
{"city":{"id":2800866,"name":"Brussels","coord":{"lon":4.3488,"lat":50.8504},"country":"BE","population":1019022,"timezone":7200},"cod":"200","message":0.0536605,"cnt":4,"list":[{"dt":1712401200,"sunrise":1712379997,"sunset":1712427769,"temp":{"day":21.41,"min":13.26,"max":23.56,"night":16.98,"eve":20.79,"morn":13.82},"feels_like":{"day":20.86,"night":16.56,"eve":20.65,"morn":13.35},"pressure":1009,"humidity":48,"weather":[{"id":804,"main":"Clouds","description":"overcast clouds","icon":"04d"}],"speed":8.35,"deg":178,"gust":17.99,"clouds":87,"pop":0},{"dt":1712487600,"sunrise":1712466265,"sunset":1712514266,"temp":{"day":15.32,"min":12.02,"max":16.61,"night":12.02,"eve":12.52,"morn":13.19},"feels_like":{"day":14.71,"night":11.63,"eve":12.1,"morn":12.47},"pressure":1016,"humidity":69,"weather":[{"id":500,"main":"Rain","description":"light rain","icon":"10d"}],"speed":8.3,"deg":209,"gust":14.05,"clouds":100,"pop":0.91,"rain":1.48},{"dt":1712574000,"sunrise":1712552534,"sunset":1712600764,"temp":{"day":13.86,"min":11.34,"max":17.99,"night":12.04,"eve":16.96,"morn":11.43},"feels_like":{"day":13.55,"night":11.57,"eve":16.83,"morn":11.16},"pressure":1006,"humidity":86,"weather":[{"id":501,"main":"Rain","description":"moderate rain","icon":"10d"}],"speed":8.62,"deg":227,"gust":14.76,"clouds":100,"pop":1,"rain":16.55},{"dt":1712660400,"sunrise":1712638804,"sunset":1712687261,"temp":{"day":10.95,"min":6.83,"max":11.22,"night":7.68,"eve":8.83,"morn":6.83},"feels_like":{"day":9.69,"night":4.08,"eve":5.35,"morn":1.59},"pressure":1013,"humidity":61,"weather":[{"id":500,"main":"Rain","description":"light rain","icon":"10d"}],"speed":11.84,"deg":218,"gust":20.05,"clouds":65,"pop":1,"rain":1.67}]}
--- ENF OF RECEIVED DATA ---

{"city":{"id":2800866,"name":"Brussels","coord":{"lon":4.3488,"lat":50.8504},"country":"BE","population":1019022,"timezone":7200},"cod":"200","message":0.0536605,"cnt":4,"list":[{"dt":1712401200,"sunrise":1712379997,"sunset":1712427769,"temp":{"day":21.41,"min":13.26,"max":23.56,"night":16.98,"eve":20.79,"morn":13.82},"feels_like":{"day":20.86,"night":16.56,"eve":20.65,"morn":13.35},"pressure":1009,"humidity":48,"weather":[{"id":804,"main":"Clouds","description":"overcast clouds","icon":"04d"}],"speed":8.35,"deg":178,"gust":17.99,"clouds":87,"pop":0},{"dt":1712487600,"sunrise":1712466265,"sunset":1712514266,"temp":{"day":15.32,"min":12.02,"max":16.61,"night":12.02,"eve":12.52,"morn":13.19},"feels_like":{"day":14.71,"night":11.63,"eve":12.1,"morn":12.47},"pressure":1016,"humidity":69,"weather":[{"id":500,"main":"Rain","description":"light rain","icon":"10d"}],"speed":8.3,"deg":209,"gust":14.05,"clouds":100,"pop":0.91,"rain":1.48},{"dt":1712574000,"sunrise":1712552534,"sunset":1712600764,"temp":{"day":13.86,"min":11.34,"max":17.99,"night":12.04,"eve":16.96,"morn":11.43},"feels_like":{"day":13.55,"night":11.57,"eve":16.83,"morn":11.16},"pressure":1006,"humidity":86,"weather":[{"id":501,"main":"Rain","description":"moderate rain","icon":"10d"}],"speed":8.62,"deg":227,"gust":14.76,"clouds":100,"pop":1,"rain":16.55},{"dt":1712660400,"sunrise":1712638804,"sunset":1712687261,"temp":{"day":10.95,"min":6.83,"max":11.22,"night":7.68,"eve":8.83,"morn":6.83},"feels_like":{"day":9.69,"night":4.08,"eve":5.35,"morn":1.59},"pressure":1013,"humidity":61,"weather":[{"id":500,"main":"Rain","description":"light rain","icon":"10d"}],"speed":11.84,"deg":218,"gust":20.05,"clouds":65,"pop":1,"rain":1.67}]}
--- ENF OF RECEIVED DATA ---

