________________________________________________
|             CALL API : START                |
________________________________________________

Informations : 
Called API: meteo - 23 September 2023, 23:20
Method: GETMETEO - Timeout : 300 - Cache : 1
URL CALLED : https://api.openweathermap.org/data/2.5/forecast/daily?q=Brussels,be&units=metric&cnt=4&appid=ea18c0706135505149200c3836f29800
-------------------------
________________________________________________
|             CALL API : START                |
________________________________________________

Informations : 
Called API: meteo - 23 September 2023, 23:20
Method: GETMETEO - Timeout : 300 - Cache : 1
URL CALLED : https://api.openweathermap.org/data/2.5/forecast/daily?q=Brussels,be&units=metric&cnt=4&appid=ea18c0706135505149200c3836f29800
-------------------------
{"city":{"id":2800866,"name":"Brussels","coord":{"lon":4.3488,"lat":50.8504},"country":"BE","population":1019022,"timezone":7200},"cod":"200","message":0.0650907,"cnt":4,"list":[{"dt":1695466800,"sunrise":1695446978,"sunset":1695490841,"temp":{"day":16.68,"min":9.56,"max":17.48,"night":10.02,"eve":14.24,"morn":9.61},"feels_like":{"day":16,"night":9.4,"eve":13.55,"morn":7.18},"pressure":1016,"humidity":61,"weather":[{"id":801,"main":"Clouds","description":"few clouds","icon":"02d"}],"speed":5.93,"deg":248,"gust":11.14,"clouds":14,"pop":0.15},{"dt":1695553200,"sunrise":1695533471,"sunset":1695577104,"temp":{"day":18.56,"min":9.51,"max":19.6,"night":13.36,"eve":16.61,"morn":9.51},"feels_like":{"day":17.78,"night":12.45,"eve":15.95,"morn":7.76},"pressure":1024,"humidity":50,"weather":[{"id":802,"main":"Clouds","description":"scattered clouds","icon":"03d"}],"speed":5.54,"deg":191,"gust":10.67,"clouds":48,"pop":0},{"dt":1695639600,"sunrise":1695619964,"sunset":1695663368,"temp":{"day":19.39,"min":12.08,"max":21.71,"night":15.46,"eve":18.8,"morn":12.08},"feels_like":{"day":18.72,"night":14.86,"eve":18.33,"morn":11.07},"pressure":1022,"humidity":51,"weather":[{"id":804,"main":"Clouds","description":"overcast clouds","icon":"04d"}],"speed":4.74,"deg":202,"gust":12.51,"clouds":100,"pop":0},{"dt":1695726000,"sunrise":1695706457,"sunset":1695749631,"temp":{"day":20.54,"min":13.79,"max":21.51,"night":15.55,"eve":17.36,"morn":13.98},"feels_like":{"day":19.96,"night":15.17,"eve":17.01,"morn":13.21},"pressure":1019,"humidity":50,"weather":[{"id":804,"main":"Clouds","description":"overcast clouds","icon":"04d"}],"speed":4.21,"deg":203,"gust":6.01,"clouds":100,"pop":0}]}
--- ENF OF RECEIVED DATA ---

{"city":{"id":2800866,"name":"Brussels","coord":{"lon":4.3488,"lat":50.8504},"country":"BE","population":1019022,"timezone":7200},"cod":"200","message":0.0650907,"cnt":4,"list":[{"dt":1695466800,"sunrise":1695446978,"sunset":1695490841,"temp":{"day":16.68,"min":9.56,"max":17.48,"night":10.02,"eve":14.24,"morn":9.61},"feels_like":{"day":16,"night":9.4,"eve":13.55,"morn":7.18},"pressure":1016,"humidity":61,"weather":[{"id":801,"main":"Clouds","description":"few clouds","icon":"02d"}],"speed":5.93,"deg":248,"gust":11.14,"clouds":14,"pop":0.15},{"dt":1695553200,"sunrise":1695533471,"sunset":1695577104,"temp":{"day":18.56,"min":9.51,"max":19.6,"night":13.36,"eve":16.61,"morn":9.51},"feels_like":{"day":17.78,"night":12.45,"eve":15.95,"morn":7.76},"pressure":1024,"humidity":50,"weather":[{"id":802,"main":"Clouds","description":"scattered clouds","icon":"03d"}],"speed":5.54,"deg":191,"gust":10.67,"clouds":48,"pop":0},{"dt":1695639600,"sunrise":1695619964,"sunset":1695663368,"temp":{"day":19.39,"min":12.08,"max":21.71,"night":15.46,"eve":18.8,"morn":12.08},"feels_like":{"day":18.72,"night":14.86,"eve":18.33,"morn":11.07},"pressure":1022,"humidity":51,"weather":[{"id":804,"main":"Clouds","description":"overcast clouds","icon":"04d"}],"speed":4.74,"deg":202,"gust":12.51,"clouds":100,"pop":0},{"dt":1695726000,"sunrise":1695706457,"sunset":1695749631,"temp":{"day":20.54,"min":13.79,"max":21.51,"night":15.55,"eve":17.36,"morn":13.98},"feels_like":{"day":19.96,"night":15.17,"eve":17.01,"morn":13.21},"pressure":1019,"humidity":50,"weather":[{"id":804,"main":"Clouds","description":"overcast clouds","icon":"04d"}],"speed":4.21,"deg":203,"gust":6.01,"clouds":100,"pop":0}]}
--- ENF OF RECEIVED DATA ---

