________________________________________________
|             CALL API : START                |
________________________________________________

Informations : 
Called API: meteo - 2 April 2025, 09:00
Method: GETMETEO - Timeout : 300 - Cache : 1
URL CALLED : https://api.openweathermap.org/data/2.5/forecast/daily?q=Brussels,be&units=metric&cnt=4&appid=ea18c0706135505149200c3836f29800
-------------------------
________________________________________________
|             CALL API : START                |
________________________________________________

Informations : 
Called API: meteo - 2 April 2025, 09:00
Method: GETMETEO - Timeout : 300 - Cache : 1
URL CALLED : https://api.openweathermap.org/data/2.5/forecast/daily?q=Brussels,be&units=metric&cnt=4&appid=ea18c0706135505149200c3836f29800
-------------------------
{"city":{"id":2800866,"name":"Brussels","coord":{"lon":4.3488,"lat":50.8504},"country":"BE","population":1019022,"timezone":7200},"cod":"200","message":0.0192963,"cnt":4,"list":[{"dt":1743591600,"sunrise":1743570962,"sunset":1743617756,"temp":{"day":12.51,"min":6.56,"max":17.51,"night":12.51,"eve":16.19,"morn":6.97},"feels_like":{"day":11.36,"night":11.41,"eve":15.2,"morn":3.71},"pressure":1022,"humidity":59,"weather":[{"id":803,"main":"Clouds","description":"broken clouds","icon":"04d"}],"speed":8.77,"deg":84,"gust":14.93,"clouds":56,"pop":0},{"dt":1743678000,"sunrise":1743657228,"sunset":1743704253,"temp":{"day":16.85,"min":8.21,"max":19.4,"night":12.47,"eve":17.75,"morn":8.21},"feels_like":{"day":15.87,"night":11.57,"eve":16.99,"morn":5.13},"pressure":1022,"humidity":49,"weather":[{"id":800,"main":"Clear","description":"sky is clear","icon":"01d"}],"speed":6.35,"deg":114,"gust":13.97,"clouds":2,"pop":0},{"dt":1743764400,"sunrise":1743743495,"sunset":1743790750,"temp":{"day":18.88,"min":8.5,"max":20.53,"night":13.54,"eve":18.9,"morn":8.5},"feels_like":{"day":17.92,"night":12.52,"eve":18.02,"morn":6.72},"pressure":1021,"humidity":42,"weather":[{"id":800,"main":"Clear","description":"sky is clear","icon":"01d"}],"speed":5.97,"deg":79,"gust":12.37,"clouds":0,"pop":0},{"dt":1743850800,"sunrise":1743829763,"sunset":1743877247,"temp":{"day":17.61,"min":7.82,"max":18.1,"night":10.54,"eve":13.74,"morn":7.82},"feels_like":{"day":16.37,"night":8.85,"eve":12.45,"morn":5.62},"pressure":1019,"humidity":36,"weather":[{"id":800,"main":"Clear","description":"sky is clear","icon":"01d"}],"speed":6.23,"deg":61,"gust":13.89,"clouds":10,"pop":0}]}
--- ENF OF RECEIVED DATA ---

{"city":{"id":2800866,"name":"Brussels","coord":{"lon":4.3488,"lat":50.8504},"country":"BE","population":1019022,"timezone":7200},"cod":"200","message":0.0192963,"cnt":4,"list":[{"dt":1743591600,"sunrise":1743570962,"sunset":1743617756,"temp":{"day":12.51,"min":6.56,"max":17.51,"night":12.51,"eve":16.19,"morn":6.97},"feels_like":{"day":11.36,"night":11.41,"eve":15.2,"morn":3.71},"pressure":1022,"humidity":59,"weather":[{"id":803,"main":"Clouds","description":"broken clouds","icon":"04d"}],"speed":8.77,"deg":84,"gust":14.93,"clouds":56,"pop":0},{"dt":1743678000,"sunrise":1743657228,"sunset":1743704253,"temp":{"day":16.85,"min":8.21,"max":19.4,"night":12.47,"eve":17.75,"morn":8.21},"feels_like":{"day":15.87,"night":11.57,"eve":16.99,"morn":5.13},"pressure":1022,"humidity":49,"weather":[{"id":800,"main":"Clear","description":"sky is clear","icon":"01d"}],"speed":6.35,"deg":114,"gust":13.97,"clouds":2,"pop":0},{"dt":1743764400,"sunrise":1743743495,"sunset":1743790750,"temp":{"day":18.88,"min":8.5,"max":20.53,"night":13.54,"eve":18.9,"morn":8.5},"feels_like":{"day":17.92,"night":12.52,"eve":18.02,"morn":6.72},"pressure":1021,"humidity":42,"weather":[{"id":800,"main":"Clear","description":"sky is clear","icon":"01d"}],"speed":5.97,"deg":79,"gust":12.37,"clouds":0,"pop":0},{"dt":1743850800,"sunrise":1743829763,"sunset":1743877247,"temp":{"day":17.61,"min":7.82,"max":18.1,"night":10.54,"eve":13.74,"morn":7.82},"feels_like":{"day":16.37,"night":8.85,"eve":12.45,"morn":5.62},"pressure":1019,"humidity":36,"weather":[{"id":800,"main":"Clear","description":"sky is clear","icon":"01d"}],"speed":6.23,"deg":61,"gust":13.89,"clouds":10,"pop":0}]}
--- ENF OF RECEIVED DATA ---

