________________________________________________
|             CALL API : START                |
________________________________________________

Informations : 
Called API: meteo - 27 December 2024, 16:30
Method: GETMETEO - Timeout : 300 - Cache : 1
URL CALLED : https://api.openweathermap.org/data/2.5/forecast/daily?q=Brussels,be&units=metric&cnt=4&appid=ea18c0706135505149200c3836f29800
-------------------------
________________________________________________
|             CALL API : START                |
________________________________________________

Informations : 
Called API: meteo - 27 December 2024, 16:30
Method: GETMETEO - Timeout : 300 - Cache : 1
URL CALLED : https://api.openweathermap.org/data/2.5/forecast/daily?q=Brussels,be&units=metric&cnt=4&appid=ea18c0706135505149200c3836f29800
-------------------------
{"city":{"id":2800866,"name":"Brussels","coord":{"lon":4.3488,"lat":50.8504},"country":"BE","population":1019022,"timezone":3600},"cod":"200","message":1.1429726,"cnt":4,"list":[{"dt":1735297200,"sunrise":1735285490,"sunset":1735314154,"temp":{"day":7.87,"min":2.08,"max":7.87,"night":4.41,"eve":2.8,"morn":5.51},"feels_like":{"day":7.41,"night":3.47,"eve":2.8,"morn":5.51},"pressure":1033,"humidity":58,"weather":[{"id":804,"main":"Clouds","description":"overcast clouds","icon":"04d"}],"speed":1.74,"deg":96,"gust":1.8,"clouds":93,"pop":0},{"dt":1735383600,"sunrise":1735371899,"sunset":1735400602,"temp":{"day":5.84,"min":2.05,"max":6.91,"night":2.05,"eve":3.74,"morn":2.84},"feels_like":{"day":4.87,"night":-0.85,"eve":1.57,"morn":1.53},"pressure":1030,"humidity":50,"weather":[{"id":803,"main":"Clouds","description":"broken clouds","icon":"04d"}],"speed":2.78,"deg":220,"gust":4.21,"clouds":70,"pop":0},{"dt":1735470000,"sunrise":1735458304,"sunset":1735487053,"temp":{"day":4.69,"min":0.74,"max":6.19,"night":3.51,"eve":3.76,"morn":0.77},"feels_like":{"day":1.74,"night":-0.11,"eve":0.7,"morn":-2.51},"pressure":1029,"humidity":72,"weather":[{"id":800,"main":"Clear","description":"sky is clear","icon":"01d"}],"speed":4.23,"deg":219,"gust":9.47,"clouds":6,"pop":0},{"dt":1735556400,"sunrise":1735544707,"sunset":1735573507,"temp":{"day":8,"min":3.32,"max":9,"night":6.28,"eve":7.14,"morn":3.84},"feels_like":{"day":4.48,"night":2.38,"eve":3.76,"morn":0},"pressure":1030,"humidity":84,"weather":[{"id":804,"main":"Clouds","description":"overcast clouds","icon":"04d"}],"speed":6.91,"deg":244,"gust":13.43,"clouds":100,"pop":0}]}
--- ENF OF RECEIVED DATA ---

{"city":{"id":2800866,"name":"Brussels","coord":{"lon":4.3488,"lat":50.8504},"country":"BE","population":1019022,"timezone":3600},"cod":"200","message":1.1429726,"cnt":4,"list":[{"dt":1735297200,"sunrise":1735285490,"sunset":1735314154,"temp":{"day":7.87,"min":2.08,"max":7.87,"night":4.41,"eve":2.8,"morn":5.51},"feels_like":{"day":7.41,"night":3.47,"eve":2.8,"morn":5.51},"pressure":1033,"humidity":58,"weather":[{"id":804,"main":"Clouds","description":"overcast clouds","icon":"04d"}],"speed":1.74,"deg":96,"gust":1.8,"clouds":93,"pop":0},{"dt":1735383600,"sunrise":1735371899,"sunset":1735400602,"temp":{"day":5.84,"min":2.05,"max":6.91,"night":2.05,"eve":3.74,"morn":2.84},"feels_like":{"day":4.87,"night":-0.85,"eve":1.57,"morn":1.53},"pressure":1030,"humidity":50,"weather":[{"id":803,"main":"Clouds","description":"broken clouds","icon":"04d"}],"speed":2.78,"deg":220,"gust":4.21,"clouds":70,"pop":0},{"dt":1735470000,"sunrise":1735458304,"sunset":1735487053,"temp":{"day":4.69,"min":0.74,"max":6.19,"night":3.51,"eve":3.76,"morn":0.77},"feels_like":{"day":1.74,"night":-0.11,"eve":0.7,"morn":-2.51},"pressure":1029,"humidity":72,"weather":[{"id":800,"main":"Clear","description":"sky is clear","icon":"01d"}],"speed":4.23,"deg":219,"gust":9.47,"clouds":6,"pop":0},{"dt":1735556400,"sunrise":1735544707,"sunset":1735573507,"temp":{"day":8,"min":3.32,"max":9,"night":6.28,"eve":7.14,"morn":3.84},"feels_like":{"day":4.48,"night":2.38,"eve":3.76,"morn":0},"pressure":1030,"humidity":84,"weather":[{"id":804,"main":"Clouds","description":"overcast clouds","icon":"04d"}],"speed":6.91,"deg":244,"gust":13.43,"clouds":100,"pop":0}]}
--- ENF OF RECEIVED DATA ---

