________________________________________________
|             CALL API : START                |
________________________________________________

Informations : 
Called API: meteo - 5 September 2024, 11:20
Method: GETMETEO - Timeout : 300 - Cache : 1
URL CALLED : https://api.openweathermap.org/data/2.5/forecast/daily?q=Brussels,be&units=metric&cnt=4&appid=ea18c0706135505149200c3836f29800
-------------------------
________________________________________________
|             CALL API : START                |
________________________________________________

Informations : 
Called API: meteo - 5 September 2024, 11:20
Method: GETMETEO - Timeout : 300 - Cache : 1
URL CALLED : https://api.openweathermap.org/data/2.5/forecast/daily?q=Brussels,be&units=metric&cnt=4&appid=ea18c0706135505149200c3836f29800
-------------------------
{"city":{"id":2800866,"name":"Brussels","coord":{"lon":4.3488,"lat":50.8504},"country":"BE","population":1019022,"timezone":7200},"cod":"200","message":0.3911979,"cnt":4,"list":[{"dt":1725534000,"sunrise":1725512585,"sunset":1725560385,"temp":{"day":18.73,"min":15.23,"max":27.5,"night":19.22,"eve":26.35,"morn":15.68},"feels_like":{"day":18.93,"night":19.73,"eve":26.35,"morn":15.68},"pressure":1009,"humidity":87,"weather":[{"id":501,"main":"Rain","description":"moderate rain","icon":"10d"}],"speed":6.29,"deg":48,"gust":12.13,"clouds":100,"pop":1,"rain":3.6},{"dt":1725620400,"sunrise":1725599077,"sunset":1725646651,"temp":{"day":16.22,"min":14.83,"max":18.37,"night":14.83,"eve":17.17,"morn":16.37},"feels_like":{"day":16.22,"night":14.67,"eve":17.08,"morn":16.6},"pressure":1012,"humidity":89,"weather":[{"id":500,"main":"Rain","description":"light rain","icon":"10d"}],"speed":5.13,"deg":219,"gust":9.06,"clouds":100,"pop":1,"rain":7.08},{"dt":1725706800,"sunrise":1725685570,"sunset":1725732917,"temp":{"day":24.72,"min":14.28,"max":26.82,"night":19.67,"eve":24.74,"morn":14.48},"feels_like":{"day":24.74,"night":19.89,"eve":24.97,"morn":14.33},"pressure":1011,"humidity":57,"weather":[{"id":500,"main":"Rain","description":"light rain","icon":"10d"}],"speed":5.43,"deg":159,"gust":9.91,"clouds":49,"pop":1,"rain":1.31},{"dt":1725793200,"sunrise":1725772062,"sunset":1725819183,"temp":{"day":21.89,"min":14.67,"max":22.71,"night":17.92,"eve":19.6,"morn":14.67},"feels_like":{"day":21.49,"night":17.6,"eve":19.18,"morn":14.57},"pressure":1009,"humidity":52,"weather":[{"id":500,"main":"Rain","description":"light rain","icon":"10d"}],"speed":7.14,"deg":174,"gust":14.64,"clouds":87,"pop":1,"rain":0.9}]}
--- ENF OF RECEIVED DATA ---

{"city":{"id":2800866,"name":"Brussels","coord":{"lon":4.3488,"lat":50.8504},"country":"BE","population":1019022,"timezone":7200},"cod":"200","message":0.3911979,"cnt":4,"list":[{"dt":1725534000,"sunrise":1725512585,"sunset":1725560385,"temp":{"day":18.73,"min":15.23,"max":27.5,"night":19.22,"eve":26.35,"morn":15.68},"feels_like":{"day":18.93,"night":19.73,"eve":26.35,"morn":15.68},"pressure":1009,"humidity":87,"weather":[{"id":501,"main":"Rain","description":"moderate rain","icon":"10d"}],"speed":6.29,"deg":48,"gust":12.13,"clouds":100,"pop":1,"rain":3.6},{"dt":1725620400,"sunrise":1725599077,"sunset":1725646651,"temp":{"day":16.22,"min":14.83,"max":18.37,"night":14.83,"eve":17.17,"morn":16.37},"feels_like":{"day":16.22,"night":14.67,"eve":17.08,"morn":16.6},"pressure":1012,"humidity":89,"weather":[{"id":500,"main":"Rain","description":"light rain","icon":"10d"}],"speed":5.13,"deg":219,"gust":9.06,"clouds":100,"pop":1,"rain":7.08},{"dt":1725706800,"sunrise":1725685570,"sunset":1725732917,"temp":{"day":24.72,"min":14.28,"max":26.82,"night":19.67,"eve":24.74,"morn":14.48},"feels_like":{"day":24.74,"night":19.89,"eve":24.97,"morn":14.33},"pressure":1011,"humidity":57,"weather":[{"id":500,"main":"Rain","description":"light rain","icon":"10d"}],"speed":5.43,"deg":159,"gust":9.91,"clouds":49,"pop":1,"rain":1.31},{"dt":1725793200,"sunrise":1725772062,"sunset":1725819183,"temp":{"day":21.89,"min":14.67,"max":22.71,"night":17.92,"eve":19.6,"morn":14.67},"feels_like":{"day":21.49,"night":17.6,"eve":19.18,"morn":14.57},"pressure":1009,"humidity":52,"weather":[{"id":500,"main":"Rain","description":"light rain","icon":"10d"}],"speed":7.14,"deg":174,"gust":14.64,"clouds":87,"pop":1,"rain":0.9}]}
--- ENF OF RECEIVED DATA ---

