________________________________________________
|             CALL API : START                |
________________________________________________

Informations : 
Called API: meteo - 18 May 2022, 17:20
Method: GETMETEO - Timeout : 300 - Cache : 1
URL CALLED : https://rmipro.meteo.be/products/bx1/5373bc0393d004fc/web_forecast
-------------------------
________________________________________________
|             CALL API : START                |
________________________________________________

Informations : 
Called API: meteo - 18 May 2022, 17:20
Method: GETMETEO - Timeout : 300 - Cache : 1
URL CALLED : https://rmipro.meteo.be/products/bx1/5373bc0393d004fc/web_forecast
-------------------------
<?xml version='1.0' encoding='UTF-8'?>
<meteo>
  <generationDate>18/05/2022 14:58</generationDate>
  <forecast date="20220518" period="NIGHT">
    <titledate>18/05/22</titledate>
    <titleday>mercredi</titleday>
    <data>
      <city>Ostende</city>
      <tempMin>17 </tempMin>
      <weathertype>TNN2</weathertype>
    </data>
    <data>
      <city>Anvers</city>
      <tempMin>18 </tempMin>
      <weathertype>TNN2</weathertype>
    </data>
    <data>
      <city>Bruxelles</city>
      <tempMin>18 </tempMin>
      <weathertype>TNN2</weathertype>
    </data>
    <data>
      <city>Namur</city>
      <tempMin>18 </tempMin>
      <weathertype>TNN2</weathertype>
    </data>
    <data>
      <city>Liege</city>
      <tempMin>18 </tempMin>
      <weathertype>TNN2</weathertype>
    </data>
    <data>
      <city>Arlon</city>
      <tempMin>17 </tempMin>
      <weathertype>TNN2</weathertype>
    </data>
  </forecast>
  <forecast date="20220519" period="AM">
    <titledate>19/05/22</titledate>
    <titleday>jeudi</titleday>
    <data>
      <city>Ostende</city>
      <tempMax>19 </tempMax>
      <weathertype>TJ12</weathertype>
    </data>
    <data>
      <city>Anvers</city>
      <tempMax>20 </tempMax>
      <weathertype>TJ12</weathertype>
    </data>
    <data>
      <city>Bruxelles</city>
      <tempMax>20 </tempMax>
      <weathertype>TJ11</weathertype>
    </data>
    <data>
      <city>Namur</city>
      <tempMax>21 </tempMax>
      <weathertype>TJ11</weathertype>
    </data>
    <data>
      <city>Liege</city>
      <tempMax>22 </tempMax>
      <weathertype>TJ2</weathertype>
    </data>
    <data>
      <city>Arlon</city>
      <tempMax>22 </tempMax>
      <weathertype>TJ2</weathertype>
    </data>
  </forecast>
  <forecast date="20220519" period="PM">
    <titledate>19/05/22</titledate>
    <titleday>jeudi</titleday>
    <data>
      <city>Ostende</city>
      <tempMax>19 </tempMax>
      <weathertype>TJ2</weathertype>
    </data>
    <data>
      <city>Anvers</city>
      <tempMax>25 </tempMax>
      <weathertype>TJ2</weathertype>
    </data>
    <data>
      <city>Bruxelles</city>
      <tempMax>25 </tempMax>
      <weathertype>TJ16</weathertype>
    </data>
    <data>
      <city>Namur</city>
      <tempMax>25 </tempMax>
      <weathertype>TJ12</weathertype>
    </data>
    <data>
      <city>Liege</city>
      <tempMax>26 </tempMax>
      <weathertype>TJ12</weathertype>
    </data>
    <data>
      <city>Arlon</city>
      <tempMax>26 </tempMax>
      <weathertype>TJ12</weathertype>
    </data>
  </forecast>
  <forecast date="20220520" period="DAY">
    <titledate>20/05/22</titledate>
    <titleday>vendredi</titleday>
    <data>
      <city>Ostende</city>
      <tempMin>13 </tempMin>
      <tempMax>18 </tempMax>
      <weathertype>TJ12</weathertype>
    </data>
    <data>
      <city>Anvers</city>
      <tempMin>11 </tempMin>
      <tempMax>21 </tempMax>
      <weathertype>TJ12</weathertype>
    </data>
    <data>
      <city>Bruxelles</city>
      <tempMin>11 </tempMin>
      <tempMax>22 </tempMax>
      <weathertype>TJ12</weathertype>
    </data>
    <data>
      <city>Namur</city>
      <tempMin>8 </tempMin>
      <tempMax>22 </tempMax>
      <weathertype>TJ12</weathertype>
    </data>
    <data>
      <city>Liege</city>
      <tempMin>10 </tempMin>
      <tempMax>23 </tempMax>
      <weathertype>TJ12</weathertype>
    </data>
    <data>
      <city>Arlon</city>
      <tempMin>8 </tempMin>
      <tempMax>21 </tempMax>
      <weathertype>TJ12</weathertype>
    </data>
  </forecast>
  <forecast date="20220521" period="DAY">
    <titledate>21/05/22</titledate>
    <titleday>samedi</titleday>
    <data>
      <city>Ostende</city>
      <tempMin>10 </tempMin>
      <tempMax>17 </tempMax>
      <weathertype>TJ2</weathertype>
    </data>
    <data>
      <city>Anvers</city>
      <tempMin>10 </tempMin>
      <tempMax>21 </tempMax>
      <weathertype>TJ2</weathertype>
    </data>
    <data>
      <city>Bruxelles</city>
      <tempMin>10 </tempMin>
      <tempMax>21 </tempMax>
      <weathertype>TJ2</weathertype>
    </data>
    <data>
      <city>Namur</city>
      <tempMin>9 </tempMin>
      <tempMax>18 </tempMax>
      <weathertype>TJ3</weathertype>
    </data>
    <data>
      <city>Liege</city>
      <tempMin>10 </tempMin>
      <tempMax>20 </tempMax>
      <weathertype>TJ3</weathertype>
    </data>
    <data>
      <city>Arlon</city>
      <tempMin>9 </tempMin>
      <tempMax>18 </tempMax>
      <weathertype>TJ3</weathertype>
    </data>
  </forecast>
  <forecast date="20220522" period="DAY">
    <titledate>22/05/22</titledate>
    <titleday>dimanche</titleday>
    <data>
      <city>Ostende</city>
      <tempMin>10 </tempMin>
      <tempMax>18 </tempMax>
      <weathertype>TJ2</weathertype>
    </data>
    <data>
      <city>Anvers</city>
      <tempMin>10 </tempMin>
      <tempMax>22 </tempMax>
      <weathertype>TJ2</weathertype>
    </data>
    <data>
      <city>Bruxelles</city>
      <tempMin>10 </tempMin>
      <tempMax>22 </tempMax>
      <weathertype>TJ2</weathertype>
    </data>
    <data>
      <city>Namur</city>
      <tempMin>9 </tempMin>
      <tempMax>20 </tempMax>
      <weathertype>TJ2</weathertype>
    </data>
    <data>
      <city>Liege</city>
      <tempMin>10 </tempMin>
      <tempMax>22 </tempMax>
      <weathertype>TJ2</weathertype>
    </data>
    <data>
      <city>Arlon</city>
      <tempMin>9 </tempMin>
      <tempMax>20 </tempMax>
      <weathertype>TJ2</weathertype>
    </data>
  </forecast>
  <forecast_foreign date="20220518" period="DAY">
    <titledate>18/05/22</titledate>
    <titleday>mercredi</titleday>
    <data>
      <city>Paris</city>
      <temp>22 </temp>
      <weathertype>TJ1</weathertype>
    </data>
    <data>
      <city>Londres</city>
      <temp>17 </temp>
      <weathertype>TJ4</weathertype>
    </data>
    <data>
      <city>Amsterdam</city>
      <temp>18 </temp>
      <weathertype>TJ4</weathertype>
    </data>
  </forecast_foreign>
  <forecast_foreign date="20220519" period="DAY">
    <titledate>19/05/22</titledate>
    <titleday>jeudi</titleday>
    <data>
      <city>Paris</city>
      <temp>23 </temp>
      <weathertype>TJ16</weathertype>
    </data>
    <data>
      <city>Londres</city>
      <temp>17 </temp>
      <weathertype>TJ1</weathertype>
    </data>
    <data>
      <city>Amsterdam</city>
      <temp>20 </temp>
      <weathertype>TJ4</weathertype>
    </data>
  </forecast_foreign>
  <Ephemerides>
    <Ephemeride>
      <titledate>18/05/22</titledate>
      <titleday>mercredi</titleday>
      <data>
        <sunRise>05:50</sunRise>
        <sunSet>21:28</sunSet>
        <gain>2 </gain>
      </data>
    </Ephemeride>
    <Ephemeride>
      <titledate>19/05/22</titledate>
      <titleday>jeudi</titleday>
      <data>
        <sunRise>05:48</sunRise>
        <sunSet>21:30</sunSet>
        <gain>4 </gain>
      </data>
    </Ephemeride>
    <Ephemeride>
      <titledate>20/05/22</titledate>
      <titleday>vendredi</titleday>
      <data>
        <sunRise>05:47</sunRise>
        <sunSet>21:31</sunSet>
        <gain>2 </gain>
      </data>
    </Ephemeride>
    <Ephemeride>
      <titledate>21/05/22</titledate>
      <titleday>samedi</titleday>
      <data>
        <sunRise>05:46</sunRise>
        <sunSet>21:32</sunSet>
        <gain>2 </gain>
      </data>
    </Ephemeride>
  </Ephemerides>
  <indices>
    <indice>
      <titledate>18/05/22</titledate>
      <titleday>mercredi</titleday>
      <data>
        <value>4</value>
        <evaluation>assez bonne</evaluation>
      </data>
    </indice>
    <indice>
      <titledate>19/05/22</titledate>
      <titleday>jeudi</titleday>
      <data>
        <value>3</value>
        <evaluation>bonne</evaluation>
      </data>
    </indice>
    <indice>
      <titledate>20/05/22</titledate>
      <titleday>vendredi</titleday>
      <data>
        <value>4</value>
        <evaluation>assez bonne</evaluation>
      </data>
    </indice>
  </indices>
</meteo>

--- ENF OF RECEIVED DATA ---

<?xml version='1.0' encoding='UTF-8'?>
<meteo>
  <generationDate>18/05/2022 14:58</generationDate>
  <forecast date="20220518" period="NIGHT">
    <titledate>18/05/22</titledate>
    <titleday>mercredi</titleday>
    <data>
      <city>Ostende</city>
      <tempMin>17 </tempMin>
      <weathertype>TNN2</weathertype>
    </data>
    <data>
      <city>Anvers</city>
      <tempMin>18 </tempMin>
      <weathertype>TNN2</weathertype>
    </data>
    <data>
      <city>Bruxelles</city>
      <tempMin>18 </tempMin>
      <weathertype>TNN2</weathertype>
    </data>
    <data>
      <city>Namur</city>
      <tempMin>18 </tempMin>
      <weathertype>TNN2</weathertype>
    </data>
    <data>
      <city>Liege</city>
      <tempMin>18 </tempMin>
      <weathertype>TNN2</weathertype>
    </data>
    <data>
      <city>Arlon</city>
      <tempMin>17 </tempMin>
      <weathertype>TNN2</weathertype>
    </data>
  </forecast>
  <forecast date="20220519" period="AM">
    <titledate>19/05/22</titledate>
    <titleday>jeudi</titleday>
    <data>
      <city>Ostende</city>
      <tempMax>19 </tempMax>
      <weathertype>TJ12</weathertype>
    </data>
    <data>
      <city>Anvers</city>
      <tempMax>20 </tempMax>
      <weathertype>TJ12</weathertype>
    </data>
    <data>
      <city>Bruxelles</city>
      <tempMax>20 </tempMax>
      <weathertype>TJ11</weathertype>
    </data>
    <data>
      <city>Namur</city>
      <tempMax>21 </tempMax>
      <weathertype>TJ11</weathertype>
    </data>
    <data>
      <city>Liege</city>
      <tempMax>22 </tempMax>
      <weathertype>TJ2</weathertype>
    </data>
    <data>
      <city>Arlon</city>
      <tempMax>22 </tempMax>
      <weathertype>TJ2</weathertype>
    </data>
  </forecast>
  <forecast date="20220519" period="PM">
    <titledate>19/05/22</titledate>
    <titleday>jeudi</titleday>
    <data>
      <city>Ostende</city>
      <tempMax>19 </tempMax>
      <weathertype>TJ2</weathertype>
    </data>
    <data>
      <city>Anvers</city>
      <tempMax>25 </tempMax>
      <weathertype>TJ2</weathertype>
    </data>
    <data>
      <city>Bruxelles</city>
      <tempMax>25 </tempMax>
      <weathertype>TJ16</weathertype>
    </data>
    <data>
      <city>Namur</city>
      <tempMax>25 </tempMax>
      <weathertype>TJ12</weathertype>
    </data>
    <data>
      <city>Liege</city>
      <tempMax>26 </tempMax>
      <weathertype>TJ12</weathertype>
    </data>
    <data>
      <city>Arlon</city>
      <tempMax>26 </tempMax>
      <weathertype>TJ12</weathertype>
    </data>
  </forecast>
  <forecast date="20220520" period="DAY">
    <titledate>20/05/22</titledate>
    <titleday>vendredi</titleday>
    <data>
      <city>Ostende</city>
      <tempMin>13 </tempMin>
      <tempMax>18 </tempMax>
      <weathertype>TJ12</weathertype>
    </data>
    <data>
      <city>Anvers</city>
      <tempMin>11 </tempMin>
      <tempMax>21 </tempMax>
      <weathertype>TJ12</weathertype>
    </data>
    <data>
      <city>Bruxelles</city>
      <tempMin>11 </tempMin>
      <tempMax>22 </tempMax>
      <weathertype>TJ12</weathertype>
    </data>
    <data>
      <city>Namur</city>
      <tempMin>8 </tempMin>
      <tempMax>22 </tempMax>
      <weathertype>TJ12</weathertype>
    </data>
    <data>
      <city>Liege</city>
      <tempMin>10 </tempMin>
      <tempMax>23 </tempMax>
      <weathertype>TJ12</weathertype>
    </data>
    <data>
      <city>Arlon</city>
      <tempMin>8 </tempMin>
      <tempMax>21 </tempMax>
      <weathertype>TJ12</weathertype>
    </data>
  </forecast>
  <forecast date="20220521" period="DAY">
    <titledate>21/05/22</titledate>
    <titleday>samedi</titleday>
    <data>
      <city>Ostende</city>
      <tempMin>10 </tempMin>
      <tempMax>17 </tempMax>
      <weathertype>TJ2</weathertype>
    </data>
    <data>
      <city>Anvers</city>
      <tempMin>10 </tempMin>
      <tempMax>21 </tempMax>
      <weathertype>TJ2</weathertype>
    </data>
    <data>
      <city>Bruxelles</city>
      <tempMin>10 </tempMin>
      <tempMax>21 </tempMax>
      <weathertype>TJ2</weathertype>
    </data>
    <data>
      <city>Namur</city>
      <tempMin>9 </tempMin>
      <tempMax>18 </tempMax>
      <weathertype>TJ3</weathertype>
    </data>
    <data>
      <city>Liege</city>
      <tempMin>10 </tempMin>
      <tempMax>20 </tempMax>
      <weathertype>TJ3</weathertype>
    </data>
    <data>
      <city>Arlon</city>
      <tempMin>9 </tempMin>
      <tempMax>18 </tempMax>
      <weathertype>TJ3</weathertype>
    </data>
  </forecast>
  <forecast date="20220522" period="DAY">
    <titledate>22/05/22</titledate>
    <titleday>dimanche</titleday>
    <data>
      <city>Ostende</city>
      <tempMin>10 </tempMin>
      <tempMax>18 </tempMax>
      <weathertype>TJ2</weathertype>
    </data>
    <data>
      <city>Anvers</city>
      <tempMin>10 </tempMin>
      <tempMax>22 </tempMax>
      <weathertype>TJ2</weathertype>
    </data>
    <data>
      <city>Bruxelles</city>
      <tempMin>10 </tempMin>
      <tempMax>22 </tempMax>
      <weathertype>TJ2</weathertype>
    </data>
    <data>
      <city>Namur</city>
      <tempMin>9 </tempMin>
      <tempMax>20 </tempMax>
      <weathertype>TJ2</weathertype>
    </data>
    <data>
      <city>Liege</city>
      <tempMin>10 </tempMin>
      <tempMax>22 </tempMax>
      <weathertype>TJ2</weathertype>
    </data>
    <data>
      <city>Arlon</city>
      <tempMin>9 </tempMin>
      <tempMax>20 </tempMax>
      <weathertype>TJ2</weathertype>
    </data>
  </forecast>
  <forecast_foreign date="20220518" period="DAY">
    <titledate>18/05/22</titledate>
    <titleday>mercredi</titleday>
    <data>
      <city>Paris</city>
      <temp>22 </temp>
      <weathertype>TJ1</weathertype>
    </data>
    <data>
      <city>Londres</city>
      <temp>17 </temp>
      <weathertype>TJ4</weathertype>
    </data>
    <data>
      <city>Amsterdam</city>
      <temp>18 </temp>
      <weathertype>TJ4</weathertype>
    </data>
  </forecast_foreign>
  <forecast_foreign date="20220519" period="DAY">
    <titledate>19/05/22</titledate>
    <titleday>jeudi</titleday>
    <data>
      <city>Paris</city>
      <temp>23 </temp>
      <weathertype>TJ16</weathertype>
    </data>
    <data>
      <city>Londres</city>
      <temp>17 </temp>
      <weathertype>TJ1</weathertype>
    </data>
    <data>
      <city>Amsterdam</city>
      <temp>20 </temp>
      <weathertype>TJ4</weathertype>
    </data>
  </forecast_foreign>
  <Ephemerides>
    <Ephemeride>
      <titledate>18/05/22</titledate>
      <titleday>mercredi</titleday>
      <data>
        <sunRise>05:50</sunRise>
        <sunSet>21:28</sunSet>
        <gain>2 </gain>
      </data>
    </Ephemeride>
    <Ephemeride>
      <titledate>19/05/22</titledate>
      <titleday>jeudi</titleday>
      <data>
        <sunRise>05:48</sunRise>
        <sunSet>21:30</sunSet>
        <gain>4 </gain>
      </data>
    </Ephemeride>
    <Ephemeride>
      <titledate>20/05/22</titledate>
      <titleday>vendredi</titleday>
      <data>
        <sunRise>05:47</sunRise>
        <sunSet>21:31</sunSet>
        <gain>2 </gain>
      </data>
    </Ephemeride>
    <Ephemeride>
      <titledate>21/05/22</titledate>
      <titleday>samedi</titleday>
      <data>
        <sunRise>05:46</sunRise>
        <sunSet>21:32</sunSet>
        <gain>2 </gain>
      </data>
    </Ephemeride>
  </Ephemerides>
  <indices>
    <indice>
      <titledate>18/05/22</titledate>
      <titleday>mercredi</titleday>
      <data>
        <value>4</value>
        <evaluation>assez bonne</evaluation>
      </data>
    </indice>
    <indice>
      <titledate>19/05/22</titledate>
      <titleday>jeudi</titleday>
      <data>
        <value>3</value>
        <evaluation>bonne</evaluation>
      </data>
    </indice>
    <indice>
      <titledate>20/05/22</titledate>
      <titleday>vendredi</titleday>
      <data>
        <value>4</value>
        <evaluation>assez bonne</evaluation>
      </data>
    </indice>
  </indices>
</meteo>

--- ENF OF RECEIVED DATA ---

