________________________________________________
|             CALL API : START                |
________________________________________________

Informations : 
Called API: meteo - 23 May 2023, 11:20
Method: GETMETEO - Timeout : 300 - Cache : 1
URL CALLED : https://api.openweathermap.org/data/2.5/forecast/daily?q=Brussels,be&units=metric&cnt=4&appid=ea18c0706135505149200c3836f29800
-------------------------
________________________________________________
|             CALL API : START                |
________________________________________________

Informations : 
Called API: meteo - 23 May 2023, 11:20
Method: GETMETEO - Timeout : 300 - Cache : 1
URL CALLED : https://api.openweathermap.org/data/2.5/forecast/daily?q=Brussels,be&units=metric&cnt=4&appid=ea18c0706135505149200c3836f29800
-------------------------
{"city":{"id":2800866,"name":"Brussels","coord":{"lon":4.3488,"lat":50.8504},"country":"BE","population":1019022,"timezone":7200},"cod":"200","message":0.0635934,"cnt":4,"list":[{"dt":1684839600,"sunrise":1684813418,"sunset":1684870519,"temp":{"day":14.97,"min":8.98,"max":16.64,"night":8.98,"eve":14.56,"morn":12.65},"feels_like":{"day":14.25,"night":6.87,"eve":13.59,"morn":12.16},"pressure":1023,"humidity":66,"weather":[{"id":803,"main":"Clouds","description":"broken clouds","icon":"04d"}],"speed":6.36,"deg":1,"gust":10.58,"clouds":75,"pop":0},{"dt":1684926000,"sunrise":1684899750,"sunset":1684956998,"temp":{"day":14.68,"min":6,"max":15.49,"night":10.27,"eve":14.8,"morn":7.39},"feels_like":{"day":13.69,"night":9.55,"eve":14.06,"morn":7.39},"pressure":1025,"humidity":57,"weather":[{"id":803,"main":"Clouds","description":"broken clouds","icon":"04d"}],"speed":4.59,"deg":350,"gust":7.96,"clouds":77,"pop":0},{"dt":1685012400,"sunrise":1684986084,"sunset":1685043476,"temp":{"day":17.2,"min":7.54,"max":19.36,"night":12.19,"eve":18.2,"morn":8.33},"feels_like":{"day":16.57,"night":11.37,"eve":17.56,"morn":6.4},"pressure":1028,"humidity":61,"weather":[{"id":803,"main":"Clouds","description":"broken clouds","icon":"04d"}],"speed":5.25,"deg":50,"gust":11.12,"clouds":66,"pop":0.06},{"dt":1685098800,"sunrise":1685072420,"sunset":1685129952,"temp":{"day":17.17,"min":7.42,"max":18.03,"night":10.82,"eve":15.71,"morn":9},"feels_like":{"day":16.22,"night":9.86,"eve":15.01,"morn":5.94},"pressure":1031,"humidity":49,"weather":[{"id":800,"main":"Clear","description":"sky is clear","icon":"01d"}],"speed":6.53,"deg":52,"gust":12.84,"clouds":0,"pop":0}]}
--- ENF OF RECEIVED DATA ---

{"city":{"id":2800866,"name":"Brussels","coord":{"lon":4.3488,"lat":50.8504},"country":"BE","population":1019022,"timezone":7200},"cod":"200","message":0.0635934,"cnt":4,"list":[{"dt":1684839600,"sunrise":1684813418,"sunset":1684870519,"temp":{"day":14.97,"min":8.98,"max":16.64,"night":8.98,"eve":14.56,"morn":12.65},"feels_like":{"day":14.25,"night":6.87,"eve":13.59,"morn":12.16},"pressure":1023,"humidity":66,"weather":[{"id":803,"main":"Clouds","description":"broken clouds","icon":"04d"}],"speed":6.36,"deg":1,"gust":10.58,"clouds":75,"pop":0},{"dt":1684926000,"sunrise":1684899750,"sunset":1684956998,"temp":{"day":14.68,"min":6,"max":15.49,"night":10.27,"eve":14.8,"morn":7.39},"feels_like":{"day":13.69,"night":9.55,"eve":14.06,"morn":7.39},"pressure":1025,"humidity":57,"weather":[{"id":803,"main":"Clouds","description":"broken clouds","icon":"04d"}],"speed":4.59,"deg":350,"gust":7.96,"clouds":77,"pop":0},{"dt":1685012400,"sunrise":1684986084,"sunset":1685043476,"temp":{"day":17.2,"min":7.54,"max":19.36,"night":12.19,"eve":18.2,"morn":8.33},"feels_like":{"day":16.57,"night":11.37,"eve":17.56,"morn":6.4},"pressure":1028,"humidity":61,"weather":[{"id":803,"main":"Clouds","description":"broken clouds","icon":"04d"}],"speed":5.25,"deg":50,"gust":11.12,"clouds":66,"pop":0.06},{"dt":1685098800,"sunrise":1685072420,"sunset":1685129952,"temp":{"day":17.17,"min":7.42,"max":18.03,"night":10.82,"eve":15.71,"morn":9},"feels_like":{"day":16.22,"night":9.86,"eve":15.01,"morn":5.94},"pressure":1031,"humidity":49,"weather":[{"id":800,"main":"Clear","description":"sky is clear","icon":"01d"}],"speed":6.53,"deg":52,"gust":12.84,"clouds":0,"pop":0}]}
--- ENF OF RECEIVED DATA ---

