________________________________________________
|             CALL API : START                |
________________________________________________

Informations : 
Called API: meteo - 25 March 2025, 00:00
Method: GETMETEO - Timeout : 300 - Cache : 1
URL CALLED : https://api.openweathermap.org/data/2.5/forecast/daily?q=Brussels,be&units=metric&cnt=4&appid=ea18c0706135505149200c3836f29800
-------------------------
________________________________________________
|             CALL API : START                |
________________________________________________

Informations : 
Called API: meteo - 25 March 2025, 00:00
Method: GETMETEO - Timeout : 300 - Cache : 1
URL CALLED : https://api.openweathermap.org/data/2.5/forecast/daily?q=Brussels,be&units=metric&cnt=4&appid=ea18c0706135505149200c3836f29800
-------------------------
{"city":{"id":2800866,"name":"Brussels","coord":{"lon":4.3488,"lat":50.8504},"country":"BE","population":1019022,"timezone":3600},"cod":"200","message":1.175698,"cnt":4,"list":[{"dt":1742900400,"sunrise":1742880838,"sunset":1742925779,"temp":{"day":12.44,"min":4.63,"max":15.23,"night":9.95,"eve":12.59,"morn":4.63},"feels_like":{"day":11.38,"night":8.49,"eve":11.58,"morn":2.73},"pressure":1021,"humidity":63,"weather":[{"id":804,"main":"Clouds","description":"overcast clouds","icon":"04d"}],"speed":5.29,"deg":308,"gust":6.27,"clouds":99,"pop":0},{"dt":1742986800,"sunrise":1742967103,"sunset":1743012276,"temp":{"day":12.87,"min":7.57,"max":15.29,"night":8.03,"eve":13.76,"morn":8.76},"feels_like":{"day":11.54,"night":7.58,"eve":12.6,"morn":7.08},"pressure":1025,"humidity":51,"weather":[{"id":800,"main":"Clear","description":"sky is clear","icon":"01d"}],"speed":3.84,"deg":27,"gust":7.26,"clouds":1,"pop":0},{"dt":1743073200,"sunrise":1743053368,"sunset":1743098773,"temp":{"day":14.2,"min":5.84,"max":16.65,"night":8.89,"eve":14.92,"morn":5.84},"feels_like":{"day":13.01,"night":7.22,"eve":13.77,"morn":5.84},"pressure":1023,"humidity":51,"weather":[{"id":801,"main":"Clouds","description":"few clouds","icon":"02d"}],"speed":3,"deg":264,"gust":5.13,"clouds":19,"pop":0},{"dt":1743159600,"sunrise":1743139633,"sunset":1743185270,"temp":{"day":12.31,"min":6.47,"max":12.31,"night":6.47,"eve":8.52,"morn":7.11},"feels_like":{"day":11.45,"night":4.05,"eve":6.21,"morn":3.8},"pressure":1011,"humidity":71,"weather":[{"id":500,"main":"Rain","description":"light rain","icon":"10d"}],"speed":6.92,"deg":252,"gust":12.47,"clouds":100,"pop":1,"rain":2.32}]}
--- ENF OF RECEIVED DATA ---

{"city":{"id":2800866,"name":"Brussels","coord":{"lon":4.3488,"lat":50.8504},"country":"BE","population":1019022,"timezone":3600},"cod":"200","message":1.175698,"cnt":4,"list":[{"dt":1742900400,"sunrise":1742880838,"sunset":1742925779,"temp":{"day":12.44,"min":4.63,"max":15.23,"night":9.95,"eve":12.59,"morn":4.63},"feels_like":{"day":11.38,"night":8.49,"eve":11.58,"morn":2.73},"pressure":1021,"humidity":63,"weather":[{"id":804,"main":"Clouds","description":"overcast clouds","icon":"04d"}],"speed":5.29,"deg":308,"gust":6.27,"clouds":99,"pop":0},{"dt":1742986800,"sunrise":1742967103,"sunset":1743012276,"temp":{"day":12.87,"min":7.57,"max":15.29,"night":8.03,"eve":13.76,"morn":8.76},"feels_like":{"day":11.54,"night":7.58,"eve":12.6,"morn":7.08},"pressure":1025,"humidity":51,"weather":[{"id":800,"main":"Clear","description":"sky is clear","icon":"01d"}],"speed":3.84,"deg":27,"gust":7.26,"clouds":1,"pop":0},{"dt":1743073200,"sunrise":1743053368,"sunset":1743098773,"temp":{"day":14.2,"min":5.84,"max":16.65,"night":8.89,"eve":14.92,"morn":5.84},"feels_like":{"day":13.01,"night":7.22,"eve":13.77,"morn":5.84},"pressure":1023,"humidity":51,"weather":[{"id":801,"main":"Clouds","description":"few clouds","icon":"02d"}],"speed":3,"deg":264,"gust":5.13,"clouds":19,"pop":0},{"dt":1743159600,"sunrise":1743139633,"sunset":1743185270,"temp":{"day":12.31,"min":6.47,"max":12.31,"night":6.47,"eve":8.52,"morn":7.11},"feels_like":{"day":11.45,"night":4.05,"eve":6.21,"morn":3.8},"pressure":1011,"humidity":71,"weather":[{"id":500,"main":"Rain","description":"light rain","icon":"10d"}],"speed":6.92,"deg":252,"gust":12.47,"clouds":100,"pop":1,"rain":2.32}]}
--- ENF OF RECEIVED DATA ---

