________________________________________________
|             CALL API : START                |
________________________________________________

Informations : 
Called API: meteo - 20 July 2023, 05:10
Method: GETMETEO - Timeout : 300 - Cache : 1
URL CALLED : https://api.openweathermap.org/data/2.5/forecast/daily?q=Brussels,be&units=metric&cnt=4&appid=ea18c0706135505149200c3836f29800
-------------------------
________________________________________________
|             CALL API : START                |
________________________________________________

Informations : 
Called API: meteo - 20 July 2023, 05:10
Method: GETMETEO - Timeout : 300 - Cache : 1
URL CALLED : https://api.openweathermap.org/data/2.5/forecast/daily?q=Brussels,be&units=metric&cnt=4&appid=ea18c0706135505149200c3836f29800
-------------------------
{"city":{"id":2800866,"name":"Brussels","coord":{"lon":4.3488,"lat":50.8504},"country":"BE","population":1019022,"timezone":7200},"cod":"200","message":0.0408535,"cnt":4,"list":[{"dt":1689850800,"sunrise":1689825095,"sunset":1689882354,"temp":{"day":22.01,"min":13.83,"max":23.06,"night":17.1,"eve":20.62,"morn":14.01},"feels_like":{"day":21.49,"night":16.43,"eve":20.04,"morn":13.92},"pressure":1015,"humidity":47,"weather":[{"id":802,"main":"Clouds","description":"scattered clouds","icon":"03d"}],"speed":3.87,"deg":353,"gust":8.96,"clouds":45,"pop":0.44},{"dt":1689937200,"sunrise":1689911572,"sunset":1689968684,"temp":{"day":21.6,"min":13.86,"max":21.6,"night":13.9,"eve":19.52,"morn":13.86},"feels_like":{"day":21.04,"night":13.02,"eve":18.91,"morn":13.44},"pressure":1011,"humidity":47,"weather":[{"id":500,"main":"Rain","description":"light rain","icon":"10d"}],"speed":4.77,"deg":304,"gust":7.07,"clouds":78,"pop":0.87,"rain":2.85},{"dt":1690023600,"sunrise":1689998050,"sunset":1690055013,"temp":{"day":20.91,"min":11.63,"max":23.56,"night":16.66,"eve":17.91,"morn":12.48},"feels_like":{"day":20.28,"night":16.13,"eve":17.24,"morn":11.92},"pressure":1014,"humidity":47,"weather":[{"id":804,"main":"Clouds","description":"overcast clouds","icon":"04d"}],"speed":7.04,"deg":252,"gust":10.27,"clouds":100,"pop":0.08},{"dt":1690110000,"sunrise":1690084530,"sunset":1690141339,"temp":{"day":16.04,"min":14.84,"max":20.97,"night":18.34,"eve":20.97,"morn":17.39},"feels_like":{"day":15.92,"night":18.32,"eve":20.72,"morn":16.78},"pressure":1009,"humidity":85,"weather":[{"id":500,"main":"Rain","description":"light rain","icon":"10d"}],"speed":7.68,"deg":220,"gust":14.52,"clouds":100,"pop":0.5,"rain":1.03}]}
--- ENF OF RECEIVED DATA ---

{"city":{"id":2800866,"name":"Brussels","coord":{"lon":4.3488,"lat":50.8504},"country":"BE","population":1019022,"timezone":7200},"cod":"200","message":0.0408535,"cnt":4,"list":[{"dt":1689850800,"sunrise":1689825095,"sunset":1689882354,"temp":{"day":22.01,"min":13.83,"max":23.06,"night":17.1,"eve":20.62,"morn":14.01},"feels_like":{"day":21.49,"night":16.43,"eve":20.04,"morn":13.92},"pressure":1015,"humidity":47,"weather":[{"id":802,"main":"Clouds","description":"scattered clouds","icon":"03d"}],"speed":3.87,"deg":353,"gust":8.96,"clouds":45,"pop":0.44},{"dt":1689937200,"sunrise":1689911572,"sunset":1689968684,"temp":{"day":21.6,"min":13.86,"max":21.6,"night":13.9,"eve":19.52,"morn":13.86},"feels_like":{"day":21.04,"night":13.02,"eve":18.91,"morn":13.44},"pressure":1011,"humidity":47,"weather":[{"id":500,"main":"Rain","description":"light rain","icon":"10d"}],"speed":4.77,"deg":304,"gust":7.07,"clouds":78,"pop":0.87,"rain":2.85},{"dt":1690023600,"sunrise":1689998050,"sunset":1690055013,"temp":{"day":20.91,"min":11.63,"max":23.56,"night":16.66,"eve":17.91,"morn":12.48},"feels_like":{"day":20.28,"night":16.13,"eve":17.24,"morn":11.92},"pressure":1014,"humidity":47,"weather":[{"id":804,"main":"Clouds","description":"overcast clouds","icon":"04d"}],"speed":7.04,"deg":252,"gust":10.27,"clouds":100,"pop":0.08},{"dt":1690110000,"sunrise":1690084530,"sunset":1690141339,"temp":{"day":16.04,"min":14.84,"max":20.97,"night":18.34,"eve":20.97,"morn":17.39},"feels_like":{"day":15.92,"night":18.32,"eve":20.72,"morn":16.78},"pressure":1009,"humidity":85,"weather":[{"id":500,"main":"Rain","description":"light rain","icon":"10d"}],"speed":7.68,"deg":220,"gust":14.52,"clouds":100,"pop":0.5,"rain":1.03}]}
--- ENF OF RECEIVED DATA ---

