________________________________________________
|             CALL API : START                |
________________________________________________

Informations : 
Called API: meteo - 13 January 2025, 00:40
Method: GETMETEO - Timeout : 300 - Cache : 1
URL CALLED : https://api.openweathermap.org/data/2.5/forecast/daily?q=Brussels,be&units=metric&cnt=4&appid=ea18c0706135505149200c3836f29800
-------------------------
________________________________________________
|             CALL API : START                |
________________________________________________

Informations : 
Called API: meteo - 13 January 2025, 00:40
Method: GETMETEO - Timeout : 300 - Cache : 1
URL CALLED : https://api.openweathermap.org/data/2.5/forecast/daily?q=Brussels,be&units=metric&cnt=4&appid=ea18c0706135505149200c3836f29800
-------------------------
{"city":{"id":2800866,"name":"Brussels","coord":{"lon":4.3488,"lat":50.8504},"country":"BE","population":1019022,"timezone":3600},"cod":"200","message":1.1453373,"cnt":4,"list":[{"dt":1736766000,"sunrise":1736754006,"sunset":1736784125,"temp":{"day":-0.09,"min":-4.2,"max":0.74,"night":-3.8,"eve":-3.52,"morn":-2.1},"feels_like":{"day":-1.78,"night":-6.3,"eve":-3.52,"morn":-4.46},"pressure":1042,"humidity":95,"weather":[{"id":804,"main":"Clouds","description":"overcast clouds","icon":"04d"}],"speed":2.09,"deg":115,"gust":3.06,"clouds":100,"pop":0},{"dt":1736852400,"sunrise":1736840362,"sunset":1736870614,"temp":{"day":1.12,"min":-3.92,"max":2.71,"night":2.52,"eve":2.09,"morn":-2.86},"feels_like":{"day":-2.06,"night":-0.07,"eve":-1.02,"morn":-6.34},"pressure":1037,"humidity":84,"weather":[{"id":803,"main":"Clouds","description":"broken clouds","icon":"04d"}],"speed":3.74,"deg":227,"gust":7.78,"clouds":53,"pop":0},{"dt":1736938800,"sunrise":1736926715,"sunset":1736957104,"temp":{"day":5.63,"min":2.21,"max":6.63,"night":4.94,"eve":4.04,"morn":3.23},"feels_like":{"day":5.63,"night":4.94,"eve":4.04,"morn":3.23},"pressure":1035,"humidity":97,"weather":[{"id":804,"main":"Clouds","description":"overcast clouds","icon":"04d"}],"speed":2.23,"deg":257,"gust":3.96,"clouds":100,"pop":0},{"dt":1737025200,"sunrise":1737013065,"sunset":1737043596,"temp":{"day":5,"min":1.83,"max":5.14,"night":1.83,"eve":2.48,"morn":2.22},"feels_like":{"day":3.97,"night":-0.44,"eve":-0.18,"morn":-0.13},"pressure":1036,"humidity":78,"weather":[{"id":800,"main":"Clear","description":"sky is clear","icon":"01d"}],"speed":2.6,"deg":110,"gust":3.3,"clouds":10,"pop":0}]}
--- ENF OF RECEIVED DATA ---

{"city":{"id":2800866,"name":"Brussels","coord":{"lon":4.3488,"lat":50.8504},"country":"BE","population":1019022,"timezone":3600},"cod":"200","message":1.1453373,"cnt":4,"list":[{"dt":1736766000,"sunrise":1736754006,"sunset":1736784125,"temp":{"day":-0.09,"min":-4.2,"max":0.74,"night":-3.8,"eve":-3.52,"morn":-2.1},"feels_like":{"day":-1.78,"night":-6.3,"eve":-3.52,"morn":-4.46},"pressure":1042,"humidity":95,"weather":[{"id":804,"main":"Clouds","description":"overcast clouds","icon":"04d"}],"speed":2.09,"deg":115,"gust":3.06,"clouds":100,"pop":0},{"dt":1736852400,"sunrise":1736840362,"sunset":1736870614,"temp":{"day":1.12,"min":-3.92,"max":2.71,"night":2.52,"eve":2.09,"morn":-2.86},"feels_like":{"day":-2.06,"night":-0.07,"eve":-1.02,"morn":-6.34},"pressure":1037,"humidity":84,"weather":[{"id":803,"main":"Clouds","description":"broken clouds","icon":"04d"}],"speed":3.74,"deg":227,"gust":7.78,"clouds":53,"pop":0},{"dt":1736938800,"sunrise":1736926715,"sunset":1736957104,"temp":{"day":5.63,"min":2.21,"max":6.63,"night":4.94,"eve":4.04,"morn":3.23},"feels_like":{"day":5.63,"night":4.94,"eve":4.04,"morn":3.23},"pressure":1035,"humidity":97,"weather":[{"id":804,"main":"Clouds","description":"overcast clouds","icon":"04d"}],"speed":2.23,"deg":257,"gust":3.96,"clouds":100,"pop":0},{"dt":1737025200,"sunrise":1737013065,"sunset":1737043596,"temp":{"day":5,"min":1.83,"max":5.14,"night":1.83,"eve":2.48,"morn":2.22},"feels_like":{"day":3.97,"night":-0.44,"eve":-0.18,"morn":-0.13},"pressure":1036,"humidity":78,"weather":[{"id":800,"main":"Clear","description":"sky is clear","icon":"01d"}],"speed":2.6,"deg":110,"gust":3.3,"clouds":10,"pop":0}]}
--- ENF OF RECEIVED DATA ---

