________________________________________________
|             CALL API : START                |
________________________________________________

Informations : 
Called API: meteo - 12 May 2024, 09:00
Method: GETMETEO - Timeout : 300 - Cache : 1
URL CALLED : https://api.openweathermap.org/data/2.5/forecast/daily?q=Brussels,be&units=metric&cnt=4&appid=ea18c0706135505149200c3836f29800
-------------------------
________________________________________________
|             CALL API : START                |
________________________________________________

Informations : 
Called API: meteo - 12 May 2024, 09:00
Method: GETMETEO - Timeout : 300 - Cache : 1
URL CALLED : https://api.openweathermap.org/data/2.5/forecast/daily?q=Brussels,be&units=metric&cnt=4&appid=ea18c0706135505149200c3836f29800
-------------------------
{"city":{"id":2800866,"name":"Brussels","coord":{"lon":4.3488,"lat":50.8504},"country":"BE","population":1019022,"timezone":7200},"cod":"200","message":0.0628572,"cnt":4,"list":[{"dt":1715511600,"sunrise":1715486244,"sunset":1715541638,"temp":{"day":21.85,"min":13.2,"max":24.45,"night":17.52,"eve":22.5,"morn":15.75},"feels_like":{"day":21.74,"night":17.63,"eve":22.63,"morn":15.39},"pressure":1014,"humidity":63,"weather":[{"id":500,"main":"Rain","description":"light rain","icon":"10d"}],"speed":4.53,"deg":115,"gust":10.65,"clouds":80,"pop":0.96,"rain":1.09},{"dt":1715598000,"sunrise":1715572554,"sunset":1715628128,"temp":{"day":17.74,"min":14.15,"max":20.59,"night":14.96,"eve":19.7,"morn":14.95},"feels_like":{"day":17.63,"night":14.84,"eve":19.61,"morn":14.96},"pressure":1011,"humidity":79,"weather":[{"id":500,"main":"Rain","description":"light rain","icon":"10d"}],"speed":5.67,"deg":186,"gust":9.92,"clouds":84,"pop":1,"rain":1.1},{"dt":1715684400,"sunrise":1715658866,"sunset":1715714618,"temp":{"day":20.52,"min":12.66,"max":20.52,"night":13.05,"eve":14.5,"morn":14.07},"feels_like":{"day":20.46,"night":12.79,"eve":14.2,"morn":13.86},"pressure":1004,"humidity":70,"weather":[{"id":500,"main":"Rain","description":"light rain","icon":"10d"}],"speed":6.39,"deg":236,"gust":12.41,"clouds":100,"pop":1,"rain":2.66},{"dt":1715770800,"sunrise":1715745180,"sunset":1715801107,"temp":{"day":15.02,"min":11.7,"max":16.22,"night":13.37,"eve":15.14,"morn":11.7},"feels_like":{"day":14.77,"night":13.11,"eve":14.98,"morn":11.48},"pressure":1007,"humidity":84,"weather":[{"id":501,"main":"Rain","description":"moderate rain","icon":"10d"}],"speed":2.69,"deg":227,"gust":5.38,"clouds":100,"pop":1,"rain":12.29}]}
--- ENF OF RECEIVED DATA ---

{"city":{"id":2800866,"name":"Brussels","coord":{"lon":4.3488,"lat":50.8504},"country":"BE","population":1019022,"timezone":7200},"cod":"200","message":0.0628572,"cnt":4,"list":[{"dt":1715511600,"sunrise":1715486244,"sunset":1715541638,"temp":{"day":21.85,"min":13.2,"max":24.45,"night":17.52,"eve":22.5,"morn":15.75},"feels_like":{"day":21.74,"night":17.63,"eve":22.63,"morn":15.39},"pressure":1014,"humidity":63,"weather":[{"id":500,"main":"Rain","description":"light rain","icon":"10d"}],"speed":4.53,"deg":115,"gust":10.65,"clouds":80,"pop":0.96,"rain":1.09},{"dt":1715598000,"sunrise":1715572554,"sunset":1715628128,"temp":{"day":17.74,"min":14.15,"max":20.59,"night":14.96,"eve":19.7,"morn":14.95},"feels_like":{"day":17.63,"night":14.84,"eve":19.61,"morn":14.96},"pressure":1011,"humidity":79,"weather":[{"id":500,"main":"Rain","description":"light rain","icon":"10d"}],"speed":5.67,"deg":186,"gust":9.92,"clouds":84,"pop":1,"rain":1.1},{"dt":1715684400,"sunrise":1715658866,"sunset":1715714618,"temp":{"day":20.52,"min":12.66,"max":20.52,"night":13.05,"eve":14.5,"morn":14.07},"feels_like":{"day":20.46,"night":12.79,"eve":14.2,"morn":13.86},"pressure":1004,"humidity":70,"weather":[{"id":500,"main":"Rain","description":"light rain","icon":"10d"}],"speed":6.39,"deg":236,"gust":12.41,"clouds":100,"pop":1,"rain":2.66},{"dt":1715770800,"sunrise":1715745180,"sunset":1715801107,"temp":{"day":15.02,"min":11.7,"max":16.22,"night":13.37,"eve":15.14,"morn":11.7},"feels_like":{"day":14.77,"night":13.11,"eve":14.98,"morn":11.48},"pressure":1007,"humidity":84,"weather":[{"id":501,"main":"Rain","description":"moderate rain","icon":"10d"}],"speed":2.69,"deg":227,"gust":5.38,"clouds":100,"pop":1,"rain":12.29}]}
--- ENF OF RECEIVED DATA ---

