________________________________________________
|             CALL API : START                |
________________________________________________

Informations : 
Called API: meteo - 4 April 2025, 20:50
Method: GETMETEO - Timeout : 300 - Cache : 1
URL CALLED : https://api.openweathermap.org/data/2.5/forecast/daily?q=Brussels,be&units=metric&cnt=4&appid=ea18c0706135505149200c3836f29800
-------------------------
________________________________________________
|             CALL API : START                |
________________________________________________

Informations : 
Called API: meteo - 4 April 2025, 20:50
Method: GETMETEO - Timeout : 300 - Cache : 1
URL CALLED : https://api.openweathermap.org/data/2.5/forecast/daily?q=Brussels,be&units=metric&cnt=4&appid=ea18c0706135505149200c3836f29800
-------------------------
{"city":{"id":2800866,"name":"Brussels","coord":{"lon":4.3488,"lat":50.8504},"country":"BE","population":1019022,"timezone":7200},"cod":"200","message":0.0429101,"cnt":4,"list":[{"dt":1743764400,"sunrise":1743743495,"sunset":1743790750,"temp":{"day":21.01,"min":6.91,"max":22.11,"night":16.06,"eve":18.82,"morn":6.91},"feels_like":{"day":20.11,"night":14.97,"eve":17.85,"morn":5.18},"pressure":1019,"humidity":36,"weather":[{"id":800,"main":"Clear","description":"sky is clear","icon":"01d"}],"speed":5.23,"deg":79,"gust":11.66,"clouds":1,"pop":0},{"dt":1743850800,"sunrise":1743829763,"sunset":1743877247,"temp":{"day":17.58,"min":5.01,"max":18.74,"night":11.33,"eve":16.03,"morn":5.01},"feels_like":{"day":16.59,"night":9.64,"eve":14.86,"morn":2.35},"pressure":1018,"humidity":46,"weather":[{"id":800,"main":"Clear","description":"sky is clear","icon":"01d"}],"speed":6.23,"deg":56,"gust":12.72,"clouds":9,"pop":0},{"dt":1743937200,"sunrise":1743916031,"sunset":1743963744,"temp":{"day":10.98,"min":5.25,"max":12.69,"night":6.74,"eve":11.72,"morn":5.79},"feels_like":{"day":8.94,"night":3.84,"eve":9.86,"morn":1.78},"pressure":1024,"humidity":31,"weather":[{"id":800,"main":"Clear","description":"sky is clear","icon":"01d"}],"speed":7.56,"deg":86,"gust":13.89,"clouds":0,"pop":0},{"dt":1744023600,"sunrise":1744002299,"sunset":1744050242,"temp":{"day":11.54,"min":2.61,"max":13.95,"night":7.75,"eve":13.02,"morn":2.61},"feels_like":{"day":9.77,"night":5.92,"eve":11.47,"morn":-0.63},"pressure":1027,"humidity":39,"weather":[{"id":801,"main":"Clouds","description":"few clouds","icon":"02d"}],"speed":4.88,"deg":83,"gust":8.89,"clouds":12,"pop":0}]}
--- ENF OF RECEIVED DATA ---

{"city":{"id":2800866,"name":"Brussels","coord":{"lon":4.3488,"lat":50.8504},"country":"BE","population":1019022,"timezone":7200},"cod":"200","message":0.0429101,"cnt":4,"list":[{"dt":1743764400,"sunrise":1743743495,"sunset":1743790750,"temp":{"day":21.01,"min":6.91,"max":22.11,"night":16.06,"eve":18.82,"morn":6.91},"feels_like":{"day":20.11,"night":14.97,"eve":17.85,"morn":5.18},"pressure":1019,"humidity":36,"weather":[{"id":800,"main":"Clear","description":"sky is clear","icon":"01d"}],"speed":5.23,"deg":79,"gust":11.66,"clouds":1,"pop":0},{"dt":1743850800,"sunrise":1743829763,"sunset":1743877247,"temp":{"day":17.58,"min":5.01,"max":18.74,"night":11.33,"eve":16.03,"morn":5.01},"feels_like":{"day":16.59,"night":9.64,"eve":14.86,"morn":2.35},"pressure":1018,"humidity":46,"weather":[{"id":800,"main":"Clear","description":"sky is clear","icon":"01d"}],"speed":6.23,"deg":56,"gust":12.72,"clouds":9,"pop":0},{"dt":1743937200,"sunrise":1743916031,"sunset":1743963744,"temp":{"day":10.98,"min":5.25,"max":12.69,"night":6.74,"eve":11.72,"morn":5.79},"feels_like":{"day":8.94,"night":3.84,"eve":9.86,"morn":1.78},"pressure":1024,"humidity":31,"weather":[{"id":800,"main":"Clear","description":"sky is clear","icon":"01d"}],"speed":7.56,"deg":86,"gust":13.89,"clouds":0,"pop":0},{"dt":1744023600,"sunrise":1744002299,"sunset":1744050242,"temp":{"day":11.54,"min":2.61,"max":13.95,"night":7.75,"eve":13.02,"morn":2.61},"feels_like":{"day":9.77,"night":5.92,"eve":11.47,"morn":-0.63},"pressure":1027,"humidity":39,"weather":[{"id":801,"main":"Clouds","description":"few clouds","icon":"02d"}],"speed":4.88,"deg":83,"gust":8.89,"clouds":12,"pop":0}]}
--- ENF OF RECEIVED DATA ---

