________________________________________________
|             CALL API : START                |
________________________________________________

Informations : 
Called API: meteo - 15 October 2023, 21:20
Method: GETMETEO - Timeout : 300 - Cache : 1
URL CALLED : https://api.openweathermap.org/data/2.5/forecast/daily?q=Brussels,be&units=metric&cnt=4&appid=ea18c0706135505149200c3836f29800
-------------------------
________________________________________________
|             CALL API : START                |
________________________________________________

Informations : 
Called API: meteo - 15 October 2023, 21:20
Method: GETMETEO - Timeout : 300 - Cache : 1
URL CALLED : https://api.openweathermap.org/data/2.5/forecast/daily?q=Brussels,be&units=metric&cnt=4&appid=ea18c0706135505149200c3836f29800
-------------------------
{"city":{"id":2800866,"name":"Brussels","coord":{"lon":4.3488,"lat":50.8504},"country":"BE","population":1019022,"timezone":7200},"cod":"200","message":0.1298369,"cnt":4,"list":[{"dt":1697367600,"sunrise":1697349881,"sunset":1697388716,"temp":{"day":12.14,"min":6.49,"max":12.37,"night":6.98,"eve":7.64,"morn":6.69},"feels_like":{"day":10.72,"night":6.98,"eve":6.03,"morn":3.8},"pressure":1023,"humidity":50,"weather":[{"id":500,"main":"Rain","description":"light rain","icon":"10d"}],"speed":5.89,"deg":304,"gust":11.1,"clouds":26,"pop":0.48,"rain":0.37},{"dt":1697454000,"sunrise":1697436380,"sunset":1697474990,"temp":{"day":11.74,"min":5.66,"max":12.65,"night":7.73,"eve":9.84,"morn":6.03},"feels_like":{"day":10.41,"night":5.45,"eve":8.05,"morn":5.17},"pressure":1022,"humidity":55,"weather":[{"id":804,"main":"Clouds","description":"overcast clouds","icon":"04d"}],"speed":4,"deg":77,"gust":9.36,"clouds":97,"pop":0.03},{"dt":1697540400,"sunrise":1697522880,"sunset":1697561265,"temp":{"day":12.98,"min":6.73,"max":14.94,"night":7.97,"eve":11.01,"morn":6.93},"feels_like":{"day":11.53,"night":5.21,"eve":9.55,"morn":4.14},"pressure":1017,"humidity":46,"weather":[{"id":804,"main":"Clouds","description":"overcast clouds","icon":"04d"}],"speed":6.44,"deg":92,"gust":11.55,"clouds":91,"pop":0},{"dt":1697626800,"sunrise":1697609380,"sunset":1697647541,"temp":{"day":14.78,"min":7.37,"max":16.51,"night":14.61,"eve":14.21,"morn":7.6},"feels_like":{"day":13.75,"night":14.27,"eve":13.41,"morn":4.75},"pressure":1004,"humidity":55,"weather":[{"id":500,"main":"Rain","description":"light rain","icon":"10d"}],"speed":7.7,"deg":144,"gust":17.61,"clouds":100,"pop":0.78,"rain":1.01}]}
--- ENF OF RECEIVED DATA ---

{"city":{"id":2800866,"name":"Brussels","coord":{"lon":4.3488,"lat":50.8504},"country":"BE","population":1019022,"timezone":7200},"cod":"200","message":0.1298369,"cnt":4,"list":[{"dt":1697367600,"sunrise":1697349881,"sunset":1697388716,"temp":{"day":12.14,"min":6.49,"max":12.37,"night":6.98,"eve":7.64,"morn":6.69},"feels_like":{"day":10.72,"night":6.98,"eve":6.03,"morn":3.8},"pressure":1023,"humidity":50,"weather":[{"id":500,"main":"Rain","description":"light rain","icon":"10d"}],"speed":5.89,"deg":304,"gust":11.1,"clouds":26,"pop":0.48,"rain":0.37},{"dt":1697454000,"sunrise":1697436380,"sunset":1697474990,"temp":{"day":11.74,"min":5.66,"max":12.65,"night":7.73,"eve":9.84,"morn":6.03},"feels_like":{"day":10.41,"night":5.45,"eve":8.05,"morn":5.17},"pressure":1022,"humidity":55,"weather":[{"id":804,"main":"Clouds","description":"overcast clouds","icon":"04d"}],"speed":4,"deg":77,"gust":9.36,"clouds":97,"pop":0.03},{"dt":1697540400,"sunrise":1697522880,"sunset":1697561265,"temp":{"day":12.98,"min":6.73,"max":14.94,"night":7.97,"eve":11.01,"morn":6.93},"feels_like":{"day":11.53,"night":5.21,"eve":9.55,"morn":4.14},"pressure":1017,"humidity":46,"weather":[{"id":804,"main":"Clouds","description":"overcast clouds","icon":"04d"}],"speed":6.44,"deg":92,"gust":11.55,"clouds":91,"pop":0},{"dt":1697626800,"sunrise":1697609380,"sunset":1697647541,"temp":{"day":14.78,"min":7.37,"max":16.51,"night":14.61,"eve":14.21,"morn":7.6},"feels_like":{"day":13.75,"night":14.27,"eve":13.41,"morn":4.75},"pressure":1004,"humidity":55,"weather":[{"id":500,"main":"Rain","description":"light rain","icon":"10d"}],"speed":7.7,"deg":144,"gust":17.61,"clouds":100,"pop":0.78,"rain":1.01}]}
--- ENF OF RECEIVED DATA ---

