________________________________________________
|             CALL API : START                |
________________________________________________

Informations : 
Called API: meteo - 27 August 2024, 07:00
Method: GETMETEO - Timeout : 300 - Cache : 1
URL CALLED : https://api.openweathermap.org/data/2.5/forecast/daily?q=Brussels,be&units=metric&cnt=4&appid=ea18c0706135505149200c3836f29800
-------------------------
________________________________________________
|             CALL API : START                |
________________________________________________

Informations : 
Called API: meteo - 27 August 2024, 07:00
Method: GETMETEO - Timeout : 300 - Cache : 1
URL CALLED : https://api.openweathermap.org/data/2.5/forecast/daily?q=Brussels,be&units=metric&cnt=4&appid=ea18c0706135505149200c3836f29800
-------------------------
{"city":{"id":2800866,"name":"Brussels","coord":{"lon":4.3488,"lat":50.8504},"country":"BE","population":1019022,"timezone":7200},"cod":"200","message":0.1820896,"cnt":4,"list":[{"dt":1724756400,"sunrise":1724734151,"sunset":1724783961,"temp":{"day":22.06,"min":10.84,"max":24.32,"night":17.92,"eve":23.99,"morn":10.84},"feels_like":{"day":21.68,"night":17.6,"eve":23.88,"morn":10.33},"pressure":1021,"humidity":52,"weather":[{"id":804,"main":"Clouds","description":"overcast clouds","icon":"04d"}],"speed":2.63,"deg":154,"gust":3.38,"clouds":99,"pop":0},{"dt":1724842800,"sunrise":1724820644,"sunset":1724870233,"temp":{"day":26.03,"min":15.76,"max":28.14,"night":21.27,"eve":26.36,"morn":15.76},"feels_like":{"day":26.03,"night":21.28,"eve":26.36,"morn":15.43},"pressure":1015,"humidity":55,"weather":[{"id":803,"main":"Clouds","description":"broken clouds","icon":"04d"}],"speed":3.1,"deg":208,"gust":4.75,"clouds":51,"pop":0},{"dt":1724929200,"sunrise":1724907137,"sunset":1724956504,"temp":{"day":26.29,"min":18.65,"max":27.36,"night":19.08,"eve":22.62,"morn":18.65},"feels_like":{"day":26.29,"night":19.03,"eve":22.69,"morn":18.53},"pressure":1015,"humidity":49,"weather":[{"id":803,"main":"Clouds","description":"broken clouds","icon":"04d"}],"speed":4.45,"deg":319,"gust":6.64,"clouds":58,"pop":0},{"dt":1725015600,"sunrise":1724993630,"sunset":1725042775,"temp":{"day":24.48,"min":16.26,"max":24.48,"night":18.49,"eve":20.63,"morn":16.26},"feels_like":{"day":24.5,"night":18.07,"eve":20.5,"morn":16.37},"pressure":1019,"humidity":58,"weather":[{"id":500,"main":"Rain","description":"light rain","icon":"10d"}],"speed":4.71,"deg":35,"gust":10.98,"clouds":58,"pop":0.98,"rain":1.2}]}
--- ENF OF RECEIVED DATA ---

{"city":{"id":2800866,"name":"Brussels","coord":{"lon":4.3488,"lat":50.8504},"country":"BE","population":1019022,"timezone":7200},"cod":"200","message":0.1820896,"cnt":4,"list":[{"dt":1724756400,"sunrise":1724734151,"sunset":1724783961,"temp":{"day":22.06,"min":10.84,"max":24.32,"night":17.92,"eve":23.99,"morn":10.84},"feels_like":{"day":21.68,"night":17.6,"eve":23.88,"morn":10.33},"pressure":1021,"humidity":52,"weather":[{"id":804,"main":"Clouds","description":"overcast clouds","icon":"04d"}],"speed":2.63,"deg":154,"gust":3.38,"clouds":99,"pop":0},{"dt":1724842800,"sunrise":1724820644,"sunset":1724870233,"temp":{"day":26.03,"min":15.76,"max":28.14,"night":21.27,"eve":26.36,"morn":15.76},"feels_like":{"day":26.03,"night":21.28,"eve":26.36,"morn":15.43},"pressure":1015,"humidity":55,"weather":[{"id":803,"main":"Clouds","description":"broken clouds","icon":"04d"}],"speed":3.1,"deg":208,"gust":4.75,"clouds":51,"pop":0},{"dt":1724929200,"sunrise":1724907137,"sunset":1724956504,"temp":{"day":26.29,"min":18.65,"max":27.36,"night":19.08,"eve":22.62,"morn":18.65},"feels_like":{"day":26.29,"night":19.03,"eve":22.69,"morn":18.53},"pressure":1015,"humidity":49,"weather":[{"id":803,"main":"Clouds","description":"broken clouds","icon":"04d"}],"speed":4.45,"deg":319,"gust":6.64,"clouds":58,"pop":0},{"dt":1725015600,"sunrise":1724993630,"sunset":1725042775,"temp":{"day":24.48,"min":16.26,"max":24.48,"night":18.49,"eve":20.63,"morn":16.26},"feels_like":{"day":24.5,"night":18.07,"eve":20.5,"morn":16.37},"pressure":1019,"humidity":58,"weather":[{"id":500,"main":"Rain","description":"light rain","icon":"10d"}],"speed":4.71,"deg":35,"gust":10.98,"clouds":58,"pop":0.98,"rain":1.2}]}
--- ENF OF RECEIVED DATA ---

