________________________________________________
|             CALL API : START                |
________________________________________________

Informations : 
Called API: meteo - 18 March 2024, 11:50
Method: GETMETEO - Timeout : 300 - Cache : 1
URL CALLED : https://api.openweathermap.org/data/2.5/forecast/daily?q=Brussels,be&units=metric&cnt=4&appid=ea18c0706135505149200c3836f29800
-------------------------
________________________________________________
|             CALL API : START                |
________________________________________________

Informations : 
Called API: meteo - 18 March 2024, 11:50
Method: GETMETEO - Timeout : 300 - Cache : 1
URL CALLED : https://api.openweathermap.org/data/2.5/forecast/daily?q=Brussels,be&units=metric&cnt=4&appid=ea18c0706135505149200c3836f29800
-------------------------
{"city":{"id":2800866,"name":"Brussels","coord":{"lon":4.3488,"lat":50.8504},"country":"BE","population":1019022,"timezone":3600},"cod":"200","message":0.1227771,"cnt":4,"list":[{"dt":1710759600,"sunrise":1710740950,"sunset":1710784320,"temp":{"day":12.96,"min":8.69,"max":15.82,"night":11.09,"eve":14.48,"morn":9.63},"feels_like":{"day":12.48,"night":10.37,"eve":13.63,"morn":8.28},"pressure":1017,"humidity":83,"weather":[{"id":803,"main":"Clouds","description":"broken clouds","icon":"04d"}],"speed":4.69,"deg":274,"gust":7.71,"clouds":75,"pop":0},{"dt":1710846000,"sunrise":1710827215,"sunset":1710870818,"temp":{"day":15.01,"min":8.79,"max":16.92,"night":11.33,"eve":15.3,"morn":8.79},"feels_like":{"day":14.32,"night":10.58,"eve":14.61,"morn":7.25},"pressure":1018,"humidity":67,"weather":[{"id":804,"main":"Clouds","description":"overcast clouds","icon":"04d"}],"speed":4.31,"deg":227,"gust":6.44,"clouds":100,"pop":0},{"dt":1710932400,"sunrise":1710913480,"sunset":1710957316,"temp":{"day":15.78,"min":9.49,"max":16.86,"night":10.78,"eve":14.95,"morn":9.72},"feels_like":{"day":14.93,"night":10.03,"eve":14.25,"morn":8.73},"pressure":1020,"humidity":58,"weather":[{"id":804,"main":"Clouds","description":"overcast clouds","icon":"04d"}],"speed":2.84,"deg":300,"gust":5.78,"clouds":100,"pop":0},{"dt":1711018800,"sunrise":1710999745,"sunset":1711043814,"temp":{"day":11.21,"min":6.17,"max":13.14,"night":9.56,"eve":10.77,"morn":6.66},"feels_like":{"day":10.08,"night":8.1,"eve":9.78,"morn":3.97},"pressure":1029,"humidity":65,"weather":[{"id":803,"main":"Clouds","description":"broken clouds","icon":"04d"}],"speed":4.22,"deg":325,"gust":7.55,"clouds":56,"pop":0}]}
--- ENF OF RECEIVED DATA ---

{"city":{"id":2800866,"name":"Brussels","coord":{"lon":4.3488,"lat":50.8504},"country":"BE","population":1019022,"timezone":3600},"cod":"200","message":0.1227771,"cnt":4,"list":[{"dt":1710759600,"sunrise":1710740950,"sunset":1710784320,"temp":{"day":12.96,"min":8.69,"max":15.82,"night":11.09,"eve":14.48,"morn":9.63},"feels_like":{"day":12.48,"night":10.37,"eve":13.63,"morn":8.28},"pressure":1017,"humidity":83,"weather":[{"id":803,"main":"Clouds","description":"broken clouds","icon":"04d"}],"speed":4.69,"deg":274,"gust":7.71,"clouds":75,"pop":0},{"dt":1710846000,"sunrise":1710827215,"sunset":1710870818,"temp":{"day":15.01,"min":8.79,"max":16.92,"night":11.33,"eve":15.3,"morn":8.79},"feels_like":{"day":14.32,"night":10.58,"eve":14.61,"morn":7.25},"pressure":1018,"humidity":67,"weather":[{"id":804,"main":"Clouds","description":"overcast clouds","icon":"04d"}],"speed":4.31,"deg":227,"gust":6.44,"clouds":100,"pop":0},{"dt":1710932400,"sunrise":1710913480,"sunset":1710957316,"temp":{"day":15.78,"min":9.49,"max":16.86,"night":10.78,"eve":14.95,"morn":9.72},"feels_like":{"day":14.93,"night":10.03,"eve":14.25,"morn":8.73},"pressure":1020,"humidity":58,"weather":[{"id":804,"main":"Clouds","description":"overcast clouds","icon":"04d"}],"speed":2.84,"deg":300,"gust":5.78,"clouds":100,"pop":0},{"dt":1711018800,"sunrise":1710999745,"sunset":1711043814,"temp":{"day":11.21,"min":6.17,"max":13.14,"night":9.56,"eve":10.77,"morn":6.66},"feels_like":{"day":10.08,"night":8.1,"eve":9.78,"morn":3.97},"pressure":1029,"humidity":65,"weather":[{"id":803,"main":"Clouds","description":"broken clouds","icon":"04d"}],"speed":4.22,"deg":325,"gust":7.55,"clouds":56,"pop":0}]}
--- ENF OF RECEIVED DATA ---

