________________________________________________
|             CALL API : START                |
________________________________________________

Informations : 
Called API: meteo - 31 March 2025, 17:00
Method: GETMETEO - Timeout : 300 - Cache : 1
URL CALLED : https://api.openweathermap.org/data/2.5/forecast/daily?q=Brussels,be&units=metric&cnt=4&appid=ea18c0706135505149200c3836f29800
-------------------------
________________________________________________
|             CALL API : START                |
________________________________________________

Informations : 
Called API: meteo - 31 March 2025, 17:00
Method: GETMETEO - Timeout : 300 - Cache : 1
URL CALLED : https://api.openweathermap.org/data/2.5/forecast/daily?q=Brussels,be&units=metric&cnt=4&appid=ea18c0706135505149200c3836f29800
-------------------------
{"city":{"id":2800866,"name":"Brussels","coord":{"lon":4.3488,"lat":50.8504},"country":"BE","population":1019022,"timezone":7200},"cod":"200","message":0.0280172,"cnt":4,"list":[{"dt":1743418800,"sunrise":1743398430,"sunset":1743444762,"temp":{"day":12.45,"min":6.45,"max":14.21,"night":7,"eve":13.52,"morn":6.45},"feels_like":{"day":11.29,"night":4.55,"eve":12.23,"morn":4.43},"pressure":1028,"humidity":59,"weather":[{"id":800,"main":"Clear","description":"sky is clear","icon":"01d"}],"speed":4.4,"deg":12,"gust":8.84,"clouds":9,"pop":0},{"dt":1743505200,"sunrise":1743484696,"sunset":1743531259,"temp":{"day":11.91,"min":3.39,"max":13.76,"night":8.08,"eve":12.95,"morn":5.43},"feels_like":{"day":10.41,"night":5.26,"eve":11.55,"morn":2.78},"pressure":1026,"humidity":48,"weather":[{"id":800,"main":"Clear","description":"sky is clear","icon":"01d"}],"speed":7.26,"deg":80,"gust":12.56,"clouds":1,"pop":0},{"dt":1743591600,"sunrise":1743570962,"sunset":1743617756,"temp":{"day":13.26,"min":5.47,"max":16.63,"night":11.72,"eve":15.35,"morn":5.47},"feels_like":{"day":12.03,"night":10.57,"eve":14.25,"morn":1.81},"pressure":1022,"humidity":53,"weather":[{"id":802,"main":"Clouds","description":"scattered clouds","icon":"03d"}],"speed":8.2,"deg":87,"gust":14.21,"clouds":28,"pop":0},{"dt":1743678000,"sunrise":1743657228,"sunset":1743704253,"temp":{"day":17,"min":7.53,"max":19.55,"night":11.65,"eve":15.04,"morn":7.53},"feels_like":{"day":15.98,"night":10.57,"eve":14.01,"morn":4.82},"pressure":1024,"humidity":47,"weather":[{"id":800,"main":"Clear","description":"sky is clear","icon":"01d"}],"speed":5.89,"deg":88,"gust":13.68,"clouds":1,"pop":0}]}
--- ENF OF RECEIVED DATA ---

{"city":{"id":2800866,"name":"Brussels","coord":{"lon":4.3488,"lat":50.8504},"country":"BE","population":1019022,"timezone":7200},"cod":"200","message":0.0280172,"cnt":4,"list":[{"dt":1743418800,"sunrise":1743398430,"sunset":1743444762,"temp":{"day":12.45,"min":6.45,"max":14.21,"night":7,"eve":13.52,"morn":6.45},"feels_like":{"day":11.29,"night":4.55,"eve":12.23,"morn":4.43},"pressure":1028,"humidity":59,"weather":[{"id":800,"main":"Clear","description":"sky is clear","icon":"01d"}],"speed":4.4,"deg":12,"gust":8.84,"clouds":9,"pop":0},{"dt":1743505200,"sunrise":1743484696,"sunset":1743531259,"temp":{"day":11.91,"min":3.39,"max":13.76,"night":8.08,"eve":12.95,"morn":5.43},"feels_like":{"day":10.41,"night":5.26,"eve":11.55,"morn":2.78},"pressure":1026,"humidity":48,"weather":[{"id":800,"main":"Clear","description":"sky is clear","icon":"01d"}],"speed":7.26,"deg":80,"gust":12.56,"clouds":1,"pop":0},{"dt":1743591600,"sunrise":1743570962,"sunset":1743617756,"temp":{"day":13.26,"min":5.47,"max":16.63,"night":11.72,"eve":15.35,"morn":5.47},"feels_like":{"day":12.03,"night":10.57,"eve":14.25,"morn":1.81},"pressure":1022,"humidity":53,"weather":[{"id":802,"main":"Clouds","description":"scattered clouds","icon":"03d"}],"speed":8.2,"deg":87,"gust":14.21,"clouds":28,"pop":0},{"dt":1743678000,"sunrise":1743657228,"sunset":1743704253,"temp":{"day":17,"min":7.53,"max":19.55,"night":11.65,"eve":15.04,"morn":7.53},"feels_like":{"day":15.98,"night":10.57,"eve":14.01,"morn":4.82},"pressure":1024,"humidity":47,"weather":[{"id":800,"main":"Clear","description":"sky is clear","icon":"01d"}],"speed":5.89,"deg":88,"gust":13.68,"clouds":1,"pop":0}]}
--- ENF OF RECEIVED DATA ---

