________________________________________________
|             CALL API : START                |
________________________________________________

Informations : 
Called API: meteo - 19 May 2024, 20:30
Method: GETMETEO - Timeout : 300 - Cache : 1
URL CALLED : https://api.openweathermap.org/data/2.5/forecast/daily?q=Brussels,be&units=metric&cnt=4&appid=ea18c0706135505149200c3836f29800
-------------------------
________________________________________________
|             CALL API : START                |
________________________________________________

Informations : 
Called API: meteo - 19 May 2024, 20:30
Method: GETMETEO - Timeout : 300 - Cache : 1
URL CALLED : https://api.openweathermap.org/data/2.5/forecast/daily?q=Brussels,be&units=metric&cnt=4&appid=ea18c0706135505149200c3836f29800
-------------------------
{"city":{"id":2800866,"name":"Brussels","coord":{"lon":4.3488,"lat":50.8504},"country":"BE","population":1019022,"timezone":7200},"cod":"200","message":0.0840969,"cnt":4,"list":[{"dt":1716116400,"sunrise":1716090456,"sunset":1716147052,"temp":{"day":19.95,"min":10.16,"max":20.57,"night":15.76,"eve":18.55,"morn":10.94},"feels_like":{"day":19.46,"night":15.56,"eve":18.29,"morn":10.62},"pressure":1011,"humidity":56,"weather":[{"id":500,"main":"Rain","description":"light rain","icon":"10d"}],"speed":4.97,"deg":335,"gust":5.7,"clouds":79,"pop":1,"rain":2.23},{"dt":1716202800,"sunrise":1716176780,"sunset":1716233535,"temp":{"day":19.88,"min":10.28,"max":20.25,"night":14.27,"eve":19.22,"morn":11.07},"feels_like":{"day":19.49,"night":14.15,"eve":19.05,"morn":10.63},"pressure":1011,"humidity":60,"weather":[{"id":500,"main":"Rain","description":"light rain","icon":"10d"}],"speed":2.79,"deg":14,"gust":4.7,"clouds":94,"pop":1,"rain":3.18},{"dt":1716289200,"sunrise":1716263107,"sunset":1716320017,"temp":{"day":18.09,"min":12.77,"max":18.7,"night":13.49,"eve":13.56,"morn":13.7},"feels_like":{"day":17.91,"night":13.43,"eve":13.53,"morn":13.5},"pressure":1007,"humidity":75,"weather":[{"id":501,"main":"Rain","description":"moderate rain","icon":"10d"}],"speed":4.72,"deg":258,"gust":7.53,"clouds":100,"pop":1,"rain":13},{"dt":1716375600,"sunrise":1716349436,"sunset":1716406498,"temp":{"day":16.36,"min":11.07,"max":19.27,"night":12.71,"eve":18.25,"morn":11.51},"feels_like":{"day":16.17,"night":12.41,"eve":17.96,"morn":11.28},"pressure":1010,"humidity":81,"weather":[{"id":500,"main":"Rain","description":"light rain","icon":"10d"}],"speed":6.46,"deg":244,"gust":8.7,"clouds":100,"pop":1,"rain":2.06}]}
--- ENF OF RECEIVED DATA ---

{"city":{"id":2800866,"name":"Brussels","coord":{"lon":4.3488,"lat":50.8504},"country":"BE","population":1019022,"timezone":7200},"cod":"200","message":0.0840969,"cnt":4,"list":[{"dt":1716116400,"sunrise":1716090456,"sunset":1716147052,"temp":{"day":19.95,"min":10.16,"max":20.57,"night":15.76,"eve":18.55,"morn":10.94},"feels_like":{"day":19.46,"night":15.56,"eve":18.29,"morn":10.62},"pressure":1011,"humidity":56,"weather":[{"id":500,"main":"Rain","description":"light rain","icon":"10d"}],"speed":4.97,"deg":335,"gust":5.7,"clouds":79,"pop":1,"rain":2.23},{"dt":1716202800,"sunrise":1716176780,"sunset":1716233535,"temp":{"day":19.88,"min":10.28,"max":20.25,"night":14.27,"eve":19.22,"morn":11.07},"feels_like":{"day":19.49,"night":14.15,"eve":19.05,"morn":10.63},"pressure":1011,"humidity":60,"weather":[{"id":500,"main":"Rain","description":"light rain","icon":"10d"}],"speed":2.79,"deg":14,"gust":4.7,"clouds":94,"pop":1,"rain":3.18},{"dt":1716289200,"sunrise":1716263107,"sunset":1716320017,"temp":{"day":18.09,"min":12.77,"max":18.7,"night":13.49,"eve":13.56,"morn":13.7},"feels_like":{"day":17.91,"night":13.43,"eve":13.53,"morn":13.5},"pressure":1007,"humidity":75,"weather":[{"id":501,"main":"Rain","description":"moderate rain","icon":"10d"}],"speed":4.72,"deg":258,"gust":7.53,"clouds":100,"pop":1,"rain":13},{"dt":1716375600,"sunrise":1716349436,"sunset":1716406498,"temp":{"day":16.36,"min":11.07,"max":19.27,"night":12.71,"eve":18.25,"morn":11.51},"feels_like":{"day":16.17,"night":12.41,"eve":17.96,"morn":11.28},"pressure":1010,"humidity":81,"weather":[{"id":500,"main":"Rain","description":"light rain","icon":"10d"}],"speed":6.46,"deg":244,"gust":8.7,"clouds":100,"pop":1,"rain":2.06}]}
--- ENF OF RECEIVED DATA ---

