________________________________________________
|             CALL API : START                |
________________________________________________

Informations : 
Called API: meteo - 7 June 2023, 18:10
Method: GETMETEO - Timeout : 300 - Cache : 1
URL CALLED : https://api.openweathermap.org/data/2.5/forecast/daily?q=Brussels,be&units=metric&cnt=4&appid=ea18c0706135505149200c3836f29800
-------------------------
________________________________________________
|             CALL API : START                |
________________________________________________

Informations : 
Called API: meteo - 7 June 2023, 18:10
Method: GETMETEO - Timeout : 300 - Cache : 1
URL CALLED : https://api.openweathermap.org/data/2.5/forecast/daily?q=Brussels,be&units=metric&cnt=4&appid=ea18c0706135505149200c3836f29800
-------------------------
{"city":{"id":2800866,"name":"Brussels","coord":{"lon":4.3488,"lat":50.8504},"country":"BE","population":1019022,"timezone":7200},"cod":"200","message":0.0543884,"cnt":4,"list":[{"dt":1686135600,"sunrise":1686108660,"sunset":1686167523,"temp":{"day":22.9,"min":11.86,"max":23.11,"night":15.78,"eve":21.23,"morn":12.75},"feels_like":{"day":22.58,"night":15.48,"eve":21,"morn":12.43},"pressure":1019,"humidity":51,"weather":[{"id":500,"main":"Rain","description":"light rain","icon":"10d"}],"speed":5.33,"deg":79,"gust":10.79,"clouds":12,"pop":0.58,"rain":0.74},{"dt":1686222000,"sunrise":1686195032,"sunset":1686253974,"temp":{"day":23.4,"min":11.49,"max":25.69,"night":18.45,"eve":22.27,"morn":12.55},"feels_like":{"day":23.21,"night":18.44,"eve":22.2,"morn":12.13},"pressure":1016,"humidity":54,"weather":[{"id":800,"main":"Clear","description":"sky is clear","icon":"01d"}],"speed":5.17,"deg":56,"gust":11.33,"clouds":7,"pop":0.38},{"dt":1686308400,"sunrise":1686281406,"sunset":1686340422,"temp":{"day":25.88,"min":13.26,"max":27.85,"night":22.37,"eve":26.91,"morn":14.28},"feels_like":{"day":25.83,"night":22.18,"eve":27.27,"morn":14.24},"pressure":1012,"humidity":50,"weather":[{"id":500,"main":"Rain","description":"light rain","icon":"10d"}],"speed":5.21,"deg":77,"gust":11.86,"clouds":0,"pop":0.35,"rain":0.65},{"dt":1686394800,"sunrise":1686367783,"sunset":1686426867,"temp":{"day":27.41,"min":16.64,"max":27.41,"night":21.72,"eve":25.54,"morn":17.77},"feels_like":{"day":27.41,"night":21.54,"eve":25.51,"morn":17.48},"pressure":1014,"humidity":44,"weather":[{"id":804,"main":"Clouds","description":"overcast clouds","icon":"04d"}],"speed":4.82,"deg":112,"gust":9.83,"clouds":99,"pop":0.15}]}
--- ENF OF RECEIVED DATA ---

{"city":{"id":2800866,"name":"Brussels","coord":{"lon":4.3488,"lat":50.8504},"country":"BE","population":1019022,"timezone":7200},"cod":"200","message":0.0543884,"cnt":4,"list":[{"dt":1686135600,"sunrise":1686108660,"sunset":1686167523,"temp":{"day":22.9,"min":11.86,"max":23.11,"night":15.78,"eve":21.23,"morn":12.75},"feels_like":{"day":22.58,"night":15.48,"eve":21,"morn":12.43},"pressure":1019,"humidity":51,"weather":[{"id":500,"main":"Rain","description":"light rain","icon":"10d"}],"speed":5.33,"deg":79,"gust":10.79,"clouds":12,"pop":0.58,"rain":0.74},{"dt":1686222000,"sunrise":1686195032,"sunset":1686253974,"temp":{"day":23.4,"min":11.49,"max":25.69,"night":18.45,"eve":22.27,"morn":12.55},"feels_like":{"day":23.21,"night":18.44,"eve":22.2,"morn":12.13},"pressure":1016,"humidity":54,"weather":[{"id":800,"main":"Clear","description":"sky is clear","icon":"01d"}],"speed":5.17,"deg":56,"gust":11.33,"clouds":7,"pop":0.38},{"dt":1686308400,"sunrise":1686281406,"sunset":1686340422,"temp":{"day":25.88,"min":13.26,"max":27.85,"night":22.37,"eve":26.91,"morn":14.28},"feels_like":{"day":25.83,"night":22.18,"eve":27.27,"morn":14.24},"pressure":1012,"humidity":50,"weather":[{"id":500,"main":"Rain","description":"light rain","icon":"10d"}],"speed":5.21,"deg":77,"gust":11.86,"clouds":0,"pop":0.35,"rain":0.65},{"dt":1686394800,"sunrise":1686367783,"sunset":1686426867,"temp":{"day":27.41,"min":16.64,"max":27.41,"night":21.72,"eve":25.54,"morn":17.77},"feels_like":{"day":27.41,"night":21.54,"eve":25.51,"morn":17.48},"pressure":1014,"humidity":44,"weather":[{"id":804,"main":"Clouds","description":"overcast clouds","icon":"04d"}],"speed":4.82,"deg":112,"gust":9.83,"clouds":99,"pop":0.15}]}
--- ENF OF RECEIVED DATA ---

