________________________________________________
|             CALL API : START                |
________________________________________________

Informations : 
Called API: meteo - 2 October 2024, 06:30
Method: GETMETEO - Timeout : 300 - Cache : 1
URL CALLED : https://api.openweathermap.org/data/2.5/forecast/daily?q=Brussels,be&units=metric&cnt=4&appid=ea18c0706135505149200c3836f29800
-------------------------
________________________________________________
|             CALL API : START                |
________________________________________________

Informations : 
Called API: meteo - 2 October 2024, 06:30
Method: GETMETEO - Timeout : 300 - Cache : 1
URL CALLED : https://api.openweathermap.org/data/2.5/forecast/daily?q=Brussels,be&units=metric&cnt=4&appid=ea18c0706135505149200c3836f29800
-------------------------
{"city":{"id":2800866,"name":"Brussels","coord":{"lon":4.3488,"lat":50.8504},"country":"BE","population":1019022,"timezone":7200},"cod":"200","message":0.0612432,"cnt":4,"list":[{"dt":1727866800,"sunrise":1727847892,"sunset":1727889519,"temp":{"day":15.75,"min":7.65,"max":16.04,"night":10.96,"eve":12.19,"morn":7.93},"feels_like":{"day":14.92,"night":10.25,"eve":11.66,"morn":6.59},"pressure":1011,"humidity":59,"weather":[{"id":800,"main":"Clear","description":"sky is clear","icon":"01d"}],"speed":5.23,"deg":44,"gust":9.99,"clouds":7,"pop":0.09},{"dt":1727953200,"sunrise":1727934387,"sunset":1727975785,"temp":{"day":13.94,"min":7.75,"max":13.94,"night":9.8,"eve":12.42,"morn":8.73},"feels_like":{"day":12.7,"night":7.94,"eve":11.39,"morn":5.86},"pressure":1019,"humidity":50,"weather":[{"id":800,"main":"Clear","description":"sky is clear","icon":"01d"}],"speed":7.19,"deg":48,"gust":13.05,"clouds":6,"pop":0},{"dt":1728039600,"sunrise":1728020883,"sunset":1728062051,"temp":{"day":13.89,"min":6.68,"max":15.48,"night":12.65,"eve":13.8,"morn":6.89},"feels_like":{"day":12.88,"night":11.38,"eve":12.65,"morn":4.86},"pressure":1022,"humidity":59,"weather":[{"id":800,"main":"Clear","description":"sky is clear","icon":"01d"}],"speed":4.21,"deg":50,"gust":8.2,"clouds":0,"pop":0},{"dt":1728126000,"sunrise":1728107379,"sunset":1728148318,"temp":{"day":15.2,"min":7.14,"max":15.44,"night":9.24,"eve":11.22,"morn":7.14},"feels_like":{"day":14.03,"night":7.52,"eve":10.04,"morn":5.73},"pressure":1020,"humidity":48,"weather":[{"id":800,"main":"Clear","description":"sky is clear","icon":"01d"}],"speed":3.14,"deg":136,"gust":6.29,"clouds":4,"pop":0}]}
--- ENF OF RECEIVED DATA ---

{"city":{"id":2800866,"name":"Brussels","coord":{"lon":4.3488,"lat":50.8504},"country":"BE","population":1019022,"timezone":7200},"cod":"200","message":0.0612432,"cnt":4,"list":[{"dt":1727866800,"sunrise":1727847892,"sunset":1727889519,"temp":{"day":15.75,"min":7.65,"max":16.04,"night":10.96,"eve":12.19,"morn":7.93},"feels_like":{"day":14.92,"night":10.25,"eve":11.66,"morn":6.59},"pressure":1011,"humidity":59,"weather":[{"id":800,"main":"Clear","description":"sky is clear","icon":"01d"}],"speed":5.23,"deg":44,"gust":9.99,"clouds":7,"pop":0.09},{"dt":1727953200,"sunrise":1727934387,"sunset":1727975785,"temp":{"day":13.94,"min":7.75,"max":13.94,"night":9.8,"eve":12.42,"morn":8.73},"feels_like":{"day":12.7,"night":7.94,"eve":11.39,"morn":5.86},"pressure":1019,"humidity":50,"weather":[{"id":800,"main":"Clear","description":"sky is clear","icon":"01d"}],"speed":7.19,"deg":48,"gust":13.05,"clouds":6,"pop":0},{"dt":1728039600,"sunrise":1728020883,"sunset":1728062051,"temp":{"day":13.89,"min":6.68,"max":15.48,"night":12.65,"eve":13.8,"morn":6.89},"feels_like":{"day":12.88,"night":11.38,"eve":12.65,"morn":4.86},"pressure":1022,"humidity":59,"weather":[{"id":800,"main":"Clear","description":"sky is clear","icon":"01d"}],"speed":4.21,"deg":50,"gust":8.2,"clouds":0,"pop":0},{"dt":1728126000,"sunrise":1728107379,"sunset":1728148318,"temp":{"day":15.2,"min":7.14,"max":15.44,"night":9.24,"eve":11.22,"morn":7.14},"feels_like":{"day":14.03,"night":7.52,"eve":10.04,"morn":5.73},"pressure":1020,"humidity":48,"weather":[{"id":800,"main":"Clear","description":"sky is clear","icon":"01d"}],"speed":3.14,"deg":136,"gust":6.29,"clouds":4,"pop":0}]}
--- ENF OF RECEIVED DATA ---

