________________________________________________
|             CALL API : START                |
________________________________________________

Informations : 
Called API: meteo - 14 January 2025, 10:10
Method: GETMETEO - Timeout : 300 - Cache : 1
URL CALLED : https://api.openweathermap.org/data/2.5/forecast/daily?q=Brussels,be&units=metric&cnt=4&appid=ea18c0706135505149200c3836f29800
-------------------------
________________________________________________
|             CALL API : START                |
________________________________________________

Informations : 
Called API: meteo - 14 January 2025, 10:10
Method: GETMETEO - Timeout : 300 - Cache : 1
URL CALLED : https://api.openweathermap.org/data/2.5/forecast/daily?q=Brussels,be&units=metric&cnt=4&appid=ea18c0706135505149200c3836f29800
-------------------------
{"city":{"id":2800866,"name":"Brussels","coord":{"lon":4.3488,"lat":50.8504},"country":"BE","population":1019022,"timezone":3600},"cod":"200","message":0.0659101,"cnt":4,"list":[{"dt":1736852400,"sunrise":1736840362,"sunset":1736870614,"temp":{"day":-0.97,"min":-4.72,"max":2.54,"night":2.54,"eve":0.66,"morn":-3.31},"feels_like":{"day":-4.79,"night":-0.18,"eve":-2.57,"morn":-6.74},"pressure":1036,"humidity":84,"weather":[{"id":804,"main":"Clouds","description":"overcast clouds","icon":"04d"}],"speed":3.57,"deg":228,"gust":7.78,"clouds":97,"pop":0},{"dt":1736938800,"sunrise":1736926715,"sunset":1736957104,"temp":{"day":4.29,"min":2.27,"max":5.26,"night":5.26,"eve":4.46,"morn":2.37},"feels_like":{"day":2.69,"night":5.26,"eve":4.46,"morn":0.34},"pressure":1035,"humidity":100,"weather":[{"id":804,"main":"Clouds","description":"overcast clouds","icon":"04d"}],"speed":2.44,"deg":243,"gust":4.29,"clouds":100,"pop":0},{"dt":1737025200,"sunrise":1737013065,"sunset":1737043596,"temp":{"day":5.74,"min":2.76,"max":6.83,"night":2.76,"eve":4.28,"morn":4.62},"feels_like":{"day":4.48,"night":0.49,"eve":4.28,"morn":3.27},"pressure":1035,"humidity":86,"weather":[{"id":802,"main":"Clouds","description":"scattered clouds","icon":"03d"}],"speed":2.32,"deg":125,"gust":3.6,"clouds":30,"pop":0},{"dt":1737111600,"sunrise":1737099412,"sunset":1737130089,"temp":{"day":5.61,"min":1.27,"max":5.61,"night":1.92,"eve":2.66,"morn":1.3},"feels_like":{"day":4.63,"night":1.92,"eve":2.66,"morn":-0.83},"pressure":1036,"humidity":67,"weather":[{"id":800,"main":"Clear","description":"sky is clear","icon":"01d"}],"speed":2.47,"deg":165,"gust":2.63,"clouds":3,"pop":0}]}
--- ENF OF RECEIVED DATA ---

{"city":{"id":2800866,"name":"Brussels","coord":{"lon":4.3488,"lat":50.8504},"country":"BE","population":1019022,"timezone":3600},"cod":"200","message":0.0659101,"cnt":4,"list":[{"dt":1736852400,"sunrise":1736840362,"sunset":1736870614,"temp":{"day":-0.97,"min":-4.72,"max":2.54,"night":2.54,"eve":0.66,"morn":-3.31},"feels_like":{"day":-4.79,"night":-0.18,"eve":-2.57,"morn":-6.74},"pressure":1036,"humidity":84,"weather":[{"id":804,"main":"Clouds","description":"overcast clouds","icon":"04d"}],"speed":3.57,"deg":228,"gust":7.78,"clouds":97,"pop":0},{"dt":1736938800,"sunrise":1736926715,"sunset":1736957104,"temp":{"day":4.29,"min":2.27,"max":5.26,"night":5.26,"eve":4.46,"morn":2.37},"feels_like":{"day":2.69,"night":5.26,"eve":4.46,"morn":0.34},"pressure":1035,"humidity":100,"weather":[{"id":804,"main":"Clouds","description":"overcast clouds","icon":"04d"}],"speed":2.44,"deg":243,"gust":4.29,"clouds":100,"pop":0},{"dt":1737025200,"sunrise":1737013065,"sunset":1737043596,"temp":{"day":5.74,"min":2.76,"max":6.83,"night":2.76,"eve":4.28,"morn":4.62},"feels_like":{"day":4.48,"night":0.49,"eve":4.28,"morn":3.27},"pressure":1035,"humidity":86,"weather":[{"id":802,"main":"Clouds","description":"scattered clouds","icon":"03d"}],"speed":2.32,"deg":125,"gust":3.6,"clouds":30,"pop":0},{"dt":1737111600,"sunrise":1737099412,"sunset":1737130089,"temp":{"day":5.61,"min":1.27,"max":5.61,"night":1.92,"eve":2.66,"morn":1.3},"feels_like":{"day":4.63,"night":1.92,"eve":2.66,"morn":-0.83},"pressure":1036,"humidity":67,"weather":[{"id":800,"main":"Clear","description":"sky is clear","icon":"01d"}],"speed":2.47,"deg":165,"gust":2.63,"clouds":3,"pop":0}]}
--- ENF OF RECEIVED DATA ---

