________________________________________________
|             CALL API : START                |
________________________________________________

Informations : 
Called API: meteo - 22 June 2024, 00:40
Method: GETMETEO - Timeout : 300 - Cache : 1
URL CALLED : https://api.openweathermap.org/data/2.5/forecast/daily?q=Brussels,be&units=metric&cnt=4&appid=ea18c0706135505149200c3836f29800
-------------------------
________________________________________________
|             CALL API : START                |
________________________________________________

Informations : 
Called API: meteo - 22 June 2024, 00:40
Method: GETMETEO - Timeout : 300 - Cache : 1
URL CALLED : https://api.openweathermap.org/data/2.5/forecast/daily?q=Brussels,be&units=metric&cnt=4&appid=ea18c0706135505149200c3836f29800
-------------------------
{"city":{"id":2800866,"name":"Brussels","coord":{"lon":4.3488,"lat":50.8504},"country":"BE","population":1019022,"timezone":7200},"cod":"200","message":0.0588089,"cnt":4,"list":[{"dt":1719054000,"sunrise":1719026947,"sunset":1719086409,"temp":{"day":13.99,"min":11.72,"max":17.45,"night":13.76,"eve":17.27,"morn":12.2},"feels_like":{"day":13.82,"night":13.59,"eve":17.09,"morn":11.88},"pressure":1015,"humidity":91,"weather":[{"id":500,"main":"Rain","description":"light rain","icon":"10d"}],"speed":4.52,"deg":232,"gust":12.19,"clouds":100,"pop":0.67,"rain":0.76},{"dt":1719140400,"sunrise":1719113364,"sunset":1719172815,"temp":{"day":21.4,"min":11.39,"max":21.88,"night":15.16,"eve":20.86,"morn":12.31},"feels_like":{"day":21.24,"night":15,"eve":20.86,"morn":12.02},"pressure":1020,"humidity":63,"weather":[{"id":500,"main":"Rain","description":"light rain","icon":"10d"}],"speed":3.65,"deg":347,"gust":5.95,"clouds":28,"pop":0.27,"rain":0.32},{"dt":1719226800,"sunrise":1719199784,"sunset":1719259219,"temp":{"day":22.6,"min":13,"max":24.61,"night":17.72,"eve":24.06,"morn":14.1},"feels_like":{"day":22.51,"night":17.66,"eve":24.06,"morn":13.97},"pressure":1020,"humidity":61,"weather":[{"id":800,"main":"Clear","description":"sky is clear","icon":"01d"}],"speed":3.08,"deg":50,"gust":5.6,"clouds":6,"pop":0},{"dt":1719313200,"sunrise":1719286207,"sunset":1719345620,"temp":{"day":25.91,"min":15.03,"max":26.61,"night":20.3,"eve":24.73,"morn":17.92},"feels_like":{"day":25.97,"night":20.47,"eve":24.93,"morn":17.91},"pressure":1014,"humidity":54,"weather":[{"id":800,"main":"Clear","description":"sky is clear","icon":"01d"}],"speed":3.73,"deg":82,"gust":5.53,"clouds":0,"pop":0}]}
--- ENF OF RECEIVED DATA ---

{"city":{"id":2800866,"name":"Brussels","coord":{"lon":4.3488,"lat":50.8504},"country":"BE","population":1019022,"timezone":7200},"cod":"200","message":0.0588089,"cnt":4,"list":[{"dt":1719054000,"sunrise":1719026947,"sunset":1719086409,"temp":{"day":13.99,"min":11.72,"max":17.45,"night":13.76,"eve":17.27,"morn":12.2},"feels_like":{"day":13.82,"night":13.59,"eve":17.09,"morn":11.88},"pressure":1015,"humidity":91,"weather":[{"id":500,"main":"Rain","description":"light rain","icon":"10d"}],"speed":4.52,"deg":232,"gust":12.19,"clouds":100,"pop":0.67,"rain":0.76},{"dt":1719140400,"sunrise":1719113364,"sunset":1719172815,"temp":{"day":21.4,"min":11.39,"max":21.88,"night":15.16,"eve":20.86,"morn":12.31},"feels_like":{"day":21.24,"night":15,"eve":20.86,"morn":12.02},"pressure":1020,"humidity":63,"weather":[{"id":500,"main":"Rain","description":"light rain","icon":"10d"}],"speed":3.65,"deg":347,"gust":5.95,"clouds":28,"pop":0.27,"rain":0.32},{"dt":1719226800,"sunrise":1719199784,"sunset":1719259219,"temp":{"day":22.6,"min":13,"max":24.61,"night":17.72,"eve":24.06,"morn":14.1},"feels_like":{"day":22.51,"night":17.66,"eve":24.06,"morn":13.97},"pressure":1020,"humidity":61,"weather":[{"id":800,"main":"Clear","description":"sky is clear","icon":"01d"}],"speed":3.08,"deg":50,"gust":5.6,"clouds":6,"pop":0},{"dt":1719313200,"sunrise":1719286207,"sunset":1719345620,"temp":{"day":25.91,"min":15.03,"max":26.61,"night":20.3,"eve":24.73,"morn":17.92},"feels_like":{"day":25.97,"night":20.47,"eve":24.93,"morn":17.91},"pressure":1014,"humidity":54,"weather":[{"id":800,"main":"Clear","description":"sky is clear","icon":"01d"}],"speed":3.73,"deg":82,"gust":5.53,"clouds":0,"pop":0}]}
--- ENF OF RECEIVED DATA ---

