________________________________________________
|             CALL API : START                |
________________________________________________

Informations : 
Called API: meteo - 2 June 2023, 21:40
Method: GETMETEO - Timeout : 300 - Cache : 1
URL CALLED : https://api.openweathermap.org/data/2.5/forecast/daily?q=Brussels,be&units=metric&cnt=4&appid=ea18c0706135505149200c3836f29800
-------------------------
________________________________________________
|             CALL API : START                |
________________________________________________

Informations : 
Called API: meteo - 2 June 2023, 21:40
Method: GETMETEO - Timeout : 300 - Cache : 1
URL CALLED : https://api.openweathermap.org/data/2.5/forecast/daily?q=Brussels,be&units=metric&cnt=4&appid=ea18c0706135505149200c3836f29800
-------------------------
{"city":{"id":2800866,"name":"Brussels","coord":{"lon":4.3488,"lat":50.8504},"country":"BE","population":1019022,"timezone":7200},"cod":"200","message":6.4806744,"cnt":4,"list":[{"dt":1685703600,"sunrise":1685676847,"sunset":1685735237,"temp":{"day":16.55,"min":8.57,"max":18.17,"night":15.01,"eve":16.7,"morn":9.65},"feels_like":{"day":15.59,"night":14.32,"eve":15.99,"morn":7.75},"pressure":1021,"humidity":51,"weather":[{"id":803,"main":"Clouds","description":"broken clouds","icon":"04d"}],"speed":5.59,"deg":50,"gust":9.84,"clouds":51,"pop":0},{"dt":1685790000,"sunrise":1685763204,"sunset":1685821699,"temp":{"day":20.01,"min":9.34,"max":21.15,"night":13.19,"eve":19.29,"morn":10.73},"feels_like":{"day":19.19,"night":12.03,"eve":18.4,"morn":10.18},"pressure":1021,"humidity":43,"weather":[{"id":801,"main":"Clouds","description":"few clouds","icon":"02d"}],"speed":6.56,"deg":63,"gust":11.97,"clouds":14,"pop":0},{"dt":1685876400,"sunrise":1685849564,"sunset":1685908158,"temp":{"day":20.41,"min":9.06,"max":22.02,"night":13.97,"eve":20.81,"morn":10.19},"feels_like":{"day":19.68,"night":13.3,"eve":20.23,"morn":9.41},"pressure":1022,"humidity":45,"weather":[{"id":800,"main":"Clear","description":"sky is clear","icon":"01d"}],"speed":5.75,"deg":55,"gust":12.35,"clouds":0,"pop":0},{"dt":1685962800,"sunrise":1685935926,"sunset":1685994616,"temp":{"day":21.15,"min":9.44,"max":22.91,"night":14.59,"eve":20.52,"morn":10.7},"feels_like":{"day":20.57,"night":14.19,"eve":20.09,"morn":10.12},"pressure":1022,"humidity":48,"weather":[{"id":800,"main":"Clear","description":"sky is clear","icon":"01d"}],"speed":5.04,"deg":43,"gust":11.42,"clouds":0,"pop":0}]}
--- ENF OF RECEIVED DATA ---

{"city":{"id":2800866,"name":"Brussels","coord":{"lon":4.3488,"lat":50.8504},"country":"BE","population":1019022,"timezone":7200},"cod":"200","message":6.4806744,"cnt":4,"list":[{"dt":1685703600,"sunrise":1685676847,"sunset":1685735237,"temp":{"day":16.55,"min":8.57,"max":18.17,"night":15.01,"eve":16.7,"morn":9.65},"feels_like":{"day":15.59,"night":14.32,"eve":15.99,"morn":7.75},"pressure":1021,"humidity":51,"weather":[{"id":803,"main":"Clouds","description":"broken clouds","icon":"04d"}],"speed":5.59,"deg":50,"gust":9.84,"clouds":51,"pop":0},{"dt":1685790000,"sunrise":1685763204,"sunset":1685821699,"temp":{"day":20.01,"min":9.34,"max":21.15,"night":13.19,"eve":19.29,"morn":10.73},"feels_like":{"day":19.19,"night":12.03,"eve":18.4,"morn":10.18},"pressure":1021,"humidity":43,"weather":[{"id":801,"main":"Clouds","description":"few clouds","icon":"02d"}],"speed":6.56,"deg":63,"gust":11.97,"clouds":14,"pop":0},{"dt":1685876400,"sunrise":1685849564,"sunset":1685908158,"temp":{"day":20.41,"min":9.06,"max":22.02,"night":13.97,"eve":20.81,"morn":10.19},"feels_like":{"day":19.68,"night":13.3,"eve":20.23,"morn":9.41},"pressure":1022,"humidity":45,"weather":[{"id":800,"main":"Clear","description":"sky is clear","icon":"01d"}],"speed":5.75,"deg":55,"gust":12.35,"clouds":0,"pop":0},{"dt":1685962800,"sunrise":1685935926,"sunset":1685994616,"temp":{"day":21.15,"min":9.44,"max":22.91,"night":14.59,"eve":20.52,"morn":10.7},"feels_like":{"day":20.57,"night":14.19,"eve":20.09,"morn":10.12},"pressure":1022,"humidity":48,"weather":[{"id":800,"main":"Clear","description":"sky is clear","icon":"01d"}],"speed":5.04,"deg":43,"gust":11.42,"clouds":0,"pop":0}]}
--- ENF OF RECEIVED DATA ---

