________________________________________________
|             CALL API : START                |
________________________________________________

Informations : 
Called API: meteo - 21 April 2025, 11:20
Method: GETMETEO - Timeout : 300 - Cache : 1
URL CALLED : https://api.openweathermap.org/data/2.5/forecast/daily?q=Brussels,be&units=metric&cnt=4&appid=ea18c0706135505149200c3836f29800
-------------------------
________________________________________________
|             CALL API : START                |
________________________________________________

Informations : 
Called API: meteo - 21 April 2025, 11:20
Method: GETMETEO - Timeout : 300 - Cache : 1
URL CALLED : https://api.openweathermap.org/data/2.5/forecast/daily?q=Brussels,be&units=metric&cnt=4&appid=ea18c0706135505149200c3836f29800
-------------------------
{"city":{"id":2800866,"name":"Brussels","coord":{"lon":4.3488,"lat":50.8504},"country":"BE","population":1019022,"timezone":7200},"cod":"200","message":0.8220778,"cnt":4,"list":[{"dt":1745233200,"sunrise":1745210125,"sunset":1745261207,"temp":{"day":12.91,"min":8.26,"max":15.62,"night":10.98,"eve":15.03,"morn":9.55},"feels_like":{"day":12.27,"night":10.56,"eve":14.57,"morn":8.46},"pressure":1009,"humidity":77,"weather":[{"id":500,"main":"Rain","description":"light rain","icon":"10d"}],"speed":4.01,"deg":223,"gust":8.28,"clouds":84,"pop":1,"rain":1.42},{"dt":1745319600,"sunrise":1745296405,"sunset":1745347704,"temp":{"day":15.69,"min":7.31,"max":17,"night":9.34,"eve":15.73,"morn":7.31},"feels_like":{"day":14.72,"night":9.34,"eve":14.69,"morn":5.31},"pressure":1017,"humidity":54,"weather":[{"id":803,"main":"Clouds","description":"broken clouds","icon":"04d"}],"speed":4.89,"deg":256,"gust":8.17,"clouds":52,"pop":0},{"dt":1745406000,"sunrise":1745382686,"sunset":1745434202,"temp":{"day":12.16,"min":7.76,"max":14.2,"night":8.33,"eve":9.1,"morn":9.36},"feels_like":{"day":11.21,"night":8.33,"eve":7.52,"morn":8.11},"pressure":1014,"humidity":68,"weather":[{"id":500,"main":"Rain","description":"light rain","icon":"10d"}],"speed":6.63,"deg":215,"gust":9.2,"clouds":100,"pop":1,"rain":2},{"dt":1745492400,"sunrise":1745468967,"sunset":1745520700,"temp":{"day":14.71,"min":6.9,"max":14.71,"night":9.7,"eve":11.75,"morn":7.82},"feels_like":{"day":13.91,"night":9.47,"eve":10.99,"morn":7.82},"pressure":1019,"humidity":64,"weather":[{"id":500,"main":"Rain","description":"light rain","icon":"10d"}],"speed":3.83,"deg":20,"gust":4.37,"clouds":87,"pop":0.77,"rain":0.77}]}
--- ENF OF RECEIVED DATA ---

{"city":{"id":2800866,"name":"Brussels","coord":{"lon":4.3488,"lat":50.8504},"country":"BE","population":1019022,"timezone":7200},"cod":"200","message":0.8220778,"cnt":4,"list":[{"dt":1745233200,"sunrise":1745210125,"sunset":1745261207,"temp":{"day":12.91,"min":8.26,"max":15.62,"night":10.98,"eve":15.03,"morn":9.55},"feels_like":{"day":12.27,"night":10.56,"eve":14.57,"morn":8.46},"pressure":1009,"humidity":77,"weather":[{"id":500,"main":"Rain","description":"light rain","icon":"10d"}],"speed":4.01,"deg":223,"gust":8.28,"clouds":84,"pop":1,"rain":1.42},{"dt":1745319600,"sunrise":1745296405,"sunset":1745347704,"temp":{"day":15.69,"min":7.31,"max":17,"night":9.34,"eve":15.73,"morn":7.31},"feels_like":{"day":14.72,"night":9.34,"eve":14.69,"morn":5.31},"pressure":1017,"humidity":54,"weather":[{"id":803,"main":"Clouds","description":"broken clouds","icon":"04d"}],"speed":4.89,"deg":256,"gust":8.17,"clouds":52,"pop":0},{"dt":1745406000,"sunrise":1745382686,"sunset":1745434202,"temp":{"day":12.16,"min":7.76,"max":14.2,"night":8.33,"eve":9.1,"morn":9.36},"feels_like":{"day":11.21,"night":8.33,"eve":7.52,"morn":8.11},"pressure":1014,"humidity":68,"weather":[{"id":500,"main":"Rain","description":"light rain","icon":"10d"}],"speed":6.63,"deg":215,"gust":9.2,"clouds":100,"pop":1,"rain":2},{"dt":1745492400,"sunrise":1745468967,"sunset":1745520700,"temp":{"day":14.71,"min":6.9,"max":14.71,"night":9.7,"eve":11.75,"morn":7.82},"feels_like":{"day":13.91,"night":9.47,"eve":10.99,"morn":7.82},"pressure":1019,"humidity":64,"weather":[{"id":500,"main":"Rain","description":"light rain","icon":"10d"}],"speed":3.83,"deg":20,"gust":4.37,"clouds":87,"pop":0.77,"rain":0.77}]}
--- ENF OF RECEIVED DATA ---

