________________________________________________
|             CALL API : START                |
________________________________________________

Informations : 
Called API: meteo - 11 December 2024, 12:00
Method: GETMETEO - Timeout : 300 - Cache : 1
URL CALLED : https://api.openweathermap.org/data/2.5/forecast/daily?q=Brussels,be&units=metric&cnt=4&appid=ea18c0706135505149200c3836f29800
-------------------------
________________________________________________
|             CALL API : START                |
________________________________________________

Informations : 
Called API: meteo - 11 December 2024, 12:00
Method: GETMETEO - Timeout : 300 - Cache : 1
URL CALLED : https://api.openweathermap.org/data/2.5/forecast/daily?q=Brussels,be&units=metric&cnt=4&appid=ea18c0706135505149200c3836f29800
-------------------------
{"city":{"id":2800866,"name":"Brussels","coord":{"lon":4.3488,"lat":50.8504},"country":"BE","population":1019022,"timezone":3600},"cod":"200","message":0.0226631,"cnt":4,"list":[{"dt":1733914800,"sunrise":1733902523,"sunset":1733931411,"temp":{"day":4.1,"min":1.62,"max":4.66,"night":1.62,"eve":2.74,"morn":2.5},"feels_like":{"day":0.8,"night":-1.2,"eve":-0.48,"morn":-0.74},"pressure":1031,"humidity":85,"weather":[{"id":803,"main":"Clouds","description":"broken clouds","icon":"04d"}],"speed":4.35,"deg":58,"gust":8.27,"clouds":75,"pop":0},{"dt":1734001200,"sunrise":1733988981,"sunset":1734017808,"temp":{"day":4.47,"min":0.81,"max":5.36,"night":4.32,"eve":4.16,"morn":0.85},"feels_like":{"day":3.05,"night":2.27,"eve":2.22,"morn":-1.16},"pressure":1031,"humidity":74,"weather":[{"id":804,"main":"Clouds","description":"overcast clouds","icon":"04d"}],"speed":2.49,"deg":58,"gust":5.14,"clouds":100,"pop":0},{"dt":1734087600,"sunrise":1734075435,"sunset":1734104208,"temp":{"day":4.98,"min":0.72,"max":6.06,"night":0.72,"eve":3.19,"morn":1.84},"feels_like":{"day":4.03,"night":-2.7,"eve":1.62,"morn":-0.73},"pressure":1026,"humidity":62,"weather":[{"id":800,"main":"Clear","description":"sky is clear","icon":"01d"}],"speed":3.07,"deg":221,"gust":6.16,"clouds":7,"pop":0},{"dt":1734174000,"sunrise":1734161887,"sunset":1734190612,"temp":{"day":3.45,"min":0,"max":4.72,"night":4.49,"eve":4.72,"morn":0.14},"feels_like":{"day":-0.67,"night":1.16,"eve":1.54,"morn":-3.87},"pressure":1021,"humidity":83,"weather":[{"id":500,"main":"Rain","description":"light rain","icon":"10d"}],"speed":5.46,"deg":225,"gust":11.35,"clouds":78,"pop":1,"rain":1.08}]}
--- ENF OF RECEIVED DATA ---

{"city":{"id":2800866,"name":"Brussels","coord":{"lon":4.3488,"lat":50.8504},"country":"BE","population":1019022,"timezone":3600},"cod":"200","message":0.0226631,"cnt":4,"list":[{"dt":1733914800,"sunrise":1733902523,"sunset":1733931411,"temp":{"day":4.1,"min":1.62,"max":4.66,"night":1.62,"eve":2.74,"morn":2.5},"feels_like":{"day":0.8,"night":-1.2,"eve":-0.48,"morn":-0.74},"pressure":1031,"humidity":85,"weather":[{"id":803,"main":"Clouds","description":"broken clouds","icon":"04d"}],"speed":4.35,"deg":58,"gust":8.27,"clouds":75,"pop":0},{"dt":1734001200,"sunrise":1733988981,"sunset":1734017808,"temp":{"day":4.47,"min":0.81,"max":5.36,"night":4.32,"eve":4.16,"morn":0.85},"feels_like":{"day":3.05,"night":2.27,"eve":2.22,"morn":-1.16},"pressure":1031,"humidity":74,"weather":[{"id":804,"main":"Clouds","description":"overcast clouds","icon":"04d"}],"speed":2.49,"deg":58,"gust":5.14,"clouds":100,"pop":0},{"dt":1734087600,"sunrise":1734075435,"sunset":1734104208,"temp":{"day":4.98,"min":0.72,"max":6.06,"night":0.72,"eve":3.19,"morn":1.84},"feels_like":{"day":4.03,"night":-2.7,"eve":1.62,"morn":-0.73},"pressure":1026,"humidity":62,"weather":[{"id":800,"main":"Clear","description":"sky is clear","icon":"01d"}],"speed":3.07,"deg":221,"gust":6.16,"clouds":7,"pop":0},{"dt":1734174000,"sunrise":1734161887,"sunset":1734190612,"temp":{"day":3.45,"min":0,"max":4.72,"night":4.49,"eve":4.72,"morn":0.14},"feels_like":{"day":-0.67,"night":1.16,"eve":1.54,"morn":-3.87},"pressure":1021,"humidity":83,"weather":[{"id":500,"main":"Rain","description":"light rain","icon":"10d"}],"speed":5.46,"deg":225,"gust":11.35,"clouds":78,"pop":1,"rain":1.08}]}
--- ENF OF RECEIVED DATA ---

