________________________________________________
|             CALL API : START                |
________________________________________________

Informations : 
Called API: meteo - 21 March 2025, 21:00
Method: GETMETEO - Timeout : 300 - Cache : 1
URL CALLED : https://api.openweathermap.org/data/2.5/forecast/daily?q=Brussels,be&units=metric&cnt=4&appid=ea18c0706135505149200c3836f29800
-------------------------
________________________________________________
|             CALL API : START                |
________________________________________________

Informations : 
Called API: meteo - 21 March 2025, 21:00
Method: GETMETEO - Timeout : 300 - Cache : 1
URL CALLED : https://api.openweathermap.org/data/2.5/forecast/daily?q=Brussels,be&units=metric&cnt=4&appid=ea18c0706135505149200c3836f29800
-------------------------
{"city":{"id":2800866,"name":"Brussels","coord":{"lon":4.3488,"lat":50.8504},"country":"BE","population":1019022,"timezone":3600},"cod":"200","message":0.0158006,"cnt":4,"list":[{"dt":1742554800,"sunrise":1742535780,"sunset":1742579789,"temp":{"day":18.2,"min":8.87,"max":19.85,"night":15.6,"eve":16.77,"morn":8.87},"feels_like":{"day":17.38,"night":14.7,"eve":15.96,"morn":6.87},"pressure":1011,"humidity":50,"weather":[{"id":803,"main":"Clouds","description":"broken clouds","icon":"04d"}],"speed":6.87,"deg":146,"gust":12.04,"clouds":62,"pop":0},{"dt":1742641200,"sunrise":1742622044,"sunset":1742666286,"temp":{"day":14.45,"min":11.51,"max":14.99,"night":11.96,"eve":12.71,"morn":12.15},"feels_like":{"day":13.7,"night":11.35,"eve":12.15,"morn":11.48},"pressure":1003,"humidity":67,"weather":[{"id":500,"main":"Rain","description":"light rain","icon":"10d"}],"speed":4.64,"deg":158,"gust":10.27,"clouds":100,"pop":1,"rain":1.37},{"dt":1742727600,"sunrise":1742708309,"sunset":1742752784,"temp":{"day":13.27,"min":9.59,"max":13.71,"night":10.24,"eve":11.37,"morn":9.67},"feels_like":{"day":12.48,"night":9.36,"eve":10.57,"morn":7.74},"pressure":1005,"humidity":70,"weather":[{"id":804,"main":"Clouds","description":"overcast clouds","icon":"04d"}],"speed":4.3,"deg":192,"gust":8.77,"clouds":98,"pop":0},{"dt":1742814000,"sunrise":1742794574,"sunset":1742839281,"temp":{"day":13.28,"min":7.94,"max":14.95,"night":7.94,"eve":13.54,"morn":9.55},"feels_like":{"day":12.47,"night":6.01,"eve":12.73,"morn":9.55},"pressure":1014,"humidity":69,"weather":[{"id":500,"main":"Rain","description":"light rain","icon":"10d"}],"speed":4.38,"deg":321,"gust":7.34,"clouds":100,"pop":1,"rain":0.38}]}
--- ENF OF RECEIVED DATA ---

{"city":{"id":2800866,"name":"Brussels","coord":{"lon":4.3488,"lat":50.8504},"country":"BE","population":1019022,"timezone":3600},"cod":"200","message":0.0158006,"cnt":4,"list":[{"dt":1742554800,"sunrise":1742535780,"sunset":1742579789,"temp":{"day":18.2,"min":8.87,"max":19.85,"night":15.6,"eve":16.77,"morn":8.87},"feels_like":{"day":17.38,"night":14.7,"eve":15.96,"morn":6.87},"pressure":1011,"humidity":50,"weather":[{"id":803,"main":"Clouds","description":"broken clouds","icon":"04d"}],"speed":6.87,"deg":146,"gust":12.04,"clouds":62,"pop":0},{"dt":1742641200,"sunrise":1742622044,"sunset":1742666286,"temp":{"day":14.45,"min":11.51,"max":14.99,"night":11.96,"eve":12.71,"morn":12.15},"feels_like":{"day":13.7,"night":11.35,"eve":12.15,"morn":11.48},"pressure":1003,"humidity":67,"weather":[{"id":500,"main":"Rain","description":"light rain","icon":"10d"}],"speed":4.64,"deg":158,"gust":10.27,"clouds":100,"pop":1,"rain":1.37},{"dt":1742727600,"sunrise":1742708309,"sunset":1742752784,"temp":{"day":13.27,"min":9.59,"max":13.71,"night":10.24,"eve":11.37,"morn":9.67},"feels_like":{"day":12.48,"night":9.36,"eve":10.57,"morn":7.74},"pressure":1005,"humidity":70,"weather":[{"id":804,"main":"Clouds","description":"overcast clouds","icon":"04d"}],"speed":4.3,"deg":192,"gust":8.77,"clouds":98,"pop":0},{"dt":1742814000,"sunrise":1742794574,"sunset":1742839281,"temp":{"day":13.28,"min":7.94,"max":14.95,"night":7.94,"eve":13.54,"morn":9.55},"feels_like":{"day":12.47,"night":6.01,"eve":12.73,"morn":9.55},"pressure":1014,"humidity":69,"weather":[{"id":500,"main":"Rain","description":"light rain","icon":"10d"}],"speed":4.38,"deg":321,"gust":7.34,"clouds":100,"pop":1,"rain":0.38}]}
--- ENF OF RECEIVED DATA ---

