________________________________________________
|             CALL API : START                |
________________________________________________

Informations : 
Called API: meteo - 21 August 2023, 13:50
Method: GETMETEO - Timeout : 300 - Cache : 1
URL CALLED : https://api.openweathermap.org/data/2.5/forecast/daily?q=Brussels,be&units=metric&cnt=4&appid=ea18c0706135505149200c3836f29800
-------------------------
________________________________________________
|             CALL API : START                |
________________________________________________

Informations : 
Called API: meteo - 21 August 2023, 13:50
Method: GETMETEO - Timeout : 300 - Cache : 1
URL CALLED : https://api.openweathermap.org/data/2.5/forecast/daily?q=Brussels,be&units=metric&cnt=4&appid=ea18c0706135505149200c3836f29800
-------------------------
{"city":{"id":2800866,"name":"Brussels","coord":{"lon":4.3488,"lat":50.8504},"country":"BE","population":1019022,"timezone":7200},"cod":"200","message":5.3818215,"cnt":4,"list":[{"dt":1692615600,"sunrise":1692592723,"sunset":1692644002,"temp":{"day":25.18,"min":15.92,"max":26.1,"night":18.38,"eve":25.45,"morn":15.92},"feels_like":{"day":25.14,"night":18.23,"eve":25.25,"morn":15.73},"pressure":1024,"humidity":53,"weather":[{"id":801,"main":"Clouds","description":"few clouds","icon":"02d"}],"speed":3.02,"deg":346,"gust":5.72,"clouds":16,"pop":0},{"dt":1692702000,"sunrise":1692679216,"sunset":1692730280,"temp":{"day":24.45,"min":15.64,"max":27.03,"night":18.63,"eve":26.32,"morn":15.64},"feels_like":{"day":24.15,"night":18.32,"eve":26.32,"morn":15.43},"pressure":1021,"humidity":46,"weather":[{"id":804,"main":"Clouds","description":"overcast clouds","icon":"04d"}],"speed":2.74,"deg":272,"gust":3.76,"clouds":92,"pop":0},{"dt":1692788400,"sunrise":1692765710,"sunset":1692816557,"temp":{"day":25.45,"min":15.78,"max":27.56,"night":19.09,"eve":26.08,"morn":15.78},"feels_like":{"day":25.2,"night":18.67,"eve":26.08,"morn":15.45},"pressure":1020,"humidity":44,"weather":[{"id":801,"main":"Clouds","description":"few clouds","icon":"02d"}],"speed":3.51,"deg":20,"gust":6.58,"clouds":13,"pop":0},{"dt":1692874800,"sunrise":1692852203,"sunset":1692902833,"temp":{"day":28.4,"min":16.67,"max":28.4,"night":21.3,"eve":24.5,"morn":17.56},"feels_like":{"day":28.71,"night":21.71,"eve":24.96,"morn":17.25},"pressure":1013,"humidity":48,"weather":[{"id":500,"main":"Rain","description":"light rain","icon":"10d"}],"speed":3.77,"deg":109,"gust":8,"clouds":94,"pop":0.28,"rain":0.55}]}
--- ENF OF RECEIVED DATA ---

{"city":{"id":2800866,"name":"Brussels","coord":{"lon":4.3488,"lat":50.8504},"country":"BE","population":1019022,"timezone":7200},"cod":"200","message":5.3818215,"cnt":4,"list":[{"dt":1692615600,"sunrise":1692592723,"sunset":1692644002,"temp":{"day":25.18,"min":15.92,"max":26.1,"night":18.38,"eve":25.45,"morn":15.92},"feels_like":{"day":25.14,"night":18.23,"eve":25.25,"morn":15.73},"pressure":1024,"humidity":53,"weather":[{"id":801,"main":"Clouds","description":"few clouds","icon":"02d"}],"speed":3.02,"deg":346,"gust":5.72,"clouds":16,"pop":0},{"dt":1692702000,"sunrise":1692679216,"sunset":1692730280,"temp":{"day":24.45,"min":15.64,"max":27.03,"night":18.63,"eve":26.32,"morn":15.64},"feels_like":{"day":24.15,"night":18.32,"eve":26.32,"morn":15.43},"pressure":1021,"humidity":46,"weather":[{"id":804,"main":"Clouds","description":"overcast clouds","icon":"04d"}],"speed":2.74,"deg":272,"gust":3.76,"clouds":92,"pop":0},{"dt":1692788400,"sunrise":1692765710,"sunset":1692816557,"temp":{"day":25.45,"min":15.78,"max":27.56,"night":19.09,"eve":26.08,"morn":15.78},"feels_like":{"day":25.2,"night":18.67,"eve":26.08,"morn":15.45},"pressure":1020,"humidity":44,"weather":[{"id":801,"main":"Clouds","description":"few clouds","icon":"02d"}],"speed":3.51,"deg":20,"gust":6.58,"clouds":13,"pop":0},{"dt":1692874800,"sunrise":1692852203,"sunset":1692902833,"temp":{"day":28.4,"min":16.67,"max":28.4,"night":21.3,"eve":24.5,"morn":17.56},"feels_like":{"day":28.71,"night":21.71,"eve":24.96,"morn":17.25},"pressure":1013,"humidity":48,"weather":[{"id":500,"main":"Rain","description":"light rain","icon":"10d"}],"speed":3.77,"deg":109,"gust":8,"clouds":94,"pop":0.28,"rain":0.55}]}
--- ENF OF RECEIVED DATA ---

