________________________________________________
|             CALL API : START                |
________________________________________________

Informations : 
Called API: meteo - 23 November 2023, 15:30
Method: GETMETEO - Timeout : 300 - Cache : 1
URL CALLED : https://api.openweathermap.org/data/2.5/forecast/daily?q=Brussels,be&units=metric&cnt=4&appid=ea18c0706135505149200c3836f29800
-------------------------
________________________________________________
|             CALL API : START                |
________________________________________________

Informations : 
Called API: meteo - 23 November 2023, 15:30
Method: GETMETEO - Timeout : 300 - Cache : 1
URL CALLED : https://api.openweathermap.org/data/2.5/forecast/daily?q=Brussels,be&units=metric&cnt=4&appid=ea18c0706135505149200c3836f29800
-------------------------
{"city":{"id":2800866,"name":"Brussels","coord":{"lon":4.3488,"lat":50.8504},"country":"BE","population":1019022,"timezone":3600},"cod":"200","message":0.0526955,"cnt":4,"list":[{"dt":1700737200,"sunrise":1700723445,"sunset":1700754444,"temp":{"day":11.61,"min":6.96,"max":12.12,"night":10.04,"eve":10.87,"morn":8.78},"feels_like":{"day":11.05,"night":9.48,"eve":10.34,"morn":6.06},"pressure":1023,"humidity":85,"weather":[{"id":803,"main":"Clouds","description":"broken clouds","icon":"04d"}],"speed":7.08,"deg":267,"gust":14.39,"clouds":55,"pop":0.09},{"dt":1700823600,"sunrise":1700809939,"sunset":1700840784,"temp":{"day":5.92,"min":5.46,"max":10.73,"night":5.46,"eve":5.66,"morn":8.16},"feels_like":{"day":2.27,"night":1.63,"eve":1.08,"morn":4.74},"pressure":1016,"humidity":86,"weather":[{"id":501,"main":"Rain","description":"moderate rain","icon":"10d"}],"speed":8.13,"deg":324,"gust":14.74,"clouds":95,"pop":1,"rain":5.46},{"dt":1700910000,"sunrise":1700896431,"sunset":1700927128,"temp":{"day":7.58,"min":5.02,"max":8.19,"night":5.2,"eve":5.89,"morn":5.15},"feels_like":{"day":4.34,"night":2.25,"eve":2.72,"morn":1.77},"pressure":1015,"humidity":70,"weather":[{"id":500,"main":"Rain","description":"light rain","icon":"10d"}],"speed":6.7,"deg":304,"gust":11.51,"clouds":100,"pop":1,"rain":5},{"dt":1700996400,"sunrise":1700982922,"sunset":1701013473,"temp":{"day":6.29,"min":4.09,"max":6.29,"night":4.91,"eve":5.13,"morn":4.65},"feels_like":{"day":3.17,"night":1.11,"eve":1.58,"morn":1.59},"pressure":1017,"humidity":72,"weather":[{"id":500,"main":"Rain","description":"light rain","icon":"10d"}],"speed":5.25,"deg":215,"gust":10.3,"clouds":100,"pop":0.59,"rain":0.11}]}
--- ENF OF RECEIVED DATA ---

{"city":{"id":2800866,"name":"Brussels","coord":{"lon":4.3488,"lat":50.8504},"country":"BE","population":1019022,"timezone":3600},"cod":"200","message":0.0526955,"cnt":4,"list":[{"dt":1700737200,"sunrise":1700723445,"sunset":1700754444,"temp":{"day":11.61,"min":6.96,"max":12.12,"night":10.04,"eve":10.87,"morn":8.78},"feels_like":{"day":11.05,"night":9.48,"eve":10.34,"morn":6.06},"pressure":1023,"humidity":85,"weather":[{"id":803,"main":"Clouds","description":"broken clouds","icon":"04d"}],"speed":7.08,"deg":267,"gust":14.39,"clouds":55,"pop":0.09},{"dt":1700823600,"sunrise":1700809939,"sunset":1700840784,"temp":{"day":5.92,"min":5.46,"max":10.73,"night":5.46,"eve":5.66,"morn":8.16},"feels_like":{"day":2.27,"night":1.63,"eve":1.08,"morn":4.74},"pressure":1016,"humidity":86,"weather":[{"id":501,"main":"Rain","description":"moderate rain","icon":"10d"}],"speed":8.13,"deg":324,"gust":14.74,"clouds":95,"pop":1,"rain":5.46},{"dt":1700910000,"sunrise":1700896431,"sunset":1700927128,"temp":{"day":7.58,"min":5.02,"max":8.19,"night":5.2,"eve":5.89,"morn":5.15},"feels_like":{"day":4.34,"night":2.25,"eve":2.72,"morn":1.77},"pressure":1015,"humidity":70,"weather":[{"id":500,"main":"Rain","description":"light rain","icon":"10d"}],"speed":6.7,"deg":304,"gust":11.51,"clouds":100,"pop":1,"rain":5},{"dt":1700996400,"sunrise":1700982922,"sunset":1701013473,"temp":{"day":6.29,"min":4.09,"max":6.29,"night":4.91,"eve":5.13,"morn":4.65},"feels_like":{"day":3.17,"night":1.11,"eve":1.58,"morn":1.59},"pressure":1017,"humidity":72,"weather":[{"id":500,"main":"Rain","description":"light rain","icon":"10d"}],"speed":5.25,"deg":215,"gust":10.3,"clouds":100,"pop":0.59,"rain":0.11}]}
--- ENF OF RECEIVED DATA ---

