________________________________________________
|             CALL API : START                |
________________________________________________

Informations : 
Called API: meteo - 15 September 2024, 23:20
Method: GETMETEO - Timeout : 300 - Cache : 1
URL CALLED : https://api.openweathermap.org/data/2.5/forecast/daily?q=Brussels,be&units=metric&cnt=4&appid=ea18c0706135505149200c3836f29800
-------------------------
________________________________________________
|             CALL API : START                |
________________________________________________

Informations : 
Called API: meteo - 15 September 2024, 23:20
Method: GETMETEO - Timeout : 300 - Cache : 1
URL CALLED : https://api.openweathermap.org/data/2.5/forecast/daily?q=Brussels,be&units=metric&cnt=4&appid=ea18c0706135505149200c3836f29800
-------------------------
{"city":{"id":2800866,"name":"Brussels","coord":{"lon":4.3488,"lat":50.8504},"country":"BE","population":1019022,"timezone":7200},"cod":"200","message":0.0629968,"cnt":4,"list":[{"dt":1726398000,"sunrise":1726377507,"sunset":1726423033,"temp":{"day":17.13,"min":8.68,"max":19.04,"night":12.61,"eve":16.62,"morn":8.68},"feels_like":{"day":16.39,"night":12.25,"eve":16.22,"morn":7.78},"pressure":1028,"humidity":57,"weather":[{"id":801,"main":"Clouds","description":"few clouds","icon":"02d"}],"speed":2.37,"deg":344,"gust":3.6,"clouds":20,"pop":0},{"dt":1726484400,"sunrise":1726463999,"sunset":1726509297,"temp":{"day":19.4,"min":12.57,"max":19.84,"night":13.98,"eve":16.89,"morn":12.58},"feels_like":{"day":19.04,"night":13.86,"eve":16.88,"morn":12.14},"pressure":1026,"humidity":63,"weather":[{"id":500,"main":"Rain","description":"light rain","icon":"10d"}],"speed":4.88,"deg":13,"gust":10.67,"clouds":35,"pop":1,"rain":1.23},{"dt":1726570800,"sunrise":1726550491,"sunset":1726595560,"temp":{"day":19.89,"min":13.53,"max":21.9,"night":16.56,"eve":19.86,"morn":13.66},"feels_like":{"day":19.45,"night":16.36,"eve":19.62,"morn":13.46},"pressure":1026,"humidity":58,"weather":[{"id":803,"main":"Clouds","description":"broken clouds","icon":"04d"}],"speed":7.16,"deg":43,"gust":13.6,"clouds":57,"pop":0},{"dt":1726657200,"sunrise":1726636984,"sunset":1726681823,"temp":{"day":21.76,"min":13.46,"max":23.68,"night":18.34,"eve":21.09,"morn":13.48},"feels_like":{"day":21.45,"night":17.98,"eve":20.82,"morn":13.29},"pressure":1024,"humidity":56,"weather":[{"id":803,"main":"Clouds","description":"broken clouds","icon":"04d"}],"speed":6.59,"deg":59,"gust":14.78,"clouds":61,"pop":0}]}
--- ENF OF RECEIVED DATA ---

{"city":{"id":2800866,"name":"Brussels","coord":{"lon":4.3488,"lat":50.8504},"country":"BE","population":1019022,"timezone":7200},"cod":"200","message":0.0629968,"cnt":4,"list":[{"dt":1726398000,"sunrise":1726377507,"sunset":1726423033,"temp":{"day":17.13,"min":8.68,"max":19.04,"night":12.61,"eve":16.62,"morn":8.68},"feels_like":{"day":16.39,"night":12.25,"eve":16.22,"morn":7.78},"pressure":1028,"humidity":57,"weather":[{"id":801,"main":"Clouds","description":"few clouds","icon":"02d"}],"speed":2.37,"deg":344,"gust":3.6,"clouds":20,"pop":0},{"dt":1726484400,"sunrise":1726463999,"sunset":1726509297,"temp":{"day":19.4,"min":12.57,"max":19.84,"night":13.98,"eve":16.89,"morn":12.58},"feels_like":{"day":19.04,"night":13.86,"eve":16.88,"morn":12.14},"pressure":1026,"humidity":63,"weather":[{"id":500,"main":"Rain","description":"light rain","icon":"10d"}],"speed":4.88,"deg":13,"gust":10.67,"clouds":35,"pop":1,"rain":1.23},{"dt":1726570800,"sunrise":1726550491,"sunset":1726595560,"temp":{"day":19.89,"min":13.53,"max":21.9,"night":16.56,"eve":19.86,"morn":13.66},"feels_like":{"day":19.45,"night":16.36,"eve":19.62,"morn":13.46},"pressure":1026,"humidity":58,"weather":[{"id":803,"main":"Clouds","description":"broken clouds","icon":"04d"}],"speed":7.16,"deg":43,"gust":13.6,"clouds":57,"pop":0},{"dt":1726657200,"sunrise":1726636984,"sunset":1726681823,"temp":{"day":21.76,"min":13.46,"max":23.68,"night":18.34,"eve":21.09,"morn":13.48},"feels_like":{"day":21.45,"night":17.98,"eve":20.82,"morn":13.29},"pressure":1024,"humidity":56,"weather":[{"id":803,"main":"Clouds","description":"broken clouds","icon":"04d"}],"speed":6.59,"deg":59,"gust":14.78,"clouds":61,"pop":0}]}
--- ENF OF RECEIVED DATA ---

