________________________________________________
|             CALL API : START                |
________________________________________________

Informations : 
Called API: meteo - 12 September 2023, 00:10
Method: GETMETEO - Timeout : 300 - Cache : 1
URL CALLED : https://api.openweathermap.org/data/2.5/forecast/daily?q=Brussels,be&units=metric&cnt=4&appid=ea18c0706135505149200c3836f29800
-------------------------
________________________________________________
|             CALL API : START                |
________________________________________________

Informations : 
Called API: meteo - 12 September 2023, 00:10
Method: GETMETEO - Timeout : 300 - Cache : 1
URL CALLED : https://api.openweathermap.org/data/2.5/forecast/daily?q=Brussels,be&units=metric&cnt=4&appid=ea18c0706135505149200c3836f29800
-------------------------
{"city":{"id":2800866,"name":"Brussels","coord":{"lon":4.3488,"lat":50.8504},"country":"BE","population":1019022,"timezone":7200},"cod":"200","message":0.0442663,"cnt":4,"list":[{"dt":1694516400,"sunrise":1694495562,"sunset":1694541943,"temp":{"day":23.61,"min":16.94,"max":24.5,"night":17.3,"eve":17.96,"morn":16.94},"feels_like":{"day":23.62,"night":17.59,"eve":18.29,"morn":17.12},"pressure":1013,"humidity":61,"weather":[{"id":501,"main":"Rain","description":"moderate rain","icon":"10d"}],"speed":3.03,"deg":225,"gust":6.52,"clouds":98,"pop":0.99,"rain":12.85},{"dt":1694602800,"sunrise":1694582054,"sunset":1694628207,"temp":{"day":19.68,"min":13.82,"max":20.89,"night":13.82,"eve":18.11,"morn":15.82},"feels_like":{"day":19.27,"night":13.27,"eve":17.65,"morn":15.94},"pressure":1021,"humidity":60,"weather":[{"id":803,"main":"Clouds","description":"broken clouds","icon":"04d"}],"speed":5.03,"deg":49,"gust":8.3,"clouds":81,"pop":0.86},{"dt":1694689200,"sunrise":1694668546,"sunset":1694714471,"temp":{"day":20.23,"min":11.33,"max":21.87,"night":15.23,"eve":17.4,"morn":11.33},"feels_like":{"day":19.56,"night":14.45,"eve":16.76,"morn":10.66},"pressure":1022,"humidity":48,"weather":[{"id":801,"main":"Clouds","description":"few clouds","icon":"02d"}],"speed":2.98,"deg":99,"gust":4.27,"clouds":19,"pop":0},{"dt":1694775600,"sunrise":1694755038,"sunset":1694800735,"temp":{"day":23.71,"min":12.87,"max":24.59,"night":17.77,"eve":20.32,"morn":13},"feels_like":{"day":23.44,"night":17.51,"eve":20.1,"morn":12.37},"pressure":1018,"humidity":50,"weather":[{"id":802,"main":"Clouds","description":"scattered clouds","icon":"03d"}],"speed":3.31,"deg":66,"gust":5.91,"clouds":26,"pop":0}]}
--- ENF OF RECEIVED DATA ---

{"city":{"id":2800866,"name":"Brussels","coord":{"lon":4.3488,"lat":50.8504},"country":"BE","population":1019022,"timezone":7200},"cod":"200","message":0.0442663,"cnt":4,"list":[{"dt":1694516400,"sunrise":1694495562,"sunset":1694541943,"temp":{"day":23.61,"min":16.94,"max":24.5,"night":17.3,"eve":17.96,"morn":16.94},"feels_like":{"day":23.62,"night":17.59,"eve":18.29,"morn":17.12},"pressure":1013,"humidity":61,"weather":[{"id":501,"main":"Rain","description":"moderate rain","icon":"10d"}],"speed":3.03,"deg":225,"gust":6.52,"clouds":98,"pop":0.99,"rain":12.85},{"dt":1694602800,"sunrise":1694582054,"sunset":1694628207,"temp":{"day":19.68,"min":13.82,"max":20.89,"night":13.82,"eve":18.11,"morn":15.82},"feels_like":{"day":19.27,"night":13.27,"eve":17.65,"morn":15.94},"pressure":1021,"humidity":60,"weather":[{"id":803,"main":"Clouds","description":"broken clouds","icon":"04d"}],"speed":5.03,"deg":49,"gust":8.3,"clouds":81,"pop":0.86},{"dt":1694689200,"sunrise":1694668546,"sunset":1694714471,"temp":{"day":20.23,"min":11.33,"max":21.87,"night":15.23,"eve":17.4,"morn":11.33},"feels_like":{"day":19.56,"night":14.45,"eve":16.76,"morn":10.66},"pressure":1022,"humidity":48,"weather":[{"id":801,"main":"Clouds","description":"few clouds","icon":"02d"}],"speed":2.98,"deg":99,"gust":4.27,"clouds":19,"pop":0},{"dt":1694775600,"sunrise":1694755038,"sunset":1694800735,"temp":{"day":23.71,"min":12.87,"max":24.59,"night":17.77,"eve":20.32,"morn":13},"feels_like":{"day":23.44,"night":17.51,"eve":20.1,"morn":12.37},"pressure":1018,"humidity":50,"weather":[{"id":802,"main":"Clouds","description":"scattered clouds","icon":"03d"}],"speed":3.31,"deg":66,"gust":5.91,"clouds":26,"pop":0}]}
--- ENF OF RECEIVED DATA ---

