________________________________________________
|             CALL API : START                |
________________________________________________

Informations : 
Called API: meteo - 8 July 2023, 20:40
Method: GETMETEO - Timeout : 300 - Cache : 1
URL CALLED : https://api.openweathermap.org/data/2.5/forecast/daily?q=Brussels,be&units=metric&cnt=4&appid=ea18c0706135505149200c3836f29800
-------------------------
________________________________________________
|             CALL API : START                |
________________________________________________

Informations : 
Called API: meteo - 8 July 2023, 20:40
Method: GETMETEO - Timeout : 300 - Cache : 1
URL CALLED : https://api.openweathermap.org/data/2.5/forecast/daily?q=Brussels,be&units=metric&cnt=4&appid=ea18c0706135505149200c3836f29800
-------------------------
{"city":{"id":2800866,"name":"Brussels","coord":{"lon":4.3488,"lat":50.8504},"country":"BE","population":1019022,"timezone":7200},"cod":"200","message":0.071344,"cnt":4,"list":[{"dt":1688814000,"sunrise":1688787500,"sunset":1688846189,"temp":{"day":31.47,"min":17.89,"max":32.5,"night":27.67,"eve":30.09,"morn":19.2},"feels_like":{"day":30.95,"night":28.42,"eve":30.58,"morn":18.69},"pressure":1016,"humidity":36,"weather":[{"id":800,"main":"Clear","description":"sky is clear","icon":"01d"}],"speed":4.88,"deg":197,"gust":5.71,"clouds":1,"pop":0},{"dt":1688900400,"sunrise":1688873956,"sunset":1688932551,"temp":{"day":28.54,"min":17.86,"max":29.02,"night":18.57,"eve":20.66,"morn":18.84},"feels_like":{"day":29.08,"night":18.75,"eve":20.84,"morn":19.08},"pressure":1020,"humidity":50,"weather":[{"id":501,"main":"Rain","description":"moderate rain","icon":"10d"}],"speed":7.4,"deg":310,"gust":10.14,"clouds":62,"pop":1,"rain":5.95},{"dt":1688986800,"sunrise":1688960414,"sunset":1689018910,"temp":{"day":25.32,"min":14.7,"max":26.88,"night":18.71,"eve":24.2,"morn":15.71},"feels_like":{"day":24.98,"night":18.44,"eve":23.96,"morn":15.63},"pressure":1022,"humidity":41,"weather":[{"id":800,"main":"Clear","description":"sky is clear","icon":"01d"}],"speed":5.09,"deg":298,"gust":6.1,"clouds":6,"pop":0.32},{"dt":1689073200,"sunrise":1689046874,"sunset":1689105266,"temp":{"day":27.52,"min":16.89,"max":29.83,"night":16.89,"eve":21.78,"morn":18.57},"feels_like":{"day":27.04,"night":16.57,"eve":21.79,"morn":18.05},"pressure":1011,"humidity":36,"weather":[{"id":500,"main":"Rain","description":"light rain","icon":"10d"}],"speed":7.97,"deg":327,"gust":12.62,"clouds":47,"pop":0.48,"rain":0.25}]}
--- ENF OF RECEIVED DATA ---

{"city":{"id":2800866,"name":"Brussels","coord":{"lon":4.3488,"lat":50.8504},"country":"BE","population":1019022,"timezone":7200},"cod":"200","message":0.071344,"cnt":4,"list":[{"dt":1688814000,"sunrise":1688787500,"sunset":1688846189,"temp":{"day":31.47,"min":17.89,"max":32.5,"night":27.67,"eve":30.09,"morn":19.2},"feels_like":{"day":30.95,"night":28.42,"eve":30.58,"morn":18.69},"pressure":1016,"humidity":36,"weather":[{"id":800,"main":"Clear","description":"sky is clear","icon":"01d"}],"speed":4.88,"deg":197,"gust":5.71,"clouds":1,"pop":0},{"dt":1688900400,"sunrise":1688873956,"sunset":1688932551,"temp":{"day":28.54,"min":17.86,"max":29.02,"night":18.57,"eve":20.66,"morn":18.84},"feels_like":{"day":29.08,"night":18.75,"eve":20.84,"morn":19.08},"pressure":1020,"humidity":50,"weather":[{"id":501,"main":"Rain","description":"moderate rain","icon":"10d"}],"speed":7.4,"deg":310,"gust":10.14,"clouds":62,"pop":1,"rain":5.95},{"dt":1688986800,"sunrise":1688960414,"sunset":1689018910,"temp":{"day":25.32,"min":14.7,"max":26.88,"night":18.71,"eve":24.2,"morn":15.71},"feels_like":{"day":24.98,"night":18.44,"eve":23.96,"morn":15.63},"pressure":1022,"humidity":41,"weather":[{"id":800,"main":"Clear","description":"sky is clear","icon":"01d"}],"speed":5.09,"deg":298,"gust":6.1,"clouds":6,"pop":0.32},{"dt":1689073200,"sunrise":1689046874,"sunset":1689105266,"temp":{"day":27.52,"min":16.89,"max":29.83,"night":16.89,"eve":21.78,"morn":18.57},"feels_like":{"day":27.04,"night":16.57,"eve":21.79,"morn":18.05},"pressure":1011,"humidity":36,"weather":[{"id":500,"main":"Rain","description":"light rain","icon":"10d"}],"speed":7.97,"deg":327,"gust":12.62,"clouds":47,"pop":0.48,"rain":0.25}]}
--- ENF OF RECEIVED DATA ---

