________________________________________________
|             CALL API : START                |
________________________________________________

Informations : 
Called API: meteo - 26 January 2024, 18:20
Method: GETMETEO - Timeout : 300 - Cache : 1
URL CALLED : https://api.openweathermap.org/data/2.5/forecast/daily?q=Brussels,be&units=metric&cnt=4&appid=ea18c0706135505149200c3836f29800
-------------------------
________________________________________________
|             CALL API : START                |
________________________________________________

Informations : 
Called API: meteo - 26 January 2024, 18:20
Method: GETMETEO - Timeout : 300 - Cache : 1
URL CALLED : https://api.openweathermap.org/data/2.5/forecast/daily?q=Brussels,be&units=metric&cnt=4&appid=ea18c0706135505149200c3836f29800
-------------------------
{"city":{"id":2800866,"name":"Brussels","coord":{"lon":4.3488,"lat":50.8504},"country":"BE","population":1019022,"timezone":3600},"cod":"200","message":5.7200731,"cnt":4,"list":[{"dt":1706266800,"sunrise":1706254079,"sunset":1706286104,"temp":{"day":10.64,"min":3.63,"max":11.99,"night":3.63,"eve":5.8,"morn":9.8},"feels_like":{"day":9.59,"night":0.96,"eve":2.66,"morn":6.41},"pressure":1027,"humidity":70,"weather":[{"id":500,"main":"Rain","description":"light rain","icon":"10d"}],"speed":10.13,"deg":285,"gust":18.34,"clouds":100,"pop":1,"rain":2.39},{"dt":1706353200,"sunrise":1706340403,"sunset":1706372608,"temp":{"day":5.75,"min":1.69,"max":7,"night":3.66,"eve":5.26,"morn":2.11},"feels_like":{"day":3.36,"night":1.46,"eve":3.6,"morn":-0.9},"pressure":1036,"humidity":71,"weather":[{"id":802,"main":"Clouds","description":"scattered clouds","icon":"03d"}],"speed":3.69,"deg":217,"gust":6.07,"clouds":43,"pop":0},{"dt":1706439600,"sunrise":1706426725,"sunset":1706459111,"temp":{"day":8.07,"min":2.47,"max":10.38,"night":6.01,"eve":6.78,"morn":2.55},"feels_like":{"day":6.23,"night":2.93,"eve":4.22,"morn":-0.41},"pressure":1028,"humidity":50,"weather":[{"id":803,"main":"Clouds","description":"broken clouds","icon":"04d"}],"speed":4.31,"deg":180,"gust":12.2,"clouds":83,"pop":0},{"dt":1706526000,"sunrise":1706513045,"sunset":1706545616,"temp":{"day":10.35,"min":5.29,"max":10.35,"night":7.39,"eve":8.13,"morn":5.33},"feels_like":{"day":9.27,"night":5.53,"eve":6.29,"morn":2.52},"pressure":1027,"humidity":70,"weather":[{"id":804,"main":"Clouds","description":"overcast clouds","icon":"04d"}],"speed":4.13,"deg":184,"gust":11.35,"clouds":100,"pop":0}]}
--- ENF OF RECEIVED DATA ---

{"city":{"id":2800866,"name":"Brussels","coord":{"lon":4.3488,"lat":50.8504},"country":"BE","population":1019022,"timezone":3600},"cod":"200","message":5.7200731,"cnt":4,"list":[{"dt":1706266800,"sunrise":1706254079,"sunset":1706286104,"temp":{"day":10.64,"min":3.63,"max":11.99,"night":3.63,"eve":5.8,"morn":9.8},"feels_like":{"day":9.59,"night":0.96,"eve":2.66,"morn":6.41},"pressure":1027,"humidity":70,"weather":[{"id":500,"main":"Rain","description":"light rain","icon":"10d"}],"speed":10.13,"deg":285,"gust":18.34,"clouds":100,"pop":1,"rain":2.39},{"dt":1706353200,"sunrise":1706340403,"sunset":1706372608,"temp":{"day":5.75,"min":1.69,"max":7,"night":3.66,"eve":5.26,"morn":2.11},"feels_like":{"day":3.36,"night":1.46,"eve":3.6,"morn":-0.9},"pressure":1036,"humidity":71,"weather":[{"id":802,"main":"Clouds","description":"scattered clouds","icon":"03d"}],"speed":3.69,"deg":217,"gust":6.07,"clouds":43,"pop":0},{"dt":1706439600,"sunrise":1706426725,"sunset":1706459111,"temp":{"day":8.07,"min":2.47,"max":10.38,"night":6.01,"eve":6.78,"morn":2.55},"feels_like":{"day":6.23,"night":2.93,"eve":4.22,"morn":-0.41},"pressure":1028,"humidity":50,"weather":[{"id":803,"main":"Clouds","description":"broken clouds","icon":"04d"}],"speed":4.31,"deg":180,"gust":12.2,"clouds":83,"pop":0},{"dt":1706526000,"sunrise":1706513045,"sunset":1706545616,"temp":{"day":10.35,"min":5.29,"max":10.35,"night":7.39,"eve":8.13,"morn":5.33},"feels_like":{"day":9.27,"night":5.53,"eve":6.29,"morn":2.52},"pressure":1027,"humidity":70,"weather":[{"id":804,"main":"Clouds","description":"overcast clouds","icon":"04d"}],"speed":4.13,"deg":184,"gust":11.35,"clouds":100,"pop":0}]}
--- ENF OF RECEIVED DATA ---

