________________________________________________
|             CALL API : START                |
________________________________________________

Informations : 
Called API: meteo - 10 October 2023, 21:20
Method: GETMETEO - Timeout : 300 - Cache : 1
URL CALLED : https://api.openweathermap.org/data/2.5/forecast/daily?q=Brussels,be&units=metric&cnt=4&appid=ea18c0706135505149200c3836f29800
-------------------------
________________________________________________
|             CALL API : START                |
________________________________________________

Informations : 
Called API: meteo - 10 October 2023, 21:20
Method: GETMETEO - Timeout : 300 - Cache : 1
URL CALLED : https://api.openweathermap.org/data/2.5/forecast/daily?q=Brussels,be&units=metric&cnt=4&appid=ea18c0706135505149200c3836f29800
-------------------------
{"city":{"id":2800866,"name":"Brussels","coord":{"lon":4.3488,"lat":50.8504},"country":"BE","population":1019022,"timezone":7200},"cod":"200","message":0.0807847,"cnt":4,"list":[{"dt":1696935600,"sunrise":1696917390,"sunset":1696957358,"temp":{"day":22.65,"min":13.23,"max":24.47,"night":18.57,"eve":19.77,"morn":13.45},"feels_like":{"day":22.2,"night":18.21,"eve":19.42,"morn":12.97},"pressure":1019,"humidity":47,"weather":[{"id":804,"main":"Clouds","description":"overcast clouds","icon":"04d"}],"speed":5.57,"deg":232,"gust":13.2,"clouds":95,"pop":0},{"dt":1697022000,"sunrise":1697003887,"sunset":1697043628,"temp":{"day":21.33,"min":14.37,"max":23,"night":16.83,"eve":20.26,"morn":14.43},"feels_like":{"day":20.9,"night":16.37,"eve":19.86,"morn":13.81},"pressure":1016,"humidity":53,"weather":[{"id":804,"main":"Clouds","description":"overcast clouds","icon":"04d"}],"speed":7.09,"deg":235,"gust":13.77,"clouds":100,"pop":0},{"dt":1697108400,"sunrise":1697090385,"sunset":1697129899,"temp":{"day":17.92,"min":15.58,"max":18.27,"night":16.72,"eve":17.03,"morn":15.58},"feels_like":{"day":17.86,"night":16.82,"eve":16.93,"morn":15.41},"pressure":1017,"humidity":80,"weather":[{"id":500,"main":"Rain","description":"light rain","icon":"10d"}],"speed":5.85,"deg":216,"gust":12.46,"clouds":100,"pop":0.99,"rain":3.8},{"dt":1697194800,"sunrise":1697176883,"sunset":1697216170,"temp":{"day":22.18,"min":16.51,"max":22.18,"night":18.48,"eve":20.52,"morn":17.39},"feels_like":{"day":21.84,"night":18.45,"eve":20.14,"morn":17.51},"pressure":1008,"humidity":53,"weather":[{"id":500,"main":"Rain","description":"light rain","icon":"10d"}],"speed":8.78,"deg":230,"gust":20.04,"clouds":100,"pop":1,"rain":3.34}]}
--- ENF OF RECEIVED DATA ---

{"city":{"id":2800866,"name":"Brussels","coord":{"lon":4.3488,"lat":50.8504},"country":"BE","population":1019022,"timezone":7200},"cod":"200","message":0.0807847,"cnt":4,"list":[{"dt":1696935600,"sunrise":1696917390,"sunset":1696957358,"temp":{"day":22.65,"min":13.23,"max":24.47,"night":18.57,"eve":19.77,"morn":13.45},"feels_like":{"day":22.2,"night":18.21,"eve":19.42,"morn":12.97},"pressure":1019,"humidity":47,"weather":[{"id":804,"main":"Clouds","description":"overcast clouds","icon":"04d"}],"speed":5.57,"deg":232,"gust":13.2,"clouds":95,"pop":0},{"dt":1697022000,"sunrise":1697003887,"sunset":1697043628,"temp":{"day":21.33,"min":14.37,"max":23,"night":16.83,"eve":20.26,"morn":14.43},"feels_like":{"day":20.9,"night":16.37,"eve":19.86,"morn":13.81},"pressure":1016,"humidity":53,"weather":[{"id":804,"main":"Clouds","description":"overcast clouds","icon":"04d"}],"speed":7.09,"deg":235,"gust":13.77,"clouds":100,"pop":0},{"dt":1697108400,"sunrise":1697090385,"sunset":1697129899,"temp":{"day":17.92,"min":15.58,"max":18.27,"night":16.72,"eve":17.03,"morn":15.58},"feels_like":{"day":17.86,"night":16.82,"eve":16.93,"morn":15.41},"pressure":1017,"humidity":80,"weather":[{"id":500,"main":"Rain","description":"light rain","icon":"10d"}],"speed":5.85,"deg":216,"gust":12.46,"clouds":100,"pop":0.99,"rain":3.8},{"dt":1697194800,"sunrise":1697176883,"sunset":1697216170,"temp":{"day":22.18,"min":16.51,"max":22.18,"night":18.48,"eve":20.52,"morn":17.39},"feels_like":{"day":21.84,"night":18.45,"eve":20.14,"morn":17.51},"pressure":1008,"humidity":53,"weather":[{"id":500,"main":"Rain","description":"light rain","icon":"10d"}],"speed":8.78,"deg":230,"gust":20.04,"clouds":100,"pop":1,"rain":3.34}]}
--- ENF OF RECEIVED DATA ---

