________________________________________________
|             CALL API : START                |
________________________________________________

Informations : 
Called API: meteo - 19 December 2024, 07:20
Method: GETMETEO - Timeout : 300 - Cache : 1
URL CALLED : https://api.openweathermap.org/data/2.5/forecast/daily?q=Brussels,be&units=metric&cnt=4&appid=ea18c0706135505149200c3836f29800
-------------------------
________________________________________________
|             CALL API : START                |
________________________________________________

Informations : 
Called API: meteo - 19 December 2024, 07:20
Method: GETMETEO - Timeout : 300 - Cache : 1
URL CALLED : https://api.openweathermap.org/data/2.5/forecast/daily?q=Brussels,be&units=metric&cnt=4&appid=ea18c0706135505149200c3836f29800
-------------------------
{"city":{"id":2800866,"name":"Brussels","coord":{"lon":4.3488,"lat":50.8504},"country":"BE","population":1019022,"timezone":3600},"cod":"200","message":0.0401328,"cnt":4,"list":[{"dt":1734606000,"sunrise":1734594104,"sunset":1734622679,"temp":{"day":6.53,"min":4.87,"max":13.7,"night":5.65,"eve":5.84,"morn":12.23},"feels_like":{"day":2.07,"night":2,"eve":1.87,"morn":11.7},"pressure":1003,"humidity":87,"weather":[{"id":500,"main":"Rain","description":"light rain","icon":"10d"}],"speed":12.41,"deg":222,"gust":23.02,"clouds":99,"pop":1,"rain":5.9},{"dt":1734692400,"sunrise":1734680538,"sunset":1734709102,"temp":{"day":5.06,"min":2.34,"max":5.93,"night":5.91,"eve":4.78,"morn":2.51},"feels_like":{"day":1.4,"night":1.37,"eve":0.39,"morn":-0.91},"pressure":1024,"humidity":77,"weather":[{"id":500,"main":"Rain","description":"light rain","icon":"10d"}],"speed":7.96,"deg":209,"gust":14.57,"clouds":66,"pop":0.8,"rain":0.35},{"dt":1734778800,"sunrise":1734766969,"sunset":1734795529,"temp":{"day":7.4,"min":6.01,"max":10.56,"night":10.55,"eve":7.89,"morn":7.37},"feels_like":{"day":3.62,"night":9.62,"eve":3.32,"morn":4.26},"pressure":1018,"humidity":85,"weather":[{"id":501,"main":"Rain","description":"moderate rain","icon":"10d"}],"speed":10.42,"deg":226,"gust":19.38,"clouds":100,"pop":1,"rain":3.4},{"dt":1734865200,"sunrise":1734853397,"sunset":1734881959,"temp":{"day":5.84,"min":4.41,"max":9.51,"night":4.41,"eve":4.96,"morn":6.4},"feels_like":{"day":0.64,"night":-0.58,"eve":-0.04,"morn":2.08},"pressure":1007,"humidity":66,"weather":[{"id":616,"main":"Snow","description":"rain and snow","icon":"13d"}],"speed":10.8,"deg":288,"gust":17.45,"clouds":99,"pop":1,"rain":2.79,"snow":0.54}]}
--- ENF OF RECEIVED DATA ---

{"city":{"id":2800866,"name":"Brussels","coord":{"lon":4.3488,"lat":50.8504},"country":"BE","population":1019022,"timezone":3600},"cod":"200","message":0.0401328,"cnt":4,"list":[{"dt":1734606000,"sunrise":1734594104,"sunset":1734622679,"temp":{"day":6.53,"min":4.87,"max":13.7,"night":5.65,"eve":5.84,"morn":12.23},"feels_like":{"day":2.07,"night":2,"eve":1.87,"morn":11.7},"pressure":1003,"humidity":87,"weather":[{"id":500,"main":"Rain","description":"light rain","icon":"10d"}],"speed":12.41,"deg":222,"gust":23.02,"clouds":99,"pop":1,"rain":5.9},{"dt":1734692400,"sunrise":1734680538,"sunset":1734709102,"temp":{"day":5.06,"min":2.34,"max":5.93,"night":5.91,"eve":4.78,"morn":2.51},"feels_like":{"day":1.4,"night":1.37,"eve":0.39,"morn":-0.91},"pressure":1024,"humidity":77,"weather":[{"id":500,"main":"Rain","description":"light rain","icon":"10d"}],"speed":7.96,"deg":209,"gust":14.57,"clouds":66,"pop":0.8,"rain":0.35},{"dt":1734778800,"sunrise":1734766969,"sunset":1734795529,"temp":{"day":7.4,"min":6.01,"max":10.56,"night":10.55,"eve":7.89,"morn":7.37},"feels_like":{"day":3.62,"night":9.62,"eve":3.32,"morn":4.26},"pressure":1018,"humidity":85,"weather":[{"id":501,"main":"Rain","description":"moderate rain","icon":"10d"}],"speed":10.42,"deg":226,"gust":19.38,"clouds":100,"pop":1,"rain":3.4},{"dt":1734865200,"sunrise":1734853397,"sunset":1734881959,"temp":{"day":5.84,"min":4.41,"max":9.51,"night":4.41,"eve":4.96,"morn":6.4},"feels_like":{"day":0.64,"night":-0.58,"eve":-0.04,"morn":2.08},"pressure":1007,"humidity":66,"weather":[{"id":616,"main":"Snow","description":"rain and snow","icon":"13d"}],"speed":10.8,"deg":288,"gust":17.45,"clouds":99,"pop":1,"rain":2.79,"snow":0.54}]}
--- ENF OF RECEIVED DATA ---

