________________________________________________
|             CALL API : START                |
________________________________________________

Informations : 
Called API: meteo - 8 March 2024, 21:00
Method: GETMETEO - Timeout : 300 - Cache : 1
URL CALLED : https://api.openweathermap.org/data/2.5/forecast/daily?q=Brussels,be&units=metric&cnt=4&appid=ea18c0706135505149200c3836f29800
-------------------------
________________________________________________
|             CALL API : START                |
________________________________________________

Informations : 
Called API: meteo - 8 March 2024, 21:00
Method: GETMETEO - Timeout : 300 - Cache : 1
URL CALLED : https://api.openweathermap.org/data/2.5/forecast/daily?q=Brussels,be&units=metric&cnt=4&appid=ea18c0706135505149200c3836f29800
-------------------------
{"city":{"id":2800866,"name":"Brussels","coord":{"lon":4.3488,"lat":50.8504},"country":"BE","population":1019022,"timezone":3600},"cod":"200","message":6.7462379,"cnt":4,"list":[{"dt":1709895600,"sunrise":1709878286,"sunset":1709919327,"temp":{"day":9.44,"min":2.6,"max":12.45,"night":7.61,"eve":9.37,"morn":2.79},"feels_like":{"day":6.37,"night":5.1,"eve":6.86,"morn":-1.37},"pressure":1009,"humidity":53,"weather":[{"id":800,"main":"Clear","description":"sky is clear","icon":"01d"}],"speed":6.76,"deg":105,"gust":12.3,"clouds":4,"pop":0},{"dt":1709982000,"sunrise":1709964554,"sunset":1710005827,"temp":{"day":13.12,"min":4.89,"max":14.75,"night":9.71,"eve":10.59,"morn":5},"feels_like":{"day":11.92,"night":7.83,"eve":9.58,"morn":2.16},"pressure":1000,"humidity":55,"weather":[{"id":500,"main":"Rain","description":"light rain","icon":"10d"}],"speed":7.65,"deg":147,"gust":15.29,"clouds":37,"pop":0.38,"rain":0.31},{"dt":1710068400,"sunrise":1710050822,"sunset":1710092328,"temp":{"day":10.13,"min":5.62,"max":13.52,"night":8.3,"eve":11.3,"morn":6.12},"feels_like":{"day":8.79,"night":6.61,"eve":10.05,"morn":3.07},"pressure":996,"humidity":61,"weather":[{"id":804,"main":"Clouds","description":"overcast clouds","icon":"04d"}],"speed":6.41,"deg":63,"gust":15.01,"clouds":97,"pop":0},{"dt":1710154800,"sunrise":1710137089,"sunset":1710178827,"temp":{"day":8.71,"min":7.04,"max":9.2,"night":7.08,"eve":7.55,"morn":7.04},"feels_like":{"day":6.7,"night":4.12,"eve":4.48,"morn":5.07},"pressure":1003,"humidity":80,"weather":[{"id":500,"main":"Rain","description":"light rain","icon":"10d"}],"speed":5.1,"deg":309,"gust":8.79,"clouds":100,"pop":0.59,"rain":0.84}]}
--- ENF OF RECEIVED DATA ---

{"city":{"id":2800866,"name":"Brussels","coord":{"lon":4.3488,"lat":50.8504},"country":"BE","population":1019022,"timezone":3600},"cod":"200","message":6.7462379,"cnt":4,"list":[{"dt":1709895600,"sunrise":1709878286,"sunset":1709919327,"temp":{"day":9.44,"min":2.6,"max":12.45,"night":7.61,"eve":9.37,"morn":2.79},"feels_like":{"day":6.37,"night":5.1,"eve":6.86,"morn":-1.37},"pressure":1009,"humidity":53,"weather":[{"id":800,"main":"Clear","description":"sky is clear","icon":"01d"}],"speed":6.76,"deg":105,"gust":12.3,"clouds":4,"pop":0},{"dt":1709982000,"sunrise":1709964554,"sunset":1710005827,"temp":{"day":13.12,"min":4.89,"max":14.75,"night":9.71,"eve":10.59,"morn":5},"feels_like":{"day":11.92,"night":7.83,"eve":9.58,"morn":2.16},"pressure":1000,"humidity":55,"weather":[{"id":500,"main":"Rain","description":"light rain","icon":"10d"}],"speed":7.65,"deg":147,"gust":15.29,"clouds":37,"pop":0.38,"rain":0.31},{"dt":1710068400,"sunrise":1710050822,"sunset":1710092328,"temp":{"day":10.13,"min":5.62,"max":13.52,"night":8.3,"eve":11.3,"morn":6.12},"feels_like":{"day":8.79,"night":6.61,"eve":10.05,"morn":3.07},"pressure":996,"humidity":61,"weather":[{"id":804,"main":"Clouds","description":"overcast clouds","icon":"04d"}],"speed":6.41,"deg":63,"gust":15.01,"clouds":97,"pop":0},{"dt":1710154800,"sunrise":1710137089,"sunset":1710178827,"temp":{"day":8.71,"min":7.04,"max":9.2,"night":7.08,"eve":7.55,"morn":7.04},"feels_like":{"day":6.7,"night":4.12,"eve":4.48,"morn":5.07},"pressure":1003,"humidity":80,"weather":[{"id":500,"main":"Rain","description":"light rain","icon":"10d"}],"speed":5.1,"deg":309,"gust":8.79,"clouds":100,"pop":0.59,"rain":0.84}]}
--- ENF OF RECEIVED DATA ---

