________________________________________________
|             CALL API : START                |
________________________________________________

Informations : 
Called API: meteo - 14 April 2024, 17:30
Method: GETMETEO - Timeout : 300 - Cache : 1
URL CALLED : https://api.openweathermap.org/data/2.5/forecast/daily?q=Brussels,be&units=metric&cnt=4&appid=ea18c0706135505149200c3836f29800
-------------------------
________________________________________________
|             CALL API : START                |
________________________________________________

Informations : 
Called API: meteo - 14 April 2024, 17:30
Method: GETMETEO - Timeout : 300 - Cache : 1
URL CALLED : https://api.openweathermap.org/data/2.5/forecast/daily?q=Brussels,be&units=metric&cnt=4&appid=ea18c0706135505149200c3836f29800
-------------------------
{"city":{"id":2800866,"name":"Brussels","coord":{"lon":4.3488,"lat":50.8504},"country":"BE","population":1019022,"timezone":7200},"cod":"200","message":36.948503,"cnt":4,"list":[{"dt":1713092400,"sunrise":1713070161,"sunset":1713119748,"temp":{"day":15.38,"min":10.12,"max":16.22,"night":10.12,"eve":15.5,"morn":10.55},"feels_like":{"day":14.46,"night":9.2,"eve":14.62,"morn":10.09},"pressure":1023,"humidity":57,"weather":[{"id":500,"main":"Rain","description":"light rain","icon":"10d"}],"speed":5.62,"deg":257,"gust":13.27,"clouds":88,"pop":0.2,"rain":0.12},{"dt":1713178800,"sunrise":1713156435,"sunset":1713206246,"temp":{"day":9.28,"min":5.56,"max":11.3,"night":5.56,"eve":7.97,"morn":6.38},"feels_like":{"day":4.83,"night":0.84,"eve":3.88,"morn":2.62},"pressure":1005,"humidity":82,"weather":[{"id":501,"main":"Rain","description":"moderate rain","icon":"10d"}],"speed":12.13,"deg":229,"gust":20.68,"clouds":76,"pop":1,"rain":7.57},{"dt":1713265200,"sunrise":1713242709,"sunset":1713292743,"temp":{"day":7.55,"min":4.93,"max":8.78,"night":5.15,"eve":7.49,"morn":6.42},"feels_like":{"day":3.43,"night":1.87,"eve":3.48,"morn":1.74},"pressure":1011,"humidity":89,"weather":[{"id":500,"main":"Rain","description":"light rain","icon":"10d"}],"speed":9.35,"deg":314,"gust":17.15,"clouds":100,"pop":1,"rain":4.3},{"dt":1713351600,"sunrise":1713328984,"sunset":1713379241,"temp":{"day":7.31,"min":2.11,"max":7.31,"night":3.46,"eve":6.23,"morn":2.8},"feels_like":{"day":4.47,"night":0.6,"eve":2.7,"morn":-0.21},"pressure":1010,"humidity":78,"weather":[{"id":501,"main":"Rain","description":"moderate rain","icon":"10d"}],"speed":5.39,"deg":333,"gust":9.71,"clouds":100,"pop":1,"rain":10.08}]}
--- ENF OF RECEIVED DATA ---

{"city":{"id":2800866,"name":"Brussels","coord":{"lon":4.3488,"lat":50.8504},"country":"BE","population":1019022,"timezone":7200},"cod":"200","message":36.948503,"cnt":4,"list":[{"dt":1713092400,"sunrise":1713070161,"sunset":1713119748,"temp":{"day":15.38,"min":10.12,"max":16.22,"night":10.12,"eve":15.5,"morn":10.55},"feels_like":{"day":14.46,"night":9.2,"eve":14.62,"morn":10.09},"pressure":1023,"humidity":57,"weather":[{"id":500,"main":"Rain","description":"light rain","icon":"10d"}],"speed":5.62,"deg":257,"gust":13.27,"clouds":88,"pop":0.2,"rain":0.12},{"dt":1713178800,"sunrise":1713156435,"sunset":1713206246,"temp":{"day":9.28,"min":5.56,"max":11.3,"night":5.56,"eve":7.97,"morn":6.38},"feels_like":{"day":4.83,"night":0.84,"eve":3.88,"morn":2.62},"pressure":1005,"humidity":82,"weather":[{"id":501,"main":"Rain","description":"moderate rain","icon":"10d"}],"speed":12.13,"deg":229,"gust":20.68,"clouds":76,"pop":1,"rain":7.57},{"dt":1713265200,"sunrise":1713242709,"sunset":1713292743,"temp":{"day":7.55,"min":4.93,"max":8.78,"night":5.15,"eve":7.49,"morn":6.42},"feels_like":{"day":3.43,"night":1.87,"eve":3.48,"morn":1.74},"pressure":1011,"humidity":89,"weather":[{"id":500,"main":"Rain","description":"light rain","icon":"10d"}],"speed":9.35,"deg":314,"gust":17.15,"clouds":100,"pop":1,"rain":4.3},{"dt":1713351600,"sunrise":1713328984,"sunset":1713379241,"temp":{"day":7.31,"min":2.11,"max":7.31,"night":3.46,"eve":6.23,"morn":2.8},"feels_like":{"day":4.47,"night":0.6,"eve":2.7,"morn":-0.21},"pressure":1010,"humidity":78,"weather":[{"id":501,"main":"Rain","description":"moderate rain","icon":"10d"}],"speed":5.39,"deg":333,"gust":9.71,"clouds":100,"pop":1,"rain":10.08}]}
--- ENF OF RECEIVED DATA ---

