________________________________________________
|             CALL API : START                |
________________________________________________

Informations : 
Called API: meteo - 13 May 2023, 23:10
Method: GETMETEO - Timeout : 300 - Cache : 1
URL CALLED : https://api.openweathermap.org/data/2.5/forecast/daily?q=Brussels,be&units=metric&cnt=4&appid=ea18c0706135505149200c3836f29800
-------------------------
________________________________________________
|             CALL API : START                |
________________________________________________

Informations : 
Called API: meteo - 13 May 2023, 23:10
Method: GETMETEO - Timeout : 300 - Cache : 1
URL CALLED : https://api.openweathermap.org/data/2.5/forecast/daily?q=Brussels,be&units=metric&cnt=4&appid=ea18c0706135505149200c3836f29800
-------------------------
{"city":{"id":2800866,"name":"Brussels","coord":{"lon":4.3488,"lat":50.8504},"country":"BE","population":1019022,"timezone":7200},"cod":"200","message":0.1475057,"cnt":4,"list":[{"dt":1683975600,"sunrise":1683950220,"sunset":1684005661,"temp":{"day":19.75,"min":10.61,"max":20.76,"night":13.65,"eve":15.94,"morn":11.25},"feels_like":{"day":19.32,"night":13.39,"eve":15.63,"morn":10.88},"pressure":1020,"humidity":59,"weather":[{"id":500,"main":"Rain","description":"light rain","icon":"10d"}],"speed":4.89,"deg":20,"gust":7.04,"clouds":16,"pop":0.75,"rain":4.31},{"dt":1684062000,"sunrise":1684036531,"sunset":1684092151,"temp":{"day":18.45,"min":9.86,"max":19.43,"night":10.93,"eve":15.83,"morn":10.48},"feels_like":{"day":17.97,"night":10.3,"eve":15.53,"morn":10.04},"pressure":1018,"humidity":62,"weather":[{"id":500,"main":"Rain","description":"light rain","icon":"10d"}],"speed":5.26,"deg":329,"gust":8.61,"clouds":74,"pop":0.54,"rain":1.25},{"dt":1684148400,"sunrise":1684122843,"sunset":1684178641,"temp":{"day":12.22,"min":8.32,"max":14.12,"night":9.03,"eve":10.8,"morn":9.1},"feels_like":{"day":11.82,"night":6.22,"eve":10.29,"morn":8.11},"pressure":1014,"humidity":89,"weather":[{"id":500,"main":"Rain","description":"light rain","icon":"10d"}],"speed":6.68,"deg":332,"gust":10.63,"clouds":100,"pop":0.65,"rain":2.74},{"dt":1684234800,"sunrise":1684209158,"sunset":1684265129,"temp":{"day":10.57,"min":6.15,"max":10.69,"night":7.81,"eve":8.39,"morn":6.67},"feels_like":{"day":9.69,"night":5.01,"eve":5.47,"morn":3.79},"pressure":1018,"humidity":77,"weather":[{"id":500,"main":"Rain","description":"light rain","icon":"10d"}],"speed":7.36,"deg":352,"gust":10.94,"clouds":85,"pop":1,"rain":5.12}]}
--- ENF OF RECEIVED DATA ---

{"city":{"id":2800866,"name":"Brussels","coord":{"lon":4.3488,"lat":50.8504},"country":"BE","population":1019022,"timezone":7200},"cod":"200","message":0.1475057,"cnt":4,"list":[{"dt":1683975600,"sunrise":1683950220,"sunset":1684005661,"temp":{"day":19.75,"min":10.61,"max":20.76,"night":13.65,"eve":15.94,"morn":11.25},"feels_like":{"day":19.32,"night":13.39,"eve":15.63,"morn":10.88},"pressure":1020,"humidity":59,"weather":[{"id":500,"main":"Rain","description":"light rain","icon":"10d"}],"speed":4.89,"deg":20,"gust":7.04,"clouds":16,"pop":0.75,"rain":4.31},{"dt":1684062000,"sunrise":1684036531,"sunset":1684092151,"temp":{"day":18.45,"min":9.86,"max":19.43,"night":10.93,"eve":15.83,"morn":10.48},"feels_like":{"day":17.97,"night":10.3,"eve":15.53,"morn":10.04},"pressure":1018,"humidity":62,"weather":[{"id":500,"main":"Rain","description":"light rain","icon":"10d"}],"speed":5.26,"deg":329,"gust":8.61,"clouds":74,"pop":0.54,"rain":1.25},{"dt":1684148400,"sunrise":1684122843,"sunset":1684178641,"temp":{"day":12.22,"min":8.32,"max":14.12,"night":9.03,"eve":10.8,"morn":9.1},"feels_like":{"day":11.82,"night":6.22,"eve":10.29,"morn":8.11},"pressure":1014,"humidity":89,"weather":[{"id":500,"main":"Rain","description":"light rain","icon":"10d"}],"speed":6.68,"deg":332,"gust":10.63,"clouds":100,"pop":0.65,"rain":2.74},{"dt":1684234800,"sunrise":1684209158,"sunset":1684265129,"temp":{"day":10.57,"min":6.15,"max":10.69,"night":7.81,"eve":8.39,"morn":6.67},"feels_like":{"day":9.69,"night":5.01,"eve":5.47,"morn":3.79},"pressure":1018,"humidity":77,"weather":[{"id":500,"main":"Rain","description":"light rain","icon":"10d"}],"speed":7.36,"deg":352,"gust":10.94,"clouds":85,"pop":1,"rain":5.12}]}
--- ENF OF RECEIVED DATA ---

