________________________________________________
|             CALL API : START                |
________________________________________________

Informations : 
Called API: meteo - 16 March 2024, 08:10
Method: GETMETEO - Timeout : 300 - Cache : 1
URL CALLED : https://api.openweathermap.org/data/2.5/forecast/daily?q=Brussels,be&units=metric&cnt=4&appid=ea18c0706135505149200c3836f29800
-------------------------
________________________________________________
|             CALL API : START                |
________________________________________________

Informations : 
Called API: meteo - 16 March 2024, 08:10
Method: GETMETEO - Timeout : 300 - Cache : 1
URL CALLED : https://api.openweathermap.org/data/2.5/forecast/daily?q=Brussels,be&units=metric&cnt=4&appid=ea18c0706135505149200c3836f29800
-------------------------
{"city":{"id":2800866,"name":"Brussels","coord":{"lon":4.3488,"lat":50.8504},"country":"BE","population":1019022,"timezone":3600},"cod":"200","message":3.1452216,"cnt":4,"list":[{"dt":1710586800,"sunrise":1710568420,"sunset":1710611323,"temp":{"day":9.85,"min":7.6,"max":12.32,"night":7.97,"eve":11.15,"morn":7.98},"feels_like":{"day":8.66,"night":6.27,"eve":9.86,"morn":5.3},"pressure":1021,"humidity":67,"weather":[{"id":500,"main":"Rain","description":"light rain","icon":"10d"}],"speed":5.96,"deg":234,"gust":11.86,"clouds":75,"pop":1,"rain":1.59},{"dt":1710673200,"sunrise":1710654685,"sunset":1710697822,"temp":{"day":10.31,"min":7.36,"max":11.31,"night":10.9,"eve":11.1,"morn":8.73},"feels_like":{"day":9.72,"night":10.42,"eve":10.54,"morn":6.65},"pressure":1020,"humidity":89,"weather":[{"id":500,"main":"Rain","description":"light rain","icon":"10d"}],"speed":5.11,"deg":173,"gust":11.39,"clouds":100,"pop":1,"rain":1.97},{"dt":1710759600,"sunrise":1710740950,"sunset":1710784320,"temp":{"day":14.02,"min":9.1,"max":15.79,"night":9.1,"eve":13.28,"morn":9.28},"feels_like":{"day":13.2,"night":7.8,"eve":12.6,"morn":7.75},"pressure":1015,"humidity":66,"weather":[{"id":500,"main":"Rain","description":"light rain","icon":"10d"}],"speed":5.19,"deg":267,"gust":8.02,"clouds":90,"pop":0.93,"rain":1},{"dt":1710846000,"sunrise":1710827215,"sunset":1710870818,"temp":{"day":15.46,"min":8.72,"max":16.64,"night":11.79,"eve":13.15,"morn":8.91},"feels_like":{"day":14.76,"night":10.98,"eve":12.32,"morn":7.3},"pressure":1016,"humidity":65,"weather":[{"id":500,"main":"Rain","description":"light rain","icon":"10d"}],"speed":3.51,"deg":238,"gust":7.17,"clouds":99,"pop":0.2,"rain":0.16}]}
--- ENF OF RECEIVED DATA ---

{"city":{"id":2800866,"name":"Brussels","coord":{"lon":4.3488,"lat":50.8504},"country":"BE","population":1019022,"timezone":3600},"cod":"200","message":3.1452216,"cnt":4,"list":[{"dt":1710586800,"sunrise":1710568420,"sunset":1710611323,"temp":{"day":9.85,"min":7.6,"max":12.32,"night":7.97,"eve":11.15,"morn":7.98},"feels_like":{"day":8.66,"night":6.27,"eve":9.86,"morn":5.3},"pressure":1021,"humidity":67,"weather":[{"id":500,"main":"Rain","description":"light rain","icon":"10d"}],"speed":5.96,"deg":234,"gust":11.86,"clouds":75,"pop":1,"rain":1.59},{"dt":1710673200,"sunrise":1710654685,"sunset":1710697822,"temp":{"day":10.31,"min":7.36,"max":11.31,"night":10.9,"eve":11.1,"morn":8.73},"feels_like":{"day":9.72,"night":10.42,"eve":10.54,"morn":6.65},"pressure":1020,"humidity":89,"weather":[{"id":500,"main":"Rain","description":"light rain","icon":"10d"}],"speed":5.11,"deg":173,"gust":11.39,"clouds":100,"pop":1,"rain":1.97},{"dt":1710759600,"sunrise":1710740950,"sunset":1710784320,"temp":{"day":14.02,"min":9.1,"max":15.79,"night":9.1,"eve":13.28,"morn":9.28},"feels_like":{"day":13.2,"night":7.8,"eve":12.6,"morn":7.75},"pressure":1015,"humidity":66,"weather":[{"id":500,"main":"Rain","description":"light rain","icon":"10d"}],"speed":5.19,"deg":267,"gust":8.02,"clouds":90,"pop":0.93,"rain":1},{"dt":1710846000,"sunrise":1710827215,"sunset":1710870818,"temp":{"day":15.46,"min":8.72,"max":16.64,"night":11.79,"eve":13.15,"morn":8.91},"feels_like":{"day":14.76,"night":10.98,"eve":12.32,"morn":7.3},"pressure":1016,"humidity":65,"weather":[{"id":500,"main":"Rain","description":"light rain","icon":"10d"}],"speed":3.51,"deg":238,"gust":7.17,"clouds":99,"pop":0.2,"rain":0.16}]}
--- ENF OF RECEIVED DATA ---

