________________________________________________
|             CALL API : START                |
________________________________________________

Informations : 
Called API: meteo - 2 January 2025, 19:10
Method: GETMETEO - Timeout : 300 - Cache : 1
URL CALLED : https://api.openweathermap.org/data/2.5/forecast/daily?q=Brussels,be&units=metric&cnt=4&appid=ea18c0706135505149200c3836f29800
-------------------------
________________________________________________
|             CALL API : START                |
________________________________________________

Informations : 
Called API: meteo - 2 January 2025, 19:10
Method: GETMETEO - Timeout : 300 - Cache : 1
URL CALLED : https://api.openweathermap.org/data/2.5/forecast/daily?q=Brussels,be&units=metric&cnt=4&appid=ea18c0706135505149200c3836f29800
-------------------------
{"city":{"id":2800866,"name":"Brussels","coord":{"lon":4.3488,"lat":50.8504},"country":"BE","population":1019022,"timezone":3600},"cod":"200","message":0.7022132,"cnt":4,"list":[{"dt":1735815600,"sunrise":1735803894,"sunset":1735832886,"temp":{"day":5.67,"min":2.03,"max":6.48,"night":2.03,"eve":2.31,"morn":4.54},"feels_like":{"day":3.23,"night":-1.43,"eve":-0.77,"morn":1.21},"pressure":1015,"humidity":80,"weather":[{"id":501,"main":"Rain","description":"moderate rain","icon":"10d"}],"speed":4.8,"deg":233,"gust":9.37,"clouds":59,"pop":1,"rain":11.31},{"dt":1735902000,"sunrise":1735890284,"sunset":1735919351,"temp":{"day":2.69,"min":0.13,"max":3.67,"night":2.22,"eve":2.47,"morn":0.27},"feels_like":{"day":-1.7,"night":-0.49,"eve":-1.07,"morn":-4.13},"pressure":1023,"humidity":69,"weather":[{"id":802,"main":"Clouds","description":"scattered clouds","icon":"03d"}],"speed":5.7,"deg":264,"gust":9.87,"clouds":44,"pop":0.05},{"dt":1735988400,"sunrise":1735976670,"sunset":1736005818,"temp":{"day":2.39,"min":0.23,"max":3.11,"night":0.35,"eve":1.76,"morn":0.48},"feels_like":{"day":-0.69,"night":-3.88,"eve":-2.23,"morn":-2.78},"pressure":1020,"humidity":69,"weather":[{"id":601,"main":"Snow","description":"snow","icon":"13d"}],"speed":4.73,"deg":132,"gust":10.66,"clouds":100,"pop":1,"snow":2.86},{"dt":1736074800,"sunrise":1736063053,"sunset":1736092288,"temp":{"day":9.78,"min":0.56,"max":10.6,"night":10.03,"eve":10.09,"morn":6.09},"feels_like":{"day":5.98,"night":9.2,"eve":9.19,"morn":2.63},"pressure":997,"humidity":88,"weather":[{"id":501,"main":"Rain","description":"moderate rain","icon":"10d"}],"speed":10.41,"deg":216,"gust":21.01,"clouds":100,"pop":1,"rain":16.66}]}
--- ENF OF RECEIVED DATA ---

{"city":{"id":2800866,"name":"Brussels","coord":{"lon":4.3488,"lat":50.8504},"country":"BE","population":1019022,"timezone":3600},"cod":"200","message":0.7022132,"cnt":4,"list":[{"dt":1735815600,"sunrise":1735803894,"sunset":1735832886,"temp":{"day":5.67,"min":2.03,"max":6.48,"night":2.03,"eve":2.31,"morn":4.54},"feels_like":{"day":3.23,"night":-1.43,"eve":-0.77,"morn":1.21},"pressure":1015,"humidity":80,"weather":[{"id":501,"main":"Rain","description":"moderate rain","icon":"10d"}],"speed":4.8,"deg":233,"gust":9.37,"clouds":59,"pop":1,"rain":11.31},{"dt":1735902000,"sunrise":1735890284,"sunset":1735919351,"temp":{"day":2.69,"min":0.13,"max":3.67,"night":2.22,"eve":2.47,"morn":0.27},"feels_like":{"day":-1.7,"night":-0.49,"eve":-1.07,"morn":-4.13},"pressure":1023,"humidity":69,"weather":[{"id":802,"main":"Clouds","description":"scattered clouds","icon":"03d"}],"speed":5.7,"deg":264,"gust":9.87,"clouds":44,"pop":0.05},{"dt":1735988400,"sunrise":1735976670,"sunset":1736005818,"temp":{"day":2.39,"min":0.23,"max":3.11,"night":0.35,"eve":1.76,"morn":0.48},"feels_like":{"day":-0.69,"night":-3.88,"eve":-2.23,"morn":-2.78},"pressure":1020,"humidity":69,"weather":[{"id":601,"main":"Snow","description":"snow","icon":"13d"}],"speed":4.73,"deg":132,"gust":10.66,"clouds":100,"pop":1,"snow":2.86},{"dt":1736074800,"sunrise":1736063053,"sunset":1736092288,"temp":{"day":9.78,"min":0.56,"max":10.6,"night":10.03,"eve":10.09,"morn":6.09},"feels_like":{"day":5.98,"night":9.2,"eve":9.19,"morn":2.63},"pressure":997,"humidity":88,"weather":[{"id":501,"main":"Rain","description":"moderate rain","icon":"10d"}],"speed":10.41,"deg":216,"gust":21.01,"clouds":100,"pop":1,"rain":16.66}]}
--- ENF OF RECEIVED DATA ---

