________________________________________________
|             CALL API : START                |
________________________________________________

Informations : 
Called API: meteo - 25 March 2024, 01:20
Method: GETMETEO - Timeout : 300 - Cache : 1
URL CALLED : https://api.openweathermap.org/data/2.5/forecast/daily?q=Brussels,be&units=metric&cnt=4&appid=ea18c0706135505149200c3836f29800
-------------------------
________________________________________________
|             CALL API : START                |
________________________________________________

Informations : 
Called API: meteo - 25 March 2024, 01:20
Method: GETMETEO - Timeout : 300 - Cache : 1
URL CALLED : https://api.openweathermap.org/data/2.5/forecast/daily?q=Brussels,be&units=metric&cnt=4&appid=ea18c0706135505149200c3836f29800
-------------------------
{"city":{"id":2800866,"name":"Brussels","coord":{"lon":4.3488,"lat":50.8504},"country":"BE","population":1019022,"timezone":3600},"cod":"200","message":0.21606,"cnt":4,"list":[{"dt":1711364400,"sunrise":1711344804,"sunset":1711389804,"temp":{"day":9.6,"min":2.62,"max":11.56,"night":6.71,"eve":10,"morn":2.62},"feels_like":{"day":7.74,"night":3.69,"eve":8.02,"morn":0.22},"pressure":1006,"humidity":60,"weather":[{"id":804,"main":"Clouds","description":"overcast clouds","icon":"04d"}],"speed":4.9,"deg":115,"gust":10.66,"clouds":100,"pop":0},{"dt":1711450800,"sunrise":1711431069,"sunset":1711476301,"temp":{"day":9.61,"min":4.18,"max":13.72,"night":8.72,"eve":10.03,"morn":4.84},"feels_like":{"day":7.7,"night":7.27,"eve":9.49,"morn":1.85},"pressure":990,"humidity":79,"weather":[{"id":500,"main":"Rain","description":"light rain","icon":"10d"}],"speed":4.64,"deg":103,"gust":11.08,"clouds":100,"pop":1,"rain":1.61},{"dt":1711537200,"sunrise":1711517334,"sunset":1711562798,"temp":{"day":10.06,"min":5.93,"max":12.54,"night":8.89,"eve":10.06,"morn":6.46},"feels_like":{"day":8.79,"night":5.41,"eve":8.98,"morn":3.02},"pressure":988,"humidity":64,"weather":[{"id":500,"main":"Rain","description":"light rain","icon":"10d"}],"speed":9.14,"deg":195,"gust":15.53,"clouds":90,"pop":0.86,"rain":0.42},{"dt":1711623600,"sunrise":1711603599,"sunset":1711649295,"temp":{"day":11.32,"min":5.61,"max":11.45,"night":7.39,"eve":9.1,"morn":5.61},"feels_like":{"day":10,"night":3.38,"eve":5.34,"morn":0.78},"pressure":990,"humidity":57,"weather":[{"id":500,"main":"Rain","description":"light rain","icon":"10d"}],"speed":10.78,"deg":208,"gust":17.42,"clouds":87,"pop":0.99,"rain":1.09}]}
--- ENF OF RECEIVED DATA ---

{"city":{"id":2800866,"name":"Brussels","coord":{"lon":4.3488,"lat":50.8504},"country":"BE","population":1019022,"timezone":3600},"cod":"200","message":0.21606,"cnt":4,"list":[{"dt":1711364400,"sunrise":1711344804,"sunset":1711389804,"temp":{"day":9.6,"min":2.62,"max":11.56,"night":6.71,"eve":10,"morn":2.62},"feels_like":{"day":7.74,"night":3.69,"eve":8.02,"morn":0.22},"pressure":1006,"humidity":60,"weather":[{"id":804,"main":"Clouds","description":"overcast clouds","icon":"04d"}],"speed":4.9,"deg":115,"gust":10.66,"clouds":100,"pop":0},{"dt":1711450800,"sunrise":1711431069,"sunset":1711476301,"temp":{"day":9.61,"min":4.18,"max":13.72,"night":8.72,"eve":10.03,"morn":4.84},"feels_like":{"day":7.7,"night":7.27,"eve":9.49,"morn":1.85},"pressure":990,"humidity":79,"weather":[{"id":500,"main":"Rain","description":"light rain","icon":"10d"}],"speed":4.64,"deg":103,"gust":11.08,"clouds":100,"pop":1,"rain":1.61},{"dt":1711537200,"sunrise":1711517334,"sunset":1711562798,"temp":{"day":10.06,"min":5.93,"max":12.54,"night":8.89,"eve":10.06,"morn":6.46},"feels_like":{"day":8.79,"night":5.41,"eve":8.98,"morn":3.02},"pressure":988,"humidity":64,"weather":[{"id":500,"main":"Rain","description":"light rain","icon":"10d"}],"speed":9.14,"deg":195,"gust":15.53,"clouds":90,"pop":0.86,"rain":0.42},{"dt":1711623600,"sunrise":1711603599,"sunset":1711649295,"temp":{"day":11.32,"min":5.61,"max":11.45,"night":7.39,"eve":9.1,"morn":5.61},"feels_like":{"day":10,"night":3.38,"eve":5.34,"morn":0.78},"pressure":990,"humidity":57,"weather":[{"id":500,"main":"Rain","description":"light rain","icon":"10d"}],"speed":10.78,"deg":208,"gust":17.42,"clouds":87,"pop":0.99,"rain":1.09}]}
--- ENF OF RECEIVED DATA ---

