________________________________________________
|             CALL API : START                |
________________________________________________

Informations : 
Called API: meteo - 14 January 2025, 00:10
Method: GETMETEO - Timeout : 300 - Cache : 1
URL CALLED : https://api.openweathermap.org/data/2.5/forecast/daily?q=Brussels,be&units=metric&cnt=4&appid=ea18c0706135505149200c3836f29800
-------------------------
________________________________________________
|             CALL API : START                |
________________________________________________

Informations : 
Called API: meteo - 14 January 2025, 00:10
Method: GETMETEO - Timeout : 300 - Cache : 1
URL CALLED : https://api.openweathermap.org/data/2.5/forecast/daily?q=Brussels,be&units=metric&cnt=4&appid=ea18c0706135505149200c3836f29800
-------------------------
{"city":{"id":2800866,"name":"Brussels","coord":{"lon":4.3488,"lat":50.8504},"country":"BE","population":1019022,"timezone":3600},"cod":"200","message":1.3592063,"cnt":4,"list":[{"dt":1736852400,"sunrise":1736840362,"sunset":1736870614,"temp":{"day":0.92,"min":-4.02,"max":2.24,"night":1.89,"eve":0.9,"morn":-3.72},"feels_like":{"day":-2.82,"night":-0.81,"eve":-2.56,"morn":-7.25},"pressure":1036,"humidity":84,"weather":[{"id":804,"main":"Clouds","description":"overcast clouds","icon":"04d"}],"speed":3.71,"deg":232,"gust":7.83,"clouds":98,"pop":0},{"dt":1736938800,"sunrise":1736926715,"sunset":1736957104,"temp":{"day":4.42,"min":2.09,"max":5.79,"night":4.18,"eve":4.48,"morn":2.29},"feels_like":{"day":4.42,"night":2.4,"eve":3.31,"morn":0.81},"pressure":1034,"humidity":99,"weather":[{"id":804,"main":"Clouds","description":"overcast clouds","icon":"04d"}],"speed":2.4,"deg":244,"gust":4.53,"clouds":100,"pop":0},{"dt":1737025200,"sunrise":1737013065,"sunset":1737043596,"temp":{"day":4.71,"min":1.43,"max":5.97,"night":1.83,"eve":3.05,"morn":2.04},"feels_like":{"day":3.7,"night":0.3,"eve":1.04,"morn":-0.15},"pressure":1037,"humidity":79,"weather":[{"id":800,"main":"Clear","description":"sky is clear","icon":"01d"}],"speed":2.5,"deg":112,"gust":3.46,"clouds":2,"pop":0},{"dt":1737111600,"sunrise":1737099412,"sunset":1737130089,"temp":{"day":5.02,"min":0.87,"max":5.02,"night":1.33,"eve":1.93,"morn":0.87},"feels_like":{"day":5.02,"night":1.33,"eve":0.33,"morn":0.87},"pressure":1037,"humidity":69,"weather":[{"id":800,"main":"Clear","description":"sky is clear","icon":"01d"}],"speed":1.7,"deg":141,"gust":1.84,"clouds":0,"pop":0}]}
--- ENF OF RECEIVED DATA ---

{"city":{"id":2800866,"name":"Brussels","coord":{"lon":4.3488,"lat":50.8504},"country":"BE","population":1019022,"timezone":3600},"cod":"200","message":1.3592063,"cnt":4,"list":[{"dt":1736852400,"sunrise":1736840362,"sunset":1736870614,"temp":{"day":0.92,"min":-4.02,"max":2.24,"night":1.89,"eve":0.9,"morn":-3.72},"feels_like":{"day":-2.82,"night":-0.81,"eve":-2.56,"morn":-7.25},"pressure":1036,"humidity":84,"weather":[{"id":804,"main":"Clouds","description":"overcast clouds","icon":"04d"}],"speed":3.71,"deg":232,"gust":7.83,"clouds":98,"pop":0},{"dt":1736938800,"sunrise":1736926715,"sunset":1736957104,"temp":{"day":4.42,"min":2.09,"max":5.79,"night":4.18,"eve":4.48,"morn":2.29},"feels_like":{"day":4.42,"night":2.4,"eve":3.31,"morn":0.81},"pressure":1034,"humidity":99,"weather":[{"id":804,"main":"Clouds","description":"overcast clouds","icon":"04d"}],"speed":2.4,"deg":244,"gust":4.53,"clouds":100,"pop":0},{"dt":1737025200,"sunrise":1737013065,"sunset":1737043596,"temp":{"day":4.71,"min":1.43,"max":5.97,"night":1.83,"eve":3.05,"morn":2.04},"feels_like":{"day":3.7,"night":0.3,"eve":1.04,"morn":-0.15},"pressure":1037,"humidity":79,"weather":[{"id":800,"main":"Clear","description":"sky is clear","icon":"01d"}],"speed":2.5,"deg":112,"gust":3.46,"clouds":2,"pop":0},{"dt":1737111600,"sunrise":1737099412,"sunset":1737130089,"temp":{"day":5.02,"min":0.87,"max":5.02,"night":1.33,"eve":1.93,"morn":0.87},"feels_like":{"day":5.02,"night":1.33,"eve":0.33,"morn":0.87},"pressure":1037,"humidity":69,"weather":[{"id":800,"main":"Clear","description":"sky is clear","icon":"01d"}],"speed":1.7,"deg":141,"gust":1.84,"clouds":0,"pop":0}]}
--- ENF OF RECEIVED DATA ---

