________________________________________________
|             CALL API : START                |
________________________________________________

Informations : 
Called API: meteo - 16 September 2023, 15:50
Method: GETMETEO - Timeout : 300 - Cache : 1
URL CALLED : https://api.openweathermap.org/data/2.5/forecast/daily?q=Brussels,be&units=metric&cnt=4&appid=ea18c0706135505149200c3836f29800
-------------------------
________________________________________________
|             CALL API : START                |
________________________________________________

Informations : 
Called API: meteo - 16 September 2023, 15:50
Method: GETMETEO - Timeout : 300 - Cache : 1
URL CALLED : https://api.openweathermap.org/data/2.5/forecast/daily?q=Brussels,be&units=metric&cnt=4&appid=ea18c0706135505149200c3836f29800
-------------------------
{"city":{"id":2800866,"name":"Brussels","coord":{"lon":4.3488,"lat":50.8504},"country":"BE","population":1019022,"timezone":7200},"cod":"200","message":0.0516426,"cnt":4,"list":[{"dt":1694862000,"sunrise":1694841531,"sunset":1694886998,"temp":{"day":24.68,"min":15.39,"max":25.54,"night":18.83,"eve":23.04,"morn":15.39},"feels_like":{"day":24.72,"night":19.04,"eve":23.23,"morn":15.02},"pressure":1013,"humidity":58,"weather":[{"id":500,"main":"Rain","description":"light rain","icon":"10d"}],"speed":2.55,"deg":106,"gust":4.41,"clouds":52,"pop":0.67,"rain":2.32},{"dt":1694948400,"sunrise":1694928023,"sunset":1694973262,"temp":{"day":21.06,"min":17.36,"max":24.29,"night":19.2,"eve":22.62,"morn":17.45},"feels_like":{"day":21.26,"night":19.47,"eve":22.79,"morn":17.76},"pressure":1013,"humidity":78,"weather":[{"id":501,"main":"Rain","description":"moderate rain","icon":"10d"}],"speed":3.43,"deg":198,"gust":5.93,"clouds":91,"pop":0.94,"rain":9.42},{"dt":1695034800,"sunrise":1695014515,"sunset":1695059525,"temp":{"day":23.49,"min":16.84,"max":24.35,"night":16.84,"eve":21.04,"morn":18.36},"feels_like":{"day":23.28,"night":16.64,"eve":20.79,"morn":18.55},"pressure":1007,"humidity":53,"weather":[{"id":500,"main":"Rain","description":"light rain","icon":"10d"}],"speed":8.54,"deg":219,"gust":15.38,"clouds":53,"pop":0.85,"rain":1.31},{"dt":1695121200,"sunrise":1695101008,"sunset":1695145788,"temp":{"day":19.96,"min":13.46,"max":19.96,"night":16.64,"eve":16.12,"morn":13.46},"feels_like":{"day":19.47,"night":16.24,"eve":15.82,"morn":13.32},"pressure":1011,"humidity":56,"weather":[{"id":500,"main":"Rain","description":"light rain","icon":"10d"}],"speed":8.15,"deg":235,"gust":13.71,"clouds":98,"pop":0.2,"rain":0.27}]}
--- ENF OF RECEIVED DATA ---

{"city":{"id":2800866,"name":"Brussels","coord":{"lon":4.3488,"lat":50.8504},"country":"BE","population":1019022,"timezone":7200},"cod":"200","message":0.0516426,"cnt":4,"list":[{"dt":1694862000,"sunrise":1694841531,"sunset":1694886998,"temp":{"day":24.68,"min":15.39,"max":25.54,"night":18.83,"eve":23.04,"morn":15.39},"feels_like":{"day":24.72,"night":19.04,"eve":23.23,"morn":15.02},"pressure":1013,"humidity":58,"weather":[{"id":500,"main":"Rain","description":"light rain","icon":"10d"}],"speed":2.55,"deg":106,"gust":4.41,"clouds":52,"pop":0.67,"rain":2.32},{"dt":1694948400,"sunrise":1694928023,"sunset":1694973262,"temp":{"day":21.06,"min":17.36,"max":24.29,"night":19.2,"eve":22.62,"morn":17.45},"feels_like":{"day":21.26,"night":19.47,"eve":22.79,"morn":17.76},"pressure":1013,"humidity":78,"weather":[{"id":501,"main":"Rain","description":"moderate rain","icon":"10d"}],"speed":3.43,"deg":198,"gust":5.93,"clouds":91,"pop":0.94,"rain":9.42},{"dt":1695034800,"sunrise":1695014515,"sunset":1695059525,"temp":{"day":23.49,"min":16.84,"max":24.35,"night":16.84,"eve":21.04,"morn":18.36},"feels_like":{"day":23.28,"night":16.64,"eve":20.79,"morn":18.55},"pressure":1007,"humidity":53,"weather":[{"id":500,"main":"Rain","description":"light rain","icon":"10d"}],"speed":8.54,"deg":219,"gust":15.38,"clouds":53,"pop":0.85,"rain":1.31},{"dt":1695121200,"sunrise":1695101008,"sunset":1695145788,"temp":{"day":19.96,"min":13.46,"max":19.96,"night":16.64,"eve":16.12,"morn":13.46},"feels_like":{"day":19.47,"night":16.24,"eve":15.82,"morn":13.32},"pressure":1011,"humidity":56,"weather":[{"id":500,"main":"Rain","description":"light rain","icon":"10d"}],"speed":8.15,"deg":235,"gust":13.71,"clouds":98,"pop":0.2,"rain":0.27}]}
--- ENF OF RECEIVED DATA ---

