________________________________________________
|             CALL API : START                |
________________________________________________

Informations : 
Called API: meteo - 20 September 2024, 07:40
Method: GETMETEO - Timeout : 300 - Cache : 1
URL CALLED : https://api.openweathermap.org/data/2.5/forecast/daily?q=Brussels,be&units=metric&cnt=4&appid=ea18c0706135505149200c3836f29800
-------------------------
________________________________________________
|             CALL API : START                |
________________________________________________

Informations : 
Called API: meteo - 20 September 2024, 07:40
Method: GETMETEO - Timeout : 300 - Cache : 1
URL CALLED : https://api.openweathermap.org/data/2.5/forecast/daily?q=Brussels,be&units=metric&cnt=4&appid=ea18c0706135505149200c3836f29800
-------------------------
{"city":{"id":2800866,"name":"Brussels","coord":{"lon":4.3488,"lat":50.8504},"country":"BE","population":1019022,"timezone":7200},"cod":"200","message":0.2894141,"cnt":4,"list":[{"dt":1726830000,"sunrise":1726809969,"sunset":1726854350,"temp":{"day":20.57,"min":12.73,"max":22.84,"night":16.67,"eve":20.42,"morn":12.73},"feels_like":{"day":20.14,"night":16.38,"eve":20.21,"morn":12.41},"pressure":1019,"humidity":56,"weather":[{"id":800,"main":"Clear","description":"sky is clear","icon":"01d"}],"speed":5.33,"deg":94,"gust":11.57,"clouds":0,"pop":0.8},{"dt":1726916400,"sunrise":1726896461,"sunset":1726940613,"temp":{"day":22.63,"min":14.33,"max":24.38,"night":17.4,"eve":21.64,"morn":14.37},"feels_like":{"day":22.36,"night":16.97,"eve":21.37,"morn":13.93},"pressure":1019,"humidity":54,"weather":[{"id":803,"main":"Clouds","description":"broken clouds","icon":"04d"}],"speed":3.09,"deg":116,"gust":5.64,"clouds":70,"pop":0},{"dt":1727002800,"sunrise":1726982954,"sunset":1727026876,"temp":{"day":20.93,"min":15.28,"max":22.42,"night":15.5,"eve":17.22,"morn":15.4},"feels_like":{"day":20.83,"night":15.56,"eve":17.4,"morn":15.11},"pressure":1015,"humidity":67,"weather":[{"id":500,"main":"Rain","description":"light rain","icon":"10d"}],"speed":4.23,"deg":187,"gust":7.73,"clouds":100,"pop":1,"rain":3.31},{"dt":1727089200,"sunrise":1727069447,"sunset":1727113139,"temp":{"day":19.29,"min":13.7,"max":19.29,"night":13.7,"eve":15.27,"morn":15.22},"feels_like":{"day":18.79,"night":13.14,"eve":14.76,"morn":15.28},"pressure":1011,"humidity":58,"weather":[{"id":501,"main":"Rain","description":"moderate rain","icon":"10d"}],"speed":7.11,"deg":229,"gust":9.78,"clouds":19,"pop":1,"rain":3.24}]}
--- ENF OF RECEIVED DATA ---

{"city":{"id":2800866,"name":"Brussels","coord":{"lon":4.3488,"lat":50.8504},"country":"BE","population":1019022,"timezone":7200},"cod":"200","message":0.2894141,"cnt":4,"list":[{"dt":1726830000,"sunrise":1726809969,"sunset":1726854350,"temp":{"day":20.57,"min":12.73,"max":22.84,"night":16.67,"eve":20.42,"morn":12.73},"feels_like":{"day":20.14,"night":16.38,"eve":20.21,"morn":12.41},"pressure":1019,"humidity":56,"weather":[{"id":800,"main":"Clear","description":"sky is clear","icon":"01d"}],"speed":5.33,"deg":94,"gust":11.57,"clouds":0,"pop":0.8},{"dt":1726916400,"sunrise":1726896461,"sunset":1726940613,"temp":{"day":22.63,"min":14.33,"max":24.38,"night":17.4,"eve":21.64,"morn":14.37},"feels_like":{"day":22.36,"night":16.97,"eve":21.37,"morn":13.93},"pressure":1019,"humidity":54,"weather":[{"id":803,"main":"Clouds","description":"broken clouds","icon":"04d"}],"speed":3.09,"deg":116,"gust":5.64,"clouds":70,"pop":0},{"dt":1727002800,"sunrise":1726982954,"sunset":1727026876,"temp":{"day":20.93,"min":15.28,"max":22.42,"night":15.5,"eve":17.22,"morn":15.4},"feels_like":{"day":20.83,"night":15.56,"eve":17.4,"morn":15.11},"pressure":1015,"humidity":67,"weather":[{"id":500,"main":"Rain","description":"light rain","icon":"10d"}],"speed":4.23,"deg":187,"gust":7.73,"clouds":100,"pop":1,"rain":3.31},{"dt":1727089200,"sunrise":1727069447,"sunset":1727113139,"temp":{"day":19.29,"min":13.7,"max":19.29,"night":13.7,"eve":15.27,"morn":15.22},"feels_like":{"day":18.79,"night":13.14,"eve":14.76,"morn":15.28},"pressure":1011,"humidity":58,"weather":[{"id":501,"main":"Rain","description":"moderate rain","icon":"10d"}],"speed":7.11,"deg":229,"gust":9.78,"clouds":19,"pop":1,"rain":3.24}]}
--- ENF OF RECEIVED DATA ---

