________________________________________________
|             CALL API : START                |
________________________________________________

Informations : 
Called API: meteo - 29 May 2023, 23:10
Method: GETMETEO - Timeout : 300 - Cache : 1
URL CALLED : https://api.openweathermap.org/data/2.5/forecast/daily?q=Brussels,be&units=metric&cnt=4&appid=ea18c0706135505149200c3836f29800
-------------------------
________________________________________________
|             CALL API : START                |
________________________________________________

Informations : 
Called API: meteo - 29 May 2023, 23:10
Method: GETMETEO - Timeout : 300 - Cache : 1
URL CALLED : https://api.openweathermap.org/data/2.5/forecast/daily?q=Brussels,be&units=metric&cnt=4&appid=ea18c0706135505149200c3836f29800
-------------------------
{"city":{"id":2800866,"name":"Brussels","coord":{"lon":4.3488,"lat":50.8504},"country":"BE","population":1019022,"timezone":7200},"cod":"200","message":0.0467799,"cnt":4,"list":[{"dt":1685358000,"sunrise":1685331445,"sunset":1685389371,"temp":{"day":17.28,"min":9.29,"max":18.38,"night":13.17,"eve":16.5,"morn":9.57},"feels_like":{"day":16.5,"night":12.29,"eve":15.64,"morn":6.86},"pressure":1024,"humidity":55,"weather":[{"id":803,"main":"Clouds","description":"broken clouds","icon":"04d"}],"speed":6.7,"deg":43,"gust":13.25,"clouds":66,"pop":0},{"dt":1685444400,"sunrise":1685417791,"sunset":1685475840,"temp":{"day":17.89,"min":6.88,"max":20.22,"night":11.28,"eve":17.05,"morn":7.88},"feels_like":{"day":17.09,"night":10.68,"eve":16.59,"morn":5.19},"pressure":1026,"humidity":52,"weather":[{"id":802,"main":"Clouds","description":"scattered clouds","icon":"03d"}],"speed":6.02,"deg":32,"gust":12.12,"clouds":40,"pop":0},{"dt":1685530800,"sunrise":1685504140,"sunset":1685562308,"temp":{"day":21,"min":9.18,"max":22.8,"night":15.31,"eve":21.75,"morn":10.34},"feels_like":{"day":20.51,"night":15.04,"eve":21.47,"morn":9.78},"pressure":1024,"humidity":52,"weather":[{"id":801,"main":"Clouds","description":"few clouds","icon":"02d"}],"speed":6.16,"deg":55,"gust":11.35,"clouds":14,"pop":0},{"dt":1685617200,"sunrise":1685590492,"sunset":1685648774,"temp":{"day":18.81,"min":9.17,"max":20.85,"night":11.74,"eve":17.33,"morn":9.9},"feels_like":{"day":18.23,"night":11.01,"eve":16.82,"morn":8.01},"pressure":1023,"humidity":57,"weather":[{"id":802,"main":"Clouds","description":"scattered clouds","icon":"03d"}],"speed":5.23,"deg":1,"gust":11.45,"clouds":35,"pop":0}]}
--- ENF OF RECEIVED DATA ---

{"city":{"id":2800866,"name":"Brussels","coord":{"lon":4.3488,"lat":50.8504},"country":"BE","population":1019022,"timezone":7200},"cod":"200","message":0.0467799,"cnt":4,"list":[{"dt":1685358000,"sunrise":1685331445,"sunset":1685389371,"temp":{"day":17.28,"min":9.29,"max":18.38,"night":13.17,"eve":16.5,"morn":9.57},"feels_like":{"day":16.5,"night":12.29,"eve":15.64,"morn":6.86},"pressure":1024,"humidity":55,"weather":[{"id":803,"main":"Clouds","description":"broken clouds","icon":"04d"}],"speed":6.7,"deg":43,"gust":13.25,"clouds":66,"pop":0},{"dt":1685444400,"sunrise":1685417791,"sunset":1685475840,"temp":{"day":17.89,"min":6.88,"max":20.22,"night":11.28,"eve":17.05,"morn":7.88},"feels_like":{"day":17.09,"night":10.68,"eve":16.59,"morn":5.19},"pressure":1026,"humidity":52,"weather":[{"id":802,"main":"Clouds","description":"scattered clouds","icon":"03d"}],"speed":6.02,"deg":32,"gust":12.12,"clouds":40,"pop":0},{"dt":1685530800,"sunrise":1685504140,"sunset":1685562308,"temp":{"day":21,"min":9.18,"max":22.8,"night":15.31,"eve":21.75,"morn":10.34},"feels_like":{"day":20.51,"night":15.04,"eve":21.47,"morn":9.78},"pressure":1024,"humidity":52,"weather":[{"id":801,"main":"Clouds","description":"few clouds","icon":"02d"}],"speed":6.16,"deg":55,"gust":11.35,"clouds":14,"pop":0},{"dt":1685617200,"sunrise":1685590492,"sunset":1685648774,"temp":{"day":18.81,"min":9.17,"max":20.85,"night":11.74,"eve":17.33,"morn":9.9},"feels_like":{"day":18.23,"night":11.01,"eve":16.82,"morn":8.01},"pressure":1023,"humidity":57,"weather":[{"id":802,"main":"Clouds","description":"scattered clouds","icon":"03d"}],"speed":5.23,"deg":1,"gust":11.45,"clouds":35,"pop":0}]}
--- ENF OF RECEIVED DATA ---

