________________________________________________
|             CALL API : START                |
________________________________________________

Informations : 
Called API: meteo - 11 June 2023, 23:10
Method: GETMETEO - Timeout : 300 - Cache : 1
URL CALLED : https://api.openweathermap.org/data/2.5/forecast/daily?q=Brussels,be&units=metric&cnt=4&appid=ea18c0706135505149200c3836f29800
-------------------------
________________________________________________
|             CALL API : START                |
________________________________________________

Informations : 
Called API: meteo - 11 June 2023, 23:10
Method: GETMETEO - Timeout : 300 - Cache : 1
URL CALLED : https://api.openweathermap.org/data/2.5/forecast/daily?q=Brussels,be&units=metric&cnt=4&appid=ea18c0706135505149200c3836f29800
-------------------------
{"city":{"id":2800866,"name":"Brussels","coord":{"lon":4.3488,"lat":50.8504},"country":"BE","population":1019022,"timezone":7200},"cod":"200","message":0.2552733,"cnt":4,"list":[{"dt":1686481200,"sunrise":1686454162,"sunset":1686513310,"temp":{"day":28.51,"min":18.68,"max":29.6,"night":22.9,"eve":27.26,"morn":19.42},"feels_like":{"day":28.37,"night":22.73,"eve":27.6,"morn":19.3},"pressure":1014,"humidity":43,"weather":[{"id":500,"main":"Rain","description":"light rain","icon":"10d"}],"speed":3.94,"deg":122,"gust":8.15,"clouds":1,"pop":0.41,"rain":0.41},{"dt":1686567600,"sunrise":1686540545,"sunset":1686599750,"temp":{"day":27.32,"min":16.26,"max":28.89,"night":19.36,"eve":24.52,"morn":17.47},"feels_like":{"day":27,"night":18.92,"eve":24.31,"morn":16.94},"pressure":1015,"humidity":38,"weather":[{"id":801,"main":"Clouds","description":"few clouds","icon":"02d"}],"speed":3.64,"deg":81,"gust":7.52,"clouds":13,"pop":0.25},{"dt":1686654000,"sunrise":1686626931,"sunset":1686686188,"temp":{"day":25.04,"min":14.99,"max":25.94,"night":19.03,"eve":25.08,"morn":15.46},"feels_like":{"day":24.59,"night":18.19,"eve":24.61,"morn":14.84},"pressure":1014,"humidity":38,"weather":[{"id":800,"main":"Clear","description":"sky is clear","icon":"01d"}],"speed":6.39,"deg":56,"gust":12.99,"clouds":7,"pop":0},{"dt":1686740400,"sunrise":1686713320,"sunset":1686772623,"temp":{"day":21.74,"min":12.2,"max":22.66,"night":18.73,"eve":21.28,"morn":13.29},"feels_like":{"day":21.07,"night":17.94,"eve":20.72,"morn":12.5},"pressure":1018,"humidity":42,"weather":[{"id":800,"main":"Clear","description":"sky is clear","icon":"01d"}],"speed":6.55,"deg":81,"gust":12,"clouds":0,"pop":0}]}
--- ENF OF RECEIVED DATA ---

{"city":{"id":2800866,"name":"Brussels","coord":{"lon":4.3488,"lat":50.8504},"country":"BE","population":1019022,"timezone":7200},"cod":"200","message":0.2552733,"cnt":4,"list":[{"dt":1686481200,"sunrise":1686454162,"sunset":1686513310,"temp":{"day":28.51,"min":18.68,"max":29.6,"night":22.9,"eve":27.26,"morn":19.42},"feels_like":{"day":28.37,"night":22.73,"eve":27.6,"morn":19.3},"pressure":1014,"humidity":43,"weather":[{"id":500,"main":"Rain","description":"light rain","icon":"10d"}],"speed":3.94,"deg":122,"gust":8.15,"clouds":1,"pop":0.41,"rain":0.41},{"dt":1686567600,"sunrise":1686540545,"sunset":1686599750,"temp":{"day":27.32,"min":16.26,"max":28.89,"night":19.36,"eve":24.52,"morn":17.47},"feels_like":{"day":27,"night":18.92,"eve":24.31,"morn":16.94},"pressure":1015,"humidity":38,"weather":[{"id":801,"main":"Clouds","description":"few clouds","icon":"02d"}],"speed":3.64,"deg":81,"gust":7.52,"clouds":13,"pop":0.25},{"dt":1686654000,"sunrise":1686626931,"sunset":1686686188,"temp":{"day":25.04,"min":14.99,"max":25.94,"night":19.03,"eve":25.08,"morn":15.46},"feels_like":{"day":24.59,"night":18.19,"eve":24.61,"morn":14.84},"pressure":1014,"humidity":38,"weather":[{"id":800,"main":"Clear","description":"sky is clear","icon":"01d"}],"speed":6.39,"deg":56,"gust":12.99,"clouds":7,"pop":0},{"dt":1686740400,"sunrise":1686713320,"sunset":1686772623,"temp":{"day":21.74,"min":12.2,"max":22.66,"night":18.73,"eve":21.28,"morn":13.29},"feels_like":{"day":21.07,"night":17.94,"eve":20.72,"morn":12.5},"pressure":1018,"humidity":42,"weather":[{"id":800,"main":"Clear","description":"sky is clear","icon":"01d"}],"speed":6.55,"deg":81,"gust":12,"clouds":0,"pop":0}]}
--- ENF OF RECEIVED DATA ---

