________________________________________________
|             CALL API : START                |
________________________________________________

Informations : 
Called API: meteo - 10 October 2024, 03:30
Method: GETMETEO - Timeout : 300 - Cache : 1
URL CALLED : https://api.openweathermap.org/data/2.5/forecast/daily?q=Brussels,be&units=metric&cnt=4&appid=ea18c0706135505149200c3836f29800
-------------------------
________________________________________________
|             CALL API : START                |
________________________________________________

Informations : 
Called API: meteo - 10 October 2024, 03:30
Method: GETMETEO - Timeout : 300 - Cache : 1
URL CALLED : https://api.openweathermap.org/data/2.5/forecast/daily?q=Brussels,be&units=metric&cnt=4&appid=ea18c0706135505149200c3836f29800
-------------------------
{"city":{"id":2800866,"name":"Brussels","coord":{"lon":4.3488,"lat":50.8504},"country":"BE","population":1019022,"timezone":7200},"cod":"200","message":0.0546166,"cnt":4,"list":[{"dt":1728558000,"sunrise":1728539862,"sunset":1728579661,"temp":{"day":14.62,"min":9.22,"max":14.62,"night":9.22,"eve":10.79,"morn":12.62},"feels_like":{"day":13.86,"night":7.74,"eve":9.88,"morn":12.34},"pressure":1003,"humidity":66,"weather":[{"id":501,"main":"Rain","description":"moderate rain","icon":"10d"}],"speed":6.14,"deg":292,"gust":12.3,"clouds":88,"pop":1,"rain":5.82},{"dt":1728644400,"sunrise":1728626360,"sunset":1728665932,"temp":{"day":12.26,"min":6.01,"max":13.2,"night":8.1,"eve":11.26,"morn":6.07},"feels_like":{"day":10.98,"night":6.75,"eve":9.8,"morn":5.17},"pressure":1018,"humidity":55,"weather":[{"id":800,"main":"Clear","description":"sky is clear","icon":"01d"}],"speed":2.46,"deg":293,"gust":3.88,"clouds":2,"pop":0},{"dt":1728730800,"sunrise":1728712858,"sunset":1728752203,"temp":{"day":12.83,"min":6.52,"max":15.5,"night":9.93,"eve":12.12,"morn":6.99},"feels_like":{"day":11.89,"night":7.42,"eve":11.5,"morn":5.32},"pressure":1013,"humidity":66,"weather":[{"id":804,"main":"Clouds","description":"overcast clouds","icon":"04d"}],"speed":5.23,"deg":204,"gust":11.62,"clouds":100,"pop":0},{"dt":1728817200,"sunrise":1728799357,"sunset":1728838475,"temp":{"day":12.69,"min":7.9,"max":12.69,"night":9.73,"eve":10.55,"morn":7.9},"feels_like":{"day":11.61,"night":9.13,"eve":9.54,"morn":4.7},"pressure":1019,"humidity":61,"weather":[{"id":501,"main":"Rain","description":"moderate rain","icon":"10d"}],"speed":6.71,"deg":237,"gust":14.66,"clouds":98,"pop":1,"rain":1.84}]}
--- ENF OF RECEIVED DATA ---

{"city":{"id":2800866,"name":"Brussels","coord":{"lon":4.3488,"lat":50.8504},"country":"BE","population":1019022,"timezone":7200},"cod":"200","message":0.0546166,"cnt":4,"list":[{"dt":1728558000,"sunrise":1728539862,"sunset":1728579661,"temp":{"day":14.62,"min":9.22,"max":14.62,"night":9.22,"eve":10.79,"morn":12.62},"feels_like":{"day":13.86,"night":7.74,"eve":9.88,"morn":12.34},"pressure":1003,"humidity":66,"weather":[{"id":501,"main":"Rain","description":"moderate rain","icon":"10d"}],"speed":6.14,"deg":292,"gust":12.3,"clouds":88,"pop":1,"rain":5.82},{"dt":1728644400,"sunrise":1728626360,"sunset":1728665932,"temp":{"day":12.26,"min":6.01,"max":13.2,"night":8.1,"eve":11.26,"morn":6.07},"feels_like":{"day":10.98,"night":6.75,"eve":9.8,"morn":5.17},"pressure":1018,"humidity":55,"weather":[{"id":800,"main":"Clear","description":"sky is clear","icon":"01d"}],"speed":2.46,"deg":293,"gust":3.88,"clouds":2,"pop":0},{"dt":1728730800,"sunrise":1728712858,"sunset":1728752203,"temp":{"day":12.83,"min":6.52,"max":15.5,"night":9.93,"eve":12.12,"morn":6.99},"feels_like":{"day":11.89,"night":7.42,"eve":11.5,"morn":5.32},"pressure":1013,"humidity":66,"weather":[{"id":804,"main":"Clouds","description":"overcast clouds","icon":"04d"}],"speed":5.23,"deg":204,"gust":11.62,"clouds":100,"pop":0},{"dt":1728817200,"sunrise":1728799357,"sunset":1728838475,"temp":{"day":12.69,"min":7.9,"max":12.69,"night":9.73,"eve":10.55,"morn":7.9},"feels_like":{"day":11.61,"night":9.13,"eve":9.54,"morn":4.7},"pressure":1019,"humidity":61,"weather":[{"id":501,"main":"Rain","description":"moderate rain","icon":"10d"}],"speed":6.71,"deg":237,"gust":14.66,"clouds":98,"pop":1,"rain":1.84}]}
--- ENF OF RECEIVED DATA ---

