________________________________________________
|             CALL API : START                |
________________________________________________

Informations : 
Called API: meteo - 27 March 2025, 03:00
Method: GETMETEO - Timeout : 300 - Cache : 1
URL CALLED : https://api.openweathermap.org/data/2.5/forecast/daily?q=Brussels,be&units=metric&cnt=4&appid=ea18c0706135505149200c3836f29800
-------------------------
________________________________________________
|             CALL API : START                |
________________________________________________

Informations : 
Called API: meteo - 27 March 2025, 03:00
Method: GETMETEO - Timeout : 300 - Cache : 1
URL CALLED : https://api.openweathermap.org/data/2.5/forecast/daily?q=Brussels,be&units=metric&cnt=4&appid=ea18c0706135505149200c3836f29800
-------------------------
{"city":{"id":2800866,"name":"Brussels","coord":{"lon":4.3488,"lat":50.8504},"country":"BE","population":1019022,"timezone":3600},"cod":"200","message":0.747555,"cnt":4,"list":[{"dt":1743073200,"sunrise":1743053368,"sunset":1743098773,"temp":{"day":12.97,"min":2.06,"max":15.75,"night":9.15,"eve":14.55,"morn":3.45},"feels_like":{"day":11.65,"night":8.86,"eve":13.31,"morn":3.45},"pressure":1022,"humidity":51,"weather":[{"id":800,"main":"Clear","description":"sky is clear","icon":"01d"}],"speed":1.69,"deg":52,"gust":1.9,"clouds":8,"pop":0},{"dt":1743159600,"sunrise":1743139633,"sunset":1743185270,"temp":{"day":13.87,"min":5.83,"max":15.7,"night":7.82,"eve":12.07,"morn":5.83},"feels_like":{"day":12.7,"night":5.51,"eve":11.29,"morn":3.67},"pressure":1012,"humidity":53,"weather":[{"id":501,"main":"Rain","description":"moderate rain","icon":"10d"}],"speed":6.52,"deg":300,"gust":9.19,"clouds":0,"pop":1,"rain":4.17},{"dt":1743246000,"sunrise":1743225898,"sunset":1743271768,"temp":{"day":9.49,"min":4.42,"max":11.3,"night":4.42,"eve":9.12,"morn":5.07},"feels_like":{"day":6.69,"night":2.83,"eve":6.66,"morn":2},"pressure":1019,"humidity":59,"weather":[{"id":500,"main":"Rain","description":"light rain","icon":"10d"}],"speed":6.22,"deg":337,"gust":9.77,"clouds":89,"pop":0.8,"rain":0.11},{"dt":1743332400,"sunrise":1743312164,"sunset":1743358265,"temp":{"day":10.71,"min":3.43,"max":10.85,"night":6.58,"eve":9.91,"morn":4.21},"feels_like":{"day":9.72,"night":4.34,"eve":7.79,"morn":0.68},"pressure":1021,"humidity":72,"weather":[{"id":500,"main":"Rain","description":"light rain","icon":"10d"}],"speed":6.01,"deg":265,"gust":10.79,"clouds":99,"pop":0.26,"rain":0.57}]}
--- ENF OF RECEIVED DATA ---

{"city":{"id":2800866,"name":"Brussels","coord":{"lon":4.3488,"lat":50.8504},"country":"BE","population":1019022,"timezone":3600},"cod":"200","message":0.747555,"cnt":4,"list":[{"dt":1743073200,"sunrise":1743053368,"sunset":1743098773,"temp":{"day":12.97,"min":2.06,"max":15.75,"night":9.15,"eve":14.55,"morn":3.45},"feels_like":{"day":11.65,"night":8.86,"eve":13.31,"morn":3.45},"pressure":1022,"humidity":51,"weather":[{"id":800,"main":"Clear","description":"sky is clear","icon":"01d"}],"speed":1.69,"deg":52,"gust":1.9,"clouds":8,"pop":0},{"dt":1743159600,"sunrise":1743139633,"sunset":1743185270,"temp":{"day":13.87,"min":5.83,"max":15.7,"night":7.82,"eve":12.07,"morn":5.83},"feels_like":{"day":12.7,"night":5.51,"eve":11.29,"morn":3.67},"pressure":1012,"humidity":53,"weather":[{"id":501,"main":"Rain","description":"moderate rain","icon":"10d"}],"speed":6.52,"deg":300,"gust":9.19,"clouds":0,"pop":1,"rain":4.17},{"dt":1743246000,"sunrise":1743225898,"sunset":1743271768,"temp":{"day":9.49,"min":4.42,"max":11.3,"night":4.42,"eve":9.12,"morn":5.07},"feels_like":{"day":6.69,"night":2.83,"eve":6.66,"morn":2},"pressure":1019,"humidity":59,"weather":[{"id":500,"main":"Rain","description":"light rain","icon":"10d"}],"speed":6.22,"deg":337,"gust":9.77,"clouds":89,"pop":0.8,"rain":0.11},{"dt":1743332400,"sunrise":1743312164,"sunset":1743358265,"temp":{"day":10.71,"min":3.43,"max":10.85,"night":6.58,"eve":9.91,"morn":4.21},"feels_like":{"day":9.72,"night":4.34,"eve":7.79,"morn":0.68},"pressure":1021,"humidity":72,"weather":[{"id":500,"main":"Rain","description":"light rain","icon":"10d"}],"speed":6.01,"deg":265,"gust":10.79,"clouds":99,"pop":0.26,"rain":0.57}]}
--- ENF OF RECEIVED DATA ---

