________________________________________________
|             CALL API : START                |
________________________________________________

Informations : 
Called API: meteo - 23 March 2025, 19:10
Method: GETMETEO - Timeout : 300 - Cache : 1
URL CALLED : https://api.openweathermap.org/data/2.5/forecast/daily?q=Brussels,be&units=metric&cnt=4&appid=ea18c0706135505149200c3836f29800
-------------------------
________________________________________________
|             CALL API : START                |
________________________________________________

Informations : 
Called API: meteo - 23 March 2025, 19:10
Method: GETMETEO - Timeout : 300 - Cache : 1
URL CALLED : https://api.openweathermap.org/data/2.5/forecast/daily?q=Brussels,be&units=metric&cnt=4&appid=ea18c0706135505149200c3836f29800
-------------------------
{"city":{"id":2800866,"name":"Brussels","coord":{"lon":4.3488,"lat":50.8504},"country":"BE","population":1019022,"timezone":3600},"cod":"200","message":0.052385,"cnt":4,"list":[{"dt":1742727600,"sunrise":1742708309,"sunset":1742752784,"temp":{"day":14.89,"min":8.94,"max":15.95,"night":9.8,"eve":13.35,"morn":9.01},"feels_like":{"day":13.95,"night":8.59,"eve":12.41,"morn":6.83},"pressure":1004,"humidity":58,"weather":[{"id":804,"main":"Clouds","description":"overcast clouds","icon":"04d"}],"speed":4.71,"deg":199,"gust":10.27,"clouds":91,"pop":0.62},{"dt":1742814000,"sunrise":1742794574,"sunset":1742839281,"temp":{"day":14.73,"min":7.01,"max":16.42,"night":7.3,"eve":13.18,"morn":7.01},"feels_like":{"day":13.9,"night":5.4,"eve":12.38,"morn":5.74},"pressure":1015,"humidity":63,"weather":[{"id":500,"main":"Rain","description":"light rain","icon":"10d"}],"speed":5.1,"deg":342,"gust":6.82,"clouds":10,"pop":0.98,"rain":0.44},{"dt":1742900400,"sunrise":1742880838,"sunset":1742925779,"temp":{"day":12.88,"min":5.16,"max":15.29,"night":9.59,"eve":12.44,"morn":5.71},"feels_like":{"day":11.76,"night":7.87,"eve":11.36,"morn":4.36},"pressure":1021,"humidity":59,"weather":[{"id":804,"main":"Clouds","description":"overcast clouds","icon":"04d"}],"speed":4.89,"deg":305,"gust":5.87,"clouds":95,"pop":0},{"dt":1742986800,"sunrise":1742967103,"sunset":1743012276,"temp":{"day":12.06,"min":7.47,"max":14.71,"night":7.47,"eve":13.41,"morn":8.67},"feels_like":{"day":10.81,"night":5.69,"eve":12.24,"morn":6.33},"pressure":1024,"humidity":57,"weather":[{"id":802,"main":"Clouds","description":"scattered clouds","icon":"03d"}],"speed":4.65,"deg":16,"gust":7.76,"clouds":30,"pop":0}]}
--- ENF OF RECEIVED DATA ---

{"city":{"id":2800866,"name":"Brussels","coord":{"lon":4.3488,"lat":50.8504},"country":"BE","population":1019022,"timezone":3600},"cod":"200","message":0.052385,"cnt":4,"list":[{"dt":1742727600,"sunrise":1742708309,"sunset":1742752784,"temp":{"day":14.89,"min":8.94,"max":15.95,"night":9.8,"eve":13.35,"morn":9.01},"feels_like":{"day":13.95,"night":8.59,"eve":12.41,"morn":6.83},"pressure":1004,"humidity":58,"weather":[{"id":804,"main":"Clouds","description":"overcast clouds","icon":"04d"}],"speed":4.71,"deg":199,"gust":10.27,"clouds":91,"pop":0.62},{"dt":1742814000,"sunrise":1742794574,"sunset":1742839281,"temp":{"day":14.73,"min":7.01,"max":16.42,"night":7.3,"eve":13.18,"morn":7.01},"feels_like":{"day":13.9,"night":5.4,"eve":12.38,"morn":5.74},"pressure":1015,"humidity":63,"weather":[{"id":500,"main":"Rain","description":"light rain","icon":"10d"}],"speed":5.1,"deg":342,"gust":6.82,"clouds":10,"pop":0.98,"rain":0.44},{"dt":1742900400,"sunrise":1742880838,"sunset":1742925779,"temp":{"day":12.88,"min":5.16,"max":15.29,"night":9.59,"eve":12.44,"morn":5.71},"feels_like":{"day":11.76,"night":7.87,"eve":11.36,"morn":4.36},"pressure":1021,"humidity":59,"weather":[{"id":804,"main":"Clouds","description":"overcast clouds","icon":"04d"}],"speed":4.89,"deg":305,"gust":5.87,"clouds":95,"pop":0},{"dt":1742986800,"sunrise":1742967103,"sunset":1743012276,"temp":{"day":12.06,"min":7.47,"max":14.71,"night":7.47,"eve":13.41,"morn":8.67},"feels_like":{"day":10.81,"night":5.69,"eve":12.24,"morn":6.33},"pressure":1024,"humidity":57,"weather":[{"id":802,"main":"Clouds","description":"scattered clouds","icon":"03d"}],"speed":4.65,"deg":16,"gust":7.76,"clouds":30,"pop":0}]}
--- ENF OF RECEIVED DATA ---

