________________________________________________
|             CALL API : START                |
________________________________________________

Informations : 
Called API: meteo - 9 May 2024, 19:00
Method: GETMETEO - Timeout : 300 - Cache : 1
URL CALLED : https://api.openweathermap.org/data/2.5/forecast/daily?q=Brussels,be&units=metric&cnt=4&appid=ea18c0706135505149200c3836f29800
-------------------------
________________________________________________
|             CALL API : START                |
________________________________________________

Informations : 
Called API: meteo - 9 May 2024, 19:00
Method: GETMETEO - Timeout : 300 - Cache : 1
URL CALLED : https://api.openweathermap.org/data/2.5/forecast/daily?q=Brussels,be&units=metric&cnt=4&appid=ea18c0706135505149200c3836f29800
-------------------------
{"city":{"id":2800866,"name":"Brussels","coord":{"lon":4.3488,"lat":50.8504},"country":"BE","population":1019022,"timezone":7200},"cod":"200","message":0.1083989,"cnt":4,"list":[{"dt":1715252400,"sunrise":1715227324,"sunset":1715282162,"temp":{"day":17.94,"min":8.06,"max":19.53,"night":14.24,"eve":19.53,"morn":8.91},"feels_like":{"day":17.41,"night":13.89,"eve":19.08,"morn":8.91},"pressure":1027,"humidity":62,"weather":[{"id":803,"main":"Clouds","description":"broken clouds","icon":"04d"}],"speed":2.45,"deg":24,"gust":3.9,"clouds":65,"pop":0},{"dt":1715338800,"sunrise":1715313629,"sunset":1715368655,"temp":{"day":19.18,"min":10.2,"max":20.61,"night":14.24,"eve":19.73,"morn":10.84},"feels_like":{"day":18.69,"night":13.83,"eve":19.4,"morn":10.36},"pressure":1024,"humidity":59,"weather":[{"id":804,"main":"Clouds","description":"overcast clouds","icon":"04d"}],"speed":2.93,"deg":57,"gust":5.83,"clouds":94,"pop":0},{"dt":1715425200,"sunrise":1715399935,"sunset":1715455147,"temp":{"day":20.94,"min":11.65,"max":22.31,"night":15.88,"eve":21.37,"morn":12.16},"feels_like":{"day":20.58,"night":15.56,"eve":21.21,"morn":11.73},"pressure":1021,"humidity":57,"weather":[{"id":804,"main":"Clouds","description":"overcast clouds","icon":"04d"}],"speed":4.22,"deg":89,"gust":7.17,"clouds":92,"pop":0},{"dt":1715511600,"sunrise":1715486244,"sunset":1715541638,"temp":{"day":22.88,"min":12.94,"max":25.12,"night":17.43,"eve":22.27,"morn":13.12},"feels_like":{"day":22.71,"night":17.53,"eve":22.41,"morn":12.58},"pressure":1015,"humidity":57,"weather":[{"id":500,"main":"Rain","description":"light rain","icon":"10d"}],"speed":3.98,"deg":209,"gust":6.29,"clouds":60,"pop":1,"rain":2.74}]}
--- ENF OF RECEIVED DATA ---

{"city":{"id":2800866,"name":"Brussels","coord":{"lon":4.3488,"lat":50.8504},"country":"BE","population":1019022,"timezone":7200},"cod":"200","message":0.1083989,"cnt":4,"list":[{"dt":1715252400,"sunrise":1715227324,"sunset":1715282162,"temp":{"day":17.94,"min":8.06,"max":19.53,"night":14.24,"eve":19.53,"morn":8.91},"feels_like":{"day":17.41,"night":13.89,"eve":19.08,"morn":8.91},"pressure":1027,"humidity":62,"weather":[{"id":803,"main":"Clouds","description":"broken clouds","icon":"04d"}],"speed":2.45,"deg":24,"gust":3.9,"clouds":65,"pop":0},{"dt":1715338800,"sunrise":1715313629,"sunset":1715368655,"temp":{"day":19.18,"min":10.2,"max":20.61,"night":14.24,"eve":19.73,"morn":10.84},"feels_like":{"day":18.69,"night":13.83,"eve":19.4,"morn":10.36},"pressure":1024,"humidity":59,"weather":[{"id":804,"main":"Clouds","description":"overcast clouds","icon":"04d"}],"speed":2.93,"deg":57,"gust":5.83,"clouds":94,"pop":0},{"dt":1715425200,"sunrise":1715399935,"sunset":1715455147,"temp":{"day":20.94,"min":11.65,"max":22.31,"night":15.88,"eve":21.37,"morn":12.16},"feels_like":{"day":20.58,"night":15.56,"eve":21.21,"morn":11.73},"pressure":1021,"humidity":57,"weather":[{"id":804,"main":"Clouds","description":"overcast clouds","icon":"04d"}],"speed":4.22,"deg":89,"gust":7.17,"clouds":92,"pop":0},{"dt":1715511600,"sunrise":1715486244,"sunset":1715541638,"temp":{"day":22.88,"min":12.94,"max":25.12,"night":17.43,"eve":22.27,"morn":13.12},"feels_like":{"day":22.71,"night":17.53,"eve":22.41,"morn":12.58},"pressure":1015,"humidity":57,"weather":[{"id":500,"main":"Rain","description":"light rain","icon":"10d"}],"speed":3.98,"deg":209,"gust":6.29,"clouds":60,"pop":1,"rain":2.74}]}
--- ENF OF RECEIVED DATA ---

