________________________________________________
|             CALL API : START                |
________________________________________________

Informations : 
Called API: meteo - 11 October 2023, 12:10
Method: GETMETEO - Timeout : 300 - Cache : 1
URL CALLED : https://api.openweathermap.org/data/2.5/forecast/daily?q=Brussels,be&units=metric&cnt=4&appid=ea18c0706135505149200c3836f29800
-------------------------
________________________________________________
|             CALL API : START                |
________________________________________________

Informations : 
Called API: meteo - 11 October 2023, 12:10
Method: GETMETEO - Timeout : 300 - Cache : 1
URL CALLED : https://api.openweathermap.org/data/2.5/forecast/daily?q=Brussels,be&units=metric&cnt=4&appid=ea18c0706135505149200c3836f29800
-------------------------
{"city":{"id":2800866,"name":"Brussels","coord":{"lon":4.3488,"lat":50.8504},"country":"BE","population":1019022,"timezone":7200},"cod":"200","message":0.1166709,"cnt":4,"list":[{"dt":1697022000,"sunrise":1697003887,"sunset":1697043628,"temp":{"day":19.35,"min":14.66,"max":22.74,"night":18.15,"eve":20.16,"morn":14.66},"feels_like":{"day":19.14,"night":17.67,"eve":19.82,"morn":14.06},"pressure":1016,"humidity":69,"weather":[{"id":801,"main":"Clouds","description":"few clouds","icon":"02d"}],"speed":7.25,"deg":238,"gust":13.92,"clouds":16,"pop":0},{"dt":1697108400,"sunrise":1697090385,"sunset":1697129899,"temp":{"day":19.93,"min":15.92,"max":19.93,"night":17.36,"eve":18.18,"morn":15.92},"feels_like":{"day":19.47,"night":17.55,"eve":18.3,"morn":15.66},"pressure":1015,"humidity":57,"weather":[{"id":500,"main":"Rain","description":"light rain","icon":"10d"}],"speed":6.16,"deg":228,"gust":13.58,"clouds":100,"pop":0.79,"rain":3.09},{"dt":1697194800,"sunrise":1697176883,"sunset":1697216170,"temp":{"day":22.47,"min":16.91,"max":23.63,"night":20.06,"eve":19.1,"morn":17.89},"feels_like":{"day":22.31,"night":19.61,"eve":18.53,"morn":18.08},"pressure":1009,"humidity":59,"weather":[{"id":500,"main":"Rain","description":"light rain","icon":"10d"}],"speed":8.31,"deg":221,"gust":17.62,"clouds":100,"pop":0.82,"rain":0.43},{"dt":1697281200,"sunrise":1697263382,"sunset":1697302443,"temp":{"day":13.37,"min":9.77,"max":19.76,"night":9.77,"eve":9.82,"morn":11.01},"feels_like":{"day":12.12,"night":8.04,"eve":8.04,"morn":10.57},"pressure":1015,"humidity":52,"weather":[{"id":502,"main":"Rain","description":"heavy intensity rain","icon":"10d"}],"speed":9.49,"deg":227,"gust":18.08,"clouds":50,"pop":1,"rain":14.37}]}
--- ENF OF RECEIVED DATA ---

{"city":{"id":2800866,"name":"Brussels","coord":{"lon":4.3488,"lat":50.8504},"country":"BE","population":1019022,"timezone":7200},"cod":"200","message":0.1166709,"cnt":4,"list":[{"dt":1697022000,"sunrise":1697003887,"sunset":1697043628,"temp":{"day":19.35,"min":14.66,"max":22.74,"night":18.15,"eve":20.16,"morn":14.66},"feels_like":{"day":19.14,"night":17.67,"eve":19.82,"morn":14.06},"pressure":1016,"humidity":69,"weather":[{"id":801,"main":"Clouds","description":"few clouds","icon":"02d"}],"speed":7.25,"deg":238,"gust":13.92,"clouds":16,"pop":0},{"dt":1697108400,"sunrise":1697090385,"sunset":1697129899,"temp":{"day":19.93,"min":15.92,"max":19.93,"night":17.36,"eve":18.18,"morn":15.92},"feels_like":{"day":19.47,"night":17.55,"eve":18.3,"morn":15.66},"pressure":1015,"humidity":57,"weather":[{"id":500,"main":"Rain","description":"light rain","icon":"10d"}],"speed":6.16,"deg":228,"gust":13.58,"clouds":100,"pop":0.79,"rain":3.09},{"dt":1697194800,"sunrise":1697176883,"sunset":1697216170,"temp":{"day":22.47,"min":16.91,"max":23.63,"night":20.06,"eve":19.1,"morn":17.89},"feels_like":{"day":22.31,"night":19.61,"eve":18.53,"morn":18.08},"pressure":1009,"humidity":59,"weather":[{"id":500,"main":"Rain","description":"light rain","icon":"10d"}],"speed":8.31,"deg":221,"gust":17.62,"clouds":100,"pop":0.82,"rain":0.43},{"dt":1697281200,"sunrise":1697263382,"sunset":1697302443,"temp":{"day":13.37,"min":9.77,"max":19.76,"night":9.77,"eve":9.82,"morn":11.01},"feels_like":{"day":12.12,"night":8.04,"eve":8.04,"morn":10.57},"pressure":1015,"humidity":52,"weather":[{"id":502,"main":"Rain","description":"heavy intensity rain","icon":"10d"}],"speed":9.49,"deg":227,"gust":18.08,"clouds":50,"pop":1,"rain":14.37}]}
--- ENF OF RECEIVED DATA ---

