________________________________________________
|             CALL API : START                |
________________________________________________

Informations : 
Called API: meteo - 11 May 2024, 22:50
Method: GETMETEO - Timeout : 300 - Cache : 1
URL CALLED : https://api.openweathermap.org/data/2.5/forecast/daily?q=Brussels,be&units=metric&cnt=4&appid=ea18c0706135505149200c3836f29800
-------------------------
________________________________________________
|             CALL API : START                |
________________________________________________

Informations : 
Called API: meteo - 11 May 2024, 22:50
Method: GETMETEO - Timeout : 300 - Cache : 1
URL CALLED : https://api.openweathermap.org/data/2.5/forecast/daily?q=Brussels,be&units=metric&cnt=4&appid=ea18c0706135505149200c3836f29800
-------------------------
{"city":{"id":2800866,"name":"Brussels","coord":{"lon":4.3488,"lat":50.8504},"country":"BE","population":1019022,"timezone":7200},"cod":"200","message":2.9878824,"cnt":4,"list":[{"dt":1715425200,"sunrise":1715399935,"sunset":1715455147,"temp":{"day":21.69,"min":11.85,"max":23.14,"night":18.05,"eve":20.96,"morn":12.4},"feels_like":{"day":21.43,"night":17.66,"eve":20.73,"morn":12.05},"pressure":1021,"humidity":58,"weather":[{"id":802,"main":"Clouds","description":"scattered clouds","icon":"03d"}],"speed":4.66,"deg":82,"gust":12.33,"clouds":40,"pop":0},{"dt":1715511600,"sunrise":1715486244,"sunset":1715541638,"temp":{"day":22.32,"min":12.55,"max":23.91,"night":16.82,"eve":22.24,"morn":12.99},"feels_like":{"day":22.15,"night":16.91,"eve":22.3,"morn":12.38},"pressure":1015,"humidity":59,"weather":[{"id":500,"main":"Rain","description":"light rain","icon":"10d"}],"speed":5.01,"deg":107,"gust":10.65,"clouds":100,"pop":1,"rain":1.97},{"dt":1715598000,"sunrise":1715572554,"sunset":1715628128,"temp":{"day":16.49,"min":14.35,"max":19.29,"night":14.63,"eve":18.78,"morn":14.76},"feels_like":{"day":16.47,"night":14.47,"eve":18.75,"morn":14.69},"pressure":1010,"humidity":87,"weather":[{"id":500,"main":"Rain","description":"light rain","icon":"10d"}],"speed":5.52,"deg":187,"gust":11.9,"clouds":98,"pop":0.9,"rain":0.7},{"dt":1715684400,"sunrise":1715658866,"sunset":1715714618,"temp":{"day":18.1,"min":12.12,"max":19.45,"night":12.2,"eve":12.75,"morn":14.1},"feels_like":{"day":18.03,"night":11.98,"eve":12.48,"morn":13.89},"pressure":1003,"humidity":79,"weather":[{"id":500,"main":"Rain","description":"light rain","icon":"10d"}],"speed":6.97,"deg":237,"gust":12.71,"clouds":100,"pop":1,"rain":2.58}]}
--- ENF OF RECEIVED DATA ---

{"city":{"id":2800866,"name":"Brussels","coord":{"lon":4.3488,"lat":50.8504},"country":"BE","population":1019022,"timezone":7200},"cod":"200","message":2.9878824,"cnt":4,"list":[{"dt":1715425200,"sunrise":1715399935,"sunset":1715455147,"temp":{"day":21.69,"min":11.85,"max":23.14,"night":18.05,"eve":20.96,"morn":12.4},"feels_like":{"day":21.43,"night":17.66,"eve":20.73,"morn":12.05},"pressure":1021,"humidity":58,"weather":[{"id":802,"main":"Clouds","description":"scattered clouds","icon":"03d"}],"speed":4.66,"deg":82,"gust":12.33,"clouds":40,"pop":0},{"dt":1715511600,"sunrise":1715486244,"sunset":1715541638,"temp":{"day":22.32,"min":12.55,"max":23.91,"night":16.82,"eve":22.24,"morn":12.99},"feels_like":{"day":22.15,"night":16.91,"eve":22.3,"morn":12.38},"pressure":1015,"humidity":59,"weather":[{"id":500,"main":"Rain","description":"light rain","icon":"10d"}],"speed":5.01,"deg":107,"gust":10.65,"clouds":100,"pop":1,"rain":1.97},{"dt":1715598000,"sunrise":1715572554,"sunset":1715628128,"temp":{"day":16.49,"min":14.35,"max":19.29,"night":14.63,"eve":18.78,"morn":14.76},"feels_like":{"day":16.47,"night":14.47,"eve":18.75,"morn":14.69},"pressure":1010,"humidity":87,"weather":[{"id":500,"main":"Rain","description":"light rain","icon":"10d"}],"speed":5.52,"deg":187,"gust":11.9,"clouds":98,"pop":0.9,"rain":0.7},{"dt":1715684400,"sunrise":1715658866,"sunset":1715714618,"temp":{"day":18.1,"min":12.12,"max":19.45,"night":12.2,"eve":12.75,"morn":14.1},"feels_like":{"day":18.03,"night":11.98,"eve":12.48,"morn":13.89},"pressure":1003,"humidity":79,"weather":[{"id":500,"main":"Rain","description":"light rain","icon":"10d"}],"speed":6.97,"deg":237,"gust":12.71,"clouds":100,"pop":1,"rain":2.58}]}
--- ENF OF RECEIVED DATA ---

