________________________________________________
|             CALL API : START                |
________________________________________________

Informations : 
Called API: meteo - 19 October 2023, 03:20
Method: GETMETEO - Timeout : 300 - Cache : 1
URL CALLED : https://api.openweathermap.org/data/2.5/forecast/daily?q=Brussels,be&units=metric&cnt=4&appid=ea18c0706135505149200c3836f29800
-------------------------
________________________________________________
|             CALL API : START                |
________________________________________________

Informations : 
Called API: meteo - 19 October 2023, 03:20
Method: GETMETEO - Timeout : 300 - Cache : 1
URL CALLED : https://api.openweathermap.org/data/2.5/forecast/daily?q=Brussels,be&units=metric&cnt=4&appid=ea18c0706135505149200c3836f29800
-------------------------
{"city":{"id":2800866,"name":"Brussels","coord":{"lon":4.3488,"lat":50.8504},"country":"BE","population":1019022,"timezone":7200},"cod":"200","message":0.0655143,"cnt":4,"list":[{"dt":1697713200,"sunrise":1697695880,"sunset":1697733818,"temp":{"day":17.85,"min":13.52,"max":17.85,"night":14.65,"eve":15.34,"morn":14.02},"feels_like":{"day":17.65,"night":14.47,"eve":15.25,"morn":13.91},"pressure":991,"humidity":75,"weather":[{"id":500,"main":"Rain","description":"light rain","icon":"10d"}],"speed":7.54,"deg":221,"gust":14.46,"clouds":93,"pop":1,"rain":0.25},{"dt":1697799600,"sunrise":1697782381,"sunset":1697820096,"temp":{"day":15.71,"min":13.43,"max":17.29,"night":14.52,"eve":15.06,"morn":14.16},"feels_like":{"day":15.4,"night":14.04,"eve":14.61,"morn":14.11},"pressure":979,"humidity":79,"weather":[{"id":501,"main":"Rain","description":"moderate rain","icon":"10d"}],"speed":8.37,"deg":191,"gust":15.18,"clouds":100,"pop":1,"rain":10.18},{"dt":1697886000,"sunrise":1697868882,"sunset":1697906374,"temp":{"day":12.44,"min":11.16,"max":14.54,"night":11.43,"eve":11.33,"morn":12.93},"feels_like":{"day":11.59,"night":10.98,"eve":10.87,"morn":12.34},"pressure":990,"humidity":71,"weather":[{"id":501,"main":"Rain","description":"moderate rain","icon":"10d"}],"speed":11.42,"deg":202,"gust":19.52,"clouds":98,"pop":1,"rain":13.33},{"dt":1697972400,"sunrise":1697955383,"sunset":1697992654,"temp":{"day":14.81,"min":10.32,"max":15.22,"night":10.32,"eve":11.55,"morn":11.45},"feels_like":{"day":14.04,"night":9.57,"eve":10.82,"morn":10.97},"pressure":1009,"humidity":65,"weather":[{"id":500,"main":"Rain","description":"light rain","icon":"10d"}],"speed":9.06,"deg":212,"gust":14.94,"clouds":34,"pop":1,"rain":3.99}]}
--- ENF OF RECEIVED DATA ---

{"city":{"id":2800866,"name":"Brussels","coord":{"lon":4.3488,"lat":50.8504},"country":"BE","population":1019022,"timezone":7200},"cod":"200","message":0.0655143,"cnt":4,"list":[{"dt":1697713200,"sunrise":1697695880,"sunset":1697733818,"temp":{"day":17.85,"min":13.52,"max":17.85,"night":14.65,"eve":15.34,"morn":14.02},"feels_like":{"day":17.65,"night":14.47,"eve":15.25,"morn":13.91},"pressure":991,"humidity":75,"weather":[{"id":500,"main":"Rain","description":"light rain","icon":"10d"}],"speed":7.54,"deg":221,"gust":14.46,"clouds":93,"pop":1,"rain":0.25},{"dt":1697799600,"sunrise":1697782381,"sunset":1697820096,"temp":{"day":15.71,"min":13.43,"max":17.29,"night":14.52,"eve":15.06,"morn":14.16},"feels_like":{"day":15.4,"night":14.04,"eve":14.61,"morn":14.11},"pressure":979,"humidity":79,"weather":[{"id":501,"main":"Rain","description":"moderate rain","icon":"10d"}],"speed":8.37,"deg":191,"gust":15.18,"clouds":100,"pop":1,"rain":10.18},{"dt":1697886000,"sunrise":1697868882,"sunset":1697906374,"temp":{"day":12.44,"min":11.16,"max":14.54,"night":11.43,"eve":11.33,"morn":12.93},"feels_like":{"day":11.59,"night":10.98,"eve":10.87,"morn":12.34},"pressure":990,"humidity":71,"weather":[{"id":501,"main":"Rain","description":"moderate rain","icon":"10d"}],"speed":11.42,"deg":202,"gust":19.52,"clouds":98,"pop":1,"rain":13.33},{"dt":1697972400,"sunrise":1697955383,"sunset":1697992654,"temp":{"day":14.81,"min":10.32,"max":15.22,"night":10.32,"eve":11.55,"morn":11.45},"feels_like":{"day":14.04,"night":9.57,"eve":10.82,"morn":10.97},"pressure":1009,"humidity":65,"weather":[{"id":500,"main":"Rain","description":"light rain","icon":"10d"}],"speed":9.06,"deg":212,"gust":14.94,"clouds":34,"pop":1,"rain":3.99}]}
--- ENF OF RECEIVED DATA ---

