________________________________________________
|             CALL API : START                |
________________________________________________

Informations : 
Called API: meteo - 2 January 2025, 09:10
Method: GETMETEO - Timeout : 300 - Cache : 1
URL CALLED : https://api.openweathermap.org/data/2.5/forecast/daily?q=Brussels,be&units=metric&cnt=4&appid=ea18c0706135505149200c3836f29800
-------------------------
________________________________________________
|             CALL API : START                |
________________________________________________

Informations : 
Called API: meteo - 2 January 2025, 09:10
Method: GETMETEO - Timeout : 300 - Cache : 1
URL CALLED : https://api.openweathermap.org/data/2.5/forecast/daily?q=Brussels,be&units=metric&cnt=4&appid=ea18c0706135505149200c3836f29800
-------------------------
{"city":{"id":2800866,"name":"Brussels","coord":{"lon":4.3488,"lat":50.8504},"country":"BE","population":1019022,"timezone":3600},"cod":"200","message":0.9264637,"cnt":4,"list":[{"dt":1735815600,"sunrise":1735803894,"sunset":1735832886,"temp":{"day":4.64,"min":1.86,"max":6.37,"night":1.86,"eve":3.32,"morn":3.96},"feels_like":{"day":1.99,"night":-2,"eve":0.55,"morn":0.5},"pressure":1014,"humidity":86,"weather":[{"id":501,"main":"Rain","description":"moderate rain","icon":"10d"}],"speed":4.8,"deg":233,"gust":9.57,"clouds":51,"pop":1,"rain":11.27},{"dt":1735902000,"sunrise":1735890284,"sunset":1735919351,"temp":{"day":2.6,"min":0.21,"max":3.88,"night":2.17,"eve":3.24,"morn":1.09},"feels_like":{"day":-1.9,"night":-1.41,"eve":-0.04,"morn":-3.13},"pressure":1025,"humidity":64,"weather":[{"id":800,"main":"Clear","description":"sky is clear","icon":"01d"}],"speed":5.6,"deg":266,"gust":10.45,"clouds":8,"pop":0},{"dt":1735988400,"sunrise":1735976670,"sunset":1736005818,"temp":{"day":2.3,"min":0.02,"max":2.84,"night":1.31,"eve":0.35,"morn":0.44},"feels_like":{"day":-1.23,"night":-3.32,"eve":-4.77,"morn":-3.33},"pressure":1020,"humidity":69,"weather":[{"id":616,"main":"Snow","description":"rain and snow","icon":"13d"}],"speed":7.13,"deg":125,"gust":14.19,"clouds":100,"pop":1,"rain":5.25,"snow":5.25},{"dt":1736074800,"sunrise":1736063053,"sunset":1736092288,"temp":{"day":10.38,"min":2.64,"max":10.64,"night":10.33,"eve":10.16,"morn":10.62},"feels_like":{"day":9.64,"night":9.51,"eve":9.22,"morn":10.17},"pressure":996,"humidity":83,"weather":[{"id":501,"main":"Rain","description":"moderate rain","icon":"10d"}],"speed":11.01,"deg":223,"gust":21.15,"clouds":100,"pop":1,"rain":10.67}]}
--- ENF OF RECEIVED DATA ---

{"city":{"id":2800866,"name":"Brussels","coord":{"lon":4.3488,"lat":50.8504},"country":"BE","population":1019022,"timezone":3600},"cod":"200","message":0.9264637,"cnt":4,"list":[{"dt":1735815600,"sunrise":1735803894,"sunset":1735832886,"temp":{"day":4.64,"min":1.86,"max":6.37,"night":1.86,"eve":3.32,"morn":3.96},"feels_like":{"day":1.99,"night":-2,"eve":0.55,"morn":0.5},"pressure":1014,"humidity":86,"weather":[{"id":501,"main":"Rain","description":"moderate rain","icon":"10d"}],"speed":4.8,"deg":233,"gust":9.57,"clouds":51,"pop":1,"rain":11.27},{"dt":1735902000,"sunrise":1735890284,"sunset":1735919351,"temp":{"day":2.6,"min":0.21,"max":3.88,"night":2.17,"eve":3.24,"morn":1.09},"feels_like":{"day":-1.9,"night":-1.41,"eve":-0.04,"morn":-3.13},"pressure":1025,"humidity":64,"weather":[{"id":800,"main":"Clear","description":"sky is clear","icon":"01d"}],"speed":5.6,"deg":266,"gust":10.45,"clouds":8,"pop":0},{"dt":1735988400,"sunrise":1735976670,"sunset":1736005818,"temp":{"day":2.3,"min":0.02,"max":2.84,"night":1.31,"eve":0.35,"morn":0.44},"feels_like":{"day":-1.23,"night":-3.32,"eve":-4.77,"morn":-3.33},"pressure":1020,"humidity":69,"weather":[{"id":616,"main":"Snow","description":"rain and snow","icon":"13d"}],"speed":7.13,"deg":125,"gust":14.19,"clouds":100,"pop":1,"rain":5.25,"snow":5.25},{"dt":1736074800,"sunrise":1736063053,"sunset":1736092288,"temp":{"day":10.38,"min":2.64,"max":10.64,"night":10.33,"eve":10.16,"morn":10.62},"feels_like":{"day":9.64,"night":9.51,"eve":9.22,"morn":10.17},"pressure":996,"humidity":83,"weather":[{"id":501,"main":"Rain","description":"moderate rain","icon":"10d"}],"speed":11.01,"deg":223,"gust":21.15,"clouds":100,"pop":1,"rain":10.67}]}
--- ENF OF RECEIVED DATA ---

