________________________________________________
|             CALL API : START                |
________________________________________________

Informations : 
Called API: meteo - 8 November 2023, 04:30
Method: GETMETEO - Timeout : 300 - Cache : 1
URL CALLED : https://api.openweathermap.org/data/2.5/forecast/daily?q=Brussels,be&units=metric&cnt=4&appid=ea18c0706135505149200c3836f29800
-------------------------
________________________________________________
|             CALL API : START                |
________________________________________________

Informations : 
Called API: meteo - 8 November 2023, 04:30
Method: GETMETEO - Timeout : 300 - Cache : 1
URL CALLED : https://api.openweathermap.org/data/2.5/forecast/daily?q=Brussels,be&units=metric&cnt=4&appid=ea18c0706135505149200c3836f29800
-------------------------
{"city":{"id":2800866,"name":"Brussels","coord":{"lon":4.3488,"lat":50.8504},"country":"BE","population":1019022,"timezone":3600},"cod":"200","message":0.0537641,"cnt":4,"list":[{"dt":1699441200,"sunrise":1699425940,"sunset":1699459620,"temp":{"day":10.74,"min":6.96,"max":11.34,"night":10.44,"eve":10.12,"morn":6.96},"feels_like":{"day":9.88,"night":9.94,"eve":9.51,"morn":3.14},"pressure":1011,"humidity":77,"weather":[{"id":501,"main":"Rain","description":"moderate rain","icon":"10d"}],"speed":10.59,"deg":202,"gust":19.01,"clouds":98,"pop":1,"rain":11.02},{"dt":1699527600,"sunrise":1699512444,"sunset":1699545927,"temp":{"day":10.23,"min":6.5,"max":11.12,"night":6.56,"eve":6.9,"morn":8.35},"feels_like":{"day":9.32,"night":2.27,"eve":2.93,"morn":5.7},"pressure":1002,"humidity":77,"weather":[{"id":501,"main":"Rain","description":"moderate rain","icon":"10d"}],"speed":10.29,"deg":217,"gust":16.9,"clouds":98,"pop":1,"rain":8.32},{"dt":1699614000,"sunrise":1699598948,"sunset":1699632236,"temp":{"day":7.12,"min":5.4,"max":8.27,"night":6.5,"eve":8.11,"morn":5.4},"feels_like":{"day":1.93,"night":2.63,"eve":3.85,"morn":0.38},"pressure":993,"humidity":89,"weather":[{"id":501,"main":"Rain","description":"moderate rain","icon":"10d"}],"speed":12.11,"deg":205,"gust":19.11,"clouds":100,"pop":1,"rain":5.08},{"dt":1699700400,"sunrise":1699685451,"sunset":1699718546,"temp":{"day":8.88,"min":6.6,"max":8.88,"night":7.97,"eve":6.6,"morn":8.18},"feels_like":{"day":5.26,"night":5.08,"eve":3.21,"morn":4.4},"pressure":1005,"humidity":74,"weather":[{"id":500,"main":"Rain","description":"light rain","icon":"10d"}],"speed":8.05,"deg":271,"gust":13.81,"clouds":99,"pop":0.4,"rain":0.57}]}
--- ENF OF RECEIVED DATA ---

{"city":{"id":2800866,"name":"Brussels","coord":{"lon":4.3488,"lat":50.8504},"country":"BE","population":1019022,"timezone":3600},"cod":"200","message":0.0537641,"cnt":4,"list":[{"dt":1699441200,"sunrise":1699425940,"sunset":1699459620,"temp":{"day":10.74,"min":6.96,"max":11.34,"night":10.44,"eve":10.12,"morn":6.96},"feels_like":{"day":9.88,"night":9.94,"eve":9.51,"morn":3.14},"pressure":1011,"humidity":77,"weather":[{"id":501,"main":"Rain","description":"moderate rain","icon":"10d"}],"speed":10.59,"deg":202,"gust":19.01,"clouds":98,"pop":1,"rain":11.02},{"dt":1699527600,"sunrise":1699512444,"sunset":1699545927,"temp":{"day":10.23,"min":6.5,"max":11.12,"night":6.56,"eve":6.9,"morn":8.35},"feels_like":{"day":9.32,"night":2.27,"eve":2.93,"morn":5.7},"pressure":1002,"humidity":77,"weather":[{"id":501,"main":"Rain","description":"moderate rain","icon":"10d"}],"speed":10.29,"deg":217,"gust":16.9,"clouds":98,"pop":1,"rain":8.32},{"dt":1699614000,"sunrise":1699598948,"sunset":1699632236,"temp":{"day":7.12,"min":5.4,"max":8.27,"night":6.5,"eve":8.11,"morn":5.4},"feels_like":{"day":1.93,"night":2.63,"eve":3.85,"morn":0.38},"pressure":993,"humidity":89,"weather":[{"id":501,"main":"Rain","description":"moderate rain","icon":"10d"}],"speed":12.11,"deg":205,"gust":19.11,"clouds":100,"pop":1,"rain":5.08},{"dt":1699700400,"sunrise":1699685451,"sunset":1699718546,"temp":{"day":8.88,"min":6.6,"max":8.88,"night":7.97,"eve":6.6,"morn":8.18},"feels_like":{"day":5.26,"night":5.08,"eve":3.21,"morn":4.4},"pressure":1005,"humidity":74,"weather":[{"id":500,"main":"Rain","description":"light rain","icon":"10d"}],"speed":8.05,"deg":271,"gust":13.81,"clouds":99,"pop":0.4,"rain":0.57}]}
--- ENF OF RECEIVED DATA ---

