________________________________________________
|             CALL API : START                |
________________________________________________

Informations : 
Called API: meteo - 25 August 2023, 01:00
Method: GETMETEO - Timeout : 300 - Cache : 1
URL CALLED : https://api.openweathermap.org/data/2.5/forecast/daily?q=Brussels,be&units=metric&cnt=4&appid=ea18c0706135505149200c3836f29800
-------------------------
________________________________________________
|             CALL API : START                |
________________________________________________

Informations : 
Called API: meteo - 25 August 2023, 01:00
Method: GETMETEO - Timeout : 300 - Cache : 1
URL CALLED : https://api.openweathermap.org/data/2.5/forecast/daily?q=Brussels,be&units=metric&cnt=4&appid=ea18c0706135505149200c3836f29800
-------------------------
{"city":{"id":2800866,"name":"Brussels","coord":{"lon":4.3488,"lat":50.8504},"country":"BE","population":1019022,"timezone":7200},"cod":"200","message":7.2130263,"cnt":4,"list":[{"dt":1692961200,"sunrise":1692938696,"sunset":1692989108,"temp":{"day":20.31,"min":14.63,"max":22.91,"night":14.63,"eve":18.82,"morn":18.62},"feels_like":{"day":20.69,"night":14.03,"eve":18.98,"morn":19.07},"pressure":1009,"humidity":88,"weather":[{"id":500,"main":"Rain","description":"light rain","icon":"10d"}],"speed":5.67,"deg":254,"gust":11.48,"clouds":100,"pop":0.94,"rain":4.28},{"dt":1693047600,"sunrise":1693025189,"sunset":1693075382,"temp":{"day":20.73,"min":11.58,"max":21.88,"night":16.68,"eve":18.97,"morn":11.58},"feels_like":{"day":20.19,"night":16.13,"eve":18.44,"morn":11.04},"pressure":1011,"humidity":51,"weather":[{"id":801,"main":"Clouds","description":"few clouds","icon":"02d"}],"speed":6.5,"deg":224,"gust":11.57,"clouds":15,"pop":0.19},{"dt":1693134000,"sunrise":1693111682,"sunset":1693161655,"temp":{"day":20.09,"min":11.98,"max":20.23,"night":13.32,"eve":16.78,"morn":11.98},"feels_like":{"day":19.51,"night":12.82,"eve":16.21,"morn":11.69},"pressure":1011,"humidity":52,"weather":[{"id":500,"main":"Rain","description":"light rain","icon":"10d"}],"speed":4.78,"deg":252,"gust":6.93,"clouds":70,"pop":0.35,"rain":0.56},{"dt":1693220400,"sunrise":1693198175,"sunset":1693247928,"temp":{"day":19.32,"min":11.48,"max":19.32,"night":12.64,"eve":16.63,"morn":12.18},"feels_like":{"day":18.72,"night":11.89,"eve":16.05,"morn":11.62},"pressure":1013,"humidity":54,"weather":[{"id":500,"main":"Rain","description":"light rain","icon":"10d"}],"speed":4.04,"deg":290,"gust":5.28,"clouds":53,"pop":0.37,"rain":0.77}]}
--- ENF OF RECEIVED DATA ---

{"city":{"id":2800866,"name":"Brussels","coord":{"lon":4.3488,"lat":50.8504},"country":"BE","population":1019022,"timezone":7200},"cod":"200","message":7.2130263,"cnt":4,"list":[{"dt":1692961200,"sunrise":1692938696,"sunset":1692989108,"temp":{"day":20.31,"min":14.63,"max":22.91,"night":14.63,"eve":18.82,"morn":18.62},"feels_like":{"day":20.69,"night":14.03,"eve":18.98,"morn":19.07},"pressure":1009,"humidity":88,"weather":[{"id":500,"main":"Rain","description":"light rain","icon":"10d"}],"speed":5.67,"deg":254,"gust":11.48,"clouds":100,"pop":0.94,"rain":4.28},{"dt":1693047600,"sunrise":1693025189,"sunset":1693075382,"temp":{"day":20.73,"min":11.58,"max":21.88,"night":16.68,"eve":18.97,"morn":11.58},"feels_like":{"day":20.19,"night":16.13,"eve":18.44,"morn":11.04},"pressure":1011,"humidity":51,"weather":[{"id":801,"main":"Clouds","description":"few clouds","icon":"02d"}],"speed":6.5,"deg":224,"gust":11.57,"clouds":15,"pop":0.19},{"dt":1693134000,"sunrise":1693111682,"sunset":1693161655,"temp":{"day":20.09,"min":11.98,"max":20.23,"night":13.32,"eve":16.78,"morn":11.98},"feels_like":{"day":19.51,"night":12.82,"eve":16.21,"morn":11.69},"pressure":1011,"humidity":52,"weather":[{"id":500,"main":"Rain","description":"light rain","icon":"10d"}],"speed":4.78,"deg":252,"gust":6.93,"clouds":70,"pop":0.35,"rain":0.56},{"dt":1693220400,"sunrise":1693198175,"sunset":1693247928,"temp":{"day":19.32,"min":11.48,"max":19.32,"night":12.64,"eve":16.63,"morn":12.18},"feels_like":{"day":18.72,"night":11.89,"eve":16.05,"morn":11.62},"pressure":1013,"humidity":54,"weather":[{"id":500,"main":"Rain","description":"light rain","icon":"10d"}],"speed":4.04,"deg":290,"gust":5.28,"clouds":53,"pop":0.37,"rain":0.77}]}
--- ENF OF RECEIVED DATA ---

