________________________________________________
|             CALL API : START                |
________________________________________________

Informations : 
Called API: meteo - 3 August 2023, 05:20
Method: GETMETEO - Timeout : 300 - Cache : 1
URL CALLED : https://api.openweathermap.org/data/2.5/forecast/daily?q=Brussels,be&units=metric&cnt=4&appid=ea18c0706135505149200c3836f29800
-------------------------
________________________________________________
|             CALL API : START                |
________________________________________________

Informations : 
Called API: meteo - 3 August 2023, 05:20
Method: GETMETEO - Timeout : 300 - Cache : 1
URL CALLED : https://api.openweathermap.org/data/2.5/forecast/daily?q=Brussels,be&units=metric&cnt=4&appid=ea18c0706135505149200c3836f29800
-------------------------
{"city":{"id":2800866,"name":"Brussels","coord":{"lon":4.3488,"lat":50.8504},"country":"BE","population":1019022,"timezone":7200},"cod":"200","message":0.0882127,"cnt":4,"list":[{"dt":1691060400,"sunrise":1691035866,"sunset":1691090787,"temp":{"day":18.98,"min":13.81,"max":18.98,"night":13.81,"eve":17.58,"morn":15.88},"feels_like":{"day":18.66,"night":13.62,"eve":17.3,"morn":15.9},"pressure":1003,"humidity":66,"weather":[{"id":501,"main":"Rain","description":"moderate rain","icon":"10d"}],"speed":12.25,"deg":231,"gust":20.34,"clouds":65,"pop":1,"rain":5.85},{"dt":1691146800,"sunrise":1691122355,"sunset":1691177090,"temp":{"day":19.75,"min":12.44,"max":20.62,"night":14.39,"eve":19.78,"morn":12.86},"feels_like":{"day":19.53,"night":14.1,"eve":19.43,"morn":12.68},"pressure":1015,"humidity":67,"weather":[{"id":500,"main":"Rain","description":"light rain","icon":"10d"}],"speed":4.79,"deg":330,"gust":5.81,"clouds":97,"pop":0.96,"rain":2.04},{"dt":1691233200,"sunrise":1691208845,"sunset":1691263390,"temp":{"day":14.53,"min":12.51,"max":16.85,"night":13.41,"eve":15.05,"morn":13.05},"feels_like":{"day":14.31,"night":13.29,"eve":14.75,"morn":12.81},"pressure":1011,"humidity":87,"weather":[{"id":501,"main":"Rain","description":"moderate rain","icon":"10d"}],"speed":8.46,"deg":205,"gust":13.87,"clouds":100,"pop":1,"rain":9.36},{"dt":1691319600,"sunrise":1691295336,"sunset":1691349689,"temp":{"day":15.86,"min":13.22,"max":16.33,"night":13.72,"eve":14.29,"morn":13.6},"feels_like":{"day":15.67,"night":13.13,"eve":13.86,"morn":13.5},"pressure":1013,"humidity":83,"weather":[{"id":501,"main":"Rain","description":"moderate rain","icon":"10d"}],"speed":8.66,"deg":302,"gust":13.07,"clouds":88,"pop":1,"rain":11.56}]}
--- ENF OF RECEIVED DATA ---

{"city":{"id":2800866,"name":"Brussels","coord":{"lon":4.3488,"lat":50.8504},"country":"BE","population":1019022,"timezone":7200},"cod":"200","message":0.0882127,"cnt":4,"list":[{"dt":1691060400,"sunrise":1691035866,"sunset":1691090787,"temp":{"day":18.98,"min":13.81,"max":18.98,"night":13.81,"eve":17.58,"morn":15.88},"feels_like":{"day":18.66,"night":13.62,"eve":17.3,"morn":15.9},"pressure":1003,"humidity":66,"weather":[{"id":501,"main":"Rain","description":"moderate rain","icon":"10d"}],"speed":12.25,"deg":231,"gust":20.34,"clouds":65,"pop":1,"rain":5.85},{"dt":1691146800,"sunrise":1691122355,"sunset":1691177090,"temp":{"day":19.75,"min":12.44,"max":20.62,"night":14.39,"eve":19.78,"morn":12.86},"feels_like":{"day":19.53,"night":14.1,"eve":19.43,"morn":12.68},"pressure":1015,"humidity":67,"weather":[{"id":500,"main":"Rain","description":"light rain","icon":"10d"}],"speed":4.79,"deg":330,"gust":5.81,"clouds":97,"pop":0.96,"rain":2.04},{"dt":1691233200,"sunrise":1691208845,"sunset":1691263390,"temp":{"day":14.53,"min":12.51,"max":16.85,"night":13.41,"eve":15.05,"morn":13.05},"feels_like":{"day":14.31,"night":13.29,"eve":14.75,"morn":12.81},"pressure":1011,"humidity":87,"weather":[{"id":501,"main":"Rain","description":"moderate rain","icon":"10d"}],"speed":8.46,"deg":205,"gust":13.87,"clouds":100,"pop":1,"rain":9.36},{"dt":1691319600,"sunrise":1691295336,"sunset":1691349689,"temp":{"day":15.86,"min":13.22,"max":16.33,"night":13.72,"eve":14.29,"morn":13.6},"feels_like":{"day":15.67,"night":13.13,"eve":13.86,"morn":13.5},"pressure":1013,"humidity":83,"weather":[{"id":501,"main":"Rain","description":"moderate rain","icon":"10d"}],"speed":8.66,"deg":302,"gust":13.07,"clouds":88,"pop":1,"rain":11.56}]}
--- ENF OF RECEIVED DATA ---

