________________________________________________
|             CALL API : START                |
________________________________________________

Informations : 
Called API: meteo - 8 March 2023, 22:10
Method: GETMETEO - Timeout : 300 - Cache : 1
URL CALLED : https://rmipro.meteo.be/products/bx1/5373bc0393d004fc/web_forecast
-------------------------
________________________________________________
|             CALL API : START                |
________________________________________________

Informations : 
Called API: meteo - 8 March 2023, 22:10
Method: GETMETEO - Timeout : 300 - Cache : 1
URL CALLED : https://rmipro.meteo.be/products/bx1/5373bc0393d004fc/web_forecast
-------------------------
<?xml version='1.0' encoding='UTF-8'?>
<meteo>
  <generationDate>08/03/2023 20:58</generationDate>
  <forecast date="20230308" period="NIGHT">
    <titledate>08/03/23</titledate>
    <titleday>mercredi</titleday>
    <data>
      <city>Ostende</city>
      <tempMin>2 </tempMin>
      <weathertype>TNN6</weathertype>
    </data>
    <data>
      <city>Anvers</city>
      <tempMin>1 </tempMin>
      <weathertype>TNN6</weathertype>
    </data>
    <data>
      <city>Bruxelles</city>
      <tempMin>2 </tempMin>
      <weathertype>TNN6</weathertype>
    </data>
    <data>
      <city>Namur</city>
      <tempMin>7 </tempMin>
      <weathertype>TNN6</weathertype>
    </data>
    <data>
      <city>Liege</city>
      <tempMin>2 </tempMin>
      <weathertype>TNN6</weathertype>
    </data>
    <data>
      <city>Arlon</city>
      <tempMin>5 </tempMin>
      <weathertype>TNN6</weathertype>
    </data>
  </forecast>
  <forecast date="20230309" period="AM">
    <titledate>09/03/23</titledate>
    <titleday>jeudi</titleday>
    <data>
      <city>Ostende</city>
      <tempMax>5 </tempMax>
      <weathertype>TJ6</weathertype>
    </data>
    <data>
      <city>Anvers</city>
      <tempMax>4 </tempMax>
      <weathertype>TJ6</weathertype>
    </data>
    <data>
      <city>Bruxelles</city>
      <tempMax>8 </tempMax>
      <weathertype>TJ6</weathertype>
    </data>
    <data>
      <city>Namur</city>
      <tempMax>8 </tempMax>
      <weathertype>TJ6</weathertype>
    </data>
    <data>
      <city>Liege</city>
      <tempMax>9 </tempMax>
      <weathertype>TJ6</weathertype>
    </data>
    <data>
      <city>Arlon</city>
      <tempMax>9 </tempMax>
      <weathertype>TJ6</weathertype>
    </data>
  </forecast>
  <forecast date="20230309" period="PM">
    <titledate>09/03/23</titledate>
    <titleday>jeudi</titleday>
    <data>
      <city>Ostende</city>
      <tempMax>11 </tempMax>
      <weathertype>TJ6</weathertype>
    </data>
    <data>
      <city>Anvers</city>
      <tempMax>10 </tempMax>
      <weathertype>TJ6</weathertype>
    </data>
    <data>
      <city>Bruxelles</city>
      <tempMax>11 </tempMax>
      <weathertype>TJ6</weathertype>
    </data>
    <data>
      <city>Namur</city>
      <tempMax>12 </tempMax>
      <weathertype>TJ6</weathertype>
    </data>
    <data>
      <city>Liege</city>
      <tempMax>11 </tempMax>
      <weathertype>TJ6</weathertype>
    </data>
    <data>
      <city>Arlon</city>
      <tempMax>10 </tempMax>
      <weathertype>TJ6</weathertype>
    </data>
  </forecast>
  <forecast date="20230310" period="DAY">
    <titledate>10/03/23</titledate>
    <titleday>vendredi</titleday>
    <data>
      <city>Ostende</city>
      <tempMin>1 </tempMin>
      <tempMax>9 </tempMax>
      <weathertype>TJ6</weathertype>
    </data>
    <data>
      <city>Anvers</city>
      <tempMin>-2 </tempMin>
      <tempMax>10 </tempMax>
      <weathertype>TJ6</weathertype>
    </data>
    <data>
      <city>Bruxelles</city>
      <tempMin>-2 </tempMin>
      <tempMax>10 </tempMax>
      <weathertype>TJ6</weathertype>
    </data>
    <data>
      <city>Namur</city>
      <tempMin>-4 </tempMin>
      <tempMax>9 </tempMax>
      <weathertype>TJ6</weathertype>
    </data>
    <data>
      <city>Liege</city>
      <tempMin>-3 </tempMin>
      <tempMax>8 </tempMax>
      <weathertype>TJ6</weathertype>
    </data>
    <data>
      <city>Arlon</city>
      <tempMin>-4 </tempMin>
      <tempMax>7 </tempMax>
      <weathertype>TJ6</weathertype>
    </data>
  </forecast>
  <forecast date="20230311" period="DAY">
    <titledate>11/03/23</titledate>
    <titleday>samedi</titleday>
    <data>
      <city>Ostende</city>
      <tempMin>3 </tempMin>
      <tempMax>5 </tempMax>
      <weathertype>TJ2</weathertype>
    </data>
    <data>
      <city>Anvers</city>
      <tempMin>1 </tempMin>
      <tempMax>5 </tempMax>
      <weathertype>TJ2</weathertype>
    </data>
    <data>
      <city>Bruxelles</city>
      <tempMin>1 </tempMin>
      <tempMax>5 </tempMax>
      <weathertype>TJ2</weathertype>
    </data>
    <data>
      <city>Namur</city>
      <tempMin>-2 </tempMin>
      <tempMax>2 </tempMax>
      <weathertype>TJ2</weathertype>
    </data>
    <data>
      <city>Liege</city>
      <tempMin>1 </tempMin>
      <tempMax>5 </tempMax>
      <weathertype>TJ2</weathertype>
    </data>
    <data>
      <city>Arlon</city>
      <tempMin>-2 </tempMin>
      <tempMax>2 </tempMax>
      <weathertype>TJ2</weathertype>
    </data>
  </forecast>
  <forecast date="20230312" period="DAY">
    <titledate>12/03/23</titledate>
    <titleday>dimanche</titleday>
    <data>
      <city>Ostende</city>
      <tempMin>10 </tempMin>
      <tempMax>12 </tempMax>
      <weathertype>TJ10</weathertype>
    </data>
    <data>
      <city>Anvers</city>
      <tempMin>11 </tempMin>
      <tempMax>12 </tempMax>
      <weathertype>TJ10</weathertype>
    </data>
    <data>
      <city>Bruxelles</city>
      <tempMin>11 </tempMin>
      <tempMax>12 </tempMax>
      <weathertype>TJ10</weathertype>
    </data>
    <data>
      <city>Namur</city>
      <tempMin>6 </tempMin>
      <tempMax>7 </tempMax>
      <weathertype>TJ10</weathertype>
    </data>
    <data>
      <city>Liege</city>
      <tempMin>11 </tempMin>
      <tempMax>11 </tempMax>
      <weathertype>TJ10</weathertype>
    </data>
    <data>
      <city>Arlon</city>
      <tempMin>6 </tempMin>
      <tempMax>7 </tempMax>
      <weathertype>TJ10</weathertype>
    </data>
  </forecast>
  <forecast_foreign date="20230309" period="DAY">
    <titledate>09/03/23</titledate>
    <titleday>jeudi</titleday>
    <data>
      <city>Paris</city>
      <temp>12 </temp>
      <weathertype>TJ4</weathertype>
    </data>
    <data>
      <city>Londres</city>
      <temp>3 </temp>
      <weathertype>TJ7</weathertype>
    </data>
    <data>
      <city>Amsterdam</city>
      <temp>3 </temp>
      <weathertype>TJ4</weathertype>
    </data>
  </forecast_foreign>
  <forecast_foreign date="20230310" period="DAY">
    <titledate>10/03/23</titledate>
    <titleday>vendredi</titleday>
    <data>
      <city>Paris</city>
      <temp>12 </temp>
      <weathertype>TJ7</weathertype>
    </data>
    <data>
      <city>Londres</city>
      <temp>7 </temp>
      <weathertype>TJ7</weathertype>
    </data>
    <data>
      <city>Amsterdam</city>
      <temp>3 </temp>
      <weathertype>TJ9</weathertype>
    </data>
  </forecast_foreign>
  <Ephemerides>
    <Ephemeride>
      <titledate>08/03/23</titledate>
      <titleday>mercredi</titleday>
      <data>
        <sunRise>07:12</sunRise>
        <sunSet>18:36</sunSet>
        <gain>3 </gain>
      </data>
    </Ephemeride>
    <Ephemeride>
      <titledate>09/03/23</titledate>
      <titleday>jeudi</titleday>
      <data>
        <sunRise>07:10</sunRise>
        <sunSet>18:38</sunSet>
        <gain>4 </gain>
      </data>
    </Ephemeride>
    <Ephemeride>
      <titledate>10/03/23</titledate>
      <titleday>vendredi</titleday>
      <data>
        <sunRise>07:07</sunRise>
        <sunSet>18:40</sunSet>
        <gain>5 </gain>
      </data>
    </Ephemeride>
    <Ephemeride>
      <titledate>11/03/23</titledate>
      <titleday>samedi</titleday>
      <data>
        <sunRise>07:05</sunRise>
        <sunSet>18:41</sunSet>
        <gain>3 </gain>
      </data>
    </Ephemeride>
  </Ephemerides>
  <indices>
    <indice>
      <titledate>08/03/23</titledate>
      <titleday>mercredi</titleday>
      <data>
        <value>5</value>
        <evaluation>moyenne</evaluation>
      </data>
    </indice>
    <indice>
      <titledate>09/03/23</titledate>
      <titleday>jeudi</titleday>
      <data>
        <value>4</value>
        <evaluation>assez bonne</evaluation>
      </data>
    </indice>
    <indice>
      <titledate>10/03/23</titledate>
      <titleday>vendredi</titleday>
      <data>
        <value>3</value>
        <evaluation>bonne</evaluation>
      </data>
    </indice>
  </indices>
</meteo>

--- ENF OF RECEIVED DATA ---

<?xml version='1.0' encoding='UTF-8'?>
<meteo>
  <generationDate>08/03/2023 20:58</generationDate>
  <forecast date="20230308" period="NIGHT">
    <titledate>08/03/23</titledate>
    <titleday>mercredi</titleday>
    <data>
      <city>Ostende</city>
      <tempMin>2 </tempMin>
      <weathertype>TNN6</weathertype>
    </data>
    <data>
      <city>Anvers</city>
      <tempMin>1 </tempMin>
      <weathertype>TNN6</weathertype>
    </data>
    <data>
      <city>Bruxelles</city>
      <tempMin>2 </tempMin>
      <weathertype>TNN6</weathertype>
    </data>
    <data>
      <city>Namur</city>
      <tempMin>7 </tempMin>
      <weathertype>TNN6</weathertype>
    </data>
    <data>
      <city>Liege</city>
      <tempMin>2 </tempMin>
      <weathertype>TNN6</weathertype>
    </data>
    <data>
      <city>Arlon</city>
      <tempMin>5 </tempMin>
      <weathertype>TNN6</weathertype>
    </data>
  </forecast>
  <forecast date="20230309" period="AM">
    <titledate>09/03/23</titledate>
    <titleday>jeudi</titleday>
    <data>
      <city>Ostende</city>
      <tempMax>5 </tempMax>
      <weathertype>TJ6</weathertype>
    </data>
    <data>
      <city>Anvers</city>
      <tempMax>4 </tempMax>
      <weathertype>TJ6</weathertype>
    </data>
    <data>
      <city>Bruxelles</city>
      <tempMax>8 </tempMax>
      <weathertype>TJ6</weathertype>
    </data>
    <data>
      <city>Namur</city>
      <tempMax>8 </tempMax>
      <weathertype>TJ6</weathertype>
    </data>
    <data>
      <city>Liege</city>
      <tempMax>9 </tempMax>
      <weathertype>TJ6</weathertype>
    </data>
    <data>
      <city>Arlon</city>
      <tempMax>9 </tempMax>
      <weathertype>TJ6</weathertype>
    </data>
  </forecast>
  <forecast date="20230309" period="PM">
    <titledate>09/03/23</titledate>
    <titleday>jeudi</titleday>
    <data>
      <city>Ostende</city>
      <tempMax>11 </tempMax>
      <weathertype>TJ6</weathertype>
    </data>
    <data>
      <city>Anvers</city>
      <tempMax>10 </tempMax>
      <weathertype>TJ6</weathertype>
    </data>
    <data>
      <city>Bruxelles</city>
      <tempMax>11 </tempMax>
      <weathertype>TJ6</weathertype>
    </data>
    <data>
      <city>Namur</city>
      <tempMax>12 </tempMax>
      <weathertype>TJ6</weathertype>
    </data>
    <data>
      <city>Liege</city>
      <tempMax>11 </tempMax>
      <weathertype>TJ6</weathertype>
    </data>
    <data>
      <city>Arlon</city>
      <tempMax>10 </tempMax>
      <weathertype>TJ6</weathertype>
    </data>
  </forecast>
  <forecast date="20230310" period="DAY">
    <titledate>10/03/23</titledate>
    <titleday>vendredi</titleday>
    <data>
      <city>Ostende</city>
      <tempMin>1 </tempMin>
      <tempMax>9 </tempMax>
      <weathertype>TJ6</weathertype>
    </data>
    <data>
      <city>Anvers</city>
      <tempMin>-2 </tempMin>
      <tempMax>10 </tempMax>
      <weathertype>TJ6</weathertype>
    </data>
    <data>
      <city>Bruxelles</city>
      <tempMin>-2 </tempMin>
      <tempMax>10 </tempMax>
      <weathertype>TJ6</weathertype>
    </data>
    <data>
      <city>Namur</city>
      <tempMin>-4 </tempMin>
      <tempMax>9 </tempMax>
      <weathertype>TJ6</weathertype>
    </data>
    <data>
      <city>Liege</city>
      <tempMin>-3 </tempMin>
      <tempMax>8 </tempMax>
      <weathertype>TJ6</weathertype>
    </data>
    <data>
      <city>Arlon</city>
      <tempMin>-4 </tempMin>
      <tempMax>7 </tempMax>
      <weathertype>TJ6</weathertype>
    </data>
  </forecast>
  <forecast date="20230311" period="DAY">
    <titledate>11/03/23</titledate>
    <titleday>samedi</titleday>
    <data>
      <city>Ostende</city>
      <tempMin>3 </tempMin>
      <tempMax>5 </tempMax>
      <weathertype>TJ2</weathertype>
    </data>
    <data>
      <city>Anvers</city>
      <tempMin>1 </tempMin>
      <tempMax>5 </tempMax>
      <weathertype>TJ2</weathertype>
    </data>
    <data>
      <city>Bruxelles</city>
      <tempMin>1 </tempMin>
      <tempMax>5 </tempMax>
      <weathertype>TJ2</weathertype>
    </data>
    <data>
      <city>Namur</city>
      <tempMin>-2 </tempMin>
      <tempMax>2 </tempMax>
      <weathertype>TJ2</weathertype>
    </data>
    <data>
      <city>Liege</city>
      <tempMin>1 </tempMin>
      <tempMax>5 </tempMax>
      <weathertype>TJ2</weathertype>
    </data>
    <data>
      <city>Arlon</city>
      <tempMin>-2 </tempMin>
      <tempMax>2 </tempMax>
      <weathertype>TJ2</weathertype>
    </data>
  </forecast>
  <forecast date="20230312" period="DAY">
    <titledate>12/03/23</titledate>
    <titleday>dimanche</titleday>
    <data>
      <city>Ostende</city>
      <tempMin>10 </tempMin>
      <tempMax>12 </tempMax>
      <weathertype>TJ10</weathertype>
    </data>
    <data>
      <city>Anvers</city>
      <tempMin>11 </tempMin>
      <tempMax>12 </tempMax>
      <weathertype>TJ10</weathertype>
    </data>
    <data>
      <city>Bruxelles</city>
      <tempMin>11 </tempMin>
      <tempMax>12 </tempMax>
      <weathertype>TJ10</weathertype>
    </data>
    <data>
      <city>Namur</city>
      <tempMin>6 </tempMin>
      <tempMax>7 </tempMax>
      <weathertype>TJ10</weathertype>
    </data>
    <data>
      <city>Liege</city>
      <tempMin>11 </tempMin>
      <tempMax>11 </tempMax>
      <weathertype>TJ10</weathertype>
    </data>
    <data>
      <city>Arlon</city>
      <tempMin>6 </tempMin>
      <tempMax>7 </tempMax>
      <weathertype>TJ10</weathertype>
    </data>
  </forecast>
  <forecast_foreign date="20230309" period="DAY">
    <titledate>09/03/23</titledate>
    <titleday>jeudi</titleday>
    <data>
      <city>Paris</city>
      <temp>12 </temp>
      <weathertype>TJ4</weathertype>
    </data>
    <data>
      <city>Londres</city>
      <temp>3 </temp>
      <weathertype>TJ7</weathertype>
    </data>
    <data>
      <city>Amsterdam</city>
      <temp>3 </temp>
      <weathertype>TJ4</weathertype>
    </data>
  </forecast_foreign>
  <forecast_foreign date="20230310" period="DAY">
    <titledate>10/03/23</titledate>
    <titleday>vendredi</titleday>
    <data>
      <city>Paris</city>
      <temp>12 </temp>
      <weathertype>TJ7</weathertype>
    </data>
    <data>
      <city>Londres</city>
      <temp>7 </temp>
      <weathertype>TJ7</weathertype>
    </data>
    <data>
      <city>Amsterdam</city>
      <temp>3 </temp>
      <weathertype>TJ9</weathertype>
    </data>
  </forecast_foreign>
  <Ephemerides>
    <Ephemeride>
      <titledate>08/03/23</titledate>
      <titleday>mercredi</titleday>
      <data>
        <sunRise>07:12</sunRise>
        <sunSet>18:36</sunSet>
        <gain>3 </gain>
      </data>
    </Ephemeride>
    <Ephemeride>
      <titledate>09/03/23</titledate>
      <titleday>jeudi</titleday>
      <data>
        <sunRise>07:10</sunRise>
        <sunSet>18:38</sunSet>
        <gain>4 </gain>
      </data>
    </Ephemeride>
    <Ephemeride>
      <titledate>10/03/23</titledate>
      <titleday>vendredi</titleday>
      <data>
        <sunRise>07:07</sunRise>
        <sunSet>18:40</sunSet>
        <gain>5 </gain>
      </data>
    </Ephemeride>
    <Ephemeride>
      <titledate>11/03/23</titledate>
      <titleday>samedi</titleday>
      <data>
        <sunRise>07:05</sunRise>
        <sunSet>18:41</sunSet>
        <gain>3 </gain>
      </data>
    </Ephemeride>
  </Ephemerides>
  <indices>
    <indice>
      <titledate>08/03/23</titledate>
      <titleday>mercredi</titleday>
      <data>
        <value>5</value>
        <evaluation>moyenne</evaluation>
      </data>
    </indice>
    <indice>
      <titledate>09/03/23</titledate>
      <titleday>jeudi</titleday>
      <data>
        <value>4</value>
        <evaluation>assez bonne</evaluation>
      </data>
    </indice>
    <indice>
      <titledate>10/03/23</titledate>
      <titleday>vendredi</titleday>
      <data>
        <value>3</value>
        <evaluation>bonne</evaluation>
      </data>
    </indice>
  </indices>
</meteo>

--- ENF OF RECEIVED DATA ---

