________________________________________________
|             CALL API : START                |
________________________________________________

Informations : 
Called API: meteo - 15 October 2023, 12:00
Method: GETMETEO - Timeout : 300 - Cache : 1
URL CALLED : https://api.openweathermap.org/data/2.5/forecast/daily?q=Brussels,be&units=metric&cnt=4&appid=ea18c0706135505149200c3836f29800
-------------------------
________________________________________________
|             CALL API : START                |
________________________________________________

Informations : 
Called API: meteo - 15 October 2023, 12:00
Method: GETMETEO - Timeout : 300 - Cache : 1
URL CALLED : https://api.openweathermap.org/data/2.5/forecast/daily?q=Brussels,be&units=metric&cnt=4&appid=ea18c0706135505149200c3836f29800
-------------------------
{"city":{"id":2800866,"name":"Brussels","coord":{"lon":4.3488,"lat":50.8504},"country":"BE","population":1019022,"timezone":7200},"cod":"200","message":49.8071257,"cnt":4,"list":[{"dt":1697367600,"sunrise":1697349881,"sunset":1697388716,"temp":{"day":10.08,"min":6.69,"max":11.1,"night":7.33,"eve":8.28,"morn":6.69},"feels_like":{"day":9,"night":7.33,"eve":6.73,"morn":3.8},"pressure":1022,"humidity":71,"weather":[{"id":500,"main":"Rain","description":"light rain","icon":"10d"}],"speed":5.75,"deg":319,"gust":10.89,"clouds":35,"pop":0.48,"rain":0.37},{"dt":1697454000,"sunrise":1697436380,"sunset":1697474990,"temp":{"day":11.2,"min":5.54,"max":12.31,"night":7.53,"eve":9.45,"morn":5.88},"feels_like":{"day":9.86,"night":5.11,"eve":7.54,"morn":5.88},"pressure":1023,"humidity":57,"weather":[{"id":804,"main":"Clouds","description":"overcast clouds","icon":"04d"}],"speed":4.48,"deg":83,"gust":10.26,"clouds":100,"pop":0.03},{"dt":1697540400,"sunrise":1697522880,"sunset":1697561265,"temp":{"day":12.88,"min":6.58,"max":14.7,"night":8.98,"eve":11.03,"morn":6.77},"feels_like":{"day":11.45,"night":6.46,"eve":9.65,"morn":4.03},"pressure":1016,"humidity":47,"weather":[{"id":803,"main":"Clouds","description":"broken clouds","icon":"04d"}],"speed":6.26,"deg":94,"gust":11.41,"clouds":62,"pop":0},{"dt":1697626800,"sunrise":1697609380,"sunset":1697647541,"temp":{"day":13.66,"min":8.79,"max":16.95,"night":16.95,"eve":14.14,"morn":9.58},"feels_like":{"day":12.86,"night":17.02,"eve":13.96,"morn":7.11},"pressure":1001,"humidity":68,"weather":[{"id":501,"main":"Rain","description":"moderate rain","icon":"10d"}],"speed":10.55,"deg":180,"gust":19.5,"clouds":100,"pop":1,"rain":5.73}]}
--- ENF OF RECEIVED DATA ---

{"city":{"id":2800866,"name":"Brussels","coord":{"lon":4.3488,"lat":50.8504},"country":"BE","population":1019022,"timezone":7200},"cod":"200","message":49.8071257,"cnt":4,"list":[{"dt":1697367600,"sunrise":1697349881,"sunset":1697388716,"temp":{"day":10.08,"min":6.69,"max":11.1,"night":7.33,"eve":8.28,"morn":6.69},"feels_like":{"day":9,"night":7.33,"eve":6.73,"morn":3.8},"pressure":1022,"humidity":71,"weather":[{"id":500,"main":"Rain","description":"light rain","icon":"10d"}],"speed":5.75,"deg":319,"gust":10.89,"clouds":35,"pop":0.48,"rain":0.37},{"dt":1697454000,"sunrise":1697436380,"sunset":1697474990,"temp":{"day":11.2,"min":5.54,"max":12.31,"night":7.53,"eve":9.45,"morn":5.88},"feels_like":{"day":9.86,"night":5.11,"eve":7.54,"morn":5.88},"pressure":1023,"humidity":57,"weather":[{"id":804,"main":"Clouds","description":"overcast clouds","icon":"04d"}],"speed":4.48,"deg":83,"gust":10.26,"clouds":100,"pop":0.03},{"dt":1697540400,"sunrise":1697522880,"sunset":1697561265,"temp":{"day":12.88,"min":6.58,"max":14.7,"night":8.98,"eve":11.03,"morn":6.77},"feels_like":{"day":11.45,"night":6.46,"eve":9.65,"morn":4.03},"pressure":1016,"humidity":47,"weather":[{"id":803,"main":"Clouds","description":"broken clouds","icon":"04d"}],"speed":6.26,"deg":94,"gust":11.41,"clouds":62,"pop":0},{"dt":1697626800,"sunrise":1697609380,"sunset":1697647541,"temp":{"day":13.66,"min":8.79,"max":16.95,"night":16.95,"eve":14.14,"morn":9.58},"feels_like":{"day":12.86,"night":17.02,"eve":13.96,"morn":7.11},"pressure":1001,"humidity":68,"weather":[{"id":501,"main":"Rain","description":"moderate rain","icon":"10d"}],"speed":10.55,"deg":180,"gust":19.5,"clouds":100,"pop":1,"rain":5.73}]}
--- ENF OF RECEIVED DATA ---

