________________________________________________
|             CALL API : START                |
________________________________________________

Informations : 
Called API: meteo - 15 February 2025, 00:40
Method: GETMETEO - Timeout : 300 - Cache : 1
URL CALLED : https://api.openweathermap.org/data/2.5/forecast/daily?q=Brussels,be&units=metric&cnt=4&appid=ea18c0706135505149200c3836f29800
-------------------------
________________________________________________
|             CALL API : START                |
________________________________________________

Informations : 
Called API: meteo - 15 February 2025, 00:40
Method: GETMETEO - Timeout : 300 - Cache : 1
URL CALLED : https://api.openweathermap.org/data/2.5/forecast/daily?q=Brussels,be&units=metric&cnt=4&appid=ea18c0706135505149200c3836f29800
-------------------------
{"city":{"id":2800866,"name":"Brussels","coord":{"lon":4.3488,"lat":50.8504},"country":"BE","population":1019022,"timezone":3600},"cod":"200","message":0.0417173,"cnt":4,"list":[{"dt":1739617200,"sunrise":1739602507,"sunset":1739638716,"temp":{"day":3.16,"min":-1.2,"max":4.44,"night":1.41,"eve":2.48,"morn":-0.98},"feels_like":{"day":0.82,"night":-2.03,"eve":-0.51,"morn":-3.55},"pressure":1024,"humidity":58,"weather":[{"id":804,"main":"Clouds","description":"overcast clouds","icon":"04d"}],"speed":3.41,"deg":74,"gust":7.36,"clouds":91,"pop":0},{"dt":1739703600,"sunrise":1739688794,"sunset":1739725223,"temp":{"day":3.78,"min":-0.14,"max":5.51,"night":0.62,"eve":2.78,"morn":0.23},"feels_like":{"day":0.28,"night":-2.41,"eve":-0.47,"morn":-3.77},"pressure":1020,"humidity":67,"weather":[{"id":802,"main":"Clouds","description":"scattered clouds","icon":"03d"}],"speed":5.05,"deg":70,"gust":8.84,"clouds":47,"pop":0},{"dt":1739790000,"sunrise":1739775080,"sunset":1739811730,"temp":{"day":5.07,"min":-0.33,"max":6.94,"night":2.12,"eve":4.17,"morn":-0.08},"feels_like":{"day":3.11,"night":-0.24,"eve":1.43,"morn":-3.05},"pressure":1021,"humidity":53,"weather":[{"id":803,"main":"Clouds","description":"broken clouds","icon":"04d"}],"speed":3.1,"deg":82,"gust":5.12,"clouds":73,"pop":0},{"dt":1739876400,"sunrise":1739861364,"sunset":1739898237,"temp":{"day":8.83,"min":1.2,"max":10.25,"night":4.77,"eve":6.16,"morn":1.2},"feels_like":{"day":6.69,"night":1.78,"eve":3.67,"morn":-1.76},"pressure":1019,"humidity":52,"weather":[{"id":803,"main":"Clouds","description":"broken clouds","icon":"04d"}],"speed":3.75,"deg":117,"gust":8.6,"clouds":70,"pop":0}]}
--- ENF OF RECEIVED DATA ---

{"city":{"id":2800866,"name":"Brussels","coord":{"lon":4.3488,"lat":50.8504},"country":"BE","population":1019022,"timezone":3600},"cod":"200","message":0.0417173,"cnt":4,"list":[{"dt":1739617200,"sunrise":1739602507,"sunset":1739638716,"temp":{"day":3.16,"min":-1.2,"max":4.44,"night":1.41,"eve":2.48,"morn":-0.98},"feels_like":{"day":0.82,"night":-2.03,"eve":-0.51,"morn":-3.55},"pressure":1024,"humidity":58,"weather":[{"id":804,"main":"Clouds","description":"overcast clouds","icon":"04d"}],"speed":3.41,"deg":74,"gust":7.36,"clouds":91,"pop":0},{"dt":1739703600,"sunrise":1739688794,"sunset":1739725223,"temp":{"day":3.78,"min":-0.14,"max":5.51,"night":0.62,"eve":2.78,"morn":0.23},"feels_like":{"day":0.28,"night":-2.41,"eve":-0.47,"morn":-3.77},"pressure":1020,"humidity":67,"weather":[{"id":802,"main":"Clouds","description":"scattered clouds","icon":"03d"}],"speed":5.05,"deg":70,"gust":8.84,"clouds":47,"pop":0},{"dt":1739790000,"sunrise":1739775080,"sunset":1739811730,"temp":{"day":5.07,"min":-0.33,"max":6.94,"night":2.12,"eve":4.17,"morn":-0.08},"feels_like":{"day":3.11,"night":-0.24,"eve":1.43,"morn":-3.05},"pressure":1021,"humidity":53,"weather":[{"id":803,"main":"Clouds","description":"broken clouds","icon":"04d"}],"speed":3.1,"deg":82,"gust":5.12,"clouds":73,"pop":0},{"dt":1739876400,"sunrise":1739861364,"sunset":1739898237,"temp":{"day":8.83,"min":1.2,"max":10.25,"night":4.77,"eve":6.16,"morn":1.2},"feels_like":{"day":6.69,"night":1.78,"eve":3.67,"morn":-1.76},"pressure":1019,"humidity":52,"weather":[{"id":803,"main":"Clouds","description":"broken clouds","icon":"04d"}],"speed":3.75,"deg":117,"gust":8.6,"clouds":70,"pop":0}]}
--- ENF OF RECEIVED DATA ---

