________________________________________________
|             CALL API : START                |
________________________________________________

Informations : 
Called API: meteo - 16 December 2023, 01:10
Method: GETMETEO - Timeout : 300 - Cache : 1
URL CALLED : https://api.openweathermap.org/data/2.5/forecast/daily?q=Brussels,be&units=metric&cnt=4&appid=ea18c0706135505149200c3836f29800
-------------------------
________________________________________________
|             CALL API : START                |
________________________________________________

Informations : 
Called API: meteo - 16 December 2023, 01:10
Method: GETMETEO - Timeout : 300 - Cache : 1
URL CALLED : https://api.openweathermap.org/data/2.5/forecast/daily?q=Brussels,be&units=metric&cnt=4&appid=ea18c0706135505149200c3836f29800
-------------------------
{"city":{"id":2800866,"name":"Brussels","coord":{"lon":4.3488,"lat":50.8504},"country":"BE","population":1019022,"timezone":3600},"cod":"200","message":8.0355818,"cnt":4,"list":[{"dt":1702724400,"sunrise":1702712349,"sunset":1702741021,"temp":{"day":7.73,"min":4.49,"max":8.62,"night":8.62,"eve":8.17,"morn":4.69},"feels_like":{"day":4.88,"night":6.39,"eve":5.63,"morn":1.47},"pressure":1041,"humidity":84,"weather":[{"id":801,"main":"Clouds","description":"few clouds","icon":"02d"}],"speed":4.73,"deg":229,"gust":9.38,"clouds":22,"pop":0},{"dt":1702810800,"sunrise":1702798794,"sunset":1702827432,"temp":{"day":8.33,"min":5.83,"max":9.43,"night":5.98,"eve":7.1,"morn":7.13},"feels_like":{"day":5.25,"night":2.49,"eve":3.8,"morn":4.35},"pressure":1037,"humidity":81,"weather":[{"id":804,"main":"Clouds","description":"overcast clouds","icon":"04d"}],"speed":5.69,"deg":214,"gust":12.8,"clouds":87,"pop":0},{"dt":1702897200,"sunrise":1702885237,"sunset":1702913846,"temp":{"day":6.76,"min":3.98,"max":7.66,"night":4.7,"eve":5.51,"morn":4.44},"feels_like":{"day":3.28,"night":0.71,"eve":1.62,"morn":0.63},"pressure":1032,"humidity":66,"weather":[{"id":800,"main":"Clear","description":"sky is clear","icon":"01d"}],"speed":6.02,"deg":205,"gust":13.39,"clouds":0,"pop":0},{"dt":1702983600,"sunrise":1702971676,"sunset":1703000264,"temp":{"day":8.02,"min":4.9,"max":8.59,"night":8.59,"eve":7.96,"morn":7.29},"feels_like":{"day":4.29,"night":5.11,"eve":4.16,"morn":3.37},"pressure":1021,"humidity":92,"weather":[{"id":500,"main":"Rain","description":"light rain","icon":"10d"}],"speed":7.51,"deg":215,"gust":15.79,"clouds":100,"pop":0.89,"rain":1.86}]}
--- ENF OF RECEIVED DATA ---

{"city":{"id":2800866,"name":"Brussels","coord":{"lon":4.3488,"lat":50.8504},"country":"BE","population":1019022,"timezone":3600},"cod":"200","message":8.0355818,"cnt":4,"list":[{"dt":1702724400,"sunrise":1702712349,"sunset":1702741021,"temp":{"day":7.73,"min":4.49,"max":8.62,"night":8.62,"eve":8.17,"morn":4.69},"feels_like":{"day":4.88,"night":6.39,"eve":5.63,"morn":1.47},"pressure":1041,"humidity":84,"weather":[{"id":801,"main":"Clouds","description":"few clouds","icon":"02d"}],"speed":4.73,"deg":229,"gust":9.38,"clouds":22,"pop":0},{"dt":1702810800,"sunrise":1702798794,"sunset":1702827432,"temp":{"day":8.33,"min":5.83,"max":9.43,"night":5.98,"eve":7.1,"morn":7.13},"feels_like":{"day":5.25,"night":2.49,"eve":3.8,"morn":4.35},"pressure":1037,"humidity":81,"weather":[{"id":804,"main":"Clouds","description":"overcast clouds","icon":"04d"}],"speed":5.69,"deg":214,"gust":12.8,"clouds":87,"pop":0},{"dt":1702897200,"sunrise":1702885237,"sunset":1702913846,"temp":{"day":6.76,"min":3.98,"max":7.66,"night":4.7,"eve":5.51,"morn":4.44},"feels_like":{"day":3.28,"night":0.71,"eve":1.62,"morn":0.63},"pressure":1032,"humidity":66,"weather":[{"id":800,"main":"Clear","description":"sky is clear","icon":"01d"}],"speed":6.02,"deg":205,"gust":13.39,"clouds":0,"pop":0},{"dt":1702983600,"sunrise":1702971676,"sunset":1703000264,"temp":{"day":8.02,"min":4.9,"max":8.59,"night":8.59,"eve":7.96,"morn":7.29},"feels_like":{"day":4.29,"night":5.11,"eve":4.16,"morn":3.37},"pressure":1021,"humidity":92,"weather":[{"id":500,"main":"Rain","description":"light rain","icon":"10d"}],"speed":7.51,"deg":215,"gust":15.79,"clouds":100,"pop":0.89,"rain":1.86}]}
--- ENF OF RECEIVED DATA ---

