________________________________________________
|             CALL API : START                |
________________________________________________

Informations : 
Called API: meteo - 18 January 2025, 19:10
Method: GETMETEO - Timeout : 300 - Cache : 1
URL CALLED : https://api.openweathermap.org/data/2.5/forecast/daily?q=Brussels,be&units=metric&cnt=4&appid=ea18c0706135505149200c3836f29800
-------------------------
________________________________________________
|             CALL API : START                |
________________________________________________

Informations : 
Called API: meteo - 18 January 2025, 19:10
Method: GETMETEO - Timeout : 300 - Cache : 1
URL CALLED : https://api.openweathermap.org/data/2.5/forecast/daily?q=Brussels,be&units=metric&cnt=4&appid=ea18c0706135505149200c3836f29800
-------------------------
{"city":{"id":2800866,"name":"Brussels","coord":{"lon":4.3488,"lat":50.8504},"country":"BE","population":1019022,"timezone":3600},"cod":"200","message":0.1904586,"cnt":4,"list":[{"dt":1737198000,"sunrise":1737185757,"sunset":1737216583,"temp":{"day":3.71,"min":-0.52,"max":4.84,"night":0.31,"eve":0,"morn":-0.09},"feels_like":{"day":1.59,"night":-2.01,"eve":-3.05,"morn":-1.9},"pressure":1031,"humidity":65,"weather":[{"id":800,"main":"Clear","description":"sky is clear","icon":"01d"}],"speed":2.53,"deg":95,"gust":3.49,"clouds":0,"pop":0},{"dt":1737284400,"sunrise":1737272099,"sunset":1737303079,"temp":{"day":3.45,"min":-0.13,"max":4.86,"night":0.07,"eve":1.65,"morn":-0.1},"feels_like":{"day":1.15,"night":-3.1,"eve":-0.67,"morn":-1.96},"pressure":1022,"humidity":70,"weather":[{"id":800,"main":"Clear","description":"sky is clear","icon":"01d"}],"speed":2.67,"deg":212,"gust":4.15,"clouds":5,"pop":0},{"dt":1737370800,"sunrise":1737358438,"sunset":1737389576,"temp":{"day":3.64,"min":-0.37,"max":3.84,"night":1.55,"eve":2.62,"morn":0.32},"feels_like":{"day":0.77,"night":-1.66,"eve":-0.36,"morn":-2.67},"pressure":1021,"humidity":78,"weather":[{"id":804,"main":"Clouds","description":"overcast clouds","icon":"04d"}],"speed":3.17,"deg":191,"gust":6.09,"clouds":100,"pop":0},{"dt":1737457200,"sunrise":1737444775,"sunset":1737476075,"temp":{"day":4.95,"min":0.4,"max":6.73,"night":2.34,"eve":3.55,"morn":0.4},"feels_like":{"day":2.88,"night":-0.47,"eve":1.49,"morn":-2.68},"pressure":1019,"humidity":65,"weather":[{"id":801,"main":"Clouds","description":"few clouds","icon":"02d"}],"speed":2.93,"deg":217,"gust":5.42,"clouds":11,"pop":0}]}
--- ENF OF RECEIVED DATA ---

{"city":{"id":2800866,"name":"Brussels","coord":{"lon":4.3488,"lat":50.8504},"country":"BE","population":1019022,"timezone":3600},"cod":"200","message":0.1904586,"cnt":4,"list":[{"dt":1737198000,"sunrise":1737185757,"sunset":1737216583,"temp":{"day":3.71,"min":-0.52,"max":4.84,"night":0.31,"eve":0,"morn":-0.09},"feels_like":{"day":1.59,"night":-2.01,"eve":-3.05,"morn":-1.9},"pressure":1031,"humidity":65,"weather":[{"id":800,"main":"Clear","description":"sky is clear","icon":"01d"}],"speed":2.53,"deg":95,"gust":3.49,"clouds":0,"pop":0},{"dt":1737284400,"sunrise":1737272099,"sunset":1737303079,"temp":{"day":3.45,"min":-0.13,"max":4.86,"night":0.07,"eve":1.65,"morn":-0.1},"feels_like":{"day":1.15,"night":-3.1,"eve":-0.67,"morn":-1.96},"pressure":1022,"humidity":70,"weather":[{"id":800,"main":"Clear","description":"sky is clear","icon":"01d"}],"speed":2.67,"deg":212,"gust":4.15,"clouds":5,"pop":0},{"dt":1737370800,"sunrise":1737358438,"sunset":1737389576,"temp":{"day":3.64,"min":-0.37,"max":3.84,"night":1.55,"eve":2.62,"morn":0.32},"feels_like":{"day":0.77,"night":-1.66,"eve":-0.36,"morn":-2.67},"pressure":1021,"humidity":78,"weather":[{"id":804,"main":"Clouds","description":"overcast clouds","icon":"04d"}],"speed":3.17,"deg":191,"gust":6.09,"clouds":100,"pop":0},{"dt":1737457200,"sunrise":1737444775,"sunset":1737476075,"temp":{"day":4.95,"min":0.4,"max":6.73,"night":2.34,"eve":3.55,"morn":0.4},"feels_like":{"day":2.88,"night":-0.47,"eve":1.49,"morn":-2.68},"pressure":1019,"humidity":65,"weather":[{"id":801,"main":"Clouds","description":"few clouds","icon":"02d"}],"speed":2.93,"deg":217,"gust":5.42,"clouds":11,"pop":0}]}
--- ENF OF RECEIVED DATA ---

