________________________________________________
|             CALL API : START                |
________________________________________________

Informations : 
Called API: meteo - 1 October 2024, 08:40
Method: GETMETEO - Timeout : 300 - Cache : 1
URL CALLED : https://api.openweathermap.org/data/2.5/forecast/daily?q=Brussels,be&units=metric&cnt=4&appid=ea18c0706135505149200c3836f29800
-------------------------
________________________________________________
|             CALL API : START                |
________________________________________________

Informations : 
Called API: meteo - 1 October 2024, 08:40
Method: GETMETEO - Timeout : 300 - Cache : 1
URL CALLED : https://api.openweathermap.org/data/2.5/forecast/daily?q=Brussels,be&units=metric&cnt=4&appid=ea18c0706135505149200c3836f29800
-------------------------
{"city":{"id":2800866,"name":"Brussels","coord":{"lon":4.3488,"lat":50.8504},"country":"BE","population":1019022,"timezone":7200},"cod":"200","message":0.0372157,"cnt":4,"list":[{"dt":1727780400,"sunrise":1727761397,"sunset":1727803253,"temp":{"day":14.74,"min":10.37,"max":16.94,"night":10.37,"eve":13.63,"morn":12.37},"feels_like":{"day":14.25,"night":9.68,"eve":13.01,"morn":11.91},"pressure":1007,"humidity":76,"weather":[{"id":500,"main":"Rain","description":"light rain","icon":"10d"}],"speed":9.23,"deg":230,"gust":15.53,"clouds":95,"pop":1,"rain":0.87},{"dt":1727866800,"sunrise":1727847892,"sunset":1727889519,"temp":{"day":15.77,"min":9.34,"max":17.23,"night":10.71,"eve":13.2,"morn":9.8},"feels_like":{"day":15.07,"night":10.11,"eve":12.8,"morn":8.76},"pressure":1010,"humidity":64,"weather":[{"id":500,"main":"Rain","description":"light rain","icon":"10d"}],"speed":5.31,"deg":51,"gust":9.32,"clouds":24,"pop":0.38,"rain":0.59},{"dt":1727953200,"sunrise":1727934387,"sunset":1727975785,"temp":{"day":12.1,"min":8.23,"max":13.75,"night":10.89,"eve":12.53,"morn":9.62},"feels_like":{"day":11.19,"night":9.86,"eve":11.35,"morn":7.16},"pressure":1019,"humidity":70,"weather":[{"id":802,"main":"Clouds","description":"scattered clouds","icon":"03d"}],"speed":5.48,"deg":40,"gust":11.15,"clouds":33,"pop":0},{"dt":1728039600,"sunrise":1728020883,"sunset":1728062051,"temp":{"day":15.28,"min":10.12,"max":15.28,"night":13.38,"eve":13.72,"morn":10.49},"feels_like":{"day":14.46,"night":12.16,"eve":12.56,"morn":9.61},"pressure":1021,"humidity":61,"weather":[{"id":500,"main":"Rain","description":"light rain","icon":"10d"}],"speed":4.3,"deg":48,"gust":9.11,"clouds":90,"pop":0.2,"rain":0.12}]}
--- ENF OF RECEIVED DATA ---

{"city":{"id":2800866,"name":"Brussels","coord":{"lon":4.3488,"lat":50.8504},"country":"BE","population":1019022,"timezone":7200},"cod":"200","message":0.0372157,"cnt":4,"list":[{"dt":1727780400,"sunrise":1727761397,"sunset":1727803253,"temp":{"day":14.74,"min":10.37,"max":16.94,"night":10.37,"eve":13.63,"morn":12.37},"feels_like":{"day":14.25,"night":9.68,"eve":13.01,"morn":11.91},"pressure":1007,"humidity":76,"weather":[{"id":500,"main":"Rain","description":"light rain","icon":"10d"}],"speed":9.23,"deg":230,"gust":15.53,"clouds":95,"pop":1,"rain":0.87},{"dt":1727866800,"sunrise":1727847892,"sunset":1727889519,"temp":{"day":15.77,"min":9.34,"max":17.23,"night":10.71,"eve":13.2,"morn":9.8},"feels_like":{"day":15.07,"night":10.11,"eve":12.8,"morn":8.76},"pressure":1010,"humidity":64,"weather":[{"id":500,"main":"Rain","description":"light rain","icon":"10d"}],"speed":5.31,"deg":51,"gust":9.32,"clouds":24,"pop":0.38,"rain":0.59},{"dt":1727953200,"sunrise":1727934387,"sunset":1727975785,"temp":{"day":12.1,"min":8.23,"max":13.75,"night":10.89,"eve":12.53,"morn":9.62},"feels_like":{"day":11.19,"night":9.86,"eve":11.35,"morn":7.16},"pressure":1019,"humidity":70,"weather":[{"id":802,"main":"Clouds","description":"scattered clouds","icon":"03d"}],"speed":5.48,"deg":40,"gust":11.15,"clouds":33,"pop":0},{"dt":1728039600,"sunrise":1728020883,"sunset":1728062051,"temp":{"day":15.28,"min":10.12,"max":15.28,"night":13.38,"eve":13.72,"morn":10.49},"feels_like":{"day":14.46,"night":12.16,"eve":12.56,"morn":9.61},"pressure":1021,"humidity":61,"weather":[{"id":500,"main":"Rain","description":"light rain","icon":"10d"}],"speed":4.3,"deg":48,"gust":9.11,"clouds":90,"pop":0.2,"rain":0.12}]}
--- ENF OF RECEIVED DATA ---

