________________________________________________
|             CALL API : START                |
________________________________________________

Informations : 
Called API: meteo - 13 January 2025, 22:50
Method: GETMETEO - Timeout : 300 - Cache : 1
URL CALLED : https://api.openweathermap.org/data/2.5/forecast/daily?q=Brussels,be&units=metric&cnt=4&appid=ea18c0706135505149200c3836f29800
-------------------------
________________________________________________
|             CALL API : START                |
________________________________________________

Informations : 
Called API: meteo - 13 January 2025, 22:50
Method: GETMETEO - Timeout : 300 - Cache : 1
URL CALLED : https://api.openweathermap.org/data/2.5/forecast/daily?q=Brussels,be&units=metric&cnt=4&appid=ea18c0706135505149200c3836f29800
-------------------------
{"city":{"id":2800866,"name":"Brussels","coord":{"lon":4.3488,"lat":50.8504},"country":"BE","population":1019022,"timezone":3600},"cod":"200","message":0.0760157,"cnt":4,"list":[{"dt":1736766000,"sunrise":1736754006,"sunset":1736784125,"temp":{"day":0.59,"min":-4.49,"max":1.15,"night":-3.76,"eve":-3.66,"morn":-2.88},"feels_like":{"day":0.59,"night":-6.28,"eve":-3.66,"morn":-2.88},"pressure":1042,"humidity":90,"weather":[{"id":801,"main":"Clouds","description":"few clouds","icon":"02d"}],"speed":2,"deg":166,"gust":2.54,"clouds":12,"pop":0},{"dt":1736852400,"sunrise":1736840362,"sunset":1736870614,"temp":{"day":0.92,"min":-4.13,"max":2.24,"night":1.89,"eve":0.9,"morn":-3.72},"feels_like":{"day":-2.82,"night":-0.81,"eve":-2.56,"morn":-7.25},"pressure":1036,"humidity":84,"weather":[{"id":804,"main":"Clouds","description":"overcast clouds","icon":"04d"}],"speed":3.71,"deg":232,"gust":7.83,"clouds":98,"pop":0},{"dt":1736938800,"sunrise":1736926715,"sunset":1736957104,"temp":{"day":4.42,"min":2.09,"max":5.79,"night":4.18,"eve":4.48,"morn":2.29},"feels_like":{"day":4.42,"night":2.4,"eve":3.31,"morn":0.81},"pressure":1034,"humidity":99,"weather":[{"id":804,"main":"Clouds","description":"overcast clouds","icon":"04d"}],"speed":2.4,"deg":244,"gust":4.53,"clouds":100,"pop":0},{"dt":1737025200,"sunrise":1737013065,"sunset":1737043596,"temp":{"day":4.71,"min":1.43,"max":5.97,"night":1.93,"eve":3.05,"morn":2.04},"feels_like":{"day":3.7,"night":0.17,"eve":1.04,"morn":-0.15},"pressure":1037,"humidity":79,"weather":[{"id":800,"main":"Clear","description":"sky is clear","icon":"01d"}],"speed":2.5,"deg":112,"gust":3.46,"clouds":2,"pop":0}]}
--- ENF OF RECEIVED DATA ---

{"city":{"id":2800866,"name":"Brussels","coord":{"lon":4.3488,"lat":50.8504},"country":"BE","population":1019022,"timezone":3600},"cod":"200","message":0.0760157,"cnt":4,"list":[{"dt":1736766000,"sunrise":1736754006,"sunset":1736784125,"temp":{"day":0.59,"min":-4.49,"max":1.15,"night":-3.76,"eve":-3.66,"morn":-2.88},"feels_like":{"day":0.59,"night":-6.28,"eve":-3.66,"morn":-2.88},"pressure":1042,"humidity":90,"weather":[{"id":801,"main":"Clouds","description":"few clouds","icon":"02d"}],"speed":2,"deg":166,"gust":2.54,"clouds":12,"pop":0},{"dt":1736852400,"sunrise":1736840362,"sunset":1736870614,"temp":{"day":0.92,"min":-4.13,"max":2.24,"night":1.89,"eve":0.9,"morn":-3.72},"feels_like":{"day":-2.82,"night":-0.81,"eve":-2.56,"morn":-7.25},"pressure":1036,"humidity":84,"weather":[{"id":804,"main":"Clouds","description":"overcast clouds","icon":"04d"}],"speed":3.71,"deg":232,"gust":7.83,"clouds":98,"pop":0},{"dt":1736938800,"sunrise":1736926715,"sunset":1736957104,"temp":{"day":4.42,"min":2.09,"max":5.79,"night":4.18,"eve":4.48,"morn":2.29},"feels_like":{"day":4.42,"night":2.4,"eve":3.31,"morn":0.81},"pressure":1034,"humidity":99,"weather":[{"id":804,"main":"Clouds","description":"overcast clouds","icon":"04d"}],"speed":2.4,"deg":244,"gust":4.53,"clouds":100,"pop":0},{"dt":1737025200,"sunrise":1737013065,"sunset":1737043596,"temp":{"day":4.71,"min":1.43,"max":5.97,"night":1.93,"eve":3.05,"morn":2.04},"feels_like":{"day":3.7,"night":0.17,"eve":1.04,"morn":-0.15},"pressure":1037,"humidity":79,"weather":[{"id":800,"main":"Clear","description":"sky is clear","icon":"01d"}],"speed":2.5,"deg":112,"gust":3.46,"clouds":2,"pop":0}]}
--- ENF OF RECEIVED DATA ---

