________________________________________________
|             CALL API : START                |
________________________________________________

Informations : 
Called API: meteo - 25 October 2023, 02:20
Method: GETMETEO - Timeout : 300 - Cache : 1
URL CALLED : https://api.openweathermap.org/data/2.5/forecast/daily?q=Brussels,be&units=metric&cnt=4&appid=ea18c0706135505149200c3836f29800
-------------------------
________________________________________________
|             CALL API : START                |
________________________________________________

Informations : 
Called API: meteo - 25 October 2023, 02:20
Method: GETMETEO - Timeout : 300 - Cache : 1
URL CALLED : https://api.openweathermap.org/data/2.5/forecast/daily?q=Brussels,be&units=metric&cnt=4&appid=ea18c0706135505149200c3836f29800
-------------------------
{"city":{"id":2800866,"name":"Brussels","coord":{"lon":4.3488,"lat":50.8504},"country":"BE","population":1019022,"timezone":7200},"cod":"200","message":0.089255,"cnt":4,"list":[{"dt":1698231600,"sunrise":1698214889,"sunset":1698251501,"temp":{"day":10.77,"min":8.8,"max":11.25,"night":10.36,"eve":10.11,"morn":9.45},"feels_like":{"day":10.38,"night":9.96,"eve":9.71,"morn":7.47},"pressure":992,"humidity":95,"weather":[{"id":502,"main":"Rain","description":"heavy intensity rain","icon":"10d"}],"speed":5.88,"deg":106,"gust":12.16,"clouds":100,"pop":1,"rain":21.13},{"dt":1698318000,"sunrise":1698301392,"sunset":1698337786,"temp":{"day":11.08,"min":7.79,"max":11.63,"night":10.81,"eve":9.5,"morn":8},"feels_like":{"day":10.49,"night":10.45,"eve":7.86,"morn":6.85},"pressure":996,"humidity":86,"weather":[{"id":501,"main":"Rain","description":"moderate rain","icon":"10d"}],"speed":4.58,"deg":210,"gust":10.45,"clouds":100,"pop":0.95,"rain":6.96},{"dt":1698404400,"sunrise":1698387895,"sunset":1698424072,"temp":{"day":12.29,"min":9.59,"max":13.87,"night":10.09,"eve":10.62,"morn":9.72},"feels_like":{"day":11.79,"night":9.5,"eve":9.96,"morn":7.04},"pressure":994,"humidity":85,"weather":[{"id":501,"main":"Rain","description":"moderate rain","icon":"10d"}],"speed":6.86,"deg":228,"gust":14.1,"clouds":99,"pop":1,"rain":4.43},{"dt":1698490800,"sunrise":1698474398,"sunset":1698510359,"temp":{"day":13.86,"min":8.99,"max":13.86,"night":13.3,"eve":12.68,"morn":9.52},"feels_like":{"day":13.18,"night":12.91,"eve":12.14,"morn":6.27},"pressure":998,"humidity":72,"weather":[{"id":500,"main":"Rain","description":"light rain","icon":"10d"}],"speed":9.99,"deg":187,"gust":18.2,"clouds":82,"pop":0.87,"rain":1.36}]}
--- ENF OF RECEIVED DATA ---

{"city":{"id":2800866,"name":"Brussels","coord":{"lon":4.3488,"lat":50.8504},"country":"BE","population":1019022,"timezone":7200},"cod":"200","message":0.089255,"cnt":4,"list":[{"dt":1698231600,"sunrise":1698214889,"sunset":1698251501,"temp":{"day":10.77,"min":8.8,"max":11.25,"night":10.36,"eve":10.11,"morn":9.45},"feels_like":{"day":10.38,"night":9.96,"eve":9.71,"morn":7.47},"pressure":992,"humidity":95,"weather":[{"id":502,"main":"Rain","description":"heavy intensity rain","icon":"10d"}],"speed":5.88,"deg":106,"gust":12.16,"clouds":100,"pop":1,"rain":21.13},{"dt":1698318000,"sunrise":1698301392,"sunset":1698337786,"temp":{"day":11.08,"min":7.79,"max":11.63,"night":10.81,"eve":9.5,"morn":8},"feels_like":{"day":10.49,"night":10.45,"eve":7.86,"morn":6.85},"pressure":996,"humidity":86,"weather":[{"id":501,"main":"Rain","description":"moderate rain","icon":"10d"}],"speed":4.58,"deg":210,"gust":10.45,"clouds":100,"pop":0.95,"rain":6.96},{"dt":1698404400,"sunrise":1698387895,"sunset":1698424072,"temp":{"day":12.29,"min":9.59,"max":13.87,"night":10.09,"eve":10.62,"morn":9.72},"feels_like":{"day":11.79,"night":9.5,"eve":9.96,"morn":7.04},"pressure":994,"humidity":85,"weather":[{"id":501,"main":"Rain","description":"moderate rain","icon":"10d"}],"speed":6.86,"deg":228,"gust":14.1,"clouds":99,"pop":1,"rain":4.43},{"dt":1698490800,"sunrise":1698474398,"sunset":1698510359,"temp":{"day":13.86,"min":8.99,"max":13.86,"night":13.3,"eve":12.68,"morn":9.52},"feels_like":{"day":13.18,"night":12.91,"eve":12.14,"morn":6.27},"pressure":998,"humidity":72,"weather":[{"id":500,"main":"Rain","description":"light rain","icon":"10d"}],"speed":9.99,"deg":187,"gust":18.2,"clouds":82,"pop":0.87,"rain":1.36}]}
--- ENF OF RECEIVED DATA ---

