________________________________________________
|             CALL API : START                |
________________________________________________

Informations : 
Called API: meteo - 5 May 2024, 00:20
Method: GETMETEO - Timeout : 300 - Cache : 1
URL CALLED : https://api.openweathermap.org/data/2.5/forecast/daily?q=Brussels,be&units=metric&cnt=4&appid=ea18c0706135505149200c3836f29800
-------------------------
________________________________________________
|             CALL API : START                |
________________________________________________

Informations : 
Called API: meteo - 5 May 2024, 00:20
Method: GETMETEO - Timeout : 300 - Cache : 1
URL CALLED : https://api.openweathermap.org/data/2.5/forecast/daily?q=Brussels,be&units=metric&cnt=4&appid=ea18c0706135505149200c3836f29800
-------------------------
{"city":{"id":2800866,"name":"Brussels","coord":{"lon":4.3488,"lat":50.8504},"country":"BE","population":1019022,"timezone":7200},"cod":"200","message":5.4807972,"cnt":4,"list":[{"dt":1714906800,"sunrise":1714882122,"sunset":1714936186,"temp":{"day":15.88,"min":6.14,"max":16.9,"night":12.99,"eve":15.99,"morn":6.39},"feels_like":{"day":15.12,"night":12.56,"eve":15.5,"morn":4.27},"pressure":1011,"humidity":61,"weather":[{"id":802,"main":"Clouds","description":"scattered clouds","icon":"03d"}],"speed":4.26,"deg":222,"gust":8.58,"clouds":32,"pop":0.5},{"dt":1714993200,"sunrise":1714968420,"sunset":1715022681,"temp":{"day":12.35,"min":11.03,"max":15.83,"night":11.03,"eve":15.42,"morn":12.02},"feels_like":{"day":12.17,"night":10.67,"eve":15,"morn":11.81},"pressure":1009,"humidity":97,"weather":[{"id":501,"main":"Rain","description":"moderate rain","icon":"10d"}],"speed":2.87,"deg":268,"gust":5,"clouds":100,"pop":1,"rain":5.14},{"dt":1715079600,"sunrise":1715054720,"sunset":1715109175,"temp":{"day":14.59,"min":9.3,"max":16.69,"night":10.59,"eve":15.59,"morn":10.21},"feels_like":{"day":14.3,"night":9.9,"eve":15.22,"morn":9.77},"pressure":1018,"humidity":84,"weather":[{"id":500,"main":"Rain","description":"light rain","icon":"10d"}],"speed":4.26,"deg":55,"gust":7.48,"clouds":100,"pop":1,"rain":1.48},{"dt":1715166000,"sunrise":1715141021,"sunset":1715195669,"temp":{"day":16.59,"min":7.63,"max":16.59,"night":9.89,"eve":13.05,"morn":9.67},"feels_like":{"day":15.92,"night":8.23,"eve":12.58,"morn":7.94},"pressure":1026,"humidity":62,"weather":[{"id":500,"main":"Rain","description":"light rain","icon":"10d"}],"speed":4.58,"deg":337,"gust":6.89,"clouds":69,"pop":0.2,"rain":0.31}]}
--- ENF OF RECEIVED DATA ---

{"city":{"id":2800866,"name":"Brussels","coord":{"lon":4.3488,"lat":50.8504},"country":"BE","population":1019022,"timezone":7200},"cod":"200","message":5.4807972,"cnt":4,"list":[{"dt":1714906800,"sunrise":1714882122,"sunset":1714936186,"temp":{"day":15.88,"min":6.14,"max":16.9,"night":12.99,"eve":15.99,"morn":6.39},"feels_like":{"day":15.12,"night":12.56,"eve":15.5,"morn":4.27},"pressure":1011,"humidity":61,"weather":[{"id":802,"main":"Clouds","description":"scattered clouds","icon":"03d"}],"speed":4.26,"deg":222,"gust":8.58,"clouds":32,"pop":0.5},{"dt":1714993200,"sunrise":1714968420,"sunset":1715022681,"temp":{"day":12.35,"min":11.03,"max":15.83,"night":11.03,"eve":15.42,"morn":12.02},"feels_like":{"day":12.17,"night":10.67,"eve":15,"morn":11.81},"pressure":1009,"humidity":97,"weather":[{"id":501,"main":"Rain","description":"moderate rain","icon":"10d"}],"speed":2.87,"deg":268,"gust":5,"clouds":100,"pop":1,"rain":5.14},{"dt":1715079600,"sunrise":1715054720,"sunset":1715109175,"temp":{"day":14.59,"min":9.3,"max":16.69,"night":10.59,"eve":15.59,"morn":10.21},"feels_like":{"day":14.3,"night":9.9,"eve":15.22,"morn":9.77},"pressure":1018,"humidity":84,"weather":[{"id":500,"main":"Rain","description":"light rain","icon":"10d"}],"speed":4.26,"deg":55,"gust":7.48,"clouds":100,"pop":1,"rain":1.48},{"dt":1715166000,"sunrise":1715141021,"sunset":1715195669,"temp":{"day":16.59,"min":7.63,"max":16.59,"night":9.89,"eve":13.05,"morn":9.67},"feels_like":{"day":15.92,"night":8.23,"eve":12.58,"morn":7.94},"pressure":1026,"humidity":62,"weather":[{"id":500,"main":"Rain","description":"light rain","icon":"10d"}],"speed":4.58,"deg":337,"gust":6.89,"clouds":69,"pop":0.2,"rain":0.31}]}
--- ENF OF RECEIVED DATA ---

