________________________________________________
|             CALL API : START                |
________________________________________________

Informations : 
Called API: meteo - 7 June 2023, 11:40
Method: GETMETEO - Timeout : 300 - Cache : 1
URL CALLED : https://api.openweathermap.org/data/2.5/forecast/daily?q=Brussels,be&units=metric&cnt=4&appid=ea18c0706135505149200c3836f29800
-------------------------
________________________________________________
|             CALL API : START                |
________________________________________________

Informations : 
Called API: meteo - 7 June 2023, 11:40
Method: GETMETEO - Timeout : 300 - Cache : 1
URL CALLED : https://api.openweathermap.org/data/2.5/forecast/daily?q=Brussels,be&units=metric&cnt=4&appid=ea18c0706135505149200c3836f29800
-------------------------
{"city":{"id":2800866,"name":"Brussels","coord":{"lon":4.3488,"lat":50.8504},"country":"BE","population":1019022,"timezone":7200},"cod":"200","message":0.1919293,"cnt":4,"list":[{"dt":1686135600,"sunrise":1686108660,"sunset":1686167523,"temp":{"day":20.76,"min":11.86,"max":22.4,"night":15.67,"eve":21.34,"morn":12.75},"feels_like":{"day":20.54,"night":15.46,"eve":21.04,"morn":12.43},"pressure":1020,"humidity":63,"weather":[{"id":500,"main":"Rain","description":"light rain","icon":"10d"}],"speed":6.49,"deg":65,"gust":10.79,"clouds":3,"pop":0.47,"rain":0.6},{"dt":1686222000,"sunrise":1686195032,"sunset":1686253974,"temp":{"day":23.72,"min":11.9,"max":25.77,"night":18.13,"eve":23.56,"morn":12.83},"feels_like":{"day":23.53,"night":18.09,"eve":23.46,"morn":12.52},"pressure":1016,"humidity":53,"weather":[{"id":801,"main":"Clouds","description":"few clouds","icon":"02d"}],"speed":5.73,"deg":60,"gust":10.99,"clouds":15,"pop":0.11},{"dt":1686308400,"sunrise":1686281406,"sunset":1686340422,"temp":{"day":25.41,"min":13.3,"max":27.87,"night":20.49,"eve":22.24,"morn":14.43},"feels_like":{"day":25.34,"night":20.4,"eve":22.3,"morn":14.33},"pressure":1013,"humidity":51,"weather":[{"id":500,"main":"Rain","description":"light rain","icon":"10d"}],"speed":4.93,"deg":71,"gust":11.32,"clouds":0,"pop":0.2,"rain":0.15},{"dt":1686394800,"sunrise":1686367783,"sunset":1686426867,"temp":{"day":27.52,"min":17.21,"max":27.52,"night":20.32,"eve":23.13,"morn":19.78},"feels_like":{"day":27.78,"night":20.18,"eve":23.07,"morn":19.67},"pressure":1014,"humidity":48,"weather":[{"id":500,"main":"Rain","description":"light rain","icon":"10d"}],"speed":4.52,"deg":122,"gust":9.11,"clouds":74,"pop":0.31,"rain":0.27}]}
--- ENF OF RECEIVED DATA ---

{"city":{"id":2800866,"name":"Brussels","coord":{"lon":4.3488,"lat":50.8504},"country":"BE","population":1019022,"timezone":7200},"cod":"200","message":0.1919293,"cnt":4,"list":[{"dt":1686135600,"sunrise":1686108660,"sunset":1686167523,"temp":{"day":20.76,"min":11.86,"max":22.4,"night":15.67,"eve":21.34,"morn":12.75},"feels_like":{"day":20.54,"night":15.46,"eve":21.04,"morn":12.43},"pressure":1020,"humidity":63,"weather":[{"id":500,"main":"Rain","description":"light rain","icon":"10d"}],"speed":6.49,"deg":65,"gust":10.79,"clouds":3,"pop":0.47,"rain":0.6},{"dt":1686222000,"sunrise":1686195032,"sunset":1686253974,"temp":{"day":23.72,"min":11.9,"max":25.77,"night":18.13,"eve":23.56,"morn":12.83},"feels_like":{"day":23.53,"night":18.09,"eve":23.46,"morn":12.52},"pressure":1016,"humidity":53,"weather":[{"id":801,"main":"Clouds","description":"few clouds","icon":"02d"}],"speed":5.73,"deg":60,"gust":10.99,"clouds":15,"pop":0.11},{"dt":1686308400,"sunrise":1686281406,"sunset":1686340422,"temp":{"day":25.41,"min":13.3,"max":27.87,"night":20.49,"eve":22.24,"morn":14.43},"feels_like":{"day":25.34,"night":20.4,"eve":22.3,"morn":14.33},"pressure":1013,"humidity":51,"weather":[{"id":500,"main":"Rain","description":"light rain","icon":"10d"}],"speed":4.93,"deg":71,"gust":11.32,"clouds":0,"pop":0.2,"rain":0.15},{"dt":1686394800,"sunrise":1686367783,"sunset":1686426867,"temp":{"day":27.52,"min":17.21,"max":27.52,"night":20.32,"eve":23.13,"morn":19.78},"feels_like":{"day":27.78,"night":20.18,"eve":23.07,"morn":19.67},"pressure":1014,"humidity":48,"weather":[{"id":500,"main":"Rain","description":"light rain","icon":"10d"}],"speed":4.52,"deg":122,"gust":9.11,"clouds":74,"pop":0.31,"rain":0.27}]}
--- ENF OF RECEIVED DATA ---

