________________________________________________
|             CALL API : START                |
________________________________________________

Informations : 
Called API: meteo - 7 July 2023, 20:20
Method: GETMETEO - Timeout : 300 - Cache : 1
URL CALLED : https://api.openweathermap.org/data/2.5/forecast/daily?q=Brussels,be&units=metric&cnt=4&appid=ea18c0706135505149200c3836f29800
-------------------------
________________________________________________
|             CALL API : START                |
________________________________________________

Informations : 
Called API: meteo - 7 July 2023, 20:20
Method: GETMETEO - Timeout : 300 - Cache : 1
URL CALLED : https://api.openweathermap.org/data/2.5/forecast/daily?q=Brussels,be&units=metric&cnt=4&appid=ea18c0706135505149200c3836f29800
-------------------------
{"city":{"id":2800866,"name":"Brussels","coord":{"lon":4.3488,"lat":50.8504},"country":"BE","population":1019022,"timezone":7200},"cod":"200","message":0.1303199,"cnt":4,"list":[{"dt":1688727600,"sunrise":1688701046,"sunset":1688759825,"temp":{"day":27.78,"min":13.99,"max":28.79,"night":23.47,"eve":27.23,"morn":15.25},"feels_like":{"day":26.89,"night":23,"eve":27.03,"morn":14.66},"pressure":1018,"humidity":29,"weather":[{"id":800,"main":"Clear","description":"sky is clear","icon":"01d"}],"speed":4.28,"deg":140,"gust":5.99,"clouds":0,"pop":0},{"dt":1688814000,"sunrise":1688787500,"sunset":1688846189,"temp":{"day":30.19,"min":17.73,"max":31.55,"night":20.23,"eve":30.63,"morn":18.91},"feels_like":{"day":30.16,"night":20.58,"eve":30.31,"morn":18.5},"pressure":1016,"humidity":42,"weather":[{"id":500,"main":"Rain","description":"light rain","icon":"10d"}],"speed":5.58,"deg":283,"gust":9.77,"clouds":1,"pop":0.7,"rain":0.88},{"dt":1688900400,"sunrise":1688873956,"sunset":1688932551,"temp":{"day":27.57,"min":17.32,"max":27.8,"night":17.32,"eve":21.45,"morn":19.28},"feels_like":{"day":28.14,"night":17.61,"eve":21.71,"morn":19.59},"pressure":1019,"humidity":52,"weather":[{"id":500,"main":"Rain","description":"light rain","icon":"10d"}],"speed":5.44,"deg":315,"gust":7.11,"clouds":55,"pop":1,"rain":4.48},{"dt":1688986800,"sunrise":1688960414,"sunset":1689018910,"temp":{"day":25.17,"min":15.27,"max":25.88,"night":20.7,"eve":25.4,"morn":16.16},"feels_like":{"day":24.94,"night":20.34,"eve":25.2,"morn":16.23},"pressure":1020,"humidity":46,"weather":[{"id":500,"main":"Rain","description":"light rain","icon":"10d"}],"speed":3.88,"deg":227,"gust":5.64,"clouds":36,"pop":0.74,"rain":0.11}]}
--- ENF OF RECEIVED DATA ---

{"city":{"id":2800866,"name":"Brussels","coord":{"lon":4.3488,"lat":50.8504},"country":"BE","population":1019022,"timezone":7200},"cod":"200","message":0.1303199,"cnt":4,"list":[{"dt":1688727600,"sunrise":1688701046,"sunset":1688759825,"temp":{"day":27.78,"min":13.99,"max":28.79,"night":23.47,"eve":27.23,"morn":15.25},"feels_like":{"day":26.89,"night":23,"eve":27.03,"morn":14.66},"pressure":1018,"humidity":29,"weather":[{"id":800,"main":"Clear","description":"sky is clear","icon":"01d"}],"speed":4.28,"deg":140,"gust":5.99,"clouds":0,"pop":0},{"dt":1688814000,"sunrise":1688787500,"sunset":1688846189,"temp":{"day":30.19,"min":17.73,"max":31.55,"night":20.23,"eve":30.63,"morn":18.91},"feels_like":{"day":30.16,"night":20.58,"eve":30.31,"morn":18.5},"pressure":1016,"humidity":42,"weather":[{"id":500,"main":"Rain","description":"light rain","icon":"10d"}],"speed":5.58,"deg":283,"gust":9.77,"clouds":1,"pop":0.7,"rain":0.88},{"dt":1688900400,"sunrise":1688873956,"sunset":1688932551,"temp":{"day":27.57,"min":17.32,"max":27.8,"night":17.32,"eve":21.45,"morn":19.28},"feels_like":{"day":28.14,"night":17.61,"eve":21.71,"morn":19.59},"pressure":1019,"humidity":52,"weather":[{"id":500,"main":"Rain","description":"light rain","icon":"10d"}],"speed":5.44,"deg":315,"gust":7.11,"clouds":55,"pop":1,"rain":4.48},{"dt":1688986800,"sunrise":1688960414,"sunset":1689018910,"temp":{"day":25.17,"min":15.27,"max":25.88,"night":20.7,"eve":25.4,"morn":16.16},"feels_like":{"day":24.94,"night":20.34,"eve":25.2,"morn":16.23},"pressure":1020,"humidity":46,"weather":[{"id":500,"main":"Rain","description":"light rain","icon":"10d"}],"speed":3.88,"deg":227,"gust":5.64,"clouds":36,"pop":0.74,"rain":0.11}]}
--- ENF OF RECEIVED DATA ---

