________________________________________________
|             CALL API : START                |
________________________________________________

Informations : 
Called API: meteo - 8 May 2024, 10:00
Method: GETMETEO - Timeout : 300 - Cache : 1
URL CALLED : https://api.openweathermap.org/data/2.5/forecast/daily?q=Brussels,be&units=metric&cnt=4&appid=ea18c0706135505149200c3836f29800
-------------------------
________________________________________________
|             CALL API : START                |
________________________________________________

Informations : 
Called API: meteo - 8 May 2024, 10:00
Method: GETMETEO - Timeout : 300 - Cache : 1
URL CALLED : https://api.openweathermap.org/data/2.5/forecast/daily?q=Brussels,be&units=metric&cnt=4&appid=ea18c0706135505149200c3836f29800
-------------------------
{"city":{"id":2800866,"name":"Brussels","coord":{"lon":4.3488,"lat":50.8504},"country":"BE","population":1019022,"timezone":7200},"cod":"200","message":0.0837678,"cnt":4,"list":[{"dt":1715166000,"sunrise":1715141021,"sunset":1715195669,"temp":{"day":12.67,"min":8.35,"max":14.01,"night":10.56,"eve":13.6,"morn":9.93},"feels_like":{"day":12.03,"night":10.1,"eve":13.08,"morn":9.02},"pressure":1028,"humidity":78,"weather":[{"id":804,"main":"Clouds","description":"overcast clouds","icon":"04d"}],"speed":3.69,"deg":352,"gust":5.96,"clouds":87,"pop":0},{"dt":1715252400,"sunrise":1715227324,"sunset":1715282162,"temp":{"day":17.23,"min":8.5,"max":19.26,"night":12.8,"eve":18.93,"morn":9.27},"feels_like":{"day":16.68,"night":12.3,"eve":18.42,"morn":8.97},"pressure":1027,"humidity":64,"weather":[{"id":804,"main":"Clouds","description":"overcast clouds","icon":"04d"}],"speed":2.32,"deg":39,"gust":2.65,"clouds":90,"pop":0},{"dt":1715338800,"sunrise":1715313629,"sunset":1715368655,"temp":{"day":19.52,"min":10.11,"max":20.85,"night":14.44,"eve":19.24,"morn":10.73},"feels_like":{"day":19.07,"night":14.16,"eve":19,"morn":10.18},"pressure":1024,"humidity":59,"weather":[{"id":804,"main":"Clouds","description":"overcast clouds","icon":"04d"}],"speed":3.36,"deg":72,"gust":7.62,"clouds":100,"pop":0},{"dt":1715425200,"sunrise":1715399935,"sunset":1715455147,"temp":{"day":21.52,"min":11.74,"max":22.64,"night":15.65,"eve":19.54,"morn":12.31},"feels_like":{"day":21.19,"night":15.41,"eve":19.4,"morn":11.97},"pressure":1019,"humidity":56,"weather":[{"id":804,"main":"Clouds","description":"overcast clouds","icon":"04d"}],"speed":3.73,"deg":86,"gust":7.39,"clouds":97,"pop":0}]}
--- ENF OF RECEIVED DATA ---

{"city":{"id":2800866,"name":"Brussels","coord":{"lon":4.3488,"lat":50.8504},"country":"BE","population":1019022,"timezone":7200},"cod":"200","message":0.0837678,"cnt":4,"list":[{"dt":1715166000,"sunrise":1715141021,"sunset":1715195669,"temp":{"day":12.67,"min":8.35,"max":14.01,"night":10.56,"eve":13.6,"morn":9.93},"feels_like":{"day":12.03,"night":10.1,"eve":13.08,"morn":9.02},"pressure":1028,"humidity":78,"weather":[{"id":804,"main":"Clouds","description":"overcast clouds","icon":"04d"}],"speed":3.69,"deg":352,"gust":5.96,"clouds":87,"pop":0},{"dt":1715252400,"sunrise":1715227324,"sunset":1715282162,"temp":{"day":17.23,"min":8.5,"max":19.26,"night":12.8,"eve":18.93,"morn":9.27},"feels_like":{"day":16.68,"night":12.3,"eve":18.42,"morn":8.97},"pressure":1027,"humidity":64,"weather":[{"id":804,"main":"Clouds","description":"overcast clouds","icon":"04d"}],"speed":2.32,"deg":39,"gust":2.65,"clouds":90,"pop":0},{"dt":1715338800,"sunrise":1715313629,"sunset":1715368655,"temp":{"day":19.52,"min":10.11,"max":20.85,"night":14.44,"eve":19.24,"morn":10.73},"feels_like":{"day":19.07,"night":14.16,"eve":19,"morn":10.18},"pressure":1024,"humidity":59,"weather":[{"id":804,"main":"Clouds","description":"overcast clouds","icon":"04d"}],"speed":3.36,"deg":72,"gust":7.62,"clouds":100,"pop":0},{"dt":1715425200,"sunrise":1715399935,"sunset":1715455147,"temp":{"day":21.52,"min":11.74,"max":22.64,"night":15.65,"eve":19.54,"morn":12.31},"feels_like":{"day":21.19,"night":15.41,"eve":19.4,"morn":11.97},"pressure":1019,"humidity":56,"weather":[{"id":804,"main":"Clouds","description":"overcast clouds","icon":"04d"}],"speed":3.73,"deg":86,"gust":7.39,"clouds":97,"pop":0}]}
--- ENF OF RECEIVED DATA ---

