________________________________________________
|             CALL API : START                |
________________________________________________

Informations : 
Called API: meteo - 19 September 2023, 14:50
Method: GETMETEO - Timeout : 300 - Cache : 1
URL CALLED : https://api.openweathermap.org/data/2.5/forecast/daily?q=Brussels,be&units=metric&cnt=4&appid=ea18c0706135505149200c3836f29800
-------------------------
________________________________________________
|             CALL API : START                |
________________________________________________

Informations : 
Called API: meteo - 19 September 2023, 14:50
Method: GETMETEO - Timeout : 300 - Cache : 1
URL CALLED : https://api.openweathermap.org/data/2.5/forecast/daily?q=Brussels,be&units=metric&cnt=4&appid=ea18c0706135505149200c3836f29800
-------------------------
{"city":{"id":2800866,"name":"Brussels","coord":{"lon":4.3488,"lat":50.8504},"country":"BE","population":1019022,"timezone":7200},"cod":"200","message":0.0684901,"cnt":4,"list":[{"dt":1695121200,"sunrise":1695101008,"sunset":1695145788,"temp":{"day":19.35,"min":13.33,"max":19.5,"night":17.58,"eve":18.59,"morn":13.33},"feels_like":{"day":18.99,"night":17.14,"eve":18.18,"morn":12.73},"pressure":1011,"humidity":63,"weather":[{"id":803,"main":"Clouds","description":"broken clouds","icon":"04d"}],"speed":9.86,"deg":222,"gust":16.3,"clouds":64,"pop":0.12},{"dt":1695207600,"sunrise":1695187500,"sunset":1695232051,"temp":{"day":21.18,"min":15.2,"max":22.62,"night":19.4,"eve":21.29,"morn":15.3},"feels_like":{"day":21.02,"night":19.04,"eve":20.99,"morn":14.9},"pressure":1006,"humidity":64,"weather":[{"id":804,"main":"Clouds","description":"overcast clouds","icon":"04d"}],"speed":9.33,"deg":206,"gust":16.12,"clouds":99,"pop":0},{"dt":1695294000,"sunrise":1695273993,"sunset":1695318315,"temp":{"day":15.82,"min":12.3,"max":19.95,"night":12.3,"eve":14.96,"morn":18.97},"feels_like":{"day":15.86,"night":12.04,"eve":14.76,"morn":18.36},"pressure":998,"humidity":92,"weather":[{"id":501,"main":"Rain","description":"moderate rain","icon":"10d"}],"speed":9.04,"deg":191,"gust":17.9,"clouds":100,"pop":1,"rain":7.32},{"dt":1695380400,"sunrise":1695360485,"sunset":1695404578,"temp":{"day":18.02,"min":10.83,"max":18.02,"night":10.83,"eve":13.06,"morn":11.36},"feels_like":{"day":17.34,"night":10.24,"eve":12.69,"morn":11.01},"pressure":1002,"humidity":56,"weather":[{"id":500,"main":"Rain","description":"light rain","icon":"10d"}],"speed":8.56,"deg":215,"gust":11.54,"clouds":85,"pop":0.48,"rain":1.51}]}
--- ENF OF RECEIVED DATA ---

{"city":{"id":2800866,"name":"Brussels","coord":{"lon":4.3488,"lat":50.8504},"country":"BE","population":1019022,"timezone":7200},"cod":"200","message":0.0684901,"cnt":4,"list":[{"dt":1695121200,"sunrise":1695101008,"sunset":1695145788,"temp":{"day":19.35,"min":13.33,"max":19.5,"night":17.58,"eve":18.59,"morn":13.33},"feels_like":{"day":18.99,"night":17.14,"eve":18.18,"morn":12.73},"pressure":1011,"humidity":63,"weather":[{"id":803,"main":"Clouds","description":"broken clouds","icon":"04d"}],"speed":9.86,"deg":222,"gust":16.3,"clouds":64,"pop":0.12},{"dt":1695207600,"sunrise":1695187500,"sunset":1695232051,"temp":{"day":21.18,"min":15.2,"max":22.62,"night":19.4,"eve":21.29,"morn":15.3},"feels_like":{"day":21.02,"night":19.04,"eve":20.99,"morn":14.9},"pressure":1006,"humidity":64,"weather":[{"id":804,"main":"Clouds","description":"overcast clouds","icon":"04d"}],"speed":9.33,"deg":206,"gust":16.12,"clouds":99,"pop":0},{"dt":1695294000,"sunrise":1695273993,"sunset":1695318315,"temp":{"day":15.82,"min":12.3,"max":19.95,"night":12.3,"eve":14.96,"morn":18.97},"feels_like":{"day":15.86,"night":12.04,"eve":14.76,"morn":18.36},"pressure":998,"humidity":92,"weather":[{"id":501,"main":"Rain","description":"moderate rain","icon":"10d"}],"speed":9.04,"deg":191,"gust":17.9,"clouds":100,"pop":1,"rain":7.32},{"dt":1695380400,"sunrise":1695360485,"sunset":1695404578,"temp":{"day":18.02,"min":10.83,"max":18.02,"night":10.83,"eve":13.06,"morn":11.36},"feels_like":{"day":17.34,"night":10.24,"eve":12.69,"morn":11.01},"pressure":1002,"humidity":56,"weather":[{"id":500,"main":"Rain","description":"light rain","icon":"10d"}],"speed":8.56,"deg":215,"gust":11.54,"clouds":85,"pop":0.48,"rain":1.51}]}
--- ENF OF RECEIVED DATA ---

