________________________________________________
|             CALL API : START                |
________________________________________________

Informations : 
Called API: meteo - 5 January 2024, 03:20
Method: GETMETEO - Timeout : 300 - Cache : 1
URL CALLED : https://api.openweathermap.org/data/2.5/forecast/daily?q=Brussels,be&units=metric&cnt=4&appid=ea18c0706135505149200c3836f29800
-------------------------
________________________________________________
|             CALL API : START                |
________________________________________________

Informations : 
Called API: meteo - 5 January 2024, 03:20
Method: GETMETEO - Timeout : 300 - Cache : 1
URL CALLED : https://api.openweathermap.org/data/2.5/forecast/daily?q=Brussels,be&units=metric&cnt=4&appid=ea18c0706135505149200c3836f29800
-------------------------
{"city":{"id":2800866,"name":"Brussels","coord":{"lon":4.3488,"lat":50.8504},"country":"BE","population":1019022,"timezone":3600},"cod":"200","message":0.0696454,"cnt":4,"list":[{"dt":1704452400,"sunrise":1704440666,"sunset":1704469836,"temp":{"day":6.6,"min":6.23,"max":9.95,"night":6.25,"eve":6.94,"morn":8.55},"feels_like":{"day":1.85,"night":2.43,"eve":3.14,"morn":4.09},"pressure":999,"humidity":87,"weather":[{"id":500,"main":"Rain","description":"light rain","icon":"10d"}],"speed":10.94,"deg":207,"gust":17.51,"clouds":100,"pop":0.8,"rain":1.08},{"dt":1704538800,"sunrise":1704527048,"sunset":1704556306,"temp":{"day":6.07,"min":3.24,"max":6.45,"night":3.24,"eve":4.68,"morn":6.39},"feels_like":{"day":3.14,"night":-0.79,"eve":0.99,"morn":4.35},"pressure":1012,"humidity":80,"weather":[{"id":500,"main":"Rain","description":"light rain","icon":"10d"}],"speed":5.56,"deg":270,"gust":9.23,"clouds":100,"pop":0.63,"rain":1.1},{"dt":1704625200,"sunrise":1704613427,"sunset":1704642779,"temp":{"day":1.03,"min":-1.02,"max":2.85,"night":-1.02,"eve":-0.37,"morn":1.75},"feels_like":{"day":-4.42,"night":-6.76,"eve":-6.01,"morn":-3.1},"pressure":1024,"humidity":76,"weather":[{"id":804,"main":"Clouds","description":"overcast clouds","icon":"04d"}],"speed":6.76,"deg":38,"gust":12.65,"clouds":100,"pop":0.31},{"dt":1704711600,"sunrise":1704699803,"sunset":1704729254,"temp":{"day":0.42,"min":-2.39,"max":0.42,"night":-2.39,"eve":-1.44,"morn":-1.75},"feels_like":{"day":-5.63,"night":-9.37,"eve":-8.26,"morn":-7.99},"pressure":1032,"humidity":61,"weather":[{"id":802,"main":"Clouds","description":"scattered clouds","icon":"03d"}],"speed":8.15,"deg":53,"gust":14.04,"clouds":46,"pop":0}]}
--- ENF OF RECEIVED DATA ---

{"city":{"id":2800866,"name":"Brussels","coord":{"lon":4.3488,"lat":50.8504},"country":"BE","population":1019022,"timezone":3600},"cod":"200","message":0.0696454,"cnt":4,"list":[{"dt":1704452400,"sunrise":1704440666,"sunset":1704469836,"temp":{"day":6.6,"min":6.23,"max":9.95,"night":6.25,"eve":6.94,"morn":8.55},"feels_like":{"day":1.85,"night":2.43,"eve":3.14,"morn":4.09},"pressure":999,"humidity":87,"weather":[{"id":500,"main":"Rain","description":"light rain","icon":"10d"}],"speed":10.94,"deg":207,"gust":17.51,"clouds":100,"pop":0.8,"rain":1.08},{"dt":1704538800,"sunrise":1704527048,"sunset":1704556306,"temp":{"day":6.07,"min":3.24,"max":6.45,"night":3.24,"eve":4.68,"morn":6.39},"feels_like":{"day":3.14,"night":-0.79,"eve":0.99,"morn":4.35},"pressure":1012,"humidity":80,"weather":[{"id":500,"main":"Rain","description":"light rain","icon":"10d"}],"speed":5.56,"deg":270,"gust":9.23,"clouds":100,"pop":0.63,"rain":1.1},{"dt":1704625200,"sunrise":1704613427,"sunset":1704642779,"temp":{"day":1.03,"min":-1.02,"max":2.85,"night":-1.02,"eve":-0.37,"morn":1.75},"feels_like":{"day":-4.42,"night":-6.76,"eve":-6.01,"morn":-3.1},"pressure":1024,"humidity":76,"weather":[{"id":804,"main":"Clouds","description":"overcast clouds","icon":"04d"}],"speed":6.76,"deg":38,"gust":12.65,"clouds":100,"pop":0.31},{"dt":1704711600,"sunrise":1704699803,"sunset":1704729254,"temp":{"day":0.42,"min":-2.39,"max":0.42,"night":-2.39,"eve":-1.44,"morn":-1.75},"feels_like":{"day":-5.63,"night":-9.37,"eve":-8.26,"morn":-7.99},"pressure":1032,"humidity":61,"weather":[{"id":802,"main":"Clouds","description":"scattered clouds","icon":"03d"}],"speed":8.15,"deg":53,"gust":14.04,"clouds":46,"pop":0}]}
--- ENF OF RECEIVED DATA ---

