________________________________________________
|             CALL API : START                |
________________________________________________

Informations : 
Called API: meteo - 4 February 2024, 14:00
Method: GETMETEO - Timeout : 300 - Cache : 1
URL CALLED : https://api.openweathermap.org/data/2.5/forecast/daily?q=Brussels,be&units=metric&cnt=4&appid=ea18c0706135505149200c3836f29800
-------------------------
________________________________________________
|             CALL API : START                |
________________________________________________

Informations : 
Called API: meteo - 4 February 2024, 14:00
Method: GETMETEO - Timeout : 300 - Cache : 1
URL CALLED : https://api.openweathermap.org/data/2.5/forecast/daily?q=Brussels,be&units=metric&cnt=4&appid=ea18c0706135505149200c3836f29800
-------------------------
{"city":{"id":2800866,"name":"Brussels","coord":{"lon":4.3488,"lat":50.8504},"country":"BE","population":1019022,"timezone":3600},"cod":"200","message":0.1147591,"cnt":4,"list":[{"dt":1707044400,"sunrise":1707030920,"sunset":1707064653,"temp":{"day":11.41,"min":9.84,"max":11.45,"night":10.54,"eve":11.43,"morn":9.92},"feels_like":{"day":10.85,"night":9.9,"eve":10.74,"morn":7.1},"pressure":1024,"humidity":86,"weather":[{"id":500,"main":"Rain","description":"light rain","icon":"10d"}],"speed":9.06,"deg":257,"gust":15.81,"clouds":85,"pop":0.45,"rain":0.43},{"dt":1707130800,"sunrise":1707117225,"sunset":1707151161,"temp":{"day":11.1,"min":8.47,"max":11.82,"night":9.09,"eve":9.02,"morn":8.68},"feels_like":{"day":10.25,"night":5.47,"eve":5.66,"morn":5.07},"pressure":1023,"humidity":76,"weather":[{"id":803,"main":"Clouds","description":"broken clouds","icon":"04d"}],"speed":8.83,"deg":247,"gust":15.34,"clouds":84,"pop":0},{"dt":1707217200,"sunrise":1707203529,"sunset":1707237668,"temp":{"day":11.08,"min":9.51,"max":12.22,"night":11.63,"eve":11.6,"morn":9.87},"feels_like":{"day":10.05,"night":10.81,"eve":10.83,"morn":6.47},"pressure":1016,"humidity":69,"weather":[{"id":804,"main":"Clouds","description":"overcast clouds","icon":"04d"}],"speed":10.04,"deg":238,"gust":18.42,"clouds":100,"pop":0},{"dt":1707303600,"sunrise":1707289831,"sunset":1707324176,"temp":{"day":10.77,"min":5.89,"max":11.37,"night":5.89,"eve":6.13,"morn":10.21},"feels_like":{"day":10.25,"night":3.09,"eve":3.2,"morn":9.43},"pressure":1005,"humidity":90,"weather":[{"id":501,"main":"Rain","description":"moderate rain","icon":"10d"}],"speed":11.06,"deg":224,"gust":21.12,"clouds":100,"pop":1,"rain":11.53}]}
--- ENF OF RECEIVED DATA ---

{"city":{"id":2800866,"name":"Brussels","coord":{"lon":4.3488,"lat":50.8504},"country":"BE","population":1019022,"timezone":3600},"cod":"200","message":0.1147591,"cnt":4,"list":[{"dt":1707044400,"sunrise":1707030920,"sunset":1707064653,"temp":{"day":11.41,"min":9.84,"max":11.45,"night":10.54,"eve":11.43,"morn":9.92},"feels_like":{"day":10.85,"night":9.9,"eve":10.74,"morn":7.1},"pressure":1024,"humidity":86,"weather":[{"id":500,"main":"Rain","description":"light rain","icon":"10d"}],"speed":9.06,"deg":257,"gust":15.81,"clouds":85,"pop":0.45,"rain":0.43},{"dt":1707130800,"sunrise":1707117225,"sunset":1707151161,"temp":{"day":11.1,"min":8.47,"max":11.82,"night":9.09,"eve":9.02,"morn":8.68},"feels_like":{"day":10.25,"night":5.47,"eve":5.66,"morn":5.07},"pressure":1023,"humidity":76,"weather":[{"id":803,"main":"Clouds","description":"broken clouds","icon":"04d"}],"speed":8.83,"deg":247,"gust":15.34,"clouds":84,"pop":0},{"dt":1707217200,"sunrise":1707203529,"sunset":1707237668,"temp":{"day":11.08,"min":9.51,"max":12.22,"night":11.63,"eve":11.6,"morn":9.87},"feels_like":{"day":10.05,"night":10.81,"eve":10.83,"morn":6.47},"pressure":1016,"humidity":69,"weather":[{"id":804,"main":"Clouds","description":"overcast clouds","icon":"04d"}],"speed":10.04,"deg":238,"gust":18.42,"clouds":100,"pop":0},{"dt":1707303600,"sunrise":1707289831,"sunset":1707324176,"temp":{"day":10.77,"min":5.89,"max":11.37,"night":5.89,"eve":6.13,"morn":10.21},"feels_like":{"day":10.25,"night":3.09,"eve":3.2,"morn":9.43},"pressure":1005,"humidity":90,"weather":[{"id":501,"main":"Rain","description":"moderate rain","icon":"10d"}],"speed":11.06,"deg":224,"gust":21.12,"clouds":100,"pop":1,"rain":11.53}]}
--- ENF OF RECEIVED DATA ---

