________________________________________________
|             CALL API : START                |
________________________________________________

Informations : 
Called API: meteo - 12 June 2023, 00:00
Method: GETMETEO - Timeout : 300 - Cache : 1
URL CALLED : https://api.openweathermap.org/data/2.5/forecast/daily?q=Brussels,be&units=metric&cnt=4&appid=ea18c0706135505149200c3836f29800
-------------------------
________________________________________________
|             CALL API : START                |
________________________________________________

Informations : 
Called API: meteo - 12 June 2023, 00:00
Method: GETMETEO - Timeout : 300 - Cache : 1
URL CALLED : https://api.openweathermap.org/data/2.5/forecast/daily?q=Brussels,be&units=metric&cnt=4&appid=ea18c0706135505149200c3836f29800
-------------------------
{"city":{"id":2800866,"name":"Brussels","coord":{"lon":4.3488,"lat":50.8504},"country":"BE","population":1019022,"timezone":7200},"cod":"200","message":9.0889011,"cnt":4,"list":[{"dt":1686567600,"sunrise":1686540545,"sunset":1686599750,"temp":{"day":27.12,"min":15.63,"max":28.81,"night":19,"eve":24.74,"morn":17.01},"feels_like":{"day":26.85,"night":18.42,"eve":24.5,"morn":16.52},"pressure":1015,"humidity":38,"weather":[{"id":800,"main":"Clear","description":"sky is clear","icon":"01d"}],"speed":4.95,"deg":68,"gust":8.51,"clouds":8,"pop":0.28},{"dt":1686654000,"sunrise":1686626931,"sunset":1686686188,"temp":{"day":25.08,"min":15.19,"max":26.19,"night":19.48,"eve":24.75,"morn":15.23},"feels_like":{"day":24.64,"night":18.61,"eve":24.19,"morn":14.61},"pressure":1014,"humidity":38,"weather":[{"id":800,"main":"Clear","description":"sky is clear","icon":"01d"}],"speed":6.72,"deg":71,"gust":14.72,"clouds":7,"pop":0},{"dt":1686740400,"sunrise":1686713320,"sunset":1686772623,"temp":{"day":21.84,"min":12.13,"max":23.55,"night":19.24,"eve":21.29,"morn":13.21},"feels_like":{"day":21.15,"night":18.42,"eve":20.73,"morn":12.44},"pressure":1018,"humidity":41,"weather":[{"id":800,"main":"Clear","description":"sky is clear","icon":"01d"}],"speed":7.19,"deg":94,"gust":11.41,"clouds":0,"pop":0},{"dt":1686826800,"sunrise":1686799711,"sunset":1686859055,"temp":{"day":24.47,"min":12.54,"max":24.47,"night":16.23,"eve":20.34,"morn":16.38},"feels_like":{"day":23.83,"night":15.42,"eve":19.71,"morn":15.77},"pressure":1021,"humidity":33,"weather":[{"id":802,"main":"Clouds","description":"scattered clouds","icon":"03d"}],"speed":4.26,"deg":65,"gust":7.5,"clouds":31,"pop":0}]}
--- ENF OF RECEIVED DATA ---

{"city":{"id":2800866,"name":"Brussels","coord":{"lon":4.3488,"lat":50.8504},"country":"BE","population":1019022,"timezone":7200},"cod":"200","message":9.0889011,"cnt":4,"list":[{"dt":1686567600,"sunrise":1686540545,"sunset":1686599750,"temp":{"day":27.12,"min":15.63,"max":28.81,"night":19,"eve":24.74,"morn":17.01},"feels_like":{"day":26.85,"night":18.42,"eve":24.5,"morn":16.52},"pressure":1015,"humidity":38,"weather":[{"id":800,"main":"Clear","description":"sky is clear","icon":"01d"}],"speed":4.95,"deg":68,"gust":8.51,"clouds":8,"pop":0.28},{"dt":1686654000,"sunrise":1686626931,"sunset":1686686188,"temp":{"day":25.08,"min":15.19,"max":26.19,"night":19.48,"eve":24.75,"morn":15.23},"feels_like":{"day":24.64,"night":18.61,"eve":24.19,"morn":14.61},"pressure":1014,"humidity":38,"weather":[{"id":800,"main":"Clear","description":"sky is clear","icon":"01d"}],"speed":6.72,"deg":71,"gust":14.72,"clouds":7,"pop":0},{"dt":1686740400,"sunrise":1686713320,"sunset":1686772623,"temp":{"day":21.84,"min":12.13,"max":23.55,"night":19.24,"eve":21.29,"morn":13.21},"feels_like":{"day":21.15,"night":18.42,"eve":20.73,"morn":12.44},"pressure":1018,"humidity":41,"weather":[{"id":800,"main":"Clear","description":"sky is clear","icon":"01d"}],"speed":7.19,"deg":94,"gust":11.41,"clouds":0,"pop":0},{"dt":1686826800,"sunrise":1686799711,"sunset":1686859055,"temp":{"day":24.47,"min":12.54,"max":24.47,"night":16.23,"eve":20.34,"morn":16.38},"feels_like":{"day":23.83,"night":15.42,"eve":19.71,"morn":15.77},"pressure":1021,"humidity":33,"weather":[{"id":802,"main":"Clouds","description":"scattered clouds","icon":"03d"}],"speed":4.26,"deg":65,"gust":7.5,"clouds":31,"pop":0}]}
--- ENF OF RECEIVED DATA ---

