________________________________________________
|             CALL API : START                |
________________________________________________

Informations : 
Called API: meteo - 12 May 2023, 15:20
Method: GETMETEO - Timeout : 300 - Cache : 1
URL CALLED : https://api.openweathermap.org/data/2.5/forecast/daily?q=Brussels,be&units=metric&cnt=4&appid=ea18c0706135505149200c3836f29800
-------------------------
________________________________________________
|             CALL API : START                |
________________________________________________

Informations : 
Called API: meteo - 12 May 2023, 15:20
Method: GETMETEO - Timeout : 300 - Cache : 1
URL CALLED : https://api.openweathermap.org/data/2.5/forecast/daily?q=Brussels,be&units=metric&cnt=4&appid=ea18c0706135505149200c3836f29800
-------------------------
{"city":{"id":2800866,"name":"Brussels","coord":{"lon":4.3488,"lat":50.8504},"country":"BE","population":1019022,"timezone":7200},"cod":"200","message":0.0653934,"cnt":4,"list":[{"dt":1683889200,"sunrise":1683863912,"sunset":1683919170,"temp":{"day":15.41,"min":10.82,"max":16.88,"night":12.19,"eve":16.39,"morn":11.17},"feels_like":{"day":15.25,"night":11.84,"eve":16.2,"morn":10.9},"pressure":1017,"humidity":86,"weather":[{"id":501,"main":"Rain","description":"moderate rain","icon":"10d"}],"speed":5.02,"deg":83,"gust":8.92,"clouds":85,"pop":1,"rain":12.37},{"dt":1683975600,"sunrise":1683950220,"sunset":1684005661,"temp":{"day":19.36,"min":9.66,"max":20.29,"night":12.11,"eve":17.38,"morn":10.24},"feels_like":{"day":18.97,"night":11.62,"eve":16.95,"morn":9.8},"pressure":1020,"humidity":62,"weather":[{"id":500,"main":"Rain","description":"light rain","icon":"10d"}],"speed":5.29,"deg":45,"gust":9.04,"clouds":9,"pop":0.79,"rain":1.9},{"dt":1684062000,"sunrise":1684036531,"sunset":1684092151,"temp":{"day":18.66,"min":9.16,"max":19.55,"night":12.59,"eve":16.94,"morn":9.8},"feels_like":{"day":18.17,"night":12.25,"eve":16.6,"morn":8.61},"pressure":1017,"humidity":61,"weather":[{"id":500,"main":"Rain","description":"light rain","icon":"10d"}],"speed":4.53,"deg":346,"gust":6.94,"clouds":34,"pop":0.49,"rain":0.35},{"dt":1684148400,"sunrise":1684122843,"sunset":1684178641,"temp":{"day":16.82,"min":10.24,"max":17.71,"night":11.37,"eve":14.47,"morn":10.7},"feels_like":{"day":16.31,"night":10.99,"eve":14.09,"morn":10.28},"pressure":1011,"humidity":67,"weather":[{"id":804,"main":"Clouds","description":"overcast clouds","icon":"04d"}],"speed":5.69,"deg":332,"gust":7.96,"clouds":100,"pop":0.35}]}
--- ENF OF RECEIVED DATA ---

{"city":{"id":2800866,"name":"Brussels","coord":{"lon":4.3488,"lat":50.8504},"country":"BE","population":1019022,"timezone":7200},"cod":"200","message":0.0653934,"cnt":4,"list":[{"dt":1683889200,"sunrise":1683863912,"sunset":1683919170,"temp":{"day":15.41,"min":10.82,"max":16.88,"night":12.19,"eve":16.39,"morn":11.17},"feels_like":{"day":15.25,"night":11.84,"eve":16.2,"morn":10.9},"pressure":1017,"humidity":86,"weather":[{"id":501,"main":"Rain","description":"moderate rain","icon":"10d"}],"speed":5.02,"deg":83,"gust":8.92,"clouds":85,"pop":1,"rain":12.37},{"dt":1683975600,"sunrise":1683950220,"sunset":1684005661,"temp":{"day":19.36,"min":9.66,"max":20.29,"night":12.11,"eve":17.38,"morn":10.24},"feels_like":{"day":18.97,"night":11.62,"eve":16.95,"morn":9.8},"pressure":1020,"humidity":62,"weather":[{"id":500,"main":"Rain","description":"light rain","icon":"10d"}],"speed":5.29,"deg":45,"gust":9.04,"clouds":9,"pop":0.79,"rain":1.9},{"dt":1684062000,"sunrise":1684036531,"sunset":1684092151,"temp":{"day":18.66,"min":9.16,"max":19.55,"night":12.59,"eve":16.94,"morn":9.8},"feels_like":{"day":18.17,"night":12.25,"eve":16.6,"morn":8.61},"pressure":1017,"humidity":61,"weather":[{"id":500,"main":"Rain","description":"light rain","icon":"10d"}],"speed":4.53,"deg":346,"gust":6.94,"clouds":34,"pop":0.49,"rain":0.35},{"dt":1684148400,"sunrise":1684122843,"sunset":1684178641,"temp":{"day":16.82,"min":10.24,"max":17.71,"night":11.37,"eve":14.47,"morn":10.7},"feels_like":{"day":16.31,"night":10.99,"eve":14.09,"morn":10.28},"pressure":1011,"humidity":67,"weather":[{"id":804,"main":"Clouds","description":"overcast clouds","icon":"04d"}],"speed":5.69,"deg":332,"gust":7.96,"clouds":100,"pop":0.35}]}
--- ENF OF RECEIVED DATA ---

