________________________________________________
|             CALL API : START                |
________________________________________________

Informations : 
Called API: meteo - 19 September 2024, 00:50
Method: GETMETEO - Timeout : 300 - Cache : 1
URL CALLED : https://api.openweathermap.org/data/2.5/forecast/daily?q=Brussels,be&units=metric&cnt=4&appid=ea18c0706135505149200c3836f29800
-------------------------
________________________________________________
|             CALL API : START                |
________________________________________________

Informations : 
Called API: meteo - 19 September 2024, 00:50
Method: GETMETEO - Timeout : 300 - Cache : 1
URL CALLED : https://api.openweathermap.org/data/2.5/forecast/daily?q=Brussels,be&units=metric&cnt=4&appid=ea18c0706135505149200c3836f29800
-------------------------
{"city":{"id":2800866,"name":"Brussels","coord":{"lon":4.3488,"lat":50.8504},"country":"BE","population":1019022,"timezone":7200},"cod":"200","message":0.0332112,"cnt":4,"list":[{"dt":1726743600,"sunrise":1726723476,"sunset":1726768086,"temp":{"day":22.88,"min":13.62,"max":24.77,"night":15.54,"eve":21.61,"morn":13.62},"feels_like":{"day":22.48,"night":14.95,"eve":21.13,"morn":13.1},"pressure":1022,"humidity":48,"weather":[{"id":500,"main":"Rain","description":"light rain","icon":"10d"}],"speed":7.67,"deg":66,"gust":13.57,"clouds":0,"pop":1,"rain":1.32},{"dt":1726830000,"sunrise":1726809969,"sunset":1726854350,"temp":{"day":20.56,"min":12.28,"max":22.81,"night":16.37,"eve":20.16,"morn":12.28},"feels_like":{"day":20.08,"night":16.05,"eve":19.9,"morn":11.68},"pressure":1019,"humidity":54,"weather":[{"id":800,"main":"Clear","description":"sky is clear","icon":"01d"}],"speed":5.4,"deg":88,"gust":11.14,"clouds":1,"pop":0.8},{"dt":1726916400,"sunrise":1726896461,"sunset":1726940613,"temp":{"day":23.22,"min":14.35,"max":24.68,"night":17.82,"eve":21.65,"morn":14.35},"feels_like":{"day":22.96,"night":17.59,"eve":21.44,"morn":13.88},"pressure":1019,"humidity":52,"weather":[{"id":500,"main":"Rain","description":"light rain","icon":"10d"}],"speed":3.15,"deg":109,"gust":6.08,"clouds":74,"pop":0.88,"rain":0.97},{"dt":1727002800,"sunrise":1726982954,"sunset":1727026876,"temp":{"day":18.73,"min":15.76,"max":19.07,"night":16.08,"eve":17.46,"morn":15.98},"feels_like":{"day":18.7,"night":16.2,"eve":17.53,"morn":15.83},"pressure":1015,"humidity":78,"weather":[{"id":500,"main":"Rain","description":"light rain","icon":"10d"}],"speed":3.33,"deg":208,"gust":5.71,"clouds":100,"pop":1,"rain":3.91}]}
--- ENF OF RECEIVED DATA ---

{"city":{"id":2800866,"name":"Brussels","coord":{"lon":4.3488,"lat":50.8504},"country":"BE","population":1019022,"timezone":7200},"cod":"200","message":0.0332112,"cnt":4,"list":[{"dt":1726743600,"sunrise":1726723476,"sunset":1726768086,"temp":{"day":22.88,"min":13.62,"max":24.77,"night":15.54,"eve":21.61,"morn":13.62},"feels_like":{"day":22.48,"night":14.95,"eve":21.13,"morn":13.1},"pressure":1022,"humidity":48,"weather":[{"id":500,"main":"Rain","description":"light rain","icon":"10d"}],"speed":7.67,"deg":66,"gust":13.57,"clouds":0,"pop":1,"rain":1.32},{"dt":1726830000,"sunrise":1726809969,"sunset":1726854350,"temp":{"day":20.56,"min":12.28,"max":22.81,"night":16.37,"eve":20.16,"morn":12.28},"feels_like":{"day":20.08,"night":16.05,"eve":19.9,"morn":11.68},"pressure":1019,"humidity":54,"weather":[{"id":800,"main":"Clear","description":"sky is clear","icon":"01d"}],"speed":5.4,"deg":88,"gust":11.14,"clouds":1,"pop":0.8},{"dt":1726916400,"sunrise":1726896461,"sunset":1726940613,"temp":{"day":23.22,"min":14.35,"max":24.68,"night":17.82,"eve":21.65,"morn":14.35},"feels_like":{"day":22.96,"night":17.59,"eve":21.44,"morn":13.88},"pressure":1019,"humidity":52,"weather":[{"id":500,"main":"Rain","description":"light rain","icon":"10d"}],"speed":3.15,"deg":109,"gust":6.08,"clouds":74,"pop":0.88,"rain":0.97},{"dt":1727002800,"sunrise":1726982954,"sunset":1727026876,"temp":{"day":18.73,"min":15.76,"max":19.07,"night":16.08,"eve":17.46,"morn":15.98},"feels_like":{"day":18.7,"night":16.2,"eve":17.53,"morn":15.83},"pressure":1015,"humidity":78,"weather":[{"id":500,"main":"Rain","description":"light rain","icon":"10d"}],"speed":3.33,"deg":208,"gust":5.71,"clouds":100,"pop":1,"rain":3.91}]}
--- ENF OF RECEIVED DATA ---

