________________________________________________
|             CALL API : START                |
________________________________________________

Informations : 
Called API: meteo - 27 January 2023, 12:10
Method: GETMETEO - Timeout : 300 - Cache : 1
URL CALLED : https://rmipro.meteo.be/products/bx1/5373bc0393d004fc/web_forecast
-------------------------
________________________________________________
|             CALL API : START                |
________________________________________________

Informations : 
Called API: meteo - 27 January 2023, 12:10
Method: GETMETEO - Timeout : 300 - Cache : 1
URL CALLED : https://rmipro.meteo.be/products/bx1/5373bc0393d004fc/web_forecast
-------------------------
<?xml version='1.0' encoding='UTF-8'?>
<meteo>
  <generationDate>27/01/2023 10:58</generationDate>
  <forecast date="20230127" period="PM">
    <titledate>27/01/23</titledate>
    <titleday>vendredi</titleday>
    <data>
      <city>Ostende</city>
      <tempMax>5 </tempMax>
      <weathertype>TJ3</weathertype>
    </data>
    <data>
      <city>Anvers</city>
      <tempMax>5 </tempMax>
      <weathertype>TJ3</weathertype>
    </data>
    <data>
      <city>Bruxelles</city>
      <tempMax>4 </tempMax>
      <weathertype>TJ3</weathertype>
    </data>
    <data>
      <city>Namur</city>
      <tempMax>2 </tempMax>
      <weathertype>TJ24</weathertype>
    </data>
    <data>
      <city>Liege</city>
      <tempMax>3 </tempMax>
      <weathertype>TJ24</weathertype>
    </data>
    <data>
      <city>Arlon</city>
      <tempMax>1 </tempMax>
      <weathertype>TJ24</weathertype>
    </data>
  </forecast>
  <forecast date="20230127" period="NIGHT">
    <titledate>27/01/23</titledate>
    <titleday>vendredi</titleday>
    <data>
      <city>Ostende</city>
      <tempMin>1 </tempMin>
      <weathertype>TNN3</weathertype>
    </data>
    <data>
      <city>Anvers</city>
      <tempMin>-2 </tempMin>
      <weathertype>TNN3</weathertype>
    </data>
    <data>
      <city>Bruxelles</city>
      <tempMin>-1 </tempMin>
      <weathertype>TNN3</weathertype>
    </data>
    <data>
      <city>Namur</city>
      <tempMin>0 </tempMin>
      <weathertype>TNN3</weathertype>
    </data>
    <data>
      <city>Liege</city>
      <tempMin>0 </tempMin>
      <weathertype>TNN3</weathertype>
    </data>
    <data>
      <city>Arlon</city>
      <tempMin>-2 </tempMin>
      <weathertype>TNN27</weathertype>
    </data>
  </forecast>
  <forecast date="20230128" period="AM">
    <titledate>28/01/23</titledate>
    <titleday>samedi</titleday>
    <data>
      <city>Ostende</city>
      <tempMax>4 </tempMax>
      <weathertype>TJ3</weathertype>
    </data>
    <data>
      <city>Anvers</city>
      <tempMax>2 </tempMax>
      <weathertype>TJ3</weathertype>
    </data>
    <data>
      <city>Bruxelles</city>
      <tempMax>0 </tempMax>
      <weathertype>TJ3</weathertype>
    </data>
    <data>
      <city>Namur</city>
      <tempMax>1 </tempMax>
      <weathertype>TJ3</weathertype>
    </data>
    <data>
      <city>Liege</city>
      <tempMax>-1 </tempMax>
      <weathertype>TJ3</weathertype>
    </data>
    <data>
      <city>Arlon</city>
      <tempMax>-2 </tempMax>
      <weathertype>TJ27</weathertype>
    </data>
  </forecast>
  <forecast date="20230128" period="PM">
    <titledate>28/01/23</titledate>
    <titleday>samedi</titleday>
    <data>
      <city>Ostende</city>
      <tempMax>6 </tempMax>
      <weathertype>TJ3</weathertype>
    </data>
    <data>
      <city>Anvers</city>
      <tempMax>4 </tempMax>
      <weathertype>TJ3</weathertype>
    </data>
    <data>
      <city>Bruxelles</city>
      <tempMax>3 </tempMax>
      <weathertype>TJ3</weathertype>
    </data>
    <data>
      <city>Namur</city>
      <tempMax>1 </tempMax>
      <weathertype>TJ3</weathertype>
    </data>
    <data>
      <city>Liege</city>
      <tempMax>1 </tempMax>
      <weathertype>TJ3</weathertype>
    </data>
    <data>
      <city>Arlon</city>
      <tempMax>-1 </tempMax>
      <weathertype>TJ3</weathertype>
    </data>
  </forecast>
  <forecast date="20230129" period="DAY">
    <titledate>29/01/23</titledate>
    <titleday>dimanche</titleday>
    <data>
      <city>Ostende</city>
      <tempMin>6 </tempMin>
      <tempMax>7 </tempMax>
      <weathertype>TJ3</weathertype>
    </data>
    <data>
      <city>Anvers</city>
      <tempMin>4 </tempMin>
      <tempMax>5 </tempMax>
      <weathertype>TJ3</weathertype>
    </data>
    <data>
      <city>Bruxelles</city>
      <tempMin>4 </tempMin>
      <tempMax>5 </tempMax>
      <weathertype>TJ10</weathertype>
    </data>
    <data>
      <city>Namur</city>
      <tempMin>-2 </tempMin>
      <tempMax>3 </tempMax>
      <weathertype>TJ3</weathertype>
    </data>
    <data>
      <city>Liege</city>
      <tempMin>3 </tempMin>
      <tempMax>4 </tempMax>
      <weathertype>TJ3</weathertype>
    </data>
    <data>
      <city>Arlon</city>
      <tempMin>-2 </tempMin>
      <tempMax>1 </tempMax>
      <weathertype>TJ3</weathertype>
    </data>
  </forecast>
  <forecast date="20230130" period="DAY">
    <titledate>30/01/23</titledate>
    <titleday>lundi</titleday>
    <data>
      <city>Ostende</city>
      <tempMin>4 </tempMin>
      <tempMax>8 </tempMax>
      <weathertype>TJ2</weathertype>
    </data>
    <data>
      <city>Anvers</city>
      <tempMin>2 </tempMin>
      <tempMax>7 </tempMax>
      <weathertype>TJ2</weathertype>
    </data>
    <data>
      <city>Bruxelles</city>
      <tempMin>2 </tempMin>
      <tempMax>7 </tempMax>
      <weathertype>TJ2</weathertype>
    </data>
    <data>
      <city>Namur</city>
      <tempMin>0 </tempMin>
      <tempMax>3 </tempMax>
      <weathertype>TJ11</weathertype>
    </data>
    <data>
      <city>Liege</city>
      <tempMin>2 </tempMin>
      <tempMax>7 </tempMax>
      <weathertype>TJ11</weathertype>
    </data>
    <data>
      <city>Arlon</city>
      <tempMin>0 </tempMin>
      <tempMax>3 </tempMax>
      <weathertype>TJ11</weathertype>
    </data>
  </forecast>
  <forecast date="20230131" period="DAY">
    <titledate>31/01/23</titledate>
    <titleday>mardi</titleday>
    <data>
      <city>Ostende</city>
      <tempMin>6 </tempMin>
      <tempMax>9 </tempMax>
      <weathertype>TJ11</weathertype>
    </data>
    <data>
      <city>Anvers</city>
      <tempMin>4 </tempMin>
      <tempMax>8 </tempMax>
      <weathertype>TJ11</weathertype>
    </data>
    <data>
      <city>Bruxelles</city>
      <tempMin>4 </tempMin>
      <tempMax>8 </tempMax>
      <weathertype>TJ11</weathertype>
    </data>
    <data>
      <city>Namur</city>
      <tempMin>2 </tempMin>
      <tempMax>4 </tempMax>
      <weathertype>TJ10</weathertype>
    </data>
    <data>
      <city>Liege</city>
      <tempMin>4 </tempMin>
      <tempMax>8 </tempMax>
      <weathertype>TJ10</weathertype>
    </data>
    <data>
      <city>Arlon</city>
      <tempMin>2 </tempMin>
      <tempMax>4 </tempMax>
      <weathertype>TJ10</weathertype>
    </data>
  </forecast>
  <forecast_foreign date="20230127" period="DAY">
    <titledate>27/01/23</titledate>
    <titleday>vendredi</titleday>
    <data>
      <city>Paris</city>
      <temp>3 </temp>
      <weathertype>TJ4</weathertype>
    </data>
    <data>
      <city>Londres</city>
      <temp>6 </temp>
      <weathertype>TJ4</weathertype>
    </data>
    <data>
      <city>Amsterdam</city>
      <temp>5 </temp>
      <weathertype>TJ4</weathertype>
    </data>
  </forecast_foreign>
  <forecast_foreign date="20230128" period="DAY">
    <titledate>28/01/23</titledate>
    <titleday>samedi</titleday>
    <data>
      <city>Paris</city>
      <temp>3 </temp>
      <weathertype>TJ2</weathertype>
    </data>
    <data>
      <city>Londres</city>
      <temp>2 </temp>
      <weathertype>TJ1</weathertype>
    </data>
    <data>
      <city>Amsterdam</city>
      <temp>1 </temp>
      <weathertype>TJ3</weathertype>
    </data>
  </forecast_foreign>
  <Ephemerides>
    <Ephemeride>
      <titledate>27/01/23</titledate>
      <titleday>vendredi</titleday>
      <data>
        <sunRise>08:24</sunRise>
        <sunSet>17:26</sunSet>
        <gain>4 </gain>
      </data>
    </Ephemeride>
    <Ephemeride>
      <titledate>28/01/23</titledate>
      <titleday>samedi</titleday>
      <data>
        <sunRise>08:23</sunRise>
        <sunSet>17:28</sunSet>
        <gain>3 </gain>
      </data>
    </Ephemeride>
    <Ephemeride>
      <titledate>29/01/23</titledate>
      <titleday>dimanche</titleday>
      <data>
        <sunRise>08:22</sunRise>
        <sunSet>17:29</sunSet>
        <gain>2 </gain>
      </data>
    </Ephemeride>
    <Ephemeride>
      <titledate>30/01/23</titledate>
      <titleday>lundi</titleday>
      <data>
        <sunRise>08:20</sunRise>
        <sunSet>17:31</sunSet>
        <gain>4 </gain>
      </data>
    </Ephemeride>
  </Ephemerides>
  <indices>
    <indice>
      <titledate>27/01/23</titledate>
      <titleday>vendredi</titleday>
      <data>
        <value>4</value>
        <evaluation>assez bonne</evaluation>
      </data>
    </indice>
    <indice>
      <titledate>28/01/23</titledate>
      <titleday>samedi</titleday>
      <data>
        <value>5</value>
        <evaluation>moyenne</evaluation>
      </data>
    </indice>
    <indice>
      <titledate>29/01/23</titledate>
      <titleday>dimanche</titleday>
      <data>
        <value>5</value>
        <evaluation>moyenne</evaluation>
      </data>
    </indice>
  </indices>
</meteo>

--- ENF OF RECEIVED DATA ---

<?xml version='1.0' encoding='UTF-8'?>
<meteo>
  <generationDate>27/01/2023 10:58</generationDate>
  <forecast date="20230127" period="PM">
    <titledate>27/01/23</titledate>
    <titleday>vendredi</titleday>
    <data>
      <city>Ostende</city>
      <tempMax>5 </tempMax>
      <weathertype>TJ3</weathertype>
    </data>
    <data>
      <city>Anvers</city>
      <tempMax>5 </tempMax>
      <weathertype>TJ3</weathertype>
    </data>
    <data>
      <city>Bruxelles</city>
      <tempMax>4 </tempMax>
      <weathertype>TJ3</weathertype>
    </data>
    <data>
      <city>Namur</city>
      <tempMax>2 </tempMax>
      <weathertype>TJ24</weathertype>
    </data>
    <data>
      <city>Liege</city>
      <tempMax>3 </tempMax>
      <weathertype>TJ24</weathertype>
    </data>
    <data>
      <city>Arlon</city>
      <tempMax>1 </tempMax>
      <weathertype>TJ24</weathertype>
    </data>
  </forecast>
  <forecast date="20230127" period="NIGHT">
    <titledate>27/01/23</titledate>
    <titleday>vendredi</titleday>
    <data>
      <city>Ostende</city>
      <tempMin>1 </tempMin>
      <weathertype>TNN3</weathertype>
    </data>
    <data>
      <city>Anvers</city>
      <tempMin>-2 </tempMin>
      <weathertype>TNN3</weathertype>
    </data>
    <data>
      <city>Bruxelles</city>
      <tempMin>-1 </tempMin>
      <weathertype>TNN3</weathertype>
    </data>
    <data>
      <city>Namur</city>
      <tempMin>0 </tempMin>
      <weathertype>TNN3</weathertype>
    </data>
    <data>
      <city>Liege</city>
      <tempMin>0 </tempMin>
      <weathertype>TNN3</weathertype>
    </data>
    <data>
      <city>Arlon</city>
      <tempMin>-2 </tempMin>
      <weathertype>TNN27</weathertype>
    </data>
  </forecast>
  <forecast date="20230128" period="AM">
    <titledate>28/01/23</titledate>
    <titleday>samedi</titleday>
    <data>
      <city>Ostende</city>
      <tempMax>4 </tempMax>
      <weathertype>TJ3</weathertype>
    </data>
    <data>
      <city>Anvers</city>
      <tempMax>2 </tempMax>
      <weathertype>TJ3</weathertype>
    </data>
    <data>
      <city>Bruxelles</city>
      <tempMax>0 </tempMax>
      <weathertype>TJ3</weathertype>
    </data>
    <data>
      <city>Namur</city>
      <tempMax>1 </tempMax>
      <weathertype>TJ3</weathertype>
    </data>
    <data>
      <city>Liege</city>
      <tempMax>-1 </tempMax>
      <weathertype>TJ3</weathertype>
    </data>
    <data>
      <city>Arlon</city>
      <tempMax>-2 </tempMax>
      <weathertype>TJ27</weathertype>
    </data>
  </forecast>
  <forecast date="20230128" period="PM">
    <titledate>28/01/23</titledate>
    <titleday>samedi</titleday>
    <data>
      <city>Ostende</city>
      <tempMax>6 </tempMax>
      <weathertype>TJ3</weathertype>
    </data>
    <data>
      <city>Anvers</city>
      <tempMax>4 </tempMax>
      <weathertype>TJ3</weathertype>
    </data>
    <data>
      <city>Bruxelles</city>
      <tempMax>3 </tempMax>
      <weathertype>TJ3</weathertype>
    </data>
    <data>
      <city>Namur</city>
      <tempMax>1 </tempMax>
      <weathertype>TJ3</weathertype>
    </data>
    <data>
      <city>Liege</city>
      <tempMax>1 </tempMax>
      <weathertype>TJ3</weathertype>
    </data>
    <data>
      <city>Arlon</city>
      <tempMax>-1 </tempMax>
      <weathertype>TJ3</weathertype>
    </data>
  </forecast>
  <forecast date="20230129" period="DAY">
    <titledate>29/01/23</titledate>
    <titleday>dimanche</titleday>
    <data>
      <city>Ostende</city>
      <tempMin>6 </tempMin>
      <tempMax>7 </tempMax>
      <weathertype>TJ3</weathertype>
    </data>
    <data>
      <city>Anvers</city>
      <tempMin>4 </tempMin>
      <tempMax>5 </tempMax>
      <weathertype>TJ3</weathertype>
    </data>
    <data>
      <city>Bruxelles</city>
      <tempMin>4 </tempMin>
      <tempMax>5 </tempMax>
      <weathertype>TJ10</weathertype>
    </data>
    <data>
      <city>Namur</city>
      <tempMin>-2 </tempMin>
      <tempMax>3 </tempMax>
      <weathertype>TJ3</weathertype>
    </data>
    <data>
      <city>Liege</city>
      <tempMin>3 </tempMin>
      <tempMax>4 </tempMax>
      <weathertype>TJ3</weathertype>
    </data>
    <data>
      <city>Arlon</city>
      <tempMin>-2 </tempMin>
      <tempMax>1 </tempMax>
      <weathertype>TJ3</weathertype>
    </data>
  </forecast>
  <forecast date="20230130" period="DAY">
    <titledate>30/01/23</titledate>
    <titleday>lundi</titleday>
    <data>
      <city>Ostende</city>
      <tempMin>4 </tempMin>
      <tempMax>8 </tempMax>
      <weathertype>TJ2</weathertype>
    </data>
    <data>
      <city>Anvers</city>
      <tempMin>2 </tempMin>
      <tempMax>7 </tempMax>
      <weathertype>TJ2</weathertype>
    </data>
    <data>
      <city>Bruxelles</city>
      <tempMin>2 </tempMin>
      <tempMax>7 </tempMax>
      <weathertype>TJ2</weathertype>
    </data>
    <data>
      <city>Namur</city>
      <tempMin>0 </tempMin>
      <tempMax>3 </tempMax>
      <weathertype>TJ11</weathertype>
    </data>
    <data>
      <city>Liege</city>
      <tempMin>2 </tempMin>
      <tempMax>7 </tempMax>
      <weathertype>TJ11</weathertype>
    </data>
    <data>
      <city>Arlon</city>
      <tempMin>0 </tempMin>
      <tempMax>3 </tempMax>
      <weathertype>TJ11</weathertype>
    </data>
  </forecast>
  <forecast date="20230131" period="DAY">
    <titledate>31/01/23</titledate>
    <titleday>mardi</titleday>
    <data>
      <city>Ostende</city>
      <tempMin>6 </tempMin>
      <tempMax>9 </tempMax>
      <weathertype>TJ11</weathertype>
    </data>
    <data>
      <city>Anvers</city>
      <tempMin>4 </tempMin>
      <tempMax>8 </tempMax>
      <weathertype>TJ11</weathertype>
    </data>
    <data>
      <city>Bruxelles</city>
      <tempMin>4 </tempMin>
      <tempMax>8 </tempMax>
      <weathertype>TJ11</weathertype>
    </data>
    <data>
      <city>Namur</city>
      <tempMin>2 </tempMin>
      <tempMax>4 </tempMax>
      <weathertype>TJ10</weathertype>
    </data>
    <data>
      <city>Liege</city>
      <tempMin>4 </tempMin>
      <tempMax>8 </tempMax>
      <weathertype>TJ10</weathertype>
    </data>
    <data>
      <city>Arlon</city>
      <tempMin>2 </tempMin>
      <tempMax>4 </tempMax>
      <weathertype>TJ10</weathertype>
    </data>
  </forecast>
  <forecast_foreign date="20230127" period="DAY">
    <titledate>27/01/23</titledate>
    <titleday>vendredi</titleday>
    <data>
      <city>Paris</city>
      <temp>3 </temp>
      <weathertype>TJ4</weathertype>
    </data>
    <data>
      <city>Londres</city>
      <temp>6 </temp>
      <weathertype>TJ4</weathertype>
    </data>
    <data>
      <city>Amsterdam</city>
      <temp>5 </temp>
      <weathertype>TJ4</weathertype>
    </data>
  </forecast_foreign>
  <forecast_foreign date="20230128" period="DAY">
    <titledate>28/01/23</titledate>
    <titleday>samedi</titleday>
    <data>
      <city>Paris</city>
      <temp>3 </temp>
      <weathertype>TJ2</weathertype>
    </data>
    <data>
      <city>Londres</city>
      <temp>2 </temp>
      <weathertype>TJ1</weathertype>
    </data>
    <data>
      <city>Amsterdam</city>
      <temp>1 </temp>
      <weathertype>TJ3</weathertype>
    </data>
  </forecast_foreign>
  <Ephemerides>
    <Ephemeride>
      <titledate>27/01/23</titledate>
      <titleday>vendredi</titleday>
      <data>
        <sunRise>08:24</sunRise>
        <sunSet>17:26</sunSet>
        <gain>4 </gain>
      </data>
    </Ephemeride>
    <Ephemeride>
      <titledate>28/01/23</titledate>
      <titleday>samedi</titleday>
      <data>
        <sunRise>08:23</sunRise>
        <sunSet>17:28</sunSet>
        <gain>3 </gain>
      </data>
    </Ephemeride>
    <Ephemeride>
      <titledate>29/01/23</titledate>
      <titleday>dimanche</titleday>
      <data>
        <sunRise>08:22</sunRise>
        <sunSet>17:29</sunSet>
        <gain>2 </gain>
      </data>
    </Ephemeride>
    <Ephemeride>
      <titledate>30/01/23</titledate>
      <titleday>lundi</titleday>
      <data>
        <sunRise>08:20</sunRise>
        <sunSet>17:31</sunSet>
        <gain>4 </gain>
      </data>
    </Ephemeride>
  </Ephemerides>
  <indices>
    <indice>
      <titledate>27/01/23</titledate>
      <titleday>vendredi</titleday>
      <data>
        <value>4</value>
        <evaluation>assez bonne</evaluation>
      </data>
    </indice>
    <indice>
      <titledate>28/01/23</titledate>
      <titleday>samedi</titleday>
      <data>
        <value>5</value>
        <evaluation>moyenne</evaluation>
      </data>
    </indice>
    <indice>
      <titledate>29/01/23</titledate>
      <titleday>dimanche</titleday>
      <data>
        <value>5</value>
        <evaluation>moyenne</evaluation>
      </data>
    </indice>
  </indices>
</meteo>

--- ENF OF RECEIVED DATA ---

