________________________________________________
|             CALL API : START                |
________________________________________________

Informations : 
Called API: meteo - 18 October 2024, 10:00
Method: GETMETEO - Timeout : 300 - Cache : 1
URL CALLED : https://api.openweathermap.org/data/2.5/forecast/daily?q=Brussels,be&units=metric&cnt=4&appid=ea18c0706135505149200c3836f29800
-------------------------
________________________________________________
|             CALL API : START                |
________________________________________________

Informations : 
Called API: meteo - 18 October 2024, 10:00
Method: GETMETEO - Timeout : 300 - Cache : 1
URL CALLED : https://api.openweathermap.org/data/2.5/forecast/daily?q=Brussels,be&units=metric&cnt=4&appid=ea18c0706135505149200c3836f29800
-------------------------
{"city":{"id":2800866,"name":"Brussels","coord":{"lon":4.3488,"lat":50.8504},"country":"BE","population":1019022,"timezone":7200},"cod":"200","message":0.0543989,"cnt":4,"list":[{"dt":1729249200,"sunrise":1729231854,"sunset":1729269849,"temp":{"day":15.25,"min":13.98,"max":17.67,"night":13.98,"eve":16.24,"morn":15.03},"feels_like":{"day":15.18,"night":13.81,"eve":16.17,"morn":15.07},"pressure":1014,"humidity":90,"weather":[{"id":500,"main":"Rain","description":"light rain","icon":"10d"}],"speed":3.66,"deg":335,"gust":6.79,"clouds":100,"pop":1,"rain":1.1},{"dt":1729335600,"sunrise":1729318355,"sunset":1729356127,"temp":{"day":14.57,"min":12.44,"max":16.65,"night":14.1,"eve":15.2,"morn":12.78},"feels_like":{"day":14.01,"night":13.86,"eve":14.81,"morn":12.39},"pressure":1016,"humidity":74,"weather":[{"id":804,"main":"Clouds","description":"overcast clouds","icon":"04d"}],"speed":5.77,"deg":209,"gust":10.69,"clouds":94,"pop":0},{"dt":1729422000,"sunrise":1729404856,"sunset":1729442405,"temp":{"day":16.73,"min":11.48,"max":16.9,"night":16.18,"eve":16.27,"morn":11.48},"feels_like":{"day":16.44,"night":15.81,"eve":15.73,"morn":11.11},"pressure":1020,"humidity":76,"weather":[{"id":804,"main":"Clouds","description":"overcast clouds","icon":"04d"}],"speed":7.87,"deg":195,"gust":15.81,"clouds":97,"pop":0},{"dt":1729508400,"sunrise":1729491357,"sunset":1729528685,"temp":{"day":17.66,"min":12.07,"max":17.66,"night":12.07,"eve":17.07,"morn":15.67},"feels_like":{"day":17.54,"night":11.6,"eve":16.79,"morn":15.51},"pressure":1020,"humidity":79,"weather":[{"id":500,"main":"Rain","description":"light rain","icon":"10d"}],"speed":7.03,"deg":204,"gust":15.09,"clouds":69,"pop":0.48,"rain":0.42}]}
--- ENF OF RECEIVED DATA ---

{"city":{"id":2800866,"name":"Brussels","coord":{"lon":4.3488,"lat":50.8504},"country":"BE","population":1019022,"timezone":7200},"cod":"200","message":0.0543989,"cnt":4,"list":[{"dt":1729249200,"sunrise":1729231854,"sunset":1729269849,"temp":{"day":15.25,"min":13.98,"max":17.67,"night":13.98,"eve":16.24,"morn":15.03},"feels_like":{"day":15.18,"night":13.81,"eve":16.17,"morn":15.07},"pressure":1014,"humidity":90,"weather":[{"id":500,"main":"Rain","description":"light rain","icon":"10d"}],"speed":3.66,"deg":335,"gust":6.79,"clouds":100,"pop":1,"rain":1.1},{"dt":1729335600,"sunrise":1729318355,"sunset":1729356127,"temp":{"day":14.57,"min":12.44,"max":16.65,"night":14.1,"eve":15.2,"morn":12.78},"feels_like":{"day":14.01,"night":13.86,"eve":14.81,"morn":12.39},"pressure":1016,"humidity":74,"weather":[{"id":804,"main":"Clouds","description":"overcast clouds","icon":"04d"}],"speed":5.77,"deg":209,"gust":10.69,"clouds":94,"pop":0},{"dt":1729422000,"sunrise":1729404856,"sunset":1729442405,"temp":{"day":16.73,"min":11.48,"max":16.9,"night":16.18,"eve":16.27,"morn":11.48},"feels_like":{"day":16.44,"night":15.81,"eve":15.73,"morn":11.11},"pressure":1020,"humidity":76,"weather":[{"id":804,"main":"Clouds","description":"overcast clouds","icon":"04d"}],"speed":7.87,"deg":195,"gust":15.81,"clouds":97,"pop":0},{"dt":1729508400,"sunrise":1729491357,"sunset":1729528685,"temp":{"day":17.66,"min":12.07,"max":17.66,"night":12.07,"eve":17.07,"morn":15.67},"feels_like":{"day":17.54,"night":11.6,"eve":16.79,"morn":15.51},"pressure":1020,"humidity":79,"weather":[{"id":500,"main":"Rain","description":"light rain","icon":"10d"}],"speed":7.03,"deg":204,"gust":15.09,"clouds":69,"pop":0.48,"rain":0.42}]}
--- ENF OF RECEIVED DATA ---

