________________________________________________
|             CALL API : START                |
________________________________________________

Informations : 
Called API: meteo - 26 December 2023, 00:30
Method: GETMETEO - Timeout : 300 - Cache : 1
URL CALLED : https://api.openweathermap.org/data/2.5/forecast/daily?q=Brussels,be&units=metric&cnt=4&appid=ea18c0706135505149200c3836f29800
-------------------------
________________________________________________
|             CALL API : START                |
________________________________________________

Informations : 
Called API: meteo - 26 December 2023, 00:30
Method: GETMETEO - Timeout : 300 - Cache : 1
URL CALLED : https://api.openweathermap.org/data/2.5/forecast/daily?q=Brussels,be&units=metric&cnt=4&appid=ea18c0706135505149200c3836f29800
-------------------------
{"city":{"id":2800866,"name":"Brussels","coord":{"lon":4.3488,"lat":50.8504},"country":"BE","population":1019022,"timezone":3600},"cod":"200","message":7.6276839,"cnt":4,"list":[{"dt":1703588400,"sunrise":1703576667,"sunset":1703605277,"temp":{"day":9.61,"min":5.78,"max":10.86,"night":5.78,"eve":6.9,"morn":10.61},"feels_like":{"day":6.72,"night":4.12,"eve":4.91,"morn":10},"pressure":1016,"humidity":76,"weather":[{"id":500,"main":"Rain","description":"light rain","icon":"10d"}],"speed":10.06,"deg":234,"gust":17.73,"clouds":100,"pop":0.78,"rain":1.94},{"dt":1703674800,"sunrise":1703663081,"sunset":1703691720,"temp":{"day":9.56,"min":5.68,"max":9.72,"night":9.19,"eve":8.73,"morn":8.61},"feels_like":{"day":6.41,"night":5.49,"eve":4.87,"morn":6.03},"pressure":1016,"humidity":79,"weather":[{"id":500,"main":"Rain","description":"light rain","icon":"10d"}],"speed":9.14,"deg":192,"gust":19.84,"clouds":100,"pop":0.99,"rain":1.12},{"dt":1703761200,"sunrise":1703749492,"sunset":1703778166,"temp":{"day":10.46,"min":8.5,"max":10.79,"night":9.8,"eve":10.01,"morn":9.59},"feels_like":{"day":9.7,"night":5.95,"eve":9.1,"morn":6.33},"pressure":1013,"humidity":82,"weather":[{"id":804,"main":"Clouds","description":"overcast clouds","icon":"04d"}],"speed":9.98,"deg":218,"gust":17.68,"clouds":89,"pop":0.01},{"dt":1703847600,"sunrise":1703835900,"sunset":1703864615,"temp":{"day":11.02,"min":7.24,"max":11.02,"night":7.24,"eve":7.65,"morn":9.2},"feels_like":{"day":10.08,"night":2.75,"eve":3.08,"morn":5.75},"pressure":1007,"humidity":73,"weather":[{"id":500,"main":"Rain","description":"light rain","icon":"10d"}],"speed":11.49,"deg":212,"gust":21.42,"clouds":75,"pop":1,"rain":4.56}]}
--- ENF OF RECEIVED DATA ---

{"city":{"id":2800866,"name":"Brussels","coord":{"lon":4.3488,"lat":50.8504},"country":"BE","population":1019022,"timezone":3600},"cod":"200","message":7.6276839,"cnt":4,"list":[{"dt":1703588400,"sunrise":1703576667,"sunset":1703605277,"temp":{"day":9.61,"min":5.78,"max":10.86,"night":5.78,"eve":6.9,"morn":10.61},"feels_like":{"day":6.72,"night":4.12,"eve":4.91,"morn":10},"pressure":1016,"humidity":76,"weather":[{"id":500,"main":"Rain","description":"light rain","icon":"10d"}],"speed":10.06,"deg":234,"gust":17.73,"clouds":100,"pop":0.78,"rain":1.94},{"dt":1703674800,"sunrise":1703663081,"sunset":1703691720,"temp":{"day":9.56,"min":5.68,"max":9.72,"night":9.19,"eve":8.73,"morn":8.61},"feels_like":{"day":6.41,"night":5.49,"eve":4.87,"morn":6.03},"pressure":1016,"humidity":79,"weather":[{"id":500,"main":"Rain","description":"light rain","icon":"10d"}],"speed":9.14,"deg":192,"gust":19.84,"clouds":100,"pop":0.99,"rain":1.12},{"dt":1703761200,"sunrise":1703749492,"sunset":1703778166,"temp":{"day":10.46,"min":8.5,"max":10.79,"night":9.8,"eve":10.01,"morn":9.59},"feels_like":{"day":9.7,"night":5.95,"eve":9.1,"morn":6.33},"pressure":1013,"humidity":82,"weather":[{"id":804,"main":"Clouds","description":"overcast clouds","icon":"04d"}],"speed":9.98,"deg":218,"gust":17.68,"clouds":89,"pop":0.01},{"dt":1703847600,"sunrise":1703835900,"sunset":1703864615,"temp":{"day":11.02,"min":7.24,"max":11.02,"night":7.24,"eve":7.65,"morn":9.2},"feels_like":{"day":10.08,"night":2.75,"eve":3.08,"morn":5.75},"pressure":1007,"humidity":73,"weather":[{"id":500,"main":"Rain","description":"light rain","icon":"10d"}],"speed":11.49,"deg":212,"gust":21.42,"clouds":75,"pop":1,"rain":4.56}]}
--- ENF OF RECEIVED DATA ---

