________________________________________________
|             CALL API : START                |
________________________________________________

Informations : 
Called API: meteo - 21 June 2023, 15:40
Method: GETMETEO - Timeout : 300 - Cache : 1
URL CALLED : https://api.openweathermap.org/data/2.5/forecast/daily?q=Brussels,be&units=metric&cnt=4&appid=ea18c0706135505149200c3836f29800
-------------------------
________________________________________________
|             CALL API : START                |
________________________________________________

Informations : 
Called API: meteo - 21 June 2023, 15:40
Method: GETMETEO - Timeout : 300 - Cache : 1
URL CALLED : https://api.openweathermap.org/data/2.5/forecast/daily?q=Brussels,be&units=metric&cnt=4&appid=ea18c0706135505149200c3836f29800
-------------------------
{"city":{"id":2800866,"name":"Brussels","coord":{"lon":4.3488,"lat":50.8504},"country":"BE","population":1019022,"timezone":7200},"cod":"200","message":0.1303857,"cnt":4,"list":[{"dt":1687345200,"sunrise":1687318123,"sunset":1687377589,"temp":{"day":25.31,"min":16.23,"max":26.11,"night":18.55,"eve":25.99,"morn":16.83},"feels_like":{"day":25.23,"night":18.21,"eve":25.99,"morn":17.08},"pressure":1018,"humidity":51,"weather":[{"id":500,"main":"Rain","description":"light rain","icon":"10d"}],"speed":4.17,"deg":250,"gust":7.48,"clouds":25,"pop":0.66,"rain":0.77},{"dt":1687431600,"sunrise":1687404536,"sunset":1687464001,"temp":{"day":23.87,"min":16.67,"max":24.77,"night":16.67,"eve":17.19,"morn":17.63},"feels_like":{"day":23.91,"night":16.85,"eve":17.5,"morn":17.28},"pressure":1016,"humidity":61,"weather":[{"id":502,"main":"Rain","description":"heavy intensity rain","icon":"10d"}],"speed":6.43,"deg":326,"gust":13.17,"clouds":100,"pop":1,"rain":45.51},{"dt":1687518000,"sunrise":1687490951,"sunset":1687550411,"temp":{"day":23.45,"min":13.23,"max":24.81,"night":18.28,"eve":23.18,"morn":14.47},"feels_like":{"day":23.26,"night":18.2,"eve":23.2,"morn":14.37},"pressure":1024,"humidity":54,"weather":[{"id":803,"main":"Clouds","description":"broken clouds","icon":"04d"}],"speed":3.71,"deg":296,"gust":7.48,"clouds":67,"pop":0.86},{"dt":1687604400,"sunrise":1687577369,"sunset":1687636817,"temp":{"day":26.07,"min":14.41,"max":26.73,"night":20.63,"eve":25.52,"morn":15.64},"feels_like":{"day":26.07,"night":20.47,"eve":25.62,"morn":15.35},"pressure":1024,"humidity":47,"weather":[{"id":800,"main":"Clear","description":"sky is clear","icon":"01d"}],"speed":2.05,"deg":70,"gust":2.76,"clouds":5,"pop":0}]}
--- ENF OF RECEIVED DATA ---

{"city":{"id":2800866,"name":"Brussels","coord":{"lon":4.3488,"lat":50.8504},"country":"BE","population":1019022,"timezone":7200},"cod":"200","message":0.1303857,"cnt":4,"list":[{"dt":1687345200,"sunrise":1687318123,"sunset":1687377589,"temp":{"day":25.31,"min":16.23,"max":26.11,"night":18.55,"eve":25.99,"morn":16.83},"feels_like":{"day":25.23,"night":18.21,"eve":25.99,"morn":17.08},"pressure":1018,"humidity":51,"weather":[{"id":500,"main":"Rain","description":"light rain","icon":"10d"}],"speed":4.17,"deg":250,"gust":7.48,"clouds":25,"pop":0.66,"rain":0.77},{"dt":1687431600,"sunrise":1687404536,"sunset":1687464001,"temp":{"day":23.87,"min":16.67,"max":24.77,"night":16.67,"eve":17.19,"morn":17.63},"feels_like":{"day":23.91,"night":16.85,"eve":17.5,"morn":17.28},"pressure":1016,"humidity":61,"weather":[{"id":502,"main":"Rain","description":"heavy intensity rain","icon":"10d"}],"speed":6.43,"deg":326,"gust":13.17,"clouds":100,"pop":1,"rain":45.51},{"dt":1687518000,"sunrise":1687490951,"sunset":1687550411,"temp":{"day":23.45,"min":13.23,"max":24.81,"night":18.28,"eve":23.18,"morn":14.47},"feels_like":{"day":23.26,"night":18.2,"eve":23.2,"morn":14.37},"pressure":1024,"humidity":54,"weather":[{"id":803,"main":"Clouds","description":"broken clouds","icon":"04d"}],"speed":3.71,"deg":296,"gust":7.48,"clouds":67,"pop":0.86},{"dt":1687604400,"sunrise":1687577369,"sunset":1687636817,"temp":{"day":26.07,"min":14.41,"max":26.73,"night":20.63,"eve":25.52,"morn":15.64},"feels_like":{"day":26.07,"night":20.47,"eve":25.62,"morn":15.35},"pressure":1024,"humidity":47,"weather":[{"id":800,"main":"Clear","description":"sky is clear","icon":"01d"}],"speed":2.05,"deg":70,"gust":2.76,"clouds":5,"pop":0}]}
--- ENF OF RECEIVED DATA ---

