________________________________________________
|             CALL API : START                |
________________________________________________

Informations : 
Called API: meteo - 17 November 2023, 03:00
Method: GETMETEO - Timeout : 300 - Cache : 1
URL CALLED : https://api.openweathermap.org/data/2.5/forecast/daily?q=Brussels,be&units=metric&cnt=4&appid=ea18c0706135505149200c3836f29800
-------------------------
________________________________________________
|             CALL API : START                |
________________________________________________

Informations : 
Called API: meteo - 17 November 2023, 03:00
Method: GETMETEO - Timeout : 300 - Cache : 1
URL CALLED : https://api.openweathermap.org/data/2.5/forecast/daily?q=Brussels,be&units=metric&cnt=4&appid=ea18c0706135505149200c3836f29800
-------------------------
{"city":{"id":2800866,"name":"Brussels","coord":{"lon":4.3488,"lat":50.8504},"country":"BE","population":1019022,"timezone":3600},"cod":"200","message":8.7835245,"cnt":4,"list":[{"dt":1700218800,"sunrise":1700204461,"sunset":1700236454,"temp":{"day":9.11,"min":5.28,"max":9.92,"night":5.28,"eve":6.78,"morn":6.64},"feels_like":{"day":6.97,"night":3.14,"eve":4.78,"morn":5.29},"pressure":1020,"humidity":82,"weather":[{"id":501,"main":"Rain","description":"moderate rain","icon":"10d"}],"speed":3.88,"deg":230,"gust":6.28,"clouds":96,"pop":0.96,"rain":6.24},{"dt":1700305200,"sunrise":1700290960,"sunset":1700322779,"temp":{"day":7.54,"min":5.14,"max":12.4,"night":12.4,"eve":8.94,"morn":6.06},"feels_like":{"day":3.75,"night":12.18,"eve":5.13,"morn":3.13},"pressure":1020,"humidity":90,"weather":[{"id":501,"main":"Rain","description":"moderate rain","icon":"10d"}],"speed":8.7,"deg":189,"gust":17.99,"clouds":100,"pop":1,"rain":11.83},{"dt":1700391600,"sunrise":1700377459,"sunset":1700409107,"temp":{"day":12.24,"min":10.86,"max":13.49,"night":11.43,"eve":10.9,"morn":11.21},"feels_like":{"day":11.56,"night":10.9,"eve":10.21,"morn":10.68},"pressure":1012,"humidity":78,"weather":[{"id":500,"main":"Rain","description":"light rain","icon":"10d"}],"speed":9.94,"deg":240,"gust":17.69,"clouds":94,"pop":1,"rain":1.98},{"dt":1700478000,"sunrise":1700463957,"sunset":1700495438,"temp":{"day":9.92,"min":9.27,"max":11.51,"night":9.87,"eve":10.26,"morn":10.08},"feels_like":{"day":7.56,"night":7.81,"eve":9.74,"morn":9.39},"pressure":1006,"humidity":87,"weather":[{"id":500,"main":"Rain","description":"light rain","icon":"10d"}],"speed":8.77,"deg":242,"gust":15.54,"clouds":84,"pop":0.94,"rain":7.79}]}
--- ENF OF RECEIVED DATA ---

{"city":{"id":2800866,"name":"Brussels","coord":{"lon":4.3488,"lat":50.8504},"country":"BE","population":1019022,"timezone":3600},"cod":"200","message":8.7835245,"cnt":4,"list":[{"dt":1700218800,"sunrise":1700204461,"sunset":1700236454,"temp":{"day":9.11,"min":5.28,"max":9.92,"night":5.28,"eve":6.78,"morn":6.64},"feels_like":{"day":6.97,"night":3.14,"eve":4.78,"morn":5.29},"pressure":1020,"humidity":82,"weather":[{"id":501,"main":"Rain","description":"moderate rain","icon":"10d"}],"speed":3.88,"deg":230,"gust":6.28,"clouds":96,"pop":0.96,"rain":6.24},{"dt":1700305200,"sunrise":1700290960,"sunset":1700322779,"temp":{"day":7.54,"min":5.14,"max":12.4,"night":12.4,"eve":8.94,"morn":6.06},"feels_like":{"day":3.75,"night":12.18,"eve":5.13,"morn":3.13},"pressure":1020,"humidity":90,"weather":[{"id":501,"main":"Rain","description":"moderate rain","icon":"10d"}],"speed":8.7,"deg":189,"gust":17.99,"clouds":100,"pop":1,"rain":11.83},{"dt":1700391600,"sunrise":1700377459,"sunset":1700409107,"temp":{"day":12.24,"min":10.86,"max":13.49,"night":11.43,"eve":10.9,"morn":11.21},"feels_like":{"day":11.56,"night":10.9,"eve":10.21,"morn":10.68},"pressure":1012,"humidity":78,"weather":[{"id":500,"main":"Rain","description":"light rain","icon":"10d"}],"speed":9.94,"deg":240,"gust":17.69,"clouds":94,"pop":1,"rain":1.98},{"dt":1700478000,"sunrise":1700463957,"sunset":1700495438,"temp":{"day":9.92,"min":9.27,"max":11.51,"night":9.87,"eve":10.26,"morn":10.08},"feels_like":{"day":7.56,"night":7.81,"eve":9.74,"morn":9.39},"pressure":1006,"humidity":87,"weather":[{"id":500,"main":"Rain","description":"light rain","icon":"10d"}],"speed":8.77,"deg":242,"gust":15.54,"clouds":84,"pop":0.94,"rain":7.79}]}
--- ENF OF RECEIVED DATA ---

