________________________________________________
|             CALL API : START                |
________________________________________________

Informations : 
Called API: meteo - 7 January 2023, 20:50
Method: GETMETEO - Timeout : 300 - Cache : 1
URL CALLED : https://rmipro.meteo.be/products/bx1/5373bc0393d004fc/web_forecast
-------------------------
________________________________________________
|             CALL API : START                |
________________________________________________

Informations : 
Called API: meteo - 7 January 2023, 20:50
Method: GETMETEO - Timeout : 300 - Cache : 1
URL CALLED : https://rmipro.meteo.be/products/bx1/5373bc0393d004fc/web_forecast
-------------------------
<?xml version='1.0' encoding='UTF-8'?>
<meteo>
  <generationDate>07/01/2023 15:58</generationDate>
  <forecast date="20230107" period="NIGHT">
    <titledate>07/01/23</titledate>
    <titleday>samedi</titleday>
    <data>
      <city>Ostende</city>
      <tempMin>7 </tempMin>
      <weathertype>TNN11</weathertype>
    </data>
    <data>
      <city>Anvers</city>
      <tempMin>7 </tempMin>
      <weathertype>TNN11</weathertype>
    </data>
    <data>
      <city>Bruxelles</city>
      <tempMin>8 </tempMin>
      <weathertype>TNN11</weathertype>
    </data>
    <data>
      <city>Namur</city>
      <tempMin>7 </tempMin>
      <weathertype>TNN6</weathertype>
    </data>
    <data>
      <city>Liege</city>
      <tempMin>8 </tempMin>
      <weathertype>TNN11</weathertype>
    </data>
    <data>
      <city>Arlon</city>
      <tempMin>6 </tempMin>
      <weathertype>TNN6</weathertype>
    </data>
  </forecast>
  <forecast date="20230108" period="AM">
    <titledate>08/01/23</titledate>
    <titleday>dimanche</titleday>
    <data>
      <city>Ostende</city>
      <tempMax>8 </tempMax>
      <weathertype>TJ11</weathertype>
    </data>
    <data>
      <city>Anvers</city>
      <tempMax>9 </tempMax>
      <weathertype>TJ2</weathertype>
    </data>
    <data>
      <city>Bruxelles</city>
      <tempMax>9 </tempMax>
      <weathertype>TJ2</weathertype>
    </data>
    <data>
      <city>Namur</city>
      <tempMax>7 </tempMax>
      <weathertype>TJ3</weathertype>
    </data>
    <data>
      <city>Liege</city>
      <tempMax>8 </tempMax>
      <weathertype>TJ3</weathertype>
    </data>
    <data>
      <city>Arlon</city>
      <tempMax>6 </tempMax>
      <weathertype>TJ11</weathertype>
    </data>
  </forecast>
  <forecast date="20230108" period="PM">
    <titledate>08/01/23</titledate>
    <titleday>dimanche</titleday>
    <data>
      <city>Ostende</city>
      <tempMax>9 </tempMax>
      <weathertype>TJ11</weathertype>
    </data>
    <data>
      <city>Anvers</city>
      <tempMax>10 </tempMax>
      <weathertype>TJ2</weathertype>
    </data>
    <data>
      <city>Bruxelles</city>
      <tempMax>9 </tempMax>
      <weathertype>TJ2</weathertype>
    </data>
    <data>
      <city>Namur</city>
      <tempMax>7 </tempMax>
      <weathertype>TJ3</weathertype>
    </data>
    <data>
      <city>Liege</city>
      <tempMax>9 </tempMax>
      <weathertype>TJ3</weathertype>
    </data>
    <data>
      <city>Arlon</city>
      <tempMax>7 </tempMax>
      <weathertype>TJ11</weathertype>
    </data>
  </forecast>
  <forecast date="20230109" period="DAY">
    <titledate>09/01/23</titledate>
    <titleday>lundi</titleday>
    <data>
      <city>Ostende</city>
      <tempMin>5 </tempMin>
      <tempMax>8 </tempMax>
      <weathertype>TJ11</weathertype>
    </data>
    <data>
      <city>Anvers</city>
      <tempMin>3 </tempMin>
      <tempMax>8 </tempMax>
      <weathertype>TJ11</weathertype>
    </data>
    <data>
      <city>Bruxelles</city>
      <tempMin>3 </tempMin>
      <tempMax>8 </tempMax>
      <weathertype>TJ11</weathertype>
    </data>
    <data>
      <city>Namur</city>
      <tempMin>1 </tempMin>
      <tempMax>7 </tempMax>
      <weathertype>TJ11</weathertype>
    </data>
    <data>
      <city>Liege</city>
      <tempMin>3 </tempMin>
      <tempMax>7 </tempMax>
      <weathertype>TJ11</weathertype>
    </data>
    <data>
      <city>Arlon</city>
      <tempMin>1 </tempMin>
      <tempMax>4 </tempMax>
      <weathertype>TJ15</weathertype>
    </data>
  </forecast>
  <forecast date="20230110" period="DAY">
    <titledate>10/01/23</titledate>
    <titleday>mardi</titleday>
    <data>
      <city>Ostende</city>
      <tempMin>10 </tempMin>
      <tempMax>12 </tempMax>
      <weathertype>TJ6</weathertype>
    </data>
    <data>
      <city>Anvers</city>
      <tempMin>9 </tempMin>
      <tempMax>10 </tempMax>
      <weathertype>TJ6</weathertype>
    </data>
    <data>
      <city>Bruxelles</city>
      <tempMin>9 </tempMin>
      <tempMax>10 </tempMax>
      <weathertype>TJ6</weathertype>
    </data>
    <data>
      <city>Namur</city>
      <tempMin>6 </tempMin>
      <tempMax>6 </tempMax>
      <weathertype>TJ6</weathertype>
    </data>
    <data>
      <city>Liege</city>
      <tempMin>6 </tempMin>
      <tempMax>9 </tempMax>
      <weathertype>TJ6</weathertype>
    </data>
    <data>
      <city>Arlon</city>
      <tempMin>6 </tempMin>
      <tempMax>6 </tempMax>
      <weathertype>TJ6</weathertype>
    </data>
  </forecast>
  <forecast date="20230111" period="DAY">
    <titledate>11/01/23</titledate>
    <titleday>mercredi</titleday>
    <data>
      <city>Ostende</city>
      <tempMin>7 </tempMin>
      <tempMax>11 </tempMax>
      <weathertype>TJ2</weathertype>
    </data>
    <data>
      <city>Anvers</city>
      <tempMin>6 </tempMin>
      <tempMax>10 </tempMax>
      <weathertype>TJ2</weathertype>
    </data>
    <data>
      <city>Bruxelles</city>
      <tempMin>6 </tempMin>
      <tempMax>10 </tempMax>
      <weathertype>TJ2</weathertype>
    </data>
    <data>
      <city>Namur</city>
      <tempMin>3 </tempMin>
      <tempMax>8 </tempMax>
      <weathertype>TJ11</weathertype>
    </data>
    <data>
      <city>Liege</city>
      <tempMin>6 </tempMin>
      <tempMax>10 </tempMax>
      <weathertype>TJ2</weathertype>
    </data>
    <data>
      <city>Arlon</city>
      <tempMin>3 </tempMin>
      <tempMax>8 </tempMax>
      <weathertype>TJ11</weathertype>
    </data>
  </forecast>
  <forecast_foreign date="20230107" period="DAY">
    <titledate>07/01/23</titledate>
    <titleday>samedi</titleday>
    <data>
      <city>Paris</city>
      <temp>9 </temp>
      <weathertype>TJ4</weathertype>
    </data>
    <data>
      <city>Londres</city>
      <temp>11 </temp>
      <weathertype>TJ7</weathertype>
    </data>
    <data>
      <city>Amsterdam</city>
      <temp>10 </temp>
      <weathertype>TJ4</weathertype>
    </data>
  </forecast_foreign>
  <forecast_foreign date="20230108" period="DAY">
    <titledate>08/01/23</titledate>
    <titleday>dimanche</titleday>
    <data>
      <city>Paris</city>
      <temp>9 </temp>
      <weathertype>TJ2</weathertype>
    </data>
    <data>
      <city>Londres</city>
      <temp>9 </temp>
      <weathertype>TJ4</weathertype>
    </data>
    <data>
      <city>Amsterdam</city>
      <temp>9 </temp>
      <weathertype>TJ2</weathertype>
    </data>
  </forecast_foreign>
  <Ephemerides>
    <Ephemeride>
      <titledate>07/01/23</titledate>
      <titleday>samedi</titleday>
      <data>
        <sunRise>08:42</sunRise>
        <sunSet>16:55</sunSet>
        <gain>1 </gain>
      </data>
    </Ephemeride>
    <Ephemeride>
      <titledate>08/01/23</titledate>
      <titleday>dimanche</titleday>
      <data>
        <sunRise>08:42</sunRise>
        <sunSet>16:56</sunSet>
        <gain>1 </gain>
      </data>
    </Ephemeride>
    <Ephemeride>
      <titledate>09/01/23</titledate>
      <titleday>lundi</titleday>
      <data>
        <sunRise>08:41</sunRise>
        <sunSet>16:58</sunSet>
        <gain>3 </gain>
      </data>
    </Ephemeride>
    <Ephemeride>
      <titledate>10/01/23</titledate>
      <titleday>mardi</titleday>
      <data>
        <sunRise>08:41</sunRise>
        <sunSet>16:59</sunSet>
        <gain>1 </gain>
      </data>
    </Ephemeride>
  </Ephemerides>
  <indices>
    <indice>
      <titledate>07/01/23</titledate>
      <titleday>samedi</titleday>
      <data>
        <value>2</value>
        <evaluation>très bonne</evaluation>
      </data>
    </indice>
    <indice>
      <titledate>08/01/23</titledate>
      <titleday>dimanche</titleday>
      <data>
        <value>2</value>
        <evaluation>très bonne</evaluation>
      </data>
    </indice>
    <indice>
      <titledate>09/01/23</titledate>
      <titleday>lundi</titleday>
      <data>
        <value>3</value>
        <evaluation>bonne</evaluation>
      </data>
    </indice>
  </indices>
</meteo>

--- ENF OF RECEIVED DATA ---

<?xml version='1.0' encoding='UTF-8'?>
<meteo>
  <generationDate>07/01/2023 15:58</generationDate>
  <forecast date="20230107" period="NIGHT">
    <titledate>07/01/23</titledate>
    <titleday>samedi</titleday>
    <data>
      <city>Ostende</city>
      <tempMin>7 </tempMin>
      <weathertype>TNN11</weathertype>
    </data>
    <data>
      <city>Anvers</city>
      <tempMin>7 </tempMin>
      <weathertype>TNN11</weathertype>
    </data>
    <data>
      <city>Bruxelles</city>
      <tempMin>8 </tempMin>
      <weathertype>TNN11</weathertype>
    </data>
    <data>
      <city>Namur</city>
      <tempMin>7 </tempMin>
      <weathertype>TNN6</weathertype>
    </data>
    <data>
      <city>Liege</city>
      <tempMin>8 </tempMin>
      <weathertype>TNN11</weathertype>
    </data>
    <data>
      <city>Arlon</city>
      <tempMin>6 </tempMin>
      <weathertype>TNN6</weathertype>
    </data>
  </forecast>
  <forecast date="20230108" period="AM">
    <titledate>08/01/23</titledate>
    <titleday>dimanche</titleday>
    <data>
      <city>Ostende</city>
      <tempMax>8 </tempMax>
      <weathertype>TJ11</weathertype>
    </data>
    <data>
      <city>Anvers</city>
      <tempMax>9 </tempMax>
      <weathertype>TJ2</weathertype>
    </data>
    <data>
      <city>Bruxelles</city>
      <tempMax>9 </tempMax>
      <weathertype>TJ2</weathertype>
    </data>
    <data>
      <city>Namur</city>
      <tempMax>7 </tempMax>
      <weathertype>TJ3</weathertype>
    </data>
    <data>
      <city>Liege</city>
      <tempMax>8 </tempMax>
      <weathertype>TJ3</weathertype>
    </data>
    <data>
      <city>Arlon</city>
      <tempMax>6 </tempMax>
      <weathertype>TJ11</weathertype>
    </data>
  </forecast>
  <forecast date="20230108" period="PM">
    <titledate>08/01/23</titledate>
    <titleday>dimanche</titleday>
    <data>
      <city>Ostende</city>
      <tempMax>9 </tempMax>
      <weathertype>TJ11</weathertype>
    </data>
    <data>
      <city>Anvers</city>
      <tempMax>10 </tempMax>
      <weathertype>TJ2</weathertype>
    </data>
    <data>
      <city>Bruxelles</city>
      <tempMax>9 </tempMax>
      <weathertype>TJ2</weathertype>
    </data>
    <data>
      <city>Namur</city>
      <tempMax>7 </tempMax>
      <weathertype>TJ3</weathertype>
    </data>
    <data>
      <city>Liege</city>
      <tempMax>9 </tempMax>
      <weathertype>TJ3</weathertype>
    </data>
    <data>
      <city>Arlon</city>
      <tempMax>7 </tempMax>
      <weathertype>TJ11</weathertype>
    </data>
  </forecast>
  <forecast date="20230109" period="DAY">
    <titledate>09/01/23</titledate>
    <titleday>lundi</titleday>
    <data>
      <city>Ostende</city>
      <tempMin>5 </tempMin>
      <tempMax>8 </tempMax>
      <weathertype>TJ11</weathertype>
    </data>
    <data>
      <city>Anvers</city>
      <tempMin>3 </tempMin>
      <tempMax>8 </tempMax>
      <weathertype>TJ11</weathertype>
    </data>
    <data>
      <city>Bruxelles</city>
      <tempMin>3 </tempMin>
      <tempMax>8 </tempMax>
      <weathertype>TJ11</weathertype>
    </data>
    <data>
      <city>Namur</city>
      <tempMin>1 </tempMin>
      <tempMax>7 </tempMax>
      <weathertype>TJ11</weathertype>
    </data>
    <data>
      <city>Liege</city>
      <tempMin>3 </tempMin>
      <tempMax>7 </tempMax>
      <weathertype>TJ11</weathertype>
    </data>
    <data>
      <city>Arlon</city>
      <tempMin>1 </tempMin>
      <tempMax>4 </tempMax>
      <weathertype>TJ15</weathertype>
    </data>
  </forecast>
  <forecast date="20230110" period="DAY">
    <titledate>10/01/23</titledate>
    <titleday>mardi</titleday>
    <data>
      <city>Ostende</city>
      <tempMin>10 </tempMin>
      <tempMax>12 </tempMax>
      <weathertype>TJ6</weathertype>
    </data>
    <data>
      <city>Anvers</city>
      <tempMin>9 </tempMin>
      <tempMax>10 </tempMax>
      <weathertype>TJ6</weathertype>
    </data>
    <data>
      <city>Bruxelles</city>
      <tempMin>9 </tempMin>
      <tempMax>10 </tempMax>
      <weathertype>TJ6</weathertype>
    </data>
    <data>
      <city>Namur</city>
      <tempMin>6 </tempMin>
      <tempMax>6 </tempMax>
      <weathertype>TJ6</weathertype>
    </data>
    <data>
      <city>Liege</city>
      <tempMin>6 </tempMin>
      <tempMax>9 </tempMax>
      <weathertype>TJ6</weathertype>
    </data>
    <data>
      <city>Arlon</city>
      <tempMin>6 </tempMin>
      <tempMax>6 </tempMax>
      <weathertype>TJ6</weathertype>
    </data>
  </forecast>
  <forecast date="20230111" period="DAY">
    <titledate>11/01/23</titledate>
    <titleday>mercredi</titleday>
    <data>
      <city>Ostende</city>
      <tempMin>7 </tempMin>
      <tempMax>11 </tempMax>
      <weathertype>TJ2</weathertype>
    </data>
    <data>
      <city>Anvers</city>
      <tempMin>6 </tempMin>
      <tempMax>10 </tempMax>
      <weathertype>TJ2</weathertype>
    </data>
    <data>
      <city>Bruxelles</city>
      <tempMin>6 </tempMin>
      <tempMax>10 </tempMax>
      <weathertype>TJ2</weathertype>
    </data>
    <data>
      <city>Namur</city>
      <tempMin>3 </tempMin>
      <tempMax>8 </tempMax>
      <weathertype>TJ11</weathertype>
    </data>
    <data>
      <city>Liege</city>
      <tempMin>6 </tempMin>
      <tempMax>10 </tempMax>
      <weathertype>TJ2</weathertype>
    </data>
    <data>
      <city>Arlon</city>
      <tempMin>3 </tempMin>
      <tempMax>8 </tempMax>
      <weathertype>TJ11</weathertype>
    </data>
  </forecast>
  <forecast_foreign date="20230107" period="DAY">
    <titledate>07/01/23</titledate>
    <titleday>samedi</titleday>
    <data>
      <city>Paris</city>
      <temp>9 </temp>
      <weathertype>TJ4</weathertype>
    </data>
    <data>
      <city>Londres</city>
      <temp>11 </temp>
      <weathertype>TJ7</weathertype>
    </data>
    <data>
      <city>Amsterdam</city>
      <temp>10 </temp>
      <weathertype>TJ4</weathertype>
    </data>
  </forecast_foreign>
  <forecast_foreign date="20230108" period="DAY">
    <titledate>08/01/23</titledate>
    <titleday>dimanche</titleday>
    <data>
      <city>Paris</city>
      <temp>9 </temp>
      <weathertype>TJ2</weathertype>
    </data>
    <data>
      <city>Londres</city>
      <temp>9 </temp>
      <weathertype>TJ4</weathertype>
    </data>
    <data>
      <city>Amsterdam</city>
      <temp>9 </temp>
      <weathertype>TJ2</weathertype>
    </data>
  </forecast_foreign>
  <Ephemerides>
    <Ephemeride>
      <titledate>07/01/23</titledate>
      <titleday>samedi</titleday>
      <data>
        <sunRise>08:42</sunRise>
        <sunSet>16:55</sunSet>
        <gain>1 </gain>
      </data>
    </Ephemeride>
    <Ephemeride>
      <titledate>08/01/23</titledate>
      <titleday>dimanche</titleday>
      <data>
        <sunRise>08:42</sunRise>
        <sunSet>16:56</sunSet>
        <gain>1 </gain>
      </data>
    </Ephemeride>
    <Ephemeride>
      <titledate>09/01/23</titledate>
      <titleday>lundi</titleday>
      <data>
        <sunRise>08:41</sunRise>
        <sunSet>16:58</sunSet>
        <gain>3 </gain>
      </data>
    </Ephemeride>
    <Ephemeride>
      <titledate>10/01/23</titledate>
      <titleday>mardi</titleday>
      <data>
        <sunRise>08:41</sunRise>
        <sunSet>16:59</sunSet>
        <gain>1 </gain>
      </data>
    </Ephemeride>
  </Ephemerides>
  <indices>
    <indice>
      <titledate>07/01/23</titledate>
      <titleday>samedi</titleday>
      <data>
        <value>2</value>
        <evaluation>très bonne</evaluation>
      </data>
    </indice>
    <indice>
      <titledate>08/01/23</titledate>
      <titleday>dimanche</titleday>
      <data>
        <value>2</value>
        <evaluation>très bonne</evaluation>
      </data>
    </indice>
    <indice>
      <titledate>09/01/23</titledate>
      <titleday>lundi</titleday>
      <data>
        <value>3</value>
        <evaluation>bonne</evaluation>
      </data>
    </indice>
  </indices>
</meteo>

--- ENF OF RECEIVED DATA ---

