________________________________________________
|             CALL API : START                |
________________________________________________

Informations : 
Called API: meteo - 6 May 2023, 05:20
Method: GETMETEO - Timeout : 300 - Cache : 1
URL CALLED : https://api.openweathermap.org/data/2.5/forecast/daily?q=Brussels,be&units=metric&cnt=4&appid=ea18c0706135505149200c3836f29800
-------------------------
________________________________________________
|             CALL API : START                |
________________________________________________

Informations : 
Called API: meteo - 6 May 2023, 05:20
Method: GETMETEO - Timeout : 300 - Cache : 1
URL CALLED : https://api.openweathermap.org/data/2.5/forecast/daily?q=Brussels,be&units=metric&cnt=4&appid=ea18c0706135505149200c3836f29800
-------------------------
{"city":{"id":2800866,"name":"Brussels","coord":{"lon":4.3488,"lat":50.8504},"country":"BE","population":1019022,"timezone":7200},"cod":"200","message":6.5848615,"cnt":4,"list":[{"dt":1683370800,"sunrise":1683346096,"sunset":1683400211,"temp":{"day":17.45,"min":9.22,"max":17.45,"night":12.89,"eve":14.17,"morn":9.76},"feels_like":{"day":17.05,"night":12.53,"eve":13.91,"morn":8.64},"pressure":1016,"humidity":69,"weather":[{"id":500,"main":"Rain","description":"light rain","icon":"10d"}],"speed":4.18,"deg":232,"gust":5.39,"clouds":100,"pop":0.62,"rain":0.46},{"dt":1683457200,"sunrise":1683432394,"sunset":1683486705,"temp":{"day":14.91,"min":12.26,"max":16.83,"night":13.31,"eve":16.72,"morn":12.27},"feels_like":{"day":14.68,"night":13.1,"eve":16.48,"morn":11.95},"pressure":1018,"humidity":85,"weather":[{"id":500,"main":"Rain","description":"light rain","icon":"10d"}],"speed":2.32,"deg":98,"gust":3.23,"clouds":100,"pop":0.79,"rain":1.27},{"dt":1683543600,"sunrise":1683518694,"sunset":1683573199,"temp":{"day":17.58,"min":12.28,"max":20.41,"night":13.48,"eve":17.36,"morn":12.89},"feels_like":{"day":17.3,"night":13.18,"eve":17.27,"morn":12.58},"pressure":1021,"humidity":73,"weather":[{"id":500,"main":"Rain","description":"light rain","icon":"10d"}],"speed":4.16,"deg":275,"gust":4.94,"clouds":96,"pop":0.45,"rain":0.37},{"dt":1683630000,"sunrise":1683604996,"sunset":1683659693,"temp":{"day":14.27,"min":12.27,"max":15.47,"night":12.56,"eve":14,"morn":12.27},"feels_like":{"day":14.05,"night":12.43,"eve":13.91,"morn":12.11},"pressure":1014,"humidity":88,"weather":[{"id":501,"main":"Rain","description":"moderate rain","icon":"10d"}],"speed":2.79,"deg":219,"gust":4.92,"clouds":100,"pop":0.99,"rain":6.53}]}
--- ENF OF RECEIVED DATA ---

{"city":{"id":2800866,"name":"Brussels","coord":{"lon":4.3488,"lat":50.8504},"country":"BE","population":1019022,"timezone":7200},"cod":"200","message":6.5848615,"cnt":4,"list":[{"dt":1683370800,"sunrise":1683346096,"sunset":1683400211,"temp":{"day":17.45,"min":9.22,"max":17.45,"night":12.89,"eve":14.17,"morn":9.76},"feels_like":{"day":17.05,"night":12.53,"eve":13.91,"morn":8.64},"pressure":1016,"humidity":69,"weather":[{"id":500,"main":"Rain","description":"light rain","icon":"10d"}],"speed":4.18,"deg":232,"gust":5.39,"clouds":100,"pop":0.62,"rain":0.46},{"dt":1683457200,"sunrise":1683432394,"sunset":1683486705,"temp":{"day":14.91,"min":12.26,"max":16.83,"night":13.31,"eve":16.72,"morn":12.27},"feels_like":{"day":14.68,"night":13.1,"eve":16.48,"morn":11.95},"pressure":1018,"humidity":85,"weather":[{"id":500,"main":"Rain","description":"light rain","icon":"10d"}],"speed":2.32,"deg":98,"gust":3.23,"clouds":100,"pop":0.79,"rain":1.27},{"dt":1683543600,"sunrise":1683518694,"sunset":1683573199,"temp":{"day":17.58,"min":12.28,"max":20.41,"night":13.48,"eve":17.36,"morn":12.89},"feels_like":{"day":17.3,"night":13.18,"eve":17.27,"morn":12.58},"pressure":1021,"humidity":73,"weather":[{"id":500,"main":"Rain","description":"light rain","icon":"10d"}],"speed":4.16,"deg":275,"gust":4.94,"clouds":96,"pop":0.45,"rain":0.37},{"dt":1683630000,"sunrise":1683604996,"sunset":1683659693,"temp":{"day":14.27,"min":12.27,"max":15.47,"night":12.56,"eve":14,"morn":12.27},"feels_like":{"day":14.05,"night":12.43,"eve":13.91,"morn":12.11},"pressure":1014,"humidity":88,"weather":[{"id":501,"main":"Rain","description":"moderate rain","icon":"10d"}],"speed":2.79,"deg":219,"gust":4.92,"clouds":100,"pop":0.99,"rain":6.53}]}
--- ENF OF RECEIVED DATA ---

