________________________________________________
|             CALL API : START                |
________________________________________________

Informations : 
Called API: meteo - 10 February 2025, 02:30
Method: GETMETEO - Timeout : 300 - Cache : 1
URL CALLED : https://api.openweathermap.org/data/2.5/forecast/daily?q=Brussels,be&units=metric&cnt=4&appid=ea18c0706135505149200c3836f29800
-------------------------
________________________________________________
|             CALL API : START                |
________________________________________________

Informations : 
Called API: meteo - 10 February 2025, 02:30
Method: GETMETEO - Timeout : 300 - Cache : 1
URL CALLED : https://api.openweathermap.org/data/2.5/forecast/daily?q=Brussels,be&units=metric&cnt=4&appid=ea18c0706135505149200c3836f29800
-------------------------
{"city":{"id":2800866,"name":"Brussels","coord":{"lon":4.3488,"lat":50.8504},"country":"BE","population":1019022,"timezone":3600},"cod":"200","message":1.0124062,"cnt":4,"list":[{"dt":1739185200,"sunrise":1739171050,"sunset":1739206179,"temp":{"day":4.92,"min":2.37,"max":4.92,"night":4.9,"eve":4.56,"morn":3.15},"feels_like":{"day":1.34,"night":1.49,"eve":0.54,"morn":-0.34},"pressure":1023,"humidity":81,"weather":[{"id":501,"main":"Rain","description":"moderate rain","icon":"10d"}],"speed":5.92,"deg":79,"gust":11.28,"clouds":100,"pop":1,"rain":3.48},{"dt":1739271600,"sunrise":1739257344,"sunset":1739292687,"temp":{"day":4.99,"min":3.45,"max":6.13,"night":4.34,"eve":5.15,"morn":3.98},"feels_like":{"day":1.49,"night":2.27,"eve":2.5,"morn":-0.3},"pressure":1019,"humidity":89,"weather":[{"id":501,"main":"Rain","description":"moderate rain","icon":"10d"}],"speed":7.45,"deg":203,"gust":11.74,"clouds":100,"pop":1,"rain":5.59},{"dt":1739358000,"sunrise":1739343637,"sunset":1739379194,"temp":{"day":5.39,"min":1.42,"max":6.68,"night":2.8,"eve":5.04,"morn":1.5},"feels_like":{"day":4.15,"night":0.68,"eve":3.46,"morn":-0.2},"pressure":1019,"humidity":71,"weather":[{"id":804,"main":"Clouds","description":"overcast clouds","icon":"04d"}],"speed":2.8,"deg":297,"gust":4.38,"clouds":100,"pop":0},{"dt":1739444400,"sunrise":1739429928,"sunset":1739465702,"temp":{"day":5.4,"min":1.33,"max":5.89,"night":2.99,"eve":3.38,"morn":2.83},"feels_like":{"day":3.21,"night":2.99,"eve":1.75,"morn":0.82},"pressure":1023,"humidity":53,"weather":[{"id":803,"main":"Clouds","description":"broken clouds","icon":"04d"}],"speed":2.7,"deg":338,"gust":4.9,"clouds":51,"pop":0}]}
--- ENF OF RECEIVED DATA ---

{"city":{"id":2800866,"name":"Brussels","coord":{"lon":4.3488,"lat":50.8504},"country":"BE","population":1019022,"timezone":3600},"cod":"200","message":1.0124062,"cnt":4,"list":[{"dt":1739185200,"sunrise":1739171050,"sunset":1739206179,"temp":{"day":4.92,"min":2.37,"max":4.92,"night":4.9,"eve":4.56,"morn":3.15},"feels_like":{"day":1.34,"night":1.49,"eve":0.54,"morn":-0.34},"pressure":1023,"humidity":81,"weather":[{"id":501,"main":"Rain","description":"moderate rain","icon":"10d"}],"speed":5.92,"deg":79,"gust":11.28,"clouds":100,"pop":1,"rain":3.48},{"dt":1739271600,"sunrise":1739257344,"sunset":1739292687,"temp":{"day":4.99,"min":3.45,"max":6.13,"night":4.34,"eve":5.15,"morn":3.98},"feels_like":{"day":1.49,"night":2.27,"eve":2.5,"morn":-0.3},"pressure":1019,"humidity":89,"weather":[{"id":501,"main":"Rain","description":"moderate rain","icon":"10d"}],"speed":7.45,"deg":203,"gust":11.74,"clouds":100,"pop":1,"rain":5.59},{"dt":1739358000,"sunrise":1739343637,"sunset":1739379194,"temp":{"day":5.39,"min":1.42,"max":6.68,"night":2.8,"eve":5.04,"morn":1.5},"feels_like":{"day":4.15,"night":0.68,"eve":3.46,"morn":-0.2},"pressure":1019,"humidity":71,"weather":[{"id":804,"main":"Clouds","description":"overcast clouds","icon":"04d"}],"speed":2.8,"deg":297,"gust":4.38,"clouds":100,"pop":0},{"dt":1739444400,"sunrise":1739429928,"sunset":1739465702,"temp":{"day":5.4,"min":1.33,"max":5.89,"night":2.99,"eve":3.38,"morn":2.83},"feels_like":{"day":3.21,"night":2.99,"eve":1.75,"morn":0.82},"pressure":1023,"humidity":53,"weather":[{"id":803,"main":"Clouds","description":"broken clouds","icon":"04d"}],"speed":2.7,"deg":338,"gust":4.9,"clouds":51,"pop":0}]}
--- ENF OF RECEIVED DATA ---

