________________________________________________
|             CALL API : START                |
________________________________________________

Informations : 
Called API: meteo - 12 March 2025, 01:10
Method: GETMETEO - Timeout : 300 - Cache : 1
URL CALLED : https://api.openweathermap.org/data/2.5/forecast/daily?q=Brussels,be&units=metric&cnt=4&appid=ea18c0706135505149200c3836f29800
-------------------------
________________________________________________
|             CALL API : START                |
________________________________________________

Informations : 
Called API: meteo - 12 March 2025, 01:10
Method: GETMETEO - Timeout : 300 - Cache : 1
URL CALLED : https://api.openweathermap.org/data/2.5/forecast/daily?q=Brussels,be&units=metric&cnt=4&appid=ea18c0706135505149200c3836f29800
-------------------------
{"city":{"id":2800866,"name":"Brussels","coord":{"lon":4.3488,"lat":50.8504},"country":"BE","population":1019022,"timezone":3600},"cod":"200","message":0.0590618,"cnt":4,"list":[{"dt":1741777200,"sunrise":1741759390,"sunset":1741801301,"temp":{"day":7.88,"min":1.44,"max":8.2,"night":3.04,"eve":6.25,"morn":3.23},"feels_like":{"day":5.96,"night":1.38,"eve":3.89,"morn":1.93},"pressure":1002,"humidity":60,"weather":[{"id":500,"main":"Rain","description":"light rain","icon":"10d"}],"speed":4.41,"deg":335,"gust":4.82,"clouds":98,"pop":1,"rain":1.17},{"dt":1741863600,"sunrise":1741845656,"sunset":1741887801,"temp":{"day":6.44,"min":1.75,"max":6.72,"night":1.96,"eve":5.7,"morn":1.79},"feels_like":{"day":3.75,"night":-0.58,"eve":2.7,"morn":-0.65},"pressure":1000,"humidity":58,"weather":[{"id":804,"main":"Clouds","description":"overcast clouds","icon":"04d"}],"speed":4.86,"deg":349,"gust":6.69,"clouds":90,"pop":0},{"dt":1741950000,"sunrise":1741931923,"sunset":1741974300,"temp":{"day":6.72,"min":0.34,"max":7.29,"night":2.34,"eve":6.13,"morn":0.5},"feels_like":{"day":4.75,"night":-1.01,"eve":3.48,"morn":-0.97},"pressure":1005,"humidity":52,"weather":[{"id":500,"main":"Rain","description":"light rain","icon":"10d"}],"speed":3.99,"deg":42,"gust":8.2,"clouds":11,"pop":0.91,"rain":0.45},{"dt":1742036400,"sunrise":1742018189,"sunset":1742060799,"temp":{"day":7.58,"min":1,"max":7.66,"night":4.62,"eve":6.14,"morn":1.9},"feels_like":{"day":3.69,"night":0.2,"eve":2.37,"morn":-2.64},"pressure":1017,"humidity":57,"weather":[{"id":804,"main":"Clouds","description":"overcast clouds","icon":"04d"}],"speed":7.45,"deg":53,"gust":13.37,"clouds":96,"pop":0}]}
--- ENF OF RECEIVED DATA ---

{"city":{"id":2800866,"name":"Brussels","coord":{"lon":4.3488,"lat":50.8504},"country":"BE","population":1019022,"timezone":3600},"cod":"200","message":0.0590618,"cnt":4,"list":[{"dt":1741777200,"sunrise":1741759390,"sunset":1741801301,"temp":{"day":7.88,"min":1.44,"max":8.2,"night":3.04,"eve":6.25,"morn":3.23},"feels_like":{"day":5.96,"night":1.38,"eve":3.89,"morn":1.93},"pressure":1002,"humidity":60,"weather":[{"id":500,"main":"Rain","description":"light rain","icon":"10d"}],"speed":4.41,"deg":335,"gust":4.82,"clouds":98,"pop":1,"rain":1.17},{"dt":1741863600,"sunrise":1741845656,"sunset":1741887801,"temp":{"day":6.44,"min":1.75,"max":6.72,"night":1.96,"eve":5.7,"morn":1.79},"feels_like":{"day":3.75,"night":-0.58,"eve":2.7,"morn":-0.65},"pressure":1000,"humidity":58,"weather":[{"id":804,"main":"Clouds","description":"overcast clouds","icon":"04d"}],"speed":4.86,"deg":349,"gust":6.69,"clouds":90,"pop":0},{"dt":1741950000,"sunrise":1741931923,"sunset":1741974300,"temp":{"day":6.72,"min":0.34,"max":7.29,"night":2.34,"eve":6.13,"morn":0.5},"feels_like":{"day":4.75,"night":-1.01,"eve":3.48,"morn":-0.97},"pressure":1005,"humidity":52,"weather":[{"id":500,"main":"Rain","description":"light rain","icon":"10d"}],"speed":3.99,"deg":42,"gust":8.2,"clouds":11,"pop":0.91,"rain":0.45},{"dt":1742036400,"sunrise":1742018189,"sunset":1742060799,"temp":{"day":7.58,"min":1,"max":7.66,"night":4.62,"eve":6.14,"morn":1.9},"feels_like":{"day":3.69,"night":0.2,"eve":2.37,"morn":-2.64},"pressure":1017,"humidity":57,"weather":[{"id":804,"main":"Clouds","description":"overcast clouds","icon":"04d"}],"speed":7.45,"deg":53,"gust":13.37,"clouds":96,"pop":0}]}
--- ENF OF RECEIVED DATA ---

