________________________________________________
|             CALL API : START                |
________________________________________________

Informations : 
Called API: meteo - 15 July 2023, 09:20
Method: GETMETEO - Timeout : 300 - Cache : 1
URL CALLED : https://api.openweathermap.org/data/2.5/forecast/daily?q=Brussels,be&units=metric&cnt=4&appid=ea18c0706135505149200c3836f29800
-------------------------
________________________________________________
|             CALL API : START                |
________________________________________________

Informations : 
Called API: meteo - 15 July 2023, 09:20
Method: GETMETEO - Timeout : 300 - Cache : 1
URL CALLED : https://api.openweathermap.org/data/2.5/forecast/daily?q=Brussels,be&units=metric&cnt=4&appid=ea18c0706135505149200c3836f29800
-------------------------
{"city":{"id":2800866,"name":"Brussels","coord":{"lon":4.3488,"lat":50.8504},"country":"BE","population":1019022,"timezone":7200},"cod":"200","message":6.7142798,"cnt":4,"list":[{"dt":1689418800,"sunrise":1689392733,"sunset":1689450664,"temp":{"day":21.2,"min":19.28,"max":24.38,"night":19.28,"eve":24.09,"morn":20.84},"feels_like":{"day":21.05,"night":18.67,"eve":23.81,"morn":20.83},"pressure":1007,"humidity":64,"weather":[{"id":803,"main":"Clouds","description":"broken clouds","icon":"04d"}],"speed":9.23,"deg":218,"gust":15.42,"clouds":65,"pop":0.09},{"dt":1689505200,"sunrise":1689479203,"sunset":1689537007,"temp":{"day":19.67,"min":15.09,"max":21.46,"night":16.75,"eve":21.42,"morn":15.12},"feels_like":{"day":19.15,"night":16.26,"eve":20.92,"morn":14.46},"pressure":1014,"humidity":56,"weather":[{"id":803,"main":"Clouds","description":"broken clouds","icon":"04d"}],"speed":8.79,"deg":221,"gust":14.06,"clouds":72,"pop":0.02},{"dt":1689591600,"sunrise":1689565674,"sunset":1689623347,"temp":{"day":22.66,"min":12.68,"max":23.54,"night":15.17,"eve":22.81,"morn":13.32},"feels_like":{"day":22.03,"night":14.26,"eve":22.14,"morn":12.85},"pressure":1019,"humidity":40,"weather":[{"id":800,"main":"Clear","description":"sky is clear","icon":"01d"}],"speed":6.16,"deg":249,"gust":10.11,"clouds":6,"pop":0.01},{"dt":1689678000,"sunrise":1689652146,"sunset":1689709685,"temp":{"day":25.27,"min":12.21,"max":26.15,"night":18.03,"eve":24.51,"morn":15.22},"feels_like":{"day":24.77,"night":17.38,"eve":24.11,"morn":14.34},"pressure":1017,"humidity":35,"weather":[{"id":803,"main":"Clouds","description":"broken clouds","icon":"04d"}],"speed":3.29,"deg":30,"gust":5.88,"clouds":71,"pop":0}]}
--- ENF OF RECEIVED DATA ---

{"city":{"id":2800866,"name":"Brussels","coord":{"lon":4.3488,"lat":50.8504},"country":"BE","population":1019022,"timezone":7200},"cod":"200","message":6.7142798,"cnt":4,"list":[{"dt":1689418800,"sunrise":1689392733,"sunset":1689450664,"temp":{"day":21.2,"min":19.28,"max":24.38,"night":19.28,"eve":24.09,"morn":20.84},"feels_like":{"day":21.05,"night":18.67,"eve":23.81,"morn":20.83},"pressure":1007,"humidity":64,"weather":[{"id":803,"main":"Clouds","description":"broken clouds","icon":"04d"}],"speed":9.23,"deg":218,"gust":15.42,"clouds":65,"pop":0.09},{"dt":1689505200,"sunrise":1689479203,"sunset":1689537007,"temp":{"day":19.67,"min":15.09,"max":21.46,"night":16.75,"eve":21.42,"morn":15.12},"feels_like":{"day":19.15,"night":16.26,"eve":20.92,"morn":14.46},"pressure":1014,"humidity":56,"weather":[{"id":803,"main":"Clouds","description":"broken clouds","icon":"04d"}],"speed":8.79,"deg":221,"gust":14.06,"clouds":72,"pop":0.02},{"dt":1689591600,"sunrise":1689565674,"sunset":1689623347,"temp":{"day":22.66,"min":12.68,"max":23.54,"night":15.17,"eve":22.81,"morn":13.32},"feels_like":{"day":22.03,"night":14.26,"eve":22.14,"morn":12.85},"pressure":1019,"humidity":40,"weather":[{"id":800,"main":"Clear","description":"sky is clear","icon":"01d"}],"speed":6.16,"deg":249,"gust":10.11,"clouds":6,"pop":0.01},{"dt":1689678000,"sunrise":1689652146,"sunset":1689709685,"temp":{"day":25.27,"min":12.21,"max":26.15,"night":18.03,"eve":24.51,"morn":15.22},"feels_like":{"day":24.77,"night":17.38,"eve":24.11,"morn":14.34},"pressure":1017,"humidity":35,"weather":[{"id":803,"main":"Clouds","description":"broken clouds","icon":"04d"}],"speed":3.29,"deg":30,"gust":5.88,"clouds":71,"pop":0}]}
--- ENF OF RECEIVED DATA ---

