________________________________________________
|             CALL API : START                |
________________________________________________

Informations : 
Called API: meteo - 15 February 2025, 07:30
Method: GETMETEO - Timeout : 300 - Cache : 1
URL CALLED : https://api.openweathermap.org/data/2.5/forecast/daily?q=Brussels,be&units=metric&cnt=4&appid=ea18c0706135505149200c3836f29800
-------------------------
________________________________________________
|             CALL API : START                |
________________________________________________

Informations : 
Called API: meteo - 15 February 2025, 07:30
Method: GETMETEO - Timeout : 300 - Cache : 1
URL CALLED : https://api.openweathermap.org/data/2.5/forecast/daily?q=Brussels,be&units=metric&cnt=4&appid=ea18c0706135505149200c3836f29800
-------------------------
{"city":{"id":2800866,"name":"Brussels","coord":{"lon":4.3488,"lat":50.8504},"country":"BE","population":1019022,"timezone":3600},"cod":"200","message":0.3611551,"cnt":4,"list":[{"dt":1739617200,"sunrise":1739602507,"sunset":1739638716,"temp":{"day":2.03,"min":-2.59,"max":4.52,"night":1.05,"eve":2.47,"morn":-2.03},"feels_like":{"day":-1.09,"night":-2.36,"eve":-0.18,"morn":-4.94},"pressure":1023,"humidity":63,"weather":[{"id":600,"main":"Snow","description":"light snow","icon":"13d"}],"speed":3.47,"deg":101,"gust":6.97,"clouds":69,"pop":0.2,"snow":0.12},{"dt":1739703600,"sunrise":1739688794,"sunset":1739725223,"temp":{"day":3.73,"min":-0.67,"max":5.29,"night":-0.34,"eve":2.52,"morn":0.15},"feels_like":{"day":0.13,"night":-4.33,"eve":-0.87,"morn":-4.04},"pressure":1020,"humidity":59,"weather":[{"id":802,"main":"Clouds","description":"scattered clouds","icon":"03d"}],"speed":4.76,"deg":58,"gust":8.97,"clouds":36,"pop":0},{"dt":1739790000,"sunrise":1739775080,"sunset":1739811730,"temp":{"day":4.32,"min":-1.42,"max":6.33,"night":0.95,"eve":3.01,"morn":-1.35},"feels_like":{"day":1.49,"night":-1.84,"eve":0.19,"morn":-4.82},"pressure":1023,"humidity":49,"weather":[{"id":802,"main":"Clouds","description":"scattered clouds","icon":"03d"}],"speed":3.61,"deg":100,"gust":6.42,"clouds":42,"pop":0},{"dt":1739876400,"sunrise":1739861364,"sunset":1739898237,"temp":{"day":8.09,"min":0.27,"max":8.98,"night":3.75,"eve":4.7,"morn":0.27},"feels_like":{"day":6.08,"night":0.85,"eve":1.99,"morn":-2.85},"pressure":1021,"humidity":48,"weather":[{"id":803,"main":"Clouds","description":"broken clouds","icon":"04d"}],"speed":3.23,"deg":129,"gust":6.52,"clouds":70,"pop":0}]}
--- ENF OF RECEIVED DATA ---

{"city":{"id":2800866,"name":"Brussels","coord":{"lon":4.3488,"lat":50.8504},"country":"BE","population":1019022,"timezone":3600},"cod":"200","message":0.3611551,"cnt":4,"list":[{"dt":1739617200,"sunrise":1739602507,"sunset":1739638716,"temp":{"day":2.03,"min":-2.59,"max":4.52,"night":1.05,"eve":2.47,"morn":-2.03},"feels_like":{"day":-1.09,"night":-2.36,"eve":-0.18,"morn":-4.94},"pressure":1023,"humidity":63,"weather":[{"id":600,"main":"Snow","description":"light snow","icon":"13d"}],"speed":3.47,"deg":101,"gust":6.97,"clouds":69,"pop":0.2,"snow":0.12},{"dt":1739703600,"sunrise":1739688794,"sunset":1739725223,"temp":{"day":3.73,"min":-0.67,"max":5.29,"night":-0.34,"eve":2.52,"morn":0.15},"feels_like":{"day":0.13,"night":-4.33,"eve":-0.87,"morn":-4.04},"pressure":1020,"humidity":59,"weather":[{"id":802,"main":"Clouds","description":"scattered clouds","icon":"03d"}],"speed":4.76,"deg":58,"gust":8.97,"clouds":36,"pop":0},{"dt":1739790000,"sunrise":1739775080,"sunset":1739811730,"temp":{"day":4.32,"min":-1.42,"max":6.33,"night":0.95,"eve":3.01,"morn":-1.35},"feels_like":{"day":1.49,"night":-1.84,"eve":0.19,"morn":-4.82},"pressure":1023,"humidity":49,"weather":[{"id":802,"main":"Clouds","description":"scattered clouds","icon":"03d"}],"speed":3.61,"deg":100,"gust":6.42,"clouds":42,"pop":0},{"dt":1739876400,"sunrise":1739861364,"sunset":1739898237,"temp":{"day":8.09,"min":0.27,"max":8.98,"night":3.75,"eve":4.7,"morn":0.27},"feels_like":{"day":6.08,"night":0.85,"eve":1.99,"morn":-2.85},"pressure":1021,"humidity":48,"weather":[{"id":803,"main":"Clouds","description":"broken clouds","icon":"04d"}],"speed":3.23,"deg":129,"gust":6.52,"clouds":70,"pop":0}]}
--- ENF OF RECEIVED DATA ---

