________________________________________________
|             CALL API : START                |
________________________________________________

Informations : 
Called API: meteo - 30 May 2024, 16:30
Method: GETMETEO - Timeout : 300 - Cache : 1
URL CALLED : https://api.openweathermap.org/data/2.5/forecast/daily?q=Brussels,be&units=metric&cnt=4&appid=ea18c0706135505149200c3836f29800
-------------------------
________________________________________________
|             CALL API : START                |
________________________________________________

Informations : 
Called API: meteo - 30 May 2024, 16:30
Method: GETMETEO - Timeout : 300 - Cache : 1
URL CALLED : https://api.openweathermap.org/data/2.5/forecast/daily?q=Brussels,be&units=metric&cnt=4&appid=ea18c0706135505149200c3836f29800
-------------------------
{"city":{"id":2800866,"name":"Brussels","coord":{"lon":4.3488,"lat":50.8504},"country":"BE","population":1019022,"timezone":7200},"cod":"200","message":0.1065693,"cnt":4,"list":[{"dt":1717066800,"sunrise":1717040153,"sunset":1717098291,"temp":{"day":16.73,"min":9.3,"max":17.55,"night":11.1,"eve":16.58,"morn":10.31},"feels_like":{"day":16.29,"night":10.72,"eve":16.1,"morn":9.88},"pressure":1007,"humidity":70,"weather":[{"id":500,"main":"Rain","description":"light rain","icon":"10d"}],"speed":6.12,"deg":298,"gust":7.14,"clouds":60,"pop":1,"rain":1.71},{"dt":1717153200,"sunrise":1717126504,"sunset":1717184757,"temp":{"day":15.57,"min":11.26,"max":17.31,"night":13.05,"eve":16.95,"morn":12.1},"feels_like":{"day":15.17,"night":12.94,"eve":16.79,"morn":11.77},"pressure":1012,"humidity":76,"weather":[{"id":500,"main":"Rain","description":"light rain","icon":"10d"}],"speed":5.15,"deg":337,"gust":10.16,"clouds":100,"pop":1,"rain":4.26},{"dt":1717239600,"sunrise":1717212858,"sunset":1717271221,"temp":{"day":14.91,"min":12.64,"max":17.11,"night":12.64,"eve":16.13,"morn":13.25},"feels_like":{"day":14.94,"night":12.26,"eve":15.89,"morn":13.16},"pressure":1017,"humidity":95,"weather":[{"id":500,"main":"Rain","description":"light rain","icon":"10d"}],"speed":6.44,"deg":336,"gust":10.52,"clouds":100,"pop":0.65,"rain":0.24},{"dt":1717326000,"sunrise":1717299215,"sunset":1717357683,"temp":{"day":19.25,"min":10.72,"max":19.72,"night":11.45,"eve":15.29,"morn":11.73},"feels_like":{"day":18.51,"night":11,"eve":14.81,"morn":11.41},"pressure":1023,"humidity":49,"weather":[{"id":801,"main":"Clouds","description":"few clouds","icon":"02d"}],"speed":6.55,"deg":338,"gust":9.7,"clouds":11,"pop":0}]}
--- ENF OF RECEIVED DATA ---

{"city":{"id":2800866,"name":"Brussels","coord":{"lon":4.3488,"lat":50.8504},"country":"BE","population":1019022,"timezone":7200},"cod":"200","message":0.1065693,"cnt":4,"list":[{"dt":1717066800,"sunrise":1717040153,"sunset":1717098291,"temp":{"day":16.73,"min":9.3,"max":17.55,"night":11.1,"eve":16.58,"morn":10.31},"feels_like":{"day":16.29,"night":10.72,"eve":16.1,"morn":9.88},"pressure":1007,"humidity":70,"weather":[{"id":500,"main":"Rain","description":"light rain","icon":"10d"}],"speed":6.12,"deg":298,"gust":7.14,"clouds":60,"pop":1,"rain":1.71},{"dt":1717153200,"sunrise":1717126504,"sunset":1717184757,"temp":{"day":15.57,"min":11.26,"max":17.31,"night":13.05,"eve":16.95,"morn":12.1},"feels_like":{"day":15.17,"night":12.94,"eve":16.79,"morn":11.77},"pressure":1012,"humidity":76,"weather":[{"id":500,"main":"Rain","description":"light rain","icon":"10d"}],"speed":5.15,"deg":337,"gust":10.16,"clouds":100,"pop":1,"rain":4.26},{"dt":1717239600,"sunrise":1717212858,"sunset":1717271221,"temp":{"day":14.91,"min":12.64,"max":17.11,"night":12.64,"eve":16.13,"morn":13.25},"feels_like":{"day":14.94,"night":12.26,"eve":15.89,"morn":13.16},"pressure":1017,"humidity":95,"weather":[{"id":500,"main":"Rain","description":"light rain","icon":"10d"}],"speed":6.44,"deg":336,"gust":10.52,"clouds":100,"pop":0.65,"rain":0.24},{"dt":1717326000,"sunrise":1717299215,"sunset":1717357683,"temp":{"day":19.25,"min":10.72,"max":19.72,"night":11.45,"eve":15.29,"morn":11.73},"feels_like":{"day":18.51,"night":11,"eve":14.81,"morn":11.41},"pressure":1023,"humidity":49,"weather":[{"id":801,"main":"Clouds","description":"few clouds","icon":"02d"}],"speed":6.55,"deg":338,"gust":9.7,"clouds":11,"pop":0}]}
--- ENF OF RECEIVED DATA ---

