________________________________________________
|             CALL API : START                |
________________________________________________

Informations : 
Called API: meteo - 27 December 2024, 11:40
Method: GETMETEO - Timeout : 300 - Cache : 1
URL CALLED : https://api.openweathermap.org/data/2.5/forecast/daily?q=Brussels,be&units=metric&cnt=4&appid=ea18c0706135505149200c3836f29800
-------------------------
________________________________________________
|             CALL API : START                |
________________________________________________

Informations : 
Called API: meteo - 27 December 2024, 11:40
Method: GETMETEO - Timeout : 300 - Cache : 1
URL CALLED : https://api.openweathermap.org/data/2.5/forecast/daily?q=Brussels,be&units=metric&cnt=4&appid=ea18c0706135505149200c3836f29800
-------------------------
{"city":{"id":2800866,"name":"Brussels","coord":{"lon":4.3488,"lat":50.8504},"country":"BE","population":1019022,"timezone":3600},"cod":"200","message":0.0138605,"cnt":4,"list":[{"dt":1735297200,"sunrise":1735285490,"sunset":1735314154,"temp":{"day":2.08,"min":2.08,"max":6.32,"night":4.51,"eve":5.91,"morn":5.51},"feels_like":{"day":0.86,"night":3.42,"eve":5.91,"morn":5.51},"pressure":1033,"humidity":100,"weather":[{"id":804,"main":"Clouds","description":"overcast clouds","icon":"04d"}],"speed":1.74,"deg":96,"gust":1.8,"clouds":100,"pop":0},{"dt":1735383600,"sunrise":1735371899,"sunset":1735400602,"temp":{"day":5.79,"min":2.04,"max":6.93,"night":2.04,"eve":3.81,"morn":2.89},"feels_like":{"day":5.79,"night":-0.79,"eve":1.99,"morn":2.89},"pressure":1030,"humidity":49,"weather":[{"id":803,"main":"Clouds","description":"broken clouds","icon":"04d"}],"speed":2.7,"deg":220,"gust":3.83,"clouds":58,"pop":0},{"dt":1735470000,"sunrise":1735458304,"sunset":1735487053,"temp":{"day":4.69,"min":0.91,"max":6.05,"night":3.83,"eve":3.91,"morn":0.91},"feels_like":{"day":1.95,"night":0.1,"eve":0.67,"morn":-2.18},"pressure":1029,"humidity":70,"weather":[{"id":801,"main":"Clouds","description":"few clouds","icon":"02d"}],"speed":4.56,"deg":223,"gust":10.57,"clouds":24,"pop":0},{"dt":1735556400,"sunrise":1735544707,"sunset":1735573507,"temp":{"day":8.34,"min":3.76,"max":8.91,"night":5.79,"eve":6.32,"morn":6.19},"feels_like":{"day":5.21,"night":1.91,"eve":2.75,"morn":2.4},"pressure":1030,"humidity":86,"weather":[{"id":803,"main":"Clouds","description":"broken clouds","icon":"04d"}],"speed":6.03,"deg":246,"gust":12.96,"clouds":77,"pop":0}]}
--- ENF OF RECEIVED DATA ---

{"city":{"id":2800866,"name":"Brussels","coord":{"lon":4.3488,"lat":50.8504},"country":"BE","population":1019022,"timezone":3600},"cod":"200","message":0.0138605,"cnt":4,"list":[{"dt":1735297200,"sunrise":1735285490,"sunset":1735314154,"temp":{"day":2.08,"min":2.08,"max":6.32,"night":4.51,"eve":5.91,"morn":5.51},"feels_like":{"day":0.86,"night":3.42,"eve":5.91,"morn":5.51},"pressure":1033,"humidity":100,"weather":[{"id":804,"main":"Clouds","description":"overcast clouds","icon":"04d"}],"speed":1.74,"deg":96,"gust":1.8,"clouds":100,"pop":0},{"dt":1735383600,"sunrise":1735371899,"sunset":1735400602,"temp":{"day":5.79,"min":2.04,"max":6.93,"night":2.04,"eve":3.81,"morn":2.89},"feels_like":{"day":5.79,"night":-0.79,"eve":1.99,"morn":2.89},"pressure":1030,"humidity":49,"weather":[{"id":803,"main":"Clouds","description":"broken clouds","icon":"04d"}],"speed":2.7,"deg":220,"gust":3.83,"clouds":58,"pop":0},{"dt":1735470000,"sunrise":1735458304,"sunset":1735487053,"temp":{"day":4.69,"min":0.91,"max":6.05,"night":3.83,"eve":3.91,"morn":0.91},"feels_like":{"day":1.95,"night":0.1,"eve":0.67,"morn":-2.18},"pressure":1029,"humidity":70,"weather":[{"id":801,"main":"Clouds","description":"few clouds","icon":"02d"}],"speed":4.56,"deg":223,"gust":10.57,"clouds":24,"pop":0},{"dt":1735556400,"sunrise":1735544707,"sunset":1735573507,"temp":{"day":8.34,"min":3.76,"max":8.91,"night":5.79,"eve":6.32,"morn":6.19},"feels_like":{"day":5.21,"night":1.91,"eve":2.75,"morn":2.4},"pressure":1030,"humidity":86,"weather":[{"id":803,"main":"Clouds","description":"broken clouds","icon":"04d"}],"speed":6.03,"deg":246,"gust":12.96,"clouds":77,"pop":0}]}
--- ENF OF RECEIVED DATA ---

