________________________________________________
|             CALL API : START                |
________________________________________________

Informations : 
Called API: meteo - 4 January 2025, 15:30
Method: GETMETEO - Timeout : 300 - Cache : 1
URL CALLED : https://api.openweathermap.org/data/2.5/forecast/daily?q=Brussels,be&units=metric&cnt=4&appid=ea18c0706135505149200c3836f29800
-------------------------
________________________________________________
|             CALL API : START                |
________________________________________________

Informations : 
Called API: meteo - 4 January 2025, 15:30
Method: GETMETEO - Timeout : 300 - Cache : 1
URL CALLED : https://api.openweathermap.org/data/2.5/forecast/daily?q=Brussels,be&units=metric&cnt=4&appid=ea18c0706135505149200c3836f29800
-------------------------
{"city":{"id":2800866,"name":"Brussels","coord":{"lon":4.3488,"lat":50.8504},"country":"BE","population":1019022,"timezone":3600},"cod":"200","message":0.0403382,"cnt":4,"list":[{"dt":1735988400,"sunrise":1735976670,"sunset":1736005818,"temp":{"day":2.57,"min":0.51,"max":2.57,"night":0.85,"eve":2.12,"morn":0.51},"feels_like":{"day":-0.7,"night":-3.77,"eve":-0.87,"morn":-2.8},"pressure":1019,"humidity":79,"weather":[{"id":600,"main":"Snow","description":"light snow","icon":"13d"}],"speed":4.86,"deg":129,"gust":11.26,"clouds":60,"pop":0.61,"snow":0.42},{"dt":1736074800,"sunrise":1736063053,"sunset":1736092288,"temp":{"day":9.78,"min":0.63,"max":10.69,"night":10.27,"eve":9.82,"morn":2.49},"feels_like":{"day":6.02,"night":9.65,"eve":6.25,"morn":-0.72},"pressure":995,"humidity":93,"weather":[{"id":616,"main":"Snow","description":"rain and snow","icon":"13d"}],"speed":10.49,"deg":219,"gust":20.24,"clouds":100,"pop":1,"rain":16.43,"snow":1.52},{"dt":1736161200,"sunrise":1736149433,"sunset":1736178760,"temp":{"day":12.25,"min":5.59,"max":12.25,"night":5.59,"eve":7.4,"morn":10.44},"feels_like":{"day":11.28,"night":1.02,"eve":1.95,"morn":9.76},"pressure":982,"humidity":67,"weather":[{"id":501,"main":"Rain","description":"moderate rain","icon":"10d"}],"speed":15.59,"deg":212,"gust":27.8,"clouds":99,"pop":1,"rain":3.7},{"dt":1736247600,"sunrise":1736235809,"sunset":1736265234,"temp":{"day":3.94,"min":2.24,"max":5.04,"night":2.24,"eve":2.78,"morn":2.52},"feels_like":{"day":-0.67,"night":-2.87,"eve":-2.07,"morn":-1.09},"pressure":1000,"humidity":71,"weather":[{"id":501,"main":"Rain","description":"moderate rain","icon":"10d"}],"speed":7.4,"deg":248,"gust":13.25,"clouds":92,"pop":1,"rain":5.72}]}
--- ENF OF RECEIVED DATA ---

{"city":{"id":2800866,"name":"Brussels","coord":{"lon":4.3488,"lat":50.8504},"country":"BE","population":1019022,"timezone":3600},"cod":"200","message":0.0403382,"cnt":4,"list":[{"dt":1735988400,"sunrise":1735976670,"sunset":1736005818,"temp":{"day":2.57,"min":0.51,"max":2.57,"night":0.85,"eve":2.12,"morn":0.51},"feels_like":{"day":-0.7,"night":-3.77,"eve":-0.87,"morn":-2.8},"pressure":1019,"humidity":79,"weather":[{"id":600,"main":"Snow","description":"light snow","icon":"13d"}],"speed":4.86,"deg":129,"gust":11.26,"clouds":60,"pop":0.61,"snow":0.42},{"dt":1736074800,"sunrise":1736063053,"sunset":1736092288,"temp":{"day":9.78,"min":0.63,"max":10.69,"night":10.27,"eve":9.82,"morn":2.49},"feels_like":{"day":6.02,"night":9.65,"eve":6.25,"morn":-0.72},"pressure":995,"humidity":93,"weather":[{"id":616,"main":"Snow","description":"rain and snow","icon":"13d"}],"speed":10.49,"deg":219,"gust":20.24,"clouds":100,"pop":1,"rain":16.43,"snow":1.52},{"dt":1736161200,"sunrise":1736149433,"sunset":1736178760,"temp":{"day":12.25,"min":5.59,"max":12.25,"night":5.59,"eve":7.4,"morn":10.44},"feels_like":{"day":11.28,"night":1.02,"eve":1.95,"morn":9.76},"pressure":982,"humidity":67,"weather":[{"id":501,"main":"Rain","description":"moderate rain","icon":"10d"}],"speed":15.59,"deg":212,"gust":27.8,"clouds":99,"pop":1,"rain":3.7},{"dt":1736247600,"sunrise":1736235809,"sunset":1736265234,"temp":{"day":3.94,"min":2.24,"max":5.04,"night":2.24,"eve":2.78,"morn":2.52},"feels_like":{"day":-0.67,"night":-2.87,"eve":-2.07,"morn":-1.09},"pressure":1000,"humidity":71,"weather":[{"id":501,"main":"Rain","description":"moderate rain","icon":"10d"}],"speed":7.4,"deg":248,"gust":13.25,"clouds":92,"pop":1,"rain":5.72}]}
--- ENF OF RECEIVED DATA ---

