________________________________________________
|             CALL API : START                |
________________________________________________

Informations : 
Called API: meteo - 2 July 2024, 15:30
Method: GETMETEO - Timeout : 300 - Cache : 1
URL CALLED : https://api.openweathermap.org/data/2.5/forecast/daily?q=Brussels,be&units=metric&cnt=4&appid=ea18c0706135505149200c3836f29800
-------------------------
________________________________________________
|             CALL API : START                |
________________________________________________

Informations : 
Called API: meteo - 2 July 2024, 15:30
Method: GETMETEO - Timeout : 300 - Cache : 1
URL CALLED : https://api.openweathermap.org/data/2.5/forecast/daily?q=Brussels,be&units=metric&cnt=4&appid=ea18c0706135505149200c3836f29800
-------------------------
{"city":{"id":2800866,"name":"Brussels","coord":{"lon":4.3488,"lat":50.8504},"country":"BE","population":1019022,"timezone":7200},"cod":"200","message":4.3419706,"cnt":4,"list":[{"dt":1719918000,"sunrise":1719891243,"sunset":1719950343,"temp":{"day":17.11,"min":12.71,"max":17.57,"night":13.25,"eve":15.43,"morn":14.09},"feels_like":{"day":17.04,"night":12.69,"eve":15.12,"morn":13.98},"pressure":1015,"humidity":83,"weather":[{"id":500,"main":"Rain","description":"light rain","icon":"10d"}],"speed":5.33,"deg":0,"gust":8.32,"clouds":85,"pop":1,"rain":5.08},{"dt":1720004400,"sunrise":1719977687,"sunset":1720036720,"temp":{"day":13.41,"min":11.37,"max":15.91,"night":13.73,"eve":15.23,"morn":12.1},"feels_like":{"day":12.84,"night":13.43,"eve":14.9,"morn":11.59},"pressure":1011,"humidity":78,"weather":[{"id":501,"main":"Rain","description":"moderate rain","icon":"10d"}],"speed":5.84,"deg":213,"gust":11.58,"clouds":100,"pop":1,"rain":5.74},{"dt":1720090800,"sunrise":1720064133,"sunset":1720123094,"temp":{"day":17.14,"min":11.92,"max":19.13,"night":11.92,"eve":17.67,"morn":14.44},"feels_like":{"day":16.4,"night":11.23,"eve":17.01,"morn":14.39},"pressure":1010,"humidity":57,"weather":[{"id":500,"main":"Rain","description":"light rain","icon":"10d"}],"speed":7.26,"deg":227,"gust":13.77,"clouds":91,"pop":1,"rain":2.02},{"dt":1720177200,"sunrise":1720150582,"sunset":1720209465,"temp":{"day":15.74,"min":10.03,"max":18.26,"night":16.38,"eve":17.27,"morn":11.35},"feels_like":{"day":15.41,"night":16.42,"eve":17.12,"morn":10.84},"pressure":1014,"humidity":78,"weather":[{"id":500,"main":"Rain","description":"light rain","icon":"10d"}],"speed":6.88,"deg":236,"gust":13.05,"clouds":87,"pop":0.87,"rain":0.65}]}
--- ENF OF RECEIVED DATA ---

{"city":{"id":2800866,"name":"Brussels","coord":{"lon":4.3488,"lat":50.8504},"country":"BE","population":1019022,"timezone":7200},"cod":"200","message":4.3419706,"cnt":4,"list":[{"dt":1719918000,"sunrise":1719891243,"sunset":1719950343,"temp":{"day":17.11,"min":12.71,"max":17.57,"night":13.25,"eve":15.43,"morn":14.09},"feels_like":{"day":17.04,"night":12.69,"eve":15.12,"morn":13.98},"pressure":1015,"humidity":83,"weather":[{"id":500,"main":"Rain","description":"light rain","icon":"10d"}],"speed":5.33,"deg":0,"gust":8.32,"clouds":85,"pop":1,"rain":5.08},{"dt":1720004400,"sunrise":1719977687,"sunset":1720036720,"temp":{"day":13.41,"min":11.37,"max":15.91,"night":13.73,"eve":15.23,"morn":12.1},"feels_like":{"day":12.84,"night":13.43,"eve":14.9,"morn":11.59},"pressure":1011,"humidity":78,"weather":[{"id":501,"main":"Rain","description":"moderate rain","icon":"10d"}],"speed":5.84,"deg":213,"gust":11.58,"clouds":100,"pop":1,"rain":5.74},{"dt":1720090800,"sunrise":1720064133,"sunset":1720123094,"temp":{"day":17.14,"min":11.92,"max":19.13,"night":11.92,"eve":17.67,"morn":14.44},"feels_like":{"day":16.4,"night":11.23,"eve":17.01,"morn":14.39},"pressure":1010,"humidity":57,"weather":[{"id":500,"main":"Rain","description":"light rain","icon":"10d"}],"speed":7.26,"deg":227,"gust":13.77,"clouds":91,"pop":1,"rain":2.02},{"dt":1720177200,"sunrise":1720150582,"sunset":1720209465,"temp":{"day":15.74,"min":10.03,"max":18.26,"night":16.38,"eve":17.27,"morn":11.35},"feels_like":{"day":15.41,"night":16.42,"eve":17.12,"morn":10.84},"pressure":1014,"humidity":78,"weather":[{"id":500,"main":"Rain","description":"light rain","icon":"10d"}],"speed":6.88,"deg":236,"gust":13.05,"clouds":87,"pop":0.87,"rain":0.65}]}
--- ENF OF RECEIVED DATA ---

