________________________________________________
|             CALL API : START                |
________________________________________________

Informations : 
Called API: meteo - 7 November 2024, 15:10
Method: GETMETEO - Timeout : 300 - Cache : 1
URL CALLED : https://api.openweathermap.org/data/2.5/forecast/daily?q=Brussels,be&units=metric&cnt=4&appid=ea18c0706135505149200c3836f29800
-------------------------
________________________________________________
|             CALL API : START                |
________________________________________________

Informations : 
Called API: meteo - 7 November 2024, 15:10
Method: GETMETEO - Timeout : 300 - Cache : 1
URL CALLED : https://api.openweathermap.org/data/2.5/forecast/daily?q=Brussels,be&units=metric&cnt=4&appid=ea18c0706135505149200c3836f29800
-------------------------
{"city":{"id":2800866,"name":"Brussels","coord":{"lon":4.3488,"lat":50.8504},"country":"BE","population":1019022,"timezone":3600},"cod":"200","message":0.0343754,"cnt":4,"list":[{"dt":1730977200,"sunrise":1730961914,"sunset":1730995645,"temp":{"day":9.68,"min":5.52,"max":9.68,"night":6.22,"eve":8.24,"morn":5.52},"feels_like":{"day":7.86,"night":3.98,"eve":6.1,"morn":3.64},"pressure":1031,"humidity":75,"weather":[{"id":802,"main":"Clouds","description":"scattered clouds","icon":"03d"}],"speed":3.69,"deg":74,"gust":8.08,"clouds":31,"pop":0},{"dt":1731063600,"sunrise":1731048418,"sunset":1731081951,"temp":{"day":10.84,"min":4.49,"max":12.6,"night":7.89,"eve":8.69,"morn":4.77},"feels_like":{"day":9.52,"night":6.83,"eve":7.51,"morn":2.81},"pressure":1024,"humidity":59,"weather":[{"id":800,"main":"Clear","description":"sky is clear","icon":"01d"}],"speed":2.55,"deg":93,"gust":4.44,"clouds":0,"pop":0},{"dt":1731150000,"sunrise":1731134921,"sunset":1731168259,"temp":{"day":12.79,"min":7.37,"max":15.14,"night":9.82,"eve":11.61,"morn":7.42},"feels_like":{"day":12.11,"night":8.79,"eve":11.07,"morn":5.79},"pressure":1025,"humidity":76,"weather":[{"id":804,"main":"Clouds","description":"overcast clouds","icon":"04d"}],"speed":3.03,"deg":218,"gust":5.1,"clouds":100,"pop":0},{"dt":1731236400,"sunrise":1731221424,"sunset":1731254569,"temp":{"day":13.36,"min":8.97,"max":14.18,"night":12.09,"eve":12.5,"morn":9.62},"feels_like":{"day":12.79,"night":11.5,"eve":11.92,"morn":8.82},"pressure":1028,"humidity":78,"weather":[{"id":804,"main":"Clouds","description":"overcast clouds","icon":"04d"}],"speed":2.35,"deg":199,"gust":2.47,"clouds":100,"pop":0}]}
--- ENF OF RECEIVED DATA ---

{"city":{"id":2800866,"name":"Brussels","coord":{"lon":4.3488,"lat":50.8504},"country":"BE","population":1019022,"timezone":3600},"cod":"200","message":0.0343754,"cnt":4,"list":[{"dt":1730977200,"sunrise":1730961914,"sunset":1730995645,"temp":{"day":9.68,"min":5.52,"max":9.68,"night":6.22,"eve":8.24,"morn":5.52},"feels_like":{"day":7.86,"night":3.98,"eve":6.1,"morn":3.64},"pressure":1031,"humidity":75,"weather":[{"id":802,"main":"Clouds","description":"scattered clouds","icon":"03d"}],"speed":3.69,"deg":74,"gust":8.08,"clouds":31,"pop":0},{"dt":1731063600,"sunrise":1731048418,"sunset":1731081951,"temp":{"day":10.84,"min":4.49,"max":12.6,"night":7.89,"eve":8.69,"morn":4.77},"feels_like":{"day":9.52,"night":6.83,"eve":7.51,"morn":2.81},"pressure":1024,"humidity":59,"weather":[{"id":800,"main":"Clear","description":"sky is clear","icon":"01d"}],"speed":2.55,"deg":93,"gust":4.44,"clouds":0,"pop":0},{"dt":1731150000,"sunrise":1731134921,"sunset":1731168259,"temp":{"day":12.79,"min":7.37,"max":15.14,"night":9.82,"eve":11.61,"morn":7.42},"feels_like":{"day":12.11,"night":8.79,"eve":11.07,"morn":5.79},"pressure":1025,"humidity":76,"weather":[{"id":804,"main":"Clouds","description":"overcast clouds","icon":"04d"}],"speed":3.03,"deg":218,"gust":5.1,"clouds":100,"pop":0},{"dt":1731236400,"sunrise":1731221424,"sunset":1731254569,"temp":{"day":13.36,"min":8.97,"max":14.18,"night":12.09,"eve":12.5,"morn":9.62},"feels_like":{"day":12.79,"night":11.5,"eve":11.92,"morn":8.82},"pressure":1028,"humidity":78,"weather":[{"id":804,"main":"Clouds","description":"overcast clouds","icon":"04d"}],"speed":2.35,"deg":199,"gust":2.47,"clouds":100,"pop":0}]}
--- ENF OF RECEIVED DATA ---

