________________________________________________
|             CALL API : START                |
________________________________________________

Informations : 
Called API: meteo - 17 July 2023, 14:00
Method: GETMETEO - Timeout : 300 - Cache : 1
URL CALLED : https://api.openweathermap.org/data/2.5/forecast/daily?q=Brussels,be&units=metric&cnt=4&appid=ea18c0706135505149200c3836f29800
-------------------------
________________________________________________
|             CALL API : START                |
________________________________________________

Informations : 
Called API: meteo - 17 July 2023, 14:00
Method: GETMETEO - Timeout : 300 - Cache : 1
URL CALLED : https://api.openweathermap.org/data/2.5/forecast/daily?q=Brussels,be&units=metric&cnt=4&appid=ea18c0706135505149200c3836f29800
-------------------------
{"city":{"id":2800866,"name":"Brussels","coord":{"lon":4.3488,"lat":50.8504},"country":"BE","population":1019022,"timezone":7200},"cod":"200","message":0.232553,"cnt":4,"list":[{"dt":1689591600,"sunrise":1689565674,"sunset":1689623347,"temp":{"day":20.69,"min":11.88,"max":22.2,"night":15.27,"eve":22.15,"morn":12.66},"feels_like":{"day":20.36,"night":14.42,"eve":21.44,"morn":12.28},"pressure":1020,"humidity":59,"weather":[{"id":500,"main":"Rain","description":"light rain","icon":"10d"}],"speed":6.74,"deg":240,"gust":10.73,"clouds":40,"pop":0.36,"rain":0.45},{"dt":1689678000,"sunrise":1689652146,"sunset":1689709685,"temp":{"day":21.79,"min":11.67,"max":26.19,"night":17.37,"eve":25.77,"morn":12.82},"feels_like":{"day":21.1,"night":16.76,"eve":25.32,"morn":12.01},"pressure":1018,"humidity":41,"weather":[{"id":804,"main":"Clouds","description":"overcast clouds","icon":"04d"}],"speed":4.29,"deg":357,"gust":7.23,"clouds":92,"pop":0},{"dt":1689764400,"sunrise":1689738620,"sunset":1689796021,"temp":{"day":22.4,"min":13.82,"max":23.28,"night":16.28,"eve":21.42,"morn":14.16},"feels_like":{"day":22.05,"night":15.92,"eve":20.92,"morn":13.59},"pressure":1014,"humidity":52,"weather":[{"id":500,"main":"Rain","description":"light rain","icon":"10d"}],"speed":6.65,"deg":263,"gust":9.63,"clouds":99,"pop":0.2,"rain":0.25},{"dt":1689850800,"sunrise":1689825095,"sunset":1689882354,"temp":{"day":22.27,"min":12.13,"max":22.27,"night":15.91,"eve":20.65,"morn":13.13},"feels_like":{"day":21.68,"night":15.15,"eve":20,"morn":12.93},"pressure":1015,"humidity":43,"weather":[{"id":500,"main":"Rain","description":"light rain","icon":"10d"}],"speed":3.31,"deg":358,"gust":4.37,"clouds":68,"pop":0.26,"rain":0.17}]}
--- ENF OF RECEIVED DATA ---

{"city":{"id":2800866,"name":"Brussels","coord":{"lon":4.3488,"lat":50.8504},"country":"BE","population":1019022,"timezone":7200},"cod":"200","message":0.232553,"cnt":4,"list":[{"dt":1689591600,"sunrise":1689565674,"sunset":1689623347,"temp":{"day":20.69,"min":11.88,"max":22.2,"night":15.27,"eve":22.15,"morn":12.66},"feels_like":{"day":20.36,"night":14.42,"eve":21.44,"morn":12.28},"pressure":1020,"humidity":59,"weather":[{"id":500,"main":"Rain","description":"light rain","icon":"10d"}],"speed":6.74,"deg":240,"gust":10.73,"clouds":40,"pop":0.36,"rain":0.45},{"dt":1689678000,"sunrise":1689652146,"sunset":1689709685,"temp":{"day":21.79,"min":11.67,"max":26.19,"night":17.37,"eve":25.77,"morn":12.82},"feels_like":{"day":21.1,"night":16.76,"eve":25.32,"morn":12.01},"pressure":1018,"humidity":41,"weather":[{"id":804,"main":"Clouds","description":"overcast clouds","icon":"04d"}],"speed":4.29,"deg":357,"gust":7.23,"clouds":92,"pop":0},{"dt":1689764400,"sunrise":1689738620,"sunset":1689796021,"temp":{"day":22.4,"min":13.82,"max":23.28,"night":16.28,"eve":21.42,"morn":14.16},"feels_like":{"day":22.05,"night":15.92,"eve":20.92,"morn":13.59},"pressure":1014,"humidity":52,"weather":[{"id":500,"main":"Rain","description":"light rain","icon":"10d"}],"speed":6.65,"deg":263,"gust":9.63,"clouds":99,"pop":0.2,"rain":0.25},{"dt":1689850800,"sunrise":1689825095,"sunset":1689882354,"temp":{"day":22.27,"min":12.13,"max":22.27,"night":15.91,"eve":20.65,"morn":13.13},"feels_like":{"day":21.68,"night":15.15,"eve":20,"morn":12.93},"pressure":1015,"humidity":43,"weather":[{"id":500,"main":"Rain","description":"light rain","icon":"10d"}],"speed":3.31,"deg":358,"gust":4.37,"clouds":68,"pop":0.26,"rain":0.17}]}
--- ENF OF RECEIVED DATA ---

