________________________________________________
|             CALL API : START                |
________________________________________________

Informations : 
Called API: meteo - 28 June 2023, 07:40
Method: GETMETEO - Timeout : 300 - Cache : 1
URL CALLED : https://api.openweathermap.org/data/2.5/forecast/daily?q=Brussels,be&units=metric&cnt=4&appid=ea18c0706135505149200c3836f29800
-------------------------
________________________________________________
|             CALL API : START                |
________________________________________________

Informations : 
Called API: meteo - 28 June 2023, 07:40
Method: GETMETEO - Timeout : 300 - Cache : 1
URL CALLED : https://api.openweathermap.org/data/2.5/forecast/daily?q=Brussels,be&units=metric&cnt=4&appid=ea18c0706135505149200c3836f29800
-------------------------
{"city":{"id":2800866,"name":"Brussels","coord":{"lon":4.3488,"lat":50.8504},"country":"BE","population":1019022,"timezone":7200},"cod":"200","message":0.0669589,"cnt":4,"list":[{"dt":1687950000,"sunrise":1687923069,"sunset":1687982411,"temp":{"day":21.1,"min":14.75,"max":23.7,"night":18.15,"eve":23.6,"morn":15.64},"feels_like":{"day":20.99,"night":18.14,"eve":23.63,"morn":15.45},"pressure":1019,"humidity":66,"weather":[{"id":500,"main":"Rain","description":"light rain","icon":"10d"}],"speed":4.48,"deg":248,"gust":6.1,"clouds":100,"pop":0.24,"rain":0.25},{"dt":1688036400,"sunrise":1688009500,"sunset":1688068803,"temp":{"day":21.5,"min":14.25,"max":23.31,"night":14.25,"eve":18.93,"morn":16.1},"feels_like":{"day":21.22,"night":14.05,"eve":19.02,"morn":16.06},"pressure":1015,"humidity":58,"weather":[{"id":500,"main":"Rain","description":"light rain","icon":"10d"}],"speed":5.54,"deg":290,"gust":7.3,"clouds":100,"pop":0.6,"rain":1.26},{"dt":1688122800,"sunrise":1688095935,"sunset":1688155191,"temp":{"day":22.05,"min":11.75,"max":22.05,"night":16.5,"eve":18.85,"morn":12.45},"feels_like":{"day":21.28,"night":15.72,"eve":18.33,"morn":12.07},"pressure":1014,"humidity":37,"weather":[{"id":802,"main":"Clouds","description":"scattered clouds","icon":"03d"}],"speed":6.38,"deg":235,"gust":7,"clouds":29,"pop":0.12},{"dt":1688209200,"sunrise":1688182372,"sunset":1688241576,"temp":{"day":18.21,"min":14.41,"max":21.12,"night":16.9,"eve":18.51,"morn":14.41},"feels_like":{"day":18.23,"night":16.63,"eve":18.04,"morn":14.31},"pressure":1006,"humidity":82,"weather":[{"id":500,"main":"Rain","description":"light rain","icon":"10d"}],"speed":7.45,"deg":213,"gust":13.03,"clouds":100,"pop":1,"rain":4.07}]}
--- ENF OF RECEIVED DATA ---

{"city":{"id":2800866,"name":"Brussels","coord":{"lon":4.3488,"lat":50.8504},"country":"BE","population":1019022,"timezone":7200},"cod":"200","message":0.0669589,"cnt":4,"list":[{"dt":1687950000,"sunrise":1687923069,"sunset":1687982411,"temp":{"day":21.1,"min":14.75,"max":23.7,"night":18.15,"eve":23.6,"morn":15.64},"feels_like":{"day":20.99,"night":18.14,"eve":23.63,"morn":15.45},"pressure":1019,"humidity":66,"weather":[{"id":500,"main":"Rain","description":"light rain","icon":"10d"}],"speed":4.48,"deg":248,"gust":6.1,"clouds":100,"pop":0.24,"rain":0.25},{"dt":1688036400,"sunrise":1688009500,"sunset":1688068803,"temp":{"day":21.5,"min":14.25,"max":23.31,"night":14.25,"eve":18.93,"morn":16.1},"feels_like":{"day":21.22,"night":14.05,"eve":19.02,"morn":16.06},"pressure":1015,"humidity":58,"weather":[{"id":500,"main":"Rain","description":"light rain","icon":"10d"}],"speed":5.54,"deg":290,"gust":7.3,"clouds":100,"pop":0.6,"rain":1.26},{"dt":1688122800,"sunrise":1688095935,"sunset":1688155191,"temp":{"day":22.05,"min":11.75,"max":22.05,"night":16.5,"eve":18.85,"morn":12.45},"feels_like":{"day":21.28,"night":15.72,"eve":18.33,"morn":12.07},"pressure":1014,"humidity":37,"weather":[{"id":802,"main":"Clouds","description":"scattered clouds","icon":"03d"}],"speed":6.38,"deg":235,"gust":7,"clouds":29,"pop":0.12},{"dt":1688209200,"sunrise":1688182372,"sunset":1688241576,"temp":{"day":18.21,"min":14.41,"max":21.12,"night":16.9,"eve":18.51,"morn":14.41},"feels_like":{"day":18.23,"night":16.63,"eve":18.04,"morn":14.31},"pressure":1006,"humidity":82,"weather":[{"id":500,"main":"Rain","description":"light rain","icon":"10d"}],"speed":7.45,"deg":213,"gust":13.03,"clouds":100,"pop":1,"rain":4.07}]}
--- ENF OF RECEIVED DATA ---

