________________________________________________
|             CALL API : START                |
________________________________________________

Informations : 
Called API: meteo - 4 March 2023, 03:20
Method: GETMETEO - Timeout : 300 - Cache : 1
URL CALLED : https://rmipro.meteo.be/products/bx1/5373bc0393d004fc/web_forecast
-------------------------
________________________________________________
|             CALL API : START                |
________________________________________________

Informations : 
Called API: meteo - 4 March 2023, 03:20
Method: GETMETEO - Timeout : 300 - Cache : 1
URL CALLED : https://rmipro.meteo.be/products/bx1/5373bc0393d004fc/web_forecast
-------------------------
<?xml version='1.0' encoding='UTF-8'?>
<meteo>
  <generationDate>03/03/2023 20:58</generationDate>
  <forecast date="20230303" period="NIGHT">
    <titledate>03/03/23</titledate>
    <titleday>vendredi</titleday>
    <data>
      <city>Ostende</city>
      <tempMin>5 </tempMin>
      <weathertype>TNN3</weathertype>
    </data>
    <data>
      <city>Anvers</city>
      <tempMin>1 </tempMin>
      <weathertype>TNN3</weathertype>
    </data>
    <data>
      <city>Bruxelles</city>
      <tempMin>1 </tempMin>
      <weathertype>TNN3</weathertype>
    </data>
    <data>
      <city>Namur</city>
      <tempMin>0 </tempMin>
      <weathertype>TNN24</weathertype>
    </data>
    <data>
      <city>Liege</city>
      <tempMin>0 </tempMin>
      <weathertype>TNN3</weathertype>
    </data>
    <data>
      <city>Arlon</city>
      <tempMin>-1 </tempMin>
      <weathertype>TNN27</weathertype>
    </data>
  </forecast>
  <forecast date="20230304" period="AM">
    <titledate>04/03/23</titledate>
    <titleday>samedi</titleday>
    <data>
      <city>Ostende</city>
      <tempMax>7 </tempMax>
      <weathertype>TJ3</weathertype>
    </data>
    <data>
      <city>Anvers</city>
      <tempMax>7 </tempMax>
      <weathertype>TJ3</weathertype>
    </data>
    <data>
      <city>Bruxelles</city>
      <tempMax>4 </tempMax>
      <weathertype>TJ3</weathertype>
    </data>
    <data>
      <city>Namur</city>
      <tempMax>5 </tempMax>
      <weathertype>TJ10</weathertype>
    </data>
    <data>
      <city>Liege</city>
      <tempMax>5 </tempMax>
      <weathertype>TJ10</weathertype>
    </data>
    <data>
      <city>Arlon</city>
      <tempMax>2 </tempMax>
      <weathertype>TJ10</weathertype>
    </data>
  </forecast>
  <forecast date="20230304" period="PM">
    <titledate>04/03/23</titledate>
    <titleday>samedi</titleday>
    <data>
      <city>Ostende</city>
      <tempMax>8 </tempMax>
      <weathertype>TJ3</weathertype>
    </data>
    <data>
      <city>Anvers</city>
      <tempMax>8 </tempMax>
      <weathertype>TJ3</weathertype>
    </data>
    <data>
      <city>Bruxelles</city>
      <tempMax>7 </tempMax>
      <weathertype>TJ3</weathertype>
    </data>
    <data>
      <city>Namur</city>
      <tempMax>6 </tempMax>
      <weathertype>TJ10</weathertype>
    </data>
    <data>
      <city>Liege</city>
      <tempMax>7 </tempMax>
      <weathertype>TJ10</weathertype>
    </data>
    <data>
      <city>Arlon</city>
      <tempMax>4 </tempMax>
      <weathertype>TJ10</weathertype>
    </data>
  </forecast>
  <forecast date="20230305" period="DAY">
    <titledate>05/03/23</titledate>
    <titleday>dimanche</titleday>
    <data>
      <city>Ostende</city>
      <tempMin>2 </tempMin>
      <tempMax>6 </tempMax>
      <weathertype>TJ10</weathertype>
    </data>
    <data>
      <city>Anvers</city>
      <tempMin>0 </tempMin>
      <tempMax>5 </tempMax>
      <weathertype>TJ10</weathertype>
    </data>
    <data>
      <city>Bruxelles</city>
      <tempMin>0 </tempMin>
      <tempMax>5 </tempMax>
      <weathertype>TJ11</weathertype>
    </data>
    <data>
      <city>Namur</city>
      <tempMin>-2 </tempMin>
      <tempMax>4 </tempMax>
      <weathertype>TJ11</weathertype>
    </data>
    <data>
      <city>Liege</city>
      <tempMin>0 </tempMin>
      <tempMax>4 </tempMax>
      <weathertype>TJ11</weathertype>
    </data>
    <data>
      <city>Arlon</city>
      <tempMin>-2 </tempMin>
      <tempMax>2 </tempMax>
      <weathertype>TJ9</weathertype>
    </data>
  </forecast>
  <forecast date="20230306" period="DAY">
    <titledate>06/03/23</titledate>
    <titleday>lundi</titleday>
    <data>
      <city>Ostende</city>
      <tempMin>4 </tempMin>
      <tempMax>6 </tempMax>
      <weathertype>TJ3</weathertype>
    </data>
    <data>
      <city>Anvers</city>
      <tempMin>3 </tempMin>
      <tempMax>6 </tempMax>
      <weathertype>TJ3</weathertype>
    </data>
    <data>
      <city>Bruxelles</city>
      <tempMin>3 </tempMin>
      <tempMax>6 </tempMax>
      <weathertype>TJ3</weathertype>
    </data>
    <data>
      <city>Namur</city>
      <tempMin>0 </tempMin>
      <tempMax>1 </tempMax>
      <weathertype>TJ15</weathertype>
    </data>
    <data>
      <city>Liege</city>
      <tempMin>2 </tempMin>
      <tempMax>6 </tempMax>
      <weathertype>TJ11</weathertype>
    </data>
    <data>
      <city>Arlon</city>
      <tempMin>0 </tempMin>
      <tempMax>1 </tempMax>
      <weathertype>TJ15</weathertype>
    </data>
  </forecast>
  <forecast date="20230307" period="DAY">
    <titledate>07/03/23</titledate>
    <titleday>mardi</titleday>
    <data>
      <city>Ostende</city>
      <tempMin>-1 </tempMin>
      <tempMax>5 </tempMax>
      <weathertype>TJ6</weathertype>
    </data>
    <data>
      <city>Anvers</city>
      <tempMin>-2 </tempMin>
      <tempMax>4 </tempMax>
      <weathertype>TJ6</weathertype>
    </data>
    <data>
      <city>Bruxelles</city>
      <tempMin>-2 </tempMin>
      <tempMax>4 </tempMax>
      <weathertype>TJ6</weathertype>
    </data>
    <data>
      <city>Namur</city>
      <tempMin>-5 </tempMin>
      <tempMax>1 </tempMax>
      <weathertype>TJ9</weathertype>
    </data>
    <data>
      <city>Liege</city>
      <tempMin>-3 </tempMin>
      <tempMax>4 </tempMax>
      <weathertype>TJ6</weathertype>
    </data>
    <data>
      <city>Arlon</city>
      <tempMin>-5 </tempMin>
      <tempMax>1 </tempMax>
      <weathertype>TJ9</weathertype>
    </data>
  </forecast>
  <forecast_foreign date="20230304" period="DAY">
    <titledate>04/03/23</titledate>
    <titleday>samedi</titleday>
    <data>
      <city>Paris</city>
      <temp>3 </temp>
      <weathertype>TJ4</weathertype>
    </data>
    <data>
      <city>Londres</city>
      <temp>5 </temp>
      <weathertype>TJ4</weathertype>
    </data>
    <data>
      <city>Amsterdam</city>
      <temp>6 </temp>
      <weathertype>TJ4</weathertype>
    </data>
  </forecast_foreign>
  <forecast_foreign date="20230305" period="DAY">
    <titledate>05/03/23</titledate>
    <titleday>dimanche</titleday>
    <data>
      <city>Paris</city>
      <temp>5 </temp>
      <weathertype>TJ4</weathertype>
    </data>
    <data>
      <city>Londres</city>
      <temp>5 </temp>
      <weathertype>TJ4</weathertype>
    </data>
    <data>
      <city>Amsterdam</city>
      <temp>5 </temp>
      <weathertype>TJ4</weathertype>
    </data>
  </forecast_foreign>
  <Ephemerides>
    <Ephemeride>
      <titledate>03/03/23</titledate>
      <titleday>vendredi</titleday>
      <data>
        <sunRise>07:22</sunRise>
        <sunSet>18:28</sunSet>
        <gain>5 </gain>
      </data>
    </Ephemeride>
    <Ephemeride>
      <titledate>04/03/23</titledate>
      <titleday>samedi</titleday>
      <data>
        <sunRise>07:20</sunRise>
        <sunSet>18:30</sunSet>
        <gain>4 </gain>
      </data>
    </Ephemeride>
    <Ephemeride>
      <titledate>05/03/23</titledate>
      <titleday>dimanche</titleday>
      <data>
        <sunRise>07:18</sunRise>
        <sunSet>18:31</sunSet>
        <gain>3 </gain>
      </data>
    </Ephemeride>
    <Ephemeride>
      <titledate>06/03/23</titledate>
      <titleday>lundi</titleday>
      <data>
        <sunRise>07:16</sunRise>
        <sunSet>18:33</sunSet>
        <gain>4 </gain>
      </data>
    </Ephemeride>
  </Ephemerides>
  <indices>
    <indice>
      <titledate>03/03/23</titledate>
      <titleday>vendredi</titleday>
      <data>
        <value>6</value>
        <evaluation>médiocre</evaluation>
      </data>
    </indice>
    <indice>
      <titledate>04/03/23</titledate>
      <titleday>samedi</titleday>
      <data>
        <value>4</value>
        <evaluation>assez bonne</evaluation>
      </data>
    </indice>
    <indice>
      <titledate>05/03/23</titledate>
      <titleday>dimanche</titleday>
      <data>
        <value>5</value>
        <evaluation>moyenne</evaluation>
      </data>
    </indice>
  </indices>
</meteo>

--- ENF OF RECEIVED DATA ---

<?xml version='1.0' encoding='UTF-8'?>
<meteo>
  <generationDate>03/03/2023 20:58</generationDate>
  <forecast date="20230303" period="NIGHT">
    <titledate>03/03/23</titledate>
    <titleday>vendredi</titleday>
    <data>
      <city>Ostende</city>
      <tempMin>5 </tempMin>
      <weathertype>TNN3</weathertype>
    </data>
    <data>
      <city>Anvers</city>
      <tempMin>1 </tempMin>
      <weathertype>TNN3</weathertype>
    </data>
    <data>
      <city>Bruxelles</city>
      <tempMin>1 </tempMin>
      <weathertype>TNN3</weathertype>
    </data>
    <data>
      <city>Namur</city>
      <tempMin>0 </tempMin>
      <weathertype>TNN24</weathertype>
    </data>
    <data>
      <city>Liege</city>
      <tempMin>0 </tempMin>
      <weathertype>TNN3</weathertype>
    </data>
    <data>
      <city>Arlon</city>
      <tempMin>-1 </tempMin>
      <weathertype>TNN27</weathertype>
    </data>
  </forecast>
  <forecast date="20230304" period="AM">
    <titledate>04/03/23</titledate>
    <titleday>samedi</titleday>
    <data>
      <city>Ostende</city>
      <tempMax>7 </tempMax>
      <weathertype>TJ3</weathertype>
    </data>
    <data>
      <city>Anvers</city>
      <tempMax>7 </tempMax>
      <weathertype>TJ3</weathertype>
    </data>
    <data>
      <city>Bruxelles</city>
      <tempMax>4 </tempMax>
      <weathertype>TJ3</weathertype>
    </data>
    <data>
      <city>Namur</city>
      <tempMax>5 </tempMax>
      <weathertype>TJ10</weathertype>
    </data>
    <data>
      <city>Liege</city>
      <tempMax>5 </tempMax>
      <weathertype>TJ10</weathertype>
    </data>
    <data>
      <city>Arlon</city>
      <tempMax>2 </tempMax>
      <weathertype>TJ10</weathertype>
    </data>
  </forecast>
  <forecast date="20230304" period="PM">
    <titledate>04/03/23</titledate>
    <titleday>samedi</titleday>
    <data>
      <city>Ostende</city>
      <tempMax>8 </tempMax>
      <weathertype>TJ3</weathertype>
    </data>
    <data>
      <city>Anvers</city>
      <tempMax>8 </tempMax>
      <weathertype>TJ3</weathertype>
    </data>
    <data>
      <city>Bruxelles</city>
      <tempMax>7 </tempMax>
      <weathertype>TJ3</weathertype>
    </data>
    <data>
      <city>Namur</city>
      <tempMax>6 </tempMax>
      <weathertype>TJ10</weathertype>
    </data>
    <data>
      <city>Liege</city>
      <tempMax>7 </tempMax>
      <weathertype>TJ10</weathertype>
    </data>
    <data>
      <city>Arlon</city>
      <tempMax>4 </tempMax>
      <weathertype>TJ10</weathertype>
    </data>
  </forecast>
  <forecast date="20230305" period="DAY">
    <titledate>05/03/23</titledate>
    <titleday>dimanche</titleday>
    <data>
      <city>Ostende</city>
      <tempMin>2 </tempMin>
      <tempMax>6 </tempMax>
      <weathertype>TJ10</weathertype>
    </data>
    <data>
      <city>Anvers</city>
      <tempMin>0 </tempMin>
      <tempMax>5 </tempMax>
      <weathertype>TJ10</weathertype>
    </data>
    <data>
      <city>Bruxelles</city>
      <tempMin>0 </tempMin>
      <tempMax>5 </tempMax>
      <weathertype>TJ11</weathertype>
    </data>
    <data>
      <city>Namur</city>
      <tempMin>-2 </tempMin>
      <tempMax>4 </tempMax>
      <weathertype>TJ11</weathertype>
    </data>
    <data>
      <city>Liege</city>
      <tempMin>0 </tempMin>
      <tempMax>4 </tempMax>
      <weathertype>TJ11</weathertype>
    </data>
    <data>
      <city>Arlon</city>
      <tempMin>-2 </tempMin>
      <tempMax>2 </tempMax>
      <weathertype>TJ9</weathertype>
    </data>
  </forecast>
  <forecast date="20230306" period="DAY">
    <titledate>06/03/23</titledate>
    <titleday>lundi</titleday>
    <data>
      <city>Ostende</city>
      <tempMin>4 </tempMin>
      <tempMax>6 </tempMax>
      <weathertype>TJ3</weathertype>
    </data>
    <data>
      <city>Anvers</city>
      <tempMin>3 </tempMin>
      <tempMax>6 </tempMax>
      <weathertype>TJ3</weathertype>
    </data>
    <data>
      <city>Bruxelles</city>
      <tempMin>3 </tempMin>
      <tempMax>6 </tempMax>
      <weathertype>TJ3</weathertype>
    </data>
    <data>
      <city>Namur</city>
      <tempMin>0 </tempMin>
      <tempMax>1 </tempMax>
      <weathertype>TJ15</weathertype>
    </data>
    <data>
      <city>Liege</city>
      <tempMin>2 </tempMin>
      <tempMax>6 </tempMax>
      <weathertype>TJ11</weathertype>
    </data>
    <data>
      <city>Arlon</city>
      <tempMin>0 </tempMin>
      <tempMax>1 </tempMax>
      <weathertype>TJ15</weathertype>
    </data>
  </forecast>
  <forecast date="20230307" period="DAY">
    <titledate>07/03/23</titledate>
    <titleday>mardi</titleday>
    <data>
      <city>Ostende</city>
      <tempMin>-1 </tempMin>
      <tempMax>5 </tempMax>
      <weathertype>TJ6</weathertype>
    </data>
    <data>
      <city>Anvers</city>
      <tempMin>-2 </tempMin>
      <tempMax>4 </tempMax>
      <weathertype>TJ6</weathertype>
    </data>
    <data>
      <city>Bruxelles</city>
      <tempMin>-2 </tempMin>
      <tempMax>4 </tempMax>
      <weathertype>TJ6</weathertype>
    </data>
    <data>
      <city>Namur</city>
      <tempMin>-5 </tempMin>
      <tempMax>1 </tempMax>
      <weathertype>TJ9</weathertype>
    </data>
    <data>
      <city>Liege</city>
      <tempMin>-3 </tempMin>
      <tempMax>4 </tempMax>
      <weathertype>TJ6</weathertype>
    </data>
    <data>
      <city>Arlon</city>
      <tempMin>-5 </tempMin>
      <tempMax>1 </tempMax>
      <weathertype>TJ9</weathertype>
    </data>
  </forecast>
  <forecast_foreign date="20230304" period="DAY">
    <titledate>04/03/23</titledate>
    <titleday>samedi</titleday>
    <data>
      <city>Paris</city>
      <temp>3 </temp>
      <weathertype>TJ4</weathertype>
    </data>
    <data>
      <city>Londres</city>
      <temp>5 </temp>
      <weathertype>TJ4</weathertype>
    </data>
    <data>
      <city>Amsterdam</city>
      <temp>6 </temp>
      <weathertype>TJ4</weathertype>
    </data>
  </forecast_foreign>
  <forecast_foreign date="20230305" period="DAY">
    <titledate>05/03/23</titledate>
    <titleday>dimanche</titleday>
    <data>
      <city>Paris</city>
      <temp>5 </temp>
      <weathertype>TJ4</weathertype>
    </data>
    <data>
      <city>Londres</city>
      <temp>5 </temp>
      <weathertype>TJ4</weathertype>
    </data>
    <data>
      <city>Amsterdam</city>
      <temp>5 </temp>
      <weathertype>TJ4</weathertype>
    </data>
  </forecast_foreign>
  <Ephemerides>
    <Ephemeride>
      <titledate>03/03/23</titledate>
      <titleday>vendredi</titleday>
      <data>
        <sunRise>07:22</sunRise>
        <sunSet>18:28</sunSet>
        <gain>5 </gain>
      </data>
    </Ephemeride>
    <Ephemeride>
      <titledate>04/03/23</titledate>
      <titleday>samedi</titleday>
      <data>
        <sunRise>07:20</sunRise>
        <sunSet>18:30</sunSet>
        <gain>4 </gain>
      </data>
    </Ephemeride>
    <Ephemeride>
      <titledate>05/03/23</titledate>
      <titleday>dimanche</titleday>
      <data>
        <sunRise>07:18</sunRise>
        <sunSet>18:31</sunSet>
        <gain>3 </gain>
      </data>
    </Ephemeride>
    <Ephemeride>
      <titledate>06/03/23</titledate>
      <titleday>lundi</titleday>
      <data>
        <sunRise>07:16</sunRise>
        <sunSet>18:33</sunSet>
        <gain>4 </gain>
      </data>
    </Ephemeride>
  </Ephemerides>
  <indices>
    <indice>
      <titledate>03/03/23</titledate>
      <titleday>vendredi</titleday>
      <data>
        <value>6</value>
        <evaluation>médiocre</evaluation>
      </data>
    </indice>
    <indice>
      <titledate>04/03/23</titledate>
      <titleday>samedi</titleday>
      <data>
        <value>4</value>
        <evaluation>assez bonne</evaluation>
      </data>
    </indice>
    <indice>
      <titledate>05/03/23</titledate>
      <titleday>dimanche</titleday>
      <data>
        <value>5</value>
        <evaluation>moyenne</evaluation>
      </data>
    </indice>
  </indices>
</meteo>

--- ENF OF RECEIVED DATA ---

