________________________________________________
|             CALL API : START                |
________________________________________________

Informations : 
Called API: meteo - 6 May 2024, 08:00
Method: GETMETEO - Timeout : 300 - Cache : 1
URL CALLED : https://api.openweathermap.org/data/2.5/forecast/daily?q=Brussels,be&units=metric&cnt=4&appid=ea18c0706135505149200c3836f29800
-------------------------
________________________________________________
|             CALL API : START                |
________________________________________________

Informations : 
Called API: meteo - 6 May 2024, 08:00
Method: GETMETEO - Timeout : 300 - Cache : 1
URL CALLED : https://api.openweathermap.org/data/2.5/forecast/daily?q=Brussels,be&units=metric&cnt=4&appid=ea18c0706135505149200c3836f29800
-------------------------
{"city":{"id":2800866,"name":"Brussels","coord":{"lon":4.3488,"lat":50.8504},"country":"BE","population":1019022,"timezone":7200},"cod":"200","message":3.6212235,"cnt":4,"list":[{"dt":1714993200,"sunrise":1714968420,"sunset":1715022681,"temp":{"day":15.93,"min":11.67,"max":16.71,"night":11.67,"eve":13.39,"morn":12.31},"feels_like":{"day":15.59,"night":11.27,"eve":13.21,"morn":11.95},"pressure":1007,"humidity":77,"weather":[{"id":501,"main":"Rain","description":"moderate rain","icon":"10d"}],"speed":4.55,"deg":218,"gust":8.62,"clouds":100,"pop":1,"rain":6.95},{"dt":1715079600,"sunrise":1715054720,"sunset":1715109175,"temp":{"day":16.42,"min":8.3,"max":17.25,"night":10.82,"eve":15.53,"morn":8.81},"feels_like":{"day":15.97,"night":10.31,"eve":15.12,"morn":8.81},"pressure":1018,"humidity":71,"weather":[{"id":500,"main":"Rain","description":"light rain","icon":"10d"}],"speed":4.27,"deg":31,"gust":7.36,"clouds":22,"pop":1,"rain":2.63},{"dt":1715166000,"sunrise":1715141021,"sunset":1715195669,"temp":{"day":15.87,"min":8.21,"max":16.25,"night":11.89,"eve":14.07,"morn":8.79},"feels_like":{"day":15.24,"night":11.22,"eve":13.39,"morn":7.98},"pressure":1026,"humidity":66,"weather":[{"id":803,"main":"Clouds","description":"broken clouds","icon":"04d"}],"speed":4.66,"deg":335,"gust":5.15,"clouds":67,"pop":0},{"dt":1715252400,"sunrise":1715227324,"sunset":1715282162,"temp":{"day":18.3,"min":9.89,"max":19.52,"night":12.39,"eve":16.73,"morn":10.17},"feels_like":{"day":17.62,"night":11.75,"eve":16.29,"morn":9.54},"pressure":1025,"humidity":55,"weather":[{"id":804,"main":"Clouds","description":"overcast clouds","icon":"04d"}],"speed":2.47,"deg":357,"gust":4.31,"clouds":92,"pop":0}]}
--- ENF OF RECEIVED DATA ---

{"city":{"id":2800866,"name":"Brussels","coord":{"lon":4.3488,"lat":50.8504},"country":"BE","population":1019022,"timezone":7200},"cod":"200","message":3.6212235,"cnt":4,"list":[{"dt":1714993200,"sunrise":1714968420,"sunset":1715022681,"temp":{"day":15.93,"min":11.67,"max":16.71,"night":11.67,"eve":13.39,"morn":12.31},"feels_like":{"day":15.59,"night":11.27,"eve":13.21,"morn":11.95},"pressure":1007,"humidity":77,"weather":[{"id":501,"main":"Rain","description":"moderate rain","icon":"10d"}],"speed":4.55,"deg":218,"gust":8.62,"clouds":100,"pop":1,"rain":6.95},{"dt":1715079600,"sunrise":1715054720,"sunset":1715109175,"temp":{"day":16.42,"min":8.3,"max":17.25,"night":10.82,"eve":15.53,"morn":8.81},"feels_like":{"day":15.97,"night":10.31,"eve":15.12,"morn":8.81},"pressure":1018,"humidity":71,"weather":[{"id":500,"main":"Rain","description":"light rain","icon":"10d"}],"speed":4.27,"deg":31,"gust":7.36,"clouds":22,"pop":1,"rain":2.63},{"dt":1715166000,"sunrise":1715141021,"sunset":1715195669,"temp":{"day":15.87,"min":8.21,"max":16.25,"night":11.89,"eve":14.07,"morn":8.79},"feels_like":{"day":15.24,"night":11.22,"eve":13.39,"morn":7.98},"pressure":1026,"humidity":66,"weather":[{"id":803,"main":"Clouds","description":"broken clouds","icon":"04d"}],"speed":4.66,"deg":335,"gust":5.15,"clouds":67,"pop":0},{"dt":1715252400,"sunrise":1715227324,"sunset":1715282162,"temp":{"day":18.3,"min":9.89,"max":19.52,"night":12.39,"eve":16.73,"morn":10.17},"feels_like":{"day":17.62,"night":11.75,"eve":16.29,"morn":9.54},"pressure":1025,"humidity":55,"weather":[{"id":804,"main":"Clouds","description":"overcast clouds","icon":"04d"}],"speed":2.47,"deg":357,"gust":4.31,"clouds":92,"pop":0}]}
--- ENF OF RECEIVED DATA ---

