________________________________________________
|             CALL API : START                |
________________________________________________

Informations : 
Called API: meteo - 29 May 2023, 10:00
Method: GETMETEO - Timeout : 300 - Cache : 1
URL CALLED : https://api.openweathermap.org/data/2.5/forecast/daily?q=Brussels,be&units=metric&cnt=4&appid=ea18c0706135505149200c3836f29800
-------------------------
________________________________________________
|             CALL API : START                |
________________________________________________

Informations : 
Called API: meteo - 29 May 2023, 10:00
Method: GETMETEO - Timeout : 300 - Cache : 1
URL CALLED : https://api.openweathermap.org/data/2.5/forecast/daily?q=Brussels,be&units=metric&cnt=4&appid=ea18c0706135505149200c3836f29800
-------------------------
{"city":{"id":2800866,"name":"Brussels","coord":{"lon":4.3488,"lat":50.8504},"country":"BE","population":1019022,"timezone":7200},"cod":"200","message":5.4660235,"cnt":4,"list":[{"dt":1685358000,"sunrise":1685331445,"sunset":1685389371,"temp":{"day":15.53,"min":9.57,"max":18,"night":11.44,"eve":17.22,"morn":11.01},"feels_like":{"day":14.71,"night":10.28,"eve":16.36,"morn":10.18},"pressure":1024,"humidity":60,"weather":[{"id":802,"main":"Clouds","description":"scattered clouds","icon":"03d"}],"speed":6.94,"deg":41,"gust":13.41,"clouds":42,"pop":0},{"dt":1685444400,"sunrise":1685417791,"sunset":1685475840,"temp":{"day":18.64,"min":6.97,"max":19.19,"night":12.88,"eve":13.76,"morn":8.16},"feels_like":{"day":18.07,"night":12.1,"eve":13.15,"morn":5.77},"pressure":1026,"humidity":58,"weather":[{"id":801,"main":"Clouds","description":"few clouds","icon":"02d"}],"speed":6.32,"deg":21,"gust":11.93,"clouds":18,"pop":0},{"dt":1685530800,"sunrise":1685504140,"sunset":1685562308,"temp":{"day":20.98,"min":8.96,"max":22.62,"night":15.12,"eve":21.43,"morn":10.13},"feels_like":{"day":20.41,"night":14.65,"eve":21.09,"morn":9.5},"pressure":1025,"humidity":49,"weather":[{"id":800,"main":"Clear","description":"sky is clear","icon":"01d"}],"speed":6.82,"deg":55,"gust":12.3,"clouds":1,"pop":0},{"dt":1685617200,"sunrise":1685590492,"sunset":1685648774,"temp":{"day":20.44,"min":9.29,"max":20.63,"night":11.16,"eve":15.96,"morn":11.86},"feels_like":{"day":19.87,"night":10.42,"eve":15.41,"morn":11.19},"pressure":1022,"humidity":51,"weather":[{"id":800,"main":"Clear","description":"sky is clear","icon":"01d"}],"speed":6.4,"deg":348,"gust":11.4,"clouds":7,"pop":0}]}
--- ENF OF RECEIVED DATA ---

{"city":{"id":2800866,"name":"Brussels","coord":{"lon":4.3488,"lat":50.8504},"country":"BE","population":1019022,"timezone":7200},"cod":"200","message":5.4660235,"cnt":4,"list":[{"dt":1685358000,"sunrise":1685331445,"sunset":1685389371,"temp":{"day":15.53,"min":9.57,"max":18,"night":11.44,"eve":17.22,"morn":11.01},"feels_like":{"day":14.71,"night":10.28,"eve":16.36,"morn":10.18},"pressure":1024,"humidity":60,"weather":[{"id":802,"main":"Clouds","description":"scattered clouds","icon":"03d"}],"speed":6.94,"deg":41,"gust":13.41,"clouds":42,"pop":0},{"dt":1685444400,"sunrise":1685417791,"sunset":1685475840,"temp":{"day":18.64,"min":6.97,"max":19.19,"night":12.88,"eve":13.76,"morn":8.16},"feels_like":{"day":18.07,"night":12.1,"eve":13.15,"morn":5.77},"pressure":1026,"humidity":58,"weather":[{"id":801,"main":"Clouds","description":"few clouds","icon":"02d"}],"speed":6.32,"deg":21,"gust":11.93,"clouds":18,"pop":0},{"dt":1685530800,"sunrise":1685504140,"sunset":1685562308,"temp":{"day":20.98,"min":8.96,"max":22.62,"night":15.12,"eve":21.43,"morn":10.13},"feels_like":{"day":20.41,"night":14.65,"eve":21.09,"morn":9.5},"pressure":1025,"humidity":49,"weather":[{"id":800,"main":"Clear","description":"sky is clear","icon":"01d"}],"speed":6.82,"deg":55,"gust":12.3,"clouds":1,"pop":0},{"dt":1685617200,"sunrise":1685590492,"sunset":1685648774,"temp":{"day":20.44,"min":9.29,"max":20.63,"night":11.16,"eve":15.96,"morn":11.86},"feels_like":{"day":19.87,"night":10.42,"eve":15.41,"morn":11.19},"pressure":1022,"humidity":51,"weather":[{"id":800,"main":"Clear","description":"sky is clear","icon":"01d"}],"speed":6.4,"deg":348,"gust":11.4,"clouds":7,"pop":0}]}
--- ENF OF RECEIVED DATA ---

