________________________________________________
|             CALL API : START                |
________________________________________________

Informations : 
Called API: meteo - 17 December 2024, 12:50
Method: GETMETEO - Timeout : 300 - Cache : 1
URL CALLED : https://api.openweathermap.org/data/2.5/forecast/daily?q=Brussels,be&units=metric&cnt=4&appid=ea18c0706135505149200c3836f29800
-------------------------
________________________________________________
|             CALL API : START                |
________________________________________________

Informations : 
Called API: meteo - 17 December 2024, 12:50
Method: GETMETEO - Timeout : 300 - Cache : 1
URL CALLED : https://api.openweathermap.org/data/2.5/forecast/daily?q=Brussels,be&units=metric&cnt=4&appid=ea18c0706135505149200c3836f29800
-------------------------
{"city":{"id":2800866,"name":"Brussels","coord":{"lon":4.3488,"lat":50.8504},"country":"BE","population":1019022,"timezone":3600},"cod":"200","message":0.0387499,"cnt":4,"list":[{"dt":1734433200,"sunrise":1734421226,"sunset":1734449842,"temp":{"day":9.02,"min":6.48,"max":9.08,"night":7.02,"eve":7.34,"morn":6.48},"feels_like":{"day":6.59,"night":3.34,"eve":4.7,"morn":3.91},"pressure":1028,"humidity":88,"weather":[{"id":803,"main":"Clouds","description":"broken clouds","icon":"04d"}],"speed":6.33,"deg":192,"gust":14.66,"clouds":80,"pop":0},{"dt":1734519600,"sunrise":1734507666,"sunset":1734536259,"temp":{"day":10.99,"min":6.99,"max":12.78,"night":11.68,"eve":12.21,"morn":9.35},"feels_like":{"day":10.26,"night":11.04,"eve":11.71,"morn":5.65},"pressure":1014,"humidity":81,"weather":[{"id":804,"main":"Clouds","description":"overcast clouds","icon":"04d"}],"speed":10.38,"deg":219,"gust":20.04,"clouds":96,"pop":0},{"dt":1734606000,"sunrise":1734594104,"sunset":1734622679,"temp":{"day":6.82,"min":4.56,"max":12.92,"night":4.88,"eve":5.6,"morn":11.56},"feels_like":{"day":2.91,"night":0.74,"eve":1.78,"morn":10.99},"pressure":1004,"humidity":86,"weather":[{"id":500,"main":"Rain","description":"light rain","icon":"10d"}],"speed":11.68,"deg":212,"gust":22.12,"clouds":99,"pop":1,"rain":2.68},{"dt":1734692400,"sunrise":1734680538,"sunset":1734709102,"temp":{"day":5.17,"min":2.13,"max":5.88,"night":5.39,"eve":4.21,"morn":3.71},"feels_like":{"day":1.94,"night":1.18,"eve":0.3,"morn":0.23},"pressure":1024,"humidity":76,"weather":[{"id":500,"main":"Rain","description":"light rain","icon":"10d"}],"speed":6.54,"deg":217,"gust":13.49,"clouds":65,"pop":0.76,"rain":0.3}]}
--- ENF OF RECEIVED DATA ---

{"city":{"id":2800866,"name":"Brussels","coord":{"lon":4.3488,"lat":50.8504},"country":"BE","population":1019022,"timezone":3600},"cod":"200","message":0.0387499,"cnt":4,"list":[{"dt":1734433200,"sunrise":1734421226,"sunset":1734449842,"temp":{"day":9.02,"min":6.48,"max":9.08,"night":7.02,"eve":7.34,"morn":6.48},"feels_like":{"day":6.59,"night":3.34,"eve":4.7,"morn":3.91},"pressure":1028,"humidity":88,"weather":[{"id":803,"main":"Clouds","description":"broken clouds","icon":"04d"}],"speed":6.33,"deg":192,"gust":14.66,"clouds":80,"pop":0},{"dt":1734519600,"sunrise":1734507666,"sunset":1734536259,"temp":{"day":10.99,"min":6.99,"max":12.78,"night":11.68,"eve":12.21,"morn":9.35},"feels_like":{"day":10.26,"night":11.04,"eve":11.71,"morn":5.65},"pressure":1014,"humidity":81,"weather":[{"id":804,"main":"Clouds","description":"overcast clouds","icon":"04d"}],"speed":10.38,"deg":219,"gust":20.04,"clouds":96,"pop":0},{"dt":1734606000,"sunrise":1734594104,"sunset":1734622679,"temp":{"day":6.82,"min":4.56,"max":12.92,"night":4.88,"eve":5.6,"morn":11.56},"feels_like":{"day":2.91,"night":0.74,"eve":1.78,"morn":10.99},"pressure":1004,"humidity":86,"weather":[{"id":500,"main":"Rain","description":"light rain","icon":"10d"}],"speed":11.68,"deg":212,"gust":22.12,"clouds":99,"pop":1,"rain":2.68},{"dt":1734692400,"sunrise":1734680538,"sunset":1734709102,"temp":{"day":5.17,"min":2.13,"max":5.88,"night":5.39,"eve":4.21,"morn":3.71},"feels_like":{"day":1.94,"night":1.18,"eve":0.3,"morn":0.23},"pressure":1024,"humidity":76,"weather":[{"id":500,"main":"Rain","description":"light rain","icon":"10d"}],"speed":6.54,"deg":217,"gust":13.49,"clouds":65,"pop":0.76,"rain":0.3}]}
--- ENF OF RECEIVED DATA ---

