________________________________________________
|             CALL API : START                |
________________________________________________

Informations : 
Called API: meteo - 23 August 2023, 03:40
Method: GETMETEO - Timeout : 300 - Cache : 1
URL CALLED : https://api.openweathermap.org/data/2.5/forecast/daily?q=Brussels,be&units=metric&cnt=4&appid=ea18c0706135505149200c3836f29800
-------------------------
________________________________________________
|             CALL API : START                |
________________________________________________

Informations : 
Called API: meteo - 23 August 2023, 03:40
Method: GETMETEO - Timeout : 300 - Cache : 1
URL CALLED : https://api.openweathermap.org/data/2.5/forecast/daily?q=Brussels,be&units=metric&cnt=4&appid=ea18c0706135505149200c3836f29800
-------------------------
{"city":{"id":2800866,"name":"Brussels","coord":{"lon":4.3488,"lat":50.8504},"country":"BE","population":1019022,"timezone":7200},"cod":"200","message":0.0526405,"cnt":4,"list":[{"dt":1692788400,"sunrise":1692765710,"sunset":1692816557,"temp":{"day":24.78,"min":15.1,"max":26.84,"night":19.36,"eve":26.11,"morn":15.26},"feels_like":{"day":24.44,"night":19.18,"eve":26.11,"morn":15.17},"pressure":1021,"humidity":43,"weather":[{"id":801,"main":"Clouds","description":"few clouds","icon":"02d"}],"speed":2.71,"deg":56,"gust":3.82,"clouds":20,"pop":0},{"dt":1692874800,"sunrise":1692852203,"sunset":1692902833,"temp":{"day":27.01,"min":18.15,"max":27.64,"night":20.02,"eve":25.65,"morn":18.54},"feels_like":{"day":27.75,"night":20.38,"eve":25.94,"morn":18.15},"pressure":1014,"humidity":55,"weather":[{"id":804,"main":"Clouds","description":"overcast clouds","icon":"04d"}],"speed":6.83,"deg":238,"gust":9.79,"clouds":95,"pop":0.3},{"dt":1692961200,"sunrise":1692938696,"sunset":1692989108,"temp":{"day":20.5,"min":14.75,"max":22.8,"night":14.75,"eve":20.45,"morn":18.38},"feels_like":{"day":20.8,"night":14.55,"eve":20.59,"morn":18.81},"pressure":1010,"humidity":84,"weather":[{"id":501,"main":"Rain","description":"moderate rain","icon":"10d"}],"speed":6.08,"deg":242,"gust":8.86,"clouds":100,"pop":0.96,"rain":9.59},{"dt":1693047600,"sunrise":1693025189,"sunset":1693075382,"temp":{"day":21.34,"min":11.72,"max":21.34,"night":13.88,"eve":17.81,"morn":12.49},"feels_like":{"day":20.81,"night":13.57,"eve":17.37,"morn":12.14},"pressure":1011,"humidity":49,"weather":[{"id":500,"main":"Rain","description":"light rain","icon":"10d"}],"speed":5.58,"deg":232,"gust":8.82,"clouds":40,"pop":0.68,"rain":2.15}]}
--- ENF OF RECEIVED DATA ---

{"city":{"id":2800866,"name":"Brussels","coord":{"lon":4.3488,"lat":50.8504},"country":"BE","population":1019022,"timezone":7200},"cod":"200","message":0.0526405,"cnt":4,"list":[{"dt":1692788400,"sunrise":1692765710,"sunset":1692816557,"temp":{"day":24.78,"min":15.1,"max":26.84,"night":19.36,"eve":26.11,"morn":15.26},"feels_like":{"day":24.44,"night":19.18,"eve":26.11,"morn":15.17},"pressure":1021,"humidity":43,"weather":[{"id":801,"main":"Clouds","description":"few clouds","icon":"02d"}],"speed":2.71,"deg":56,"gust":3.82,"clouds":20,"pop":0},{"dt":1692874800,"sunrise":1692852203,"sunset":1692902833,"temp":{"day":27.01,"min":18.15,"max":27.64,"night":20.02,"eve":25.65,"morn":18.54},"feels_like":{"day":27.75,"night":20.38,"eve":25.94,"morn":18.15},"pressure":1014,"humidity":55,"weather":[{"id":804,"main":"Clouds","description":"overcast clouds","icon":"04d"}],"speed":6.83,"deg":238,"gust":9.79,"clouds":95,"pop":0.3},{"dt":1692961200,"sunrise":1692938696,"sunset":1692989108,"temp":{"day":20.5,"min":14.75,"max":22.8,"night":14.75,"eve":20.45,"morn":18.38},"feels_like":{"day":20.8,"night":14.55,"eve":20.59,"morn":18.81},"pressure":1010,"humidity":84,"weather":[{"id":501,"main":"Rain","description":"moderate rain","icon":"10d"}],"speed":6.08,"deg":242,"gust":8.86,"clouds":100,"pop":0.96,"rain":9.59},{"dt":1693047600,"sunrise":1693025189,"sunset":1693075382,"temp":{"day":21.34,"min":11.72,"max":21.34,"night":13.88,"eve":17.81,"morn":12.49},"feels_like":{"day":20.81,"night":13.57,"eve":17.37,"morn":12.14},"pressure":1011,"humidity":49,"weather":[{"id":500,"main":"Rain","description":"light rain","icon":"10d"}],"speed":5.58,"deg":232,"gust":8.82,"clouds":40,"pop":0.68,"rain":2.15}]}
--- ENF OF RECEIVED DATA ---

