________________________________________________
|             CALL API : START                |
________________________________________________

Informations : 
Called API: meteo - 27 March 2025, 00:30
Method: GETMETEO - Timeout : 300 - Cache : 1
URL CALLED : https://api.openweathermap.org/data/2.5/forecast/daily?q=Brussels,be&units=metric&cnt=4&appid=ea18c0706135505149200c3836f29800
-------------------------
________________________________________________
|             CALL API : START                |
________________________________________________

Informations : 
Called API: meteo - 27 March 2025, 00:30
Method: GETMETEO - Timeout : 300 - Cache : 1
URL CALLED : https://api.openweathermap.org/data/2.5/forecast/daily?q=Brussels,be&units=metric&cnt=4&appid=ea18c0706135505149200c3836f29800
-------------------------
{"city":{"id":2800866,"name":"Brussels","coord":{"lon":4.3488,"lat":50.8504},"country":"BE","population":1019022,"timezone":3600},"cod":"200","message":0.0394033,"cnt":4,"list":[{"dt":1743073200,"sunrise":1743053368,"sunset":1743098773,"temp":{"day":13.39,"min":3.72,"max":16.09,"night":9.52,"eve":14.85,"morn":5},"feels_like":{"day":12.14,"night":9.22,"eve":13.64,"morn":5},"pressure":1022,"humidity":52,"weather":[{"id":800,"main":"Clear","description":"sky is clear","icon":"01d"}],"speed":1.75,"deg":68,"gust":1.95,"clouds":9,"pop":0},{"dt":1743159600,"sunrise":1743139633,"sunset":1743185270,"temp":{"day":13.78,"min":6.16,"max":15.41,"night":8.07,"eve":12.86,"morn":6.23},"feels_like":{"day":12.65,"night":6.16,"eve":11.92,"morn":4.05},"pressure":1012,"humidity":55,"weather":[{"id":500,"main":"Rain","description":"light rain","icon":"10d"}],"speed":6.42,"deg":307,"gust":9.57,"clouds":0,"pop":1,"rain":1.39},{"dt":1743246000,"sunrise":1743225898,"sunset":1743271768,"temp":{"day":9.94,"min":4.38,"max":10.15,"night":4.38,"eve":8.43,"morn":5.35},"feels_like":{"day":7.26,"night":2.3,"eve":6.06,"morn":2.27},"pressure":1019,"humidity":55,"weather":[{"id":500,"main":"Rain","description":"light rain","icon":"10d"}],"speed":6.41,"deg":325,"gust":9.43,"clouds":81,"pop":1,"rain":0.63},{"dt":1743332400,"sunrise":1743312164,"sunset":1743358265,"temp":{"day":12.21,"min":3.15,"max":13.65,"night":8.11,"eve":10.53,"morn":3.15},"feels_like":{"day":10.77,"night":7.54,"eve":9.07,"morn":1.34},"pressure":1028,"humidity":49,"weather":[{"id":802,"main":"Clouds","description":"scattered clouds","icon":"03d"}],"speed":2.3,"deg":236,"gust":2.93,"clouds":32,"pop":0}]}
--- ENF OF RECEIVED DATA ---

{"city":{"id":2800866,"name":"Brussels","coord":{"lon":4.3488,"lat":50.8504},"country":"BE","population":1019022,"timezone":3600},"cod":"200","message":0.0394033,"cnt":4,"list":[{"dt":1743073200,"sunrise":1743053368,"sunset":1743098773,"temp":{"day":13.39,"min":3.72,"max":16.09,"night":9.52,"eve":14.85,"morn":5},"feels_like":{"day":12.14,"night":9.22,"eve":13.64,"morn":5},"pressure":1022,"humidity":52,"weather":[{"id":800,"main":"Clear","description":"sky is clear","icon":"01d"}],"speed":1.75,"deg":68,"gust":1.95,"clouds":9,"pop":0},{"dt":1743159600,"sunrise":1743139633,"sunset":1743185270,"temp":{"day":13.78,"min":6.16,"max":15.41,"night":8.07,"eve":12.86,"morn":6.23},"feels_like":{"day":12.65,"night":6.16,"eve":11.92,"morn":4.05},"pressure":1012,"humidity":55,"weather":[{"id":500,"main":"Rain","description":"light rain","icon":"10d"}],"speed":6.42,"deg":307,"gust":9.57,"clouds":0,"pop":1,"rain":1.39},{"dt":1743246000,"sunrise":1743225898,"sunset":1743271768,"temp":{"day":9.94,"min":4.38,"max":10.15,"night":4.38,"eve":8.43,"morn":5.35},"feels_like":{"day":7.26,"night":2.3,"eve":6.06,"morn":2.27},"pressure":1019,"humidity":55,"weather":[{"id":500,"main":"Rain","description":"light rain","icon":"10d"}],"speed":6.41,"deg":325,"gust":9.43,"clouds":81,"pop":1,"rain":0.63},{"dt":1743332400,"sunrise":1743312164,"sunset":1743358265,"temp":{"day":12.21,"min":3.15,"max":13.65,"night":8.11,"eve":10.53,"morn":3.15},"feels_like":{"day":10.77,"night":7.54,"eve":9.07,"morn":1.34},"pressure":1028,"humidity":49,"weather":[{"id":802,"main":"Clouds","description":"scattered clouds","icon":"03d"}],"speed":2.3,"deg":236,"gust":2.93,"clouds":32,"pop":0}]}
--- ENF OF RECEIVED DATA ---

