________________________________________________
|             CALL API : START                |
________________________________________________

Informations : 
Called API: meteo - 21 February 2025, 00:30
Method: GETMETEO - Timeout : 300 - Cache : 1
URL CALLED : https://api.openweathermap.org/data/2.5/forecast/daily?q=Brussels,be&units=metric&cnt=4&appid=ea18c0706135505149200c3836f29800
-------------------------
________________________________________________
|             CALL API : START                |
________________________________________________

Informations : 
Called API: meteo - 21 February 2025, 00:30
Method: GETMETEO - Timeout : 300 - Cache : 1
URL CALLED : https://api.openweathermap.org/data/2.5/forecast/daily?q=Brussels,be&units=metric&cnt=4&appid=ea18c0706135505149200c3836f29800
-------------------------
{"city":{"id":2800866,"name":"Brussels","coord":{"lon":4.3488,"lat":50.8504},"country":"BE","population":1019022,"timezone":3600},"cod":"200","message":0.0311942,"cnt":4,"list":[{"dt":1740135600,"sunrise":1740120211,"sunset":1740157755,"temp":{"day":14.66,"min":11.16,"max":16.72,"night":11.95,"eve":13.98,"morn":11.6},"feels_like":{"day":13.96,"night":11.24,"eve":13.26,"morn":11.04},"pressure":1017,"humidity":68,"weather":[{"id":500,"main":"Rain","description":"light rain","icon":"10d"}],"speed":7.15,"deg":180,"gust":14.58,"clouds":100,"pop":0.91,"rain":0.56},{"dt":1740222000,"sunrise":1740206491,"sunset":1740244260,"temp":{"day":11.1,"min":7.69,"max":11.89,"night":7.69,"eve":9.65,"morn":11.29},"feels_like":{"day":10.46,"night":5.44,"eve":7.64,"morn":10.59},"pressure":1015,"humidity":84,"weather":[{"id":500,"main":"Rain","description":"light rain","icon":"10d"}],"speed":6.92,"deg":187,"gust":14.61,"clouds":100,"pop":1,"rain":1.03},{"dt":1740308400,"sunrise":1740292770,"sunset":1740330765,"temp":{"day":11.58,"min":4.83,"max":13.74,"night":9.85,"eve":11.33,"morn":5.07},"feels_like":{"day":10.54,"night":6.79,"eve":10.48,"morn":2.35},"pressure":1028,"humidity":67,"weather":[{"id":800,"main":"Clear","description":"sky is clear","icon":"01d"}],"speed":6.84,"deg":196,"gust":15.46,"clouds":0,"pop":0},{"dt":1740394800,"sunrise":1740379048,"sunset":1740417270,"temp":{"day":9.78,"min":8.91,"max":10.42,"night":8.91,"eve":9.14,"morn":10.31},"feels_like":{"day":6.41,"night":6.94,"eve":6.49,"morn":9.12},"pressure":1019,"humidity":85,"weather":[{"id":500,"main":"Rain","description":"light rain","icon":"10d"}],"speed":8.24,"deg":190,"gust":17.43,"clouds":100,"pop":1,"rain":7.33}]}
--- ENF OF RECEIVED DATA ---

{"city":{"id":2800866,"name":"Brussels","coord":{"lon":4.3488,"lat":50.8504},"country":"BE","population":1019022,"timezone":3600},"cod":"200","message":0.0311942,"cnt":4,"list":[{"dt":1740135600,"sunrise":1740120211,"sunset":1740157755,"temp":{"day":14.66,"min":11.16,"max":16.72,"night":11.95,"eve":13.98,"morn":11.6},"feels_like":{"day":13.96,"night":11.24,"eve":13.26,"morn":11.04},"pressure":1017,"humidity":68,"weather":[{"id":500,"main":"Rain","description":"light rain","icon":"10d"}],"speed":7.15,"deg":180,"gust":14.58,"clouds":100,"pop":0.91,"rain":0.56},{"dt":1740222000,"sunrise":1740206491,"sunset":1740244260,"temp":{"day":11.1,"min":7.69,"max":11.89,"night":7.69,"eve":9.65,"morn":11.29},"feels_like":{"day":10.46,"night":5.44,"eve":7.64,"morn":10.59},"pressure":1015,"humidity":84,"weather":[{"id":500,"main":"Rain","description":"light rain","icon":"10d"}],"speed":6.92,"deg":187,"gust":14.61,"clouds":100,"pop":1,"rain":1.03},{"dt":1740308400,"sunrise":1740292770,"sunset":1740330765,"temp":{"day":11.58,"min":4.83,"max":13.74,"night":9.85,"eve":11.33,"morn":5.07},"feels_like":{"day":10.54,"night":6.79,"eve":10.48,"morn":2.35},"pressure":1028,"humidity":67,"weather":[{"id":800,"main":"Clear","description":"sky is clear","icon":"01d"}],"speed":6.84,"deg":196,"gust":15.46,"clouds":0,"pop":0},{"dt":1740394800,"sunrise":1740379048,"sunset":1740417270,"temp":{"day":9.78,"min":8.91,"max":10.42,"night":8.91,"eve":9.14,"morn":10.31},"feels_like":{"day":6.41,"night":6.94,"eve":6.49,"morn":9.12},"pressure":1019,"humidity":85,"weather":[{"id":500,"main":"Rain","description":"light rain","icon":"10d"}],"speed":8.24,"deg":190,"gust":17.43,"clouds":100,"pop":1,"rain":7.33}]}
--- ENF OF RECEIVED DATA ---

