________________________________________________
|             CALL API : START                |
________________________________________________

Informations : 
Called API: meteo - 8 August 2024, 08:00
Method: GETMETEO - Timeout : 300 - Cache : 1
URL CALLED : https://api.openweathermap.org/data/2.5/forecast/daily?q=Brussels,be&units=metric&cnt=4&appid=ea18c0706135505149200c3836f29800
-------------------------
________________________________________________
|             CALL API : START                |
________________________________________________

Informations : 
Called API: meteo - 8 August 2024, 08:00
Method: GETMETEO - Timeout : 300 - Cache : 1
URL CALLED : https://api.openweathermap.org/data/2.5/forecast/daily?q=Brussels,be&units=metric&cnt=4&appid=ea18c0706135505149200c3836f29800
-------------------------
{"city":{"id":2800866,"name":"Brussels","coord":{"lon":4.3488,"lat":50.8504},"country":"BE","population":1019022,"timezone":7200},"cod":"200","message":0.068744,"cnt":4,"list":[{"dt":1723114800,"sunrise":1723090786,"sunset":1723144603,"temp":{"day":22.11,"min":15.52,"max":23.47,"night":20.79,"eve":23.08,"morn":16.32},"feels_like":{"day":21.81,"night":20.6,"eve":22.93,"morn":16.15},"pressure":1017,"humidity":55,"weather":[{"id":802,"main":"Clouds","description":"scattered clouds","icon":"03d"}],"speed":4.78,"deg":227,"gust":9.5,"clouds":35,"pop":0},{"dt":1723201200,"sunrise":1723177278,"sunset":1723230896,"temp":{"day":20.75,"min":16.63,"max":24.39,"night":16.63,"eve":23.6,"morn":19.55},"feels_like":{"day":21.02,"night":16.28,"eve":23.58,"morn":19.57},"pressure":1016,"humidity":82,"weather":[{"id":500,"main":"Rain","description":"light rain","icon":"10d"}],"speed":7.93,"deg":254,"gust":13.37,"clouds":100,"pop":1,"rain":0.95},{"dt":1723287600,"sunrise":1723263770,"sunset":1723317188,"temp":{"day":22.92,"min":13.89,"max":25.61,"night":18.71,"eve":25.17,"morn":14.02},"feels_like":{"day":22.76,"night":18.44,"eve":25.26,"morn":13.85},"pressure":1021,"humidity":57,"weather":[{"id":800,"main":"Clear","description":"sky is clear","icon":"01d"}],"speed":4.1,"deg":239,"gust":7.65,"clouds":8,"pop":0},{"dt":1723374000,"sunrise":1723350262,"sunset":1723403478,"temp":{"day":26.29,"min":16.52,"max":27.6,"night":21.5,"eve":25.29,"morn":16.59},"feels_like":{"day":26.29,"night":21.66,"eve":25.62,"morn":16.34},"pressure":1019,"humidity":56,"weather":[{"id":800,"main":"Clear","description":"sky is clear","icon":"01d"}],"speed":4.81,"deg":75,"gust":11.38,"clouds":3,"pop":0}]}
--- ENF OF RECEIVED DATA ---

{"city":{"id":2800866,"name":"Brussels","coord":{"lon":4.3488,"lat":50.8504},"country":"BE","population":1019022,"timezone":7200},"cod":"200","message":0.068744,"cnt":4,"list":[{"dt":1723114800,"sunrise":1723090786,"sunset":1723144603,"temp":{"day":22.11,"min":15.52,"max":23.47,"night":20.79,"eve":23.08,"morn":16.32},"feels_like":{"day":21.81,"night":20.6,"eve":22.93,"morn":16.15},"pressure":1017,"humidity":55,"weather":[{"id":802,"main":"Clouds","description":"scattered clouds","icon":"03d"}],"speed":4.78,"deg":227,"gust":9.5,"clouds":35,"pop":0},{"dt":1723201200,"sunrise":1723177278,"sunset":1723230896,"temp":{"day":20.75,"min":16.63,"max":24.39,"night":16.63,"eve":23.6,"morn":19.55},"feels_like":{"day":21.02,"night":16.28,"eve":23.58,"morn":19.57},"pressure":1016,"humidity":82,"weather":[{"id":500,"main":"Rain","description":"light rain","icon":"10d"}],"speed":7.93,"deg":254,"gust":13.37,"clouds":100,"pop":1,"rain":0.95},{"dt":1723287600,"sunrise":1723263770,"sunset":1723317188,"temp":{"day":22.92,"min":13.89,"max":25.61,"night":18.71,"eve":25.17,"morn":14.02},"feels_like":{"day":22.76,"night":18.44,"eve":25.26,"morn":13.85},"pressure":1021,"humidity":57,"weather":[{"id":800,"main":"Clear","description":"sky is clear","icon":"01d"}],"speed":4.1,"deg":239,"gust":7.65,"clouds":8,"pop":0},{"dt":1723374000,"sunrise":1723350262,"sunset":1723403478,"temp":{"day":26.29,"min":16.52,"max":27.6,"night":21.5,"eve":25.29,"morn":16.59},"feels_like":{"day":26.29,"night":21.66,"eve":25.62,"morn":16.34},"pressure":1019,"humidity":56,"weather":[{"id":800,"main":"Clear","description":"sky is clear","icon":"01d"}],"speed":4.81,"deg":75,"gust":11.38,"clouds":3,"pop":0}]}
--- ENF OF RECEIVED DATA ---

