________________________________________________
|             CALL API : START                |
________________________________________________

Informations : 
Called API: meteo - 28 November 2022, 14:50
Method: GETMETEO - Timeout : 300 - Cache : 1
URL CALLED : https://rmipro.meteo.be/products/bx1/5373bc0393d004fc/web_forecast
-------------------------
________________________________________________
|             CALL API : START                |
________________________________________________

Informations : 
Called API: meteo - 28 November 2022, 14:50
Method: GETMETEO - Timeout : 300 - Cache : 1
URL CALLED : https://rmipro.meteo.be/products/bx1/5373bc0393d004fc/web_forecast
-------------------------
<?xml version='1.0' encoding='UTF-8'?>
<meteo>
  <generationDate>28/11/2022 10:58</generationDate>
  <forecast date="20221128" period="PM">
    <titledate>28/11/22</titledate>
    <titleday>lundi</titleday>
    <data>
      <city>Ostende</city>
      <tempMax>11 </tempMax>
      <weathertype>TJ3</weathertype>
    </data>
    <data>
      <city>Anvers</city>
      <tempMax>11 </tempMax>
      <weathertype>TJ3</weathertype>
    </data>
    <data>
      <city>Bruxelles</city>
      <tempMax>11 </tempMax>
      <weathertype>TJ3</weathertype>
    </data>
    <data>
      <city>Namur</city>
      <tempMax>9 </tempMax>
      <weathertype>TJ3</weathertype>
    </data>
    <data>
      <city>Liege</city>
      <tempMax>10 </tempMax>
      <weathertype>TJ3</weathertype>
    </data>
    <data>
      <city>Arlon</city>
      <tempMax>7 </tempMax>
      <weathertype>TJ3</weathertype>
    </data>
  </forecast>
  <forecast date="20221128" period="NIGHT">
    <titledate>28/11/22</titledate>
    <titleday>lundi</titleday>
    <data>
      <city>Ostende</city>
      <tempMin>3 </tempMin>
      <weathertype>TNN26</weathertype>
    </data>
    <data>
      <city>Anvers</city>
      <tempMin>4 </tempMin>
      <weathertype>TNN26</weathertype>
    </data>
    <data>
      <city>Bruxelles</city>
      <tempMin>3 </tempMin>
      <weathertype>TNN24</weathertype>
    </data>
    <data>
      <city>Namur</city>
      <tempMin>4 </tempMin>
      <weathertype>TNN24</weathertype>
    </data>
    <data>
      <city>Liege</city>
      <tempMin>4 </tempMin>
      <weathertype>TNN3</weathertype>
    </data>
    <data>
      <city>Arlon</city>
      <tempMin>4 </tempMin>
      <weathertype>TNN24</weathertype>
    </data>
  </forecast>
  <forecast date="20221129" period="AM">
    <titledate>29/11/22</titledate>
    <titleday>mardi</titleday>
    <data>
      <city>Ostende</city>
      <tempMax>5 </tempMax>
      <weathertype>TJ26</weathertype>
    </data>
    <data>
      <city>Anvers</city>
      <tempMax>5 </tempMax>
      <weathertype>TJ24</weathertype>
    </data>
    <data>
      <city>Bruxelles</city>
      <tempMax>7 </tempMax>
      <weathertype>TJ24</weathertype>
    </data>
    <data>
      <city>Namur</city>
      <tempMax>8 </tempMax>
      <weathertype>TJ3</weathertype>
    </data>
    <data>
      <city>Liege</city>
      <tempMax>10 </tempMax>
      <weathertype>TJ3</weathertype>
    </data>
    <data>
      <city>Arlon</city>
      <tempMax>6 </tempMax>
      <weathertype>TJ3</weathertype>
    </data>
  </forecast>
  <forecast date="20221129" period="PM">
    <titledate>29/11/22</titledate>
    <titleday>mardi</titleday>
    <data>
      <city>Ostende</city>
      <tempMax>7 </tempMax>
      <weathertype>TJ3</weathertype>
    </data>
    <data>
      <city>Anvers</city>
      <tempMax>8 </tempMax>
      <weathertype>TJ3</weathertype>
    </data>
    <data>
      <city>Bruxelles</city>
      <tempMax>8 </tempMax>
      <weathertype>TJ3</weathertype>
    </data>
    <data>
      <city>Namur</city>
      <tempMax>8 </tempMax>
      <weathertype>TJ3</weathertype>
    </data>
    <data>
      <city>Liege</city>
      <tempMax>8 </tempMax>
      <weathertype>TJ3</weathertype>
    </data>
    <data>
      <city>Arlon</city>
      <tempMax>6 </tempMax>
      <weathertype>TJ3</weathertype>
    </data>
  </forecast>
  <forecast date="20221130" period="DAY">
    <titledate>30/11/22</titledate>
    <titleday>mercredi</titleday>
    <data>
      <city>Ostende</city>
      <tempMin>3 </tempMin>
      <tempMax>8 </tempMax>
      <weathertype>TJ10</weathertype>
    </data>
    <data>
      <city>Anvers</city>
      <tempMin>4 </tempMin>
      <tempMax>8 </tempMax>
      <weathertype>TJ3</weathertype>
    </data>
    <data>
      <city>Bruxelles</city>
      <tempMin>4 </tempMin>
      <tempMax>8 </tempMax>
      <weathertype>TJ3</weathertype>
    </data>
    <data>
      <city>Namur</city>
      <tempMin>3 </tempMin>
      <tempMax>6 </tempMax>
      <weathertype>TJ3</weathertype>
    </data>
    <data>
      <city>Liege</city>
      <tempMin>5 </tempMin>
      <tempMax>6 </tempMax>
      <weathertype>TJ10</weathertype>
    </data>
    <data>
      <city>Arlon</city>
      <tempMin>3 </tempMin>
      <tempMax>5 </tempMax>
      <weathertype>TJ10</weathertype>
    </data>
  </forecast>
  <forecast date="20221201" period="DAY">
    <titledate>01/12/22</titledate>
    <titleday>jeudi</titleday>
    <data>
      <city>Ostende</city>
      <tempMin>3 </tempMin>
      <tempMax>7 </tempMax>
      <weathertype>TJ26</weathertype>
    </data>
    <data>
      <city>Anvers</city>
      <tempMin>4 </tempMin>
      <tempMax>6 </tempMax>
      <weathertype>TJ26</weathertype>
    </data>
    <data>
      <city>Bruxelles</city>
      <tempMin>4 </tempMin>
      <tempMax>6 </tempMax>
      <weathertype>TJ26</weathertype>
    </data>
    <data>
      <city>Namur</city>
      <tempMin>-1 </tempMin>
      <tempMax>4 </tempMax>
      <weathertype>TJ26</weathertype>
    </data>
    <data>
      <city>Liege</city>
      <tempMin>3 </tempMin>
      <tempMax>5 </tempMax>
      <weathertype>TJ26</weathertype>
    </data>
    <data>
      <city>Arlon</city>
      <tempMin>-1 </tempMin>
      <tempMax>4 </tempMax>
      <weathertype>TJ26</weathertype>
    </data>
  </forecast>
  <forecast date="20221202" period="DAY">
    <titledate>02/12/22</titledate>
    <titleday>vendredi</titleday>
    <data>
      <city>Ostende</city>
      <tempMin>2 </tempMin>
      <tempMax>4 </tempMax>
      <weathertype>TJ3</weathertype>
    </data>
    <data>
      <city>Anvers</city>
      <tempMin>0 </tempMin>
      <tempMax>4 </tempMax>
      <weathertype>TJ3</weathertype>
    </data>
    <data>
      <city>Bruxelles</city>
      <tempMin>0 </tempMin>
      <tempMax>4 </tempMax>
      <weathertype>TJ3</weathertype>
    </data>
    <data>
      <city>Namur</city>
      <tempMin>-3 </tempMin>
      <tempMax>2 </tempMax>
      <weathertype>TJ3</weathertype>
    </data>
    <data>
      <city>Liege</city>
      <tempMin>0 </tempMin>
      <tempMax>3 </tempMax>
      <weathertype>TJ3</weathertype>
    </data>
    <data>
      <city>Arlon</city>
      <tempMin>-3 </tempMin>
      <tempMax>2 </tempMax>
      <weathertype>TJ3</weathertype>
    </data>
  </forecast>
  <forecast_foreign date="20221128" period="DAY">
    <titledate>28/11/22</titledate>
    <titleday>lundi</titleday>
    <data>
      <city>Paris</city>
      <temp>9 </temp>
      <weathertype>TJ4</weathertype>
    </data>
    <data>
      <city>Londres</city>
      <temp>10 </temp>
      <weathertype>TJ3</weathertype>
    </data>
    <data>
      <city>Amsterdam</city>
      <temp>9 </temp>
      <weathertype>TJ6</weathertype>
    </data>
  </forecast_foreign>
  <forecast_foreign date="20221129" period="DAY">
    <titledate>29/11/22</titledate>
    <titleday>mardi</titleday>
    <data>
      <city>Paris</city>
      <temp>7 </temp>
      <weathertype>TJ2</weathertype>
    </data>
    <data>
      <city>Londres</city>
      <temp>8 </temp>
      <weathertype>TJ4</weathertype>
    </data>
    <data>
      <city>Amsterdam</city>
      <temp>8 </temp>
      <weathertype>TJ4</weathertype>
    </data>
  </forecast_foreign>
  <Ephemerides>
    <Ephemeride>
      <titledate>28/11/22</titledate>
      <titleday>lundi</titleday>
      <data>
        <sunRise>08:19</sunRise>
        <sunSet>16:43</sunSet>
        <gain>-3 </gain>
      </data>
    </Ephemeride>
    <Ephemeride>
      <titledate>29/11/22</titledate>
      <titleday>mardi</titleday>
      <data>
        <sunRise>08:20</sunRise>
        <sunSet>16:43</sunSet>
        <gain>-1 </gain>
      </data>
    </Ephemeride>
    <Ephemeride>
      <titledate>30/11/22</titledate>
      <titleday>mercredi</titleday>
      <data>
        <sunRise>08:21</sunRise>
        <sunSet>16:42</sunSet>
        <gain>-2 </gain>
      </data>
    </Ephemeride>
    <Ephemeride>
      <titledate>01/12/22</titledate>
      <titleday>jeudi</titleday>
      <data>
        <sunRise>08:23</sunRise>
        <sunSet>16:41</sunSet>
        <gain>-3 </gain>
      </data>
    </Ephemeride>
  </Ephemerides>
  <indices>
    <indice>
      <titledate>28/11/22</titledate>
      <titleday>lundi</titleday>
      <data>
        <value>5</value>
        <evaluation>moyenne</evaluation>
      </data>
    </indice>
    <indice>
      <titledate>29/11/22</titledate>
      <titleday>mardi</titleday>
      <data>
        <value>7</value>
        <evaluation>très médiocre</evaluation>
      </data>
    </indice>
    <indice>
      <titledate>30/11/22</titledate>
      <titleday>mercredi</titleday>
      <data>
        <value>6</value>
        <evaluation>médiocre</evaluation>
      </data>
    </indice>
  </indices>
</meteo>

--- ENF OF RECEIVED DATA ---

<?xml version='1.0' encoding='UTF-8'?>
<meteo>
  <generationDate>28/11/2022 10:58</generationDate>
  <forecast date="20221128" period="PM">
    <titledate>28/11/22</titledate>
    <titleday>lundi</titleday>
    <data>
      <city>Ostende</city>
      <tempMax>11 </tempMax>
      <weathertype>TJ3</weathertype>
    </data>
    <data>
      <city>Anvers</city>
      <tempMax>11 </tempMax>
      <weathertype>TJ3</weathertype>
    </data>
    <data>
      <city>Bruxelles</city>
      <tempMax>11 </tempMax>
      <weathertype>TJ3</weathertype>
    </data>
    <data>
      <city>Namur</city>
      <tempMax>9 </tempMax>
      <weathertype>TJ3</weathertype>
    </data>
    <data>
      <city>Liege</city>
      <tempMax>10 </tempMax>
      <weathertype>TJ3</weathertype>
    </data>
    <data>
      <city>Arlon</city>
      <tempMax>7 </tempMax>
      <weathertype>TJ3</weathertype>
    </data>
  </forecast>
  <forecast date="20221128" period="NIGHT">
    <titledate>28/11/22</titledate>
    <titleday>lundi</titleday>
    <data>
      <city>Ostende</city>
      <tempMin>3 </tempMin>
      <weathertype>TNN26</weathertype>
    </data>
    <data>
      <city>Anvers</city>
      <tempMin>4 </tempMin>
      <weathertype>TNN26</weathertype>
    </data>
    <data>
      <city>Bruxelles</city>
      <tempMin>3 </tempMin>
      <weathertype>TNN24</weathertype>
    </data>
    <data>
      <city>Namur</city>
      <tempMin>4 </tempMin>
      <weathertype>TNN24</weathertype>
    </data>
    <data>
      <city>Liege</city>
      <tempMin>4 </tempMin>
      <weathertype>TNN3</weathertype>
    </data>
    <data>
      <city>Arlon</city>
      <tempMin>4 </tempMin>
      <weathertype>TNN24</weathertype>
    </data>
  </forecast>
  <forecast date="20221129" period="AM">
    <titledate>29/11/22</titledate>
    <titleday>mardi</titleday>
    <data>
      <city>Ostende</city>
      <tempMax>5 </tempMax>
      <weathertype>TJ26</weathertype>
    </data>
    <data>
      <city>Anvers</city>
      <tempMax>5 </tempMax>
      <weathertype>TJ24</weathertype>
    </data>
    <data>
      <city>Bruxelles</city>
      <tempMax>7 </tempMax>
      <weathertype>TJ24</weathertype>
    </data>
    <data>
      <city>Namur</city>
      <tempMax>8 </tempMax>
      <weathertype>TJ3</weathertype>
    </data>
    <data>
      <city>Liege</city>
      <tempMax>10 </tempMax>
      <weathertype>TJ3</weathertype>
    </data>
    <data>
      <city>Arlon</city>
      <tempMax>6 </tempMax>
      <weathertype>TJ3</weathertype>
    </data>
  </forecast>
  <forecast date="20221129" period="PM">
    <titledate>29/11/22</titledate>
    <titleday>mardi</titleday>
    <data>
      <city>Ostende</city>
      <tempMax>7 </tempMax>
      <weathertype>TJ3</weathertype>
    </data>
    <data>
      <city>Anvers</city>
      <tempMax>8 </tempMax>
      <weathertype>TJ3</weathertype>
    </data>
    <data>
      <city>Bruxelles</city>
      <tempMax>8 </tempMax>
      <weathertype>TJ3</weathertype>
    </data>
    <data>
      <city>Namur</city>
      <tempMax>8 </tempMax>
      <weathertype>TJ3</weathertype>
    </data>
    <data>
      <city>Liege</city>
      <tempMax>8 </tempMax>
      <weathertype>TJ3</weathertype>
    </data>
    <data>
      <city>Arlon</city>
      <tempMax>6 </tempMax>
      <weathertype>TJ3</weathertype>
    </data>
  </forecast>
  <forecast date="20221130" period="DAY">
    <titledate>30/11/22</titledate>
    <titleday>mercredi</titleday>
    <data>
      <city>Ostende</city>
      <tempMin>3 </tempMin>
      <tempMax>8 </tempMax>
      <weathertype>TJ10</weathertype>
    </data>
    <data>
      <city>Anvers</city>
      <tempMin>4 </tempMin>
      <tempMax>8 </tempMax>
      <weathertype>TJ3</weathertype>
    </data>
    <data>
      <city>Bruxelles</city>
      <tempMin>4 </tempMin>
      <tempMax>8 </tempMax>
      <weathertype>TJ3</weathertype>
    </data>
    <data>
      <city>Namur</city>
      <tempMin>3 </tempMin>
      <tempMax>6 </tempMax>
      <weathertype>TJ3</weathertype>
    </data>
    <data>
      <city>Liege</city>
      <tempMin>5 </tempMin>
      <tempMax>6 </tempMax>
      <weathertype>TJ10</weathertype>
    </data>
    <data>
      <city>Arlon</city>
      <tempMin>3 </tempMin>
      <tempMax>5 </tempMax>
      <weathertype>TJ10</weathertype>
    </data>
  </forecast>
  <forecast date="20221201" period="DAY">
    <titledate>01/12/22</titledate>
    <titleday>jeudi</titleday>
    <data>
      <city>Ostende</city>
      <tempMin>3 </tempMin>
      <tempMax>7 </tempMax>
      <weathertype>TJ26</weathertype>
    </data>
    <data>
      <city>Anvers</city>
      <tempMin>4 </tempMin>
      <tempMax>6 </tempMax>
      <weathertype>TJ26</weathertype>
    </data>
    <data>
      <city>Bruxelles</city>
      <tempMin>4 </tempMin>
      <tempMax>6 </tempMax>
      <weathertype>TJ26</weathertype>
    </data>
    <data>
      <city>Namur</city>
      <tempMin>-1 </tempMin>
      <tempMax>4 </tempMax>
      <weathertype>TJ26</weathertype>
    </data>
    <data>
      <city>Liege</city>
      <tempMin>3 </tempMin>
      <tempMax>5 </tempMax>
      <weathertype>TJ26</weathertype>
    </data>
    <data>
      <city>Arlon</city>
      <tempMin>-1 </tempMin>
      <tempMax>4 </tempMax>
      <weathertype>TJ26</weathertype>
    </data>
  </forecast>
  <forecast date="20221202" period="DAY">
    <titledate>02/12/22</titledate>
    <titleday>vendredi</titleday>
    <data>
      <city>Ostende</city>
      <tempMin>2 </tempMin>
      <tempMax>4 </tempMax>
      <weathertype>TJ3</weathertype>
    </data>
    <data>
      <city>Anvers</city>
      <tempMin>0 </tempMin>
      <tempMax>4 </tempMax>
      <weathertype>TJ3</weathertype>
    </data>
    <data>
      <city>Bruxelles</city>
      <tempMin>0 </tempMin>
      <tempMax>4 </tempMax>
      <weathertype>TJ3</weathertype>
    </data>
    <data>
      <city>Namur</city>
      <tempMin>-3 </tempMin>
      <tempMax>2 </tempMax>
      <weathertype>TJ3</weathertype>
    </data>
    <data>
      <city>Liege</city>
      <tempMin>0 </tempMin>
      <tempMax>3 </tempMax>
      <weathertype>TJ3</weathertype>
    </data>
    <data>
      <city>Arlon</city>
      <tempMin>-3 </tempMin>
      <tempMax>2 </tempMax>
      <weathertype>TJ3</weathertype>
    </data>
  </forecast>
  <forecast_foreign date="20221128" period="DAY">
    <titledate>28/11/22</titledate>
    <titleday>lundi</titleday>
    <data>
      <city>Paris</city>
      <temp>9 </temp>
      <weathertype>TJ4</weathertype>
    </data>
    <data>
      <city>Londres</city>
      <temp>10 </temp>
      <weathertype>TJ3</weathertype>
    </data>
    <data>
      <city>Amsterdam</city>
      <temp>9 </temp>
      <weathertype>TJ6</weathertype>
    </data>
  </forecast_foreign>
  <forecast_foreign date="20221129" period="DAY">
    <titledate>29/11/22</titledate>
    <titleday>mardi</titleday>
    <data>
      <city>Paris</city>
      <temp>7 </temp>
      <weathertype>TJ2</weathertype>
    </data>
    <data>
      <city>Londres</city>
      <temp>8 </temp>
      <weathertype>TJ4</weathertype>
    </data>
    <data>
      <city>Amsterdam</city>
      <temp>8 </temp>
      <weathertype>TJ4</weathertype>
    </data>
  </forecast_foreign>
  <Ephemerides>
    <Ephemeride>
      <titledate>28/11/22</titledate>
      <titleday>lundi</titleday>
      <data>
        <sunRise>08:19</sunRise>
        <sunSet>16:43</sunSet>
        <gain>-3 </gain>
      </data>
    </Ephemeride>
    <Ephemeride>
      <titledate>29/11/22</titledate>
      <titleday>mardi</titleday>
      <data>
        <sunRise>08:20</sunRise>
        <sunSet>16:43</sunSet>
        <gain>-1 </gain>
      </data>
    </Ephemeride>
    <Ephemeride>
      <titledate>30/11/22</titledate>
      <titleday>mercredi</titleday>
      <data>
        <sunRise>08:21</sunRise>
        <sunSet>16:42</sunSet>
        <gain>-2 </gain>
      </data>
    </Ephemeride>
    <Ephemeride>
      <titledate>01/12/22</titledate>
      <titleday>jeudi</titleday>
      <data>
        <sunRise>08:23</sunRise>
        <sunSet>16:41</sunSet>
        <gain>-3 </gain>
      </data>
    </Ephemeride>
  </Ephemerides>
  <indices>
    <indice>
      <titledate>28/11/22</titledate>
      <titleday>lundi</titleday>
      <data>
        <value>5</value>
        <evaluation>moyenne</evaluation>
      </data>
    </indice>
    <indice>
      <titledate>29/11/22</titledate>
      <titleday>mardi</titleday>
      <data>
        <value>7</value>
        <evaluation>très médiocre</evaluation>
      </data>
    </indice>
    <indice>
      <titledate>30/11/22</titledate>
      <titleday>mercredi</titleday>
      <data>
        <value>6</value>
        <evaluation>médiocre</evaluation>
      </data>
    </indice>
  </indices>
</meteo>

--- ENF OF RECEIVED DATA ---

