________________________________________________
|             CALL API : START                |
________________________________________________

Informations : 
Called API: meteo - 20 June 2024, 14:40
Method: GETMETEO - Timeout : 300 - Cache : 1
URL CALLED : https://api.openweathermap.org/data/2.5/forecast/daily?q=Brussels,be&units=metric&cnt=4&appid=ea18c0706135505149200c3836f29800
-------------------------
________________________________________________
|             CALL API : START                |
________________________________________________

Informations : 
Called API: meteo - 20 June 2024, 14:40
Method: GETMETEO - Timeout : 300 - Cache : 1
URL CALLED : https://api.openweathermap.org/data/2.5/forecast/daily?q=Brussels,be&units=metric&cnt=4&appid=ea18c0706135505149200c3836f29800
-------------------------
{"city":{"id":2800866,"name":"Brussels","coord":{"lon":4.3488,"lat":50.8504},"country":"BE","population":1019022,"timezone":7200},"cod":"200","message":5.669815,"cnt":4,"list":[{"dt":1718881200,"sunrise":1718854121,"sunset":1718913586,"temp":{"day":19.03,"min":11.49,"max":19.4,"night":14.45,"eve":16.06,"morn":12.63},"feels_like":{"day":18.84,"night":14.46,"eve":16.12,"morn":12.35},"pressure":1018,"humidity":71,"weather":[{"id":501,"main":"Rain","description":"moderate rain","icon":"10d"}],"speed":4.93,"deg":69,"gust":10.28,"clouds":52,"pop":1,"rain":4.64},{"dt":1718967600,"sunrise":1718940532,"sunset":1718999999,"temp":{"day":19.32,"min":12.8,"max":21,"night":15.37,"eve":18.4,"morn":13.93},"feels_like":{"day":19.21,"night":15.5,"eve":18.57,"morn":13.91},"pressure":1015,"humidity":73,"weather":[{"id":501,"main":"Rain","description":"moderate rain","icon":"10d"}],"speed":3.46,"deg":222,"gust":7.41,"clouds":98,"pop":1,"rain":4.8},{"dt":1719054000,"sunrise":1719026947,"sunset":1719086409,"temp":{"day":13.9,"min":12.24,"max":18.85,"night":13.66,"eve":18.85,"morn":12.76},"feels_like":{"day":13.8,"night":13.48,"eve":18.7,"morn":12.52},"pressure":1015,"humidity":94,"weather":[{"id":500,"main":"Rain","description":"light rain","icon":"10d"}],"speed":5.03,"deg":228,"gust":9.44,"clouds":100,"pop":1,"rain":4.34},{"dt":1719140400,"sunrise":1719113364,"sunset":1719172815,"temp":{"day":20.38,"min":10.82,"max":22.43,"night":15.78,"eve":20.97,"morn":11.69},"feels_like":{"day":20.12,"night":15.55,"eve":20.87,"morn":11.32},"pressure":1020,"humidity":63,"weather":[{"id":802,"main":"Clouds","description":"scattered clouds","icon":"03d"}],"speed":3.3,"deg":230,"gust":5.76,"clouds":34,"pop":0}]}
--- ENF OF RECEIVED DATA ---

{"city":{"id":2800866,"name":"Brussels","coord":{"lon":4.3488,"lat":50.8504},"country":"BE","population":1019022,"timezone":7200},"cod":"200","message":5.669815,"cnt":4,"list":[{"dt":1718881200,"sunrise":1718854121,"sunset":1718913586,"temp":{"day":19.03,"min":11.49,"max":19.4,"night":14.45,"eve":16.06,"morn":12.63},"feels_like":{"day":18.84,"night":14.46,"eve":16.12,"morn":12.35},"pressure":1018,"humidity":71,"weather":[{"id":501,"main":"Rain","description":"moderate rain","icon":"10d"}],"speed":4.93,"deg":69,"gust":10.28,"clouds":52,"pop":1,"rain":4.64},{"dt":1718967600,"sunrise":1718940532,"sunset":1718999999,"temp":{"day":19.32,"min":12.8,"max":21,"night":15.37,"eve":18.4,"morn":13.93},"feels_like":{"day":19.21,"night":15.5,"eve":18.57,"morn":13.91},"pressure":1015,"humidity":73,"weather":[{"id":501,"main":"Rain","description":"moderate rain","icon":"10d"}],"speed":3.46,"deg":222,"gust":7.41,"clouds":98,"pop":1,"rain":4.8},{"dt":1719054000,"sunrise":1719026947,"sunset":1719086409,"temp":{"day":13.9,"min":12.24,"max":18.85,"night":13.66,"eve":18.85,"morn":12.76},"feels_like":{"day":13.8,"night":13.48,"eve":18.7,"morn":12.52},"pressure":1015,"humidity":94,"weather":[{"id":500,"main":"Rain","description":"light rain","icon":"10d"}],"speed":5.03,"deg":228,"gust":9.44,"clouds":100,"pop":1,"rain":4.34},{"dt":1719140400,"sunrise":1719113364,"sunset":1719172815,"temp":{"day":20.38,"min":10.82,"max":22.43,"night":15.78,"eve":20.97,"morn":11.69},"feels_like":{"day":20.12,"night":15.55,"eve":20.87,"morn":11.32},"pressure":1020,"humidity":63,"weather":[{"id":802,"main":"Clouds","description":"scattered clouds","icon":"03d"}],"speed":3.3,"deg":230,"gust":5.76,"clouds":34,"pop":0}]}
--- ENF OF RECEIVED DATA ---

