________________________________________________
|             CALL API : START                |
________________________________________________

Informations : 
Called API: meteo - 14 January 2024, 16:10
Method: GETMETEO - Timeout : 300 - Cache : 1
URL CALLED : https://api.openweathermap.org/data/2.5/forecast/daily?q=Brussels,be&units=metric&cnt=4&appid=ea18c0706135505149200c3836f29800
-------------------------
________________________________________________
|             CALL API : START                |
________________________________________________

Informations : 
Called API: meteo - 14 January 2024, 16:10
Method: GETMETEO - Timeout : 300 - Cache : 1
URL CALLED : https://api.openweathermap.org/data/2.5/forecast/daily?q=Brussels,be&units=metric&cnt=4&appid=ea18c0706135505149200c3836f29800
-------------------------
{"city":{"id":2800866,"name":"Brussels","coord":{"lon":4.3488,"lat":50.8504},"country":"BE","population":1019022,"timezone":3600},"cod":"200","message":8.0051737,"cnt":4,"list":[{"dt":1705230000,"sunrise":1705217995,"sunset":1705248148,"temp":{"day":0.77,"min":0.05,"max":2.25,"night":2.25,"eve":0.53,"morn":0.98},"feels_like":{"day":-4.06,"night":-1.9,"eve":-4.24,"morn":-3.28},"pressure":1012,"humidity":85,"weather":[{"id":804,"main":"Clouds","description":"overcast clouds","icon":"04d"}],"speed":5.57,"deg":225,"gust":10.77,"clouds":100,"pop":0.35},{"dt":1705316400,"sunrise":1705304350,"sunset":1705334637,"temp":{"day":2.89,"min":0.24,"max":3,"night":0.56,"eve":1.24,"morn":1.09},"feels_like":{"day":-2.18,"night":-3.78,"eve":-3.77,"morn":-3.46},"pressure":1007,"humidity":68,"weather":[{"id":616,"main":"Snow","description":"rain and snow","icon":"13d"}],"speed":7.41,"deg":297,"gust":12.06,"clouds":79,"pop":0.72,"rain":0.12,"snow":1.17},{"dt":1705402800,"sunrise":1705390702,"sunset":1705421127,"temp":{"day":1.25,"min":-1.21,"max":2.08,"night":-1.21,"eve":-0.65,"morn":-0.45},"feels_like":{"day":-3.31,"night":-5.93,"eve":-4.73,"morn":-4.77},"pressure":1014,"humidity":58,"weather":[{"id":600,"main":"Snow","description":"light snow","icon":"13d"}],"speed":5.5,"deg":239,"gust":10.36,"clouds":67,"pop":0.23,"snow":0.11},{"dt":1705489200,"sunrise":1705477052,"sunset":1705507619,"temp":{"day":0.16,"min":-1.34,"max":0.16,"night":-0.49,"eve":-0.25,"morn":-1.09},"feels_like":{"day":-1.8,"night":-5.26,"eve":-4.5,"morn":-4.6},"pressure":996,"humidity":91,"weather":[{"id":601,"main":"Snow","description":"snow","icon":"13d"}],"speed":4.56,"deg":46,"gust":10.07,"clouds":100,"pop":1,"snow":9.87}]}
--- ENF OF RECEIVED DATA ---

{"city":{"id":2800866,"name":"Brussels","coord":{"lon":4.3488,"lat":50.8504},"country":"BE","population":1019022,"timezone":3600},"cod":"200","message":8.0051737,"cnt":4,"list":[{"dt":1705230000,"sunrise":1705217995,"sunset":1705248148,"temp":{"day":0.77,"min":0.05,"max":2.25,"night":2.25,"eve":0.53,"morn":0.98},"feels_like":{"day":-4.06,"night":-1.9,"eve":-4.24,"morn":-3.28},"pressure":1012,"humidity":85,"weather":[{"id":804,"main":"Clouds","description":"overcast clouds","icon":"04d"}],"speed":5.57,"deg":225,"gust":10.77,"clouds":100,"pop":0.35},{"dt":1705316400,"sunrise":1705304350,"sunset":1705334637,"temp":{"day":2.89,"min":0.24,"max":3,"night":0.56,"eve":1.24,"morn":1.09},"feels_like":{"day":-2.18,"night":-3.78,"eve":-3.77,"morn":-3.46},"pressure":1007,"humidity":68,"weather":[{"id":616,"main":"Snow","description":"rain and snow","icon":"13d"}],"speed":7.41,"deg":297,"gust":12.06,"clouds":79,"pop":0.72,"rain":0.12,"snow":1.17},{"dt":1705402800,"sunrise":1705390702,"sunset":1705421127,"temp":{"day":1.25,"min":-1.21,"max":2.08,"night":-1.21,"eve":-0.65,"morn":-0.45},"feels_like":{"day":-3.31,"night":-5.93,"eve":-4.73,"morn":-4.77},"pressure":1014,"humidity":58,"weather":[{"id":600,"main":"Snow","description":"light snow","icon":"13d"}],"speed":5.5,"deg":239,"gust":10.36,"clouds":67,"pop":0.23,"snow":0.11},{"dt":1705489200,"sunrise":1705477052,"sunset":1705507619,"temp":{"day":0.16,"min":-1.34,"max":0.16,"night":-0.49,"eve":-0.25,"morn":-1.09},"feels_like":{"day":-1.8,"night":-5.26,"eve":-4.5,"morn":-4.6},"pressure":996,"humidity":91,"weather":[{"id":601,"main":"Snow","description":"snow","icon":"13d"}],"speed":4.56,"deg":46,"gust":10.07,"clouds":100,"pop":1,"snow":9.87}]}
--- ENF OF RECEIVED DATA ---

