________________________________________________
|             CALL API : START                |
________________________________________________

Informations : 
Called API: meteo - 5 January 2025, 04:10
Method: GETMETEO - Timeout : 300 - Cache : 1
URL CALLED : https://api.openweathermap.org/data/2.5/forecast/daily?q=Brussels,be&units=metric&cnt=4&appid=ea18c0706135505149200c3836f29800
-------------------------
________________________________________________
|             CALL API : START                |
________________________________________________

Informations : 
Called API: meteo - 5 January 2025, 04:10
Method: GETMETEO - Timeout : 300 - Cache : 1
URL CALLED : https://api.openweathermap.org/data/2.5/forecast/daily?q=Brussels,be&units=metric&cnt=4&appid=ea18c0706135505149200c3836f29800
-------------------------
{"city":{"id":2800866,"name":"Brussels","coord":{"lon":4.3488,"lat":50.8504},"country":"BE","population":1019022,"timezone":3600},"cod":"200","message":0.0595433,"cnt":4,"list":[{"dt":1736074800,"sunrise":1736063053,"sunset":1736092288,"temp":{"day":9.72,"min":0.14,"max":11.42,"night":10.47,"eve":10.47,"morn":0.65},"feels_like":{"day":5.93,"night":9.87,"eve":9.9,"morn":-3.64},"pressure":995,"humidity":94,"weather":[{"id":616,"main":"Snow","description":"rain and snow","icon":"13d"}],"speed":10.81,"deg":222,"gust":20.21,"clouds":100,"pop":1,"rain":15.51,"snow":0.92},{"dt":1736161200,"sunrise":1736149433,"sunset":1736178760,"temp":{"day":12.2,"min":5.58,"max":12.2,"night":5.58,"eve":7.28,"morn":10.38},"feels_like":{"day":11.38,"night":0.03,"eve":1.82,"morn":9.75},"pressure":983,"humidity":73,"weather":[{"id":500,"main":"Rain","description":"light rain","icon":"10d"}],"speed":16.87,"deg":196,"gust":28.31,"clouds":91,"pop":1,"rain":2.99},{"dt":1736247600,"sunrise":1736235809,"sunset":1736265234,"temp":{"day":4.54,"min":1.69,"max":4.71,"night":2.4,"eve":2.84,"morn":3.57},"feels_like":{"day":-0.55,"night":-2.93,"eve":-1.97,"morn":-0.92},"pressure":999,"humidity":65,"weather":[{"id":616,"main":"Snow","description":"rain and snow","icon":"13d"}],"speed":10.08,"deg":231,"gust":17.78,"clouds":75,"pop":1,"rain":3.18,"snow":2.11},{"dt":1736334000,"sunrise":1736322183,"sunset":1736351711,"temp":{"day":3.89,"min":0.8,"max":3.89,"night":2.69,"eve":3,"morn":0.8},"feels_like":{"day":1.42,"night":0.29,"eve":3,"morn":-3.72},"pressure":1002,"humidity":78,"weather":[{"id":616,"main":"Snow","description":"rain and snow","icon":"13d"}],"speed":7.58,"deg":227,"gust":13.02,"clouds":98,"pop":0.93,"rain":0.22,"snow":0.17}]}
--- ENF OF RECEIVED DATA ---

{"city":{"id":2800866,"name":"Brussels","coord":{"lon":4.3488,"lat":50.8504},"country":"BE","population":1019022,"timezone":3600},"cod":"200","message":0.0595433,"cnt":4,"list":[{"dt":1736074800,"sunrise":1736063053,"sunset":1736092288,"temp":{"day":9.72,"min":0.14,"max":11.42,"night":10.47,"eve":10.47,"morn":0.65},"feels_like":{"day":5.93,"night":9.87,"eve":9.9,"morn":-3.64},"pressure":995,"humidity":94,"weather":[{"id":616,"main":"Snow","description":"rain and snow","icon":"13d"}],"speed":10.81,"deg":222,"gust":20.21,"clouds":100,"pop":1,"rain":15.51,"snow":0.92},{"dt":1736161200,"sunrise":1736149433,"sunset":1736178760,"temp":{"day":12.2,"min":5.58,"max":12.2,"night":5.58,"eve":7.28,"morn":10.38},"feels_like":{"day":11.38,"night":0.03,"eve":1.82,"morn":9.75},"pressure":983,"humidity":73,"weather":[{"id":500,"main":"Rain","description":"light rain","icon":"10d"}],"speed":16.87,"deg":196,"gust":28.31,"clouds":91,"pop":1,"rain":2.99},{"dt":1736247600,"sunrise":1736235809,"sunset":1736265234,"temp":{"day":4.54,"min":1.69,"max":4.71,"night":2.4,"eve":2.84,"morn":3.57},"feels_like":{"day":-0.55,"night":-2.93,"eve":-1.97,"morn":-0.92},"pressure":999,"humidity":65,"weather":[{"id":616,"main":"Snow","description":"rain and snow","icon":"13d"}],"speed":10.08,"deg":231,"gust":17.78,"clouds":75,"pop":1,"rain":3.18,"snow":2.11},{"dt":1736334000,"sunrise":1736322183,"sunset":1736351711,"temp":{"day":3.89,"min":0.8,"max":3.89,"night":2.69,"eve":3,"morn":0.8},"feels_like":{"day":1.42,"night":0.29,"eve":3,"morn":-3.72},"pressure":1002,"humidity":78,"weather":[{"id":616,"main":"Snow","description":"rain and snow","icon":"13d"}],"speed":7.58,"deg":227,"gust":13.02,"clouds":98,"pop":0.93,"rain":0.22,"snow":0.17}]}
--- ENF OF RECEIVED DATA ---

