________________________________________________
|             CALL API : START                |
________________________________________________

Informations : 
Called API: meteo - 6 September 2023, 00:10
Method: GETMETEO - Timeout : 300 - Cache : 1
URL CALLED : https://api.openweathermap.org/data/2.5/forecast/daily?q=Brussels,be&units=metric&cnt=4&appid=ea18c0706135505149200c3836f29800
-------------------------
________________________________________________
|             CALL API : START                |
________________________________________________

Informations : 
Called API: meteo - 6 September 2023, 00:10
Method: GETMETEO - Timeout : 300 - Cache : 1
URL CALLED : https://api.openweathermap.org/data/2.5/forecast/daily?q=Brussels,be&units=metric&cnt=4&appid=ea18c0706135505149200c3836f29800
-------------------------
{"city":{"id":2800866,"name":"Brussels","coord":{"lon":4.3488,"lat":50.8504},"country":"BE","population":1019022,"timezone":7200},"cod":"200","message":75.6017846,"cnt":4,"list":[{"dt":1693998000,"sunrise":1693976609,"sunset":1694024350,"temp":{"day":28.25,"min":18.58,"max":30.2,"night":21.53,"eve":27.77,"morn":18.58},"feels_like":{"day":27.62,"night":21.36,"eve":28.03,"morn":18.11},"pressure":1019,"humidity":36,"weather":[{"id":800,"main":"Clear","description":"sky is clear","icon":"01d"}],"speed":3.03,"deg":147,"gust":5.16,"clouds":1,"pop":0},{"dt":1694084400,"sunrise":1694063101,"sunset":1694110617,"temp":{"day":27.67,"min":17.45,"max":30.09,"night":21.5,"eve":27.37,"morn":17.45},"feels_like":{"day":27.58,"night":21.4,"eve":27.92,"morn":16.87},"pressure":1018,"humidity":43,"weather":[{"id":800,"main":"Clear","description":"sky is clear","icon":"01d"}],"speed":4.07,"deg":117,"gust":5.79,"clouds":3,"pop":0},{"dt":1694170800,"sunrise":1694149593,"sunset":1694196883,"temp":{"day":27.99,"min":18.38,"max":29.96,"night":21.11,"eve":24.63,"morn":18.38},"feels_like":{"day":28.35,"night":21.13,"eve":24.74,"morn":18.13},"pressure":1018,"humidity":49,"weather":[{"id":800,"main":"Clear","description":"sky is clear","icon":"01d"}],"speed":2.61,"deg":151,"gust":3.52,"clouds":4,"pop":0},{"dt":1694257200,"sunrise":1694236086,"sunset":1694283148,"temp":{"day":28.36,"min":18.31,"max":29.28,"night":21.22,"eve":23.97,"morn":18.51},"feels_like":{"day":28.31,"night":21.09,"eve":23.94,"morn":18.43},"pressure":1019,"humidity":44,"weather":[{"id":800,"main":"Clear","description":"sky is clear","icon":"01d"}],"speed":2.11,"deg":6,"gust":2.29,"clouds":0,"pop":0}]}
--- ENF OF RECEIVED DATA ---

{"city":{"id":2800866,"name":"Brussels","coord":{"lon":4.3488,"lat":50.8504},"country":"BE","population":1019022,"timezone":7200},"cod":"200","message":75.6017846,"cnt":4,"list":[{"dt":1693998000,"sunrise":1693976609,"sunset":1694024350,"temp":{"day":28.25,"min":18.58,"max":30.2,"night":21.53,"eve":27.77,"morn":18.58},"feels_like":{"day":27.62,"night":21.36,"eve":28.03,"morn":18.11},"pressure":1019,"humidity":36,"weather":[{"id":800,"main":"Clear","description":"sky is clear","icon":"01d"}],"speed":3.03,"deg":147,"gust":5.16,"clouds":1,"pop":0},{"dt":1694084400,"sunrise":1694063101,"sunset":1694110617,"temp":{"day":27.67,"min":17.45,"max":30.09,"night":21.5,"eve":27.37,"morn":17.45},"feels_like":{"day":27.58,"night":21.4,"eve":27.92,"morn":16.87},"pressure":1018,"humidity":43,"weather":[{"id":800,"main":"Clear","description":"sky is clear","icon":"01d"}],"speed":4.07,"deg":117,"gust":5.79,"clouds":3,"pop":0},{"dt":1694170800,"sunrise":1694149593,"sunset":1694196883,"temp":{"day":27.99,"min":18.38,"max":29.96,"night":21.11,"eve":24.63,"morn":18.38},"feels_like":{"day":28.35,"night":21.13,"eve":24.74,"morn":18.13},"pressure":1018,"humidity":49,"weather":[{"id":800,"main":"Clear","description":"sky is clear","icon":"01d"}],"speed":2.61,"deg":151,"gust":3.52,"clouds":4,"pop":0},{"dt":1694257200,"sunrise":1694236086,"sunset":1694283148,"temp":{"day":28.36,"min":18.31,"max":29.28,"night":21.22,"eve":23.97,"morn":18.51},"feels_like":{"day":28.31,"night":21.09,"eve":23.94,"morn":18.43},"pressure":1019,"humidity":44,"weather":[{"id":800,"main":"Clear","description":"sky is clear","icon":"01d"}],"speed":2.11,"deg":6,"gust":2.29,"clouds":0,"pop":0}]}
--- ENF OF RECEIVED DATA ---

