________________________________________________
|             CALL API : START                |
________________________________________________

Informations : 
Called API: meteo - 5 October 2024, 17:00
Method: GETMETEO - Timeout : 300 - Cache : 1
URL CALLED : https://api.openweathermap.org/data/2.5/forecast/daily?q=Brussels,be&units=metric&cnt=4&appid=ea18c0706135505149200c3836f29800
-------------------------
________________________________________________
|             CALL API : START                |
________________________________________________

Informations : 
Called API: meteo - 5 October 2024, 17:00
Method: GETMETEO - Timeout : 300 - Cache : 1
URL CALLED : https://api.openweathermap.org/data/2.5/forecast/daily?q=Brussels,be&units=metric&cnt=4&appid=ea18c0706135505149200c3836f29800
-------------------------
{"city":{"id":2800866,"name":"Brussels","coord":{"lon":4.3488,"lat":50.8504},"country":"BE","population":1019022,"timezone":7200},"cod":"200","message":0.0542652,"cnt":4,"list":[{"dt":1728126000,"sunrise":1728107379,"sunset":1728148318,"temp":{"day":14.88,"min":7.36,"max":15.87,"night":9.87,"eve":14.61,"morn":7.53},"feels_like":{"day":13.86,"night":8.37,"eve":13.72,"morn":6.09},"pressure":1017,"humidity":55,"weather":[{"id":800,"main":"Clear","description":"sky is clear","icon":"01d"}],"speed":3.58,"deg":124,"gust":7.71,"clouds":4,"pop":0},{"dt":1728212400,"sunrise":1728193875,"sunset":1728234585,"temp":{"day":15.05,"min":8.25,"max":15.05,"night":14.06,"eve":13.2,"morn":8.48},"feels_like":{"day":14.18,"night":13.71,"eve":12.72,"morn":5.97},"pressure":1006,"humidity":60,"weather":[{"id":804,"main":"Clouds","description":"overcast clouds","icon":"04d"}],"speed":5.89,"deg":164,"gust":11.78,"clouds":99,"pop":0},{"dt":1728298800,"sunrise":1728280371,"sunset":1728320854,"temp":{"day":16.19,"min":12.95,"max":17.73,"night":14.91,"eve":15.86,"morn":13.82},"feels_like":{"day":15.95,"night":14.78,"eve":15.75,"morn":13.69},"pressure":1005,"humidity":80,"weather":[{"id":500,"main":"Rain","description":"light rain","icon":"10d"}],"speed":6.7,"deg":190,"gust":13.72,"clouds":68,"pop":1,"rain":1.54},{"dt":1728385200,"sunrise":1728366868,"sunset":1728407122,"temp":{"day":17.18,"min":12.51,"max":18.2,"night":14.62,"eve":15.18,"morn":12.91},"feels_like":{"day":16.73,"night":14.3,"eve":14.87,"morn":12.68},"pressure":1001,"humidity":68,"weather":[{"id":804,"main":"Clouds","description":"overcast clouds","icon":"04d"}],"speed":5.15,"deg":193,"gust":11.74,"clouds":100,"pop":0.25}]}
--- ENF OF RECEIVED DATA ---

{"city":{"id":2800866,"name":"Brussels","coord":{"lon":4.3488,"lat":50.8504},"country":"BE","population":1019022,"timezone":7200},"cod":"200","message":0.0542652,"cnt":4,"list":[{"dt":1728126000,"sunrise":1728107379,"sunset":1728148318,"temp":{"day":14.88,"min":7.36,"max":15.87,"night":9.87,"eve":14.61,"morn":7.53},"feels_like":{"day":13.86,"night":8.37,"eve":13.72,"morn":6.09},"pressure":1017,"humidity":55,"weather":[{"id":800,"main":"Clear","description":"sky is clear","icon":"01d"}],"speed":3.58,"deg":124,"gust":7.71,"clouds":4,"pop":0},{"dt":1728212400,"sunrise":1728193875,"sunset":1728234585,"temp":{"day":15.05,"min":8.25,"max":15.05,"night":14.06,"eve":13.2,"morn":8.48},"feels_like":{"day":14.18,"night":13.71,"eve":12.72,"morn":5.97},"pressure":1006,"humidity":60,"weather":[{"id":804,"main":"Clouds","description":"overcast clouds","icon":"04d"}],"speed":5.89,"deg":164,"gust":11.78,"clouds":99,"pop":0},{"dt":1728298800,"sunrise":1728280371,"sunset":1728320854,"temp":{"day":16.19,"min":12.95,"max":17.73,"night":14.91,"eve":15.86,"morn":13.82},"feels_like":{"day":15.95,"night":14.78,"eve":15.75,"morn":13.69},"pressure":1005,"humidity":80,"weather":[{"id":500,"main":"Rain","description":"light rain","icon":"10d"}],"speed":6.7,"deg":190,"gust":13.72,"clouds":68,"pop":1,"rain":1.54},{"dt":1728385200,"sunrise":1728366868,"sunset":1728407122,"temp":{"day":17.18,"min":12.51,"max":18.2,"night":14.62,"eve":15.18,"morn":12.91},"feels_like":{"day":16.73,"night":14.3,"eve":14.87,"morn":12.68},"pressure":1001,"humidity":68,"weather":[{"id":804,"main":"Clouds","description":"overcast clouds","icon":"04d"}],"speed":5.15,"deg":193,"gust":11.74,"clouds":100,"pop":0.25}]}
--- ENF OF RECEIVED DATA ---

