________________________________________________
|             CALL API : START                |
________________________________________________

Informations : 
Called API: meteo - 26 April 2024, 00:30
Method: GETMETEO - Timeout : 300 - Cache : 1
URL CALLED : https://api.openweathermap.org/data/2.5/forecast/daily?q=Brussels,be&units=metric&cnt=4&appid=ea18c0706135505149200c3836f29800
-------------------------
________________________________________________
|             CALL API : START                |
________________________________________________

Informations : 
Called API: meteo - 26 April 2024, 00:30
Method: GETMETEO - Timeout : 300 - Cache : 1
URL CALLED : https://api.openweathermap.org/data/2.5/forecast/daily?q=Brussels,be&units=metric&cnt=4&appid=ea18c0706135505149200c3836f29800
-------------------------
{"city":{"id":2800866,"name":"Brussels","coord":{"lon":4.3488,"lat":50.8504},"country":"BE","population":1019022,"timezone":7200},"cod":"200","message":5.5849207,"cnt":4,"list":[{"dt":1714129200,"sunrise":1714105505,"sunset":1714157719,"temp":{"day":8.87,"min":5.88,"max":11.58,"night":7.68,"eve":11.34,"morn":6.05},"feels_like":{"day":7.04,"night":5.56,"eve":10.46,"morn":3.04},"pressure":1004,"humidity":79,"weather":[{"id":500,"main":"Rain","description":"light rain","icon":"10d"}],"speed":4.33,"deg":216,"gust":10.12,"clouds":100,"pop":0.42,"rain":0.12},{"dt":1714215600,"sunrise":1714191790,"sunset":1714244217,"temp":{"day":15.27,"min":7.1,"max":16.47,"night":13.13,"eve":14.56,"morn":8.18},"feels_like":{"day":14.6,"night":12.33,"eve":13.85,"morn":6.1},"pressure":1005,"humidity":67,"weather":[{"id":500,"main":"Rain","description":"light rain","icon":"10d"}],"speed":7.79,"deg":174,"gust":13.24,"clouds":100,"pop":1,"rain":2.73},{"dt":1714302000,"sunrise":1714278077,"sunset":1714330714,"temp":{"day":14.08,"min":10.5,"max":15.94,"night":10.5,"eve":13.75,"morn":11.28},"feels_like":{"day":13.19,"night":9.72,"eve":12.96,"morn":10.58},"pressure":1010,"humidity":63,"weather":[{"id":500,"main":"Rain","description":"light rain","icon":"10d"}],"speed":8.87,"deg":209,"gust":15.63,"clouds":91,"pop":0.22,"rain":0.17},{"dt":1714388400,"sunrise":1714364365,"sunset":1714417211,"temp":{"day":16.17,"min":8.67,"max":16.21,"night":11.75,"eve":14.36,"morn":9.88},"feels_like":{"day":15.49,"night":11.17,"eve":13.84,"morn":8.21},"pressure":1019,"humidity":63,"weather":[{"id":500,"main":"Rain","description":"light rain","icon":"10d"}],"speed":4.85,"deg":202,"gust":10.67,"clouds":99,"pop":0.7,"rain":1.18}]}
--- ENF OF RECEIVED DATA ---

{"city":{"id":2800866,"name":"Brussels","coord":{"lon":4.3488,"lat":50.8504},"country":"BE","population":1019022,"timezone":7200},"cod":"200","message":5.5849207,"cnt":4,"list":[{"dt":1714129200,"sunrise":1714105505,"sunset":1714157719,"temp":{"day":8.87,"min":5.88,"max":11.58,"night":7.68,"eve":11.34,"morn":6.05},"feels_like":{"day":7.04,"night":5.56,"eve":10.46,"morn":3.04},"pressure":1004,"humidity":79,"weather":[{"id":500,"main":"Rain","description":"light rain","icon":"10d"}],"speed":4.33,"deg":216,"gust":10.12,"clouds":100,"pop":0.42,"rain":0.12},{"dt":1714215600,"sunrise":1714191790,"sunset":1714244217,"temp":{"day":15.27,"min":7.1,"max":16.47,"night":13.13,"eve":14.56,"morn":8.18},"feels_like":{"day":14.6,"night":12.33,"eve":13.85,"morn":6.1},"pressure":1005,"humidity":67,"weather":[{"id":500,"main":"Rain","description":"light rain","icon":"10d"}],"speed":7.79,"deg":174,"gust":13.24,"clouds":100,"pop":1,"rain":2.73},{"dt":1714302000,"sunrise":1714278077,"sunset":1714330714,"temp":{"day":14.08,"min":10.5,"max":15.94,"night":10.5,"eve":13.75,"morn":11.28},"feels_like":{"day":13.19,"night":9.72,"eve":12.96,"morn":10.58},"pressure":1010,"humidity":63,"weather":[{"id":500,"main":"Rain","description":"light rain","icon":"10d"}],"speed":8.87,"deg":209,"gust":15.63,"clouds":91,"pop":0.22,"rain":0.17},{"dt":1714388400,"sunrise":1714364365,"sunset":1714417211,"temp":{"day":16.17,"min":8.67,"max":16.21,"night":11.75,"eve":14.36,"morn":9.88},"feels_like":{"day":15.49,"night":11.17,"eve":13.84,"morn":8.21},"pressure":1019,"humidity":63,"weather":[{"id":500,"main":"Rain","description":"light rain","icon":"10d"}],"speed":4.85,"deg":202,"gust":10.67,"clouds":99,"pop":0.7,"rain":1.18}]}
--- ENF OF RECEIVED DATA ---

