________________________________________________
|             CALL API : START                |
________________________________________________

Informations : 
Called API: meteo - 9 June 2023, 23:20
Method: GETMETEO - Timeout : 300 - Cache : 1
URL CALLED : https://api.openweathermap.org/data/2.5/forecast/daily?q=Brussels,be&units=metric&cnt=4&appid=ea18c0706135505149200c3836f29800
-------------------------
________________________________________________
|             CALL API : START                |
________________________________________________

Informations : 
Called API: meteo - 9 June 2023, 23:20
Method: GETMETEO - Timeout : 300 - Cache : 1
URL CALLED : https://api.openweathermap.org/data/2.5/forecast/daily?q=Brussels,be&units=metric&cnt=4&appid=ea18c0706135505149200c3836f29800
-------------------------
{"city":{"id":2800866,"name":"Brussels","coord":{"lon":4.3488,"lat":50.8504},"country":"BE","population":1019022,"timezone":7200},"cod":"200","message":0.0427905,"cnt":4,"list":[{"dt":1686308400,"sunrise":1686281406,"sunset":1686340422,"temp":{"day":26.35,"min":14.4,"max":28.11,"night":22.55,"eve":25.63,"morn":15.46},"feels_like":{"day":26.35,"night":22.24,"eve":25.5,"morn":15.41},"pressure":1013,"humidity":44,"weather":[{"id":800,"main":"Clear","description":"sky is clear","icon":"01d"}],"speed":5.5,"deg":89,"gust":10.87,"clouds":1,"pop":0.41},{"dt":1686394800,"sunrise":1686367783,"sunset":1686426867,"temp":{"day":27.43,"min":16.25,"max":28.63,"night":20.11,"eve":27.66,"morn":17.08},"feels_like":{"day":27.31,"night":19.93,"eve":27.64,"morn":16.78},"pressure":1014,"humidity":42,"weather":[{"id":800,"main":"Clear","description":"sky is clear","icon":"01d"}],"speed":5.41,"deg":92,"gust":10.78,"clouds":0,"pop":0},{"dt":1686481200,"sunrise":1686454162,"sunset":1686513310,"temp":{"day":26.93,"min":16.7,"max":28.23,"night":21.93,"eve":27.18,"morn":17.62},"feels_like":{"day":27.07,"night":21.75,"eve":27.46,"morn":17.45},"pressure":1015,"humidity":45,"weather":[{"id":800,"main":"Clear","description":"sky is clear","icon":"01d"}],"speed":4.83,"deg":102,"gust":8.83,"clouds":0,"pop":0.1},{"dt":1686567600,"sunrise":1686540545,"sunset":1686599750,"temp":{"day":26.44,"min":17.18,"max":27.27,"night":18.76,"eve":24.53,"morn":17.88},"feels_like":{"day":26.44,"night":18.21,"eve":24.27,"morn":17.6},"pressure":1014,"humidity":46,"weather":[{"id":803,"main":"Clouds","description":"broken clouds","icon":"04d"}],"speed":6.06,"deg":90,"gust":6.65,"clouds":80,"pop":0.11}]}
--- ENF OF RECEIVED DATA ---

{"city":{"id":2800866,"name":"Brussels","coord":{"lon":4.3488,"lat":50.8504},"country":"BE","population":1019022,"timezone":7200},"cod":"200","message":0.0427905,"cnt":4,"list":[{"dt":1686308400,"sunrise":1686281406,"sunset":1686340422,"temp":{"day":26.35,"min":14.4,"max":28.11,"night":22.55,"eve":25.63,"morn":15.46},"feels_like":{"day":26.35,"night":22.24,"eve":25.5,"morn":15.41},"pressure":1013,"humidity":44,"weather":[{"id":800,"main":"Clear","description":"sky is clear","icon":"01d"}],"speed":5.5,"deg":89,"gust":10.87,"clouds":1,"pop":0.41},{"dt":1686394800,"sunrise":1686367783,"sunset":1686426867,"temp":{"day":27.43,"min":16.25,"max":28.63,"night":20.11,"eve":27.66,"morn":17.08},"feels_like":{"day":27.31,"night":19.93,"eve":27.64,"morn":16.78},"pressure":1014,"humidity":42,"weather":[{"id":800,"main":"Clear","description":"sky is clear","icon":"01d"}],"speed":5.41,"deg":92,"gust":10.78,"clouds":0,"pop":0},{"dt":1686481200,"sunrise":1686454162,"sunset":1686513310,"temp":{"day":26.93,"min":16.7,"max":28.23,"night":21.93,"eve":27.18,"morn":17.62},"feels_like":{"day":27.07,"night":21.75,"eve":27.46,"morn":17.45},"pressure":1015,"humidity":45,"weather":[{"id":800,"main":"Clear","description":"sky is clear","icon":"01d"}],"speed":4.83,"deg":102,"gust":8.83,"clouds":0,"pop":0.1},{"dt":1686567600,"sunrise":1686540545,"sunset":1686599750,"temp":{"day":26.44,"min":17.18,"max":27.27,"night":18.76,"eve":24.53,"morn":17.88},"feels_like":{"day":26.44,"night":18.21,"eve":24.27,"morn":17.6},"pressure":1014,"humidity":46,"weather":[{"id":803,"main":"Clouds","description":"broken clouds","icon":"04d"}],"speed":6.06,"deg":90,"gust":6.65,"clouds":80,"pop":0.11}]}
--- ENF OF RECEIVED DATA ---

