________________________________________________
|             CALL API : START                |
________________________________________________

Informations : 
Called API: meteo - 28 October 2024, 14:00
Method: GETMETEO - Timeout : 300 - Cache : 1
URL CALLED : https://api.openweathermap.org/data/2.5/forecast/daily?q=Brussels,be&units=metric&cnt=4&appid=ea18c0706135505149200c3836f29800
-------------------------
________________________________________________
|             CALL API : START                |
________________________________________________

Informations : 
Called API: meteo - 28 October 2024, 14:00
Method: GETMETEO - Timeout : 300 - Cache : 1
URL CALLED : https://api.openweathermap.org/data/2.5/forecast/daily?q=Brussels,be&units=metric&cnt=4&appid=ea18c0706135505149200c3836f29800
-------------------------
{"city":{"id":2800866,"name":"Brussels","coord":{"lon":4.3488,"lat":50.8504},"country":"BE","population":1019022,"timezone":3600},"cod":"200","message":0.3410374,"cnt":4,"list":[{"dt":1730113200,"sunrise":1730096875,"sunset":1730132677,"temp":{"day":15.43,"min":10.76,"max":15.61,"night":11.5,"eve":14.05,"morn":11.33},"feels_like":{"day":15.01,"night":11.13,"eve":13.7,"morn":10.82},"pressure":1024,"humidity":76,"weather":[{"id":803,"main":"Clouds","description":"broken clouds","icon":"04d"}],"speed":6.02,"deg":231,"gust":10,"clouds":52,"pop":0},{"dt":1730199600,"sunrise":1730183378,"sunset":1730218966,"temp":{"day":12.87,"min":11.14,"max":14.68,"night":13.51,"eve":13.97,"morn":11.65},"feels_like":{"day":12.46,"night":13.24,"eve":13.67,"morn":11.22},"pressure":1026,"humidity":86,"weather":[{"id":500,"main":"Rain","description":"light rain","icon":"10d"}],"speed":4.44,"deg":215,"gust":9.81,"clouds":96,"pop":0.2,"rain":0.1},{"dt":1730286000,"sunrise":1730269882,"sunset":1730305258,"temp":{"day":15.66,"min":10.96,"max":16.23,"night":10.96,"eve":13.04,"morn":13.31},"feels_like":{"day":15.27,"night":10.46,"eve":12.54,"morn":13.02},"pressure":1027,"humidity":76,"weather":[{"id":500,"main":"Rain","description":"light rain","icon":"10d"}],"speed":2.36,"deg":72,"gust":3.24,"clouds":99,"pop":0.47,"rain":0.14},{"dt":1730372400,"sunrise":1730356386,"sunset":1730391550,"temp":{"day":15.23,"min":9.39,"max":16.08,"night":11.35,"eve":12.4,"morn":9.63},"feels_like":{"day":14.58,"night":10.68,"eve":11.73,"morn":8.56},"pressure":1028,"humidity":68,"weather":[{"id":800,"main":"Clear","description":"sky is clear","icon":"01d"}],"speed":2.58,"deg":84,"gust":4.07,"clouds":3,"pop":0}]}
--- ENF OF RECEIVED DATA ---

{"city":{"id":2800866,"name":"Brussels","coord":{"lon":4.3488,"lat":50.8504},"country":"BE","population":1019022,"timezone":3600},"cod":"200","message":0.3410374,"cnt":4,"list":[{"dt":1730113200,"sunrise":1730096875,"sunset":1730132677,"temp":{"day":15.43,"min":10.76,"max":15.61,"night":11.5,"eve":14.05,"morn":11.33},"feels_like":{"day":15.01,"night":11.13,"eve":13.7,"morn":10.82},"pressure":1024,"humidity":76,"weather":[{"id":803,"main":"Clouds","description":"broken clouds","icon":"04d"}],"speed":6.02,"deg":231,"gust":10,"clouds":52,"pop":0},{"dt":1730199600,"sunrise":1730183378,"sunset":1730218966,"temp":{"day":12.87,"min":11.14,"max":14.68,"night":13.51,"eve":13.97,"morn":11.65},"feels_like":{"day":12.46,"night":13.24,"eve":13.67,"morn":11.22},"pressure":1026,"humidity":86,"weather":[{"id":500,"main":"Rain","description":"light rain","icon":"10d"}],"speed":4.44,"deg":215,"gust":9.81,"clouds":96,"pop":0.2,"rain":0.1},{"dt":1730286000,"sunrise":1730269882,"sunset":1730305258,"temp":{"day":15.66,"min":10.96,"max":16.23,"night":10.96,"eve":13.04,"morn":13.31},"feels_like":{"day":15.27,"night":10.46,"eve":12.54,"morn":13.02},"pressure":1027,"humidity":76,"weather":[{"id":500,"main":"Rain","description":"light rain","icon":"10d"}],"speed":2.36,"deg":72,"gust":3.24,"clouds":99,"pop":0.47,"rain":0.14},{"dt":1730372400,"sunrise":1730356386,"sunset":1730391550,"temp":{"day":15.23,"min":9.39,"max":16.08,"night":11.35,"eve":12.4,"morn":9.63},"feels_like":{"day":14.58,"night":10.68,"eve":11.73,"morn":8.56},"pressure":1028,"humidity":68,"weather":[{"id":800,"main":"Clear","description":"sky is clear","icon":"01d"}],"speed":2.58,"deg":84,"gust":4.07,"clouds":3,"pop":0}]}
--- ENF OF RECEIVED DATA ---

