________________________________________________
|             CALL API : START                |
________________________________________________

Informations : 
Called API: meteo - 4 March 2024, 00:30
Method: GETMETEO - Timeout : 300 - Cache : 1
URL CALLED : https://api.openweathermap.org/data/2.5/forecast/daily?q=Brussels,be&units=metric&cnt=4&appid=ea18c0706135505149200c3836f29800
-------------------------
________________________________________________
|             CALL API : START                |
________________________________________________

Informations : 
Called API: meteo - 4 March 2024, 00:30
Method: GETMETEO - Timeout : 300 - Cache : 1
URL CALLED : https://api.openweathermap.org/data/2.5/forecast/daily?q=Brussels,be&units=metric&cnt=4&appid=ea18c0706135505149200c3836f29800
-------------------------
{"city":{"id":2800866,"name":"Brussels","coord":{"lon":4.3488,"lat":50.8504},"country":"BE","population":1019022,"timezone":3600},"cod":"200","message":6.9947133,"cnt":4,"list":[{"dt":1709550000,"sunrise":1709533208,"sunset":1709573322,"temp":{"day":8.79,"min":4.13,"max":10.74,"night":5.68,"eve":9,"morn":5.23},"feels_like":{"day":7.77,"night":3.98,"eve":9,"morn":3.66},"pressure":1013,"humidity":68,"weather":[{"id":803,"main":"Clouds","description":"broken clouds","icon":"04d"}],"speed":4.36,"deg":299,"gust":9.15,"clouds":70,"pop":0.13},{"dt":1709636400,"sunrise":1709619478,"sunset":1709659824,"temp":{"day":5.47,"min":3.73,"max":6.54,"night":5.33,"eve":6.33,"morn":4.03},"feels_like":{"day":3.54,"night":3.72,"eve":5.66,"morn":2.01},"pressure":1014,"humidity":93,"weather":[{"id":500,"main":"Rain","description":"light rain","icon":"10d"}],"speed":2.98,"deg":209,"gust":6.22,"clouds":100,"pop":0.88,"rain":1.99},{"dt":1709722800,"sunrise":1709705748,"sunset":1709746325,"temp":{"day":9.26,"min":3.11,"max":10.56,"night":8.13,"eve":8.3,"morn":3.16},"feels_like":{"day":9.26,"night":6.88,"eve":6.84,"morn":1.37},"pressure":1025,"humidity":67,"weather":[{"id":803,"main":"Clouds","description":"broken clouds","icon":"04d"}],"speed":2.59,"deg":33,"gust":4.15,"clouds":60,"pop":0},{"dt":1709809200,"sunrise":1709792017,"sunset":1709832826,"temp":{"day":10.92,"min":5.86,"max":12.06,"night":8.29,"eve":9.41,"morn":5.86},"feels_like":{"day":9.48,"night":5.19,"eve":6.69,"morn":3.02},"pressure":1022,"humidity":54,"weather":[{"id":800,"main":"Clear","description":"sky is clear","icon":"01d"}],"speed":6.64,"deg":95,"gust":10.76,"clouds":9,"pop":0}]}
--- ENF OF RECEIVED DATA ---

{"city":{"id":2800866,"name":"Brussels","coord":{"lon":4.3488,"lat":50.8504},"country":"BE","population":1019022,"timezone":3600},"cod":"200","message":6.9947133,"cnt":4,"list":[{"dt":1709550000,"sunrise":1709533208,"sunset":1709573322,"temp":{"day":8.79,"min":4.13,"max":10.74,"night":5.68,"eve":9,"morn":5.23},"feels_like":{"day":7.77,"night":3.98,"eve":9,"morn":3.66},"pressure":1013,"humidity":68,"weather":[{"id":803,"main":"Clouds","description":"broken clouds","icon":"04d"}],"speed":4.36,"deg":299,"gust":9.15,"clouds":70,"pop":0.13},{"dt":1709636400,"sunrise":1709619478,"sunset":1709659824,"temp":{"day":5.47,"min":3.73,"max":6.54,"night":5.33,"eve":6.33,"morn":4.03},"feels_like":{"day":3.54,"night":3.72,"eve":5.66,"morn":2.01},"pressure":1014,"humidity":93,"weather":[{"id":500,"main":"Rain","description":"light rain","icon":"10d"}],"speed":2.98,"deg":209,"gust":6.22,"clouds":100,"pop":0.88,"rain":1.99},{"dt":1709722800,"sunrise":1709705748,"sunset":1709746325,"temp":{"day":9.26,"min":3.11,"max":10.56,"night":8.13,"eve":8.3,"morn":3.16},"feels_like":{"day":9.26,"night":6.88,"eve":6.84,"morn":1.37},"pressure":1025,"humidity":67,"weather":[{"id":803,"main":"Clouds","description":"broken clouds","icon":"04d"}],"speed":2.59,"deg":33,"gust":4.15,"clouds":60,"pop":0},{"dt":1709809200,"sunrise":1709792017,"sunset":1709832826,"temp":{"day":10.92,"min":5.86,"max":12.06,"night":8.29,"eve":9.41,"morn":5.86},"feels_like":{"day":9.48,"night":5.19,"eve":6.69,"morn":3.02},"pressure":1022,"humidity":54,"weather":[{"id":800,"main":"Clear","description":"sky is clear","icon":"01d"}],"speed":6.64,"deg":95,"gust":10.76,"clouds":9,"pop":0}]}
--- ENF OF RECEIVED DATA ---

