________________________________________________
|             CALL API : START                |
________________________________________________

Informations : 
Called API: meteo - 24 July 2023, 10:20
Method: GETMETEO - Timeout : 300 - Cache : 1
URL CALLED : https://api.openweathermap.org/data/2.5/forecast/daily?q=Brussels,be&units=metric&cnt=4&appid=ea18c0706135505149200c3836f29800
-------------------------
________________________________________________
|             CALL API : START                |
________________________________________________

Informations : 
Called API: meteo - 24 July 2023, 10:20
Method: GETMETEO - Timeout : 300 - Cache : 1
URL CALLED : https://api.openweathermap.org/data/2.5/forecast/daily?q=Brussels,be&units=metric&cnt=4&appid=ea18c0706135505149200c3836f29800
-------------------------
{"city":{"id":2800866,"name":"Brussels","coord":{"lon":4.3488,"lat":50.8504},"country":"BE","population":1019022,"timezone":7200},"cod":"200","message":0.092723,"cnt":4,"list":[{"dt":1690196400,"sunrise":1690171010,"sunset":1690227662,"temp":{"day":19.25,"min":13.88,"max":21.52,"night":13.88,"eve":19.69,"morn":17.11},"feels_like":{"day":19.27,"night":13.67,"eve":19.49,"morn":17.33},"pressure":1004,"humidity":78,"weather":[{"id":501,"main":"Rain","description":"moderate rain","icon":"10d"}],"speed":7.02,"deg":249,"gust":13.81,"clouds":76,"pop":1,"rain":13.51},{"dt":1690282800,"sunrise":1690257492,"sunset":1690313984,"temp":{"day":17.32,"min":12.75,"max":20.07,"night":13.31,"eve":18.99,"morn":13.53},"feels_like":{"day":16.78,"night":12.29,"eve":18.12,"morn":13.11},"pressure":1009,"humidity":64,"weather":[{"id":500,"main":"Rain","description":"light rain","icon":"10d"}],"speed":5.49,"deg":333,"gust":5.9,"clouds":99,"pop":0.84,"rain":1.01},{"dt":1690369200,"sunrise":1690343974,"sunset":1690400303,"temp":{"day":20.54,"min":12.17,"max":21.12,"night":16.19,"eve":21.03,"morn":12.38},"feels_like":{"day":19.85,"night":15.2,"eve":20.36,"morn":11.95},"pressure":1014,"humidity":46,"weather":[{"id":500,"main":"Rain","description":"light rain","icon":"10d"}],"speed":4.73,"deg":262,"gust":7.64,"clouds":43,"pop":0.35,"rain":0.39},{"dt":1690455600,"sunrise":1690430458,"sunset":1690486621,"temp":{"day":18.58,"min":15.91,"max":20.44,"night":17.82,"eve":19.11,"morn":15.91},"feels_like":{"day":18.45,"night":17.93,"eve":19.24,"morn":15.7},"pressure":1007,"humidity":75,"weather":[{"id":500,"main":"Rain","description":"light rain","icon":"10d"}],"speed":7.95,"deg":216,"gust":14.68,"clouds":100,"pop":0.6,"rain":1.59}]}
--- ENF OF RECEIVED DATA ---

{"city":{"id":2800866,"name":"Brussels","coord":{"lon":4.3488,"lat":50.8504},"country":"BE","population":1019022,"timezone":7200},"cod":"200","message":0.092723,"cnt":4,"list":[{"dt":1690196400,"sunrise":1690171010,"sunset":1690227662,"temp":{"day":19.25,"min":13.88,"max":21.52,"night":13.88,"eve":19.69,"morn":17.11},"feels_like":{"day":19.27,"night":13.67,"eve":19.49,"morn":17.33},"pressure":1004,"humidity":78,"weather":[{"id":501,"main":"Rain","description":"moderate rain","icon":"10d"}],"speed":7.02,"deg":249,"gust":13.81,"clouds":76,"pop":1,"rain":13.51},{"dt":1690282800,"sunrise":1690257492,"sunset":1690313984,"temp":{"day":17.32,"min":12.75,"max":20.07,"night":13.31,"eve":18.99,"morn":13.53},"feels_like":{"day":16.78,"night":12.29,"eve":18.12,"morn":13.11},"pressure":1009,"humidity":64,"weather":[{"id":500,"main":"Rain","description":"light rain","icon":"10d"}],"speed":5.49,"deg":333,"gust":5.9,"clouds":99,"pop":0.84,"rain":1.01},{"dt":1690369200,"sunrise":1690343974,"sunset":1690400303,"temp":{"day":20.54,"min":12.17,"max":21.12,"night":16.19,"eve":21.03,"morn":12.38},"feels_like":{"day":19.85,"night":15.2,"eve":20.36,"morn":11.95},"pressure":1014,"humidity":46,"weather":[{"id":500,"main":"Rain","description":"light rain","icon":"10d"}],"speed":4.73,"deg":262,"gust":7.64,"clouds":43,"pop":0.35,"rain":0.39},{"dt":1690455600,"sunrise":1690430458,"sunset":1690486621,"temp":{"day":18.58,"min":15.91,"max":20.44,"night":17.82,"eve":19.11,"morn":15.91},"feels_like":{"day":18.45,"night":17.93,"eve":19.24,"morn":15.7},"pressure":1007,"humidity":75,"weather":[{"id":500,"main":"Rain","description":"light rain","icon":"10d"}],"speed":7.95,"deg":216,"gust":14.68,"clouds":100,"pop":0.6,"rain":1.59}]}
--- ENF OF RECEIVED DATA ---

