________________________________________________
|             CALL API : START                |
________________________________________________

Informations : 
Called API: meteo - 29 September 2024, 03:10
Method: GETMETEO - Timeout : 300 - Cache : 1
URL CALLED : https://api.openweathermap.org/data/2.5/forecast/daily?q=Brussels,be&units=metric&cnt=4&appid=ea18c0706135505149200c3836f29800
-------------------------
________________________________________________
|             CALL API : START                |
________________________________________________

Informations : 
Called API: meteo - 29 September 2024, 03:10
Method: GETMETEO - Timeout : 300 - Cache : 1
URL CALLED : https://api.openweathermap.org/data/2.5/forecast/daily?q=Brussels,be&units=metric&cnt=4&appid=ea18c0706135505149200c3836f29800
-------------------------
{"city":{"id":2800866,"name":"Brussels","coord":{"lon":4.3488,"lat":50.8504},"country":"BE","population":1019022,"timezone":7200},"cod":"200","message":0.055712,"cnt":4,"list":[{"dt":1727607600,"sunrise":1727588408,"sunset":1727630723,"temp":{"day":13.15,"min":4.97,"max":14.79,"night":9.57,"eve":12.52,"morn":6.18},"feels_like":{"day":11.98,"night":7.18,"eve":11.66,"morn":4.66},"pressure":1026,"humidity":56,"weather":[{"id":804,"main":"Clouds","description":"overcast clouds","icon":"04d"}],"speed":4.84,"deg":130,"gust":13.32,"clouds":100,"pop":0},{"dt":1727694000,"sunrise":1727674903,"sunset":1727716988,"temp":{"day":13.16,"min":9.1,"max":14.54,"night":14.23,"eve":14.23,"morn":11.16},"feels_like":{"day":12.93,"night":13.98,"eve":13.98,"morn":10.42},"pressure":1009,"humidity":92,"weather":[{"id":500,"main":"Rain","description":"light rain","icon":"10d"}],"speed":10.9,"deg":220,"gust":18.11,"clouds":100,"pop":1,"rain":4.42},{"dt":1727780400,"sunrise":1727761397,"sunset":1727803253,"temp":{"day":14.4,"min":11.16,"max":15.58,"night":11.37,"eve":13.66,"morn":11.78},"feels_like":{"day":13.83,"night":10.91,"eve":13.14,"morn":11},"pressure":1008,"humidity":74,"weather":[{"id":804,"main":"Clouds","description":"overcast clouds","icon":"04d"}],"speed":9.7,"deg":232,"gust":16.45,"clouds":91,"pop":0.05},{"dt":1727866800,"sunrise":1727847892,"sunset":1727889519,"temp":{"day":15.38,"min":10.42,"max":15.38,"night":11.91,"eve":12.1,"morn":10.42},"feels_like":{"day":14.62,"night":11.58,"eve":11.79,"morn":9.97},"pressure":1010,"humidity":63,"weather":[{"id":500,"main":"Rain","description":"light rain","icon":"10d"}],"speed":5.42,"deg":27,"gust":12.27,"clouds":79,"pop":1,"rain":4.29}]}
--- ENF OF RECEIVED DATA ---

{"city":{"id":2800866,"name":"Brussels","coord":{"lon":4.3488,"lat":50.8504},"country":"BE","population":1019022,"timezone":7200},"cod":"200","message":0.055712,"cnt":4,"list":[{"dt":1727607600,"sunrise":1727588408,"sunset":1727630723,"temp":{"day":13.15,"min":4.97,"max":14.79,"night":9.57,"eve":12.52,"morn":6.18},"feels_like":{"day":11.98,"night":7.18,"eve":11.66,"morn":4.66},"pressure":1026,"humidity":56,"weather":[{"id":804,"main":"Clouds","description":"overcast clouds","icon":"04d"}],"speed":4.84,"deg":130,"gust":13.32,"clouds":100,"pop":0},{"dt":1727694000,"sunrise":1727674903,"sunset":1727716988,"temp":{"day":13.16,"min":9.1,"max":14.54,"night":14.23,"eve":14.23,"morn":11.16},"feels_like":{"day":12.93,"night":13.98,"eve":13.98,"morn":10.42},"pressure":1009,"humidity":92,"weather":[{"id":500,"main":"Rain","description":"light rain","icon":"10d"}],"speed":10.9,"deg":220,"gust":18.11,"clouds":100,"pop":1,"rain":4.42},{"dt":1727780400,"sunrise":1727761397,"sunset":1727803253,"temp":{"day":14.4,"min":11.16,"max":15.58,"night":11.37,"eve":13.66,"morn":11.78},"feels_like":{"day":13.83,"night":10.91,"eve":13.14,"morn":11},"pressure":1008,"humidity":74,"weather":[{"id":804,"main":"Clouds","description":"overcast clouds","icon":"04d"}],"speed":9.7,"deg":232,"gust":16.45,"clouds":91,"pop":0.05},{"dt":1727866800,"sunrise":1727847892,"sunset":1727889519,"temp":{"day":15.38,"min":10.42,"max":15.38,"night":11.91,"eve":12.1,"morn":10.42},"feels_like":{"day":14.62,"night":11.58,"eve":11.79,"morn":9.97},"pressure":1010,"humidity":63,"weather":[{"id":500,"main":"Rain","description":"light rain","icon":"10d"}],"speed":5.42,"deg":27,"gust":12.27,"clouds":79,"pop":1,"rain":4.29}]}
--- ENF OF RECEIVED DATA ---

