________________________________________________
|             CALL API : START                |
________________________________________________

Informations : 
Called API: meteo - 30 September 2023, 03:10
Method: GETMETEO - Timeout : 300 - Cache : 1
URL CALLED : https://api.openweathermap.org/data/2.5/forecast/daily?q=Brussels,be&units=metric&cnt=4&appid=ea18c0706135505149200c3836f29800
-------------------------
________________________________________________
|             CALL API : START                |
________________________________________________

Informations : 
Called API: meteo - 30 September 2023, 03:10
Method: GETMETEO - Timeout : 300 - Cache : 1
URL CALLED : https://api.openweathermap.org/data/2.5/forecast/daily?q=Brussels,be&units=metric&cnt=4&appid=ea18c0706135505149200c3836f29800
-------------------------
{"city":{"id":2800866,"name":"Brussels","coord":{"lon":4.3488,"lat":50.8504},"country":"BE","population":1019022,"timezone":7200},"cod":"200","message":0.0515105,"cnt":4,"list":[{"dt":1696071600,"sunrise":1696052433,"sunset":1696094688,"temp":{"day":18.65,"min":10.58,"max":20.09,"night":13.84,"eve":17.07,"morn":10.81},"feels_like":{"day":18.03,"night":12.9,"eve":16.35,"morn":10.3},"pressure":1026,"humidity":56,"weather":[{"id":803,"main":"Clouds","description":"broken clouds","icon":"04d"}],"speed":3.2,"deg":194,"gust":5.23,"clouds":72,"pop":0},{"dt":1696158000,"sunrise":1696138927,"sunset":1696180953,"temp":{"day":22.15,"min":12.74,"max":23.81,"night":17.25,"eve":20.48,"morn":12.74},"feels_like":{"day":21.78,"night":16.99,"eve":20.31,"morn":11.9},"pressure":1023,"humidity":52,"weather":[{"id":801,"main":"Clouds","description":"few clouds","icon":"02d"}],"speed":4.84,"deg":213,"gust":9.36,"clouds":12,"pop":0},{"dt":1696244400,"sunrise":1696225422,"sunset":1696267219,"temp":{"day":24.08,"min":15.31,"max":25.63,"night":19.46,"eve":21.63,"morn":15.31},"feels_like":{"day":23.8,"night":18.98,"eve":21.39,"morn":14.85},"pressure":1019,"humidity":48,"weather":[{"id":804,"main":"Clouds","description":"overcast clouds","icon":"04d"}],"speed":4.03,"deg":198,"gust":8.69,"clouds":97,"pop":0},{"dt":1696330800,"sunrise":1696311917,"sunset":1696353484,"temp":{"day":15.6,"min":12.53,"max":18.22,"night":12.53,"eve":13.57,"morn":16.77},"feels_like":{"day":15.41,"night":11.82,"eve":12.73,"morn":16.7},"pressure":1017,"humidity":84,"weather":[{"id":500,"main":"Rain","description":"light rain","icon":"10d"}],"speed":7,"deg":288,"gust":11.47,"clouds":100,"pop":1,"rain":3.73}]}
--- ENF OF RECEIVED DATA ---

{"city":{"id":2800866,"name":"Brussels","coord":{"lon":4.3488,"lat":50.8504},"country":"BE","population":1019022,"timezone":7200},"cod":"200","message":0.0515105,"cnt":4,"list":[{"dt":1696071600,"sunrise":1696052433,"sunset":1696094688,"temp":{"day":18.65,"min":10.58,"max":20.09,"night":13.84,"eve":17.07,"morn":10.81},"feels_like":{"day":18.03,"night":12.9,"eve":16.35,"morn":10.3},"pressure":1026,"humidity":56,"weather":[{"id":803,"main":"Clouds","description":"broken clouds","icon":"04d"}],"speed":3.2,"deg":194,"gust":5.23,"clouds":72,"pop":0},{"dt":1696158000,"sunrise":1696138927,"sunset":1696180953,"temp":{"day":22.15,"min":12.74,"max":23.81,"night":17.25,"eve":20.48,"morn":12.74},"feels_like":{"day":21.78,"night":16.99,"eve":20.31,"morn":11.9},"pressure":1023,"humidity":52,"weather":[{"id":801,"main":"Clouds","description":"few clouds","icon":"02d"}],"speed":4.84,"deg":213,"gust":9.36,"clouds":12,"pop":0},{"dt":1696244400,"sunrise":1696225422,"sunset":1696267219,"temp":{"day":24.08,"min":15.31,"max":25.63,"night":19.46,"eve":21.63,"morn":15.31},"feels_like":{"day":23.8,"night":18.98,"eve":21.39,"morn":14.85},"pressure":1019,"humidity":48,"weather":[{"id":804,"main":"Clouds","description":"overcast clouds","icon":"04d"}],"speed":4.03,"deg":198,"gust":8.69,"clouds":97,"pop":0},{"dt":1696330800,"sunrise":1696311917,"sunset":1696353484,"temp":{"day":15.6,"min":12.53,"max":18.22,"night":12.53,"eve":13.57,"morn":16.77},"feels_like":{"day":15.41,"night":11.82,"eve":12.73,"morn":16.7},"pressure":1017,"humidity":84,"weather":[{"id":500,"main":"Rain","description":"light rain","icon":"10d"}],"speed":7,"deg":288,"gust":11.47,"clouds":100,"pop":1,"rain":3.73}]}
--- ENF OF RECEIVED DATA ---

