________________________________________________
|             CALL API : START                |
________________________________________________

Informations : 
Called API: meteo - 11 November 2024, 22:40
Method: GETMETEO - Timeout : 300 - Cache : 1
URL CALLED : https://api.openweathermap.org/data/2.5/forecast/daily?q=Brussels,be&units=metric&cnt=4&appid=ea18c0706135505149200c3836f29800
-------------------------
________________________________________________
|             CALL API : START                |
________________________________________________

Informations : 
Called API: meteo - 11 November 2024, 22:40
Method: GETMETEO - Timeout : 300 - Cache : 1
URL CALLED : https://api.openweathermap.org/data/2.5/forecast/daily?q=Brussels,be&units=metric&cnt=4&appid=ea18c0706135505149200c3836f29800
-------------------------
{"city":{"id":2800866,"name":"Brussels","coord":{"lon":4.3488,"lat":50.8504},"country":"BE","population":1019022,"timezone":3600},"cod":"200","message":0.0621154,"cnt":4,"list":[{"dt":1731322800,"sunrise":1731307927,"sunset":1731340881,"temp":{"day":12.84,"min":6.39,"max":12.89,"night":8.42,"eve":9.42,"morn":9.61},"feels_like":{"day":11.96,"night":5.4,"eve":6.81,"morn":7.66},"pressure":1030,"humidity":68,"weather":[{"id":500,"main":"Rain","description":"light rain","icon":"10d"}],"speed":6.45,"deg":348,"gust":12.3,"clouds":56,"pop":1,"rain":0.66},{"dt":1731409200,"sunrise":1731394430,"sunset":1731427195,"temp":{"day":10.61,"min":8.56,"max":11.29,"night":8.56,"eve":9.16,"morn":9.22},"feels_like":{"day":9.63,"night":6.55,"eve":6.66,"morn":5.96},"pressure":1031,"humidity":73,"weather":[{"id":501,"main":"Rain","description":"moderate rain","icon":"10d"}],"speed":7.63,"deg":20,"gust":13.81,"clouds":78,"pop":1,"rain":2.79},{"dt":1731495600,"sunrise":1731480932,"sunset":1731513511,"temp":{"day":9.43,"min":6.01,"max":10.77,"night":9.29,"eve":9.31,"morn":6.08},"feels_like":{"day":8.3,"night":7.89,"eve":8.26,"morn":4},"pressure":1033,"humidity":72,"weather":[{"id":804,"main":"Clouds","description":"overcast clouds","icon":"04d"}],"speed":3.24,"deg":37,"gust":6.89,"clouds":100,"pop":0},{"dt":1731582000,"sunrise":1731567433,"sunset":1731599830,"temp":{"day":11.75,"min":8.52,"max":12.39,"night":10.72,"eve":8.79,"morn":9.45},"feels_like":{"day":10.81,"night":9.54,"eve":6.92,"morn":8.26},"pressure":1029,"humidity":70,"weather":[{"id":801,"main":"Clouds","description":"few clouds","icon":"02d"}],"speed":4.73,"deg":347,"gust":8.21,"clouds":16,"pop":0}]}
--- ENF OF RECEIVED DATA ---

{"city":{"id":2800866,"name":"Brussels","coord":{"lon":4.3488,"lat":50.8504},"country":"BE","population":1019022,"timezone":3600},"cod":"200","message":0.0621154,"cnt":4,"list":[{"dt":1731322800,"sunrise":1731307927,"sunset":1731340881,"temp":{"day":12.84,"min":6.39,"max":12.89,"night":8.42,"eve":9.42,"morn":9.61},"feels_like":{"day":11.96,"night":5.4,"eve":6.81,"morn":7.66},"pressure":1030,"humidity":68,"weather":[{"id":500,"main":"Rain","description":"light rain","icon":"10d"}],"speed":6.45,"deg":348,"gust":12.3,"clouds":56,"pop":1,"rain":0.66},{"dt":1731409200,"sunrise":1731394430,"sunset":1731427195,"temp":{"day":10.61,"min":8.56,"max":11.29,"night":8.56,"eve":9.16,"morn":9.22},"feels_like":{"day":9.63,"night":6.55,"eve":6.66,"morn":5.96},"pressure":1031,"humidity":73,"weather":[{"id":501,"main":"Rain","description":"moderate rain","icon":"10d"}],"speed":7.63,"deg":20,"gust":13.81,"clouds":78,"pop":1,"rain":2.79},{"dt":1731495600,"sunrise":1731480932,"sunset":1731513511,"temp":{"day":9.43,"min":6.01,"max":10.77,"night":9.29,"eve":9.31,"morn":6.08},"feels_like":{"day":8.3,"night":7.89,"eve":8.26,"morn":4},"pressure":1033,"humidity":72,"weather":[{"id":804,"main":"Clouds","description":"overcast clouds","icon":"04d"}],"speed":3.24,"deg":37,"gust":6.89,"clouds":100,"pop":0},{"dt":1731582000,"sunrise":1731567433,"sunset":1731599830,"temp":{"day":11.75,"min":8.52,"max":12.39,"night":10.72,"eve":8.79,"morn":9.45},"feels_like":{"day":10.81,"night":9.54,"eve":6.92,"morn":8.26},"pressure":1029,"humidity":70,"weather":[{"id":801,"main":"Clouds","description":"few clouds","icon":"02d"}],"speed":4.73,"deg":347,"gust":8.21,"clouds":16,"pop":0}]}
--- ENF OF RECEIVED DATA ---

