________________________________________________
|             CALL API : START                |
________________________________________________

Informations : 
Called API: meteo - 14 January 2025, 17:20
Method: GETMETEO - Timeout : 300 - Cache : 1
URL CALLED : https://api.openweathermap.org/data/2.5/forecast/daily?q=Brussels,be&units=metric&cnt=4&appid=ea18c0706135505149200c3836f29800
-------------------------
________________________________________________
|             CALL API : START                |
________________________________________________

Informations : 
Called API: meteo - 14 January 2025, 17:20
Method: GETMETEO - Timeout : 300 - Cache : 1
URL CALLED : https://api.openweathermap.org/data/2.5/forecast/daily?q=Brussels,be&units=metric&cnt=4&appid=ea18c0706135505149200c3836f29800
-------------------------
{"city":{"id":2800866,"name":"Brussels","coord":{"lon":4.3488,"lat":50.8504},"country":"BE","population":1019022,"timezone":3600},"cod":"200","message":0.0409716,"cnt":4,"list":[{"dt":1736852400,"sunrise":1736840362,"sunset":1736870614,"temp":{"day":0.83,"min":-4.72,"max":2.38,"night":2.38,"eve":1.89,"morn":-3.59},"feels_like":{"day":-2.62,"night":-0.31,"eve":-1.08,"morn":-7.07},"pressure":1036,"humidity":78,"weather":[{"id":804,"main":"Clouds","description":"overcast clouds","icon":"04d"}],"speed":3.4,"deg":242,"gust":7.78,"clouds":94,"pop":0},{"dt":1736938800,"sunrise":1736926715,"sunset":1736957104,"temp":{"day":4.7,"min":2.22,"max":5.85,"night":2.66,"eve":3.96,"morn":2.34},"feels_like":{"day":4.7,"night":2.66,"eve":3.96,"morn":0.86},"pressure":1035,"humidity":98,"weather":[{"id":804,"main":"Clouds","description":"overcast clouds","icon":"04d"}],"speed":2.31,"deg":241,"gust":4.2,"clouds":99,"pop":0},{"dt":1737025200,"sunrise":1737013065,"sunset":1737043596,"temp":{"day":4.87,"min":1.79,"max":6.05,"night":1.97,"eve":3.11,"morn":1.99},"feels_like":{"day":3.25,"night":-0.22,"eve":0.73,"morn":0.32},"pressure":1035,"humidity":87,"weather":[{"id":801,"main":"Clouds","description":"few clouds","icon":"02d"}],"speed":2.56,"deg":142,"gust":3.44,"clouds":12,"pop":0},{"dt":1737111600,"sunrise":1737099412,"sunset":1737130089,"temp":{"day":4.18,"min":0.74,"max":5.46,"night":1.55,"eve":2.1,"morn":0.76},"feels_like":{"day":4.18,"night":0.25,"eve":0.65,"morn":-1.56},"pressure":1037,"humidity":71,"weather":[{"id":800,"main":"Clear","description":"sky is clear","icon":"01d"}],"speed":2.42,"deg":191,"gust":2.34,"clouds":1,"pop":0}]}
--- ENF OF RECEIVED DATA ---

{"city":{"id":2800866,"name":"Brussels","coord":{"lon":4.3488,"lat":50.8504},"country":"BE","population":1019022,"timezone":3600},"cod":"200","message":0.0409716,"cnt":4,"list":[{"dt":1736852400,"sunrise":1736840362,"sunset":1736870614,"temp":{"day":0.83,"min":-4.72,"max":2.38,"night":2.38,"eve":1.89,"morn":-3.59},"feels_like":{"day":-2.62,"night":-0.31,"eve":-1.08,"morn":-7.07},"pressure":1036,"humidity":78,"weather":[{"id":804,"main":"Clouds","description":"overcast clouds","icon":"04d"}],"speed":3.4,"deg":242,"gust":7.78,"clouds":94,"pop":0},{"dt":1736938800,"sunrise":1736926715,"sunset":1736957104,"temp":{"day":4.7,"min":2.22,"max":5.85,"night":2.66,"eve":3.96,"morn":2.34},"feels_like":{"day":4.7,"night":2.66,"eve":3.96,"morn":0.86},"pressure":1035,"humidity":98,"weather":[{"id":804,"main":"Clouds","description":"overcast clouds","icon":"04d"}],"speed":2.31,"deg":241,"gust":4.2,"clouds":99,"pop":0},{"dt":1737025200,"sunrise":1737013065,"sunset":1737043596,"temp":{"day":4.87,"min":1.79,"max":6.05,"night":1.97,"eve":3.11,"morn":1.99},"feels_like":{"day":3.25,"night":-0.22,"eve":0.73,"morn":0.32},"pressure":1035,"humidity":87,"weather":[{"id":801,"main":"Clouds","description":"few clouds","icon":"02d"}],"speed":2.56,"deg":142,"gust":3.44,"clouds":12,"pop":0},{"dt":1737111600,"sunrise":1737099412,"sunset":1737130089,"temp":{"day":4.18,"min":0.74,"max":5.46,"night":1.55,"eve":2.1,"morn":0.76},"feels_like":{"day":4.18,"night":0.25,"eve":0.65,"morn":-1.56},"pressure":1037,"humidity":71,"weather":[{"id":800,"main":"Clear","description":"sky is clear","icon":"01d"}],"speed":2.42,"deg":191,"gust":2.34,"clouds":1,"pop":0}]}
--- ENF OF RECEIVED DATA ---

