________________________________________________
|             CALL API : START                |
________________________________________________

Informations : 
Called API: meteo - 14 April 2024, 04:50
Method: GETMETEO - Timeout : 300 - Cache : 1
URL CALLED : https://api.openweathermap.org/data/2.5/forecast/daily?q=Brussels,be&units=metric&cnt=4&appid=ea18c0706135505149200c3836f29800
-------------------------
________________________________________________
|             CALL API : START                |
________________________________________________

Informations : 
Called API: meteo - 14 April 2024, 04:50
Method: GETMETEO - Timeout : 300 - Cache : 1
URL CALLED : https://api.openweathermap.org/data/2.5/forecast/daily?q=Brussels,be&units=metric&cnt=4&appid=ea18c0706135505149200c3836f29800
-------------------------
{"city":{"id":2800866,"name":"Brussels","coord":{"lon":4.3488,"lat":50.8504},"country":"BE","population":1019022,"timezone":7200},"cod":"200","message":0.0473535,"cnt":4,"list":[{"dt":1713092400,"sunrise":1713070161,"sunset":1713119748,"temp":{"day":15,"min":9.33,"max":15.58,"night":9.33,"eve":13.28,"morn":10.71},"feels_like":{"day":13.97,"night":6.98,"eve":12.36,"morn":10.08},"pressure":1024,"humidity":54,"weather":[{"id":500,"main":"Rain","description":"light rain","icon":"10d"}],"speed":5.62,"deg":257,"gust":13.27,"clouds":100,"pop":0.36,"rain":0.17},{"dt":1713178800,"sunrise":1713156435,"sunset":1713206246,"temp":{"day":8.59,"min":5.77,"max":11.17,"night":5.77,"eve":8.03,"morn":5.95},"feels_like":{"day":3.99,"night":1.15,"eve":3.94,"morn":2.15},"pressure":1005,"humidity":88,"weather":[{"id":502,"main":"Rain","description":"heavy intensity rain","icon":"10d"}],"speed":11.65,"deg":231,"gust":20.83,"clouds":80,"pop":1,"rain":8.2},{"dt":1713265200,"sunrise":1713242709,"sunset":1713292743,"temp":{"day":8.33,"min":5.81,"max":8.59,"night":7,"eve":8.43,"morn":7.25},"feels_like":{"day":4.32,"night":4.12,"eve":5.43,"morn":3.01},"pressure":1012,"humidity":82,"weather":[{"id":500,"main":"Rain","description":"light rain","icon":"10d"}],"speed":9.47,"deg":266,"gust":16.83,"clouds":99,"pop":1,"rain":3.93},{"dt":1713351600,"sunrise":1713328984,"sunset":1713379241,"temp":{"day":7.48,"min":4.45,"max":7.65,"night":5.25,"eve":5.02,"morn":5},"feels_like":{"day":3.48,"night":0.94,"eve":0.22,"morn":1.37},"pressure":1010,"humidity":74,"weather":[{"id":500,"main":"Rain","description":"light rain","icon":"10d"}],"speed":8.41,"deg":313,"gust":13.26,"clouds":94,"pop":1,"rain":7.37}]}
--- ENF OF RECEIVED DATA ---

{"city":{"id":2800866,"name":"Brussels","coord":{"lon":4.3488,"lat":50.8504},"country":"BE","population":1019022,"timezone":7200},"cod":"200","message":0.0473535,"cnt":4,"list":[{"dt":1713092400,"sunrise":1713070161,"sunset":1713119748,"temp":{"day":15,"min":9.33,"max":15.58,"night":9.33,"eve":13.28,"morn":10.71},"feels_like":{"day":13.97,"night":6.98,"eve":12.36,"morn":10.08},"pressure":1024,"humidity":54,"weather":[{"id":500,"main":"Rain","description":"light rain","icon":"10d"}],"speed":5.62,"deg":257,"gust":13.27,"clouds":100,"pop":0.36,"rain":0.17},{"dt":1713178800,"sunrise":1713156435,"sunset":1713206246,"temp":{"day":8.59,"min":5.77,"max":11.17,"night":5.77,"eve":8.03,"morn":5.95},"feels_like":{"day":3.99,"night":1.15,"eve":3.94,"morn":2.15},"pressure":1005,"humidity":88,"weather":[{"id":502,"main":"Rain","description":"heavy intensity rain","icon":"10d"}],"speed":11.65,"deg":231,"gust":20.83,"clouds":80,"pop":1,"rain":8.2},{"dt":1713265200,"sunrise":1713242709,"sunset":1713292743,"temp":{"day":8.33,"min":5.81,"max":8.59,"night":7,"eve":8.43,"morn":7.25},"feels_like":{"day":4.32,"night":4.12,"eve":5.43,"morn":3.01},"pressure":1012,"humidity":82,"weather":[{"id":500,"main":"Rain","description":"light rain","icon":"10d"}],"speed":9.47,"deg":266,"gust":16.83,"clouds":99,"pop":1,"rain":3.93},{"dt":1713351600,"sunrise":1713328984,"sunset":1713379241,"temp":{"day":7.48,"min":4.45,"max":7.65,"night":5.25,"eve":5.02,"morn":5},"feels_like":{"day":3.48,"night":0.94,"eve":0.22,"morn":1.37},"pressure":1010,"humidity":74,"weather":[{"id":500,"main":"Rain","description":"light rain","icon":"10d"}],"speed":8.41,"deg":313,"gust":13.26,"clouds":94,"pop":1,"rain":7.37}]}
--- ENF OF RECEIVED DATA ---

