________________________________________________
|             CALL API : START                |
________________________________________________

Informations : 
Called API: meteo - 9 September 2023, 08:30
Method: GETMETEO - Timeout : 300 - Cache : 1
URL CALLED : https://api.openweathermap.org/data/2.5/forecast/daily?q=Brussels,be&units=metric&cnt=4&appid=ea18c0706135505149200c3836f29800
-------------------------
________________________________________________
|             CALL API : START                |
________________________________________________

Informations : 
Called API: meteo - 9 September 2023, 08:30
Method: GETMETEO - Timeout : 300 - Cache : 1
URL CALLED : https://api.openweathermap.org/data/2.5/forecast/daily?q=Brussels,be&units=metric&cnt=4&appid=ea18c0706135505149200c3836f29800
-------------------------
{"city":{"id":2800866,"name":"Brussels","coord":{"lon":4.3488,"lat":50.8504},"country":"BE","population":1019022,"timezone":7200},"cod":"200","message":8.9601133,"cnt":4,"list":[{"dt":1694257200,"sunrise":1694236086,"sunset":1694283148,"temp":{"day":26.75,"min":17.48,"max":31.18,"night":23.9,"eve":29.22,"morn":18.18},"feels_like":{"day":27.71,"night":24.04,"eve":30.21,"morn":18.43},"pressure":1017,"humidity":59,"weather":[{"id":801,"main":"Clouds","description":"few clouds","icon":"02d"}],"speed":2.87,"deg":130,"gust":3.7,"clouds":12,"pop":0},{"dt":1694343600,"sunrise":1694322578,"sunset":1694369413,"temp":{"day":30.15,"min":21.06,"max":31.8,"night":23.69,"eve":29.04,"morn":21.06},"feels_like":{"day":30.11,"night":23.66,"eve":29.71,"morn":21.02},"pressure":1017,"humidity":42,"weather":[{"id":802,"main":"Clouds","description":"scattered clouds","icon":"03d"}],"speed":2.86,"deg":144,"gust":4.06,"clouds":29,"pop":0},{"dt":1694430000,"sunrise":1694409070,"sunset":1694455678,"temp":{"day":27.72,"min":19.19,"max":29.37,"night":19.19,"eve":24.84,"morn":20.39},"feels_like":{"day":27.98,"night":19.41,"eve":25.05,"morn":20.21},"pressure":1013,"humidity":48,"weather":[{"id":500,"main":"Rain","description":"light rain","icon":"10d"}],"speed":3.73,"deg":316,"gust":7.03,"clouds":55,"pop":0.76,"rain":1.48},{"dt":1694516400,"sunrise":1694495562,"sunset":1694541943,"temp":{"day":24.42,"min":16.81,"max":24.42,"night":16.88,"eve":17.51,"morn":16.81},"feels_like":{"day":24.41,"night":17.1,"eve":17.82,"morn":16.74},"pressure":1012,"humidity":57,"weather":[{"id":501,"main":"Rain","description":"moderate rain","icon":"10d"}],"speed":3.41,"deg":221,"gust":6.73,"clouds":94,"pop":0.96,"rain":9.22}]}
--- ENF OF RECEIVED DATA ---

{"city":{"id":2800866,"name":"Brussels","coord":{"lon":4.3488,"lat":50.8504},"country":"BE","population":1019022,"timezone":7200},"cod":"200","message":8.9601133,"cnt":4,"list":[{"dt":1694257200,"sunrise":1694236086,"sunset":1694283148,"temp":{"day":26.75,"min":17.48,"max":31.18,"night":23.9,"eve":29.22,"morn":18.18},"feels_like":{"day":27.71,"night":24.04,"eve":30.21,"morn":18.43},"pressure":1017,"humidity":59,"weather":[{"id":801,"main":"Clouds","description":"few clouds","icon":"02d"}],"speed":2.87,"deg":130,"gust":3.7,"clouds":12,"pop":0},{"dt":1694343600,"sunrise":1694322578,"sunset":1694369413,"temp":{"day":30.15,"min":21.06,"max":31.8,"night":23.69,"eve":29.04,"morn":21.06},"feels_like":{"day":30.11,"night":23.66,"eve":29.71,"morn":21.02},"pressure":1017,"humidity":42,"weather":[{"id":802,"main":"Clouds","description":"scattered clouds","icon":"03d"}],"speed":2.86,"deg":144,"gust":4.06,"clouds":29,"pop":0},{"dt":1694430000,"sunrise":1694409070,"sunset":1694455678,"temp":{"day":27.72,"min":19.19,"max":29.37,"night":19.19,"eve":24.84,"morn":20.39},"feels_like":{"day":27.98,"night":19.41,"eve":25.05,"morn":20.21},"pressure":1013,"humidity":48,"weather":[{"id":500,"main":"Rain","description":"light rain","icon":"10d"}],"speed":3.73,"deg":316,"gust":7.03,"clouds":55,"pop":0.76,"rain":1.48},{"dt":1694516400,"sunrise":1694495562,"sunset":1694541943,"temp":{"day":24.42,"min":16.81,"max":24.42,"night":16.88,"eve":17.51,"morn":16.81},"feels_like":{"day":24.41,"night":17.1,"eve":17.82,"morn":16.74},"pressure":1012,"humidity":57,"weather":[{"id":501,"main":"Rain","description":"moderate rain","icon":"10d"}],"speed":3.41,"deg":221,"gust":6.73,"clouds":94,"pop":0.96,"rain":9.22}]}
--- ENF OF RECEIVED DATA ---

