________________________________________________
|             CALL API : START                |
________________________________________________

Informations : 
Called API: meteo - 7 July 2022, 04:20
Method: GETMETEO - Timeout : 300 - Cache : 1
URL CALLED : https://rmipro.meteo.be/products/bx1/5373bc0393d004fc/web_forecast
-------------------------
________________________________________________
|             CALL API : START                |
________________________________________________

Informations : 
Called API: meteo - 7 July 2022, 04:20
Method: GETMETEO - Timeout : 300 - Cache : 1
URL CALLED : https://rmipro.meteo.be/products/bx1/5373bc0393d004fc/web_forecast
-------------------------
<?xml version='1.0' encoding='UTF-8'?>
<meteo>
  <generationDate>06/07/2022 19:58</generationDate>
  <forecast date="20220706" period="NIGHT">
    <titledate>06/07/22</titledate>
    <titleday>mercredi</titleday>
    <data>
      <city>Ostende</city>
      <tempMin>17 </tempMin>
      <weathertype>TNN2</weathertype>
    </data>
    <data>
      <city>Anvers</city>
      <tempMin>17 </tempMin>
      <weathertype>TNN2</weathertype>
    </data>
    <data>
      <city>Bruxelles</city>
      <tempMin>17 </tempMin>
      <weathertype>TNN2</weathertype>
    </data>
    <data>
      <city>Namur</city>
      <tempMin>16 </tempMin>
      <weathertype>TNN2</weathertype>
    </data>
    <data>
      <city>Liege</city>
      <tempMin>16 </tempMin>
      <weathertype>TNN2</weathertype>
    </data>
    <data>
      <city>Arlon</city>
      <tempMin>14 </tempMin>
      <weathertype>TNN2</weathertype>
    </data>
  </forecast>
  <forecast date="20220707" period="AM">
    <titledate>07/07/22</titledate>
    <titleday>jeudi</titleday>
    <data>
      <city>Ostende</city>
      <tempMax>18 </tempMax>
      <weathertype>TJ3</weathertype>
    </data>
    <data>
      <city>Anvers</city>
      <tempMax>19 </tempMax>
      <weathertype>TJ10</weathertype>
    </data>
    <data>
      <city>Bruxelles</city>
      <tempMax>19 </tempMax>
      <weathertype>TJ3</weathertype>
    </data>
    <data>
      <city>Namur</city>
      <tempMax>18 </tempMax>
      <weathertype>TJ3</weathertype>
    </data>
    <data>
      <city>Liege</city>
      <tempMax>18 </tempMax>
      <weathertype>TJ10</weathertype>
    </data>
    <data>
      <city>Arlon</city>
      <tempMax>15 </tempMax>
      <weathertype>TJ10</weathertype>
    </data>
  </forecast>
  <forecast date="20220707" period="PM">
    <titledate>07/07/22</titledate>
    <titleday>jeudi</titleday>
    <data>
      <city>Ostende</city>
      <tempMax>18 </tempMax>
      <weathertype>TJ2</weathertype>
    </data>
    <data>
      <city>Anvers</city>
      <tempMax>19 </tempMax>
      <weathertype>TJ3</weathertype>
    </data>
    <data>
      <city>Bruxelles</city>
      <tempMax>20 </tempMax>
      <weathertype>TJ3</weathertype>
    </data>
    <data>
      <city>Namur</city>
      <tempMax>19 </tempMax>
      <weathertype>TJ3</weathertype>
    </data>
    <data>
      <city>Liege</city>
      <tempMax>19 </tempMax>
      <weathertype>TJ3</weathertype>
    </data>
    <data>
      <city>Arlon</city>
      <tempMax>17 </tempMax>
      <weathertype>TJ3</weathertype>
    </data>
  </forecast>
  <forecast date="20220708" period="DAY">
    <titledate>08/07/22</titledate>
    <titleday>vendredi</titleday>
    <data>
      <city>Ostende</city>
      <tempMin>16 </tempMin>
      <tempMax>20 </tempMax>
      <weathertype>TJ2</weathertype>
    </data>
    <data>
      <city>Anvers</city>
      <tempMin>13 </tempMin>
      <tempMax>23 </tempMax>
      <weathertype>TJ3</weathertype>
    </data>
    <data>
      <city>Bruxelles</city>
      <tempMin>13 </tempMin>
      <tempMax>23 </tempMax>
      <weathertype>TJ3</weathertype>
    </data>
    <data>
      <city>Namur</city>
      <tempMin>10 </tempMin>
      <tempMax>23 </tempMax>
      <weathertype>TJ3</weathertype>
    </data>
    <data>
      <city>Liege</city>
      <tempMin>12 </tempMin>
      <tempMax>22 </tempMax>
      <weathertype>TJ3</weathertype>
    </data>
    <data>
      <city>Arlon</city>
      <tempMin>10 </tempMin>
      <tempMax>22 </tempMax>
      <weathertype>TJ3</weathertype>
    </data>
  </forecast>
  <forecast date="20220709" period="DAY">
    <titledate>09/07/22</titledate>
    <titleday>samedi</titleday>
    <data>
      <city>Ostende</city>
      <tempMin>16 </tempMin>
      <tempMax>19 </tempMax>
      <weathertype>TJ2</weathertype>
    </data>
    <data>
      <city>Anvers</city>
      <tempMin>12 </tempMin>
      <tempMax>23 </tempMax>
      <weathertype>TJ2</weathertype>
    </data>
    <data>
      <city>Bruxelles</city>
      <tempMin>12 </tempMin>
      <tempMax>23 </tempMax>
      <weathertype>TJ2</weathertype>
    </data>
    <data>
      <city>Namur</city>
      <tempMin>9 </tempMin>
      <tempMax>21 </tempMax>
      <weathertype>TJ3</weathertype>
    </data>
    <data>
      <city>Liege</city>
      <tempMin>11 </tempMin>
      <tempMax>22 </tempMax>
      <weathertype>TJ11</weathertype>
    </data>
    <data>
      <city>Arlon</city>
      <tempMin>9 </tempMin>
      <tempMax>21 </tempMax>
      <weathertype>TJ3</weathertype>
    </data>
  </forecast>
  <forecast date="20220710" period="DAY">
    <titledate>10/07/22</titledate>
    <titleday>dimanche</titleday>
    <data>
      <city>Ostende</city>
      <tempMin>17 </tempMin>
      <tempMax>19 </tempMax>
      <weathertype>TJ2</weathertype>
    </data>
    <data>
      <city>Anvers</city>
      <tempMin>13 </tempMin>
      <tempMax>23 </tempMax>
      <weathertype>TJ2</weathertype>
    </data>
    <data>
      <city>Bruxelles</city>
      <tempMin>13 </tempMin>
      <tempMax>23 </tempMax>
      <weathertype>TJ2</weathertype>
    </data>
    <data>
      <city>Namur</city>
      <tempMin>11 </tempMin>
      <tempMax>20 </tempMax>
      <weathertype>TJ2</weathertype>
    </data>
    <data>
      <city>Liege</city>
      <tempMin>12 </tempMin>
      <tempMax>23 </tempMax>
      <weathertype>TJ2</weathertype>
    </data>
    <data>
      <city>Arlon</city>
      <tempMin>11 </tempMin>
      <tempMax>20 </tempMax>
      <weathertype>TJ2</weathertype>
    </data>
  </forecast>
  <forecast_foreign date="20220707" period="DAY">
    <titledate>07/07/22</titledate>
    <titleday>jeudi</titleday>
    <data>
      <city>Paris</city>
      <temp>20 </temp>
      <weathertype>TJ2</weathertype>
    </data>
    <data>
      <city>Londres</city>
      <temp>20 </temp>
      <weathertype>TJ2</weathertype>
    </data>
    <data>
      <city>Amsterdam</city>
      <temp>18 </temp>
      <weathertype>TJ2</weathertype>
    </data>
  </forecast_foreign>
  <forecast_foreign date="20220708" period="DAY">
    <titledate>08/07/22</titledate>
    <titleday>vendredi</titleday>
    <data>
      <city>Paris</city>
      <temp>18 </temp>
      <weathertype>TJ1</weathertype>
    </data>
    <data>
      <city>Londres</city>
      <temp>19 </temp>
      <weathertype>TJ1</weathertype>
    </data>
    <data>
      <city>Amsterdam</city>
      <temp>16 </temp>
      <weathertype>TJ4</weathertype>
    </data>
  </forecast_foreign>
  <Ephemerides>
    <Ephemeride>
      <titledate>06/07/22</titledate>
      <titleday>mercredi</titleday>
      <data>
        <sunRise>05:38</sunRise>
        <sunSet>21:56</sunSet>
        <gain>-1 </gain>
      </data>
    </Ephemeride>
    <Ephemeride>
      <titledate>07/07/22</titledate>
      <titleday>jeudi</titleday>
      <data>
        <sunRise>05:39</sunRise>
        <sunSet>21:55</sunSet>
        <gain>-2 </gain>
      </data>
    </Ephemeride>
    <Ephemeride>
      <titledate>08/07/22</titledate>
      <titleday>vendredi</titleday>
      <data>
        <sunRise>05:40</sunRise>
        <sunSet>21:55</sunSet>
        <gain>-1 </gain>
      </data>
    </Ephemeride>
    <Ephemeride>
      <titledate>09/07/22</titledate>
      <titleday>samedi</titleday>
      <data>
        <sunRise>05:41</sunRise>
        <sunSet>21:54</sunSet>
        <gain>-2 </gain>
      </data>
    </Ephemeride>
  </Ephemerides>
  <indices>
    <indice>
      <titledate>06/07/22</titledate>
      <titleday>mercredi</titleday>
      <data>
        <value>3</value>
        <evaluation>bonne</evaluation>
      </data>
    </indice>
    <indice>
      <titledate>07/07/22</titledate>
      <titleday>jeudi</titleday>
      <data>
        <value>3</value>
        <evaluation>bonne</evaluation>
      </data>
    </indice>
    <indice>
      <titledate>08/07/22</titledate>
      <titleday>vendredi</titleday>
      <data>
        <value>3</value>
        <evaluation>bonne</evaluation>
      </data>
    </indice>
  </indices>
</meteo>

--- ENF OF RECEIVED DATA ---

<?xml version='1.0' encoding='UTF-8'?>
<meteo>
  <generationDate>06/07/2022 19:58</generationDate>
  <forecast date="20220706" period="NIGHT">
    <titledate>06/07/22</titledate>
    <titleday>mercredi</titleday>
    <data>
      <city>Ostende</city>
      <tempMin>17 </tempMin>
      <weathertype>TNN2</weathertype>
    </data>
    <data>
      <city>Anvers</city>
      <tempMin>17 </tempMin>
      <weathertype>TNN2</weathertype>
    </data>
    <data>
      <city>Bruxelles</city>
      <tempMin>17 </tempMin>
      <weathertype>TNN2</weathertype>
    </data>
    <data>
      <city>Namur</city>
      <tempMin>16 </tempMin>
      <weathertype>TNN2</weathertype>
    </data>
    <data>
      <city>Liege</city>
      <tempMin>16 </tempMin>
      <weathertype>TNN2</weathertype>
    </data>
    <data>
      <city>Arlon</city>
      <tempMin>14 </tempMin>
      <weathertype>TNN2</weathertype>
    </data>
  </forecast>
  <forecast date="20220707" period="AM">
    <titledate>07/07/22</titledate>
    <titleday>jeudi</titleday>
    <data>
      <city>Ostende</city>
      <tempMax>18 </tempMax>
      <weathertype>TJ3</weathertype>
    </data>
    <data>
      <city>Anvers</city>
      <tempMax>19 </tempMax>
      <weathertype>TJ10</weathertype>
    </data>
    <data>
      <city>Bruxelles</city>
      <tempMax>19 </tempMax>
      <weathertype>TJ3</weathertype>
    </data>
    <data>
      <city>Namur</city>
      <tempMax>18 </tempMax>
      <weathertype>TJ3</weathertype>
    </data>
    <data>
      <city>Liege</city>
      <tempMax>18 </tempMax>
      <weathertype>TJ10</weathertype>
    </data>
    <data>
      <city>Arlon</city>
      <tempMax>15 </tempMax>
      <weathertype>TJ10</weathertype>
    </data>
  </forecast>
  <forecast date="20220707" period="PM">
    <titledate>07/07/22</titledate>
    <titleday>jeudi</titleday>
    <data>
      <city>Ostende</city>
      <tempMax>18 </tempMax>
      <weathertype>TJ2</weathertype>
    </data>
    <data>
      <city>Anvers</city>
      <tempMax>19 </tempMax>
      <weathertype>TJ3</weathertype>
    </data>
    <data>
      <city>Bruxelles</city>
      <tempMax>20 </tempMax>
      <weathertype>TJ3</weathertype>
    </data>
    <data>
      <city>Namur</city>
      <tempMax>19 </tempMax>
      <weathertype>TJ3</weathertype>
    </data>
    <data>
      <city>Liege</city>
      <tempMax>19 </tempMax>
      <weathertype>TJ3</weathertype>
    </data>
    <data>
      <city>Arlon</city>
      <tempMax>17 </tempMax>
      <weathertype>TJ3</weathertype>
    </data>
  </forecast>
  <forecast date="20220708" period="DAY">
    <titledate>08/07/22</titledate>
    <titleday>vendredi</titleday>
    <data>
      <city>Ostende</city>
      <tempMin>16 </tempMin>
      <tempMax>20 </tempMax>
      <weathertype>TJ2</weathertype>
    </data>
    <data>
      <city>Anvers</city>
      <tempMin>13 </tempMin>
      <tempMax>23 </tempMax>
      <weathertype>TJ3</weathertype>
    </data>
    <data>
      <city>Bruxelles</city>
      <tempMin>13 </tempMin>
      <tempMax>23 </tempMax>
      <weathertype>TJ3</weathertype>
    </data>
    <data>
      <city>Namur</city>
      <tempMin>10 </tempMin>
      <tempMax>23 </tempMax>
      <weathertype>TJ3</weathertype>
    </data>
    <data>
      <city>Liege</city>
      <tempMin>12 </tempMin>
      <tempMax>22 </tempMax>
      <weathertype>TJ3</weathertype>
    </data>
    <data>
      <city>Arlon</city>
      <tempMin>10 </tempMin>
      <tempMax>22 </tempMax>
      <weathertype>TJ3</weathertype>
    </data>
  </forecast>
  <forecast date="20220709" period="DAY">
    <titledate>09/07/22</titledate>
    <titleday>samedi</titleday>
    <data>
      <city>Ostende</city>
      <tempMin>16 </tempMin>
      <tempMax>19 </tempMax>
      <weathertype>TJ2</weathertype>
    </data>
    <data>
      <city>Anvers</city>
      <tempMin>12 </tempMin>
      <tempMax>23 </tempMax>
      <weathertype>TJ2</weathertype>
    </data>
    <data>
      <city>Bruxelles</city>
      <tempMin>12 </tempMin>
      <tempMax>23 </tempMax>
      <weathertype>TJ2</weathertype>
    </data>
    <data>
      <city>Namur</city>
      <tempMin>9 </tempMin>
      <tempMax>21 </tempMax>
      <weathertype>TJ3</weathertype>
    </data>
    <data>
      <city>Liege</city>
      <tempMin>11 </tempMin>
      <tempMax>22 </tempMax>
      <weathertype>TJ11</weathertype>
    </data>
    <data>
      <city>Arlon</city>
      <tempMin>9 </tempMin>
      <tempMax>21 </tempMax>
      <weathertype>TJ3</weathertype>
    </data>
  </forecast>
  <forecast date="20220710" period="DAY">
    <titledate>10/07/22</titledate>
    <titleday>dimanche</titleday>
    <data>
      <city>Ostende</city>
      <tempMin>17 </tempMin>
      <tempMax>19 </tempMax>
      <weathertype>TJ2</weathertype>
    </data>
    <data>
      <city>Anvers</city>
      <tempMin>13 </tempMin>
      <tempMax>23 </tempMax>
      <weathertype>TJ2</weathertype>
    </data>
    <data>
      <city>Bruxelles</city>
      <tempMin>13 </tempMin>
      <tempMax>23 </tempMax>
      <weathertype>TJ2</weathertype>
    </data>
    <data>
      <city>Namur</city>
      <tempMin>11 </tempMin>
      <tempMax>20 </tempMax>
      <weathertype>TJ2</weathertype>
    </data>
    <data>
      <city>Liege</city>
      <tempMin>12 </tempMin>
      <tempMax>23 </tempMax>
      <weathertype>TJ2</weathertype>
    </data>
    <data>
      <city>Arlon</city>
      <tempMin>11 </tempMin>
      <tempMax>20 </tempMax>
      <weathertype>TJ2</weathertype>
    </data>
  </forecast>
  <forecast_foreign date="20220707" period="DAY">
    <titledate>07/07/22</titledate>
    <titleday>jeudi</titleday>
    <data>
      <city>Paris</city>
      <temp>20 </temp>
      <weathertype>TJ2</weathertype>
    </data>
    <data>
      <city>Londres</city>
      <temp>20 </temp>
      <weathertype>TJ2</weathertype>
    </data>
    <data>
      <city>Amsterdam</city>
      <temp>18 </temp>
      <weathertype>TJ2</weathertype>
    </data>
  </forecast_foreign>
  <forecast_foreign date="20220708" period="DAY">
    <titledate>08/07/22</titledate>
    <titleday>vendredi</titleday>
    <data>
      <city>Paris</city>
      <temp>18 </temp>
      <weathertype>TJ1</weathertype>
    </data>
    <data>
      <city>Londres</city>
      <temp>19 </temp>
      <weathertype>TJ1</weathertype>
    </data>
    <data>
      <city>Amsterdam</city>
      <temp>16 </temp>
      <weathertype>TJ4</weathertype>
    </data>
  </forecast_foreign>
  <Ephemerides>
    <Ephemeride>
      <titledate>06/07/22</titledate>
      <titleday>mercredi</titleday>
      <data>
        <sunRise>05:38</sunRise>
        <sunSet>21:56</sunSet>
        <gain>-1 </gain>
      </data>
    </Ephemeride>
    <Ephemeride>
      <titledate>07/07/22</titledate>
      <titleday>jeudi</titleday>
      <data>
        <sunRise>05:39</sunRise>
        <sunSet>21:55</sunSet>
        <gain>-2 </gain>
      </data>
    </Ephemeride>
    <Ephemeride>
      <titledate>08/07/22</titledate>
      <titleday>vendredi</titleday>
      <data>
        <sunRise>05:40</sunRise>
        <sunSet>21:55</sunSet>
        <gain>-1 </gain>
      </data>
    </Ephemeride>
    <Ephemeride>
      <titledate>09/07/22</titledate>
      <titleday>samedi</titleday>
      <data>
        <sunRise>05:41</sunRise>
        <sunSet>21:54</sunSet>
        <gain>-2 </gain>
      </data>
    </Ephemeride>
  </Ephemerides>
  <indices>
    <indice>
      <titledate>06/07/22</titledate>
      <titleday>mercredi</titleday>
      <data>
        <value>3</value>
        <evaluation>bonne</evaluation>
      </data>
    </indice>
    <indice>
      <titledate>07/07/22</titledate>
      <titleday>jeudi</titleday>
      <data>
        <value>3</value>
        <evaluation>bonne</evaluation>
      </data>
    </indice>
    <indice>
      <titledate>08/07/22</titledate>
      <titleday>vendredi</titleday>
      <data>
        <value>3</value>
        <evaluation>bonne</evaluation>
      </data>
    </indice>
  </indices>
</meteo>

--- ENF OF RECEIVED DATA ---

