________________________________________________
|             CALL API : START                |
________________________________________________

Informations : 
Called API: meteo - 2 March 2024, 00:00
Method: GETMETEO - Timeout : 300 - Cache : 1
URL CALLED : https://api.openweathermap.org/data/2.5/forecast/daily?q=Brussels,be&units=metric&cnt=4&appid=ea18c0706135505149200c3836f29800
-------------------------
________________________________________________
|             CALL API : START                |
________________________________________________

Informations : 
Called API: meteo - 2 March 2024, 00:00
Method: GETMETEO - Timeout : 300 - Cache : 1
URL CALLED : https://api.openweathermap.org/data/2.5/forecast/daily?q=Brussels,be&units=metric&cnt=4&appid=ea18c0706135505149200c3836f29800
-------------------------
{"city":{"id":2800866,"name":"Brussels","coord":{"lon":4.3488,"lat":50.8504},"country":"BE","population":1019022,"timezone":3600},"cod":"200","message":23.2301665,"cnt":4,"list":[{"dt":1709290800,"sunrise":1709274392,"sunset":1709313815,"temp":{"day":8.97,"min":4.9,"max":9.38,"night":7.25,"eve":8.45,"morn":6.07},"feels_like":{"day":4.97,"night":2.69,"eve":5.02,"morn":2.99},"pressure":1000,"humidity":66,"weather":[{"id":500,"main":"Rain","description":"light rain","icon":"10d"}],"speed":9.82,"deg":172,"gust":18.07,"clouds":73,"pop":0.84,"rain":2.12},{"dt":1709377200,"sunrise":1709360665,"sunset":1709400318,"temp":{"day":9.96,"min":4.74,"max":10.81,"night":9.54,"eve":8.92,"morn":4.96},"feels_like":{"day":6.86,"night":6.57,"eve":6.37,"morn":0.76},"pressure":1000,"humidity":62,"weather":[{"id":501,"main":"Rain","description":"moderate rain","icon":"10d"}],"speed":7.64,"deg":205,"gust":14.87,"clouds":71,"pop":0.98,"rain":5.66},{"dt":1709463600,"sunrise":1709446936,"sunset":1709486820,"temp":{"day":7.86,"min":5.7,"max":10.18,"night":5.7,"eve":6.96,"morn":9.41},"feels_like":{"day":5.36,"night":3.23,"eve":4.12,"morn":6.67},"pressure":1001,"humidity":78,"weather":[{"id":500,"main":"Rain","description":"light rain","icon":"10d"}],"speed":8.62,"deg":160,"gust":15.6,"clouds":100,"pop":1,"rain":0.23},{"dt":1709550000,"sunrise":1709533208,"sunset":1709573322,"temp":{"day":8.5,"min":3.55,"max":9.75,"night":6.2,"eve":7.27,"morn":3.81},"feels_like":{"day":7.44,"night":4.74,"eve":7.27,"morn":2.59},"pressure":1011,"humidity":63,"weather":[{"id":803,"main":"Clouds","description":"broken clouds","icon":"04d"}],"speed":2.81,"deg":296,"gust":6.13,"clouds":72,"pop":0}]}
--- ENF OF RECEIVED DATA ---

{"city":{"id":2800866,"name":"Brussels","coord":{"lon":4.3488,"lat":50.8504},"country":"BE","population":1019022,"timezone":3600},"cod":"200","message":23.2301665,"cnt":4,"list":[{"dt":1709290800,"sunrise":1709274392,"sunset":1709313815,"temp":{"day":8.97,"min":4.9,"max":9.38,"night":7.25,"eve":8.45,"morn":6.07},"feels_like":{"day":4.97,"night":2.69,"eve":5.02,"morn":2.99},"pressure":1000,"humidity":66,"weather":[{"id":500,"main":"Rain","description":"light rain","icon":"10d"}],"speed":9.82,"deg":172,"gust":18.07,"clouds":73,"pop":0.84,"rain":2.12},{"dt":1709377200,"sunrise":1709360665,"sunset":1709400318,"temp":{"day":9.96,"min":4.74,"max":10.81,"night":9.54,"eve":8.92,"morn":4.96},"feels_like":{"day":6.86,"night":6.57,"eve":6.37,"morn":0.76},"pressure":1000,"humidity":62,"weather":[{"id":501,"main":"Rain","description":"moderate rain","icon":"10d"}],"speed":7.64,"deg":205,"gust":14.87,"clouds":71,"pop":0.98,"rain":5.66},{"dt":1709463600,"sunrise":1709446936,"sunset":1709486820,"temp":{"day":7.86,"min":5.7,"max":10.18,"night":5.7,"eve":6.96,"morn":9.41},"feels_like":{"day":5.36,"night":3.23,"eve":4.12,"morn":6.67},"pressure":1001,"humidity":78,"weather":[{"id":500,"main":"Rain","description":"light rain","icon":"10d"}],"speed":8.62,"deg":160,"gust":15.6,"clouds":100,"pop":1,"rain":0.23},{"dt":1709550000,"sunrise":1709533208,"sunset":1709573322,"temp":{"day":8.5,"min":3.55,"max":9.75,"night":6.2,"eve":7.27,"morn":3.81},"feels_like":{"day":7.44,"night":4.74,"eve":7.27,"morn":2.59},"pressure":1011,"humidity":63,"weather":[{"id":803,"main":"Clouds","description":"broken clouds","icon":"04d"}],"speed":2.81,"deg":296,"gust":6.13,"clouds":72,"pop":0}]}
--- ENF OF RECEIVED DATA ---

