________________________________________________
|             CALL API : START                |
________________________________________________

Informations : 
Called API: meteo - 11 June 2023, 07:40
Method: GETMETEO - Timeout : 300 - Cache : 1
URL CALLED : https://api.openweathermap.org/data/2.5/forecast/daily?q=Brussels,be&units=metric&cnt=4&appid=ea18c0706135505149200c3836f29800
-------------------------
________________________________________________
|             CALL API : START                |
________________________________________________

Informations : 
Called API: meteo - 11 June 2023, 07:40
Method: GETMETEO - Timeout : 300 - Cache : 1
URL CALLED : https://api.openweathermap.org/data/2.5/forecast/daily?q=Brussels,be&units=metric&cnt=4&appid=ea18c0706135505149200c3836f29800
-------------------------
{"city":{"id":2800866,"name":"Brussels","coord":{"lon":4.3488,"lat":50.8504},"country":"BE","population":1019022,"timezone":7200},"cod":"200","message":6.5919752,"cnt":4,"list":[{"dt":1686481200,"sunrise":1686454162,"sunset":1686513310,"temp":{"day":27.96,"min":19.13,"max":29.13,"night":20.7,"eve":27.82,"morn":19.45},"feels_like":{"day":27.91,"night":20.42,"eve":27.78,"morn":19.36},"pressure":1015,"humidity":44,"weather":[{"id":800,"main":"Clear","description":"sky is clear","icon":"01d"}],"speed":4.82,"deg":120,"gust":8.05,"clouds":1,"pop":0.04},{"dt":1686567600,"sunrise":1686540545,"sunset":1686599750,"temp":{"day":27.07,"min":15.84,"max":28.35,"night":18.98,"eve":26.11,"morn":16.55},"feels_like":{"day":27.07,"night":18.45,"eve":26.11,"morn":15.98},"pressure":1015,"humidity":43,"weather":[{"id":800,"main":"Clear","description":"sky is clear","icon":"01d"}],"speed":6.16,"deg":87,"gust":8.49,"clouds":9,"pop":0},{"dt":1686654000,"sunrise":1686626931,"sunset":1686686188,"temp":{"day":24.16,"min":13.45,"max":25.92,"night":18.08,"eve":24.89,"morn":14.36},"feels_like":{"day":23.52,"night":17.22,"eve":24.35,"morn":13.57},"pressure":1014,"humidity":34,"weather":[{"id":800,"main":"Clear","description":"sky is clear","icon":"01d"}],"speed":6.55,"deg":87,"gust":10.47,"clouds":10,"pop":0},{"dt":1686740400,"sunrise":1686713320,"sunset":1686772623,"temp":{"day":23.76,"min":12.57,"max":24.13,"night":18.72,"eve":21.54,"morn":15.38},"feels_like":{"day":23.05,"night":17.93,"eve":20.87,"morn":14.46},"pressure":1018,"humidity":33,"weather":[{"id":802,"main":"Clouds","description":"scattered clouds","icon":"03d"}],"speed":5.58,"deg":45,"gust":7.45,"clouds":30,"pop":0}]}
--- ENF OF RECEIVED DATA ---

{"city":{"id":2800866,"name":"Brussels","coord":{"lon":4.3488,"lat":50.8504},"country":"BE","population":1019022,"timezone":7200},"cod":"200","message":6.5919752,"cnt":4,"list":[{"dt":1686481200,"sunrise":1686454162,"sunset":1686513310,"temp":{"day":27.96,"min":19.13,"max":29.13,"night":20.7,"eve":27.82,"morn":19.45},"feels_like":{"day":27.91,"night":20.42,"eve":27.78,"morn":19.36},"pressure":1015,"humidity":44,"weather":[{"id":800,"main":"Clear","description":"sky is clear","icon":"01d"}],"speed":4.82,"deg":120,"gust":8.05,"clouds":1,"pop":0.04},{"dt":1686567600,"sunrise":1686540545,"sunset":1686599750,"temp":{"day":27.07,"min":15.84,"max":28.35,"night":18.98,"eve":26.11,"morn":16.55},"feels_like":{"day":27.07,"night":18.45,"eve":26.11,"morn":15.98},"pressure":1015,"humidity":43,"weather":[{"id":800,"main":"Clear","description":"sky is clear","icon":"01d"}],"speed":6.16,"deg":87,"gust":8.49,"clouds":9,"pop":0},{"dt":1686654000,"sunrise":1686626931,"sunset":1686686188,"temp":{"day":24.16,"min":13.45,"max":25.92,"night":18.08,"eve":24.89,"morn":14.36},"feels_like":{"day":23.52,"night":17.22,"eve":24.35,"morn":13.57},"pressure":1014,"humidity":34,"weather":[{"id":800,"main":"Clear","description":"sky is clear","icon":"01d"}],"speed":6.55,"deg":87,"gust":10.47,"clouds":10,"pop":0},{"dt":1686740400,"sunrise":1686713320,"sunset":1686772623,"temp":{"day":23.76,"min":12.57,"max":24.13,"night":18.72,"eve":21.54,"morn":15.38},"feels_like":{"day":23.05,"night":17.93,"eve":20.87,"morn":14.46},"pressure":1018,"humidity":33,"weather":[{"id":802,"main":"Clouds","description":"scattered clouds","icon":"03d"}],"speed":5.58,"deg":45,"gust":7.45,"clouds":30,"pop":0}]}
--- ENF OF RECEIVED DATA ---

