________________________________________________
|             CALL API : START                |
________________________________________________

Informations : 
Called API: meteo - 4 June 2024, 17:20
Method: GETMETEO - Timeout : 300 - Cache : 1
URL CALLED : https://api.openweathermap.org/data/2.5/forecast/daily?q=Brussels,be&units=metric&cnt=4&appid=ea18c0706135505149200c3836f29800
-------------------------
________________________________________________
|             CALL API : START                |
________________________________________________

Informations : 
Called API: meteo - 4 June 2024, 17:20
Method: GETMETEO - Timeout : 300 - Cache : 1
URL CALLED : https://api.openweathermap.org/data/2.5/forecast/daily?q=Brussels,be&units=metric&cnt=4&appid=ea18c0706135505149200c3836f29800
-------------------------
{"city":{"id":2800866,"name":"Brussels","coord":{"lon":4.3488,"lat":50.8504},"country":"BE","population":1019022,"timezone":7200},"cod":"200","message":0.1390563,"cnt":4,"list":[{"dt":1717498800,"sunrise":1717471936,"sunset":1717530601,"temp":{"day":19.97,"min":13.13,"max":21.55,"night":14.33,"eve":21.09,"morn":13.43},"feels_like":{"day":19.75,"night":13.96,"eve":20.95,"morn":13.1},"pressure":1013,"humidity":66,"weather":[{"id":500,"main":"Rain","description":"light rain","icon":"10d"}],"speed":6.18,"deg":222,"gust":13.04,"clouds":79,"pop":1,"rain":1.09},{"dt":1717585200,"sunrise":1717558301,"sunset":1717617057,"temp":{"day":16.06,"min":9.72,"max":17.49,"night":9.72,"eve":14.78,"morn":12.16},"feels_like":{"day":15.13,"night":9.72,"eve":13.8,"morn":11.7},"pressure":1015,"humidity":54,"weather":[{"id":500,"main":"Rain","description":"light rain","icon":"10d"}],"speed":5.91,"deg":253,"gust":12.45,"clouds":79,"pop":0.58,"rain":0.29},{"dt":1717671600,"sunrise":1717644668,"sunset":1717703510,"temp":{"day":13.91,"min":6.55,"max":17.16,"night":11.05,"eve":16.12,"morn":7.79},"feels_like":{"day":12.95,"night":10.04,"eve":15.2,"morn":5.9},"pressure":1019,"humidity":61,"weather":[{"id":500,"main":"Rain","description":"light rain","icon":"10d"}],"speed":5.48,"deg":280,"gust":6.83,"clouds":48,"pop":0.2,"rain":0.11},{"dt":1717758000,"sunrise":1717731039,"sunset":1717789961,"temp":{"day":17.92,"min":7.91,"max":19.63,"night":11.88,"eve":17.51,"morn":9.42},"feels_like":{"day":17.23,"night":11.21,"eve":16.99,"morn":8.38},"pressure":1016,"humidity":56,"weather":[{"id":801,"main":"Clouds","description":"few clouds","icon":"02d"}],"speed":4.97,"deg":245,"gust":6.68,"clouds":13,"pop":0}]}
--- ENF OF RECEIVED DATA ---

{"city":{"id":2800866,"name":"Brussels","coord":{"lon":4.3488,"lat":50.8504},"country":"BE","population":1019022,"timezone":7200},"cod":"200","message":0.1390563,"cnt":4,"list":[{"dt":1717498800,"sunrise":1717471936,"sunset":1717530601,"temp":{"day":19.97,"min":13.13,"max":21.55,"night":14.33,"eve":21.09,"morn":13.43},"feels_like":{"day":19.75,"night":13.96,"eve":20.95,"morn":13.1},"pressure":1013,"humidity":66,"weather":[{"id":500,"main":"Rain","description":"light rain","icon":"10d"}],"speed":6.18,"deg":222,"gust":13.04,"clouds":79,"pop":1,"rain":1.09},{"dt":1717585200,"sunrise":1717558301,"sunset":1717617057,"temp":{"day":16.06,"min":9.72,"max":17.49,"night":9.72,"eve":14.78,"morn":12.16},"feels_like":{"day":15.13,"night":9.72,"eve":13.8,"morn":11.7},"pressure":1015,"humidity":54,"weather":[{"id":500,"main":"Rain","description":"light rain","icon":"10d"}],"speed":5.91,"deg":253,"gust":12.45,"clouds":79,"pop":0.58,"rain":0.29},{"dt":1717671600,"sunrise":1717644668,"sunset":1717703510,"temp":{"day":13.91,"min":6.55,"max":17.16,"night":11.05,"eve":16.12,"morn":7.79},"feels_like":{"day":12.95,"night":10.04,"eve":15.2,"morn":5.9},"pressure":1019,"humidity":61,"weather":[{"id":500,"main":"Rain","description":"light rain","icon":"10d"}],"speed":5.48,"deg":280,"gust":6.83,"clouds":48,"pop":0.2,"rain":0.11},{"dt":1717758000,"sunrise":1717731039,"sunset":1717789961,"temp":{"day":17.92,"min":7.91,"max":19.63,"night":11.88,"eve":17.51,"morn":9.42},"feels_like":{"day":17.23,"night":11.21,"eve":16.99,"morn":8.38},"pressure":1016,"humidity":56,"weather":[{"id":801,"main":"Clouds","description":"few clouds","icon":"02d"}],"speed":4.97,"deg":245,"gust":6.68,"clouds":13,"pop":0}]}
--- ENF OF RECEIVED DATA ---

