________________________________________________
|             CALL API : START                |
________________________________________________

Informations : 
Called API: meteo - 23 February 2025, 11:40
Method: GETMETEO - Timeout : 300 - Cache : 1
URL CALLED : https://api.openweathermap.org/data/2.5/forecast/daily?q=Brussels,be&units=metric&cnt=4&appid=ea18c0706135505149200c3836f29800
-------------------------
________________________________________________
|             CALL API : START                |
________________________________________________

Informations : 
Called API: meteo - 23 February 2025, 11:40
Method: GETMETEO - Timeout : 300 - Cache : 1
URL CALLED : https://api.openweathermap.org/data/2.5/forecast/daily?q=Brussels,be&units=metric&cnt=4&appid=ea18c0706135505149200c3836f29800
-------------------------
{"city":{"id":2800866,"name":"Brussels","coord":{"lon":4.3488,"lat":50.8504},"country":"BE","population":1019022,"timezone":3600},"cod":"200","message":0.0392893,"cnt":4,"list":[{"dt":1740308400,"sunrise":1740292770,"sunset":1740330765,"temp":{"day":12.26,"min":5.16,"max":12.79,"night":10.43,"eve":10.93,"morn":5.51},"feels_like":{"day":11.68,"night":9.41,"eve":10.01,"morn":2.74},"pressure":1028,"humidity":82,"weather":[{"id":800,"main":"Clear","description":"sky is clear","icon":"01d"}],"speed":7.45,"deg":196,"gust":15.64,"clouds":0,"pop":0},{"dt":1740394800,"sunrise":1740379048,"sunset":1740417270,"temp":{"day":11.64,"min":8.83,"max":11.64,"night":8.83,"eve":9.65,"morn":10.15},"feels_like":{"day":10.64,"night":6.48,"eve":6.85,"morn":9.07},"pressure":1017,"humidity":68,"weather":[{"id":500,"main":"Rain","description":"light rain","icon":"10d"}],"speed":8.9,"deg":191,"gust":16.99,"clouds":100,"pop":1,"rain":2.87},{"dt":1740481200,"sunrise":1740465325,"sunset":1740503774,"temp":{"day":9.53,"min":5.89,"max":11.85,"night":5.89,"eve":8.81,"morn":6.2},"feels_like":{"day":8.42,"night":3.6,"eve":6.74,"morn":4.18},"pressure":1015,"humidity":78,"weather":[{"id":804,"main":"Clouds","description":"overcast clouds","icon":"04d"}],"speed":4.09,"deg":219,"gust":8.7,"clouds":92,"pop":0},{"dt":1740567600,"sunrise":1740551602,"sunset":1740590278,"temp":{"day":8.88,"min":3.48,"max":10.27,"night":7.06,"eve":8.35,"morn":3.66},"feels_like":{"day":6.37,"night":3.42,"eve":5.28,"morn":1.25},"pressure":1022,"humidity":64,"weather":[{"id":500,"main":"Rain","description":"light rain","icon":"10d"}],"speed":6.25,"deg":207,"gust":12.5,"clouds":43,"pop":1,"rain":2.57}]}
--- ENF OF RECEIVED DATA ---

{"city":{"id":2800866,"name":"Brussels","coord":{"lon":4.3488,"lat":50.8504},"country":"BE","population":1019022,"timezone":3600},"cod":"200","message":0.0392893,"cnt":4,"list":[{"dt":1740308400,"sunrise":1740292770,"sunset":1740330765,"temp":{"day":12.26,"min":5.16,"max":12.79,"night":10.43,"eve":10.93,"morn":5.51},"feels_like":{"day":11.68,"night":9.41,"eve":10.01,"morn":2.74},"pressure":1028,"humidity":82,"weather":[{"id":800,"main":"Clear","description":"sky is clear","icon":"01d"}],"speed":7.45,"deg":196,"gust":15.64,"clouds":0,"pop":0},{"dt":1740394800,"sunrise":1740379048,"sunset":1740417270,"temp":{"day":11.64,"min":8.83,"max":11.64,"night":8.83,"eve":9.65,"morn":10.15},"feels_like":{"day":10.64,"night":6.48,"eve":6.85,"morn":9.07},"pressure":1017,"humidity":68,"weather":[{"id":500,"main":"Rain","description":"light rain","icon":"10d"}],"speed":8.9,"deg":191,"gust":16.99,"clouds":100,"pop":1,"rain":2.87},{"dt":1740481200,"sunrise":1740465325,"sunset":1740503774,"temp":{"day":9.53,"min":5.89,"max":11.85,"night":5.89,"eve":8.81,"morn":6.2},"feels_like":{"day":8.42,"night":3.6,"eve":6.74,"morn":4.18},"pressure":1015,"humidity":78,"weather":[{"id":804,"main":"Clouds","description":"overcast clouds","icon":"04d"}],"speed":4.09,"deg":219,"gust":8.7,"clouds":92,"pop":0},{"dt":1740567600,"sunrise":1740551602,"sunset":1740590278,"temp":{"day":8.88,"min":3.48,"max":10.27,"night":7.06,"eve":8.35,"morn":3.66},"feels_like":{"day":6.37,"night":3.42,"eve":5.28,"morn":1.25},"pressure":1022,"humidity":64,"weather":[{"id":500,"main":"Rain","description":"light rain","icon":"10d"}],"speed":6.25,"deg":207,"gust":12.5,"clouds":43,"pop":1,"rain":2.57}]}
--- ENF OF RECEIVED DATA ---

