________________________________________________
|             CALL API : START                |
________________________________________________

Informations : 
Called API: meteo - 30 October 2024, 10:20
Method: GETMETEO - Timeout : 300 - Cache : 1
URL CALLED : https://api.openweathermap.org/data/2.5/forecast/daily?q=Brussels,be&units=metric&cnt=4&appid=ea18c0706135505149200c3836f29800
-------------------------
________________________________________________
|             CALL API : START                |
________________________________________________

Informations : 
Called API: meteo - 30 October 2024, 10:20
Method: GETMETEO - Timeout : 300 - Cache : 1
URL CALLED : https://api.openweathermap.org/data/2.5/forecast/daily?q=Brussels,be&units=metric&cnt=4&appid=ea18c0706135505149200c3836f29800
-------------------------
{"city":{"id":2800866,"name":"Brussels","coord":{"lon":4.3488,"lat":50.8504},"country":"BE","population":1019022,"timezone":3600},"cod":"200","message":0.0465497,"cnt":4,"list":[{"dt":1730286000,"sunrise":1730269882,"sunset":1730305258,"temp":{"day":13.55,"min":11.92,"max":15.28,"night":11.92,"eve":14.06,"morn":12.76},"feels_like":{"day":13.18,"night":11.41,"eve":13.53,"morn":12.55},"pressure":1028,"humidity":85,"weather":[{"id":804,"main":"Clouds","description":"overcast clouds","icon":"04d"}],"speed":2.28,"deg":234,"gust":4.18,"clouds":100,"pop":0},{"dt":1730372400,"sunrise":1730356386,"sunset":1730391550,"temp":{"day":15.44,"min":9.63,"max":16.62,"night":11.05,"eve":12.98,"morn":9.82},"feels_like":{"day":14.79,"night":10.43,"eve":12.42,"morn":9.1},"pressure":1028,"humidity":67,"weather":[{"id":800,"main":"Clear","description":"sky is clear","icon":"01d"}],"speed":1.97,"deg":61,"gust":2.77,"clouds":7,"pop":0},{"dt":1730458800,"sunrise":1730442890,"sunset":1730477844,"temp":{"day":14.86,"min":9.13,"max":16.21,"night":10.88,"eve":12.5,"morn":9.35},"feels_like":{"day":14.2,"night":10.5,"eve":11.92,"morn":8.8},"pressure":1025,"humidity":69,"weather":[{"id":800,"main":"Clear","description":"sky is clear","icon":"01d"}],"speed":2.32,"deg":353,"gust":3.17,"clouds":2,"pop":0},{"dt":1730545200,"sunrise":1730529394,"sunset":1730564140,"temp":{"day":13.23,"min":7.16,"max":13.23,"night":7.16,"eve":9.1,"morn":11.06},"feels_like":{"day":12.25,"night":4.55,"eve":6.84,"morn":10.73},"pressure":1032,"humidity":63,"weather":[{"id":803,"main":"Clouds","description":"broken clouds","icon":"04d"}],"speed":5.25,"deg":57,"gust":9.99,"clouds":67,"pop":0}]}
--- ENF OF RECEIVED DATA ---

{"city":{"id":2800866,"name":"Brussels","coord":{"lon":4.3488,"lat":50.8504},"country":"BE","population":1019022,"timezone":3600},"cod":"200","message":0.0465497,"cnt":4,"list":[{"dt":1730286000,"sunrise":1730269882,"sunset":1730305258,"temp":{"day":13.55,"min":11.92,"max":15.28,"night":11.92,"eve":14.06,"morn":12.76},"feels_like":{"day":13.18,"night":11.41,"eve":13.53,"morn":12.55},"pressure":1028,"humidity":85,"weather":[{"id":804,"main":"Clouds","description":"overcast clouds","icon":"04d"}],"speed":2.28,"deg":234,"gust":4.18,"clouds":100,"pop":0},{"dt":1730372400,"sunrise":1730356386,"sunset":1730391550,"temp":{"day":15.44,"min":9.63,"max":16.62,"night":11.05,"eve":12.98,"morn":9.82},"feels_like":{"day":14.79,"night":10.43,"eve":12.42,"morn":9.1},"pressure":1028,"humidity":67,"weather":[{"id":800,"main":"Clear","description":"sky is clear","icon":"01d"}],"speed":1.97,"deg":61,"gust":2.77,"clouds":7,"pop":0},{"dt":1730458800,"sunrise":1730442890,"sunset":1730477844,"temp":{"day":14.86,"min":9.13,"max":16.21,"night":10.88,"eve":12.5,"morn":9.35},"feels_like":{"day":14.2,"night":10.5,"eve":11.92,"morn":8.8},"pressure":1025,"humidity":69,"weather":[{"id":800,"main":"Clear","description":"sky is clear","icon":"01d"}],"speed":2.32,"deg":353,"gust":3.17,"clouds":2,"pop":0},{"dt":1730545200,"sunrise":1730529394,"sunset":1730564140,"temp":{"day":13.23,"min":7.16,"max":13.23,"night":7.16,"eve":9.1,"morn":11.06},"feels_like":{"day":12.25,"night":4.55,"eve":6.84,"morn":10.73},"pressure":1032,"humidity":63,"weather":[{"id":803,"main":"Clouds","description":"broken clouds","icon":"04d"}],"speed":5.25,"deg":57,"gust":9.99,"clouds":67,"pop":0}]}
--- ENF OF RECEIVED DATA ---

