________________________________________________
|             CALL API : START                |
________________________________________________

Informations : 
Called API: meteo - 28 May 2023, 12:10
Method: GETMETEO - Timeout : 300 - Cache : 1
URL CALLED : https://api.openweathermap.org/data/2.5/forecast/daily?q=Brussels,be&units=metric&cnt=4&appid=ea18c0706135505149200c3836f29800
-------------------------
________________________________________________
|             CALL API : START                |
________________________________________________

Informations : 
Called API: meteo - 28 May 2023, 12:10
Method: GETMETEO - Timeout : 300 - Cache : 1
URL CALLED : https://api.openweathermap.org/data/2.5/forecast/daily?q=Brussels,be&units=metric&cnt=4&appid=ea18c0706135505149200c3836f29800
-------------------------
{"city":{"id":2800866,"name":"Brussels","coord":{"lon":4.3488,"lat":50.8504},"country":"BE","population":1019022,"timezone":7200},"cod":"200","message":0.0605203,"cnt":4,"list":[{"dt":1685271600,"sunrise":1685245101,"sunset":1685302900,"temp":{"day":21.28,"min":10.72,"max":22.13,"night":15.18,"eve":20.16,"morn":11.85},"feels_like":{"day":20.9,"night":14.58,"eve":19.85,"morn":11.36},"pressure":1020,"humidity":55,"weather":[{"id":801,"main":"Clouds","description":"few clouds","icon":"02d"}],"speed":6.64,"deg":41,"gust":12.81,"clouds":14,"pop":0},{"dt":1685358000,"sunrise":1685331445,"sunset":1685389371,"temp":{"day":16.32,"min":8.58,"max":17.68,"night":11.16,"eve":16.41,"morn":8.96},"feels_like":{"day":15.39,"night":10.13,"eve":15.52,"morn":6.19},"pressure":1025,"humidity":53,"weather":[{"id":804,"main":"Clouds","description":"overcast clouds","icon":"04d"}],"speed":6.72,"deg":41,"gust":12.82,"clouds":99,"pop":0},{"dt":1685444400,"sunrise":1685417791,"sunset":1685475840,"temp":{"day":18.54,"min":6.89,"max":19.91,"night":11.97,"eve":17.23,"morn":8},"feels_like":{"day":17.96,"night":11.39,"eve":16.76,"morn":5.52},"pressure":1026,"humidity":58,"weather":[{"id":802,"main":"Clouds","description":"scattered clouds","icon":"03d"}],"speed":5.97,"deg":29,"gust":11.65,"clouds":45,"pop":0},{"dt":1685530800,"sunrise":1685504140,"sunset":1685562308,"temp":{"day":21.88,"min":9.55,"max":23.46,"night":16.58,"eve":20.47,"morn":12.59},"feels_like":{"day":21.3,"night":16.04,"eve":20.09,"morn":12.05},"pressure":1025,"humidity":45,"weather":[{"id":803,"main":"Clouds","description":"broken clouds","icon":"04d"}],"speed":6.81,"deg":74,"gust":13.75,"clouds":51,"pop":0}]}
--- ENF OF RECEIVED DATA ---

{"city":{"id":2800866,"name":"Brussels","coord":{"lon":4.3488,"lat":50.8504},"country":"BE","population":1019022,"timezone":7200},"cod":"200","message":0.0605203,"cnt":4,"list":[{"dt":1685271600,"sunrise":1685245101,"sunset":1685302900,"temp":{"day":21.28,"min":10.72,"max":22.13,"night":15.18,"eve":20.16,"morn":11.85},"feels_like":{"day":20.9,"night":14.58,"eve":19.85,"morn":11.36},"pressure":1020,"humidity":55,"weather":[{"id":801,"main":"Clouds","description":"few clouds","icon":"02d"}],"speed":6.64,"deg":41,"gust":12.81,"clouds":14,"pop":0},{"dt":1685358000,"sunrise":1685331445,"sunset":1685389371,"temp":{"day":16.32,"min":8.58,"max":17.68,"night":11.16,"eve":16.41,"morn":8.96},"feels_like":{"day":15.39,"night":10.13,"eve":15.52,"morn":6.19},"pressure":1025,"humidity":53,"weather":[{"id":804,"main":"Clouds","description":"overcast clouds","icon":"04d"}],"speed":6.72,"deg":41,"gust":12.82,"clouds":99,"pop":0},{"dt":1685444400,"sunrise":1685417791,"sunset":1685475840,"temp":{"day":18.54,"min":6.89,"max":19.91,"night":11.97,"eve":17.23,"morn":8},"feels_like":{"day":17.96,"night":11.39,"eve":16.76,"morn":5.52},"pressure":1026,"humidity":58,"weather":[{"id":802,"main":"Clouds","description":"scattered clouds","icon":"03d"}],"speed":5.97,"deg":29,"gust":11.65,"clouds":45,"pop":0},{"dt":1685530800,"sunrise":1685504140,"sunset":1685562308,"temp":{"day":21.88,"min":9.55,"max":23.46,"night":16.58,"eve":20.47,"morn":12.59},"feels_like":{"day":21.3,"night":16.04,"eve":20.09,"morn":12.05},"pressure":1025,"humidity":45,"weather":[{"id":803,"main":"Clouds","description":"broken clouds","icon":"04d"}],"speed":6.81,"deg":74,"gust":13.75,"clouds":51,"pop":0}]}
--- ENF OF RECEIVED DATA ---

