________________________________________________
|             CALL API : START                |
________________________________________________

Informations : 
Called API: meteo - 25 August 2024, 12:00
Method: GETMETEO - Timeout : 300 - Cache : 1
URL CALLED : https://api.openweathermap.org/data/2.5/forecast/daily?q=Brussels,be&units=metric&cnt=4&appid=ea18c0706135505149200c3836f29800
-------------------------
________________________________________________
|             CALL API : START                |
________________________________________________

Informations : 
Called API: meteo - 25 August 2024, 12:00
Method: GETMETEO - Timeout : 300 - Cache : 1
URL CALLED : https://api.openweathermap.org/data/2.5/forecast/daily?q=Brussels,be&units=metric&cnt=4&appid=ea18c0706135505149200c3836f29800
-------------------------
{"city":{"id":2800866,"name":"Brussels","coord":{"lon":4.3488,"lat":50.8504},"country":"BE","population":1019022,"timezone":7200},"cod":"200","message":0.0523691,"cnt":4,"list":[{"dt":1724583600,"sunrise":1724561165,"sunset":1724611414,"temp":{"day":18.08,"min":11.56,"max":18.54,"night":15.97,"eve":18.44,"morn":11.56},"feels_like":{"day":17.67,"night":15.27,"eve":17.98,"morn":11.12},"pressure":1021,"humidity":66,"weather":[{"id":802,"main":"Clouds","description":"scattered clouds","icon":"03d"}],"speed":6.66,"deg":259,"gust":12.87,"clouds":36,"pop":0.55},{"dt":1724670000,"sunrise":1724647658,"sunset":1724697688,"temp":{"day":20.78,"min":12.18,"max":22.16,"night":16.16,"eve":20.92,"morn":12.33},"feels_like":{"day":20.3,"night":15.63,"eve":20.56,"morn":11.71},"pressure":1022,"humidity":53,"weather":[{"id":800,"main":"Clear","description":"sky is clear","icon":"01d"}],"speed":4.88,"deg":234,"gust":8.16,"clouds":9,"pop":0},{"dt":1724756400,"sunrise":1724734151,"sunset":1724783961,"temp":{"day":23.12,"min":13.84,"max":25.3,"night":18.62,"eve":24.18,"morn":13.84},"feels_like":{"day":22.77,"night":18.18,"eve":24.01,"morn":13.34},"pressure":1021,"humidity":49,"weather":[{"id":804,"main":"Clouds","description":"overcast clouds","icon":"04d"}],"speed":2.72,"deg":128,"gust":3.59,"clouds":100,"pop":0},{"dt":1724842800,"sunrise":1724820644,"sunset":1724870233,"temp":{"day":27.33,"min":16,"max":28.78,"night":22.09,"eve":24.5,"morn":16},"feels_like":{"day":27.88,"night":22.16,"eve":24.65,"morn":15.48},"pressure":1014,"humidity":52,"weather":[{"id":801,"main":"Clouds","description":"few clouds","icon":"02d"}],"speed":3.4,"deg":194,"gust":4.58,"clouds":13,"pop":0}]}
--- ENF OF RECEIVED DATA ---

{"city":{"id":2800866,"name":"Brussels","coord":{"lon":4.3488,"lat":50.8504},"country":"BE","population":1019022,"timezone":7200},"cod":"200","message":0.0523691,"cnt":4,"list":[{"dt":1724583600,"sunrise":1724561165,"sunset":1724611414,"temp":{"day":18.08,"min":11.56,"max":18.54,"night":15.97,"eve":18.44,"morn":11.56},"feels_like":{"day":17.67,"night":15.27,"eve":17.98,"morn":11.12},"pressure":1021,"humidity":66,"weather":[{"id":802,"main":"Clouds","description":"scattered clouds","icon":"03d"}],"speed":6.66,"deg":259,"gust":12.87,"clouds":36,"pop":0.55},{"dt":1724670000,"sunrise":1724647658,"sunset":1724697688,"temp":{"day":20.78,"min":12.18,"max":22.16,"night":16.16,"eve":20.92,"morn":12.33},"feels_like":{"day":20.3,"night":15.63,"eve":20.56,"morn":11.71},"pressure":1022,"humidity":53,"weather":[{"id":800,"main":"Clear","description":"sky is clear","icon":"01d"}],"speed":4.88,"deg":234,"gust":8.16,"clouds":9,"pop":0},{"dt":1724756400,"sunrise":1724734151,"sunset":1724783961,"temp":{"day":23.12,"min":13.84,"max":25.3,"night":18.62,"eve":24.18,"morn":13.84},"feels_like":{"day":22.77,"night":18.18,"eve":24.01,"morn":13.34},"pressure":1021,"humidity":49,"weather":[{"id":804,"main":"Clouds","description":"overcast clouds","icon":"04d"}],"speed":2.72,"deg":128,"gust":3.59,"clouds":100,"pop":0},{"dt":1724842800,"sunrise":1724820644,"sunset":1724870233,"temp":{"day":27.33,"min":16,"max":28.78,"night":22.09,"eve":24.5,"morn":16},"feels_like":{"day":27.88,"night":22.16,"eve":24.65,"morn":15.48},"pressure":1014,"humidity":52,"weather":[{"id":801,"main":"Clouds","description":"few clouds","icon":"02d"}],"speed":3.4,"deg":194,"gust":4.58,"clouds":13,"pop":0}]}
--- ENF OF RECEIVED DATA ---

