________________________________________________
|             CALL API : START                |
________________________________________________

Informations : 
Called API: meteo - 10 March 2024, 12:00
Method: GETMETEO - Timeout : 300 - Cache : 1
URL CALLED : https://api.openweathermap.org/data/2.5/forecast/daily?q=Brussels,be&units=metric&cnt=4&appid=ea18c0706135505149200c3836f29800
-------------------------
________________________________________________
|             CALL API : START                |
________________________________________________

Informations : 
Called API: meteo - 10 March 2024, 12:00
Method: GETMETEO - Timeout : 300 - Cache : 1
URL CALLED : https://api.openweathermap.org/data/2.5/forecast/daily?q=Brussels,be&units=metric&cnt=4&appid=ea18c0706135505149200c3836f29800
-------------------------
{"city":{"id":2800866,"name":"Brussels","coord":{"lon":4.3488,"lat":50.8504},"country":"BE","population":1019022,"timezone":3600},"cod":"200","message":19.5981236,"cnt":4,"list":[{"dt":1710068400,"sunrise":1710050822,"sunset":1710092328,"temp":{"day":9.95,"min":7.72,"max":12.04,"night":8.42,"eve":10.79,"morn":8.1},"feels_like":{"day":9.95,"night":6.37,"eve":9.91,"morn":6.44},"pressure":995,"humidity":74,"weather":[{"id":800,"main":"Clear","description":"sky is clear","icon":"01d"}],"speed":3.79,"deg":244,"gust":7.8,"clouds":0,"pop":0.24},{"dt":1710154800,"sunrise":1710137089,"sunset":1710178827,"temp":{"day":8.17,"min":7.54,"max":8.54,"night":7.64,"eve":8.11,"morn":7.62},"feels_like":{"day":5.22,"night":5.36,"eve":5.54,"morn":5.16},"pressure":1003,"humidity":93,"weather":[{"id":501,"main":"Rain","description":"moderate rain","icon":"10d"}],"speed":5.21,"deg":251,"gust":9.36,"clouds":100,"pop":0.96,"rain":14.71},{"dt":1710241200,"sunrise":1710223356,"sunset":1710265327,"temp":{"day":8.03,"min":6.56,"max":11.06,"night":7.9,"eve":8.46,"morn":6.81},"feels_like":{"day":5.61,"night":5.02,"eve":5.62,"morn":3.92},"pressure":1016,"humidity":85,"weather":[{"id":500,"main":"Rain","description":"light rain","icon":"10d"}],"speed":5.61,"deg":264,"gust":9.56,"clouds":100,"pop":0.68,"rain":2.68},{"dt":1710327600,"sunrise":1710309622,"sunset":1710351826,"temp":{"day":12.2,"min":7.96,"max":12.95,"night":10.14,"eve":11.87,"morn":8.96},"feels_like":{"day":11.64,"night":9.66,"eve":11.46,"morn":6.8},"pressure":1018,"humidity":83,"weather":[{"id":500,"main":"Rain","description":"light rain","icon":"10d"}],"speed":5.19,"deg":189,"gust":9.73,"clouds":100,"pop":0.83,"rain":0.91}]}
--- ENF OF RECEIVED DATA ---

{"city":{"id":2800866,"name":"Brussels","coord":{"lon":4.3488,"lat":50.8504},"country":"BE","population":1019022,"timezone":3600},"cod":"200","message":19.5981236,"cnt":4,"list":[{"dt":1710068400,"sunrise":1710050822,"sunset":1710092328,"temp":{"day":9.95,"min":7.72,"max":12.04,"night":8.42,"eve":10.79,"morn":8.1},"feels_like":{"day":9.95,"night":6.37,"eve":9.91,"morn":6.44},"pressure":995,"humidity":74,"weather":[{"id":800,"main":"Clear","description":"sky is clear","icon":"01d"}],"speed":3.79,"deg":244,"gust":7.8,"clouds":0,"pop":0.24},{"dt":1710154800,"sunrise":1710137089,"sunset":1710178827,"temp":{"day":8.17,"min":7.54,"max":8.54,"night":7.64,"eve":8.11,"morn":7.62},"feels_like":{"day":5.22,"night":5.36,"eve":5.54,"morn":5.16},"pressure":1003,"humidity":93,"weather":[{"id":501,"main":"Rain","description":"moderate rain","icon":"10d"}],"speed":5.21,"deg":251,"gust":9.36,"clouds":100,"pop":0.96,"rain":14.71},{"dt":1710241200,"sunrise":1710223356,"sunset":1710265327,"temp":{"day":8.03,"min":6.56,"max":11.06,"night":7.9,"eve":8.46,"morn":6.81},"feels_like":{"day":5.61,"night":5.02,"eve":5.62,"morn":3.92},"pressure":1016,"humidity":85,"weather":[{"id":500,"main":"Rain","description":"light rain","icon":"10d"}],"speed":5.61,"deg":264,"gust":9.56,"clouds":100,"pop":0.68,"rain":2.68},{"dt":1710327600,"sunrise":1710309622,"sunset":1710351826,"temp":{"day":12.2,"min":7.96,"max":12.95,"night":10.14,"eve":11.87,"morn":8.96},"feels_like":{"day":11.64,"night":9.66,"eve":11.46,"morn":6.8},"pressure":1018,"humidity":83,"weather":[{"id":500,"main":"Rain","description":"light rain","icon":"10d"}],"speed":5.19,"deg":189,"gust":9.73,"clouds":100,"pop":0.83,"rain":0.91}]}
--- ENF OF RECEIVED DATA ---

