________________________________________________
|             CALL API : START                |
________________________________________________

Informations : 
Called API: meteo - 6 September 2023, 19:00
Method: GETMETEO - Timeout : 300 - Cache : 1
URL CALLED : https://api.openweathermap.org/data/2.5/forecast/daily?q=Brussels,be&units=metric&cnt=4&appid=ea18c0706135505149200c3836f29800
-------------------------
________________________________________________
|             CALL API : START                |
________________________________________________

Informations : 
Called API: meteo - 6 September 2023, 19:00
Method: GETMETEO - Timeout : 300 - Cache : 1
URL CALLED : https://api.openweathermap.org/data/2.5/forecast/daily?q=Brussels,be&units=metric&cnt=4&appid=ea18c0706135505149200c3836f29800
-------------------------
{"city":{"id":2800866,"name":"Brussels","coord":{"lon":4.3488,"lat":50.8504},"country":"BE","population":1019022,"timezone":7200},"cod":"200","message":0.0512561,"cnt":4,"list":[{"dt":1693998000,"sunrise":1693976609,"sunset":1694024350,"temp":{"day":28.79,"min":18.87,"max":30.02,"night":23.26,"eve":28.72,"morn":18.87},"feels_like":{"day":28.4,"night":23.18,"eve":29.42,"morn":18.51},"pressure":1019,"humidity":40,"weather":[{"id":800,"main":"Clear","description":"sky is clear","icon":"01d"}],"speed":2.97,"deg":152,"gust":4.62,"clouds":0,"pop":0},{"dt":1694084400,"sunrise":1694063101,"sunset":1694110617,"temp":{"day":28,"min":17.77,"max":30.36,"night":21.47,"eve":27.23,"morn":17.77},"feels_like":{"day":27.66,"night":21.32,"eve":27.71,"morn":17.17},"pressure":1017,"humidity":40,"weather":[{"id":801,"main":"Clouds","description":"few clouds","icon":"02d"}],"speed":4.15,"deg":122,"gust":6.32,"clouds":18,"pop":0},{"dt":1694170800,"sunrise":1694149593,"sunset":1694196883,"temp":{"day":28.69,"min":18.55,"max":30.83,"night":22.48,"eve":28.83,"morn":18.55},"feels_like":{"day":28.75,"night":22.48,"eve":29.33,"morn":18.11},"pressure":1017,"humidity":45,"weather":[{"id":800,"main":"Clear","description":"sky is clear","icon":"01d"}],"speed":2.88,"deg":151,"gust":4.46,"clouds":6,"pop":0},{"dt":1694257200,"sunrise":1694236086,"sunset":1694283148,"temp":{"day":30.4,"min":19.38,"max":31.03,"night":23.33,"eve":26,"morn":19.38},"feels_like":{"day":30.29,"night":23.31,"eve":26,"morn":19.41},"pressure":1018,"humidity":41,"weather":[{"id":800,"main":"Clear","description":"sky is clear","icon":"01d"}],"speed":2.52,"deg":114,"gust":3.11,"clouds":3,"pop":0}]}
--- ENF OF RECEIVED DATA ---

{"city":{"id":2800866,"name":"Brussels","coord":{"lon":4.3488,"lat":50.8504},"country":"BE","population":1019022,"timezone":7200},"cod":"200","message":0.0512561,"cnt":4,"list":[{"dt":1693998000,"sunrise":1693976609,"sunset":1694024350,"temp":{"day":28.79,"min":18.87,"max":30.02,"night":23.26,"eve":28.72,"morn":18.87},"feels_like":{"day":28.4,"night":23.18,"eve":29.42,"morn":18.51},"pressure":1019,"humidity":40,"weather":[{"id":800,"main":"Clear","description":"sky is clear","icon":"01d"}],"speed":2.97,"deg":152,"gust":4.62,"clouds":0,"pop":0},{"dt":1694084400,"sunrise":1694063101,"sunset":1694110617,"temp":{"day":28,"min":17.77,"max":30.36,"night":21.47,"eve":27.23,"morn":17.77},"feels_like":{"day":27.66,"night":21.32,"eve":27.71,"morn":17.17},"pressure":1017,"humidity":40,"weather":[{"id":801,"main":"Clouds","description":"few clouds","icon":"02d"}],"speed":4.15,"deg":122,"gust":6.32,"clouds":18,"pop":0},{"dt":1694170800,"sunrise":1694149593,"sunset":1694196883,"temp":{"day":28.69,"min":18.55,"max":30.83,"night":22.48,"eve":28.83,"morn":18.55},"feels_like":{"day":28.75,"night":22.48,"eve":29.33,"morn":18.11},"pressure":1017,"humidity":45,"weather":[{"id":800,"main":"Clear","description":"sky is clear","icon":"01d"}],"speed":2.88,"deg":151,"gust":4.46,"clouds":6,"pop":0},{"dt":1694257200,"sunrise":1694236086,"sunset":1694283148,"temp":{"day":30.4,"min":19.38,"max":31.03,"night":23.33,"eve":26,"morn":19.38},"feels_like":{"day":30.29,"night":23.31,"eve":26,"morn":19.41},"pressure":1018,"humidity":41,"weather":[{"id":800,"main":"Clear","description":"sky is clear","icon":"01d"}],"speed":2.52,"deg":114,"gust":3.11,"clouds":3,"pop":0}]}
--- ENF OF RECEIVED DATA ---

