________________________________________________
|             CALL API : START                |
________________________________________________

Informations : 
Called API: meteo - 15 December 2024, 20:10
Method: GETMETEO - Timeout : 300 - Cache : 1
URL CALLED : https://api.openweathermap.org/data/2.5/forecast/daily?q=Brussels,be&units=metric&cnt=4&appid=ea18c0706135505149200c3836f29800
-------------------------
________________________________________________
|             CALL API : START                |
________________________________________________

Informations : 
Called API: meteo - 15 December 2024, 20:10
Method: GETMETEO - Timeout : 300 - Cache : 1
URL CALLED : https://api.openweathermap.org/data/2.5/forecast/daily?q=Brussels,be&units=metric&cnt=4&appid=ea18c0706135505149200c3836f29800
-------------------------
{"city":{"id":2800866,"name":"Brussels","coord":{"lon":4.3488,"lat":50.8504},"country":"BE","population":1019022,"timezone":3600},"cod":"200","message":0.0272053,"cnt":4,"list":[{"dt":1734260400,"sunrise":1734248336,"sunset":1734277019,"temp":{"day":5.93,"min":2.72,"max":9.75,"night":9.75,"eve":9,"morn":3.6},"feels_like":{"day":2.05,"night":6.75,"eve":6.01,"morn":-0.18},"pressure":1029,"humidity":94,"weather":[{"id":803,"main":"Clouds","description":"broken clouds","icon":"04d"}],"speed":6.78,"deg":231,"gust":14.22,"clouds":77,"pop":0},{"dt":1734346800,"sunrise":1734334783,"sunset":1734363429,"temp":{"day":11.3,"min":9.57,"max":11.39,"night":9.57,"eve":10.31,"morn":10.34},"feels_like":{"day":10.65,"night":6.8,"eve":9.72,"morn":9.65},"pressure":1033,"humidity":83,"weather":[{"id":804,"main":"Clouds","description":"overcast clouds","icon":"04d"}],"speed":6.96,"deg":252,"gust":14.05,"clouds":88,"pop":0},{"dt":1734433200,"sunrise":1734421226,"sunset":1734449842,"temp":{"day":8.2,"min":6.45,"max":9.27,"night":7.83,"eve":7.99,"morn":8.23},"feels_like":{"day":5.62,"night":4.22,"eve":5.3,"morn":5.66},"pressure":1029,"humidity":85,"weather":[{"id":804,"main":"Clouds","description":"overcast clouds","icon":"04d"}],"speed":6.78,"deg":197,"gust":15.32,"clouds":100,"pop":0},{"dt":1734519600,"sunrise":1734507666,"sunset":1734536259,"temp":{"day":12.08,"min":7.72,"max":12.93,"night":10.69,"eve":10.8,"morn":9.83},"feels_like":{"day":11.56,"night":10.22,"eve":10.23,"morn":6.1},"pressure":1013,"humidity":85,"weather":[{"id":500,"main":"Rain","description":"light rain","icon":"10d"}],"speed":10.54,"deg":221,"gust":20.49,"clouds":98,"pop":0.2,"rain":0.21}]}
--- ENF OF RECEIVED DATA ---

{"city":{"id":2800866,"name":"Brussels","coord":{"lon":4.3488,"lat":50.8504},"country":"BE","population":1019022,"timezone":3600},"cod":"200","message":0.0272053,"cnt":4,"list":[{"dt":1734260400,"sunrise":1734248336,"sunset":1734277019,"temp":{"day":5.93,"min":2.72,"max":9.75,"night":9.75,"eve":9,"morn":3.6},"feels_like":{"day":2.05,"night":6.75,"eve":6.01,"morn":-0.18},"pressure":1029,"humidity":94,"weather":[{"id":803,"main":"Clouds","description":"broken clouds","icon":"04d"}],"speed":6.78,"deg":231,"gust":14.22,"clouds":77,"pop":0},{"dt":1734346800,"sunrise":1734334783,"sunset":1734363429,"temp":{"day":11.3,"min":9.57,"max":11.39,"night":9.57,"eve":10.31,"morn":10.34},"feels_like":{"day":10.65,"night":6.8,"eve":9.72,"morn":9.65},"pressure":1033,"humidity":83,"weather":[{"id":804,"main":"Clouds","description":"overcast clouds","icon":"04d"}],"speed":6.96,"deg":252,"gust":14.05,"clouds":88,"pop":0},{"dt":1734433200,"sunrise":1734421226,"sunset":1734449842,"temp":{"day":8.2,"min":6.45,"max":9.27,"night":7.83,"eve":7.99,"morn":8.23},"feels_like":{"day":5.62,"night":4.22,"eve":5.3,"morn":5.66},"pressure":1029,"humidity":85,"weather":[{"id":804,"main":"Clouds","description":"overcast clouds","icon":"04d"}],"speed":6.78,"deg":197,"gust":15.32,"clouds":100,"pop":0},{"dt":1734519600,"sunrise":1734507666,"sunset":1734536259,"temp":{"day":12.08,"min":7.72,"max":12.93,"night":10.69,"eve":10.8,"morn":9.83},"feels_like":{"day":11.56,"night":10.22,"eve":10.23,"morn":6.1},"pressure":1013,"humidity":85,"weather":[{"id":500,"main":"Rain","description":"light rain","icon":"10d"}],"speed":10.54,"deg":221,"gust":20.49,"clouds":98,"pop":0.2,"rain":0.21}]}
--- ENF OF RECEIVED DATA ---

