________________________________________________
|             CALL API : START                |
________________________________________________

Informations : 
Called API: meteo - 22 November 2024, 09:10
Method: GETMETEO - Timeout : 300 - Cache : 1
URL CALLED : https://api.openweathermap.org/data/2.5/forecast/daily?q=Brussels,be&units=metric&cnt=4&appid=ea18c0706135505149200c3836f29800
-------------------------
________________________________________________
|             CALL API : START                |
________________________________________________

Informations : 
Called API: meteo - 22 November 2024, 09:10
Method: GETMETEO - Timeout : 300 - Cache : 1
URL CALLED : https://api.openweathermap.org/data/2.5/forecast/daily?q=Brussels,be&units=metric&cnt=4&appid=ea18c0706135505149200c3836f29800
-------------------------
{"city":{"id":2800866,"name":"Brussels","coord":{"lon":4.3488,"lat":50.8504},"country":"BE","population":1019022,"timezone":3600},"cod":"200","message":0.0559048,"cnt":4,"list":[{"dt":1732273200,"sunrise":1732259420,"sunset":1732290459,"temp":{"day":3.16,"min":-0.73,"max":5.74,"night":1.53,"eve":2.96,"morn":0.39},"feels_like":{"day":-2.34,"night":-2.79,"eve":-1.49,"morn":-5.21},"pressure":1004,"humidity":81,"weather":[{"id":616,"main":"Snow","description":"rain and snow","icon":"13d"}],"speed":8.38,"deg":254,"gust":14.82,"clouds":48,"pop":0.37,"rain":0.32,"snow":0.28},{"dt":1732359600,"sunrise":1732345915,"sunset":1732376799,"temp":{"day":4.02,"min":0.55,"max":7.95,"night":7.82,"eve":5.96,"morn":1.43},"feels_like":{"day":-0.84,"night":3.14,"eve":0.89,"morn":-2.88},"pressure":1016,"humidity":82,"weather":[{"id":500,"main":"Rain","description":"light rain","icon":"10d"}],"speed":10.81,"deg":202,"gust":23.95,"clouds":100,"pop":1,"rain":1.24},{"dt":1732446000,"sunrise":1732432407,"sunset":1732463142,"temp":{"day":13.07,"min":8.3,"max":14.75,"night":14.47,"eve":14.66,"morn":9.99},"feels_like":{"day":12.13,"night":13.7,"eve":13.98,"morn":6.26},"pressure":1008,"humidity":65,"weather":[{"id":500,"main":"Rain","description":"light rain","icon":"10d"}],"speed":11.04,"deg":190,"gust":23.84,"clouds":100,"pop":1,"rain":0.37},{"dt":1732532400,"sunrise":1732518899,"sunset":1732549487,"temp":{"day":12.15,"min":8.52,"max":15.34,"night":8.52,"eve":9.28,"morn":14.77},"feels_like":{"day":11.51,"night":4.85,"eve":6.15,"morn":14.03},"pressure":1007,"humidity":80,"weather":[{"id":501,"main":"Rain","description":"moderate rain","icon":"10d"}],"speed":13.56,"deg":196,"gust":26.14,"clouds":100,"pop":1,"rain":2.82}]}
--- ENF OF RECEIVED DATA ---

{"city":{"id":2800866,"name":"Brussels","coord":{"lon":4.3488,"lat":50.8504},"country":"BE","population":1019022,"timezone":3600},"cod":"200","message":0.0559048,"cnt":4,"list":[{"dt":1732273200,"sunrise":1732259420,"sunset":1732290459,"temp":{"day":3.16,"min":-0.73,"max":5.74,"night":1.53,"eve":2.96,"morn":0.39},"feels_like":{"day":-2.34,"night":-2.79,"eve":-1.49,"morn":-5.21},"pressure":1004,"humidity":81,"weather":[{"id":616,"main":"Snow","description":"rain and snow","icon":"13d"}],"speed":8.38,"deg":254,"gust":14.82,"clouds":48,"pop":0.37,"rain":0.32,"snow":0.28},{"dt":1732359600,"sunrise":1732345915,"sunset":1732376799,"temp":{"day":4.02,"min":0.55,"max":7.95,"night":7.82,"eve":5.96,"morn":1.43},"feels_like":{"day":-0.84,"night":3.14,"eve":0.89,"morn":-2.88},"pressure":1016,"humidity":82,"weather":[{"id":500,"main":"Rain","description":"light rain","icon":"10d"}],"speed":10.81,"deg":202,"gust":23.95,"clouds":100,"pop":1,"rain":1.24},{"dt":1732446000,"sunrise":1732432407,"sunset":1732463142,"temp":{"day":13.07,"min":8.3,"max":14.75,"night":14.47,"eve":14.66,"morn":9.99},"feels_like":{"day":12.13,"night":13.7,"eve":13.98,"morn":6.26},"pressure":1008,"humidity":65,"weather":[{"id":500,"main":"Rain","description":"light rain","icon":"10d"}],"speed":11.04,"deg":190,"gust":23.84,"clouds":100,"pop":1,"rain":0.37},{"dt":1732532400,"sunrise":1732518899,"sunset":1732549487,"temp":{"day":12.15,"min":8.52,"max":15.34,"night":8.52,"eve":9.28,"morn":14.77},"feels_like":{"day":11.51,"night":4.85,"eve":6.15,"morn":14.03},"pressure":1007,"humidity":80,"weather":[{"id":501,"main":"Rain","description":"moderate rain","icon":"10d"}],"speed":13.56,"deg":196,"gust":26.14,"clouds":100,"pop":1,"rain":2.82}]}
--- ENF OF RECEIVED DATA ---

