________________________________________________
|             CALL API : START                |
________________________________________________

Informations : 
Called API: meteo - 20 July 2024, 21:30
Method: GETMETEO - Timeout : 300 - Cache : 1
URL CALLED : https://api.openweathermap.org/data/2.5/forecast/daily?q=Brussels,be&units=metric&cnt=4&appid=ea18c0706135505149200c3836f29800
-------------------------
________________________________________________
|             CALL API : START                |
________________________________________________

Informations : 
Called API: meteo - 20 July 2024, 21:30
Method: GETMETEO - Timeout : 300 - Cache : 1
URL CALLED : https://api.openweathermap.org/data/2.5/forecast/daily?q=Brussels,be&units=metric&cnt=4&appid=ea18c0706135505149200c3836f29800
-------------------------
{"city":{"id":2800866,"name":"Brussels","coord":{"lon":4.3488,"lat":50.8504},"country":"BE","population":1019022,"timezone":7200},"cod":"200","message":0.0342072,"cnt":4,"list":[{"dt":1721473200,"sunrise":1721447552,"sunset":1721504702,"temp":{"day":28.34,"min":19.26,"max":28.93,"night":24.22,"eve":27.15,"morn":19.53},"feels_like":{"day":29.6,"night":24.63,"eve":28.59,"morn":19.73},"pressure":1009,"humidity":57,"weather":[{"id":500,"main":"Rain","description":"light rain","icon":"10d"}],"speed":4.36,"deg":206,"gust":5.73,"clouds":10,"pop":0.71,"rain":0.77},{"dt":1721559600,"sunrise":1721534030,"sunset":1721591031,"temp":{"day":23.78,"min":17.23,"max":24.03,"night":17.23,"eve":22.98,"morn":18.93},"feels_like":{"day":24.04,"night":17.28,"eve":23.27,"morn":19.39},"pressure":1009,"humidity":70,"weather":[{"id":501,"main":"Rain","description":"moderate rain","icon":"10d"}],"speed":4.78,"deg":325,"gust":6.53,"clouds":99,"pop":1,"rain":6.61},{"dt":1721646000,"sunrise":1721620509,"sunset":1721677358,"temp":{"day":21.85,"min":16.44,"max":23.42,"night":18.74,"eve":20.34,"morn":16.59},"feels_like":{"day":21.53,"night":18.76,"eve":20.26,"morn":16.68},"pressure":1018,"humidity":55,"weather":[{"id":802,"main":"Clouds","description":"scattered clouds","icon":"03d"}],"speed":5.2,"deg":241,"gust":7.3,"clouds":31,"pop":0},{"dt":1721732400,"sunrise":1721706989,"sunset":1721763682,"temp":{"day":21.79,"min":14.65,"max":21.97,"night":14.65,"eve":20.28,"morn":16.83},"feels_like":{"day":21.83,"night":14.55,"eve":20.17,"morn":17.02},"pressure":1017,"humidity":69,"weather":[{"id":501,"main":"Rain","description":"moderate rain","icon":"10d"}],"speed":5.8,"deg":259,"gust":9.15,"clouds":37,"pop":1,"rain":5.33}]}
--- ENF OF RECEIVED DATA ---

{"city":{"id":2800866,"name":"Brussels","coord":{"lon":4.3488,"lat":50.8504},"country":"BE","population":1019022,"timezone":7200},"cod":"200","message":0.0342072,"cnt":4,"list":[{"dt":1721473200,"sunrise":1721447552,"sunset":1721504702,"temp":{"day":28.34,"min":19.26,"max":28.93,"night":24.22,"eve":27.15,"morn":19.53},"feels_like":{"day":29.6,"night":24.63,"eve":28.59,"morn":19.73},"pressure":1009,"humidity":57,"weather":[{"id":500,"main":"Rain","description":"light rain","icon":"10d"}],"speed":4.36,"deg":206,"gust":5.73,"clouds":10,"pop":0.71,"rain":0.77},{"dt":1721559600,"sunrise":1721534030,"sunset":1721591031,"temp":{"day":23.78,"min":17.23,"max":24.03,"night":17.23,"eve":22.98,"morn":18.93},"feels_like":{"day":24.04,"night":17.28,"eve":23.27,"morn":19.39},"pressure":1009,"humidity":70,"weather":[{"id":501,"main":"Rain","description":"moderate rain","icon":"10d"}],"speed":4.78,"deg":325,"gust":6.53,"clouds":99,"pop":1,"rain":6.61},{"dt":1721646000,"sunrise":1721620509,"sunset":1721677358,"temp":{"day":21.85,"min":16.44,"max":23.42,"night":18.74,"eve":20.34,"morn":16.59},"feels_like":{"day":21.53,"night":18.76,"eve":20.26,"morn":16.68},"pressure":1018,"humidity":55,"weather":[{"id":802,"main":"Clouds","description":"scattered clouds","icon":"03d"}],"speed":5.2,"deg":241,"gust":7.3,"clouds":31,"pop":0},{"dt":1721732400,"sunrise":1721706989,"sunset":1721763682,"temp":{"day":21.79,"min":14.65,"max":21.97,"night":14.65,"eve":20.28,"morn":16.83},"feels_like":{"day":21.83,"night":14.55,"eve":20.17,"morn":17.02},"pressure":1017,"humidity":69,"weather":[{"id":501,"main":"Rain","description":"moderate rain","icon":"10d"}],"speed":5.8,"deg":259,"gust":9.15,"clouds":37,"pop":1,"rain":5.33}]}
--- ENF OF RECEIVED DATA ---

