________________________________________________
|             CALL API : START                |
________________________________________________

Informations : 
Called API: meteo - 25 February 2024, 22:00
Method: GETMETEO - Timeout : 300 - Cache : 1
URL CALLED : https://api.openweathermap.org/data/2.5/forecast/daily?q=Brussels,be&units=metric&cnt=4&appid=ea18c0706135505149200c3836f29800
-------------------------
________________________________________________
|             CALL API : START                |
________________________________________________

Informations : 
Called API: meteo - 25 February 2024, 22:00
Method: GETMETEO - Timeout : 300 - Cache : 1
URL CALLED : https://api.openweathermap.org/data/2.5/forecast/daily?q=Brussels,be&units=metric&cnt=4&appid=ea18c0706135505149200c3836f29800
-------------------------
{"city":{"id":2800866,"name":"Brussels","coord":{"lon":4.3488,"lat":50.8504},"country":"BE","population":1019022,"timezone":3600},"cod":"200","message":29.8115681,"cnt":4,"list":[{"dt":1708858800,"sunrise":1708843017,"sunset":1708881297,"temp":{"day":6.87,"min":4.99,"max":9.24,"night":7.71,"eve":7.67,"morn":5.08},"feels_like":{"day":3.37,"night":4.05,"eve":5.29,"morn":1.13},"pressure":1001,"humidity":82,"weather":[{"id":500,"main":"Rain","description":"light rain","icon":"10d"}],"speed":7.21,"deg":89,"gust":12.91,"clouds":99,"pop":0.44,"rain":0.31},{"dt":1708945200,"sunrise":1708929294,"sunset":1708967801,"temp":{"day":4.97,"min":4.32,"max":7.34,"night":4.77,"eve":4.93,"morn":5.54},"feels_like":{"day":0.16,"night":0.18,"eve":0.31,"morn":0.92},"pressure":1003,"humidity":95,"weather":[{"id":501,"main":"Rain","description":"moderate rain","icon":"10d"}],"speed":8.32,"deg":69,"gust":14.03,"clouds":100,"pop":1,"rain":23.41},{"dt":1709031600,"sunrise":1709015570,"sunset":1709054305,"temp":{"day":6.63,"min":1.26,"max":8.6,"night":3.86,"eve":5.99,"morn":1.87},"feels_like":{"day":4.17,"night":3.86,"eve":3.52,"morn":-2.06},"pressure":1020,"humidity":68,"weather":[{"id":800,"main":"Clear","description":"sky is clear","icon":"01d"}],"speed":6.39,"deg":32,"gust":13.5,"clouds":2,"pop":0.16},{"dt":1709118000,"sunrise":1709101845,"sunset":1709140809,"temp":{"day":6.71,"min":2.12,"max":10.13,"night":5.64,"eve":6.73,"morn":2.41},"feels_like":{"day":5.52,"night":3.54,"eve":6.73,"morn":0.16},"pressure":1024,"humidity":77,"weather":[{"id":804,"main":"Clouds","description":"overcast clouds","icon":"04d"}],"speed":2.64,"deg":166,"gust":2.72,"clouds":89,"pop":0}]}
--- ENF OF RECEIVED DATA ---

{"city":{"id":2800866,"name":"Brussels","coord":{"lon":4.3488,"lat":50.8504},"country":"BE","population":1019022,"timezone":3600},"cod":"200","message":29.8115681,"cnt":4,"list":[{"dt":1708858800,"sunrise":1708843017,"sunset":1708881297,"temp":{"day":6.87,"min":4.99,"max":9.24,"night":7.71,"eve":7.67,"morn":5.08},"feels_like":{"day":3.37,"night":4.05,"eve":5.29,"morn":1.13},"pressure":1001,"humidity":82,"weather":[{"id":500,"main":"Rain","description":"light rain","icon":"10d"}],"speed":7.21,"deg":89,"gust":12.91,"clouds":99,"pop":0.44,"rain":0.31},{"dt":1708945200,"sunrise":1708929294,"sunset":1708967801,"temp":{"day":4.97,"min":4.32,"max":7.34,"night":4.77,"eve":4.93,"morn":5.54},"feels_like":{"day":0.16,"night":0.18,"eve":0.31,"morn":0.92},"pressure":1003,"humidity":95,"weather":[{"id":501,"main":"Rain","description":"moderate rain","icon":"10d"}],"speed":8.32,"deg":69,"gust":14.03,"clouds":100,"pop":1,"rain":23.41},{"dt":1709031600,"sunrise":1709015570,"sunset":1709054305,"temp":{"day":6.63,"min":1.26,"max":8.6,"night":3.86,"eve":5.99,"morn":1.87},"feels_like":{"day":4.17,"night":3.86,"eve":3.52,"morn":-2.06},"pressure":1020,"humidity":68,"weather":[{"id":800,"main":"Clear","description":"sky is clear","icon":"01d"}],"speed":6.39,"deg":32,"gust":13.5,"clouds":2,"pop":0.16},{"dt":1709118000,"sunrise":1709101845,"sunset":1709140809,"temp":{"day":6.71,"min":2.12,"max":10.13,"night":5.64,"eve":6.73,"morn":2.41},"feels_like":{"day":5.52,"night":3.54,"eve":6.73,"morn":0.16},"pressure":1024,"humidity":77,"weather":[{"id":804,"main":"Clouds","description":"overcast clouds","icon":"04d"}],"speed":2.64,"deg":166,"gust":2.72,"clouds":89,"pop":0}]}
--- ENF OF RECEIVED DATA ---

