________________________________________________
|             CALL API : START                |
________________________________________________

Informations : 
Called API: meteo - 17 June 2024, 01:10
Method: GETMETEO - Timeout : 300 - Cache : 1
URL CALLED : https://api.openweathermap.org/data/2.5/forecast/daily?q=Brussels,be&units=metric&cnt=4&appid=ea18c0706135505149200c3836f29800
-------------------------
________________________________________________
|             CALL API : START                |
________________________________________________

Informations : 
Called API: meteo - 17 June 2024, 01:10
Method: GETMETEO - Timeout : 300 - Cache : 1
URL CALLED : https://api.openweathermap.org/data/2.5/forecast/daily?q=Brussels,be&units=metric&cnt=4&appid=ea18c0706135505149200c3836f29800
-------------------------
{"city":{"id":2800866,"name":"Brussels","coord":{"lon":4.3488,"lat":50.8504},"country":"BE","population":1019022,"timezone":7200},"cod":"200","message":5.7549494,"cnt":4,"list":[{"dt":1718622000,"sunrise":1718594904,"sunset":1718654329,"temp":{"day":18.61,"min":12.09,"max":20.39,"night":15.03,"eve":19.53,"morn":12.83},"feels_like":{"day":18.2,"night":14.7,"eve":19.18,"morn":12.73},"pressure":1013,"humidity":64,"weather":[{"id":500,"main":"Rain","description":"light rain","icon":"10d"}],"speed":5.33,"deg":251,"gust":7.52,"clouds":86,"pop":0.8,"rain":0.15},{"dt":1718708400,"sunrise":1718681307,"sunset":1718740751,"temp":{"day":19.73,"min":13.39,"max":19.73,"night":14.46,"eve":15.52,"morn":14.83},"feels_like":{"day":19.69,"night":14.49,"eve":15.71,"morn":14.64},"pressure":1015,"humidity":74,"weather":[{"id":501,"main":"Rain","description":"moderate rain","icon":"10d"}],"speed":3.01,"deg":337,"gust":5.69,"clouds":100,"pop":1,"rain":10.25},{"dt":1718794800,"sunrise":1718767712,"sunset":1718827170,"temp":{"day":19.56,"min":10.77,"max":21.29,"night":14.71,"eve":20.64,"morn":11.73},"feels_like":{"day":19.06,"night":14.3,"eve":20.3,"morn":11.49},"pressure":1022,"humidity":57,"weather":[{"id":804,"main":"Clouds","description":"overcast clouds","icon":"04d"}],"speed":4.11,"deg":48,"gust":9.41,"clouds":100,"pop":0.16},{"dt":1718881200,"sunrise":1718854121,"sunset":1718913586,"temp":{"day":21.83,"min":11.31,"max":25.57,"night":20.76,"eve":23.4,"morn":13.66},"feels_like":{"day":21.77,"night":21.35,"eve":24.02,"morn":13.14},"pressure":1015,"humidity":65,"weather":[{"id":500,"main":"Rain","description":"light rain","icon":"10d"}],"speed":6.28,"deg":79,"gust":11.82,"clouds":89,"pop":1,"rain":2.81}]}
--- ENF OF RECEIVED DATA ---

{"city":{"id":2800866,"name":"Brussels","coord":{"lon":4.3488,"lat":50.8504},"country":"BE","population":1019022,"timezone":7200},"cod":"200","message":5.7549494,"cnt":4,"list":[{"dt":1718622000,"sunrise":1718594904,"sunset":1718654329,"temp":{"day":18.61,"min":12.09,"max":20.39,"night":15.03,"eve":19.53,"morn":12.83},"feels_like":{"day":18.2,"night":14.7,"eve":19.18,"morn":12.73},"pressure":1013,"humidity":64,"weather":[{"id":500,"main":"Rain","description":"light rain","icon":"10d"}],"speed":5.33,"deg":251,"gust":7.52,"clouds":86,"pop":0.8,"rain":0.15},{"dt":1718708400,"sunrise":1718681307,"sunset":1718740751,"temp":{"day":19.73,"min":13.39,"max":19.73,"night":14.46,"eve":15.52,"morn":14.83},"feels_like":{"day":19.69,"night":14.49,"eve":15.71,"morn":14.64},"pressure":1015,"humidity":74,"weather":[{"id":501,"main":"Rain","description":"moderate rain","icon":"10d"}],"speed":3.01,"deg":337,"gust":5.69,"clouds":100,"pop":1,"rain":10.25},{"dt":1718794800,"sunrise":1718767712,"sunset":1718827170,"temp":{"day":19.56,"min":10.77,"max":21.29,"night":14.71,"eve":20.64,"morn":11.73},"feels_like":{"day":19.06,"night":14.3,"eve":20.3,"morn":11.49},"pressure":1022,"humidity":57,"weather":[{"id":804,"main":"Clouds","description":"overcast clouds","icon":"04d"}],"speed":4.11,"deg":48,"gust":9.41,"clouds":100,"pop":0.16},{"dt":1718881200,"sunrise":1718854121,"sunset":1718913586,"temp":{"day":21.83,"min":11.31,"max":25.57,"night":20.76,"eve":23.4,"morn":13.66},"feels_like":{"day":21.77,"night":21.35,"eve":24.02,"morn":13.14},"pressure":1015,"humidity":65,"weather":[{"id":500,"main":"Rain","description":"light rain","icon":"10d"}],"speed":6.28,"deg":79,"gust":11.82,"clouds":89,"pop":1,"rain":2.81}]}
--- ENF OF RECEIVED DATA ---

