________________________________________________
|             CALL API : START                |
________________________________________________

Informations : 
Called API: meteo - 10 November 2023, 00:30
Method: GETMETEO - Timeout : 300 - Cache : 1
URL CALLED : https://api.openweathermap.org/data/2.5/forecast/daily?q=Brussels,be&units=metric&cnt=4&appid=ea18c0706135505149200c3836f29800
-------------------------
________________________________________________
|             CALL API : START                |
________________________________________________

Informations : 
Called API: meteo - 10 November 2023, 00:30
Method: GETMETEO - Timeout : 300 - Cache : 1
URL CALLED : https://api.openweathermap.org/data/2.5/forecast/daily?q=Brussels,be&units=metric&cnt=4&appid=ea18c0706135505149200c3836f29800
-------------------------
{"city":{"id":2800866,"name":"Brussels","coord":{"lon":4.3488,"lat":50.8504},"country":"BE","population":1019022,"timezone":3600},"cod":"200","message":0.121716,"cnt":4,"list":[{"dt":1699614000,"sunrise":1699598948,"sunset":1699632236,"temp":{"day":7.34,"min":6.23,"max":9.18,"night":8.02,"eve":7.89,"morn":7.2},"feels_like":{"day":3.33,"night":4.74,"eve":5.03,"morn":3.14},"pressure":997,"humidity":88,"weather":[{"id":501,"main":"Rain","description":"moderate rain","icon":"10d"}],"speed":8.57,"deg":225,"gust":15.27,"clouds":100,"pop":1,"rain":16.82},{"dt":1699700400,"sunrise":1699685451,"sunset":1699718546,"temp":{"day":9.14,"min":4.21,"max":9.91,"night":4.21,"eve":6.27,"morn":4.84},"feels_like":{"day":6.56,"night":1.78,"eve":4.21,"morn":1.22},"pressure":1007,"humidity":80,"weather":[{"id":500,"main":"Rain","description":"light rain","icon":"10d"}],"speed":7.27,"deg":283,"gust":13.38,"clouds":64,"pop":0.89,"rain":2.04},{"dt":1699786800,"sunrise":1699771953,"sunset":1699804859,"temp":{"day":8.26,"min":3.99,"max":8.78,"night":7.08,"eve":7.43,"morn":4.38},"feels_like":{"day":6.57,"night":4.23,"eve":5.16,"morn":2.61},"pressure":1006,"humidity":81,"weather":[{"id":804,"main":"Clouds","description":"overcast clouds","icon":"04d"}],"speed":4.36,"deg":180,"gust":8.63,"clouds":100,"pop":0},{"dt":1699873200,"sunrise":1699858456,"sunset":1699891173,"temp":{"day":14.66,"min":7.78,"max":14.66,"night":11.8,"eve":11.67,"morn":11.11},"feels_like":{"day":14.58,"night":11.07,"eve":10.96,"morn":10.81},"pressure":998,"humidity":92,"weather":[{"id":501,"main":"Rain","description":"moderate rain","icon":"10d"}],"speed":11.16,"deg":235,"gust":19.69,"clouds":100,"pop":1,"rain":14.39}]}
--- ENF OF RECEIVED DATA ---

{"city":{"id":2800866,"name":"Brussels","coord":{"lon":4.3488,"lat":50.8504},"country":"BE","population":1019022,"timezone":3600},"cod":"200","message":0.121716,"cnt":4,"list":[{"dt":1699614000,"sunrise":1699598948,"sunset":1699632236,"temp":{"day":7.34,"min":6.23,"max":9.18,"night":8.02,"eve":7.89,"morn":7.2},"feels_like":{"day":3.33,"night":4.74,"eve":5.03,"morn":3.14},"pressure":997,"humidity":88,"weather":[{"id":501,"main":"Rain","description":"moderate rain","icon":"10d"}],"speed":8.57,"deg":225,"gust":15.27,"clouds":100,"pop":1,"rain":16.82},{"dt":1699700400,"sunrise":1699685451,"sunset":1699718546,"temp":{"day":9.14,"min":4.21,"max":9.91,"night":4.21,"eve":6.27,"morn":4.84},"feels_like":{"day":6.56,"night":1.78,"eve":4.21,"morn":1.22},"pressure":1007,"humidity":80,"weather":[{"id":500,"main":"Rain","description":"light rain","icon":"10d"}],"speed":7.27,"deg":283,"gust":13.38,"clouds":64,"pop":0.89,"rain":2.04},{"dt":1699786800,"sunrise":1699771953,"sunset":1699804859,"temp":{"day":8.26,"min":3.99,"max":8.78,"night":7.08,"eve":7.43,"morn":4.38},"feels_like":{"day":6.57,"night":4.23,"eve":5.16,"morn":2.61},"pressure":1006,"humidity":81,"weather":[{"id":804,"main":"Clouds","description":"overcast clouds","icon":"04d"}],"speed":4.36,"deg":180,"gust":8.63,"clouds":100,"pop":0},{"dt":1699873200,"sunrise":1699858456,"sunset":1699891173,"temp":{"day":14.66,"min":7.78,"max":14.66,"night":11.8,"eve":11.67,"morn":11.11},"feels_like":{"day":14.58,"night":11.07,"eve":10.96,"morn":10.81},"pressure":998,"humidity":92,"weather":[{"id":501,"main":"Rain","description":"moderate rain","icon":"10d"}],"speed":11.16,"deg":235,"gust":19.69,"clouds":100,"pop":1,"rain":14.39}]}
--- ENF OF RECEIVED DATA ---

