________________________________________________
|             CALL API : START                |
________________________________________________

Informations : 
Called API: meteo - 17 May 2023, 19:40
Method: GETMETEO - Timeout : 300 - Cache : 1
URL CALLED : https://api.openweathermap.org/data/2.5/forecast/daily?q=Brussels,be&units=metric&cnt=4&appid=ea18c0706135505149200c3836f29800
-------------------------
________________________________________________
|             CALL API : START                |
________________________________________________

Informations : 
Called API: meteo - 17 May 2023, 19:40
Method: GETMETEO - Timeout : 300 - Cache : 1
URL CALLED : https://api.openweathermap.org/data/2.5/forecast/daily?q=Brussels,be&units=metric&cnt=4&appid=ea18c0706135505149200c3836f29800
-------------------------
{"city":{"id":2800866,"name":"Brussels","coord":{"lon":4.3488,"lat":50.8504},"country":"BE","population":1019022,"timezone":7200},"cod":"200","message":0.0469924,"cnt":4,"list":[{"dt":1684321200,"sunrise":1684295474,"sunset":1684351617,"temp":{"day":15.1,"min":6.06,"max":15.6,"night":10.63,"eve":14.74,"morn":7.25},"feels_like":{"day":14.05,"night":9.47,"eve":13.71,"morn":6.37},"pressure":1027,"humidity":53,"weather":[{"id":500,"main":"Rain","description":"light rain","icon":"10d"}],"speed":6.45,"deg":352,"gust":7.92,"clouds":64,"pop":0.2,"rain":0.13},{"dt":1684407600,"sunrise":1684381793,"sunset":1684438103,"temp":{"day":13.47,"min":6.05,"max":15.29,"night":9.22,"eve":14.08,"morn":6.49},"feels_like":{"day":12.26,"night":7.48,"eve":13.06,"morn":4.54},"pressure":1027,"humidity":53,"weather":[{"id":804,"main":"Clouds","description":"overcast clouds","icon":"04d"}],"speed":4.27,"deg":54,"gust":6.42,"clouds":100,"pop":0},{"dt":1684494000,"sunrise":1684468114,"sunset":1684524589,"temp":{"day":17.03,"min":7.09,"max":18.04,"night":11.7,"eve":16.49,"morn":7.89},"feels_like":{"day":16.2,"night":10.88,"eve":15.71,"morn":6.12},"pressure":1025,"humidity":54,"weather":[{"id":803,"main":"Clouds","description":"broken clouds","icon":"04d"}],"speed":5.6,"deg":52,"gust":9.7,"clouds":64,"pop":0},{"dt":1684580400,"sunrise":1684554436,"sunset":1684611073,"temp":{"day":18.55,"min":8.48,"max":18.55,"night":13.98,"eve":15.7,"morn":10.18},"feels_like":{"day":17.87,"night":13.55,"eve":15.26,"morn":9.34},"pressure":1021,"humidity":54,"weather":[{"id":804,"main":"Clouds","description":"overcast clouds","icon":"04d"}],"speed":7.51,"deg":51,"gust":12.2,"clouds":92,"pop":0}]}
--- ENF OF RECEIVED DATA ---

{"city":{"id":2800866,"name":"Brussels","coord":{"lon":4.3488,"lat":50.8504},"country":"BE","population":1019022,"timezone":7200},"cod":"200","message":0.0469924,"cnt":4,"list":[{"dt":1684321200,"sunrise":1684295474,"sunset":1684351617,"temp":{"day":15.1,"min":6.06,"max":15.6,"night":10.63,"eve":14.74,"morn":7.25},"feels_like":{"day":14.05,"night":9.47,"eve":13.71,"morn":6.37},"pressure":1027,"humidity":53,"weather":[{"id":500,"main":"Rain","description":"light rain","icon":"10d"}],"speed":6.45,"deg":352,"gust":7.92,"clouds":64,"pop":0.2,"rain":0.13},{"dt":1684407600,"sunrise":1684381793,"sunset":1684438103,"temp":{"day":13.47,"min":6.05,"max":15.29,"night":9.22,"eve":14.08,"morn":6.49},"feels_like":{"day":12.26,"night":7.48,"eve":13.06,"morn":4.54},"pressure":1027,"humidity":53,"weather":[{"id":804,"main":"Clouds","description":"overcast clouds","icon":"04d"}],"speed":4.27,"deg":54,"gust":6.42,"clouds":100,"pop":0},{"dt":1684494000,"sunrise":1684468114,"sunset":1684524589,"temp":{"day":17.03,"min":7.09,"max":18.04,"night":11.7,"eve":16.49,"morn":7.89},"feels_like":{"day":16.2,"night":10.88,"eve":15.71,"morn":6.12},"pressure":1025,"humidity":54,"weather":[{"id":803,"main":"Clouds","description":"broken clouds","icon":"04d"}],"speed":5.6,"deg":52,"gust":9.7,"clouds":64,"pop":0},{"dt":1684580400,"sunrise":1684554436,"sunset":1684611073,"temp":{"day":18.55,"min":8.48,"max":18.55,"night":13.98,"eve":15.7,"morn":10.18},"feels_like":{"day":17.87,"night":13.55,"eve":15.26,"morn":9.34},"pressure":1021,"humidity":54,"weather":[{"id":804,"main":"Clouds","description":"overcast clouds","icon":"04d"}],"speed":7.51,"deg":51,"gust":12.2,"clouds":92,"pop":0}]}
--- ENF OF RECEIVED DATA ---

