________________________________________________
|             CALL API : START                |
________________________________________________

Informations : 
Called API: meteo - 19 October 2024, 00:10
Method: GETMETEO - Timeout : 300 - Cache : 1
URL CALLED : https://api.openweathermap.org/data/2.5/forecast/daily?q=Brussels,be&units=metric&cnt=4&appid=ea18c0706135505149200c3836f29800
-------------------------
________________________________________________
|             CALL API : START                |
________________________________________________

Informations : 
Called API: meteo - 19 October 2024, 00:10
Method: GETMETEO - Timeout : 300 - Cache : 1
URL CALLED : https://api.openweathermap.org/data/2.5/forecast/daily?q=Brussels,be&units=metric&cnt=4&appid=ea18c0706135505149200c3836f29800
-------------------------
{"city":{"id":2800866,"name":"Brussels","coord":{"lon":4.3488,"lat":50.8504},"country":"BE","population":1019022,"timezone":7200},"cod":"200","message":0.0522833,"cnt":4,"list":[{"dt":1729335600,"sunrise":1729318355,"sunset":1729356127,"temp":{"day":14.77,"min":12.96,"max":16.24,"night":12.97,"eve":14.09,"morn":13.45},"feels_like":{"day":14.18,"night":12.7,"eve":13.72,"morn":13.12},"pressure":1016,"humidity":72,"weather":[{"id":500,"main":"Rain","description":"light rain","icon":"10d"}],"speed":6.48,"deg":208,"gust":11.18,"clouds":90,"pop":1,"rain":0.6},{"dt":1729422000,"sunrise":1729404856,"sunset":1729442405,"temp":{"day":15.04,"min":11.42,"max":17.19,"night":16.85,"eve":16.87,"morn":11.7},"feels_like":{"day":14.74,"night":16.55,"eve":16.44,"morn":11.38},"pressure":1019,"humidity":82,"weather":[{"id":804,"main":"Clouds","description":"overcast clouds","icon":"04d"}],"speed":8.6,"deg":195,"gust":15.66,"clouds":100,"pop":0},{"dt":1729508400,"sunrise":1729491357,"sunset":1729528685,"temp":{"day":16.86,"min":14.76,"max":17.47,"night":15.76,"eve":15.69,"morn":15.62},"feels_like":{"day":16.85,"night":15.58,"eve":15.8,"morn":15.48},"pressure":1022,"humidity":86,"weather":[{"id":501,"main":"Rain","description":"moderate rain","icon":"10d"}],"speed":7.07,"deg":207,"gust":15.62,"clouds":100,"pop":1,"rain":3.27},{"dt":1729594800,"sunrise":1729577859,"sunset":1729614966,"temp":{"day":14.47,"min":10.16,"max":14.53,"night":10.16,"eve":11.06,"morn":11.38},"feels_like":{"day":13.62,"night":9.16,"eve":10.1,"morn":10.95},"pressure":1030,"humidity":63,"weather":[{"id":500,"main":"Rain","description":"light rain","icon":"10d"}],"speed":4.89,"deg":257,"gust":9.34,"clouds":79,"pop":0.4,"rain":0.64}]}
--- ENF OF RECEIVED DATA ---

{"city":{"id":2800866,"name":"Brussels","coord":{"lon":4.3488,"lat":50.8504},"country":"BE","population":1019022,"timezone":7200},"cod":"200","message":0.0522833,"cnt":4,"list":[{"dt":1729335600,"sunrise":1729318355,"sunset":1729356127,"temp":{"day":14.77,"min":12.96,"max":16.24,"night":12.97,"eve":14.09,"morn":13.45},"feels_like":{"day":14.18,"night":12.7,"eve":13.72,"morn":13.12},"pressure":1016,"humidity":72,"weather":[{"id":500,"main":"Rain","description":"light rain","icon":"10d"}],"speed":6.48,"deg":208,"gust":11.18,"clouds":90,"pop":1,"rain":0.6},{"dt":1729422000,"sunrise":1729404856,"sunset":1729442405,"temp":{"day":15.04,"min":11.42,"max":17.19,"night":16.85,"eve":16.87,"morn":11.7},"feels_like":{"day":14.74,"night":16.55,"eve":16.44,"morn":11.38},"pressure":1019,"humidity":82,"weather":[{"id":804,"main":"Clouds","description":"overcast clouds","icon":"04d"}],"speed":8.6,"deg":195,"gust":15.66,"clouds":100,"pop":0},{"dt":1729508400,"sunrise":1729491357,"sunset":1729528685,"temp":{"day":16.86,"min":14.76,"max":17.47,"night":15.76,"eve":15.69,"morn":15.62},"feels_like":{"day":16.85,"night":15.58,"eve":15.8,"morn":15.48},"pressure":1022,"humidity":86,"weather":[{"id":501,"main":"Rain","description":"moderate rain","icon":"10d"}],"speed":7.07,"deg":207,"gust":15.62,"clouds":100,"pop":1,"rain":3.27},{"dt":1729594800,"sunrise":1729577859,"sunset":1729614966,"temp":{"day":14.47,"min":10.16,"max":14.53,"night":10.16,"eve":11.06,"morn":11.38},"feels_like":{"day":13.62,"night":9.16,"eve":10.1,"morn":10.95},"pressure":1030,"humidity":63,"weather":[{"id":500,"main":"Rain","description":"light rain","icon":"10d"}],"speed":4.89,"deg":257,"gust":9.34,"clouds":79,"pop":0.4,"rain":0.64}]}
--- ENF OF RECEIVED DATA ---

