________________________________________________
|             CALL API : START                |
________________________________________________

Informations : 
Called API: meteo - 3 July 2023, 03:00
Method: GETMETEO - Timeout : 300 - Cache : 1
URL CALLED : https://api.openweathermap.org/data/2.5/forecast/daily?q=Brussels,be&units=metric&cnt=4&appid=ea18c0706135505149200c3836f29800
-------------------------
________________________________________________
|             CALL API : START                |
________________________________________________

Informations : 
Called API: meteo - 3 July 2023, 03:00
Method: GETMETEO - Timeout : 300 - Cache : 1
URL CALLED : https://api.openweathermap.org/data/2.5/forecast/daily?q=Brussels,be&units=metric&cnt=4&appid=ea18c0706135505149200c3836f29800
-------------------------
{"city":{"id":2800866,"name":"Brussels","coord":{"lon":4.3488,"lat":50.8504},"country":"BE","population":1019022,"timezone":7200},"cod":"200","message":18.8242725,"cnt":4,"list":[{"dt":1688382000,"sunrise":1688355254,"sunset":1688414337,"temp":{"day":20.27,"min":13.56,"max":20.59,"night":15.26,"eve":20.09,"morn":13.77},"feels_like":{"day":19.48,"night":14.51,"eve":19.38,"morn":13.34},"pressure":1012,"humidity":43,"weather":[{"id":803,"main":"Clouds","description":"broken clouds","icon":"04d"}],"speed":8.01,"deg":254,"gust":13.7,"clouds":61,"pop":0.08},{"dt":1688468400,"sunrise":1688441698,"sunset":1688500713,"temp":{"day":20.13,"min":11.73,"max":21.55,"night":16.72,"eve":19.96,"morn":12.43},"feels_like":{"day":19.5,"night":16.41,"eve":19.42,"morn":12.08},"pressure":1014,"humidity":50,"weather":[{"id":500,"main":"Rain","description":"light rain","icon":"10d"}],"speed":7.29,"deg":242,"gust":13.56,"clouds":55,"pop":0.42,"rain":0.48},{"dt":1688554800,"sunrise":1688528145,"sunset":1688587087,"temp":{"day":20.38,"min":13.64,"max":20.38,"night":13.83,"eve":19.69,"morn":13.64},"feels_like":{"day":19.62,"night":13.1,"eve":19.07,"morn":13.46},"pressure":1012,"humidity":44,"weather":[{"id":501,"main":"Rain","description":"moderate rain","icon":"10d"}],"speed":8.57,"deg":245,"gust":13.4,"clouds":28,"pop":1,"rain":5.46},{"dt":1688641200,"sunrise":1688614595,"sunset":1688673457,"temp":{"day":22.58,"min":10.45,"max":23.48,"night":17.03,"eve":20.42,"morn":13.72},"feels_like":{"day":21.91,"night":16.46,"eve":19.93,"morn":13.13},"pressure":1017,"humidity":39,"weather":[{"id":800,"main":"Clear","description":"sky is clear","icon":"01d"}],"speed":4.75,"deg":245,"gust":8,"clouds":0,"pop":0}]}
--- ENF OF RECEIVED DATA ---

{"city":{"id":2800866,"name":"Brussels","coord":{"lon":4.3488,"lat":50.8504},"country":"BE","population":1019022,"timezone":7200},"cod":"200","message":18.8242725,"cnt":4,"list":[{"dt":1688382000,"sunrise":1688355254,"sunset":1688414337,"temp":{"day":20.27,"min":13.56,"max":20.59,"night":15.26,"eve":20.09,"morn":13.77},"feels_like":{"day":19.48,"night":14.51,"eve":19.38,"morn":13.34},"pressure":1012,"humidity":43,"weather":[{"id":803,"main":"Clouds","description":"broken clouds","icon":"04d"}],"speed":8.01,"deg":254,"gust":13.7,"clouds":61,"pop":0.08},{"dt":1688468400,"sunrise":1688441698,"sunset":1688500713,"temp":{"day":20.13,"min":11.73,"max":21.55,"night":16.72,"eve":19.96,"morn":12.43},"feels_like":{"day":19.5,"night":16.41,"eve":19.42,"morn":12.08},"pressure":1014,"humidity":50,"weather":[{"id":500,"main":"Rain","description":"light rain","icon":"10d"}],"speed":7.29,"deg":242,"gust":13.56,"clouds":55,"pop":0.42,"rain":0.48},{"dt":1688554800,"sunrise":1688528145,"sunset":1688587087,"temp":{"day":20.38,"min":13.64,"max":20.38,"night":13.83,"eve":19.69,"morn":13.64},"feels_like":{"day":19.62,"night":13.1,"eve":19.07,"morn":13.46},"pressure":1012,"humidity":44,"weather":[{"id":501,"main":"Rain","description":"moderate rain","icon":"10d"}],"speed":8.57,"deg":245,"gust":13.4,"clouds":28,"pop":1,"rain":5.46},{"dt":1688641200,"sunrise":1688614595,"sunset":1688673457,"temp":{"day":22.58,"min":10.45,"max":23.48,"night":17.03,"eve":20.42,"morn":13.72},"feels_like":{"day":21.91,"night":16.46,"eve":19.93,"morn":13.13},"pressure":1017,"humidity":39,"weather":[{"id":800,"main":"Clear","description":"sky is clear","icon":"01d"}],"speed":4.75,"deg":245,"gust":8,"clouds":0,"pop":0}]}
--- ENF OF RECEIVED DATA ---

