________________________________________________
|             CALL API : START                |
________________________________________________

Informations : 
Called API: meteo - 22 September 2024, 06:40
Method: GETMETEO - Timeout : 300 - Cache : 1
URL CALLED : https://api.openweathermap.org/data/2.5/forecast/daily?q=Brussels,be&units=metric&cnt=4&appid=ea18c0706135505149200c3836f29800
-------------------------
________________________________________________
|             CALL API : START                |
________________________________________________

Informations : 
Called API: meteo - 22 September 2024, 06:40
Method: GETMETEO - Timeout : 300 - Cache : 1
URL CALLED : https://api.openweathermap.org/data/2.5/forecast/daily?q=Brussels,be&units=metric&cnt=4&appid=ea18c0706135505149200c3836f29800
-------------------------
{"city":{"id":2800866,"name":"Brussels","coord":{"lon":4.3488,"lat":50.8504},"country":"BE","population":1019022,"timezone":7200},"cod":"200","message":4.2155252,"cnt":4,"list":[{"dt":1727002800,"sunrise":1726982954,"sunset":1727026876,"temp":{"day":18.72,"min":14.27,"max":20.41,"night":16.34,"eve":18.37,"morn":14.27},"feels_like":{"day":18.63,"night":16.28,"eve":18.14,"morn":13.92},"pressure":1015,"humidity":76,"weather":[{"id":500,"main":"Rain","description":"light rain","icon":"10d"}],"speed":4.1,"deg":157,"gust":9.76,"clouds":99,"pop":1,"rain":1.07},{"dt":1727089200,"sunrise":1727069447,"sunset":1727113139,"temp":{"day":16.82,"min":13.72,"max":20.6,"night":13.72,"eve":17.44,"morn":15.55},"feels_like":{"day":16.72,"night":13.31,"eve":17.07,"morn":15.64},"pressure":1008,"humidity":83,"weather":[{"id":501,"main":"Rain","description":"moderate rain","icon":"10d"}],"speed":5.72,"deg":218,"gust":9.44,"clouds":100,"pop":1,"rain":9.24},{"dt":1727175600,"sunrise":1727155940,"sunset":1727199403,"temp":{"day":15.69,"min":11.47,"max":16.95,"night":13.91,"eve":15.22,"morn":11.47},"feels_like":{"day":15.56,"night":13.78,"eve":15.1,"morn":11.13},"pressure":1006,"humidity":86,"weather":[{"id":501,"main":"Rain","description":"moderate rain","icon":"10d"}],"speed":7.1,"deg":233,"gust":11.4,"clouds":100,"pop":1,"rain":5.15},{"dt":1727262000,"sunrise":1727242433,"sunset":1727285666,"temp":{"day":13.66,"min":13.07,"max":16.56,"night":14.76,"eve":15.61,"morn":13.07},"feels_like":{"day":13.46,"night":14.64,"eve":15.24,"morn":12.81},"pressure":998,"humidity":91,"weather":[{"id":501,"main":"Rain","description":"moderate rain","icon":"10d"}],"speed":9.57,"deg":222,"gust":18.8,"clouds":100,"pop":1,"rain":7.01}]}
--- ENF OF RECEIVED DATA ---

{"city":{"id":2800866,"name":"Brussels","coord":{"lon":4.3488,"lat":50.8504},"country":"BE","population":1019022,"timezone":7200},"cod":"200","message":4.2155252,"cnt":4,"list":[{"dt":1727002800,"sunrise":1726982954,"sunset":1727026876,"temp":{"day":18.72,"min":14.27,"max":20.41,"night":16.34,"eve":18.37,"morn":14.27},"feels_like":{"day":18.63,"night":16.28,"eve":18.14,"morn":13.92},"pressure":1015,"humidity":76,"weather":[{"id":500,"main":"Rain","description":"light rain","icon":"10d"}],"speed":4.1,"deg":157,"gust":9.76,"clouds":99,"pop":1,"rain":1.07},{"dt":1727089200,"sunrise":1727069447,"sunset":1727113139,"temp":{"day":16.82,"min":13.72,"max":20.6,"night":13.72,"eve":17.44,"morn":15.55},"feels_like":{"day":16.72,"night":13.31,"eve":17.07,"morn":15.64},"pressure":1008,"humidity":83,"weather":[{"id":501,"main":"Rain","description":"moderate rain","icon":"10d"}],"speed":5.72,"deg":218,"gust":9.44,"clouds":100,"pop":1,"rain":9.24},{"dt":1727175600,"sunrise":1727155940,"sunset":1727199403,"temp":{"day":15.69,"min":11.47,"max":16.95,"night":13.91,"eve":15.22,"morn":11.47},"feels_like":{"day":15.56,"night":13.78,"eve":15.1,"morn":11.13},"pressure":1006,"humidity":86,"weather":[{"id":501,"main":"Rain","description":"moderate rain","icon":"10d"}],"speed":7.1,"deg":233,"gust":11.4,"clouds":100,"pop":1,"rain":5.15},{"dt":1727262000,"sunrise":1727242433,"sunset":1727285666,"temp":{"day":13.66,"min":13.07,"max":16.56,"night":14.76,"eve":15.61,"morn":13.07},"feels_like":{"day":13.46,"night":14.64,"eve":15.24,"morn":12.81},"pressure":998,"humidity":91,"weather":[{"id":501,"main":"Rain","description":"moderate rain","icon":"10d"}],"speed":9.57,"deg":222,"gust":18.8,"clouds":100,"pop":1,"rain":7.01}]}
--- ENF OF RECEIVED DATA ---

