________________________________________________
|             CALL API : START                |
________________________________________________

Informations : 
Called API: meteo - 1 September 2024, 15:50
Method: GETMETEO - Timeout : 300 - Cache : 1
URL CALLED : https://api.openweathermap.org/data/2.5/forecast/daily?q=Brussels,be&units=metric&cnt=4&appid=ea18c0706135505149200c3836f29800
-------------------------
________________________________________________
|             CALL API : START                |
________________________________________________

Informations : 
Called API: meteo - 1 September 2024, 15:50
Method: GETMETEO - Timeout : 300 - Cache : 1
URL CALLED : https://api.openweathermap.org/data/2.5/forecast/daily?q=Brussels,be&units=metric&cnt=4&appid=ea18c0706135505149200c3836f29800
-------------------------
{"city":{"id":2800866,"name":"Brussels","coord":{"lon":4.3488,"lat":50.8504},"country":"BE","population":1019022,"timezone":7200},"cod":"200","message":4.628192,"cnt":4,"list":[{"dt":1725188400,"sunrise":1725166615,"sunset":1725215314,"temp":{"day":29.8,"min":17.73,"max":31.08,"night":21.79,"eve":30.11,"morn":18.55},"feels_like":{"day":32.27,"night":22.01,"eve":32.64,"morn":18.78},"pressure":1013,"humidity":59,"weather":[{"id":500,"main":"Rain","description":"light rain","icon":"10d"}],"speed":4.56,"deg":65,"gust":10.18,"clouds":51,"pop":1,"rain":1.3},{"dt":1725274800,"sunrise":1725253108,"sunset":1725301582,"temp":{"day":26.67,"min":18.33,"max":28.22,"night":20.87,"eve":25.52,"morn":18.33},"feels_like":{"day":27.44,"night":21.05,"eve":25.72,"morn":18.49},"pressure":1012,"humidity":56,"weather":[{"id":500,"main":"Rain","description":"light rain","icon":"10d"}],"speed":4.06,"deg":209,"gust":6.66,"clouds":71,"pop":0.81,"rain":0.53},{"dt":1725361200,"sunrise":1725339600,"sunset":1725387850,"temp":{"day":23.19,"min":17.77,"max":24.23,"night":18.2,"eve":21.71,"morn":17.77},"feels_like":{"day":22.92,"night":17.77,"eve":21.45,"morn":17.98},"pressure":1014,"humidity":52,"weather":[{"id":804,"main":"Clouds","description":"overcast clouds","icon":"04d"}],"speed":6.16,"deg":217,"gust":9.25,"clouds":96,"pop":0.47},{"dt":1725447600,"sunrise":1725426093,"sunset":1725474118,"temp":{"day":19.12,"min":15.65,"max":19.69,"night":16.22,"eve":16.93,"morn":15.94},"feels_like":{"day":18.92,"night":16.27,"eve":16.95,"morn":15.68},"pressure":1017,"humidity":70,"weather":[{"id":804,"main":"Clouds","description":"overcast clouds","icon":"04d"}],"speed":3.38,"deg":64,"gust":6.56,"clouds":100,"pop":0}]}
--- ENF OF RECEIVED DATA ---

{"city":{"id":2800866,"name":"Brussels","coord":{"lon":4.3488,"lat":50.8504},"country":"BE","population":1019022,"timezone":7200},"cod":"200","message":4.628192,"cnt":4,"list":[{"dt":1725188400,"sunrise":1725166615,"sunset":1725215314,"temp":{"day":29.8,"min":17.73,"max":31.08,"night":21.79,"eve":30.11,"morn":18.55},"feels_like":{"day":32.27,"night":22.01,"eve":32.64,"morn":18.78},"pressure":1013,"humidity":59,"weather":[{"id":500,"main":"Rain","description":"light rain","icon":"10d"}],"speed":4.56,"deg":65,"gust":10.18,"clouds":51,"pop":1,"rain":1.3},{"dt":1725274800,"sunrise":1725253108,"sunset":1725301582,"temp":{"day":26.67,"min":18.33,"max":28.22,"night":20.87,"eve":25.52,"morn":18.33},"feels_like":{"day":27.44,"night":21.05,"eve":25.72,"morn":18.49},"pressure":1012,"humidity":56,"weather":[{"id":500,"main":"Rain","description":"light rain","icon":"10d"}],"speed":4.06,"deg":209,"gust":6.66,"clouds":71,"pop":0.81,"rain":0.53},{"dt":1725361200,"sunrise":1725339600,"sunset":1725387850,"temp":{"day":23.19,"min":17.77,"max":24.23,"night":18.2,"eve":21.71,"morn":17.77},"feels_like":{"day":22.92,"night":17.77,"eve":21.45,"morn":17.98},"pressure":1014,"humidity":52,"weather":[{"id":804,"main":"Clouds","description":"overcast clouds","icon":"04d"}],"speed":6.16,"deg":217,"gust":9.25,"clouds":96,"pop":0.47},{"dt":1725447600,"sunrise":1725426093,"sunset":1725474118,"temp":{"day":19.12,"min":15.65,"max":19.69,"night":16.22,"eve":16.93,"morn":15.94},"feels_like":{"day":18.92,"night":16.27,"eve":16.95,"morn":15.68},"pressure":1017,"humidity":70,"weather":[{"id":804,"main":"Clouds","description":"overcast clouds","icon":"04d"}],"speed":3.38,"deg":64,"gust":6.56,"clouds":100,"pop":0}]}
--- ENF OF RECEIVED DATA ---

