________________________________________________
|             CALL API : START                |
________________________________________________

Informations : 
Called API: meteo - 26 May 2023, 20:20
Method: GETMETEO - Timeout : 300 - Cache : 1
URL CALLED : https://api.openweathermap.org/data/2.5/forecast/daily?q=Brussels,be&units=metric&cnt=4&appid=ea18c0706135505149200c3836f29800
-------------------------
________________________________________________
|             CALL API : START                |
________________________________________________

Informations : 
Called API: meteo - 26 May 2023, 20:20
Method: GETMETEO - Timeout : 300 - Cache : 1
URL CALLED : https://api.openweathermap.org/data/2.5/forecast/daily?q=Brussels,be&units=metric&cnt=4&appid=ea18c0706135505149200c3836f29800
-------------------------
{"city":{"id":2800866,"name":"Brussels","coord":{"lon":4.3488,"lat":50.8504},"country":"BE","population":1019022,"timezone":7200},"cod":"200","message":0.0580903,"cnt":4,"list":[{"dt":1685098800,"sunrise":1685072420,"sunset":1685129952,"temp":{"day":16.55,"min":6.91,"max":18.15,"night":14.33,"eve":17.91,"morn":7.74},"feels_like":{"day":15.51,"night":13.36,"eve":16.93,"morn":4.92},"pressure":1029,"humidity":48,"weather":[{"id":800,"main":"Clear","description":"sky is clear","icon":"01d"}],"speed":6.83,"deg":53,"gust":12.33,"clouds":0,"pop":0},{"dt":1685185200,"sunrise":1685158759,"sunset":1685216427,"temp":{"day":17.89,"min":5.87,"max":20.29,"night":13.14,"eve":20.02,"morn":6.99},"feels_like":{"day":17.12,"night":12.62,"eve":19.49,"morn":4.33},"pressure":1026,"humidity":53,"weather":[{"id":803,"main":"Clouds","description":"broken clouds","icon":"04d"}],"speed":5.77,"deg":54,"gust":12.56,"clouds":71,"pop":0},{"dt":1685271600,"sunrise":1685245101,"sunset":1685302900,"temp":{"day":20.66,"min":9.9,"max":21.78,"night":13.93,"eve":19.94,"morn":11},"feels_like":{"day":20.19,"night":13.47,"eve":19.53,"morn":10.51},"pressure":1021,"humidity":54,"weather":[{"id":803,"main":"Clouds","description":"broken clouds","icon":"04d"}],"speed":6.83,"deg":32,"gust":12.72,"clouds":59,"pop":0},{"dt":1685358000,"sunrise":1685331445,"sunset":1685389371,"temp":{"day":17.96,"min":7.95,"max":18.16,"night":10.9,"eve":15.22,"morn":8.37},"feels_like":{"day":17.04,"night":9.74,"eve":14.34,"morn":5.54},"pressure":1025,"humidity":47,"weather":[{"id":800,"main":"Clear","description":"sky is clear","icon":"01d"}],"speed":6.93,"deg":41,"gust":12.72,"clouds":6,"pop":0}]}
--- ENF OF RECEIVED DATA ---

{"city":{"id":2800866,"name":"Brussels","coord":{"lon":4.3488,"lat":50.8504},"country":"BE","population":1019022,"timezone":7200},"cod":"200","message":0.0580903,"cnt":4,"list":[{"dt":1685098800,"sunrise":1685072420,"sunset":1685129952,"temp":{"day":16.55,"min":6.91,"max":18.15,"night":14.33,"eve":17.91,"morn":7.74},"feels_like":{"day":15.51,"night":13.36,"eve":16.93,"morn":4.92},"pressure":1029,"humidity":48,"weather":[{"id":800,"main":"Clear","description":"sky is clear","icon":"01d"}],"speed":6.83,"deg":53,"gust":12.33,"clouds":0,"pop":0},{"dt":1685185200,"sunrise":1685158759,"sunset":1685216427,"temp":{"day":17.89,"min":5.87,"max":20.29,"night":13.14,"eve":20.02,"morn":6.99},"feels_like":{"day":17.12,"night":12.62,"eve":19.49,"morn":4.33},"pressure":1026,"humidity":53,"weather":[{"id":803,"main":"Clouds","description":"broken clouds","icon":"04d"}],"speed":5.77,"deg":54,"gust":12.56,"clouds":71,"pop":0},{"dt":1685271600,"sunrise":1685245101,"sunset":1685302900,"temp":{"day":20.66,"min":9.9,"max":21.78,"night":13.93,"eve":19.94,"morn":11},"feels_like":{"day":20.19,"night":13.47,"eve":19.53,"morn":10.51},"pressure":1021,"humidity":54,"weather":[{"id":803,"main":"Clouds","description":"broken clouds","icon":"04d"}],"speed":6.83,"deg":32,"gust":12.72,"clouds":59,"pop":0},{"dt":1685358000,"sunrise":1685331445,"sunset":1685389371,"temp":{"day":17.96,"min":7.95,"max":18.16,"night":10.9,"eve":15.22,"morn":8.37},"feels_like":{"day":17.04,"night":9.74,"eve":14.34,"morn":5.54},"pressure":1025,"humidity":47,"weather":[{"id":800,"main":"Clear","description":"sky is clear","icon":"01d"}],"speed":6.93,"deg":41,"gust":12.72,"clouds":6,"pop":0}]}
--- ENF OF RECEIVED DATA ---

