________________________________________________
|             CALL API : START                |
________________________________________________

Informations : 
Called API: meteo - 28 July 2023, 23:30
Method: GETMETEO - Timeout : 300 - Cache : 1
URL CALLED : https://api.openweathermap.org/data/2.5/forecast/daily?q=Brussels,be&units=metric&cnt=4&appid=ea18c0706135505149200c3836f29800
-------------------------
________________________________________________
|             CALL API : START                |
________________________________________________

Informations : 
Called API: meteo - 28 July 2023, 23:30
Method: GETMETEO - Timeout : 300 - Cache : 1
URL CALLED : https://api.openweathermap.org/data/2.5/forecast/daily?q=Brussels,be&units=metric&cnt=4&appid=ea18c0706135505149200c3836f29800
-------------------------
{"city":{"id":2800866,"name":"Brussels","coord":{"lon":4.3488,"lat":50.8504},"country":"BE","population":1019022,"timezone":7200},"cod":"200","message":11.9549718,"cnt":4,"list":[{"dt":1690542000,"sunrise":1690516942,"sunset":1690572936,"temp":{"day":22.62,"min":16.78,"max":23.99,"night":19.29,"eve":22.87,"morn":17.09},"feels_like":{"day":22.79,"night":19.47,"eve":22.99,"morn":17.39},"pressure":1008,"humidity":71,"weather":[{"id":500,"main":"Rain","description":"light rain","icon":"10d"}],"speed":6.34,"deg":227,"gust":12.88,"clouds":98,"pop":1,"rain":3.22},{"dt":1690628400,"sunrise":1690603428,"sunset":1690659249,"temp":{"day":17.24,"min":15.68,"max":23.7,"night":15.68,"eve":22.32,"morn":16.76},"feels_like":{"day":17.34,"night":15.29,"eve":21.99,"morn":16.71},"pressure":1009,"humidity":89,"weather":[{"id":500,"main":"Rain","description":"light rain","icon":"10d"}],"speed":7.79,"deg":251,"gust":11.02,"clouds":89,"pop":1,"rain":1.94},{"dt":1690714800,"sunrise":1690689914,"sunset":1690745561,"temp":{"day":19.51,"min":13.02,"max":21.23,"night":17.39,"eve":19.21,"morn":13.3},"feels_like":{"day":19.11,"night":17.25,"eve":18.86,"morn":13.01},"pressure":1014,"humidity":61,"weather":[{"id":500,"main":"Rain","description":"light rain","icon":"10d"}],"speed":8.45,"deg":248,"gust":15.21,"clouds":99,"pop":0.42,"rain":0.4},{"dt":1690801200,"sunrise":1690776401,"sunset":1690831870,"temp":{"day":18.67,"min":16.61,"max":22.2,"night":18.04,"eve":20.52,"morn":17.22},"feels_like":{"day":18.68,"night":17.96,"eve":20.43,"morn":17.01},"pressure":1010,"humidity":80,"weather":[{"id":500,"main":"Rain","description":"light rain","icon":"10d"}],"speed":9.06,"deg":239,"gust":16.65,"clouds":100,"pop":0.88,"rain":0.73}]}
--- ENF OF RECEIVED DATA ---

{"city":{"id":2800866,"name":"Brussels","coord":{"lon":4.3488,"lat":50.8504},"country":"BE","population":1019022,"timezone":7200},"cod":"200","message":11.9549718,"cnt":4,"list":[{"dt":1690542000,"sunrise":1690516942,"sunset":1690572936,"temp":{"day":22.62,"min":16.78,"max":23.99,"night":19.29,"eve":22.87,"morn":17.09},"feels_like":{"day":22.79,"night":19.47,"eve":22.99,"morn":17.39},"pressure":1008,"humidity":71,"weather":[{"id":500,"main":"Rain","description":"light rain","icon":"10d"}],"speed":6.34,"deg":227,"gust":12.88,"clouds":98,"pop":1,"rain":3.22},{"dt":1690628400,"sunrise":1690603428,"sunset":1690659249,"temp":{"day":17.24,"min":15.68,"max":23.7,"night":15.68,"eve":22.32,"morn":16.76},"feels_like":{"day":17.34,"night":15.29,"eve":21.99,"morn":16.71},"pressure":1009,"humidity":89,"weather":[{"id":500,"main":"Rain","description":"light rain","icon":"10d"}],"speed":7.79,"deg":251,"gust":11.02,"clouds":89,"pop":1,"rain":1.94},{"dt":1690714800,"sunrise":1690689914,"sunset":1690745561,"temp":{"day":19.51,"min":13.02,"max":21.23,"night":17.39,"eve":19.21,"morn":13.3},"feels_like":{"day":19.11,"night":17.25,"eve":18.86,"morn":13.01},"pressure":1014,"humidity":61,"weather":[{"id":500,"main":"Rain","description":"light rain","icon":"10d"}],"speed":8.45,"deg":248,"gust":15.21,"clouds":99,"pop":0.42,"rain":0.4},{"dt":1690801200,"sunrise":1690776401,"sunset":1690831870,"temp":{"day":18.67,"min":16.61,"max":22.2,"night":18.04,"eve":20.52,"morn":17.22},"feels_like":{"day":18.68,"night":17.96,"eve":20.43,"morn":17.01},"pressure":1010,"humidity":80,"weather":[{"id":500,"main":"Rain","description":"light rain","icon":"10d"}],"speed":9.06,"deg":239,"gust":16.65,"clouds":100,"pop":0.88,"rain":0.73}]}
--- ENF OF RECEIVED DATA ---

