________________________________________________
|             CALL API : START                |
________________________________________________

Informations : 
Called API: meteo - 21 December 2024, 04:10
Method: GETMETEO - Timeout : 300 - Cache : 1
URL CALLED : https://api.openweathermap.org/data/2.5/forecast/daily?q=Brussels,be&units=metric&cnt=4&appid=ea18c0706135505149200c3836f29800
-------------------------
________________________________________________
|             CALL API : START                |
________________________________________________

Informations : 
Called API: meteo - 21 December 2024, 04:10
Method: GETMETEO - Timeout : 300 - Cache : 1
URL CALLED : https://api.openweathermap.org/data/2.5/forecast/daily?q=Brussels,be&units=metric&cnt=4&appid=ea18c0706135505149200c3836f29800
-------------------------
{"city":{"id":2800866,"name":"Brussels","coord":{"lon":4.3488,"lat":50.8504},"country":"BE","population":1019022,"timezone":3600},"cod":"200","message":0.4474765,"cnt":4,"list":[{"dt":1734778800,"sunrise":1734766969,"sunset":1734795529,"temp":{"day":7.77,"min":5.99,"max":10.66,"night":10.35,"eve":8.51,"morn":6.95},"feels_like":{"day":4.07,"night":9.5,"eve":4.22,"morn":3.86},"pressure":1017,"humidity":87,"weather":[{"id":501,"main":"Rain","description":"moderate rain","icon":"10d"}],"speed":10.75,"deg":229,"gust":19.21,"clouds":100,"pop":1,"rain":3.48},{"dt":1734865200,"sunrise":1734853397,"sunset":1734881959,"temp":{"day":5.05,"min":3.63,"max":9.06,"night":5.11,"eve":4.95,"morn":6.51},"feels_like":{"day":-0.3,"night":0.13,"eve":-0.45,"morn":1.9},"pressure":1005,"humidity":65,"weather":[{"id":616,"main":"Snow","description":"rain and snow","icon":"13d"}],"speed":10.57,"deg":276,"gust":18.4,"clouds":99,"pop":1,"rain":2.36,"snow":0.44},{"dt":1734951600,"sunrise":1734939822,"sunset":1734968392,"temp":{"day":5.02,"min":3.62,"max":7.15,"night":4.3,"eve":5.58,"morn":4.54},"feels_like":{"day":0.02,"night":0.54,"eve":1.85,"morn":-0.59},"pressure":1016,"humidity":90,"weather":[{"id":500,"main":"Rain","description":"light rain","icon":"10d"}],"speed":9.31,"deg":298,"gust":17.32,"clouds":100,"pop":1,"rain":3.29},{"dt":1735038000,"sunrise":1735026244,"sunset":1735054828,"temp":{"day":3.87,"min":3.19,"max":4.73,"night":4.73,"eve":4.5,"morn":3.54},"feels_like":{"day":-0.08,"night":1.67,"eve":1.1,"morn":0.36},"pressure":1028,"humidity":92,"weather":[{"id":500,"main":"Rain","description":"light rain","icon":"10d"}],"speed":5.1,"deg":191,"gust":10.6,"clouds":100,"pop":1,"rain":0.84}]}
--- ENF OF RECEIVED DATA ---

{"city":{"id":2800866,"name":"Brussels","coord":{"lon":4.3488,"lat":50.8504},"country":"BE","population":1019022,"timezone":3600},"cod":"200","message":0.4474765,"cnt":4,"list":[{"dt":1734778800,"sunrise":1734766969,"sunset":1734795529,"temp":{"day":7.77,"min":5.99,"max":10.66,"night":10.35,"eve":8.51,"morn":6.95},"feels_like":{"day":4.07,"night":9.5,"eve":4.22,"morn":3.86},"pressure":1017,"humidity":87,"weather":[{"id":501,"main":"Rain","description":"moderate rain","icon":"10d"}],"speed":10.75,"deg":229,"gust":19.21,"clouds":100,"pop":1,"rain":3.48},{"dt":1734865200,"sunrise":1734853397,"sunset":1734881959,"temp":{"day":5.05,"min":3.63,"max":9.06,"night":5.11,"eve":4.95,"morn":6.51},"feels_like":{"day":-0.3,"night":0.13,"eve":-0.45,"morn":1.9},"pressure":1005,"humidity":65,"weather":[{"id":616,"main":"Snow","description":"rain and snow","icon":"13d"}],"speed":10.57,"deg":276,"gust":18.4,"clouds":99,"pop":1,"rain":2.36,"snow":0.44},{"dt":1734951600,"sunrise":1734939822,"sunset":1734968392,"temp":{"day":5.02,"min":3.62,"max":7.15,"night":4.3,"eve":5.58,"morn":4.54},"feels_like":{"day":0.02,"night":0.54,"eve":1.85,"morn":-0.59},"pressure":1016,"humidity":90,"weather":[{"id":500,"main":"Rain","description":"light rain","icon":"10d"}],"speed":9.31,"deg":298,"gust":17.32,"clouds":100,"pop":1,"rain":3.29},{"dt":1735038000,"sunrise":1735026244,"sunset":1735054828,"temp":{"day":3.87,"min":3.19,"max":4.73,"night":4.73,"eve":4.5,"morn":3.54},"feels_like":{"day":-0.08,"night":1.67,"eve":1.1,"morn":0.36},"pressure":1028,"humidity":92,"weather":[{"id":500,"main":"Rain","description":"light rain","icon":"10d"}],"speed":5.1,"deg":191,"gust":10.6,"clouds":100,"pop":1,"rain":0.84}]}
--- ENF OF RECEIVED DATA ---

