________________________________________________
|             CALL API : START                |
________________________________________________

Informations : 
Called API: meteo - 30 April 2024, 20:30
Method: GETMETEO - Timeout : 300 - Cache : 1
URL CALLED : https://api.openweathermap.org/data/2.5/forecast/daily?q=Brussels,be&units=metric&cnt=4&appid=ea18c0706135505149200c3836f29800
-------------------------
________________________________________________
|             CALL API : START                |
________________________________________________

Informations : 
Called API: meteo - 30 April 2024, 20:30
Method: GETMETEO - Timeout : 300 - Cache : 1
URL CALLED : https://api.openweathermap.org/data/2.5/forecast/daily?q=Brussels,be&units=metric&cnt=4&appid=ea18c0706135505149200c3836f29800
-------------------------
{"city":{"id":2800866,"name":"Brussels","coord":{"lon":4.3488,"lat":50.8504},"country":"BE","population":1019022,"timezone":7200},"cod":"200","message":5.6110291,"cnt":4,"list":[{"dt":1714474800,"sunrise":1714450654,"sunset":1714503707,"temp":{"day":18.05,"min":10.67,"max":20.53,"night":18.05,"eve":19.94,"morn":11.23},"feels_like":{"day":17.53,"night":17.82,"eve":19.66,"morn":10.92},"pressure":1015,"humidity":62,"weather":[{"id":500,"main":"Rain","description":"light rain","icon":"10d"}],"speed":4.78,"deg":164,"gust":8.85,"clouds":100,"pop":0.75,"rain":0.68},{"dt":1714561200,"sunrise":1714536945,"sunset":1714590204,"temp":{"day":20.95,"min":13.57,"max":22.58,"night":16.26,"eve":19.98,"morn":13.79},"feels_like":{"day":20.75,"night":16.32,"eve":19.94,"morn":13.71},"pressure":1006,"humidity":63,"weather":[{"id":501,"main":"Rain","description":"moderate rain","icon":"10d"}],"speed":4.87,"deg":354,"gust":12.33,"clouds":45,"pop":1,"rain":6.15},{"dt":1714647600,"sunrise":1714623237,"sunset":1714676700,"temp":{"day":15.99,"min":9.87,"max":16.48,"night":9.87,"eve":11.25,"morn":13.66},"feels_like":{"day":15.94,"night":6.82,"eve":10.83,"morn":13.61},"pressure":1000,"humidity":88,"weather":[{"id":501,"main":"Rain","description":"moderate rain","icon":"10d"}],"speed":6.92,"deg":222,"gust":12.27,"clouds":100,"pop":1,"rain":6.66},{"dt":1714734000,"sunrise":1714709531,"sunset":1714763196,"temp":{"day":14.98,"min":8.81,"max":16.16,"night":10.22,"eve":14.43,"morn":9.14},"feels_like":{"day":14.02,"night":9.31,"eve":13.6,"morn":6.03},"pressure":1013,"humidity":57,"weather":[{"id":803,"main":"Clouds","description":"broken clouds","icon":"04d"}],"speed":7.17,"deg":237,"gust":12.31,"clouds":75,"pop":0.77}]}
--- ENF OF RECEIVED DATA ---

{"city":{"id":2800866,"name":"Brussels","coord":{"lon":4.3488,"lat":50.8504},"country":"BE","population":1019022,"timezone":7200},"cod":"200","message":5.6110291,"cnt":4,"list":[{"dt":1714474800,"sunrise":1714450654,"sunset":1714503707,"temp":{"day":18.05,"min":10.67,"max":20.53,"night":18.05,"eve":19.94,"morn":11.23},"feels_like":{"day":17.53,"night":17.82,"eve":19.66,"morn":10.92},"pressure":1015,"humidity":62,"weather":[{"id":500,"main":"Rain","description":"light rain","icon":"10d"}],"speed":4.78,"deg":164,"gust":8.85,"clouds":100,"pop":0.75,"rain":0.68},{"dt":1714561200,"sunrise":1714536945,"sunset":1714590204,"temp":{"day":20.95,"min":13.57,"max":22.58,"night":16.26,"eve":19.98,"morn":13.79},"feels_like":{"day":20.75,"night":16.32,"eve":19.94,"morn":13.71},"pressure":1006,"humidity":63,"weather":[{"id":501,"main":"Rain","description":"moderate rain","icon":"10d"}],"speed":4.87,"deg":354,"gust":12.33,"clouds":45,"pop":1,"rain":6.15},{"dt":1714647600,"sunrise":1714623237,"sunset":1714676700,"temp":{"day":15.99,"min":9.87,"max":16.48,"night":9.87,"eve":11.25,"morn":13.66},"feels_like":{"day":15.94,"night":6.82,"eve":10.83,"morn":13.61},"pressure":1000,"humidity":88,"weather":[{"id":501,"main":"Rain","description":"moderate rain","icon":"10d"}],"speed":6.92,"deg":222,"gust":12.27,"clouds":100,"pop":1,"rain":6.66},{"dt":1714734000,"sunrise":1714709531,"sunset":1714763196,"temp":{"day":14.98,"min":8.81,"max":16.16,"night":10.22,"eve":14.43,"morn":9.14},"feels_like":{"day":14.02,"night":9.31,"eve":13.6,"morn":6.03},"pressure":1013,"humidity":57,"weather":[{"id":803,"main":"Clouds","description":"broken clouds","icon":"04d"}],"speed":7.17,"deg":237,"gust":12.31,"clouds":75,"pop":0.77}]}
--- ENF OF RECEIVED DATA ---

