________________________________________________
|             CALL API : START                |
________________________________________________

Informations : 
Called API: meteo - 28 February 2025, 05:30
Method: GETMETEO - Timeout : 300 - Cache : 1
URL CALLED : https://api.openweathermap.org/data/2.5/forecast/daily?q=Brussels,be&units=metric&cnt=4&appid=ea18c0706135505149200c3836f29800
-------------------------
________________________________________________
|             CALL API : START                |
________________________________________________

Informations : 
Called API: meteo - 28 February 2025, 05:30
Method: GETMETEO - Timeout : 300 - Cache : 1
URL CALLED : https://api.openweathermap.org/data/2.5/forecast/daily?q=Brussels,be&units=metric&cnt=4&appid=ea18c0706135505149200c3836f29800
-------------------------
{"city":{"id":2800866,"name":"Brussels","coord":{"lon":4.3488,"lat":50.8504},"country":"BE","population":1019022,"timezone":3600},"cod":"200","message":1.2326194,"cnt":4,"list":[{"dt":1740740400,"sunrise":1740724151,"sunset":1740763286,"temp":{"day":6.94,"min":4.6,"max":7.39,"night":4.6,"eve":6.55,"morn":4.96},"feels_like":{"day":3.67,"night":1.96,"eve":4.22,"morn":1.01},"pressure":1027,"humidity":72,"weather":[{"id":804,"main":"Clouds","description":"overcast clouds","icon":"04d"}],"speed":6.02,"deg":324,"gust":11.39,"clouds":96,"pop":0},{"dt":1740826800,"sunrise":1740810425,"sunset":1740849789,"temp":{"day":6.89,"min":1.22,"max":8.9,"night":3.08,"eve":6.85,"morn":1.5},"feels_like":{"day":4.27,"night":0.61,"eve":4.44,"morn":-1.15},"pressure":1033,"humidity":67,"weather":[{"id":800,"main":"Clear","description":"sky is clear","icon":"01d"}],"speed":5.14,"deg":40,"gust":6.89,"clouds":5,"pop":0},{"dt":1740913200,"sunrise":1740896697,"sunset":1740936291,"temp":{"day":7.47,"min":1.21,"max":9.31,"night":3.68,"eve":7.17,"morn":1.29},"feels_like":{"day":4.85,"night":1.65,"eve":5.31,"morn":-1.38},"pressure":1034,"humidity":59,"weather":[{"id":802,"main":"Clouds","description":"scattered clouds","icon":"03d"}],"speed":4.11,"deg":69,"gust":6.36,"clouds":49,"pop":0},{"dt":1740999600,"sunrise":1740982969,"sunset":1741022794,"temp":{"day":8.95,"min":1.62,"max":10.17,"night":4.52,"eve":6.43,"morn":1.87},"feels_like":{"day":7.94,"night":3.55,"eve":4.98,"morn":0.32},"pressure":1031,"humidity":50,"weather":[{"id":800,"main":"Clear","description":"sky is clear","icon":"01d"}],"speed":2.06,"deg":20,"gust":2.41,"clouds":0,"pop":0}]}
--- ENF OF RECEIVED DATA ---

{"city":{"id":2800866,"name":"Brussels","coord":{"lon":4.3488,"lat":50.8504},"country":"BE","population":1019022,"timezone":3600},"cod":"200","message":1.2326194,"cnt":4,"list":[{"dt":1740740400,"sunrise":1740724151,"sunset":1740763286,"temp":{"day":6.94,"min":4.6,"max":7.39,"night":4.6,"eve":6.55,"morn":4.96},"feels_like":{"day":3.67,"night":1.96,"eve":4.22,"morn":1.01},"pressure":1027,"humidity":72,"weather":[{"id":804,"main":"Clouds","description":"overcast clouds","icon":"04d"}],"speed":6.02,"deg":324,"gust":11.39,"clouds":96,"pop":0},{"dt":1740826800,"sunrise":1740810425,"sunset":1740849789,"temp":{"day":6.89,"min":1.22,"max":8.9,"night":3.08,"eve":6.85,"morn":1.5},"feels_like":{"day":4.27,"night":0.61,"eve":4.44,"morn":-1.15},"pressure":1033,"humidity":67,"weather":[{"id":800,"main":"Clear","description":"sky is clear","icon":"01d"}],"speed":5.14,"deg":40,"gust":6.89,"clouds":5,"pop":0},{"dt":1740913200,"sunrise":1740896697,"sunset":1740936291,"temp":{"day":7.47,"min":1.21,"max":9.31,"night":3.68,"eve":7.17,"morn":1.29},"feels_like":{"day":4.85,"night":1.65,"eve":5.31,"morn":-1.38},"pressure":1034,"humidity":59,"weather":[{"id":802,"main":"Clouds","description":"scattered clouds","icon":"03d"}],"speed":4.11,"deg":69,"gust":6.36,"clouds":49,"pop":0},{"dt":1740999600,"sunrise":1740982969,"sunset":1741022794,"temp":{"day":8.95,"min":1.62,"max":10.17,"night":4.52,"eve":6.43,"morn":1.87},"feels_like":{"day":7.94,"night":3.55,"eve":4.98,"morn":0.32},"pressure":1031,"humidity":50,"weather":[{"id":800,"main":"Clear","description":"sky is clear","icon":"01d"}],"speed":2.06,"deg":20,"gust":2.41,"clouds":0,"pop":0}]}
--- ENF OF RECEIVED DATA ---

