________________________________________________
|             CALL API : START                |
________________________________________________

Informations : 
Called API: meteo - 10 September 2023, 06:40
Method: GETMETEO - Timeout : 300 - Cache : 1
URL CALLED : https://api.openweathermap.org/data/2.5/forecast/daily?q=Brussels,be&units=metric&cnt=4&appid=ea18c0706135505149200c3836f29800
-------------------------
________________________________________________
|             CALL API : START                |
________________________________________________

Informations : 
Called API: meteo - 10 September 2023, 06:40
Method: GETMETEO - Timeout : 300 - Cache : 1
URL CALLED : https://api.openweathermap.org/data/2.5/forecast/daily?q=Brussels,be&units=metric&cnt=4&appid=ea18c0706135505149200c3836f29800
-------------------------
{"city":{"id":2800866,"name":"Brussels","coord":{"lon":4.3488,"lat":50.8504},"country":"BE","population":1019022,"timezone":7200},"cod":"200","message":0.0814684,"cnt":4,"list":[{"dt":1694343600,"sunrise":1694322578,"sunset":1694369413,"temp":{"day":30.12,"min":18.94,"max":31.47,"night":23.7,"eve":29.12,"morn":18.94},"feels_like":{"day":30.47,"night":23.69,"eve":29.69,"morn":19.32},"pressure":1017,"humidity":45,"weather":[{"id":801,"main":"Clouds","description":"few clouds","icon":"02d"}],"speed":3.13,"deg":144,"gust":4.8,"clouds":19,"pop":0},{"dt":1694430000,"sunrise":1694409070,"sunset":1694455678,"temp":{"day":27.58,"min":18.76,"max":28.82,"night":18.76,"eve":22.06,"morn":20.24},"feels_like":{"day":27.92,"night":18.99,"eve":22.31,"morn":20.04},"pressure":1013,"humidity":49,"weather":[{"id":501,"main":"Rain","description":"moderate rain","icon":"10d"}],"speed":4.61,"deg":320,"gust":8,"clouds":24,"pop":0.82,"rain":2.77},{"dt":1694516400,"sunrise":1694495562,"sunset":1694541943,"temp":{"day":24.24,"min":16.59,"max":24.65,"night":17.29,"eve":17.7,"morn":16.59},"feels_like":{"day":24.23,"night":17.58,"eve":18.01,"morn":16.65},"pressure":1013,"humidity":58,"weather":[{"id":500,"main":"Rain","description":"light rain","icon":"10d"}],"speed":4.4,"deg":248,"gust":8.15,"clouds":63,"pop":1,"rain":5.64},{"dt":1694602800,"sunrise":1694582054,"sunset":1694628207,"temp":{"day":17.01,"min":14.38,"max":19.06,"night":14.38,"eve":16.13,"morn":16.24},"feels_like":{"day":17.04,"night":14.12,"eve":15.91,"morn":16.45},"pressure":1019,"humidity":87,"weather":[{"id":500,"main":"Rain","description":"light rain","icon":"10d"}],"speed":5.62,"deg":16,"gust":7.47,"clouds":93,"pop":0.94,"rain":2.84}]}
--- ENF OF RECEIVED DATA ---

{"city":{"id":2800866,"name":"Brussels","coord":{"lon":4.3488,"lat":50.8504},"country":"BE","population":1019022,"timezone":7200},"cod":"200","message":0.0814684,"cnt":4,"list":[{"dt":1694343600,"sunrise":1694322578,"sunset":1694369413,"temp":{"day":30.12,"min":18.94,"max":31.47,"night":23.7,"eve":29.12,"morn":18.94},"feels_like":{"day":30.47,"night":23.69,"eve":29.69,"morn":19.32},"pressure":1017,"humidity":45,"weather":[{"id":801,"main":"Clouds","description":"few clouds","icon":"02d"}],"speed":3.13,"deg":144,"gust":4.8,"clouds":19,"pop":0},{"dt":1694430000,"sunrise":1694409070,"sunset":1694455678,"temp":{"day":27.58,"min":18.76,"max":28.82,"night":18.76,"eve":22.06,"morn":20.24},"feels_like":{"day":27.92,"night":18.99,"eve":22.31,"morn":20.04},"pressure":1013,"humidity":49,"weather":[{"id":501,"main":"Rain","description":"moderate rain","icon":"10d"}],"speed":4.61,"deg":320,"gust":8,"clouds":24,"pop":0.82,"rain":2.77},{"dt":1694516400,"sunrise":1694495562,"sunset":1694541943,"temp":{"day":24.24,"min":16.59,"max":24.65,"night":17.29,"eve":17.7,"morn":16.59},"feels_like":{"day":24.23,"night":17.58,"eve":18.01,"morn":16.65},"pressure":1013,"humidity":58,"weather":[{"id":500,"main":"Rain","description":"light rain","icon":"10d"}],"speed":4.4,"deg":248,"gust":8.15,"clouds":63,"pop":1,"rain":5.64},{"dt":1694602800,"sunrise":1694582054,"sunset":1694628207,"temp":{"day":17.01,"min":14.38,"max":19.06,"night":14.38,"eve":16.13,"morn":16.24},"feels_like":{"day":17.04,"night":14.12,"eve":15.91,"morn":16.45},"pressure":1019,"humidity":87,"weather":[{"id":500,"main":"Rain","description":"light rain","icon":"10d"}],"speed":5.62,"deg":16,"gust":7.47,"clouds":93,"pop":0.94,"rain":2.84}]}
--- ENF OF RECEIVED DATA ---

