________________________________________________
|             CALL API : START                |
________________________________________________

Informations : 
Called API: meteo - 15 March 2024, 04:00
Method: GETMETEO - Timeout : 300 - Cache : 1
URL CALLED : https://api.openweathermap.org/data/2.5/forecast/daily?q=Brussels,be&units=metric&cnt=4&appid=ea18c0706135505149200c3836f29800
-------------------------
________________________________________________
|             CALL API : START                |
________________________________________________

Informations : 
Called API: meteo - 15 March 2024, 04:00
Method: GETMETEO - Timeout : 300 - Cache : 1
URL CALLED : https://api.openweathermap.org/data/2.5/forecast/daily?q=Brussels,be&units=metric&cnt=4&appid=ea18c0706135505149200c3836f29800
-------------------------
{"city":{"id":2800866,"name":"Brussels","coord":{"lon":4.3488,"lat":50.8504},"country":"BE","population":1019022,"timezone":3600},"cod":"200","message":0.0770309,"cnt":4,"list":[{"dt":1710500400,"sunrise":1710482154,"sunset":1710524824,"temp":{"day":12.58,"min":10.01,"max":13.66,"night":10.01,"eve":12.55,"morn":12.79},"feels_like":{"day":12.01,"night":9.34,"eve":11.9,"morn":12.27},"pressure":1010,"humidity":81,"weather":[{"id":500,"main":"Rain","description":"light rain","icon":"10d"}],"speed":8.06,"deg":228,"gust":14.36,"clouds":88,"pop":1,"rain":2.11},{"dt":1710586800,"sunrise":1710568420,"sunset":1710611323,"temp":{"day":10.79,"min":7.21,"max":11,"night":7.21,"eve":10.3,"morn":9.06},"feels_like":{"day":9.54,"night":5.42,"eve":9.03,"morn":6.8},"pressure":1020,"humidity":62,"weather":[{"id":500,"main":"Rain","description":"light rain","icon":"10d"}],"speed":6.29,"deg":242,"gust":12.15,"clouds":84,"pop":1,"rain":0.84},{"dt":1710673200,"sunrise":1710654685,"sunset":1710697822,"temp":{"day":10.77,"min":7.35,"max":11.35,"night":9.52,"eve":11.35,"morn":9.2},"feels_like":{"day":10.3,"night":7.63,"eve":10.92,"morn":6.64},"pressure":1018,"humidity":92,"weather":[{"id":501,"main":"Rain","description":"moderate rain","icon":"10d"}],"speed":6.53,"deg":194,"gust":14.11,"clouds":100,"pop":1,"rain":8.98},{"dt":1710759600,"sunrise":1710740950,"sunset":1710784320,"temp":{"day":13.94,"min":7.24,"max":14.71,"night":11.55,"eve":12.7,"morn":7.24},"feels_like":{"day":13.06,"night":10.69,"eve":11.78,"morn":5.71},"pressure":1016,"humidity":64,"weather":[{"id":500,"main":"Rain","description":"light rain","icon":"10d"}],"speed":3.38,"deg":236,"gust":7.79,"clouds":43,"pop":0.2,"rain":0.11}]}
--- ENF OF RECEIVED DATA ---

{"city":{"id":2800866,"name":"Brussels","coord":{"lon":4.3488,"lat":50.8504},"country":"BE","population":1019022,"timezone":3600},"cod":"200","message":0.0770309,"cnt":4,"list":[{"dt":1710500400,"sunrise":1710482154,"sunset":1710524824,"temp":{"day":12.58,"min":10.01,"max":13.66,"night":10.01,"eve":12.55,"morn":12.79},"feels_like":{"day":12.01,"night":9.34,"eve":11.9,"morn":12.27},"pressure":1010,"humidity":81,"weather":[{"id":500,"main":"Rain","description":"light rain","icon":"10d"}],"speed":8.06,"deg":228,"gust":14.36,"clouds":88,"pop":1,"rain":2.11},{"dt":1710586800,"sunrise":1710568420,"sunset":1710611323,"temp":{"day":10.79,"min":7.21,"max":11,"night":7.21,"eve":10.3,"morn":9.06},"feels_like":{"day":9.54,"night":5.42,"eve":9.03,"morn":6.8},"pressure":1020,"humidity":62,"weather":[{"id":500,"main":"Rain","description":"light rain","icon":"10d"}],"speed":6.29,"deg":242,"gust":12.15,"clouds":84,"pop":1,"rain":0.84},{"dt":1710673200,"sunrise":1710654685,"sunset":1710697822,"temp":{"day":10.77,"min":7.35,"max":11.35,"night":9.52,"eve":11.35,"morn":9.2},"feels_like":{"day":10.3,"night":7.63,"eve":10.92,"morn":6.64},"pressure":1018,"humidity":92,"weather":[{"id":501,"main":"Rain","description":"moderate rain","icon":"10d"}],"speed":6.53,"deg":194,"gust":14.11,"clouds":100,"pop":1,"rain":8.98},{"dt":1710759600,"sunrise":1710740950,"sunset":1710784320,"temp":{"day":13.94,"min":7.24,"max":14.71,"night":11.55,"eve":12.7,"morn":7.24},"feels_like":{"day":13.06,"night":10.69,"eve":11.78,"morn":5.71},"pressure":1016,"humidity":64,"weather":[{"id":500,"main":"Rain","description":"light rain","icon":"10d"}],"speed":3.38,"deg":236,"gust":7.79,"clouds":43,"pop":0.2,"rain":0.11}]}
--- ENF OF RECEIVED DATA ---

