________________________________________________
|             CALL API : START                |
________________________________________________

Informations : 
Called API: meteo - 30 September 2024, 21:00
Method: GETMETEO - Timeout : 300 - Cache : 1
URL CALLED : https://api.openweathermap.org/data/2.5/forecast/daily?q=Brussels,be&units=metric&cnt=4&appid=ea18c0706135505149200c3836f29800
-------------------------
________________________________________________
|             CALL API : START                |
________________________________________________

Informations : 
Called API: meteo - 30 September 2024, 21:00
Method: GETMETEO - Timeout : 300 - Cache : 1
URL CALLED : https://api.openweathermap.org/data/2.5/forecast/daily?q=Brussels,be&units=metric&cnt=4&appid=ea18c0706135505149200c3836f29800
-------------------------
{"city":{"id":2800866,"name":"Brussels","coord":{"lon":4.3488,"lat":50.8504},"country":"BE","population":1019022,"timezone":7200},"cod":"200","message":0.4301716,"cnt":4,"list":[{"dt":1727694000,"sunrise":1727674903,"sunset":1727716988,"temp":{"day":12.96,"min":8.92,"max":15.15,"night":14.69,"eve":14.97,"morn":10.16},"feels_like":{"day":12.69,"night":14.51,"eve":14.77,"morn":9.32},"pressure":1008,"humidity":91,"weather":[{"id":501,"main":"Rain","description":"moderate rain","icon":"10d"}],"speed":9.6,"deg":214,"gust":16.31,"clouds":100,"pop":1,"rain":5.09},{"dt":1727780400,"sunrise":1727761397,"sunset":1727803253,"temp":{"day":15.89,"min":11.83,"max":16.71,"night":12.35,"eve":13.88,"morn":12.3},"feels_like":{"day":15.26,"night":11.96,"eve":13.26,"morn":11.78},"pressure":1007,"humidity":66,"weather":[{"id":501,"main":"Rain","description":"moderate rain","icon":"10d"}],"speed":8.91,"deg":234,"gust":15.52,"clouds":93,"pop":1,"rain":5.34},{"dt":1727866800,"sunrise":1727847892,"sunset":1727889519,"temp":{"day":13.86,"min":11.72,"max":15.21,"night":11.78,"eve":12.93,"morn":12.36},"feels_like":{"day":13.44,"night":10.89,"eve":12.45,"morn":12.11},"pressure":1010,"humidity":82,"weather":[{"id":500,"main":"Rain","description":"light rain","icon":"10d"}],"speed":6.6,"deg":57,"gust":12.02,"clouds":100,"pop":0.8,"rain":0.66},{"dt":1727953200,"sunrise":1727934387,"sunset":1727975785,"temp":{"day":13.53,"min":7.49,"max":14.49,"night":8.67,"eve":11.32,"morn":7.49},"feels_like":{"day":12.45,"night":6.84,"eve":10.13,"morn":4.59},"pressure":1020,"humidity":58,"weather":[{"id":800,"main":"Clear","description":"sky is clear","icon":"01d"}],"speed":6.22,"deg":54,"gust":12.64,"clouds":5,"pop":0}]}
--- ENF OF RECEIVED DATA ---

{"city":{"id":2800866,"name":"Brussels","coord":{"lon":4.3488,"lat":50.8504},"country":"BE","population":1019022,"timezone":7200},"cod":"200","message":0.4301716,"cnt":4,"list":[{"dt":1727694000,"sunrise":1727674903,"sunset":1727716988,"temp":{"day":12.96,"min":8.92,"max":15.15,"night":14.69,"eve":14.97,"morn":10.16},"feels_like":{"day":12.69,"night":14.51,"eve":14.77,"morn":9.32},"pressure":1008,"humidity":91,"weather":[{"id":501,"main":"Rain","description":"moderate rain","icon":"10d"}],"speed":9.6,"deg":214,"gust":16.31,"clouds":100,"pop":1,"rain":5.09},{"dt":1727780400,"sunrise":1727761397,"sunset":1727803253,"temp":{"day":15.89,"min":11.83,"max":16.71,"night":12.35,"eve":13.88,"morn":12.3},"feels_like":{"day":15.26,"night":11.96,"eve":13.26,"morn":11.78},"pressure":1007,"humidity":66,"weather":[{"id":501,"main":"Rain","description":"moderate rain","icon":"10d"}],"speed":8.91,"deg":234,"gust":15.52,"clouds":93,"pop":1,"rain":5.34},{"dt":1727866800,"sunrise":1727847892,"sunset":1727889519,"temp":{"day":13.86,"min":11.72,"max":15.21,"night":11.78,"eve":12.93,"morn":12.36},"feels_like":{"day":13.44,"night":10.89,"eve":12.45,"morn":12.11},"pressure":1010,"humidity":82,"weather":[{"id":500,"main":"Rain","description":"light rain","icon":"10d"}],"speed":6.6,"deg":57,"gust":12.02,"clouds":100,"pop":0.8,"rain":0.66},{"dt":1727953200,"sunrise":1727934387,"sunset":1727975785,"temp":{"day":13.53,"min":7.49,"max":14.49,"night":8.67,"eve":11.32,"morn":7.49},"feels_like":{"day":12.45,"night":6.84,"eve":10.13,"morn":4.59},"pressure":1020,"humidity":58,"weather":[{"id":800,"main":"Clear","description":"sky is clear","icon":"01d"}],"speed":6.22,"deg":54,"gust":12.64,"clouds":5,"pop":0}]}
--- ENF OF RECEIVED DATA ---

