________________________________________________
|             CALL API : START                |
________________________________________________

Informations : 
Called API: meteo - 24 June 2024, 17:40
Method: GETMETEO - Timeout : 300 - Cache : 1
URL CALLED : https://api.openweathermap.org/data/2.5/forecast/daily?q=Brussels,be&units=metric&cnt=4&appid=ea18c0706135505149200c3836f29800
-------------------------
________________________________________________
|             CALL API : START                |
________________________________________________

Informations : 
Called API: meteo - 24 June 2024, 17:40
Method: GETMETEO - Timeout : 300 - Cache : 1
URL CALLED : https://api.openweathermap.org/data/2.5/forecast/daily?q=Brussels,be&units=metric&cnt=4&appid=ea18c0706135505149200c3836f29800
-------------------------
{"city":{"id":2800866,"name":"Brussels","coord":{"lon":4.3488,"lat":50.8504},"country":"BE","population":1019022,"timezone":7200},"cod":"200","message":0.0498485,"cnt":4,"list":[{"dt":1719226800,"sunrise":1719199784,"sunset":1719259219,"temp":{"day":23.53,"min":13.62,"max":26.26,"night":18.92,"eve":26.05,"morn":15.12},"feels_like":{"day":23.48,"night":18.98,"eve":26.05,"morn":14.91},"pressure":1020,"humidity":59,"weather":[{"id":800,"main":"Clear","description":"sky is clear","icon":"01d"}],"speed":2.97,"deg":87,"gust":4.39,"clouds":3,"pop":0},{"dt":1719313200,"sunrise":1719286207,"sunset":1719345620,"temp":{"day":25.61,"min":15.89,"max":26.81,"night":20.39,"eve":26.2,"morn":16.96},"feels_like":{"day":25.66,"night":20.57,"eve":26.2,"morn":17.01},"pressure":1015,"humidity":55,"weather":[{"id":800,"main":"Clear","description":"sky is clear","icon":"01d"}],"speed":4.41,"deg":72,"gust":7.78,"clouds":1,"pop":0},{"dt":1719399600,"sunrise":1719372633,"sunset":1719432018,"temp":{"day":26.35,"min":17.21,"max":28.19,"night":21.42,"eve":27.91,"morn":18.24},"feels_like":{"day":26.35,"night":21.68,"eve":28.35,"morn":18.39},"pressure":1011,"humidity":54,"weather":[{"id":800,"main":"Clear","description":"sky is clear","icon":"01d"}],"speed":3.31,"deg":69,"gust":5.73,"clouds":9,"pop":0},{"dt":1719486000,"sunrise":1719459061,"sunset":1719518413,"temp":{"day":24.47,"min":17.83,"max":26.16,"night":17.83,"eve":23.24,"morn":19.35},"feels_like":{"day":24.8,"night":17.71,"eve":23.58,"morn":19.59},"pressure":1009,"humidity":70,"weather":[{"id":500,"main":"Rain","description":"light rain","icon":"10d"}],"speed":4.65,"deg":283,"gust":9.86,"clouds":27,"pop":1,"rain":3.27}]}
--- ENF OF RECEIVED DATA ---

{"city":{"id":2800866,"name":"Brussels","coord":{"lon":4.3488,"lat":50.8504},"country":"BE","population":1019022,"timezone":7200},"cod":"200","message":0.0498485,"cnt":4,"list":[{"dt":1719226800,"sunrise":1719199784,"sunset":1719259219,"temp":{"day":23.53,"min":13.62,"max":26.26,"night":18.92,"eve":26.05,"morn":15.12},"feels_like":{"day":23.48,"night":18.98,"eve":26.05,"morn":14.91},"pressure":1020,"humidity":59,"weather":[{"id":800,"main":"Clear","description":"sky is clear","icon":"01d"}],"speed":2.97,"deg":87,"gust":4.39,"clouds":3,"pop":0},{"dt":1719313200,"sunrise":1719286207,"sunset":1719345620,"temp":{"day":25.61,"min":15.89,"max":26.81,"night":20.39,"eve":26.2,"morn":16.96},"feels_like":{"day":25.66,"night":20.57,"eve":26.2,"morn":17.01},"pressure":1015,"humidity":55,"weather":[{"id":800,"main":"Clear","description":"sky is clear","icon":"01d"}],"speed":4.41,"deg":72,"gust":7.78,"clouds":1,"pop":0},{"dt":1719399600,"sunrise":1719372633,"sunset":1719432018,"temp":{"day":26.35,"min":17.21,"max":28.19,"night":21.42,"eve":27.91,"morn":18.24},"feels_like":{"day":26.35,"night":21.68,"eve":28.35,"morn":18.39},"pressure":1011,"humidity":54,"weather":[{"id":800,"main":"Clear","description":"sky is clear","icon":"01d"}],"speed":3.31,"deg":69,"gust":5.73,"clouds":9,"pop":0},{"dt":1719486000,"sunrise":1719459061,"sunset":1719518413,"temp":{"day":24.47,"min":17.83,"max":26.16,"night":17.83,"eve":23.24,"morn":19.35},"feels_like":{"day":24.8,"night":17.71,"eve":23.58,"morn":19.59},"pressure":1009,"humidity":70,"weather":[{"id":500,"main":"Rain","description":"light rain","icon":"10d"}],"speed":4.65,"deg":283,"gust":9.86,"clouds":27,"pop":1,"rain":3.27}]}
--- ENF OF RECEIVED DATA ---

