________________________________________________
|             CALL API : START                |
________________________________________________

Informations : 
Called API: meteo - 10 September 2024, 10:30
Method: GETMETEO - Timeout : 300 - Cache : 1
URL CALLED : https://api.openweathermap.org/data/2.5/forecast/daily?q=Brussels,be&units=metric&cnt=4&appid=ea18c0706135505149200c3836f29800
-------------------------
________________________________________________
|             CALL API : START                |
________________________________________________

Informations : 
Called API: meteo - 10 September 2024, 10:30
Method: GETMETEO - Timeout : 300 - Cache : 1
URL CALLED : https://api.openweathermap.org/data/2.5/forecast/daily?q=Brussels,be&units=metric&cnt=4&appid=ea18c0706135505149200c3836f29800
-------------------------
{"city":{"id":2800866,"name":"Brussels","coord":{"lon":4.3488,"lat":50.8504},"country":"BE","population":1019022,"timezone":7200},"cod":"200","message":0.2539059,"cnt":4,"list":[{"dt":1725966000,"sunrise":1725945046,"sunset":1725991713,"temp":{"day":15.95,"min":12.52,"max":17.58,"night":14.24,"eve":15.53,"morn":12.59},"feels_like":{"day":15.59,"night":14.17,"eve":15.38,"morn":12.25},"pressure":1011,"humidity":76,"weather":[{"id":500,"main":"Rain","description":"light rain","icon":"10d"}],"speed":8.75,"deg":227,"gust":14.82,"clouds":66,"pop":1,"rain":3.6},{"dt":1726052400,"sunrise":1726031538,"sunset":1726077977,"temp":{"day":14.23,"min":9.06,"max":14.76,"night":10.62,"eve":12.85,"morn":9.46},"feels_like":{"day":13.3,"night":9.57,"eve":11.76,"morn":7.15},"pressure":1009,"humidity":61,"weather":[{"id":502,"main":"Rain","description":"heavy intensity rain","icon":"10d"}],"speed":8.58,"deg":219,"gust":16.14,"clouds":14,"pop":1,"rain":11.89},{"dt":1726138800,"sunrise":1726118031,"sunset":1726164242,"temp":{"day":14.16,"min":6.82,"max":14.84,"night":9.32,"eve":12.76,"morn":6.82},"feels_like":{"day":13.15,"night":7.82,"eve":11.81,"morn":4.01},"pressure":1013,"humidity":58,"weather":[{"id":500,"main":"Rain","description":"light rain","icon":"10d"}],"speed":4.85,"deg":284,"gust":10.1,"clouds":17,"pop":1,"rain":2.6},{"dt":1726225200,"sunrise":1726204523,"sunset":1726250506,"temp":{"day":14.86,"min":8.42,"max":15.81,"night":9.92,"eve":11.5,"morn":8.42},"feels_like":{"day":14.12,"night":8.74,"eve":10.56,"morn":7.31},"pressure":1026,"humidity":66,"weather":[{"id":500,"main":"Rain","description":"light rain","icon":"10d"}],"speed":5.35,"deg":340,"gust":6.75,"clouds":43,"pop":1,"rain":1.77}]}
--- ENF OF RECEIVED DATA ---

{"city":{"id":2800866,"name":"Brussels","coord":{"lon":4.3488,"lat":50.8504},"country":"BE","population":1019022,"timezone":7200},"cod":"200","message":0.2539059,"cnt":4,"list":[{"dt":1725966000,"sunrise":1725945046,"sunset":1725991713,"temp":{"day":15.95,"min":12.52,"max":17.58,"night":14.24,"eve":15.53,"morn":12.59},"feels_like":{"day":15.59,"night":14.17,"eve":15.38,"morn":12.25},"pressure":1011,"humidity":76,"weather":[{"id":500,"main":"Rain","description":"light rain","icon":"10d"}],"speed":8.75,"deg":227,"gust":14.82,"clouds":66,"pop":1,"rain":3.6},{"dt":1726052400,"sunrise":1726031538,"sunset":1726077977,"temp":{"day":14.23,"min":9.06,"max":14.76,"night":10.62,"eve":12.85,"morn":9.46},"feels_like":{"day":13.3,"night":9.57,"eve":11.76,"morn":7.15},"pressure":1009,"humidity":61,"weather":[{"id":502,"main":"Rain","description":"heavy intensity rain","icon":"10d"}],"speed":8.58,"deg":219,"gust":16.14,"clouds":14,"pop":1,"rain":11.89},{"dt":1726138800,"sunrise":1726118031,"sunset":1726164242,"temp":{"day":14.16,"min":6.82,"max":14.84,"night":9.32,"eve":12.76,"morn":6.82},"feels_like":{"day":13.15,"night":7.82,"eve":11.81,"morn":4.01},"pressure":1013,"humidity":58,"weather":[{"id":500,"main":"Rain","description":"light rain","icon":"10d"}],"speed":4.85,"deg":284,"gust":10.1,"clouds":17,"pop":1,"rain":2.6},{"dt":1726225200,"sunrise":1726204523,"sunset":1726250506,"temp":{"day":14.86,"min":8.42,"max":15.81,"night":9.92,"eve":11.5,"morn":8.42},"feels_like":{"day":14.12,"night":8.74,"eve":10.56,"morn":7.31},"pressure":1026,"humidity":66,"weather":[{"id":500,"main":"Rain","description":"light rain","icon":"10d"}],"speed":5.35,"deg":340,"gust":6.75,"clouds":43,"pop":1,"rain":1.77}]}
--- ENF OF RECEIVED DATA ---

