________________________________________________
|             CALL API : START                |
________________________________________________

Informations : 
Called API: meteo - 8 June 2023, 12:50
Method: GETMETEO - Timeout : 300 - Cache : 1
URL CALLED : https://api.openweathermap.org/data/2.5/forecast/daily?q=Brussels,be&units=metric&cnt=4&appid=ea18c0706135505149200c3836f29800
-------------------------
________________________________________________
|             CALL API : START                |
________________________________________________

Informations : 
Called API: meteo - 8 June 2023, 12:50
Method: GETMETEO - Timeout : 300 - Cache : 1
URL CALLED : https://api.openweathermap.org/data/2.5/forecast/daily?q=Brussels,be&units=metric&cnt=4&appid=ea18c0706135505149200c3836f29800
-------------------------
{"city":{"id":2800866,"name":"Brussels","coord":{"lon":4.3488,"lat":50.8504},"country":"BE","population":1019022,"timezone":7200},"cod":"200","message":0.0570491,"cnt":4,"list":[{"dt":1686222000,"sunrise":1686195032,"sunset":1686253974,"temp":{"day":22.53,"min":11.93,"max":25.07,"night":17.87,"eve":21.95,"morn":12.65},"feels_like":{"day":22.48,"night":17.83,"eve":21.82,"morn":12.45},"pressure":1017,"humidity":63,"weather":[{"id":500,"main":"Rain","description":"light rain","icon":"10d"}],"speed":5.15,"deg":61,"gust":10.45,"clouds":0,"pop":0.36,"rain":0.13},{"dt":1686308400,"sunrise":1686281406,"sunset":1686340422,"temp":{"day":25.83,"min":13.61,"max":27.66,"night":20.83,"eve":26.27,"morn":14.53},"feels_like":{"day":25.75,"night":20.67,"eve":26.27,"morn":14.41},"pressure":1013,"humidity":49,"weather":[{"id":800,"main":"Clear","description":"sky is clear","icon":"01d"}],"speed":5.45,"deg":91,"gust":11.26,"clouds":0,"pop":0.17},{"dt":1686394800,"sunrise":1686367783,"sunset":1686426867,"temp":{"day":27.53,"min":16.32,"max":28.21,"night":22.19,"eve":25.64,"morn":17.08},"feels_like":{"day":27.1,"night":21.87,"eve":25.49,"morn":16.72},"pressure":1014,"humidity":37,"weather":[{"id":801,"main":"Clouds","description":"few clouds","icon":"02d"}],"speed":5.78,"deg":103,"gust":11.82,"clouds":12,"pop":0},{"dt":1686481200,"sunrise":1686454162,"sunset":1686513310,"temp":{"day":27.12,"min":16.95,"max":27.85,"night":23.09,"eve":25.14,"morn":19.23},"feels_like":{"day":27.11,"night":22.84,"eve":25.15,"morn":19.09},"pressure":1016,"humidity":43,"weather":[{"id":802,"main":"Clouds","description":"scattered clouds","icon":"03d"}],"speed":5.34,"deg":100,"gust":10.99,"clouds":43,"pop":0.13}]}
--- ENF OF RECEIVED DATA ---

{"city":{"id":2800866,"name":"Brussels","coord":{"lon":4.3488,"lat":50.8504},"country":"BE","population":1019022,"timezone":7200},"cod":"200","message":0.0570491,"cnt":4,"list":[{"dt":1686222000,"sunrise":1686195032,"sunset":1686253974,"temp":{"day":22.53,"min":11.93,"max":25.07,"night":17.87,"eve":21.95,"morn":12.65},"feels_like":{"day":22.48,"night":17.83,"eve":21.82,"morn":12.45},"pressure":1017,"humidity":63,"weather":[{"id":500,"main":"Rain","description":"light rain","icon":"10d"}],"speed":5.15,"deg":61,"gust":10.45,"clouds":0,"pop":0.36,"rain":0.13},{"dt":1686308400,"sunrise":1686281406,"sunset":1686340422,"temp":{"day":25.83,"min":13.61,"max":27.66,"night":20.83,"eve":26.27,"morn":14.53},"feels_like":{"day":25.75,"night":20.67,"eve":26.27,"morn":14.41},"pressure":1013,"humidity":49,"weather":[{"id":800,"main":"Clear","description":"sky is clear","icon":"01d"}],"speed":5.45,"deg":91,"gust":11.26,"clouds":0,"pop":0.17},{"dt":1686394800,"sunrise":1686367783,"sunset":1686426867,"temp":{"day":27.53,"min":16.32,"max":28.21,"night":22.19,"eve":25.64,"morn":17.08},"feels_like":{"day":27.1,"night":21.87,"eve":25.49,"morn":16.72},"pressure":1014,"humidity":37,"weather":[{"id":801,"main":"Clouds","description":"few clouds","icon":"02d"}],"speed":5.78,"deg":103,"gust":11.82,"clouds":12,"pop":0},{"dt":1686481200,"sunrise":1686454162,"sunset":1686513310,"temp":{"day":27.12,"min":16.95,"max":27.85,"night":23.09,"eve":25.14,"morn":19.23},"feels_like":{"day":27.11,"night":22.84,"eve":25.15,"morn":19.09},"pressure":1016,"humidity":43,"weather":[{"id":802,"main":"Clouds","description":"scattered clouds","icon":"03d"}],"speed":5.34,"deg":100,"gust":10.99,"clouds":43,"pop":0.13}]}
--- ENF OF RECEIVED DATA ---

