________________________________________________
|             CALL API : START                |
________________________________________________

Informations : 
Called API: meteo - 11 September 2023, 12:30
Method: GETMETEO - Timeout : 300 - Cache : 1
URL CALLED : https://api.openweathermap.org/data/2.5/forecast/daily?q=Brussels,be&units=metric&cnt=4&appid=ea18c0706135505149200c3836f29800
-------------------------
________________________________________________
|             CALL API : START                |
________________________________________________

Informations : 
Called API: meteo - 11 September 2023, 12:30
Method: GETMETEO - Timeout : 300 - Cache : 1
URL CALLED : https://api.openweathermap.org/data/2.5/forecast/daily?q=Brussels,be&units=metric&cnt=4&appid=ea18c0706135505149200c3836f29800
-------------------------
{"city":{"id":2800866,"name":"Brussels","coord":{"lon":4.3488,"lat":50.8504},"country":"BE","population":1019022,"timezone":7200},"cod":"200","message":2.2458947,"cnt":4,"list":[{"dt":1694430000,"sunrise":1694409070,"sunset":1694455678,"temp":{"day":26.28,"min":19.32,"max":28.45,"night":19.32,"eve":24.54,"morn":19.5},"feels_like":{"day":26.28,"night":19.58,"eve":24.77,"morn":19.36},"pressure":1014,"humidity":61,"weather":[{"id":501,"main":"Rain","description":"moderate rain","icon":"10d"}],"speed":3.23,"deg":345,"gust":5.89,"clouds":8,"pop":0.89,"rain":4.01},{"dt":1694516400,"sunrise":1694495562,"sunset":1694541943,"temp":{"day":24.24,"min":16.82,"max":25.29,"night":17.86,"eve":18.8,"morn":16.82},"feels_like":{"day":24.13,"night":18.18,"eve":19.09,"morn":16.88},"pressure":1013,"humidity":54,"weather":[{"id":501,"main":"Rain","description":"moderate rain","icon":"10d"}],"speed":3.3,"deg":225,"gust":6.15,"clouds":88,"pop":0.97,"rain":7.67},{"dt":1694602800,"sunrise":1694582054,"sunset":1694628207,"temp":{"day":17.74,"min":16.53,"max":18.53,"night":16.67,"eve":18.13,"morn":16.53},"feels_like":{"day":17.76,"night":16.32,"eve":17.98,"morn":16.59},"pressure":1021,"humidity":84,"weather":[{"id":500,"main":"Rain","description":"light rain","icon":"10d"}],"speed":4,"deg":55,"gust":7.53,"clouds":100,"pop":0.75,"rain":0.11},{"dt":1694689200,"sunrise":1694668546,"sunset":1694714471,"temp":{"day":22.89,"min":15.36,"max":23.28,"night":17.19,"eve":19.67,"morn":15.36},"feels_like":{"day":22.46,"night":16.66,"eve":19.18,"morn":14.88},"pressure":1021,"humidity":47,"weather":[{"id":802,"main":"Clouds","description":"scattered clouds","icon":"03d"}],"speed":3.17,"deg":116,"gust":6.17,"clouds":32,"pop":0}]}
--- ENF OF RECEIVED DATA ---

{"city":{"id":2800866,"name":"Brussels","coord":{"lon":4.3488,"lat":50.8504},"country":"BE","population":1019022,"timezone":7200},"cod":"200","message":2.2458947,"cnt":4,"list":[{"dt":1694430000,"sunrise":1694409070,"sunset":1694455678,"temp":{"day":26.28,"min":19.32,"max":28.45,"night":19.32,"eve":24.54,"morn":19.5},"feels_like":{"day":26.28,"night":19.58,"eve":24.77,"morn":19.36},"pressure":1014,"humidity":61,"weather":[{"id":501,"main":"Rain","description":"moderate rain","icon":"10d"}],"speed":3.23,"deg":345,"gust":5.89,"clouds":8,"pop":0.89,"rain":4.01},{"dt":1694516400,"sunrise":1694495562,"sunset":1694541943,"temp":{"day":24.24,"min":16.82,"max":25.29,"night":17.86,"eve":18.8,"morn":16.82},"feels_like":{"day":24.13,"night":18.18,"eve":19.09,"morn":16.88},"pressure":1013,"humidity":54,"weather":[{"id":501,"main":"Rain","description":"moderate rain","icon":"10d"}],"speed":3.3,"deg":225,"gust":6.15,"clouds":88,"pop":0.97,"rain":7.67},{"dt":1694602800,"sunrise":1694582054,"sunset":1694628207,"temp":{"day":17.74,"min":16.53,"max":18.53,"night":16.67,"eve":18.13,"morn":16.53},"feels_like":{"day":17.76,"night":16.32,"eve":17.98,"morn":16.59},"pressure":1021,"humidity":84,"weather":[{"id":500,"main":"Rain","description":"light rain","icon":"10d"}],"speed":4,"deg":55,"gust":7.53,"clouds":100,"pop":0.75,"rain":0.11},{"dt":1694689200,"sunrise":1694668546,"sunset":1694714471,"temp":{"day":22.89,"min":15.36,"max":23.28,"night":17.19,"eve":19.67,"morn":15.36},"feels_like":{"day":22.46,"night":16.66,"eve":19.18,"morn":14.88},"pressure":1021,"humidity":47,"weather":[{"id":802,"main":"Clouds","description":"scattered clouds","icon":"03d"}],"speed":3.17,"deg":116,"gust":6.17,"clouds":32,"pop":0}]}
--- ENF OF RECEIVED DATA ---

