________________________________________________
|             CALL API : START                |
________________________________________________

Informations : 
Called API: meteo - 9 November 2023, 07:50
Method: GETMETEO - Timeout : 300 - Cache : 1
URL CALLED : https://api.openweathermap.org/data/2.5/forecast/daily?q=Brussels,be&units=metric&cnt=4&appid=ea18c0706135505149200c3836f29800
-------------------------
________________________________________________
|             CALL API : START                |
________________________________________________

Informations : 
Called API: meteo - 9 November 2023, 07:50
Method: GETMETEO - Timeout : 300 - Cache : 1
URL CALLED : https://api.openweathermap.org/data/2.5/forecast/daily?q=Brussels,be&units=metric&cnt=4&appid=ea18c0706135505149200c3836f29800
-------------------------
{"city":{"id":2800866,"name":"Brussels","coord":{"lon":4.3488,"lat":50.8504},"country":"BE","population":1019022,"timezone":3600},"cod":"200","message":0.0856857,"cnt":4,"list":[{"dt":1699527600,"sunrise":1699512444,"sunset":1699545927,"temp":{"day":10.82,"min":6.92,"max":11.52,"night":6.92,"eve":7.7,"morn":9.4},"feels_like":{"day":10.05,"night":2.72,"eve":3.94,"morn":6.61},"pressure":1002,"humidity":80,"weather":[{"id":500,"main":"Rain","description":"light rain","icon":"10d"}],"speed":10.03,"deg":235,"gust":17.88,"clouds":91,"pop":1,"rain":5.03},{"dt":1699614000,"sunrise":1699598948,"sunset":1699632236,"temp":{"day":9.49,"min":6.42,"max":9.49,"night":7.39,"eve":8.3,"morn":6.54},"feels_like":{"day":6.11,"night":3.52,"eve":5.39,"morn":2.08},"pressure":998,"humidity":85,"weather":[{"id":501,"main":"Rain","description":"moderate rain","icon":"10d"}],"speed":10.18,"deg":214,"gust":16.23,"clouds":100,"pop":1,"rain":18.26},{"dt":1699700400,"sunrise":1699685451,"sunset":1699718546,"temp":{"day":7.81,"min":5.32,"max":9.93,"night":6.41,"eve":8.3,"morn":5.56},"feels_like":{"day":4.42,"night":4.43,"eve":6.07,"morn":1.68},"pressure":1007,"humidity":84,"weather":[{"id":500,"main":"Rain","description":"light rain","icon":"10d"}],"speed":6.13,"deg":258,"gust":12.68,"clouds":78,"pop":0.79,"rain":0.4},{"dt":1699786800,"sunrise":1699771953,"sunset":1699804859,"temp":{"day":8.96,"min":3.98,"max":8.96,"night":6.34,"eve":7.14,"morn":3.98},"feels_like":{"day":7.82,"night":4.26,"eve":5.74,"morn":2.36},"pressure":1006,"humidity":73,"weather":[{"id":804,"main":"Clouds","description":"overcast clouds","icon":"04d"}],"speed":3.02,"deg":208,"gust":5.98,"clouds":95,"pop":0}]}
--- ENF OF RECEIVED DATA ---

{"city":{"id":2800866,"name":"Brussels","coord":{"lon":4.3488,"lat":50.8504},"country":"BE","population":1019022,"timezone":3600},"cod":"200","message":0.0856857,"cnt":4,"list":[{"dt":1699527600,"sunrise":1699512444,"sunset":1699545927,"temp":{"day":10.82,"min":6.92,"max":11.52,"night":6.92,"eve":7.7,"morn":9.4},"feels_like":{"day":10.05,"night":2.72,"eve":3.94,"morn":6.61},"pressure":1002,"humidity":80,"weather":[{"id":500,"main":"Rain","description":"light rain","icon":"10d"}],"speed":10.03,"deg":235,"gust":17.88,"clouds":91,"pop":1,"rain":5.03},{"dt":1699614000,"sunrise":1699598948,"sunset":1699632236,"temp":{"day":9.49,"min":6.42,"max":9.49,"night":7.39,"eve":8.3,"morn":6.54},"feels_like":{"day":6.11,"night":3.52,"eve":5.39,"morn":2.08},"pressure":998,"humidity":85,"weather":[{"id":501,"main":"Rain","description":"moderate rain","icon":"10d"}],"speed":10.18,"deg":214,"gust":16.23,"clouds":100,"pop":1,"rain":18.26},{"dt":1699700400,"sunrise":1699685451,"sunset":1699718546,"temp":{"day":7.81,"min":5.32,"max":9.93,"night":6.41,"eve":8.3,"morn":5.56},"feels_like":{"day":4.42,"night":4.43,"eve":6.07,"morn":1.68},"pressure":1007,"humidity":84,"weather":[{"id":500,"main":"Rain","description":"light rain","icon":"10d"}],"speed":6.13,"deg":258,"gust":12.68,"clouds":78,"pop":0.79,"rain":0.4},{"dt":1699786800,"sunrise":1699771953,"sunset":1699804859,"temp":{"day":8.96,"min":3.98,"max":8.96,"night":6.34,"eve":7.14,"morn":3.98},"feels_like":{"day":7.82,"night":4.26,"eve":5.74,"morn":2.36},"pressure":1006,"humidity":73,"weather":[{"id":804,"main":"Clouds","description":"overcast clouds","icon":"04d"}],"speed":3.02,"deg":208,"gust":5.98,"clouds":95,"pop":0}]}
--- ENF OF RECEIVED DATA ---

