________________________________________________
|             CALL API : START                |
________________________________________________

Informations : 
Called API: meteo - 19 June 2024, 08:40
Method: GETMETEO - Timeout : 300 - Cache : 1
URL CALLED : https://api.openweathermap.org/data/2.5/forecast/daily?q=Brussels,be&units=metric&cnt=4&appid=ea18c0706135505149200c3836f29800
-------------------------
________________________________________________
|             CALL API : START                |
________________________________________________

Informations : 
Called API: meteo - 19 June 2024, 08:40
Method: GETMETEO - Timeout : 300 - Cache : 1
URL CALLED : https://api.openweathermap.org/data/2.5/forecast/daily?q=Brussels,be&units=metric&cnt=4&appid=ea18c0706135505149200c3836f29800
-------------------------
{"city":{"id":2800866,"name":"Brussels","coord":{"lon":4.3488,"lat":50.8504},"country":"BE","population":1019022,"timezone":7200},"cod":"200","message":0.0376597,"cnt":4,"list":[{"dt":1718794800,"sunrise":1718767712,"sunset":1718827170,"temp":{"day":18.81,"min":13.41,"max":21.29,"night":14.22,"eve":19.93,"morn":14.33},"feels_like":{"day":18.5,"night":13.89,"eve":19.62,"morn":14.27},"pressure":1018,"humidity":67,"weather":[{"id":500,"main":"Rain","description":"light rain","icon":"10d"}],"speed":4.88,"deg":26,"gust":8.38,"clouds":90,"pop":1,"rain":0.88},{"dt":1718881200,"sunrise":1718854121,"sunset":1718913586,"temp":{"day":20.9,"min":11.52,"max":22.87,"night":18.3,"eve":21.83,"morn":12.57},"feels_like":{"day":20.74,"night":18.43,"eve":21.95,"morn":12.23},"pressure":1019,"humidity":65,"weather":[{"id":500,"main":"Rain","description":"light rain","icon":"10d"}],"speed":5.27,"deg":70,"gust":8.76,"clouds":82,"pop":0.2,"rain":0.12},{"dt":1718967600,"sunrise":1718940532,"sunset":1718999999,"temp":{"day":18.04,"min":14.36,"max":19.98,"night":14.36,"eve":18.64,"morn":17.44},"feels_like":{"day":18.25,"night":14.15,"eve":18.52,"morn":17.69},"pressure":1010,"humidity":90,"weather":[{"id":501,"main":"Rain","description":"moderate rain","icon":"10d"}],"speed":8.63,"deg":282,"gust":12.38,"clouds":94,"pop":1,"rain":6.9},{"dt":1719054000,"sunrise":1719026947,"sunset":1719086409,"temp":{"day":13.08,"min":12.21,"max":16.87,"night":13.35,"eve":16.83,"morn":13.21},"feels_like":{"day":12.92,"night":13.17,"eve":16.76,"morn":12.78},"pressure":1014,"humidity":95,"weather":[{"id":500,"main":"Rain","description":"light rain","icon":"10d"}],"speed":4.41,"deg":225,"gust":10.29,"clouds":100,"pop":1,"rain":5}]}
--- ENF OF RECEIVED DATA ---

{"city":{"id":2800866,"name":"Brussels","coord":{"lon":4.3488,"lat":50.8504},"country":"BE","population":1019022,"timezone":7200},"cod":"200","message":0.0376597,"cnt":4,"list":[{"dt":1718794800,"sunrise":1718767712,"sunset":1718827170,"temp":{"day":18.81,"min":13.41,"max":21.29,"night":14.22,"eve":19.93,"morn":14.33},"feels_like":{"day":18.5,"night":13.89,"eve":19.62,"morn":14.27},"pressure":1018,"humidity":67,"weather":[{"id":500,"main":"Rain","description":"light rain","icon":"10d"}],"speed":4.88,"deg":26,"gust":8.38,"clouds":90,"pop":1,"rain":0.88},{"dt":1718881200,"sunrise":1718854121,"sunset":1718913586,"temp":{"day":20.9,"min":11.52,"max":22.87,"night":18.3,"eve":21.83,"morn":12.57},"feels_like":{"day":20.74,"night":18.43,"eve":21.95,"morn":12.23},"pressure":1019,"humidity":65,"weather":[{"id":500,"main":"Rain","description":"light rain","icon":"10d"}],"speed":5.27,"deg":70,"gust":8.76,"clouds":82,"pop":0.2,"rain":0.12},{"dt":1718967600,"sunrise":1718940532,"sunset":1718999999,"temp":{"day":18.04,"min":14.36,"max":19.98,"night":14.36,"eve":18.64,"morn":17.44},"feels_like":{"day":18.25,"night":14.15,"eve":18.52,"morn":17.69},"pressure":1010,"humidity":90,"weather":[{"id":501,"main":"Rain","description":"moderate rain","icon":"10d"}],"speed":8.63,"deg":282,"gust":12.38,"clouds":94,"pop":1,"rain":6.9},{"dt":1719054000,"sunrise":1719026947,"sunset":1719086409,"temp":{"day":13.08,"min":12.21,"max":16.87,"night":13.35,"eve":16.83,"morn":13.21},"feels_like":{"day":12.92,"night":13.17,"eve":16.76,"morn":12.78},"pressure":1014,"humidity":95,"weather":[{"id":500,"main":"Rain","description":"light rain","icon":"10d"}],"speed":4.41,"deg":225,"gust":10.29,"clouds":100,"pop":1,"rain":5}]}
--- ENF OF RECEIVED DATA ---

