________________________________________________
|             CALL API : START                |
________________________________________________

Informations : 
Called API: meteo - 28 February 2024, 00:30
Method: GETMETEO - Timeout : 300 - Cache : 1
URL CALLED : https://api.openweathermap.org/data/2.5/forecast/daily?q=Brussels,be&units=metric&cnt=4&appid=ea18c0706135505149200c3836f29800
-------------------------
________________________________________________
|             CALL API : START                |
________________________________________________

Informations : 
Called API: meteo - 28 February 2024, 00:30
Method: GETMETEO - Timeout : 300 - Cache : 1
URL CALLED : https://api.openweathermap.org/data/2.5/forecast/daily?q=Brussels,be&units=metric&cnt=4&appid=ea18c0706135505149200c3836f29800
-------------------------
{"city":{"id":2800866,"name":"Brussels","coord":{"lon":4.3488,"lat":50.8504},"country":"BE","population":1019022,"timezone":3600},"cod":"200","message":0.3073849,"cnt":4,"list":[{"dt":1709118000,"sunrise":1709101845,"sunset":1709140809,"temp":{"day":6.35,"min":2.26,"max":10.09,"night":5.94,"eve":8.27,"morn":2.64},"feels_like":{"day":3.87,"night":2.26,"eve":5.86,"morn":0.17},"pressure":1022,"humidity":79,"weather":[{"id":804,"main":"Clouds","description":"overcast clouds","icon":"04d"}],"speed":5.57,"deg":194,"gust":13.11,"clouds":100,"pop":0},{"dt":1709204400,"sunrise":1709188119,"sunset":1709227312,"temp":{"day":7.02,"min":6.17,"max":8.1,"night":8.1,"eve":7.5,"morn":7.36},"feels_like":{"day":3.11,"night":4.39,"eve":3.86,"morn":3.54},"pressure":1008,"humidity":87,"weather":[{"id":500,"main":"Rain","description":"light rain","icon":"10d"}],"speed":7.36,"deg":187,"gust":15.42,"clouds":100,"pop":0.88,"rain":5.06},{"dt":1709290800,"sunrise":1709274392,"sunset":1709313815,"temp":{"day":8.23,"min":4.36,"max":8.34,"night":6.89,"eve":7.89,"morn":4.99},"feels_like":{"day":3.74,"night":3.44,"eve":4.32,"morn":0.95},"pressure":1001,"humidity":68,"weather":[{"id":500,"main":"Rain","description":"light rain","icon":"10d"}],"speed":10.56,"deg":182,"gust":18.95,"clouds":34,"pop":0.93,"rain":2.13},{"dt":1709377200,"sunrise":1709360665,"sunset":1709400318,"temp":{"day":8.9,"min":5.32,"max":9.07,"night":6.95,"eve":7.13,"morn":5.32},"feels_like":{"day":6.09,"night":4.42,"eve":7.13,"morn":0.88},"pressure":1003,"humidity":61,"weather":[{"id":500,"main":"Rain","description":"light rain","icon":"10d"}],"speed":7.13,"deg":197,"gust":14.37,"clouds":74,"pop":0.95,"rain":0.91}]}
--- ENF OF RECEIVED DATA ---

{"city":{"id":2800866,"name":"Brussels","coord":{"lon":4.3488,"lat":50.8504},"country":"BE","population":1019022,"timezone":3600},"cod":"200","message":0.3073849,"cnt":4,"list":[{"dt":1709118000,"sunrise":1709101845,"sunset":1709140809,"temp":{"day":6.35,"min":2.26,"max":10.09,"night":5.94,"eve":8.27,"morn":2.64},"feels_like":{"day":3.87,"night":2.26,"eve":5.86,"morn":0.17},"pressure":1022,"humidity":79,"weather":[{"id":804,"main":"Clouds","description":"overcast clouds","icon":"04d"}],"speed":5.57,"deg":194,"gust":13.11,"clouds":100,"pop":0},{"dt":1709204400,"sunrise":1709188119,"sunset":1709227312,"temp":{"day":7.02,"min":6.17,"max":8.1,"night":8.1,"eve":7.5,"morn":7.36},"feels_like":{"day":3.11,"night":4.39,"eve":3.86,"morn":3.54},"pressure":1008,"humidity":87,"weather":[{"id":500,"main":"Rain","description":"light rain","icon":"10d"}],"speed":7.36,"deg":187,"gust":15.42,"clouds":100,"pop":0.88,"rain":5.06},{"dt":1709290800,"sunrise":1709274392,"sunset":1709313815,"temp":{"day":8.23,"min":4.36,"max":8.34,"night":6.89,"eve":7.89,"morn":4.99},"feels_like":{"day":3.74,"night":3.44,"eve":4.32,"morn":0.95},"pressure":1001,"humidity":68,"weather":[{"id":500,"main":"Rain","description":"light rain","icon":"10d"}],"speed":10.56,"deg":182,"gust":18.95,"clouds":34,"pop":0.93,"rain":2.13},{"dt":1709377200,"sunrise":1709360665,"sunset":1709400318,"temp":{"day":8.9,"min":5.32,"max":9.07,"night":6.95,"eve":7.13,"morn":5.32},"feels_like":{"day":6.09,"night":4.42,"eve":7.13,"morn":0.88},"pressure":1003,"humidity":61,"weather":[{"id":500,"main":"Rain","description":"light rain","icon":"10d"}],"speed":7.13,"deg":197,"gust":14.37,"clouds":74,"pop":0.95,"rain":0.91}]}
--- ENF OF RECEIVED DATA ---

