________________________________________________
|             CALL API : START                |
________________________________________________

Informations : 
Called API: meteo - 24 February 2025, 20:20
Method: GETMETEO - Timeout : 300 - Cache : 1
URL CALLED : https://api.openweathermap.org/data/2.5/forecast/daily?q=Brussels,be&units=metric&cnt=4&appid=ea18c0706135505149200c3836f29800
-------------------------
________________________________________________
|             CALL API : START                |
________________________________________________

Informations : 
Called API: meteo - 24 February 2025, 20:20
Method: GETMETEO - Timeout : 300 - Cache : 1
URL CALLED : https://api.openweathermap.org/data/2.5/forecast/daily?q=Brussels,be&units=metric&cnt=4&appid=ea18c0706135505149200c3836f29800
-------------------------
{"city":{"id":2800866,"name":"Brussels","coord":{"lon":4.3488,"lat":50.8504},"country":"BE","population":1019022,"timezone":3600},"cod":"200","message":0.965002,"cnt":4,"list":[{"dt":1740394800,"sunrise":1740379048,"sunset":1740417270,"temp":{"day":12.6,"min":8.87,"max":12.6,"night":8.87,"eve":10.28,"morn":10.8},"feels_like":{"day":11.61,"night":6.12,"eve":9.64,"morn":9.71},"pressure":1015,"humidity":65,"weather":[{"id":500,"main":"Rain","description":"light rain","icon":"10d"}],"speed":9.41,"deg":209,"gust":18.12,"clouds":100,"pop":1,"rain":1.66},{"dt":1740481200,"sunrise":1740465325,"sunset":1740503774,"temp":{"day":9.11,"min":5.51,"max":9.43,"night":6.77,"eve":7.61,"morn":5.58},"feels_like":{"day":8.69,"night":4.01,"eve":4.86,"morn":3.34},"pressure":1012,"humidity":86,"weather":[{"id":501,"main":"Rain","description":"moderate rain","icon":"10d"}],"speed":5.23,"deg":330,"gust":11.15,"clouds":96,"pop":1,"rain":6.07},{"dt":1740567600,"sunrise":1740551602,"sunset":1740590278,"temp":{"day":8.49,"min":3.22,"max":10.15,"night":6.66,"eve":8.31,"morn":3.71},"feels_like":{"day":5.76,"night":2.63,"eve":5.04,"morn":0.73},"pressure":1019,"humidity":67,"weather":[{"id":501,"main":"Rain","description":"moderate rain","icon":"10d"}],"speed":8.64,"deg":204,"gust":15.26,"clouds":5,"pop":1,"rain":2.89},{"dt":1740654000,"sunrise":1740637877,"sunset":1740676782,"temp":{"day":5.18,"min":4.34,"max":6.88,"night":4.73,"eve":5.78,"morn":4.56},"feels_like":{"day":1.12,"night":0.65,"eve":1.76,"morn":0.78},"pressure":1016,"humidity":93,"weather":[{"id":501,"main":"Rain","description":"moderate rain","icon":"10d"}],"speed":7.26,"deg":289,"gust":12.11,"clouds":100,"pop":1,"rain":6.53}]}
--- ENF OF RECEIVED DATA ---

{"city":{"id":2800866,"name":"Brussels","coord":{"lon":4.3488,"lat":50.8504},"country":"BE","population":1019022,"timezone":3600},"cod":"200","message":0.965002,"cnt":4,"list":[{"dt":1740394800,"sunrise":1740379048,"sunset":1740417270,"temp":{"day":12.6,"min":8.87,"max":12.6,"night":8.87,"eve":10.28,"morn":10.8},"feels_like":{"day":11.61,"night":6.12,"eve":9.64,"morn":9.71},"pressure":1015,"humidity":65,"weather":[{"id":500,"main":"Rain","description":"light rain","icon":"10d"}],"speed":9.41,"deg":209,"gust":18.12,"clouds":100,"pop":1,"rain":1.66},{"dt":1740481200,"sunrise":1740465325,"sunset":1740503774,"temp":{"day":9.11,"min":5.51,"max":9.43,"night":6.77,"eve":7.61,"morn":5.58},"feels_like":{"day":8.69,"night":4.01,"eve":4.86,"morn":3.34},"pressure":1012,"humidity":86,"weather":[{"id":501,"main":"Rain","description":"moderate rain","icon":"10d"}],"speed":5.23,"deg":330,"gust":11.15,"clouds":96,"pop":1,"rain":6.07},{"dt":1740567600,"sunrise":1740551602,"sunset":1740590278,"temp":{"day":8.49,"min":3.22,"max":10.15,"night":6.66,"eve":8.31,"morn":3.71},"feels_like":{"day":5.76,"night":2.63,"eve":5.04,"morn":0.73},"pressure":1019,"humidity":67,"weather":[{"id":501,"main":"Rain","description":"moderate rain","icon":"10d"}],"speed":8.64,"deg":204,"gust":15.26,"clouds":5,"pop":1,"rain":2.89},{"dt":1740654000,"sunrise":1740637877,"sunset":1740676782,"temp":{"day":5.18,"min":4.34,"max":6.88,"night":4.73,"eve":5.78,"morn":4.56},"feels_like":{"day":1.12,"night":0.65,"eve":1.76,"morn":0.78},"pressure":1016,"humidity":93,"weather":[{"id":501,"main":"Rain","description":"moderate rain","icon":"10d"}],"speed":7.26,"deg":289,"gust":12.11,"clouds":100,"pop":1,"rain":6.53}]}
--- ENF OF RECEIVED DATA ---

