________________________________________________
|             CALL API : START                |
________________________________________________

Informations : 
Called API: meteo - 23 February 2024, 01:40
Method: GETMETEO - Timeout : 300 - Cache : 1
URL CALLED : https://api.openweathermap.org/data/2.5/forecast/daily?q=Brussels,be&units=metric&cnt=4&appid=ea18c0706135505149200c3836f29800
-------------------------
________________________________________________
|             CALL API : START                |
________________________________________________

Informations : 
Called API: meteo - 23 February 2024, 01:40
Method: GETMETEO - Timeout : 300 - Cache : 1
URL CALLED : https://api.openweathermap.org/data/2.5/forecast/daily?q=Brussels,be&units=metric&cnt=4&appid=ea18c0706135505149200c3836f29800
-------------------------
{"city":{"id":2800866,"name":"Brussels","coord":{"lon":4.3488,"lat":50.8504},"country":"BE","population":1019022,"timezone":3600},"cod":"200","message":9.1480932,"cnt":4,"list":[{"dt":1708686000,"sunrise":1708670461,"sunset":1708708287,"temp":{"day":5.65,"min":4.65,"max":8.64,"night":5.24,"eve":6.53,"morn":4.76},"feels_like":{"day":0.6,"night":1.69,"eve":2.95,"morn":-0.49},"pressure":992,"humidity":82,"weather":[{"id":500,"main":"Rain","description":"light rain","icon":"10d"}],"speed":10.05,"deg":210,"gust":15.9,"clouds":100,"pop":0.5,"rain":0.25},{"dt":1708772400,"sunrise":1708756739,"sunset":1708794792,"temp":{"day":5.43,"min":1.84,"max":6.51,"night":5.6,"eve":5.46,"morn":2.44},"feels_like":{"day":0.84,"night":0.99,"eve":0.76,"morn":-1.7},"pressure":999,"humidity":77,"weather":[{"id":616,"main":"Snow","description":"rain and snow","icon":"13d"}],"speed":8.5,"deg":202,"gust":16.33,"clouds":75,"pop":0.87,"rain":5.22,"snow":2.17},{"dt":1708858800,"sunrise":1708843017,"sunset":1708881297,"temp":{"day":7.32,"min":4.25,"max":7.32,"night":4.25,"eve":5.18,"morn":4.87},"feels_like":{"day":3.97,"night":0.05,"eve":1.01,"morn":1.16},"pressure":998,"humidity":76,"weather":[{"id":500,"main":"Rain","description":"light rain","icon":"10d"}],"speed":7.62,"deg":203,"gust":13.12,"clouds":100,"pop":1,"rain":3.98},{"dt":1708945200,"sunrise":1708929294,"sunset":1708967801,"temp":{"day":5.14,"min":4.95,"max":5.78,"night":5.78,"eve":5.64,"morn":5.2},"feels_like":{"day":0.65,"night":1.42,"eve":1.57,"morn":1.27},"pressure":1001,"humidity":95,"weather":[{"id":501,"main":"Rain","description":"moderate rain","icon":"10d"}],"speed":8.68,"deg":64,"gust":13.84,"clouds":99,"pop":1,"rain":18.79}]}
--- ENF OF RECEIVED DATA ---

{"city":{"id":2800866,"name":"Brussels","coord":{"lon":4.3488,"lat":50.8504},"country":"BE","population":1019022,"timezone":3600},"cod":"200","message":9.1480932,"cnt":4,"list":[{"dt":1708686000,"sunrise":1708670461,"sunset":1708708287,"temp":{"day":5.65,"min":4.65,"max":8.64,"night":5.24,"eve":6.53,"morn":4.76},"feels_like":{"day":0.6,"night":1.69,"eve":2.95,"morn":-0.49},"pressure":992,"humidity":82,"weather":[{"id":500,"main":"Rain","description":"light rain","icon":"10d"}],"speed":10.05,"deg":210,"gust":15.9,"clouds":100,"pop":0.5,"rain":0.25},{"dt":1708772400,"sunrise":1708756739,"sunset":1708794792,"temp":{"day":5.43,"min":1.84,"max":6.51,"night":5.6,"eve":5.46,"morn":2.44},"feels_like":{"day":0.84,"night":0.99,"eve":0.76,"morn":-1.7},"pressure":999,"humidity":77,"weather":[{"id":616,"main":"Snow","description":"rain and snow","icon":"13d"}],"speed":8.5,"deg":202,"gust":16.33,"clouds":75,"pop":0.87,"rain":5.22,"snow":2.17},{"dt":1708858800,"sunrise":1708843017,"sunset":1708881297,"temp":{"day":7.32,"min":4.25,"max":7.32,"night":4.25,"eve":5.18,"morn":4.87},"feels_like":{"day":3.97,"night":0.05,"eve":1.01,"morn":1.16},"pressure":998,"humidity":76,"weather":[{"id":500,"main":"Rain","description":"light rain","icon":"10d"}],"speed":7.62,"deg":203,"gust":13.12,"clouds":100,"pop":1,"rain":3.98},{"dt":1708945200,"sunrise":1708929294,"sunset":1708967801,"temp":{"day":5.14,"min":4.95,"max":5.78,"night":5.78,"eve":5.64,"morn":5.2},"feels_like":{"day":0.65,"night":1.42,"eve":1.57,"morn":1.27},"pressure":1001,"humidity":95,"weather":[{"id":501,"main":"Rain","description":"moderate rain","icon":"10d"}],"speed":8.68,"deg":64,"gust":13.84,"clouds":99,"pop":1,"rain":18.79}]}
--- ENF OF RECEIVED DATA ---

