________________________________________________
|             CALL API : START                |
________________________________________________

Informations : 
Called API: meteo - 9 December 2023, 04:00
Method: GETMETEO - Timeout : 300 - Cache : 1
URL CALLED : https://api.openweathermap.org/data/2.5/forecast/daily?q=Brussels,be&units=metric&cnt=4&appid=ea18c0706135505149200c3836f29800
-------------------------
________________________________________________
|             CALL API : START                |
________________________________________________

Informations : 
Called API: meteo - 9 December 2023, 04:00
Method: GETMETEO - Timeout : 300 - Cache : 1
URL CALLED : https://api.openweathermap.org/data/2.5/forecast/daily?q=Brussels,be&units=metric&cnt=4&appid=ea18c0706135505149200c3836f29800
-------------------------
{"city":{"id":2800866,"name":"Brussels","coord":{"lon":4.3488,"lat":50.8504},"country":"BE","population":1019022,"timezone":3600},"cod":"200","message":0.0493772,"cnt":4,"list":[{"dt":1702119600,"sunrise":1702107153,"sunset":1702136236,"temp":{"day":8.07,"min":6.32,"max":12.44,"night":8.22,"eve":12.44,"morn":6.36},"feels_like":{"day":3.69,"night":4.06,"eve":11.93,"morn":2.72},"pressure":1002,"humidity":88,"weather":[{"id":501,"main":"Rain","description":"moderate rain","icon":"10d"}],"speed":12.67,"deg":194,"gust":21.76,"clouds":100,"pop":1,"rain":7.99},{"dt":1702206000,"sunrise":1702193617,"sunset":1702222624,"temp":{"day":9.06,"min":7.39,"max":11.05,"night":11.05,"eve":9.52,"morn":7.43},"feels_like":{"day":5.46,"night":10.51,"eve":5.41,"morn":3.08},"pressure":1011,"humidity":84,"weather":[{"id":500,"main":"Rain","description":"light rain","icon":"10d"}],"speed":10.78,"deg":209,"gust":19.18,"clouds":45,"pop":1,"rain":1.4},{"dt":1702292400,"sunrise":1702280079,"sunset":1702309015,"temp":{"day":11.12,"min":8.77,"max":11.55,"night":9.32,"eve":8.98,"morn":10.32},"feels_like":{"day":10.35,"night":7.06,"eve":6.72,"morn":9.6},"pressure":1006,"humidity":79,"weather":[{"id":500,"main":"Rain","description":"light rain","icon":"10d"}],"speed":8.5,"deg":250,"gust":15.85,"clouds":69,"pop":0.49,"rain":0.57},{"dt":1702378800,"sunrise":1702366538,"sunset":1702395410,"temp":{"day":12.22,"min":9.37,"max":12.22,"night":9.91,"eve":9.79,"morn":10.32},"feels_like":{"day":11.74,"night":6.72,"eve":7.1,"morn":9.89},"pressure":1003,"humidity":86,"weather":[{"id":501,"main":"Rain","description":"moderate rain","icon":"10d"}],"speed":7.39,"deg":210,"gust":14.46,"clouds":98,"pop":0.72,"rain":4.32}]}
--- ENF OF RECEIVED DATA ---

{"city":{"id":2800866,"name":"Brussels","coord":{"lon":4.3488,"lat":50.8504},"country":"BE","population":1019022,"timezone":3600},"cod":"200","message":0.0493772,"cnt":4,"list":[{"dt":1702119600,"sunrise":1702107153,"sunset":1702136236,"temp":{"day":8.07,"min":6.32,"max":12.44,"night":8.22,"eve":12.44,"morn":6.36},"feels_like":{"day":3.69,"night":4.06,"eve":11.93,"morn":2.72},"pressure":1002,"humidity":88,"weather":[{"id":501,"main":"Rain","description":"moderate rain","icon":"10d"}],"speed":12.67,"deg":194,"gust":21.76,"clouds":100,"pop":1,"rain":7.99},{"dt":1702206000,"sunrise":1702193617,"sunset":1702222624,"temp":{"day":9.06,"min":7.39,"max":11.05,"night":11.05,"eve":9.52,"morn":7.43},"feels_like":{"day":5.46,"night":10.51,"eve":5.41,"morn":3.08},"pressure":1011,"humidity":84,"weather":[{"id":500,"main":"Rain","description":"light rain","icon":"10d"}],"speed":10.78,"deg":209,"gust":19.18,"clouds":45,"pop":1,"rain":1.4},{"dt":1702292400,"sunrise":1702280079,"sunset":1702309015,"temp":{"day":11.12,"min":8.77,"max":11.55,"night":9.32,"eve":8.98,"morn":10.32},"feels_like":{"day":10.35,"night":7.06,"eve":6.72,"morn":9.6},"pressure":1006,"humidity":79,"weather":[{"id":500,"main":"Rain","description":"light rain","icon":"10d"}],"speed":8.5,"deg":250,"gust":15.85,"clouds":69,"pop":0.49,"rain":0.57},{"dt":1702378800,"sunrise":1702366538,"sunset":1702395410,"temp":{"day":12.22,"min":9.37,"max":12.22,"night":9.91,"eve":9.79,"morn":10.32},"feels_like":{"day":11.74,"night":6.72,"eve":7.1,"morn":9.89},"pressure":1003,"humidity":86,"weather":[{"id":501,"main":"Rain","description":"moderate rain","icon":"10d"}],"speed":7.39,"deg":210,"gust":14.46,"clouds":98,"pop":0.72,"rain":4.32}]}
--- ENF OF RECEIVED DATA ---

