________________________________________________
|             CALL API : START                |
________________________________________________

Informations : 
Called API: meteo - 3 October 2024, 22:30
Method: GETMETEO - Timeout : 300 - Cache : 1
URL CALLED : https://api.openweathermap.org/data/2.5/forecast/daily?q=Brussels,be&units=metric&cnt=4&appid=ea18c0706135505149200c3836f29800
-------------------------
________________________________________________
|             CALL API : START                |
________________________________________________

Informations : 
Called API: meteo - 3 October 2024, 22:30
Method: GETMETEO - Timeout : 300 - Cache : 1
URL CALLED : https://api.openweathermap.org/data/2.5/forecast/daily?q=Brussels,be&units=metric&cnt=4&appid=ea18c0706135505149200c3836f29800
-------------------------
{"city":{"id":2800866,"name":"Brussels","coord":{"lon":4.3488,"lat":50.8504},"country":"BE","population":1019022,"timezone":7200},"cod":"200","message":0.0503046,"cnt":4,"list":[{"dt":1727953200,"sunrise":1727934387,"sunset":1727975785,"temp":{"day":13.89,"min":7.43,"max":14.6,"night":9.86,"eve":11.36,"morn":7.93},"feels_like":{"day":12.8,"night":8.23,"eve":10.33,"morn":5.15},"pressure":1019,"humidity":56,"weather":[{"id":800,"main":"Clear","description":"sky is clear","icon":"01d"}],"speed":5.98,"deg":51,"gust":11.91,"clouds":9,"pop":0},{"dt":1728039600,"sunrise":1728020883,"sunset":1728062051,"temp":{"day":13.9,"min":7.65,"max":15.27,"night":11.56,"eve":12.4,"morn":9.25},"feels_like":{"day":12.86,"night":10.42,"eve":11.42,"morn":7.52},"pressure":1022,"humidity":58,"weather":[{"id":800,"main":"Clear","description":"sky is clear","icon":"01d"}],"speed":3.34,"deg":60,"gust":7.57,"clouds":2,"pop":0},{"dt":1728126000,"sunrise":1728107379,"sunset":1728148318,"temp":{"day":15.07,"min":7.4,"max":16.4,"night":10.11,"eve":12.76,"morn":7.49},"feels_like":{"day":13.99,"night":9.08,"eve":11.68,"morn":6.59},"pressure":1018,"humidity":52,"weather":[{"id":801,"main":"Clouds","description":"few clouds","icon":"02d"}],"speed":3.67,"deg":107,"gust":6.69,"clouds":16,"pop":0},{"dt":1728212400,"sunrise":1728193875,"sunset":1728234585,"temp":{"day":11.76,"min":9.16,"max":12.73,"night":12.29,"eve":11.8,"morn":9.71},"feels_like":{"day":10.87,"night":11.95,"eve":11.25,"morn":7.54},"pressure":1007,"humidity":72,"weather":[{"id":500,"main":"Rain","description":"light rain","icon":"10d"}],"speed":5.25,"deg":172,"gust":11.7,"clouds":100,"pop":0.84,"rain":0.17}]}
--- ENF OF RECEIVED DATA ---

{"city":{"id":2800866,"name":"Brussels","coord":{"lon":4.3488,"lat":50.8504},"country":"BE","population":1019022,"timezone":7200},"cod":"200","message":0.0503046,"cnt":4,"list":[{"dt":1727953200,"sunrise":1727934387,"sunset":1727975785,"temp":{"day":13.89,"min":7.43,"max":14.6,"night":9.86,"eve":11.36,"morn":7.93},"feels_like":{"day":12.8,"night":8.23,"eve":10.33,"morn":5.15},"pressure":1019,"humidity":56,"weather":[{"id":800,"main":"Clear","description":"sky is clear","icon":"01d"}],"speed":5.98,"deg":51,"gust":11.91,"clouds":9,"pop":0},{"dt":1728039600,"sunrise":1728020883,"sunset":1728062051,"temp":{"day":13.9,"min":7.65,"max":15.27,"night":11.56,"eve":12.4,"morn":9.25},"feels_like":{"day":12.86,"night":10.42,"eve":11.42,"morn":7.52},"pressure":1022,"humidity":58,"weather":[{"id":800,"main":"Clear","description":"sky is clear","icon":"01d"}],"speed":3.34,"deg":60,"gust":7.57,"clouds":2,"pop":0},{"dt":1728126000,"sunrise":1728107379,"sunset":1728148318,"temp":{"day":15.07,"min":7.4,"max":16.4,"night":10.11,"eve":12.76,"morn":7.49},"feels_like":{"day":13.99,"night":9.08,"eve":11.68,"morn":6.59},"pressure":1018,"humidity":52,"weather":[{"id":801,"main":"Clouds","description":"few clouds","icon":"02d"}],"speed":3.67,"deg":107,"gust":6.69,"clouds":16,"pop":0},{"dt":1728212400,"sunrise":1728193875,"sunset":1728234585,"temp":{"day":11.76,"min":9.16,"max":12.73,"night":12.29,"eve":11.8,"morn":9.71},"feels_like":{"day":10.87,"night":11.95,"eve":11.25,"morn":7.54},"pressure":1007,"humidity":72,"weather":[{"id":500,"main":"Rain","description":"light rain","icon":"10d"}],"speed":5.25,"deg":172,"gust":11.7,"clouds":100,"pop":0.84,"rain":0.17}]}
--- ENF OF RECEIVED DATA ---

