________________________________________________
|             CALL API : START                |
________________________________________________

Informations : 
Called API: meteo - 20 October 2024, 08:30
Method: GETMETEO - Timeout : 300 - Cache : 1
URL CALLED : https://api.openweathermap.org/data/2.5/forecast/daily?q=Brussels,be&units=metric&cnt=4&appid=ea18c0706135505149200c3836f29800
-------------------------
________________________________________________
|             CALL API : START                |
________________________________________________

Informations : 
Called API: meteo - 20 October 2024, 08:30
Method: GETMETEO - Timeout : 300 - Cache : 1
URL CALLED : https://api.openweathermap.org/data/2.5/forecast/daily?q=Brussels,be&units=metric&cnt=4&appid=ea18c0706135505149200c3836f29800
-------------------------
{"city":{"id":2800866,"name":"Brussels","coord":{"lon":4.3488,"lat":50.8504},"country":"BE","population":1019022,"timezone":7200},"cod":"200","message":0.4582593,"cnt":4,"list":[{"dt":1729422000,"sunrise":1729404856,"sunset":1729442405,"temp":{"day":16.61,"min":13.55,"max":17.26,"night":17.18,"eve":16.91,"morn":13.79},"feels_like":{"day":16.23,"night":17.09,"eve":16.59,"morn":13.57},"pressure":1017,"humidity":73,"weather":[{"id":804,"main":"Clouds","description":"overcast clouds","icon":"04d"}],"speed":8.79,"deg":204,"gust":16.95,"clouds":99,"pop":0.12},{"dt":1729508400,"sunrise":1729491357,"sunset":1729528685,"temp":{"day":14.35,"min":11.33,"max":17.54,"night":11.33,"eve":11.71,"morn":14.15},"feels_like":{"day":14.06,"night":11.05,"eve":11.31,"morn":13.81},"pressure":1025,"humidity":85,"weather":[{"id":501,"main":"Rain","description":"moderate rain","icon":"10d"}],"speed":8.27,"deg":210,"gust":15.95,"clouds":100,"pop":1,"rain":9.73},{"dt":1729594800,"sunrise":1729577859,"sunset":1729614966,"temp":{"day":13.72,"min":8.53,"max":15.22,"night":9.76,"eve":11.78,"morn":10.26},"feels_like":{"day":13.13,"night":8.09,"eve":11.05,"morn":9.77},"pressure":1030,"humidity":76,"weather":[{"id":501,"main":"Rain","description":"moderate rain","icon":"10d"}],"speed":5.41,"deg":332,"gust":10.07,"clouds":1,"pop":1,"rain":10.39},{"dt":1729681200,"sunrise":1729664361,"sunset":1729701248,"temp":{"day":15.19,"min":8.39,"max":15.37,"night":10.54,"eve":11.85,"morn":8.55},"feels_like":{"day":14.49,"night":9.84,"eve":11.18,"morn":6.55},"pressure":1034,"humidity":66,"weather":[{"id":800,"main":"Clear","description":"sky is clear","icon":"01d"}],"speed":3.8,"deg":213,"gust":7.34,"clouds":9,"pop":0}]}
--- ENF OF RECEIVED DATA ---

{"city":{"id":2800866,"name":"Brussels","coord":{"lon":4.3488,"lat":50.8504},"country":"BE","population":1019022,"timezone":7200},"cod":"200","message":0.4582593,"cnt":4,"list":[{"dt":1729422000,"sunrise":1729404856,"sunset":1729442405,"temp":{"day":16.61,"min":13.55,"max":17.26,"night":17.18,"eve":16.91,"morn":13.79},"feels_like":{"day":16.23,"night":17.09,"eve":16.59,"morn":13.57},"pressure":1017,"humidity":73,"weather":[{"id":804,"main":"Clouds","description":"overcast clouds","icon":"04d"}],"speed":8.79,"deg":204,"gust":16.95,"clouds":99,"pop":0.12},{"dt":1729508400,"sunrise":1729491357,"sunset":1729528685,"temp":{"day":14.35,"min":11.33,"max":17.54,"night":11.33,"eve":11.71,"morn":14.15},"feels_like":{"day":14.06,"night":11.05,"eve":11.31,"morn":13.81},"pressure":1025,"humidity":85,"weather":[{"id":501,"main":"Rain","description":"moderate rain","icon":"10d"}],"speed":8.27,"deg":210,"gust":15.95,"clouds":100,"pop":1,"rain":9.73},{"dt":1729594800,"sunrise":1729577859,"sunset":1729614966,"temp":{"day":13.72,"min":8.53,"max":15.22,"night":9.76,"eve":11.78,"morn":10.26},"feels_like":{"day":13.13,"night":8.09,"eve":11.05,"morn":9.77},"pressure":1030,"humidity":76,"weather":[{"id":501,"main":"Rain","description":"moderate rain","icon":"10d"}],"speed":5.41,"deg":332,"gust":10.07,"clouds":1,"pop":1,"rain":10.39},{"dt":1729681200,"sunrise":1729664361,"sunset":1729701248,"temp":{"day":15.19,"min":8.39,"max":15.37,"night":10.54,"eve":11.85,"morn":8.55},"feels_like":{"day":14.49,"night":9.84,"eve":11.18,"morn":6.55},"pressure":1034,"humidity":66,"weather":[{"id":800,"main":"Clear","description":"sky is clear","icon":"01d"}],"speed":3.8,"deg":213,"gust":7.34,"clouds":9,"pop":0}]}
--- ENF OF RECEIVED DATA ---

