________________________________________________
|             CALL API : START                |
________________________________________________

Informations : 
Called API: meteo - 7 November 2023, 14:30
Method: GETMETEO - Timeout : 300 - Cache : 1
URL CALLED : https://api.openweathermap.org/data/2.5/forecast/daily?q=Brussels,be&units=metric&cnt=4&appid=ea18c0706135505149200c3836f29800
-------------------------
________________________________________________
|             CALL API : START                |
________________________________________________

Informations : 
Called API: meteo - 7 November 2023, 14:30
Method: GETMETEO - Timeout : 300 - Cache : 1
URL CALLED : https://api.openweathermap.org/data/2.5/forecast/daily?q=Brussels,be&units=metric&cnt=4&appid=ea18c0706135505149200c3836f29800
-------------------------
{"city":{"id":2800866,"name":"Brussels","coord":{"lon":4.3488,"lat":50.8504},"country":"BE","population":1019022,"timezone":3600},"cod":"200","message":6.8483301,"cnt":4,"list":[{"dt":1699354800,"sunrise":1699339437,"sunset":1699373315,"temp":{"day":10.28,"min":7.28,"max":11.03,"night":7.91,"eve":9.89,"morn":8.07},"feels_like":{"day":9.5,"night":4.19,"eve":6.94,"morn":5.02},"pressure":1010,"humidity":82,"weather":[{"id":500,"main":"Rain","description":"light rain","icon":"10d"}],"speed":7.44,"deg":226,"gust":14.25,"clouds":70,"pop":0.98,"rain":2.29},{"dt":1699441200,"sunrise":1699425940,"sunset":1699459620,"temp":{"day":10.89,"min":6.87,"max":11.63,"night":10.04,"eve":10.13,"morn":6.98},"feels_like":{"day":10.05,"night":9.37,"eve":9.37,"morn":3.32},"pressure":1013,"humidity":77,"weather":[{"id":501,"main":"Rain","description":"moderate rain","icon":"10d"}],"speed":9.95,"deg":205,"gust":18.26,"clouds":88,"pop":0.91,"rain":5.9},{"dt":1699527600,"sunrise":1699512444,"sunset":1699545927,"temp":{"day":10.83,"min":7.43,"max":11.38,"night":7.43,"eve":8.37,"morn":10},"feels_like":{"day":9.93,"night":4.15,"eve":5.46,"morn":7.38},"pressure":1002,"humidity":75,"weather":[{"id":501,"main":"Rain","description":"moderate rain","icon":"10d"}],"speed":10.22,"deg":206,"gust":17.96,"clouds":100,"pop":1,"rain":5.81},{"dt":1699614000,"sunrise":1699598948,"sunset":1699632236,"temp":{"day":6.74,"min":5.83,"max":8.28,"night":6.3,"eve":6.74,"morn":6.25},"feels_like":{"day":2.77,"night":3.23,"eve":4.38,"morn":1.6},"pressure":996,"humidity":87,"weather":[{"id":500,"main":"Rain","description":"light rain","icon":"10d"}],"speed":8.67,"deg":215,"gust":14.68,"clouds":100,"pop":0.98,"rain":6.42}]}
--- ENF OF RECEIVED DATA ---

{"city":{"id":2800866,"name":"Brussels","coord":{"lon":4.3488,"lat":50.8504},"country":"BE","population":1019022,"timezone":3600},"cod":"200","message":6.8483301,"cnt":4,"list":[{"dt":1699354800,"sunrise":1699339437,"sunset":1699373315,"temp":{"day":10.28,"min":7.28,"max":11.03,"night":7.91,"eve":9.89,"morn":8.07},"feels_like":{"day":9.5,"night":4.19,"eve":6.94,"morn":5.02},"pressure":1010,"humidity":82,"weather":[{"id":500,"main":"Rain","description":"light rain","icon":"10d"}],"speed":7.44,"deg":226,"gust":14.25,"clouds":70,"pop":0.98,"rain":2.29},{"dt":1699441200,"sunrise":1699425940,"sunset":1699459620,"temp":{"day":10.89,"min":6.87,"max":11.63,"night":10.04,"eve":10.13,"morn":6.98},"feels_like":{"day":10.05,"night":9.37,"eve":9.37,"morn":3.32},"pressure":1013,"humidity":77,"weather":[{"id":501,"main":"Rain","description":"moderate rain","icon":"10d"}],"speed":9.95,"deg":205,"gust":18.26,"clouds":88,"pop":0.91,"rain":5.9},{"dt":1699527600,"sunrise":1699512444,"sunset":1699545927,"temp":{"day":10.83,"min":7.43,"max":11.38,"night":7.43,"eve":8.37,"morn":10},"feels_like":{"day":9.93,"night":4.15,"eve":5.46,"morn":7.38},"pressure":1002,"humidity":75,"weather":[{"id":501,"main":"Rain","description":"moderate rain","icon":"10d"}],"speed":10.22,"deg":206,"gust":17.96,"clouds":100,"pop":1,"rain":5.81},{"dt":1699614000,"sunrise":1699598948,"sunset":1699632236,"temp":{"day":6.74,"min":5.83,"max":8.28,"night":6.3,"eve":6.74,"morn":6.25},"feels_like":{"day":2.77,"night":3.23,"eve":4.38,"morn":1.6},"pressure":996,"humidity":87,"weather":[{"id":500,"main":"Rain","description":"light rain","icon":"10d"}],"speed":8.67,"deg":215,"gust":14.68,"clouds":100,"pop":0.98,"rain":6.42}]}
--- ENF OF RECEIVED DATA ---

