________________________________________________
|             CALL API : START                |
________________________________________________

Informations : 
Called API: meteo - 11 January 2024, 11:00
Method: GETMETEO - Timeout : 300 - Cache : 1
URL CALLED : https://api.openweathermap.org/data/2.5/forecast/daily?q=Brussels,be&units=metric&cnt=4&appid=ea18c0706135505149200c3836f29800
-------------------------
________________________________________________
|             CALL API : START                |
________________________________________________

Informations : 
Called API: meteo - 11 January 2024, 11:00
Method: GETMETEO - Timeout : 300 - Cache : 1
URL CALLED : https://api.openweathermap.org/data/2.5/forecast/daily?q=Brussels,be&units=metric&cnt=4&appid=ea18c0706135505149200c3836f29800
-------------------------
{"city":{"id":2800866,"name":"Brussels","coord":{"lon":4.3488,"lat":50.8504},"country":"BE","population":1019022,"timezone":3600},"cod":"200","message":0.1820811,"cnt":4,"list":[{"dt":1704970800,"sunrise":1704958912,"sunset":1704988692,"temp":{"day":-3.31,"min":-4.23,"max":1.81,"night":1.81,"eve":-0.83,"morn":-2.95},"feels_like":{"day":-8.19,"night":-0.75,"eve":-4.24,"morn":-7.17},"pressure":1033,"humidity":73,"weather":[{"id":800,"main":"Clear","description":"sky is clear","icon":"01d"}],"speed":4.56,"deg":30,"gust":10.29,"clouds":0,"pop":0},{"dt":1705057200,"sunrise":1705045276,"sunset":1705075175,"temp":{"day":3.62,"min":1.83,"max":4.51,"night":2.93,"eve":3.42,"morn":1.91},"feels_like":{"day":0.86,"night":2.93,"eve":0.85,"morn":-0.33},"pressure":1032,"humidity":81,"weather":[{"id":804,"main":"Clouds","description":"overcast clouds","icon":"04d"}],"speed":3.52,"deg":14,"gust":8.38,"clouds":100,"pop":0},{"dt":1705143600,"sunrise":1705131637,"sunset":1705161661,"temp":{"day":2.93,"min":-0.58,"max":4.26,"night":2.22,"eve":1.73,"morn":-0.01},"feels_like":{"day":-0.91,"night":-0.91,"eve":-1.82,"morn":-3.3},"pressure":1025,"humidity":81,"weather":[{"id":800,"main":"Clear","description":"sky is clear","icon":"01d"}],"speed":5.1,"deg":236,"gust":9.2,"clouds":8,"pop":0},{"dt":1705230000,"sunrise":1705217995,"sunset":1705248148,"temp":{"day":4.03,"min":1.86,"max":4.7,"night":3.46,"eve":3.66,"morn":2.09},"feels_like":{"day":0.75,"night":0.76,"eve":1.09,"morn":-1.63},"pressure":1016,"humidity":87,"weather":[{"id":500,"main":"Rain","description":"light rain","icon":"10d"}],"speed":3.87,"deg":234,"gust":7.67,"clouds":100,"pop":0.32,"rain":0.54}]}
--- ENF OF RECEIVED DATA ---

{"city":{"id":2800866,"name":"Brussels","coord":{"lon":4.3488,"lat":50.8504},"country":"BE","population":1019022,"timezone":3600},"cod":"200","message":0.1820811,"cnt":4,"list":[{"dt":1704970800,"sunrise":1704958912,"sunset":1704988692,"temp":{"day":-3.31,"min":-4.23,"max":1.81,"night":1.81,"eve":-0.83,"morn":-2.95},"feels_like":{"day":-8.19,"night":-0.75,"eve":-4.24,"morn":-7.17},"pressure":1033,"humidity":73,"weather":[{"id":800,"main":"Clear","description":"sky is clear","icon":"01d"}],"speed":4.56,"deg":30,"gust":10.29,"clouds":0,"pop":0},{"dt":1705057200,"sunrise":1705045276,"sunset":1705075175,"temp":{"day":3.62,"min":1.83,"max":4.51,"night":2.93,"eve":3.42,"morn":1.91},"feels_like":{"day":0.86,"night":2.93,"eve":0.85,"morn":-0.33},"pressure":1032,"humidity":81,"weather":[{"id":804,"main":"Clouds","description":"overcast clouds","icon":"04d"}],"speed":3.52,"deg":14,"gust":8.38,"clouds":100,"pop":0},{"dt":1705143600,"sunrise":1705131637,"sunset":1705161661,"temp":{"day":2.93,"min":-0.58,"max":4.26,"night":2.22,"eve":1.73,"morn":-0.01},"feels_like":{"day":-0.91,"night":-0.91,"eve":-1.82,"morn":-3.3},"pressure":1025,"humidity":81,"weather":[{"id":800,"main":"Clear","description":"sky is clear","icon":"01d"}],"speed":5.1,"deg":236,"gust":9.2,"clouds":8,"pop":0},{"dt":1705230000,"sunrise":1705217995,"sunset":1705248148,"temp":{"day":4.03,"min":1.86,"max":4.7,"night":3.46,"eve":3.66,"morn":2.09},"feels_like":{"day":0.75,"night":0.76,"eve":1.09,"morn":-1.63},"pressure":1016,"humidity":87,"weather":[{"id":500,"main":"Rain","description":"light rain","icon":"10d"}],"speed":3.87,"deg":234,"gust":7.67,"clouds":100,"pop":0.32,"rain":0.54}]}
--- ENF OF RECEIVED DATA ---

