________________________________________________
|             CALL API : START                |
________________________________________________

Informations : 
Called API: meteo - 17 April 2025, 01:20
Method: GETMETEO - Timeout : 300 - Cache : 1
URL CALLED : https://api.openweathermap.org/data/2.5/forecast/daily?q=Brussels,be&units=metric&cnt=4&appid=ea18c0706135505149200c3836f29800
-------------------------
________________________________________________
|             CALL API : START                |
________________________________________________

Informations : 
Called API: meteo - 17 April 2025, 01:20
Method: GETMETEO - Timeout : 300 - Cache : 1
URL CALLED : https://api.openweathermap.org/data/2.5/forecast/daily?q=Brussels,be&units=metric&cnt=4&appid=ea18c0706135505149200c3836f29800
-------------------------
{"city":{"id":2800866,"name":"Brussels","coord":{"lon":4.3488,"lat":50.8504},"country":"BE","population":1019022,"timezone":7200},"cod":"200","message":0.1060524,"cnt":4,"list":[{"dt":1744887600,"sunrise":1744865016,"sunset":1744915216,"temp":{"day":14.72,"min":8.43,"max":16.42,"night":10.51,"eve":13.76,"morn":9.32},"feels_like":{"day":13.5,"night":9.31,"eve":12.58,"morn":9.32},"pressure":1013,"humidity":48,"weather":[{"id":804,"main":"Clouds","description":"overcast clouds","icon":"04d"}],"speed":3.49,"deg":13,"gust":6.15,"clouds":100,"pop":0},{"dt":1744974000,"sunrise":1744951292,"sunset":1745001714,"temp":{"day":15.25,"min":7.24,"max":16.69,"night":9.11,"eve":14.42,"morn":7.24},"feels_like":{"day":14.08,"night":6.61,"eve":13.33,"morn":5.69},"pressure":1014,"humidity":48,"weather":[{"id":804,"main":"Clouds","description":"overcast clouds","icon":"04d"}],"speed":4.68,"deg":117,"gust":8.97,"clouds":91,"pop":0},{"dt":1745060400,"sunrise":1745037569,"sunset":1745088211,"temp":{"day":14.03,"min":5.6,"max":16.38,"night":10.31,"eve":15.2,"morn":5.6},"feels_like":{"day":12.77,"night":9.2,"eve":14.19,"morn":2.61},"pressure":1008,"humidity":49,"weather":[{"id":804,"main":"Clouds","description":"overcast clouds","icon":"04d"}],"speed":5.4,"deg":57,"gust":10.87,"clouds":99,"pop":0},{"dt":1745146800,"sunrise":1745123847,"sunset":1745174709,"temp":{"day":18.1,"min":8.03,"max":19.33,"night":10.59,"eve":12.04,"morn":8.62},"feels_like":{"day":17.45,"night":9.95,"eve":11.55,"morn":6.08},"pressure":1005,"humidity":57,"weather":[{"id":501,"main":"Rain","description":"moderate rain","icon":"10d"}],"speed":5.39,"deg":185,"gust":10.58,"clouds":68,"pop":1,"rain":6.82}]}
--- ENF OF RECEIVED DATA ---

{"city":{"id":2800866,"name":"Brussels","coord":{"lon":4.3488,"lat":50.8504},"country":"BE","population":1019022,"timezone":7200},"cod":"200","message":0.1060524,"cnt":4,"list":[{"dt":1744887600,"sunrise":1744865016,"sunset":1744915216,"temp":{"day":14.72,"min":8.43,"max":16.42,"night":10.51,"eve":13.76,"morn":9.32},"feels_like":{"day":13.5,"night":9.31,"eve":12.58,"morn":9.32},"pressure":1013,"humidity":48,"weather":[{"id":804,"main":"Clouds","description":"overcast clouds","icon":"04d"}],"speed":3.49,"deg":13,"gust":6.15,"clouds":100,"pop":0},{"dt":1744974000,"sunrise":1744951292,"sunset":1745001714,"temp":{"day":15.25,"min":7.24,"max":16.69,"night":9.11,"eve":14.42,"morn":7.24},"feels_like":{"day":14.08,"night":6.61,"eve":13.33,"morn":5.69},"pressure":1014,"humidity":48,"weather":[{"id":804,"main":"Clouds","description":"overcast clouds","icon":"04d"}],"speed":4.68,"deg":117,"gust":8.97,"clouds":91,"pop":0},{"dt":1745060400,"sunrise":1745037569,"sunset":1745088211,"temp":{"day":14.03,"min":5.6,"max":16.38,"night":10.31,"eve":15.2,"morn":5.6},"feels_like":{"day":12.77,"night":9.2,"eve":14.19,"morn":2.61},"pressure":1008,"humidity":49,"weather":[{"id":804,"main":"Clouds","description":"overcast clouds","icon":"04d"}],"speed":5.4,"deg":57,"gust":10.87,"clouds":99,"pop":0},{"dt":1745146800,"sunrise":1745123847,"sunset":1745174709,"temp":{"day":18.1,"min":8.03,"max":19.33,"night":10.59,"eve":12.04,"morn":8.62},"feels_like":{"day":17.45,"night":9.95,"eve":11.55,"morn":6.08},"pressure":1005,"humidity":57,"weather":[{"id":501,"main":"Rain","description":"moderate rain","icon":"10d"}],"speed":5.39,"deg":185,"gust":10.58,"clouds":68,"pop":1,"rain":6.82}]}
--- ENF OF RECEIVED DATA ---

