________________________________________________
|             CALL API : START                |
________________________________________________

Informations : 
Called API: meteo - 7 October 2023, 00:00
Method: GETMETEO - Timeout : 300 - Cache : 1
URL CALLED : https://api.openweathermap.org/data/2.5/forecast/daily?q=Brussels,be&units=metric&cnt=4&appid=ea18c0706135505149200c3836f29800
-------------------------
________________________________________________
|             CALL API : START                |
________________________________________________

Informations : 
Called API: meteo - 7 October 2023, 00:00
Method: GETMETEO - Timeout : 300 - Cache : 1
URL CALLED : https://api.openweathermap.org/data/2.5/forecast/daily?q=Brussels,be&units=metric&cnt=4&appid=ea18c0706135505149200c3836f29800
-------------------------
{"city":{"id":2800866,"name":"Brussels","coord":{"lon":4.3488,"lat":50.8504},"country":"BE","population":1019022,"timezone":7200},"cod":"200","message":0.2881075,"cnt":4,"list":[{"dt":1696676400,"sunrise":1696657899,"sunset":1696698552,"temp":{"day":21.12,"min":12.49,"max":23.74,"night":14.48,"eve":19.11,"morn":12.9},"feels_like":{"day":20.83,"night":14.2,"eve":18.75,"morn":12.78},"pressure":1024,"humidity":59,"weather":[{"id":803,"main":"Clouds","description":"broken clouds","icon":"04d"}],"speed":6.95,"deg":249,"gust":12.31,"clouds":66,"pop":0},{"dt":1696762800,"sunrise":1696744396,"sunset":1696784820,"temp":{"day":18.71,"min":13.43,"max":20.34,"night":14.76,"eve":17.11,"morn":13.56},"feels_like":{"day":18.67,"night":14.67,"eve":16.97,"morn":13.43},"pressure":1027,"humidity":78,"weather":[{"id":804,"main":"Clouds","description":"overcast clouds","icon":"04d"}],"speed":4.09,"deg":64,"gust":8.31,"clouds":99,"pop":0},{"dt":1696849200,"sunrise":1696830893,"sunset":1696871089,"temp":{"day":21.55,"min":13.42,"max":22.81,"night":14.18,"eve":15.41,"morn":13.7},"feels_like":{"day":21.22,"night":14.06,"eve":15.15,"morn":13.53},"pressure":1022,"humidity":56,"weather":[{"id":804,"main":"Clouds","description":"overcast clouds","icon":"04d"}],"speed":5.75,"deg":275,"gust":7.91,"clouds":96,"pop":0},{"dt":1696935600,"sunrise":1696917390,"sunset":1696957358,"temp":{"day":23.19,"min":13.06,"max":23.75,"night":15.64,"eve":18.88,"morn":13.06},"feels_like":{"day":22.97,"night":15.17,"eve":18.49,"morn":12.9},"pressure":1020,"humidity":54,"weather":[{"id":804,"main":"Clouds","description":"overcast clouds","icon":"04d"}],"speed":5.06,"deg":227,"gust":8.82,"clouds":91,"pop":0}]}
--- ENF OF RECEIVED DATA ---

{"city":{"id":2800866,"name":"Brussels","coord":{"lon":4.3488,"lat":50.8504},"country":"BE","population":1019022,"timezone":7200},"cod":"200","message":0.2881075,"cnt":4,"list":[{"dt":1696676400,"sunrise":1696657899,"sunset":1696698552,"temp":{"day":21.12,"min":12.49,"max":23.74,"night":14.48,"eve":19.11,"morn":12.9},"feels_like":{"day":20.83,"night":14.2,"eve":18.75,"morn":12.78},"pressure":1024,"humidity":59,"weather":[{"id":803,"main":"Clouds","description":"broken clouds","icon":"04d"}],"speed":6.95,"deg":249,"gust":12.31,"clouds":66,"pop":0},{"dt":1696762800,"sunrise":1696744396,"sunset":1696784820,"temp":{"day":18.71,"min":13.43,"max":20.34,"night":14.76,"eve":17.11,"morn":13.56},"feels_like":{"day":18.67,"night":14.67,"eve":16.97,"morn":13.43},"pressure":1027,"humidity":78,"weather":[{"id":804,"main":"Clouds","description":"overcast clouds","icon":"04d"}],"speed":4.09,"deg":64,"gust":8.31,"clouds":99,"pop":0},{"dt":1696849200,"sunrise":1696830893,"sunset":1696871089,"temp":{"day":21.55,"min":13.42,"max":22.81,"night":14.18,"eve":15.41,"morn":13.7},"feels_like":{"day":21.22,"night":14.06,"eve":15.15,"morn":13.53},"pressure":1022,"humidity":56,"weather":[{"id":804,"main":"Clouds","description":"overcast clouds","icon":"04d"}],"speed":5.75,"deg":275,"gust":7.91,"clouds":96,"pop":0},{"dt":1696935600,"sunrise":1696917390,"sunset":1696957358,"temp":{"day":23.19,"min":13.06,"max":23.75,"night":15.64,"eve":18.88,"morn":13.06},"feels_like":{"day":22.97,"night":15.17,"eve":18.49,"morn":12.9},"pressure":1020,"humidity":54,"weather":[{"id":804,"main":"Clouds","description":"overcast clouds","icon":"04d"}],"speed":5.06,"deg":227,"gust":8.82,"clouds":91,"pop":0}]}
--- ENF OF RECEIVED DATA ---

