________________________________________________
|             CALL API : START                |
________________________________________________

Informations : 
Called API: meteo - 15 May 2024, 01:00
Method: GETMETEO - Timeout : 300 - Cache : 1
URL CALLED : https://api.openweathermap.org/data/2.5/forecast/daily?q=Brussels,be&units=metric&cnt=4&appid=ea18c0706135505149200c3836f29800
-------------------------
________________________________________________
|             CALL API : START                |
________________________________________________

Informations : 
Called API: meteo - 15 May 2024, 01:00
Method: GETMETEO - Timeout : 300 - Cache : 1
URL CALLED : https://api.openweathermap.org/data/2.5/forecast/daily?q=Brussels,be&units=metric&cnt=4&appid=ea18c0706135505149200c3836f29800
-------------------------
{"city":{"id":2800866,"name":"Brussels","coord":{"lon":4.3488,"lat":50.8504},"country":"BE","population":1019022,"timezone":7200},"cod":"200","message":0.0466272,"cnt":4,"list":[{"dt":1715770800,"sunrise":1715745180,"sunset":1715801107,"temp":{"day":13.7,"min":12.23,"max":16.16,"night":12.8,"eve":16,"morn":12.96},"feels_like":{"day":13.48,"night":12.56,"eve":15.77,"morn":12.84},"pressure":1007,"humidity":90,"weather":[{"id":501,"main":"Rain","description":"moderate rain","icon":"10d"}],"speed":2.76,"deg":235,"gust":5.22,"clouds":100,"pop":1,"rain":8.71},{"dt":1715857200,"sunrise":1715831496,"sunset":1715887594,"temp":{"day":13.18,"min":11.76,"max":13.86,"night":11.76,"eve":13.07,"morn":12.24},"feels_like":{"day":13.03,"night":11.52,"eve":12.86,"morn":12.1},"pressure":1006,"humidity":95,"weather":[{"id":501,"main":"Rain","description":"moderate rain","icon":"10d"}],"speed":3.18,"deg":296,"gust":6.49,"clouds":100,"pop":1,"rain":16},{"dt":1715943600,"sunrise":1715917814,"sunset":1715974081,"temp":{"day":15.92,"min":11.67,"max":18.31,"night":13.31,"eve":16.67,"morn":12.02},"feels_like":{"day":15.58,"night":13.18,"eve":16.56,"morn":11.76},"pressure":1011,"humidity":77,"weather":[{"id":500,"main":"Rain","description":"light rain","icon":"10d"}],"speed":2.44,"deg":40,"gust":4.53,"clouds":100,"pop":1,"rain":3.38},{"dt":1716030000,"sunrise":1716004134,"sunset":1716060567,"temp":{"day":19.39,"min":12.41,"max":19.39,"night":13.19,"eve":16.08,"morn":12.74},"feels_like":{"day":18.87,"night":12.81,"eve":15.94,"morn":12.58},"pressure":1012,"humidity":57,"weather":[{"id":501,"main":"Rain","description":"moderate rain","icon":"10d"}],"speed":2.56,"deg":48,"gust":5.6,"clouds":100,"pop":1,"rain":12.78}]}
--- ENF OF RECEIVED DATA ---

{"city":{"id":2800866,"name":"Brussels","coord":{"lon":4.3488,"lat":50.8504},"country":"BE","population":1019022,"timezone":7200},"cod":"200","message":0.0466272,"cnt":4,"list":[{"dt":1715770800,"sunrise":1715745180,"sunset":1715801107,"temp":{"day":13.7,"min":12.23,"max":16.16,"night":12.8,"eve":16,"morn":12.96},"feels_like":{"day":13.48,"night":12.56,"eve":15.77,"morn":12.84},"pressure":1007,"humidity":90,"weather":[{"id":501,"main":"Rain","description":"moderate rain","icon":"10d"}],"speed":2.76,"deg":235,"gust":5.22,"clouds":100,"pop":1,"rain":8.71},{"dt":1715857200,"sunrise":1715831496,"sunset":1715887594,"temp":{"day":13.18,"min":11.76,"max":13.86,"night":11.76,"eve":13.07,"morn":12.24},"feels_like":{"day":13.03,"night":11.52,"eve":12.86,"morn":12.1},"pressure":1006,"humidity":95,"weather":[{"id":501,"main":"Rain","description":"moderate rain","icon":"10d"}],"speed":3.18,"deg":296,"gust":6.49,"clouds":100,"pop":1,"rain":16},{"dt":1715943600,"sunrise":1715917814,"sunset":1715974081,"temp":{"day":15.92,"min":11.67,"max":18.31,"night":13.31,"eve":16.67,"morn":12.02},"feels_like":{"day":15.58,"night":13.18,"eve":16.56,"morn":11.76},"pressure":1011,"humidity":77,"weather":[{"id":500,"main":"Rain","description":"light rain","icon":"10d"}],"speed":2.44,"deg":40,"gust":4.53,"clouds":100,"pop":1,"rain":3.38},{"dt":1716030000,"sunrise":1716004134,"sunset":1716060567,"temp":{"day":19.39,"min":12.41,"max":19.39,"night":13.19,"eve":16.08,"morn":12.74},"feels_like":{"day":18.87,"night":12.81,"eve":15.94,"morn":12.58},"pressure":1012,"humidity":57,"weather":[{"id":501,"main":"Rain","description":"moderate rain","icon":"10d"}],"speed":2.56,"deg":48,"gust":5.6,"clouds":100,"pop":1,"rain":12.78}]}
--- ENF OF RECEIVED DATA ---

