________________________________________________
|             CALL API : START                |
________________________________________________

Informations : 
Called API: meteo - 10 November 2023, 03:00
Method: GETMETEO - Timeout : 300 - Cache : 1
URL CALLED : https://api.openweathermap.org/data/2.5/forecast/daily?q=Brussels,be&units=metric&cnt=4&appid=ea18c0706135505149200c3836f29800
-------------------------
________________________________________________
|             CALL API : START                |
________________________________________________

Informations : 
Called API: meteo - 10 November 2023, 03:00
Method: GETMETEO - Timeout : 300 - Cache : 1
URL CALLED : https://api.openweathermap.org/data/2.5/forecast/daily?q=Brussels,be&units=metric&cnt=4&appid=ea18c0706135505149200c3836f29800
-------------------------
{"city":{"id":2800866,"name":"Brussels","coord":{"lon":4.3488,"lat":50.8504},"country":"BE","population":1019022,"timezone":3600},"cod":"200","message":0.0419793,"cnt":4,"list":[{"dt":1699614000,"sunrise":1699598948,"sunset":1699632236,"temp":{"day":7.75,"min":6.92,"max":9,"night":8.42,"eve":7.8,"morn":7.39},"feels_like":{"day":3.71,"night":5.26,"eve":5.05,"morn":3.59},"pressure":997,"humidity":89,"weather":[{"id":501,"main":"Rain","description":"moderate rain","icon":"10d"}],"speed":8.69,"deg":224,"gust":14.84,"clouds":96,"pop":1,"rain":17.61},{"dt":1699700400,"sunrise":1699685451,"sunset":1699718546,"temp":{"day":9.33,"min":4.42,"max":9.93,"night":4.42,"eve":6.1,"morn":4.99},"feels_like":{"day":6.44,"night":2.39,"eve":4.05,"morn":1.21},"pressure":1007,"humidity":78,"weather":[{"id":500,"main":"Rain","description":"light rain","icon":"10d"}],"speed":6.6,"deg":281,"gust":13.59,"clouds":24,"pop":0.85,"rain":1.23},{"dt":1699786800,"sunrise":1699771953,"sunset":1699804859,"temp":{"day":8.44,"min":4.37,"max":9.57,"night":6.59,"eve":7.52,"morn":4.75},"feels_like":{"day":7.55,"night":5.64,"eve":6.66,"morn":3.24},"pressure":1006,"humidity":78,"weather":[{"id":500,"main":"Rain","description":"light rain","icon":"10d"}],"speed":2.69,"deg":158,"gust":3.84,"clouds":100,"pop":0.29,"rain":0.31},{"dt":1699873200,"sunrise":1699858456,"sunset":1699891173,"temp":{"day":14.29,"min":6.18,"max":14.63,"night":11.89,"eve":12.86,"morn":6.69},"feels_like":{"day":14.15,"night":11.48,"eve":12.55,"morn":3.77},"pressure":1003,"humidity":91,"weather":[{"id":500,"main":"Rain","description":"light rain","icon":"10d"}],"speed":9.26,"deg":227,"gust":16.97,"clouds":100,"pop":1,"rain":8.09}]}
--- ENF OF RECEIVED DATA ---

{"city":{"id":2800866,"name":"Brussels","coord":{"lon":4.3488,"lat":50.8504},"country":"BE","population":1019022,"timezone":3600},"cod":"200","message":0.0419793,"cnt":4,"list":[{"dt":1699614000,"sunrise":1699598948,"sunset":1699632236,"temp":{"day":7.75,"min":6.92,"max":9,"night":8.42,"eve":7.8,"morn":7.39},"feels_like":{"day":3.71,"night":5.26,"eve":5.05,"morn":3.59},"pressure":997,"humidity":89,"weather":[{"id":501,"main":"Rain","description":"moderate rain","icon":"10d"}],"speed":8.69,"deg":224,"gust":14.84,"clouds":96,"pop":1,"rain":17.61},{"dt":1699700400,"sunrise":1699685451,"sunset":1699718546,"temp":{"day":9.33,"min":4.42,"max":9.93,"night":4.42,"eve":6.1,"morn":4.99},"feels_like":{"day":6.44,"night":2.39,"eve":4.05,"morn":1.21},"pressure":1007,"humidity":78,"weather":[{"id":500,"main":"Rain","description":"light rain","icon":"10d"}],"speed":6.6,"deg":281,"gust":13.59,"clouds":24,"pop":0.85,"rain":1.23},{"dt":1699786800,"sunrise":1699771953,"sunset":1699804859,"temp":{"day":8.44,"min":4.37,"max":9.57,"night":6.59,"eve":7.52,"morn":4.75},"feels_like":{"day":7.55,"night":5.64,"eve":6.66,"morn":3.24},"pressure":1006,"humidity":78,"weather":[{"id":500,"main":"Rain","description":"light rain","icon":"10d"}],"speed":2.69,"deg":158,"gust":3.84,"clouds":100,"pop":0.29,"rain":0.31},{"dt":1699873200,"sunrise":1699858456,"sunset":1699891173,"temp":{"day":14.29,"min":6.18,"max":14.63,"night":11.89,"eve":12.86,"morn":6.69},"feels_like":{"day":14.15,"night":11.48,"eve":12.55,"morn":3.77},"pressure":1003,"humidity":91,"weather":[{"id":500,"main":"Rain","description":"light rain","icon":"10d"}],"speed":9.26,"deg":227,"gust":16.97,"clouds":100,"pop":1,"rain":8.09}]}
--- ENF OF RECEIVED DATA ---

