________________________________________________
|             CALL API : START                |
________________________________________________

Informations : 
Called API: meteo - 4 October 2023, 13:40
Method: GETMETEO - Timeout : 300 - Cache : 1
URL CALLED : https://api.openweathermap.org/data/2.5/forecast/daily?q=Brussels,be&units=metric&cnt=4&appid=ea18c0706135505149200c3836f29800
-------------------------
________________________________________________
|             CALL API : START                |
________________________________________________

Informations : 
Called API: meteo - 4 October 2023, 13:40
Method: GETMETEO - Timeout : 300 - Cache : 1
URL CALLED : https://api.openweathermap.org/data/2.5/forecast/daily?q=Brussels,be&units=metric&cnt=4&appid=ea18c0706135505149200c3836f29800
-------------------------
{"city":{"id":2800866,"name":"Brussels","coord":{"lon":4.3488,"lat":50.8504},"country":"BE","population":1019022,"timezone":7200},"cod":"200","message":0.0346558,"cnt":4,"list":[{"dt":1696417200,"sunrise":1696398412,"sunset":1696439750,"temp":{"day":16.66,"min":9.7,"max":17.09,"night":11.19,"eve":15.22,"morn":9.88},"feels_like":{"day":16.29,"night":10.61,"eve":14.49,"morn":7.78},"pressure":1028,"humidity":73,"weather":[{"id":802,"main":"Clouds","description":"scattered clouds","icon":"03d"}],"speed":5.94,"deg":253,"gust":10.81,"clouds":30,"pop":0},{"dt":1696503600,"sunrise":1696484907,"sunset":1696526017,"temp":{"day":16.9,"min":10.33,"max":18.06,"night":12.47,"eve":14.43,"morn":10.42},"feels_like":{"day":16.24,"night":11.99,"eve":13.63,"morn":10},"pressure":1026,"humidity":61,"weather":[{"id":804,"main":"Clouds","description":"overcast clouds","icon":"04d"}],"speed":4.83,"deg":253,"gust":10.8,"clouds":100,"pop":0},{"dt":1696590000,"sunrise":1696571403,"sunset":1696612284,"temp":{"day":18.93,"min":11.13,"max":19.73,"night":14.36,"eve":17.11,"morn":12.65},"feels_like":{"day":18.08,"night":13.37,"eve":16.29,"morn":12.03},"pressure":1026,"humidity":46,"weather":[{"id":803,"main":"Clouds","description":"broken clouds","icon":"04d"}],"speed":5.9,"deg":238,"gust":9.92,"clouds":76,"pop":0},{"dt":1696676400,"sunrise":1696657899,"sunset":1696698552,"temp":{"day":23.26,"min":12.11,"max":23.9,"night":14.46,"eve":17.16,"morn":12.11},"feels_like":{"day":22.84,"night":13.89,"eve":16.63,"morn":11.26},"pressure":1023,"humidity":46,"weather":[{"id":802,"main":"Clouds","description":"scattered clouds","icon":"03d"}],"speed":6.66,"deg":256,"gust":11.61,"clouds":39,"pop":0}]}
--- ENF OF RECEIVED DATA ---

{"city":{"id":2800866,"name":"Brussels","coord":{"lon":4.3488,"lat":50.8504},"country":"BE","population":1019022,"timezone":7200},"cod":"200","message":0.0346558,"cnt":4,"list":[{"dt":1696417200,"sunrise":1696398412,"sunset":1696439750,"temp":{"day":16.66,"min":9.7,"max":17.09,"night":11.19,"eve":15.22,"morn":9.88},"feels_like":{"day":16.29,"night":10.61,"eve":14.49,"morn":7.78},"pressure":1028,"humidity":73,"weather":[{"id":802,"main":"Clouds","description":"scattered clouds","icon":"03d"}],"speed":5.94,"deg":253,"gust":10.81,"clouds":30,"pop":0},{"dt":1696503600,"sunrise":1696484907,"sunset":1696526017,"temp":{"day":16.9,"min":10.33,"max":18.06,"night":12.47,"eve":14.43,"morn":10.42},"feels_like":{"day":16.24,"night":11.99,"eve":13.63,"morn":10},"pressure":1026,"humidity":61,"weather":[{"id":804,"main":"Clouds","description":"overcast clouds","icon":"04d"}],"speed":4.83,"deg":253,"gust":10.8,"clouds":100,"pop":0},{"dt":1696590000,"sunrise":1696571403,"sunset":1696612284,"temp":{"day":18.93,"min":11.13,"max":19.73,"night":14.36,"eve":17.11,"morn":12.65},"feels_like":{"day":18.08,"night":13.37,"eve":16.29,"morn":12.03},"pressure":1026,"humidity":46,"weather":[{"id":803,"main":"Clouds","description":"broken clouds","icon":"04d"}],"speed":5.9,"deg":238,"gust":9.92,"clouds":76,"pop":0},{"dt":1696676400,"sunrise":1696657899,"sunset":1696698552,"temp":{"day":23.26,"min":12.11,"max":23.9,"night":14.46,"eve":17.16,"morn":12.11},"feels_like":{"day":22.84,"night":13.89,"eve":16.63,"morn":11.26},"pressure":1023,"humidity":46,"weather":[{"id":802,"main":"Clouds","description":"scattered clouds","icon":"03d"}],"speed":6.66,"deg":256,"gust":11.61,"clouds":39,"pop":0}]}
--- ENF OF RECEIVED DATA ---

