________________________________________________
|             CALL API : START                |
________________________________________________

Informations : 
Called API: meteo - 4 January 2024, 20:10
Method: GETMETEO - Timeout : 300 - Cache : 1
URL CALLED : https://api.openweathermap.org/data/2.5/forecast/daily?q=Brussels,be&units=metric&cnt=4&appid=ea18c0706135505149200c3836f29800
-------------------------
________________________________________________
|             CALL API : START                |
________________________________________________

Informations : 
Called API: meteo - 4 January 2024, 20:10
Method: GETMETEO - Timeout : 300 - Cache : 1
URL CALLED : https://api.openweathermap.org/data/2.5/forecast/daily?q=Brussels,be&units=metric&cnt=4&appid=ea18c0706135505149200c3836f29800
-------------------------
{"city":{"id":2800866,"name":"Brussels","coord":{"lon":4.3488,"lat":50.8504},"country":"BE","population":1019022,"timezone":3600},"cod":"200","message":0.1072855,"cnt":4,"list":[{"dt":1704366000,"sunrise":1704354280,"sunset":1704383368,"temp":{"day":8.63,"min":7.76,"max":9.29,"night":9.29,"eve":8.38,"morn":8.11},"feels_like":{"day":5.5,"night":5.85,"eve":5.72,"morn":4.64},"pressure":1005,"humidity":75,"weather":[{"id":501,"main":"Rain","description":"moderate rain","icon":"10d"}],"speed":7.81,"deg":263,"gust":14.85,"clouds":98,"pop":1,"rain":5.13},{"dt":1704452400,"sunrise":1704440666,"sunset":1704469836,"temp":{"day":6.65,"min":6.17,"max":10.16,"night":6.47,"eve":6.92,"morn":7.48},"feels_like":{"day":1.83,"night":2.73,"eve":3.12,"morn":2.6},"pressure":998,"humidity":87,"weather":[{"id":500,"main":"Rain","description":"light rain","icon":"10d"}],"speed":11.21,"deg":202,"gust":17.94,"clouds":100,"pop":0.8,"rain":1.67},{"dt":1704538800,"sunrise":1704527048,"sunset":1704556306,"temp":{"day":6.22,"min":4.31,"max":6.46,"night":4.31,"eve":5.09,"morn":6.31},"feels_like":{"day":3.37,"night":0.65,"eve":1.8,"morn":3.4},"pressure":1012,"humidity":80,"weather":[{"id":500,"main":"Rain","description":"light rain","icon":"10d"}],"speed":5.66,"deg":281,"gust":9.15,"clouds":100,"pop":0.66,"rain":3.7},{"dt":1704625200,"sunrise":1704613427,"sunset":1704642779,"temp":{"day":1.6,"min":-0.09,"max":3.89,"night":-0.09,"eve":0.38,"morn":2.55},"feels_like":{"day":-3.4,"night":-5.98,"eve":-5.42,"morn":-1.74},"pressure":1023,"humidity":83,"weather":[{"id":804,"main":"Clouds","description":"overcast clouds","icon":"04d"}],"speed":6.98,"deg":47,"gust":13.55,"clouds":100,"pop":0.17}]}
--- ENF OF RECEIVED DATA ---

{"city":{"id":2800866,"name":"Brussels","coord":{"lon":4.3488,"lat":50.8504},"country":"BE","population":1019022,"timezone":3600},"cod":"200","message":0.1072855,"cnt":4,"list":[{"dt":1704366000,"sunrise":1704354280,"sunset":1704383368,"temp":{"day":8.63,"min":7.76,"max":9.29,"night":9.29,"eve":8.38,"morn":8.11},"feels_like":{"day":5.5,"night":5.85,"eve":5.72,"morn":4.64},"pressure":1005,"humidity":75,"weather":[{"id":501,"main":"Rain","description":"moderate rain","icon":"10d"}],"speed":7.81,"deg":263,"gust":14.85,"clouds":98,"pop":1,"rain":5.13},{"dt":1704452400,"sunrise":1704440666,"sunset":1704469836,"temp":{"day":6.65,"min":6.17,"max":10.16,"night":6.47,"eve":6.92,"morn":7.48},"feels_like":{"day":1.83,"night":2.73,"eve":3.12,"morn":2.6},"pressure":998,"humidity":87,"weather":[{"id":500,"main":"Rain","description":"light rain","icon":"10d"}],"speed":11.21,"deg":202,"gust":17.94,"clouds":100,"pop":0.8,"rain":1.67},{"dt":1704538800,"sunrise":1704527048,"sunset":1704556306,"temp":{"day":6.22,"min":4.31,"max":6.46,"night":4.31,"eve":5.09,"morn":6.31},"feels_like":{"day":3.37,"night":0.65,"eve":1.8,"morn":3.4},"pressure":1012,"humidity":80,"weather":[{"id":500,"main":"Rain","description":"light rain","icon":"10d"}],"speed":5.66,"deg":281,"gust":9.15,"clouds":100,"pop":0.66,"rain":3.7},{"dt":1704625200,"sunrise":1704613427,"sunset":1704642779,"temp":{"day":1.6,"min":-0.09,"max":3.89,"night":-0.09,"eve":0.38,"morn":2.55},"feels_like":{"day":-3.4,"night":-5.98,"eve":-5.42,"morn":-1.74},"pressure":1023,"humidity":83,"weather":[{"id":804,"main":"Clouds","description":"overcast clouds","icon":"04d"}],"speed":6.98,"deg":47,"gust":13.55,"clouds":100,"pop":0.17}]}
--- ENF OF RECEIVED DATA ---

