________________________________________________
|             CALL API : START                |
________________________________________________

Informations : 
Called API: meteo - 2 July 2023, 00:40
Method: GETMETEO - Timeout : 300 - Cache : 1
URL CALLED : https://api.openweathermap.org/data/2.5/forecast/daily?q=Brussels,be&units=metric&cnt=4&appid=ea18c0706135505149200c3836f29800
-------------------------
________________________________________________
|             CALL API : START                |
________________________________________________

Informations : 
Called API: meteo - 2 July 2023, 00:40
Method: GETMETEO - Timeout : 300 - Cache : 1
URL CALLED : https://api.openweathermap.org/data/2.5/forecast/daily?q=Brussels,be&units=metric&cnt=4&appid=ea18c0706135505149200c3836f29800
-------------------------
{"city":{"id":2800866,"name":"Brussels","coord":{"lon":4.3488,"lat":50.8504},"country":"BE","population":1019022,"timezone":7200},"cod":"200","message":0.0427013,"cnt":4,"list":[{"dt":1688295600,"sunrise":1688268812,"sunset":1688327958,"temp":{"day":21.55,"min":12.66,"max":23.1,"night":14.61,"eve":21.59,"morn":13.41},"feels_like":{"day":20.83,"night":13.72,"eve":20.9,"morn":13.03},"pressure":1012,"humidity":41,"weather":[{"id":800,"main":"Clear","description":"sky is clear","icon":"01d"}],"speed":7.04,"deg":263,"gust":10.48,"clouds":7,"pop":0.14},{"dt":1688382000,"sunrise":1688355254,"sunset":1688414337,"temp":{"day":18.68,"min":10.75,"max":20.63,"night":14.79,"eve":19.81,"morn":12.25},"feels_like":{"day":17.78,"night":14.05,"eve":19.02,"morn":11.7},"pressure":1013,"humidity":45,"weather":[{"id":802,"main":"Clouds","description":"scattered clouds","icon":"03d"}],"speed":8.5,"deg":254,"gust":12.91,"clouds":45,"pop":0.04},{"dt":1688468400,"sunrise":1688441698,"sunset":1688500713,"temp":{"day":21.16,"min":11.45,"max":22.42,"night":19.16,"eve":21.43,"morn":12.35},"feels_like":{"day":20.56,"night":18.62,"eve":20.96,"morn":12.02},"pressure":1015,"humidity":47,"weather":[{"id":803,"main":"Clouds","description":"broken clouds","icon":"04d"}],"speed":6.05,"deg":239,"gust":13.34,"clouds":52,"pop":0.06},{"dt":1688554800,"sunrise":1688528145,"sunset":1688587087,"temp":{"day":20.23,"min":14.54,"max":20.23,"night":14.54,"eve":19.36,"morn":14.57},"feels_like":{"day":19.59,"night":13.8,"eve":18.6,"morn":14.33},"pressure":1011,"humidity":49,"weather":[{"id":500,"main":"Rain","description":"light rain","icon":"10d"}],"speed":9.8,"deg":237,"gust":15.08,"clouds":31,"pop":1,"rain":3.09}]}
--- ENF OF RECEIVED DATA ---

{"city":{"id":2800866,"name":"Brussels","coord":{"lon":4.3488,"lat":50.8504},"country":"BE","population":1019022,"timezone":7200},"cod":"200","message":0.0427013,"cnt":4,"list":[{"dt":1688295600,"sunrise":1688268812,"sunset":1688327958,"temp":{"day":21.55,"min":12.66,"max":23.1,"night":14.61,"eve":21.59,"morn":13.41},"feels_like":{"day":20.83,"night":13.72,"eve":20.9,"morn":13.03},"pressure":1012,"humidity":41,"weather":[{"id":800,"main":"Clear","description":"sky is clear","icon":"01d"}],"speed":7.04,"deg":263,"gust":10.48,"clouds":7,"pop":0.14},{"dt":1688382000,"sunrise":1688355254,"sunset":1688414337,"temp":{"day":18.68,"min":10.75,"max":20.63,"night":14.79,"eve":19.81,"morn":12.25},"feels_like":{"day":17.78,"night":14.05,"eve":19.02,"morn":11.7},"pressure":1013,"humidity":45,"weather":[{"id":802,"main":"Clouds","description":"scattered clouds","icon":"03d"}],"speed":8.5,"deg":254,"gust":12.91,"clouds":45,"pop":0.04},{"dt":1688468400,"sunrise":1688441698,"sunset":1688500713,"temp":{"day":21.16,"min":11.45,"max":22.42,"night":19.16,"eve":21.43,"morn":12.35},"feels_like":{"day":20.56,"night":18.62,"eve":20.96,"morn":12.02},"pressure":1015,"humidity":47,"weather":[{"id":803,"main":"Clouds","description":"broken clouds","icon":"04d"}],"speed":6.05,"deg":239,"gust":13.34,"clouds":52,"pop":0.06},{"dt":1688554800,"sunrise":1688528145,"sunset":1688587087,"temp":{"day":20.23,"min":14.54,"max":20.23,"night":14.54,"eve":19.36,"morn":14.57},"feels_like":{"day":19.59,"night":13.8,"eve":18.6,"morn":14.33},"pressure":1011,"humidity":49,"weather":[{"id":500,"main":"Rain","description":"light rain","icon":"10d"}],"speed":9.8,"deg":237,"gust":15.08,"clouds":31,"pop":1,"rain":3.09}]}
--- ENF OF RECEIVED DATA ---

