________________________________________________
|             CALL API : START                |
________________________________________________

Informations : 
Called API: meteo - 4 May 2024, 07:40
Method: GETMETEO - Timeout : 300 - Cache : 1
URL CALLED : https://api.openweathermap.org/data/2.5/forecast/daily?q=Brussels,be&units=metric&cnt=4&appid=ea18c0706135505149200c3836f29800
-------------------------
________________________________________________
|             CALL API : START                |
________________________________________________

Informations : 
Called API: meteo - 4 May 2024, 07:40
Method: GETMETEO - Timeout : 300 - Cache : 1
URL CALLED : https://api.openweathermap.org/data/2.5/forecast/daily?q=Brussels,be&units=metric&cnt=4&appid=ea18c0706135505149200c3836f29800
-------------------------
{"city":{"id":2800866,"name":"Brussels","coord":{"lon":4.3488,"lat":50.8504},"country":"BE","population":1019022,"timezone":7200},"cod":"200","message":0.0528297,"cnt":4,"list":[{"dt":1714820400,"sunrise":1714795826,"sunset":1714849691,"temp":{"day":13.69,"min":7.85,"max":13.69,"night":8.09,"eve":11.07,"morn":8.46},"feels_like":{"day":12.99,"night":6.31,"eve":10.45,"morn":6.93},"pressure":1014,"humidity":72,"weather":[{"id":501,"main":"Rain","description":"moderate rain","icon":"10d"}],"speed":4.5,"deg":182,"gust":7.75,"clouds":100,"pop":1,"rain":5.22},{"dt":1714906800,"sunrise":1714882122,"sunset":1714936186,"temp":{"day":16.31,"min":6.18,"max":16.31,"night":11.89,"eve":14,"morn":6.41},"feels_like":{"day":15.56,"night":11.43,"eve":13.6,"morn":4.09},"pressure":1010,"humidity":60,"weather":[{"id":803,"main":"Clouds","description":"broken clouds","icon":"04d"}],"speed":4.64,"deg":203,"gust":9.87,"clouds":63,"pop":0},{"dt":1714993200,"sunrise":1714968420,"sunset":1715022681,"temp":{"day":11.37,"min":10.62,"max":11.62,"night":10.83,"eve":11.52,"morn":10.96},"feels_like":{"day":11.12,"night":10.48,"eve":11.23,"morn":10.67},"pressure":1008,"humidity":98,"weather":[{"id":501,"main":"Rain","description":"moderate rain","icon":"10d"}],"speed":3.59,"deg":29,"gust":7.12,"clouds":100,"pop":1,"rain":13.38},{"dt":1715079600,"sunrise":1715054720,"sunset":1715109175,"temp":{"day":17.33,"min":8.87,"max":17.33,"night":8.87,"eve":13.14,"morn":10.24},"feels_like":{"day":16.55,"night":6.95,"eve":12.62,"morn":9.83},"pressure":1019,"humidity":55,"weather":[{"id":804,"main":"Clouds","description":"overcast clouds","icon":"04d"}],"speed":5.21,"deg":331,"gust":8.18,"clouds":96,"pop":0}]}
--- ENF OF RECEIVED DATA ---

{"city":{"id":2800866,"name":"Brussels","coord":{"lon":4.3488,"lat":50.8504},"country":"BE","population":1019022,"timezone":7200},"cod":"200","message":0.0528297,"cnt":4,"list":[{"dt":1714820400,"sunrise":1714795826,"sunset":1714849691,"temp":{"day":13.69,"min":7.85,"max":13.69,"night":8.09,"eve":11.07,"morn":8.46},"feels_like":{"day":12.99,"night":6.31,"eve":10.45,"morn":6.93},"pressure":1014,"humidity":72,"weather":[{"id":501,"main":"Rain","description":"moderate rain","icon":"10d"}],"speed":4.5,"deg":182,"gust":7.75,"clouds":100,"pop":1,"rain":5.22},{"dt":1714906800,"sunrise":1714882122,"sunset":1714936186,"temp":{"day":16.31,"min":6.18,"max":16.31,"night":11.89,"eve":14,"morn":6.41},"feels_like":{"day":15.56,"night":11.43,"eve":13.6,"morn":4.09},"pressure":1010,"humidity":60,"weather":[{"id":803,"main":"Clouds","description":"broken clouds","icon":"04d"}],"speed":4.64,"deg":203,"gust":9.87,"clouds":63,"pop":0},{"dt":1714993200,"sunrise":1714968420,"sunset":1715022681,"temp":{"day":11.37,"min":10.62,"max":11.62,"night":10.83,"eve":11.52,"morn":10.96},"feels_like":{"day":11.12,"night":10.48,"eve":11.23,"morn":10.67},"pressure":1008,"humidity":98,"weather":[{"id":501,"main":"Rain","description":"moderate rain","icon":"10d"}],"speed":3.59,"deg":29,"gust":7.12,"clouds":100,"pop":1,"rain":13.38},{"dt":1715079600,"sunrise":1715054720,"sunset":1715109175,"temp":{"day":17.33,"min":8.87,"max":17.33,"night":8.87,"eve":13.14,"morn":10.24},"feels_like":{"day":16.55,"night":6.95,"eve":12.62,"morn":9.83},"pressure":1019,"humidity":55,"weather":[{"id":804,"main":"Clouds","description":"overcast clouds","icon":"04d"}],"speed":5.21,"deg":331,"gust":8.18,"clouds":96,"pop":0}]}
--- ENF OF RECEIVED DATA ---

