________________________________________________
|             CALL API : START                |
________________________________________________

Informations : 
Called API: meteo - 31 May 2024, 09:00
Method: GETMETEO - Timeout : 300 - Cache : 1
URL CALLED : https://api.openweathermap.org/data/2.5/forecast/daily?q=Brussels,be&units=metric&cnt=4&appid=ea18c0706135505149200c3836f29800
-------------------------
________________________________________________
|             CALL API : START                |
________________________________________________

Informations : 
Called API: meteo - 31 May 2024, 09:00
Method: GETMETEO - Timeout : 300 - Cache : 1
URL CALLED : https://api.openweathermap.org/data/2.5/forecast/daily?q=Brussels,be&units=metric&cnt=4&appid=ea18c0706135505149200c3836f29800
-------------------------
{"city":{"id":2800866,"name":"Brussels","coord":{"lon":4.3488,"lat":50.8504},"country":"BE","population":1019022,"timezone":7200},"cod":"200","message":0.2936944,"cnt":4,"list":[{"dt":1717153200,"sunrise":1717126504,"sunset":1717184757,"temp":{"day":12.56,"min":10.71,"max":16.28,"night":13.01,"eve":16.28,"morn":12.3},"feels_like":{"day":12.3,"night":12.87,"eve":15.95,"morn":12.01},"pressure":1012,"humidity":93,"weather":[{"id":500,"main":"Rain","description":"light rain","icon":"10d"}],"speed":4.37,"deg":349,"gust":10.36,"clouds":95,"pop":1,"rain":3.28},{"dt":1717239600,"sunrise":1717212858,"sunset":1717271221,"temp":{"day":14.63,"min":12.67,"max":16.01,"night":13.28,"eve":15.01,"morn":13.05},"feels_like":{"day":14.55,"night":12.94,"eve":14.79,"morn":12.94},"pressure":1018,"humidity":92,"weather":[{"id":500,"main":"Rain","description":"light rain","icon":"10d"}],"speed":6.94,"deg":333,"gust":10.41,"clouds":100,"pop":1,"rain":1.38},{"dt":1717326000,"sunrise":1717299215,"sunset":1717357683,"temp":{"day":18.95,"min":10.46,"max":19.06,"night":10.46,"eve":15.99,"morn":12.12},"feels_like":{"day":18.34,"night":9.91,"eve":15.34,"morn":11.76},"pressure":1023,"humidity":55,"weather":[{"id":801,"main":"Clouds","description":"few clouds","icon":"02d"}],"speed":6.62,"deg":338,"gust":9.34,"clouds":13,"pop":0},{"dt":1717412400,"sunrise":1717385574,"sunset":1717444143,"temp":{"day":18.02,"min":8.51,"max":19.71,"night":13.15,"eve":17.06,"morn":9.93},"feels_like":{"day":17.68,"night":12.92,"eve":16.94,"morn":9.66},"pressure":1020,"humidity":69,"weather":[{"id":500,"main":"Rain","description":"light rain","icon":"10d"}],"speed":3.91,"deg":333,"gust":6.26,"clouds":100,"pop":0.2,"rain":0.43}]}
--- ENF OF RECEIVED DATA ---

{"city":{"id":2800866,"name":"Brussels","coord":{"lon":4.3488,"lat":50.8504},"country":"BE","population":1019022,"timezone":7200},"cod":"200","message":0.2936944,"cnt":4,"list":[{"dt":1717153200,"sunrise":1717126504,"sunset":1717184757,"temp":{"day":12.56,"min":10.71,"max":16.28,"night":13.01,"eve":16.28,"morn":12.3},"feels_like":{"day":12.3,"night":12.87,"eve":15.95,"morn":12.01},"pressure":1012,"humidity":93,"weather":[{"id":500,"main":"Rain","description":"light rain","icon":"10d"}],"speed":4.37,"deg":349,"gust":10.36,"clouds":95,"pop":1,"rain":3.28},{"dt":1717239600,"sunrise":1717212858,"sunset":1717271221,"temp":{"day":14.63,"min":12.67,"max":16.01,"night":13.28,"eve":15.01,"morn":13.05},"feels_like":{"day":14.55,"night":12.94,"eve":14.79,"morn":12.94},"pressure":1018,"humidity":92,"weather":[{"id":500,"main":"Rain","description":"light rain","icon":"10d"}],"speed":6.94,"deg":333,"gust":10.41,"clouds":100,"pop":1,"rain":1.38},{"dt":1717326000,"sunrise":1717299215,"sunset":1717357683,"temp":{"day":18.95,"min":10.46,"max":19.06,"night":10.46,"eve":15.99,"morn":12.12},"feels_like":{"day":18.34,"night":9.91,"eve":15.34,"morn":11.76},"pressure":1023,"humidity":55,"weather":[{"id":801,"main":"Clouds","description":"few clouds","icon":"02d"}],"speed":6.62,"deg":338,"gust":9.34,"clouds":13,"pop":0},{"dt":1717412400,"sunrise":1717385574,"sunset":1717444143,"temp":{"day":18.02,"min":8.51,"max":19.71,"night":13.15,"eve":17.06,"morn":9.93},"feels_like":{"day":17.68,"night":12.92,"eve":16.94,"morn":9.66},"pressure":1020,"humidity":69,"weather":[{"id":500,"main":"Rain","description":"light rain","icon":"10d"}],"speed":3.91,"deg":333,"gust":6.26,"clouds":100,"pop":0.2,"rain":0.43}]}
--- ENF OF RECEIVED DATA ---

