________________________________________________
|             CALL API : START                |
________________________________________________

Informations : 
Called API: meteo - 6 April 2025, 04:30
Method: GETMETEO - Timeout : 300 - Cache : 1
URL CALLED : https://api.openweathermap.org/data/2.5/forecast/daily?q=Brussels,be&units=metric&cnt=4&appid=ea18c0706135505149200c3836f29800
-------------------------
________________________________________________
|             CALL API : START                |
________________________________________________

Informations : 
Called API: meteo - 6 April 2025, 04:30
Method: GETMETEO - Timeout : 300 - Cache : 1
URL CALLED : https://api.openweathermap.org/data/2.5/forecast/daily?q=Brussels,be&units=metric&cnt=4&appid=ea18c0706135505149200c3836f29800
-------------------------
{"city":{"id":2800866,"name":"Brussels","coord":{"lon":4.3488,"lat":50.8504},"country":"BE","population":1019022,"timezone":7200},"cod":"200","message":0.9088123,"cnt":4,"list":[{"dt":1743937200,"sunrise":1743916031,"sunset":1743963744,"temp":{"day":11.14,"min":5.66,"max":13.19,"night":6.8,"eve":11.64,"morn":6.43},"feels_like":{"day":9.12,"night":4.26,"eve":9.77,"morn":2.79},"pressure":1023,"humidity":31,"weather":[{"id":800,"main":"Clear","description":"sky is clear","icon":"01d"}],"speed":6.98,"deg":83,"gust":13.36,"clouds":6,"pop":0},{"dt":1744023600,"sunrise":1744002299,"sunset":1744050242,"temp":{"day":11.88,"min":2.89,"max":14.3,"night":7.93,"eve":13.47,"morn":2.89},"feels_like":{"day":10.06,"night":6.33,"eve":11.94,"morn":0.22},"pressure":1026,"humidity":36,"weather":[{"id":802,"main":"Clouds","description":"scattered clouds","icon":"03d"}],"speed":4.06,"deg":80,"gust":6.69,"clouds":27,"pop":0},{"dt":1744110000,"sunrise":1744088568,"sunset":1744136739,"temp":{"day":12.89,"min":4.23,"max":14.93,"night":8.35,"eve":13.58,"morn":4.23},"feels_like":{"day":11.38,"night":6.54,"eve":12.12,"morn":2.36},"pressure":1026,"humidity":44,"weather":[{"id":802,"main":"Clouds","description":"scattered clouds","icon":"03d"}],"speed":3.68,"deg":42,"gust":5.51,"clouds":39,"pop":0},{"dt":1744196400,"sunrise":1744174837,"sunset":1744223236,"temp":{"day":15.8,"min":5.84,"max":16.8,"night":8.85,"eve":12.98,"morn":6.04},"feels_like":{"day":14.58,"night":6.76,"eve":11.85,"morn":4.21},"pressure":1025,"humidity":44,"weather":[{"id":802,"main":"Clouds","description":"scattered clouds","icon":"03d"}],"speed":4.81,"deg":33,"gust":7.73,"clouds":31,"pop":0}]}
--- ENF OF RECEIVED DATA ---

{"city":{"id":2800866,"name":"Brussels","coord":{"lon":4.3488,"lat":50.8504},"country":"BE","population":1019022,"timezone":7200},"cod":"200","message":0.9088123,"cnt":4,"list":[{"dt":1743937200,"sunrise":1743916031,"sunset":1743963744,"temp":{"day":11.14,"min":5.66,"max":13.19,"night":6.8,"eve":11.64,"morn":6.43},"feels_like":{"day":9.12,"night":4.26,"eve":9.77,"morn":2.79},"pressure":1023,"humidity":31,"weather":[{"id":800,"main":"Clear","description":"sky is clear","icon":"01d"}],"speed":6.98,"deg":83,"gust":13.36,"clouds":6,"pop":0},{"dt":1744023600,"sunrise":1744002299,"sunset":1744050242,"temp":{"day":11.88,"min":2.89,"max":14.3,"night":7.93,"eve":13.47,"morn":2.89},"feels_like":{"day":10.06,"night":6.33,"eve":11.94,"morn":0.22},"pressure":1026,"humidity":36,"weather":[{"id":802,"main":"Clouds","description":"scattered clouds","icon":"03d"}],"speed":4.06,"deg":80,"gust":6.69,"clouds":27,"pop":0},{"dt":1744110000,"sunrise":1744088568,"sunset":1744136739,"temp":{"day":12.89,"min":4.23,"max":14.93,"night":8.35,"eve":13.58,"morn":4.23},"feels_like":{"day":11.38,"night":6.54,"eve":12.12,"morn":2.36},"pressure":1026,"humidity":44,"weather":[{"id":802,"main":"Clouds","description":"scattered clouds","icon":"03d"}],"speed":3.68,"deg":42,"gust":5.51,"clouds":39,"pop":0},{"dt":1744196400,"sunrise":1744174837,"sunset":1744223236,"temp":{"day":15.8,"min":5.84,"max":16.8,"night":8.85,"eve":12.98,"morn":6.04},"feels_like":{"day":14.58,"night":6.76,"eve":11.85,"morn":4.21},"pressure":1025,"humidity":44,"weather":[{"id":802,"main":"Clouds","description":"scattered clouds","icon":"03d"}],"speed":4.81,"deg":33,"gust":7.73,"clouds":31,"pop":0}]}
--- ENF OF RECEIVED DATA ---

