________________________________________________
|             CALL API : START                |
________________________________________________

Informations : 
Called API: meteo - 9 July 2023, 04:10
Method: GETMETEO - Timeout : 300 - Cache : 1
URL CALLED : https://api.openweathermap.org/data/2.5/forecast/daily?q=Brussels,be&units=metric&cnt=4&appid=ea18c0706135505149200c3836f29800
-------------------------
________________________________________________
|             CALL API : START                |
________________________________________________

Informations : 
Called API: meteo - 9 July 2023, 04:10
Method: GETMETEO - Timeout : 300 - Cache : 1
URL CALLED : https://api.openweathermap.org/data/2.5/forecast/daily?q=Brussels,be&units=metric&cnt=4&appid=ea18c0706135505149200c3836f29800
-------------------------
{"city":{"id":2800866,"name":"Brussels","coord":{"lon":4.3488,"lat":50.8504},"country":"BE","population":1019022,"timezone":7200},"cod":"200","message":0.0713254,"cnt":4,"list":[{"dt":1688900400,"sunrise":1688873956,"sunset":1688932551,"temp":{"day":29.65,"min":18.24,"max":31.28,"night":18.24,"eve":20.52,"morn":20.35},"feels_like":{"day":30.26,"night":18.57,"eve":20.87,"morn":20.53},"pressure":1019,"humidity":48,"weather":[{"id":501,"main":"Rain","description":"moderate rain","icon":"10d"}],"speed":9,"deg":311,"gust":11.1,"clouds":40,"pop":1,"rain":5.8},{"dt":1688986800,"sunrise":1688960414,"sunset":1689018910,"temp":{"day":25.47,"min":16.04,"max":26.67,"night":18.64,"eve":24.52,"morn":16.52},"feels_like":{"day":25.2,"night":18.31,"eve":24.25,"morn":16.58},"pressure":1022,"humidity":43,"weather":[{"id":802,"main":"Clouds","description":"scattered clouds","icon":"03d"}],"speed":4.79,"deg":274,"gust":6.42,"clouds":33,"pop":0.53},{"dt":1689073200,"sunrise":1689046874,"sunset":1689105266,"temp":{"day":28.39,"min":17.57,"max":30.21,"night":20.36,"eve":28.73,"morn":19},"feels_like":{"day":27.73,"night":20.46,"eve":28.26,"morn":18.55},"pressure":1012,"humidity":36,"weather":[{"id":500,"main":"Rain","description":"light rain","icon":"10d"}],"speed":6.81,"deg":236,"gust":12.49,"clouds":34,"pop":0.57,"rain":0.37},{"dt":1689159600,"sunrise":1689133336,"sunset":1689191620,"temp":{"day":20.42,"min":15.9,"max":22.01,"night":15.9,"eve":21.7,"morn":16.03},"feels_like":{"day":20.01,"night":15.03,"eve":21.1,"morn":16.01},"pressure":1012,"humidity":57,"weather":[{"id":501,"main":"Rain","description":"moderate rain","icon":"10d"}],"speed":7.64,"deg":241,"gust":12.54,"clouds":87,"pop":0.92,"rain":5.26}]}
--- ENF OF RECEIVED DATA ---

{"city":{"id":2800866,"name":"Brussels","coord":{"lon":4.3488,"lat":50.8504},"country":"BE","population":1019022,"timezone":7200},"cod":"200","message":0.0713254,"cnt":4,"list":[{"dt":1688900400,"sunrise":1688873956,"sunset":1688932551,"temp":{"day":29.65,"min":18.24,"max":31.28,"night":18.24,"eve":20.52,"morn":20.35},"feels_like":{"day":30.26,"night":18.57,"eve":20.87,"morn":20.53},"pressure":1019,"humidity":48,"weather":[{"id":501,"main":"Rain","description":"moderate rain","icon":"10d"}],"speed":9,"deg":311,"gust":11.1,"clouds":40,"pop":1,"rain":5.8},{"dt":1688986800,"sunrise":1688960414,"sunset":1689018910,"temp":{"day":25.47,"min":16.04,"max":26.67,"night":18.64,"eve":24.52,"morn":16.52},"feels_like":{"day":25.2,"night":18.31,"eve":24.25,"morn":16.58},"pressure":1022,"humidity":43,"weather":[{"id":802,"main":"Clouds","description":"scattered clouds","icon":"03d"}],"speed":4.79,"deg":274,"gust":6.42,"clouds":33,"pop":0.53},{"dt":1689073200,"sunrise":1689046874,"sunset":1689105266,"temp":{"day":28.39,"min":17.57,"max":30.21,"night":20.36,"eve":28.73,"morn":19},"feels_like":{"day":27.73,"night":20.46,"eve":28.26,"morn":18.55},"pressure":1012,"humidity":36,"weather":[{"id":500,"main":"Rain","description":"light rain","icon":"10d"}],"speed":6.81,"deg":236,"gust":12.49,"clouds":34,"pop":0.57,"rain":0.37},{"dt":1689159600,"sunrise":1689133336,"sunset":1689191620,"temp":{"day":20.42,"min":15.9,"max":22.01,"night":15.9,"eve":21.7,"morn":16.03},"feels_like":{"day":20.01,"night":15.03,"eve":21.1,"morn":16.01},"pressure":1012,"humidity":57,"weather":[{"id":501,"main":"Rain","description":"moderate rain","icon":"10d"}],"speed":7.64,"deg":241,"gust":12.54,"clouds":87,"pop":0.92,"rain":5.26}]}
--- ENF OF RECEIVED DATA ---

