________________________________________________
|             CALL API : START                |
________________________________________________

Informations : 
Called API: meteo - 6 December 2023, 04:40
Method: GETMETEO - Timeout : 300 - Cache : 1
URL CALLED : https://api.openweathermap.org/data/2.5/forecast/daily?q=Brussels,be&units=metric&cnt=4&appid=ea18c0706135505149200c3836f29800
-------------------------
________________________________________________
|             CALL API : START                |
________________________________________________

Informations : 
Called API: meteo - 6 December 2023, 04:40
Method: GETMETEO - Timeout : 300 - Cache : 1
URL CALLED : https://api.openweathermap.org/data/2.5/forecast/daily?q=Brussels,be&units=metric&cnt=4&appid=ea18c0706135505149200c3836f29800
-------------------------
{"city":{"id":2800866,"name":"Brussels","coord":{"lon":4.3488,"lat":50.8504},"country":"BE","population":1019022,"timezone":3600},"cod":"200","message":0.0255793,"cnt":4,"list":[{"dt":1701860400,"sunrise":1701847745,"sunset":1701877091,"temp":{"day":5.37,"min":2.01,"max":6.2,"night":2.01,"eve":3.42,"morn":4.55},"feels_like":{"day":3.44,"night":-0.09,"eve":0.75,"morn":1.11},"pressure":1017,"humidity":80,"weather":[{"id":500,"main":"Rain","description":"light rain","icon":"10d"}],"speed":4.35,"deg":310,"gust":9.41,"clouds":100,"pop":0.32,"rain":0.13},{"dt":1701946800,"sunrise":1701934217,"sunset":1701963469,"temp":{"day":5.19,"min":1.4,"max":5.98,"night":5.31,"eve":4.16,"morn":1.74},"feels_like":{"day":1.55,"night":1.19,"eve":0.05,"morn":-1.45},"pressure":1016,"humidity":69,"weather":[{"id":500,"main":"Rain","description":"light rain","icon":"10d"}],"speed":6.59,"deg":166,"gust":15.91,"clouds":80,"pop":0.4,"rain":0.25},{"dt":1702033200,"sunrise":1702020686,"sunset":1702049851,"temp":{"day":8.37,"min":5.19,"max":8.37,"night":8.29,"eve":7.46,"morn":5.53},"feels_like":{"day":4.93,"night":4.52,"eve":3.81,"morn":1.97},"pressure":1005,"humidity":84,"weather":[{"id":500,"main":"Rain","description":"light rain","icon":"10d"}],"speed":7.76,"deg":183,"gust":15.81,"clouds":100,"pop":0.92,"rain":0.57},{"dt":1702119600,"sunrise":1702107153,"sunset":1702136236,"temp":{"day":10.44,"min":8.36,"max":10.44,"night":10.1,"eve":9.3,"morn":9.83},"feels_like":{"day":9.79,"night":9.57,"eve":5.65,"morn":6.23},"pressure":1009,"humidity":86,"weather":[{"id":500,"main":"Rain","description":"light rain","icon":"10d"}],"speed":9.25,"deg":220,"gust":16.71,"clouds":100,"pop":1,"rain":3.01}]}
--- ENF OF RECEIVED DATA ---

{"city":{"id":2800866,"name":"Brussels","coord":{"lon":4.3488,"lat":50.8504},"country":"BE","population":1019022,"timezone":3600},"cod":"200","message":0.0255793,"cnt":4,"list":[{"dt":1701860400,"sunrise":1701847745,"sunset":1701877091,"temp":{"day":5.37,"min":2.01,"max":6.2,"night":2.01,"eve":3.42,"morn":4.55},"feels_like":{"day":3.44,"night":-0.09,"eve":0.75,"morn":1.11},"pressure":1017,"humidity":80,"weather":[{"id":500,"main":"Rain","description":"light rain","icon":"10d"}],"speed":4.35,"deg":310,"gust":9.41,"clouds":100,"pop":0.32,"rain":0.13},{"dt":1701946800,"sunrise":1701934217,"sunset":1701963469,"temp":{"day":5.19,"min":1.4,"max":5.98,"night":5.31,"eve":4.16,"morn":1.74},"feels_like":{"day":1.55,"night":1.19,"eve":0.05,"morn":-1.45},"pressure":1016,"humidity":69,"weather":[{"id":500,"main":"Rain","description":"light rain","icon":"10d"}],"speed":6.59,"deg":166,"gust":15.91,"clouds":80,"pop":0.4,"rain":0.25},{"dt":1702033200,"sunrise":1702020686,"sunset":1702049851,"temp":{"day":8.37,"min":5.19,"max":8.37,"night":8.29,"eve":7.46,"morn":5.53},"feels_like":{"day":4.93,"night":4.52,"eve":3.81,"morn":1.97},"pressure":1005,"humidity":84,"weather":[{"id":500,"main":"Rain","description":"light rain","icon":"10d"}],"speed":7.76,"deg":183,"gust":15.81,"clouds":100,"pop":0.92,"rain":0.57},{"dt":1702119600,"sunrise":1702107153,"sunset":1702136236,"temp":{"day":10.44,"min":8.36,"max":10.44,"night":10.1,"eve":9.3,"morn":9.83},"feels_like":{"day":9.79,"night":9.57,"eve":5.65,"morn":6.23},"pressure":1009,"humidity":86,"weather":[{"id":500,"main":"Rain","description":"light rain","icon":"10d"}],"speed":9.25,"deg":220,"gust":16.71,"clouds":100,"pop":1,"rain":3.01}]}
--- ENF OF RECEIVED DATA ---

