________________________________________________
|             CALL API : START                |
________________________________________________

Informations : 
Called API: meteo - 15 June 2024, 05:50
Method: GETMETEO - Timeout : 300 - Cache : 1
URL CALLED : https://api.openweathermap.org/data/2.5/forecast/daily?q=Brussels,be&units=metric&cnt=4&appid=ea18c0706135505149200c3836f29800
-------------------------
________________________________________________
|             CALL API : START                |
________________________________________________

Informations : 
Called API: meteo - 15 June 2024, 05:50
Method: GETMETEO - Timeout : 300 - Cache : 1
URL CALLED : https://api.openweathermap.org/data/2.5/forecast/daily?q=Brussels,be&units=metric&cnt=4&appid=ea18c0706135505149200c3836f29800
-------------------------
{"city":{"id":2800866,"name":"Brussels","coord":{"lon":4.3488,"lat":50.8504},"country":"BE","population":1019022,"timezone":7200},"cod":"200","message":0.0694464,"cnt":4,"list":[{"dt":1718449200,"sunrise":1718422107,"sunset":1718481477,"temp":{"day":16.56,"min":11.82,"max":17.44,"night":12.84,"eve":15.68,"morn":12.21},"feels_like":{"day":15.84,"night":12.61,"eve":15.39,"morn":11.73},"pressure":1006,"humidity":60,"weather":[{"id":500,"main":"Rain","description":"light rain","icon":"10d"}],"speed":9.64,"deg":219,"gust":14.91,"clouds":37,"pop":1,"rain":4.53},{"dt":1718535600,"sunrise":1718508504,"sunset":1718567905,"temp":{"day":15.01,"min":11.81,"max":15.76,"night":12.15,"eve":13.95,"morn":11.89},"feels_like":{"day":14.63,"night":11.9,"eve":13.86,"morn":11.59},"pressure":1007,"humidity":79,"weather":[{"id":502,"main":"Rain","description":"heavy intensity rain","icon":"10d"}],"speed":7.46,"deg":209,"gust":12.42,"clouds":100,"pop":1,"rain":12.41},{"dt":1718622000,"sunrise":1718594904,"sunset":1718654329,"temp":{"day":18.19,"min":10.59,"max":19.25,"night":15.23,"eve":19.03,"morn":12.11},"feels_like":{"day":18.08,"night":15.18,"eve":19.03,"morn":11.83},"pressure":1012,"humidity":77,"weather":[{"id":500,"main":"Rain","description":"light rain","icon":"10d"}],"speed":5.14,"deg":225,"gust":9.3,"clouds":81,"pop":1,"rain":4.96},{"dt":1718708400,"sunrise":1718681307,"sunset":1718740751,"temp":{"day":20.48,"min":13.31,"max":20.48,"night":14.73,"eve":17.4,"morn":15.73},"feels_like":{"day":20.44,"night":14.61,"eve":17.44,"morn":15.71},"pressure":1014,"humidity":71,"weather":[{"id":500,"main":"Rain","description":"light rain","icon":"10d"}],"speed":3.22,"deg":351,"gust":6.67,"clouds":100,"pop":1,"rain":1.72}]}
--- ENF OF RECEIVED DATA ---

{"city":{"id":2800866,"name":"Brussels","coord":{"lon":4.3488,"lat":50.8504},"country":"BE","population":1019022,"timezone":7200},"cod":"200","message":0.0694464,"cnt":4,"list":[{"dt":1718449200,"sunrise":1718422107,"sunset":1718481477,"temp":{"day":16.56,"min":11.82,"max":17.44,"night":12.84,"eve":15.68,"morn":12.21},"feels_like":{"day":15.84,"night":12.61,"eve":15.39,"morn":11.73},"pressure":1006,"humidity":60,"weather":[{"id":500,"main":"Rain","description":"light rain","icon":"10d"}],"speed":9.64,"deg":219,"gust":14.91,"clouds":37,"pop":1,"rain":4.53},{"dt":1718535600,"sunrise":1718508504,"sunset":1718567905,"temp":{"day":15.01,"min":11.81,"max":15.76,"night":12.15,"eve":13.95,"morn":11.89},"feels_like":{"day":14.63,"night":11.9,"eve":13.86,"morn":11.59},"pressure":1007,"humidity":79,"weather":[{"id":502,"main":"Rain","description":"heavy intensity rain","icon":"10d"}],"speed":7.46,"deg":209,"gust":12.42,"clouds":100,"pop":1,"rain":12.41},{"dt":1718622000,"sunrise":1718594904,"sunset":1718654329,"temp":{"day":18.19,"min":10.59,"max":19.25,"night":15.23,"eve":19.03,"morn":12.11},"feels_like":{"day":18.08,"night":15.18,"eve":19.03,"morn":11.83},"pressure":1012,"humidity":77,"weather":[{"id":500,"main":"Rain","description":"light rain","icon":"10d"}],"speed":5.14,"deg":225,"gust":9.3,"clouds":81,"pop":1,"rain":4.96},{"dt":1718708400,"sunrise":1718681307,"sunset":1718740751,"temp":{"day":20.48,"min":13.31,"max":20.48,"night":14.73,"eve":17.4,"morn":15.73},"feels_like":{"day":20.44,"night":14.61,"eve":17.44,"morn":15.71},"pressure":1014,"humidity":71,"weather":[{"id":500,"main":"Rain","description":"light rain","icon":"10d"}],"speed":3.22,"deg":351,"gust":6.67,"clouds":100,"pop":1,"rain":1.72}]}
--- ENF OF RECEIVED DATA ---

