________________________________________________
|             CALL API : START                |
________________________________________________

Informations : 
Called API: meteo - 5 January 2025, 16:50
Method: GETMETEO - Timeout : 300 - Cache : 1
URL CALLED : https://api.openweathermap.org/data/2.5/forecast/daily?q=Brussels,be&units=metric&cnt=4&appid=ea18c0706135505149200c3836f29800
-------------------------
________________________________________________
|             CALL API : START                |
________________________________________________

Informations : 
Called API: meteo - 5 January 2025, 16:50
Method: GETMETEO - Timeout : 300 - Cache : 1
URL CALLED : https://api.openweathermap.org/data/2.5/forecast/daily?q=Brussels,be&units=metric&cnt=4&appid=ea18c0706135505149200c3836f29800
-------------------------
{"city":{"id":2800866,"name":"Brussels","coord":{"lon":4.3488,"lat":50.8504},"country":"BE","population":1019022,"timezone":3600},"cod":"200","message":0.071333,"cnt":4,"list":[{"dt":1736074800,"sunrise":1736063053,"sunset":1736092288,"temp":{"day":9.4,"min":0.42,"max":11.79,"night":10.62,"eve":11.6,"morn":1.41},"feels_like":{"day":5.53,"night":10.06,"eve":11.14,"morn":-2.7},"pressure":994,"humidity":94,"weather":[{"id":616,"main":"Snow","description":"rain and snow","icon":"13d"}],"speed":11.2,"deg":221,"gust":21.94,"clouds":100,"pop":1,"rain":16.24,"snow":0.92},{"dt":1736161200,"sunrise":1736149433,"sunset":1736178760,"temp":{"day":11.78,"min":4.49,"max":11.9,"night":4.49,"eve":6.69,"morn":10.49},"feels_like":{"day":10.84,"night":-0.79,"eve":1.66,"morn":9.79},"pressure":982,"humidity":70,"weather":[{"id":500,"main":"Rain","description":"light rain","icon":"10d"}],"speed":16.67,"deg":205,"gust":29.19,"clouds":100,"pop":1,"rain":2.82},{"dt":1736247600,"sunrise":1736235809,"sunset":1736265234,"temp":{"day":3.4,"min":1.28,"max":4.88,"night":1.28,"eve":3.38,"morn":2.96},"feels_like":{"day":-2,"night":-3.54,"eve":-1.16,"morn":-1.85},"pressure":1000,"humidity":85,"weather":[{"id":616,"main":"Snow","description":"rain and snow","icon":"13d"}],"speed":9.3,"deg":222,"gust":17,"clouds":80,"pop":1,"rain":6.6,"snow":3.91},{"dt":1736334000,"sunrise":1736322183,"sunset":1736351711,"temp":{"day":3.09,"min":-0.06,"max":4.03,"night":1.74,"eve":2.65,"morn":0.39},"feels_like":{"day":-0.15,"night":-0.7,"eve":0.83,"morn":-3.44},"pressure":1006,"humidity":84,"weather":[{"id":601,"main":"Snow","description":"snow","icon":"13d"}],"speed":6.13,"deg":241,"gust":12.19,"clouds":93,"pop":1,"snow":3.41}]}
--- ENF OF RECEIVED DATA ---

{"city":{"id":2800866,"name":"Brussels","coord":{"lon":4.3488,"lat":50.8504},"country":"BE","population":1019022,"timezone":3600},"cod":"200","message":0.071333,"cnt":4,"list":[{"dt":1736074800,"sunrise":1736063053,"sunset":1736092288,"temp":{"day":9.4,"min":0.42,"max":11.79,"night":10.62,"eve":11.6,"morn":1.41},"feels_like":{"day":5.53,"night":10.06,"eve":11.14,"morn":-2.7},"pressure":994,"humidity":94,"weather":[{"id":616,"main":"Snow","description":"rain and snow","icon":"13d"}],"speed":11.2,"deg":221,"gust":21.94,"clouds":100,"pop":1,"rain":16.24,"snow":0.92},{"dt":1736161200,"sunrise":1736149433,"sunset":1736178760,"temp":{"day":11.78,"min":4.49,"max":11.9,"night":4.49,"eve":6.69,"morn":10.49},"feels_like":{"day":10.84,"night":-0.79,"eve":1.66,"morn":9.79},"pressure":982,"humidity":70,"weather":[{"id":500,"main":"Rain","description":"light rain","icon":"10d"}],"speed":16.67,"deg":205,"gust":29.19,"clouds":100,"pop":1,"rain":2.82},{"dt":1736247600,"sunrise":1736235809,"sunset":1736265234,"temp":{"day":3.4,"min":1.28,"max":4.88,"night":1.28,"eve":3.38,"morn":2.96},"feels_like":{"day":-2,"night":-3.54,"eve":-1.16,"morn":-1.85},"pressure":1000,"humidity":85,"weather":[{"id":616,"main":"Snow","description":"rain and snow","icon":"13d"}],"speed":9.3,"deg":222,"gust":17,"clouds":80,"pop":1,"rain":6.6,"snow":3.91},{"dt":1736334000,"sunrise":1736322183,"sunset":1736351711,"temp":{"day":3.09,"min":-0.06,"max":4.03,"night":1.74,"eve":2.65,"morn":0.39},"feels_like":{"day":-0.15,"night":-0.7,"eve":0.83,"morn":-3.44},"pressure":1006,"humidity":84,"weather":[{"id":601,"main":"Snow","description":"snow","icon":"13d"}],"speed":6.13,"deg":241,"gust":12.19,"clouds":93,"pop":1,"snow":3.41}]}
--- ENF OF RECEIVED DATA ---

