________________________________________________
|             CALL API : START                |
________________________________________________

Informations : 
Called API: meteo - 23 August 2024, 21:20
Method: GETMETEO - Timeout : 300 - Cache : 1
URL CALLED : https://api.openweathermap.org/data/2.5/forecast/daily?q=Brussels,be&units=metric&cnt=4&appid=ea18c0706135505149200c3836f29800
-------------------------
________________________________________________
|             CALL API : START                |
________________________________________________

Informations : 
Called API: meteo - 23 August 2024, 21:20
Method: GETMETEO - Timeout : 300 - Cache : 1
URL CALLED : https://api.openweathermap.org/data/2.5/forecast/daily?q=Brussels,be&units=metric&cnt=4&appid=ea18c0706135505149200c3836f29800
-------------------------
{"city":{"id":2800866,"name":"Brussels","coord":{"lon":4.3488,"lat":50.8504},"country":"BE","population":1019022,"timezone":7200},"cod":"200","message":0.0503167,"cnt":4,"list":[{"dt":1724410800,"sunrise":1724388179,"sunset":1724438865,"temp":{"day":21.46,"min":16.77,"max":21.46,"night":18.64,"eve":19.43,"morn":16.77},"feels_like":{"day":21.59,"night":18.83,"eve":19.6,"morn":16.41},"pressure":1008,"humidity":74,"weather":[{"id":500,"main":"Rain","description":"light rain","icon":"10d"}],"speed":9.95,"deg":222,"gust":16.13,"clouds":71,"pop":0.96,"rain":0.73},{"dt":1724497200,"sunrise":1724474672,"sunset":1724525140,"temp":{"day":26.09,"min":15.76,"max":28.88,"night":15.76,"eve":17.78,"morn":18.47},"feels_like":{"day":26.09,"night":15.74,"eve":17.89,"morn":18.83},"pressure":1006,"humidity":61,"weather":[{"id":501,"main":"Rain","description":"moderate rain","icon":"10d"}],"speed":9.74,"deg":266,"gust":14.61,"clouds":25,"pop":1,"rain":4.36},{"dt":1724583600,"sunrise":1724561165,"sunset":1724611414,"temp":{"day":18.96,"min":11.03,"max":19.6,"night":13.41,"eve":18.57,"morn":11.03},"feels_like":{"day":18.32,"night":12.53,"eve":17.94,"morn":10.54},"pressure":1021,"humidity":54,"weather":[{"id":801,"main":"Clouds","description":"few clouds","icon":"02d"}],"speed":6.49,"deg":252,"gust":12.42,"clouds":14,"pop":0.54},{"dt":1724670000,"sunrise":1724647658,"sunset":1724697688,"temp":{"day":20.62,"min":11.93,"max":22.72,"night":17.65,"eve":21.03,"morn":11.93},"feels_like":{"day":20.1,"night":17.19,"eve":20.65,"morn":11.29},"pressure":1022,"humidity":52,"weather":[{"id":801,"main":"Clouds","description":"few clouds","icon":"02d"}],"speed":4.06,"deg":232,"gust":7.16,"clouds":16,"pop":0}]}
--- ENF OF RECEIVED DATA ---

{"city":{"id":2800866,"name":"Brussels","coord":{"lon":4.3488,"lat":50.8504},"country":"BE","population":1019022,"timezone":7200},"cod":"200","message":0.0503167,"cnt":4,"list":[{"dt":1724410800,"sunrise":1724388179,"sunset":1724438865,"temp":{"day":21.46,"min":16.77,"max":21.46,"night":18.64,"eve":19.43,"morn":16.77},"feels_like":{"day":21.59,"night":18.83,"eve":19.6,"morn":16.41},"pressure":1008,"humidity":74,"weather":[{"id":500,"main":"Rain","description":"light rain","icon":"10d"}],"speed":9.95,"deg":222,"gust":16.13,"clouds":71,"pop":0.96,"rain":0.73},{"dt":1724497200,"sunrise":1724474672,"sunset":1724525140,"temp":{"day":26.09,"min":15.76,"max":28.88,"night":15.76,"eve":17.78,"morn":18.47},"feels_like":{"day":26.09,"night":15.74,"eve":17.89,"morn":18.83},"pressure":1006,"humidity":61,"weather":[{"id":501,"main":"Rain","description":"moderate rain","icon":"10d"}],"speed":9.74,"deg":266,"gust":14.61,"clouds":25,"pop":1,"rain":4.36},{"dt":1724583600,"sunrise":1724561165,"sunset":1724611414,"temp":{"day":18.96,"min":11.03,"max":19.6,"night":13.41,"eve":18.57,"morn":11.03},"feels_like":{"day":18.32,"night":12.53,"eve":17.94,"morn":10.54},"pressure":1021,"humidity":54,"weather":[{"id":801,"main":"Clouds","description":"few clouds","icon":"02d"}],"speed":6.49,"deg":252,"gust":12.42,"clouds":14,"pop":0.54},{"dt":1724670000,"sunrise":1724647658,"sunset":1724697688,"temp":{"day":20.62,"min":11.93,"max":22.72,"night":17.65,"eve":21.03,"morn":11.93},"feels_like":{"day":20.1,"night":17.19,"eve":20.65,"morn":11.29},"pressure":1022,"humidity":52,"weather":[{"id":801,"main":"Clouds","description":"few clouds","icon":"02d"}],"speed":4.06,"deg":232,"gust":7.16,"clouds":16,"pop":0}]}
--- ENF OF RECEIVED DATA ---

