________________________________________________
|             CALL API : START                |
________________________________________________

Informations : 
Called API: meteo - 20 May 2023, 03:40
Method: GETMETEO - Timeout : 300 - Cache : 1
URL CALLED : https://api.openweathermap.org/data/2.5/forecast/daily?q=Brussels,be&units=metric&cnt=4&appid=ea18c0706135505149200c3836f29800
-------------------------
________________________________________________
|             CALL API : START                |
________________________________________________

Informations : 
Called API: meteo - 20 May 2023, 03:40
Method: GETMETEO - Timeout : 300 - Cache : 1
URL CALLED : https://api.openweathermap.org/data/2.5/forecast/daily?q=Brussels,be&units=metric&cnt=4&appid=ea18c0706135505149200c3836f29800
-------------------------
{"city":{"id":2800866,"name":"Brussels","coord":{"lon":4.3488,"lat":50.8504},"country":"BE","population":1019022,"timezone":7200},"cod":"200","message":0.043898,"cnt":4,"list":[{"dt":1684580400,"sunrise":1684554436,"sunset":1684611073,"temp":{"day":15.54,"min":10.47,"max":18.87,"night":13.75,"eve":16.39,"morn":10.66},"feels_like":{"day":14.95,"night":13.32,"eve":15.91,"morn":9.92},"pressure":1021,"humidity":69,"weather":[{"id":803,"main":"Clouds","description":"broken clouds","icon":"04d"}],"speed":6.6,"deg":48,"gust":11.66,"clouds":83,"pop":0.08},{"dt":1684666800,"sunrise":1684640761,"sunset":1684697556,"temp":{"day":18.69,"min":12.18,"max":20.86,"night":14.48,"eve":19.56,"morn":12.42},"feels_like":{"day":18.55,"night":14.49,"eve":19.61,"morn":12.04},"pressure":1016,"humidity":74,"weather":[{"id":804,"main":"Clouds","description":"overcast clouds","icon":"04d"}],"speed":5.03,"deg":26,"gust":9.26,"clouds":99,"pop":0},{"dt":1684753200,"sunrise":1684727088,"sunset":1684784038,"temp":{"day":19.08,"min":12.29,"max":21.62,"night":13.19,"eve":19.18,"morn":12.99},"feels_like":{"day":19.13,"night":13.02,"eve":19.32,"morn":12.9},"pressure":1015,"humidity":80,"weather":[{"id":500,"main":"Rain","description":"light rain","icon":"10d"}],"speed":5.52,"deg":333,"gust":10.16,"clouds":97,"pop":0.49,"rain":0.51},{"dt":1684839600,"sunrise":1684813418,"sunset":1684870519,"temp":{"day":18.54,"min":10.02,"max":18.54,"night":10.02,"eve":14.75,"morn":12.75},"feels_like":{"day":18.02,"night":9.01,"eve":14.08,"morn":12.27},"pressure":1021,"humidity":60,"weather":[{"id":802,"main":"Clouds","description":"scattered clouds","icon":"03d"}],"speed":5.83,"deg":354,"gust":10.52,"clouds":50,"pop":0}]}
--- ENF OF RECEIVED DATA ---

{"city":{"id":2800866,"name":"Brussels","coord":{"lon":4.3488,"lat":50.8504},"country":"BE","population":1019022,"timezone":7200},"cod":"200","message":0.043898,"cnt":4,"list":[{"dt":1684580400,"sunrise":1684554436,"sunset":1684611073,"temp":{"day":15.54,"min":10.47,"max":18.87,"night":13.75,"eve":16.39,"morn":10.66},"feels_like":{"day":14.95,"night":13.32,"eve":15.91,"morn":9.92},"pressure":1021,"humidity":69,"weather":[{"id":803,"main":"Clouds","description":"broken clouds","icon":"04d"}],"speed":6.6,"deg":48,"gust":11.66,"clouds":83,"pop":0.08},{"dt":1684666800,"sunrise":1684640761,"sunset":1684697556,"temp":{"day":18.69,"min":12.18,"max":20.86,"night":14.48,"eve":19.56,"morn":12.42},"feels_like":{"day":18.55,"night":14.49,"eve":19.61,"morn":12.04},"pressure":1016,"humidity":74,"weather":[{"id":804,"main":"Clouds","description":"overcast clouds","icon":"04d"}],"speed":5.03,"deg":26,"gust":9.26,"clouds":99,"pop":0},{"dt":1684753200,"sunrise":1684727088,"sunset":1684784038,"temp":{"day":19.08,"min":12.29,"max":21.62,"night":13.19,"eve":19.18,"morn":12.99},"feels_like":{"day":19.13,"night":13.02,"eve":19.32,"morn":12.9},"pressure":1015,"humidity":80,"weather":[{"id":500,"main":"Rain","description":"light rain","icon":"10d"}],"speed":5.52,"deg":333,"gust":10.16,"clouds":97,"pop":0.49,"rain":0.51},{"dt":1684839600,"sunrise":1684813418,"sunset":1684870519,"temp":{"day":18.54,"min":10.02,"max":18.54,"night":10.02,"eve":14.75,"morn":12.75},"feels_like":{"day":18.02,"night":9.01,"eve":14.08,"morn":12.27},"pressure":1021,"humidity":60,"weather":[{"id":802,"main":"Clouds","description":"scattered clouds","icon":"03d"}],"speed":5.83,"deg":354,"gust":10.52,"clouds":50,"pop":0}]}
--- ENF OF RECEIVED DATA ---

