________________________________________________
|             CALL API : START                |
________________________________________________

Informations : 
Called API: meteo - 20 February 2024, 08:00
Method: GETMETEO - Timeout : 300 - Cache : 1
URL CALLED : https://api.openweathermap.org/data/2.5/forecast/daily?q=Brussels,be&units=metric&cnt=4&appid=ea18c0706135505149200c3836f29800
-------------------------
________________________________________________
|             CALL API : START                |
________________________________________________

Informations : 
Called API: meteo - 20 February 2024, 08:00
Method: GETMETEO - Timeout : 300 - Cache : 1
URL CALLED : https://api.openweathermap.org/data/2.5/forecast/daily?q=Brussels,be&units=metric&cnt=4&appid=ea18c0706135505149200c3836f29800
-------------------------
{"city":{"id":2800866,"name":"Brussels","coord":{"lon":4.3488,"lat":50.8504},"country":"BE","population":1019022,"timezone":3600},"cod":"200","message":0.5199901,"cnt":4,"list":[{"dt":1708426800,"sunrise":1708411618,"sunset":1708448770,"temp":{"day":8.29,"min":5.53,"max":10.84,"night":8.87,"eve":9.51,"morn":5.74},"feels_like":{"day":5.39,"night":5.72,"eve":6.66,"morn":3.63},"pressure":1029,"humidity":85,"weather":[{"id":803,"main":"Clouds","description":"broken clouds","icon":"04d"}],"speed":6.62,"deg":229,"gust":13.19,"clouds":80,"pop":0},{"dt":1708513200,"sunrise":1708497900,"sunset":1708535276,"temp":{"day":10.43,"min":7.06,"max":10.67,"night":9.92,"eve":9.32,"morn":7.16},"feels_like":{"day":9.62,"night":6.55,"eve":5.37,"morn":4.07},"pressure":1015,"humidity":80,"weather":[{"id":501,"main":"Rain","description":"moderate rain","icon":"10d"}],"speed":9.83,"deg":206,"gust":17.74,"clouds":100,"pop":1,"rain":5.34},{"dt":1708599600,"sunrise":1708584181,"sunset":1708621782,"temp":{"day":10.7,"min":4.41,"max":11.81,"night":5.63,"eve":11.28,"morn":11.21},"feels_like":{"day":10.1,"night":1,"eve":10.6,"morn":10.76},"pressure":989,"humidity":87,"weather":[{"id":501,"main":"Rain","description":"moderate rain","icon":"10d"}],"speed":13.13,"deg":211,"gust":22.04,"clouds":100,"pop":1,"rain":19.48},{"dt":1708686000,"sunrise":1708670461,"sunset":1708708287,"temp":{"day":6.35,"min":4.17,"max":7.45,"night":4.17,"eve":5.22,"morn":4.49},"feels_like":{"day":2.6,"night":0.35,"eve":2.25,"morn":-0.45},"pressure":994,"humidity":74,"weather":[{"id":500,"main":"Rain","description":"light rain","icon":"10d"}],"speed":8.98,"deg":216,"gust":15.09,"clouds":98,"pop":0.9,"rain":0.98}]}
--- ENF OF RECEIVED DATA ---

{"city":{"id":2800866,"name":"Brussels","coord":{"lon":4.3488,"lat":50.8504},"country":"BE","population":1019022,"timezone":3600},"cod":"200","message":0.5199901,"cnt":4,"list":[{"dt":1708426800,"sunrise":1708411618,"sunset":1708448770,"temp":{"day":8.29,"min":5.53,"max":10.84,"night":8.87,"eve":9.51,"morn":5.74},"feels_like":{"day":5.39,"night":5.72,"eve":6.66,"morn":3.63},"pressure":1029,"humidity":85,"weather":[{"id":803,"main":"Clouds","description":"broken clouds","icon":"04d"}],"speed":6.62,"deg":229,"gust":13.19,"clouds":80,"pop":0},{"dt":1708513200,"sunrise":1708497900,"sunset":1708535276,"temp":{"day":10.43,"min":7.06,"max":10.67,"night":9.92,"eve":9.32,"morn":7.16},"feels_like":{"day":9.62,"night":6.55,"eve":5.37,"morn":4.07},"pressure":1015,"humidity":80,"weather":[{"id":501,"main":"Rain","description":"moderate rain","icon":"10d"}],"speed":9.83,"deg":206,"gust":17.74,"clouds":100,"pop":1,"rain":5.34},{"dt":1708599600,"sunrise":1708584181,"sunset":1708621782,"temp":{"day":10.7,"min":4.41,"max":11.81,"night":5.63,"eve":11.28,"morn":11.21},"feels_like":{"day":10.1,"night":1,"eve":10.6,"morn":10.76},"pressure":989,"humidity":87,"weather":[{"id":501,"main":"Rain","description":"moderate rain","icon":"10d"}],"speed":13.13,"deg":211,"gust":22.04,"clouds":100,"pop":1,"rain":19.48},{"dt":1708686000,"sunrise":1708670461,"sunset":1708708287,"temp":{"day":6.35,"min":4.17,"max":7.45,"night":4.17,"eve":5.22,"morn":4.49},"feels_like":{"day":2.6,"night":0.35,"eve":2.25,"morn":-0.45},"pressure":994,"humidity":74,"weather":[{"id":500,"main":"Rain","description":"light rain","icon":"10d"}],"speed":8.98,"deg":216,"gust":15.09,"clouds":98,"pop":0.9,"rain":0.98}]}
--- ENF OF RECEIVED DATA ---

