________________________________________________
|             CALL API : START                |
________________________________________________

Informations : 
Called API: meteo - 26 March 2025, 12:00
Method: GETMETEO - Timeout : 300 - Cache : 1
URL CALLED : https://api.openweathermap.org/data/2.5/forecast/daily?q=Brussels,be&units=metric&cnt=4&appid=ea18c0706135505149200c3836f29800
-------------------------
________________________________________________
|             CALL API : START                |
________________________________________________

Informations : 
Called API: meteo - 26 March 2025, 12:00
Method: GETMETEO - Timeout : 300 - Cache : 1
URL CALLED : https://api.openweathermap.org/data/2.5/forecast/daily?q=Brussels,be&units=metric&cnt=4&appid=ea18c0706135505149200c3836f29800
-------------------------
{"city":{"id":2800866,"name":"Brussels","coord":{"lon":4.3488,"lat":50.8504},"country":"BE","population":1019022,"timezone":3600},"cod":"200","message":0.056015,"cnt":4,"list":[{"dt":1742986800,"sunrise":1742967103,"sunset":1743012276,"temp":{"day":10.42,"min":6.2,"max":15.1,"night":8.26,"eve":13.78,"morn":6.41},"feels_like":{"day":9.63,"night":6.83,"eve":12.65,"morn":4.43},"pressure":1024,"humidity":81,"weather":[{"id":800,"main":"Clear","description":"sky is clear","icon":"01d"}],"speed":3.74,"deg":26,"gust":5.94,"clouds":1,"pop":0.8},{"dt":1743073200,"sunrise":1743053368,"sunset":1743098773,"temp":{"day":14.05,"min":5.69,"max":16.66,"night":9.83,"eve":15.46,"morn":5.69},"feels_like":{"day":12.74,"night":9.83,"eve":14.26,"morn":5.69},"pressure":1022,"humidity":47,"weather":[{"id":800,"main":"Clear","description":"sky is clear","icon":"01d"}],"speed":2.14,"deg":65,"gust":3.14,"clouds":6,"pop":0},{"dt":1743159600,"sunrise":1743139633,"sunset":1743185270,"temp":{"day":14.25,"min":6.41,"max":15.87,"night":8.55,"eve":14.33,"morn":6.41},"feels_like":{"day":13.14,"night":6.24,"eve":13.2,"morn":4.7},"pressure":1012,"humidity":54,"weather":[{"id":500,"main":"Rain","description":"light rain","icon":"10d"}],"speed":5.12,"deg":252,"gust":8.87,"clouds":0,"pop":1,"rain":1.4},{"dt":1743246000,"sunrise":1743225898,"sunset":1743271768,"temp":{"day":10.91,"min":4.74,"max":11.66,"night":5.74,"eve":7.89,"morn":4.91},"feels_like":{"day":9.41,"night":3.9,"eve":5.63,"morn":2.14},"pressure":1020,"humidity":52,"weather":[{"id":500,"main":"Rain","description":"light rain","icon":"10d"}],"speed":5.31,"deg":316,"gust":8.95,"clouds":8,"pop":1,"rain":0.47}]}
--- ENF OF RECEIVED DATA ---

{"city":{"id":2800866,"name":"Brussels","coord":{"lon":4.3488,"lat":50.8504},"country":"BE","population":1019022,"timezone":3600},"cod":"200","message":0.056015,"cnt":4,"list":[{"dt":1742986800,"sunrise":1742967103,"sunset":1743012276,"temp":{"day":10.42,"min":6.2,"max":15.1,"night":8.26,"eve":13.78,"morn":6.41},"feels_like":{"day":9.63,"night":6.83,"eve":12.65,"morn":4.43},"pressure":1024,"humidity":81,"weather":[{"id":800,"main":"Clear","description":"sky is clear","icon":"01d"}],"speed":3.74,"deg":26,"gust":5.94,"clouds":1,"pop":0.8},{"dt":1743073200,"sunrise":1743053368,"sunset":1743098773,"temp":{"day":14.05,"min":5.69,"max":16.66,"night":9.83,"eve":15.46,"morn":5.69},"feels_like":{"day":12.74,"night":9.83,"eve":14.26,"morn":5.69},"pressure":1022,"humidity":47,"weather":[{"id":800,"main":"Clear","description":"sky is clear","icon":"01d"}],"speed":2.14,"deg":65,"gust":3.14,"clouds":6,"pop":0},{"dt":1743159600,"sunrise":1743139633,"sunset":1743185270,"temp":{"day":14.25,"min":6.41,"max":15.87,"night":8.55,"eve":14.33,"morn":6.41},"feels_like":{"day":13.14,"night":6.24,"eve":13.2,"morn":4.7},"pressure":1012,"humidity":54,"weather":[{"id":500,"main":"Rain","description":"light rain","icon":"10d"}],"speed":5.12,"deg":252,"gust":8.87,"clouds":0,"pop":1,"rain":1.4},{"dt":1743246000,"sunrise":1743225898,"sunset":1743271768,"temp":{"day":10.91,"min":4.74,"max":11.66,"night":5.74,"eve":7.89,"morn":4.91},"feels_like":{"day":9.41,"night":3.9,"eve":5.63,"morn":2.14},"pressure":1020,"humidity":52,"weather":[{"id":500,"main":"Rain","description":"light rain","icon":"10d"}],"speed":5.31,"deg":316,"gust":8.95,"clouds":8,"pop":1,"rain":0.47}]}
--- ENF OF RECEIVED DATA ---

