________________________________________________
|             CALL API : START                |
________________________________________________

Informations : 
Called API: meteo - 10 November 2024, 18:20
Method: GETMETEO - Timeout : 300 - Cache : 1
URL CALLED : https://api.openweathermap.org/data/2.5/forecast/daily?q=Brussels,be&units=metric&cnt=4&appid=ea18c0706135505149200c3836f29800
-------------------------
________________________________________________
|             CALL API : START                |
________________________________________________

Informations : 
Called API: meteo - 10 November 2024, 18:20
Method: GETMETEO - Timeout : 300 - Cache : 1
URL CALLED : https://api.openweathermap.org/data/2.5/forecast/daily?q=Brussels,be&units=metric&cnt=4&appid=ea18c0706135505149200c3836f29800
-------------------------
{"city":{"id":2800866,"name":"Brussels","coord":{"lon":4.3488,"lat":50.8504},"country":"BE","population":1019022,"timezone":3600},"cod":"200","message":1.5709449,"cnt":4,"list":[{"dt":1731236400,"sunrise":1731221424,"sunset":1731254569,"temp":{"day":11,"min":6.79,"max":11.54,"night":6.79,"eve":9.74,"morn":9.65},"feels_like":{"day":10.45,"night":5.63,"eve":8.93,"morn":9.65},"pressure":1028,"humidity":88,"weather":[{"id":804,"main":"Clouds","description":"overcast clouds","icon":"04d"}],"speed":2.63,"deg":304,"gust":4.25,"clouds":100,"pop":0},{"dt":1731322800,"sunrise":1731307927,"sunset":1731340881,"temp":{"day":12,"min":6.39,"max":12.32,"night":9.76,"eve":8.93,"morn":6.54},"feels_like":{"day":11.19,"night":6.87,"eve":6.41,"morn":4.24},"pressure":1031,"humidity":74,"weather":[{"id":500,"main":"Rain","description":"light rain","icon":"10d"}],"speed":6.53,"deg":344,"gust":12.81,"clouds":99,"pop":1,"rain":1.34},{"dt":1731409200,"sunrise":1731394430,"sunset":1731427195,"temp":{"day":10.92,"min":8.09,"max":11.76,"night":8.89,"eve":9.36,"morn":8.91},"feels_like":{"day":10,"night":7.32,"eve":7.1,"morn":5.64},"pressure":1032,"humidity":74,"weather":[{"id":804,"main":"Clouds","description":"overcast clouds","icon":"04d"}],"speed":7.41,"deg":9,"gust":13.8,"clouds":85,"pop":0.85},{"dt":1731495600,"sunrise":1731480932,"sunset":1731513511,"temp":{"day":9.13,"min":5.46,"max":9.78,"night":5.46,"eve":7.76,"morn":7.69},"feels_like":{"day":6.31,"night":2.88,"eve":4.83,"morn":5.74},"pressure":1027,"humidity":78,"weather":[{"id":500,"main":"Rain","description":"light rain","icon":"10d"}],"speed":6.03,"deg":64,"gust":9.67,"clouds":96,"pop":0.45,"rain":0.42}]}
--- ENF OF RECEIVED DATA ---

{"city":{"id":2800866,"name":"Brussels","coord":{"lon":4.3488,"lat":50.8504},"country":"BE","population":1019022,"timezone":3600},"cod":"200","message":1.5709449,"cnt":4,"list":[{"dt":1731236400,"sunrise":1731221424,"sunset":1731254569,"temp":{"day":11,"min":6.79,"max":11.54,"night":6.79,"eve":9.74,"morn":9.65},"feels_like":{"day":10.45,"night":5.63,"eve":8.93,"morn":9.65},"pressure":1028,"humidity":88,"weather":[{"id":804,"main":"Clouds","description":"overcast clouds","icon":"04d"}],"speed":2.63,"deg":304,"gust":4.25,"clouds":100,"pop":0},{"dt":1731322800,"sunrise":1731307927,"sunset":1731340881,"temp":{"day":12,"min":6.39,"max":12.32,"night":9.76,"eve":8.93,"morn":6.54},"feels_like":{"day":11.19,"night":6.87,"eve":6.41,"morn":4.24},"pressure":1031,"humidity":74,"weather":[{"id":500,"main":"Rain","description":"light rain","icon":"10d"}],"speed":6.53,"deg":344,"gust":12.81,"clouds":99,"pop":1,"rain":1.34},{"dt":1731409200,"sunrise":1731394430,"sunset":1731427195,"temp":{"day":10.92,"min":8.09,"max":11.76,"night":8.89,"eve":9.36,"morn":8.91},"feels_like":{"day":10,"night":7.32,"eve":7.1,"morn":5.64},"pressure":1032,"humidity":74,"weather":[{"id":804,"main":"Clouds","description":"overcast clouds","icon":"04d"}],"speed":7.41,"deg":9,"gust":13.8,"clouds":85,"pop":0.85},{"dt":1731495600,"sunrise":1731480932,"sunset":1731513511,"temp":{"day":9.13,"min":5.46,"max":9.78,"night":5.46,"eve":7.76,"morn":7.69},"feels_like":{"day":6.31,"night":2.88,"eve":4.83,"morn":5.74},"pressure":1027,"humidity":78,"weather":[{"id":500,"main":"Rain","description":"light rain","icon":"10d"}],"speed":6.03,"deg":64,"gust":9.67,"clouds":96,"pop":0.45,"rain":0.42}]}
--- ENF OF RECEIVED DATA ---

