________________________________________________
|             CALL API : START                |
________________________________________________

Informations : 
Called API: meteo - 6 April 2025, 00:50
Method: GETMETEO - Timeout : 300 - Cache : 1
URL CALLED : https://api.openweathermap.org/data/2.5/forecast/daily?q=Brussels,be&units=metric&cnt=4&appid=ea18c0706135505149200c3836f29800
-------------------------
________________________________________________
|             CALL API : START                |
________________________________________________

Informations : 
Called API: meteo - 6 April 2025, 00:50
Method: GETMETEO - Timeout : 300 - Cache : 1
URL CALLED : https://api.openweathermap.org/data/2.5/forecast/daily?q=Brussels,be&units=metric&cnt=4&appid=ea18c0706135505149200c3836f29800
-------------------------
{"city":{"id":2800866,"name":"Brussels","coord":{"lon":4.3488,"lat":50.8504},"country":"BE","population":1019022,"timezone":7200},"cod":"200","message":0.0406402,"cnt":4,"list":[{"dt":1743937200,"sunrise":1743916031,"sunset":1743963744,"temp":{"day":10.83,"min":3.42,"max":13.22,"night":6.73,"eve":12.08,"morn":3.42},"feels_like":{"day":8.8,"night":4.18,"eve":10.26,"morn":-1.05},"pressure":1024,"humidity":32,"weather":[{"id":800,"main":"Clear","description":"sky is clear","icon":"01d"}],"speed":7.14,"deg":85,"gust":13.36,"clouds":5,"pop":0},{"dt":1744023600,"sunrise":1744002299,"sunset":1744050242,"temp":{"day":11.99,"min":2.84,"max":14.39,"night":7.93,"eve":13.61,"morn":2.84},"feels_like":{"day":10.24,"night":6.33,"eve":12.1,"morn":0.01},"pressure":1027,"humidity":38,"weather":[{"id":801,"main":"Clouds","description":"few clouds","icon":"02d"}],"speed":4.05,"deg":83,"gust":6.65,"clouds":22,"pop":0},{"dt":1744110000,"sunrise":1744088568,"sunset":1744136739,"temp":{"day":13.13,"min":4.46,"max":15.24,"night":8.38,"eve":13.91,"morn":4.46},"feels_like":{"day":11.65,"night":6.84,"eve":12.45,"morn":2.69},"pressure":1027,"humidity":44,"weather":[{"id":801,"main":"Clouds","description":"few clouds","icon":"02d"}],"speed":3.72,"deg":35,"gust":5.82,"clouds":15,"pop":0},{"dt":1744196400,"sunrise":1744174837,"sunset":1744223236,"temp":{"day":15.72,"min":5.94,"max":16.94,"night":9.85,"eve":13.32,"morn":6.12},"feels_like":{"day":14.5,"night":7.9,"eve":12.12,"morn":4.27},"pressure":1025,"humidity":44,"weather":[{"id":802,"main":"Clouds","description":"scattered clouds","icon":"03d"}],"speed":3.93,"deg":44,"gust":8.65,"clouds":41,"pop":0}]}
--- ENF OF RECEIVED DATA ---

{"city":{"id":2800866,"name":"Brussels","coord":{"lon":4.3488,"lat":50.8504},"country":"BE","population":1019022,"timezone":7200},"cod":"200","message":0.0406402,"cnt":4,"list":[{"dt":1743937200,"sunrise":1743916031,"sunset":1743963744,"temp":{"day":10.83,"min":3.42,"max":13.22,"night":6.73,"eve":12.08,"morn":3.42},"feels_like":{"day":8.8,"night":4.18,"eve":10.26,"morn":-1.05},"pressure":1024,"humidity":32,"weather":[{"id":800,"main":"Clear","description":"sky is clear","icon":"01d"}],"speed":7.14,"deg":85,"gust":13.36,"clouds":5,"pop":0},{"dt":1744023600,"sunrise":1744002299,"sunset":1744050242,"temp":{"day":11.99,"min":2.84,"max":14.39,"night":7.93,"eve":13.61,"morn":2.84},"feels_like":{"day":10.24,"night":6.33,"eve":12.1,"morn":0.01},"pressure":1027,"humidity":38,"weather":[{"id":801,"main":"Clouds","description":"few clouds","icon":"02d"}],"speed":4.05,"deg":83,"gust":6.65,"clouds":22,"pop":0},{"dt":1744110000,"sunrise":1744088568,"sunset":1744136739,"temp":{"day":13.13,"min":4.46,"max":15.24,"night":8.38,"eve":13.91,"morn":4.46},"feels_like":{"day":11.65,"night":6.84,"eve":12.45,"morn":2.69},"pressure":1027,"humidity":44,"weather":[{"id":801,"main":"Clouds","description":"few clouds","icon":"02d"}],"speed":3.72,"deg":35,"gust":5.82,"clouds":15,"pop":0},{"dt":1744196400,"sunrise":1744174837,"sunset":1744223236,"temp":{"day":15.72,"min":5.94,"max":16.94,"night":9.85,"eve":13.32,"morn":6.12},"feels_like":{"day":14.5,"night":7.9,"eve":12.12,"morn":4.27},"pressure":1025,"humidity":44,"weather":[{"id":802,"main":"Clouds","description":"scattered clouds","icon":"03d"}],"speed":3.93,"deg":44,"gust":8.65,"clouds":41,"pop":0}]}
--- ENF OF RECEIVED DATA ---

