________________________________________________
|             CALL API : START                |
________________________________________________

Informations : 
Called API: meteo - 18 October 2023, 22:50
Method: GETMETEO - Timeout : 300 - Cache : 1
URL CALLED : https://api.openweathermap.org/data/2.5/forecast/daily?q=Brussels,be&units=metric&cnt=4&appid=ea18c0706135505149200c3836f29800
-------------------------
________________________________________________
|             CALL API : START                |
________________________________________________

Informations : 
Called API: meteo - 18 October 2023, 22:50
Method: GETMETEO - Timeout : 300 - Cache : 1
URL CALLED : https://api.openweathermap.org/data/2.5/forecast/daily?q=Brussels,be&units=metric&cnt=4&appid=ea18c0706135505149200c3836f29800
-------------------------
{"city":{"id":2800866,"name":"Brussels","coord":{"lon":4.3488,"lat":50.8504},"country":"BE","population":1019022,"timezone":7200},"cod":"200","message":0.0508789,"cnt":4,"list":[{"dt":1697626800,"sunrise":1697609380,"sunset":1697647541,"temp":{"day":15.16,"min":7.46,"max":17.88,"night":13.64,"eve":13.74,"morn":7.97},"feels_like":{"day":14.19,"night":13.54,"eve":13.28,"morn":5.14},"pressure":1003,"humidity":56,"weather":[{"id":501,"main":"Rain","description":"moderate rain","icon":"10d"}],"speed":7.4,"deg":156,"gust":16.55,"clouds":100,"pop":1,"rain":7.12},{"dt":1697713200,"sunrise":1697695880,"sunset":1697733818,"temp":{"day":16.36,"min":13.53,"max":16.83,"night":13.78,"eve":14.8,"morn":13.72},"feels_like":{"day":16.14,"night":13.64,"eve":14.69,"morn":13.58},"pressure":992,"humidity":80,"weather":[{"id":500,"main":"Rain","description":"light rain","icon":"10d"}],"speed":7.74,"deg":209,"gust":14.32,"clouds":99,"pop":1,"rain":0.51},{"dt":1697799600,"sunrise":1697782381,"sunset":1697820096,"temp":{"day":14.33,"min":12.51,"max":16.15,"night":12.51,"eve":13.69,"morn":14.38},"feels_like":{"day":14.14,"night":12.11,"eve":13.33,"morn":14.33},"pressure":980,"humidity":89,"weather":[{"id":501,"main":"Rain","description":"moderate rain","icon":"10d"}],"speed":7.06,"deg":206,"gust":14.63,"clouds":100,"pop":1,"rain":14.03},{"dt":1697886000,"sunrise":1697868882,"sunset":1697906374,"temp":{"day":12.33,"min":11.4,"max":13.03,"night":11.71,"eve":11.73,"morn":12.85},"feels_like":{"day":11.52,"night":10.97,"eve":11.23,"morn":12.49},"pressure":989,"humidity":73,"weather":[{"id":500,"main":"Rain","description":"light rain","icon":"10d"}],"speed":10.68,"deg":202,"gust":18.01,"clouds":99,"pop":1,"rain":3.69}]}
--- ENF OF RECEIVED DATA ---

{"city":{"id":2800866,"name":"Brussels","coord":{"lon":4.3488,"lat":50.8504},"country":"BE","population":1019022,"timezone":7200},"cod":"200","message":0.0508789,"cnt":4,"list":[{"dt":1697626800,"sunrise":1697609380,"sunset":1697647541,"temp":{"day":15.16,"min":7.46,"max":17.88,"night":13.64,"eve":13.74,"morn":7.97},"feels_like":{"day":14.19,"night":13.54,"eve":13.28,"morn":5.14},"pressure":1003,"humidity":56,"weather":[{"id":501,"main":"Rain","description":"moderate rain","icon":"10d"}],"speed":7.4,"deg":156,"gust":16.55,"clouds":100,"pop":1,"rain":7.12},{"dt":1697713200,"sunrise":1697695880,"sunset":1697733818,"temp":{"day":16.36,"min":13.53,"max":16.83,"night":13.78,"eve":14.8,"morn":13.72},"feels_like":{"day":16.14,"night":13.64,"eve":14.69,"morn":13.58},"pressure":992,"humidity":80,"weather":[{"id":500,"main":"Rain","description":"light rain","icon":"10d"}],"speed":7.74,"deg":209,"gust":14.32,"clouds":99,"pop":1,"rain":0.51},{"dt":1697799600,"sunrise":1697782381,"sunset":1697820096,"temp":{"day":14.33,"min":12.51,"max":16.15,"night":12.51,"eve":13.69,"morn":14.38},"feels_like":{"day":14.14,"night":12.11,"eve":13.33,"morn":14.33},"pressure":980,"humidity":89,"weather":[{"id":501,"main":"Rain","description":"moderate rain","icon":"10d"}],"speed":7.06,"deg":206,"gust":14.63,"clouds":100,"pop":1,"rain":14.03},{"dt":1697886000,"sunrise":1697868882,"sunset":1697906374,"temp":{"day":12.33,"min":11.4,"max":13.03,"night":11.71,"eve":11.73,"morn":12.85},"feels_like":{"day":11.52,"night":10.97,"eve":11.23,"morn":12.49},"pressure":989,"humidity":73,"weather":[{"id":500,"main":"Rain","description":"light rain","icon":"10d"}],"speed":10.68,"deg":202,"gust":18.01,"clouds":99,"pop":1,"rain":3.69}]}
--- ENF OF RECEIVED DATA ---

