________________________________________________
|             CALL API : START                |
________________________________________________

Informations : 
Called API: meteo - 21 December 2024, 17:20
Method: GETMETEO - Timeout : 300 - Cache : 1
URL CALLED : https://api.openweathermap.org/data/2.5/forecast/daily?q=Brussels,be&units=metric&cnt=4&appid=ea18c0706135505149200c3836f29800
-------------------------
________________________________________________
|             CALL API : START                |
________________________________________________

Informations : 
Called API: meteo - 21 December 2024, 17:20
Method: GETMETEO - Timeout : 300 - Cache : 1
URL CALLED : https://api.openweathermap.org/data/2.5/forecast/daily?q=Brussels,be&units=metric&cnt=4&appid=ea18c0706135505149200c3836f29800
-------------------------
{"city":{"id":2800866,"name":"Brussels","coord":{"lon":4.3488,"lat":50.8504},"country":"BE","population":1019022,"timezone":3600},"cod":"200","message":0.0390402,"cnt":4,"list":[{"dt":1734778800,"sunrise":1734766969,"sunset":1734795529,"temp":{"day":7.86,"min":6.01,"max":10.49,"night":9.67,"eve":8.63,"morn":6.97},"feels_like":{"day":4.2,"night":6.06,"eve":4.37,"morn":3.88},"pressure":1016,"humidity":86,"weather":[{"id":500,"main":"Rain","description":"light rain","icon":"10d"}],"speed":10.32,"deg":224,"gust":18.88,"clouds":95,"pop":1,"rain":2.42},{"dt":1734865200,"sunrise":1734853397,"sunset":1734881959,"temp":{"day":5,"min":3.67,"max":8.78,"night":4.95,"eve":4.18,"morn":6.29},"feels_like":{"day":-0.01,"night":-0.36,"eve":-0.63,"morn":1.8},"pressure":1004,"humidity":66,"weather":[{"id":616,"main":"Snow","description":"rain and snow","icon":"13d"}],"speed":9.56,"deg":286,"gust":18.23,"clouds":100,"pop":1,"rain":6.55,"snow":0.1},{"dt":1734951600,"sunrise":1734939822,"sunset":1734968392,"temp":{"day":6.49,"min":3.41,"max":6.79,"night":3.41,"eve":5.39,"morn":5.33},"feels_like":{"day":2.15,"night":0.24,"eve":1.39,"morn":0.2},"pressure":1018,"humidity":74,"weather":[{"id":500,"main":"Rain","description":"light rain","icon":"10d"}],"speed":10.02,"deg":299,"gust":17.94,"clouds":95,"pop":1,"rain":1.3},{"dt":1735038000,"sunrise":1735026244,"sunset":1735054828,"temp":{"day":4.85,"min":2.85,"max":5.54,"night":5.28,"eve":5.23,"morn":3},"feels_like":{"day":1.58,"night":2.05,"eve":1.88,"morn":-0.08},"pressure":1029,"humidity":89,"weather":[{"id":804,"main":"Clouds","description":"overcast clouds","icon":"04d"}],"speed":5.32,"deg":200,"gust":10.16,"clouds":100,"pop":0}]}
--- ENF OF RECEIVED DATA ---

{"city":{"id":2800866,"name":"Brussels","coord":{"lon":4.3488,"lat":50.8504},"country":"BE","population":1019022,"timezone":3600},"cod":"200","message":0.0390402,"cnt":4,"list":[{"dt":1734778800,"sunrise":1734766969,"sunset":1734795529,"temp":{"day":7.86,"min":6.01,"max":10.49,"night":9.67,"eve":8.63,"morn":6.97},"feels_like":{"day":4.2,"night":6.06,"eve":4.37,"morn":3.88},"pressure":1016,"humidity":86,"weather":[{"id":500,"main":"Rain","description":"light rain","icon":"10d"}],"speed":10.32,"deg":224,"gust":18.88,"clouds":95,"pop":1,"rain":2.42},{"dt":1734865200,"sunrise":1734853397,"sunset":1734881959,"temp":{"day":5,"min":3.67,"max":8.78,"night":4.95,"eve":4.18,"morn":6.29},"feels_like":{"day":-0.01,"night":-0.36,"eve":-0.63,"morn":1.8},"pressure":1004,"humidity":66,"weather":[{"id":616,"main":"Snow","description":"rain and snow","icon":"13d"}],"speed":9.56,"deg":286,"gust":18.23,"clouds":100,"pop":1,"rain":6.55,"snow":0.1},{"dt":1734951600,"sunrise":1734939822,"sunset":1734968392,"temp":{"day":6.49,"min":3.41,"max":6.79,"night":3.41,"eve":5.39,"morn":5.33},"feels_like":{"day":2.15,"night":0.24,"eve":1.39,"morn":0.2},"pressure":1018,"humidity":74,"weather":[{"id":500,"main":"Rain","description":"light rain","icon":"10d"}],"speed":10.02,"deg":299,"gust":17.94,"clouds":95,"pop":1,"rain":1.3},{"dt":1735038000,"sunrise":1735026244,"sunset":1735054828,"temp":{"day":4.85,"min":2.85,"max":5.54,"night":5.28,"eve":5.23,"morn":3},"feels_like":{"day":1.58,"night":2.05,"eve":1.88,"morn":-0.08},"pressure":1029,"humidity":89,"weather":[{"id":804,"main":"Clouds","description":"overcast clouds","icon":"04d"}],"speed":5.32,"deg":200,"gust":10.16,"clouds":100,"pop":0}]}
--- ENF OF RECEIVED DATA ---

