________________________________________________
|             CALL API : START                |
________________________________________________

Informations : 
Called API: meteo - 24 July 2024, 23:50
Method: GETMETEO - Timeout : 300 - Cache : 1
URL CALLED : https://api.openweathermap.org/data/2.5/forecast/daily?q=Brussels,be&units=metric&cnt=4&appid=ea18c0706135505149200c3836f29800
-------------------------
________________________________________________
|             CALL API : START                |
________________________________________________

Informations : 
Called API: meteo - 24 July 2024, 23:50
Method: GETMETEO - Timeout : 300 - Cache : 1
URL CALLED : https://api.openweathermap.org/data/2.5/forecast/daily?q=Brussels,be&units=metric&cnt=4&appid=ea18c0706135505149200c3836f29800
-------------------------
{"city":{"id":2800866,"name":"Brussels","coord":{"lon":4.3488,"lat":50.8504},"country":"BE","population":1019022,"timezone":7200},"cod":"200","message":5.1333085,"cnt":4,"list":[{"dt":1721818800,"sunrise":1721793471,"sunset":1721850004,"temp":{"day":21.01,"min":13.92,"max":23.66,"night":16.61,"eve":22.55,"morn":15.85},"feels_like":{"day":20.65,"night":16.36,"eve":22.22,"morn":15.61},"pressure":1022,"humidity":57,"weather":[{"id":803,"main":"Clouds","description":"broken clouds","icon":"04d"}],"speed":2.77,"deg":322,"gust":6.08,"clouds":66,"pop":0},{"dt":1721905200,"sunrise":1721879953,"sunset":1721936324,"temp":{"day":21.55,"min":15.45,"max":24,"night":18.79,"eve":20.07,"morn":15.8},"feels_like":{"day":21.48,"night":19.07,"eve":20.35,"morn":15.5},"pressure":1015,"humidity":66,"weather":[{"id":500,"main":"Rain","description":"light rain","icon":"10d"}],"speed":4.71,"deg":216,"gust":7.19,"clouds":99,"pop":1,"rain":0.78},{"dt":1721991600,"sunrise":1721966436,"sunset":1722022642,"temp":{"day":22.13,"min":17.3,"max":23.55,"night":18.21,"eve":21.57,"morn":17.32},"feels_like":{"day":22.23,"night":17.97,"eve":21.64,"morn":17.61},"pressure":1012,"humidity":70,"weather":[{"id":500,"main":"Rain","description":"light rain","icon":"10d"}],"speed":4.82,"deg":262,"gust":10.64,"clouds":100,"pop":1,"rain":3.74},{"dt":1722078000,"sunrise":1722052921,"sunset":1722108958,"temp":{"day":14.75,"min":13.96,"max":18.19,"night":13.96,"eve":14.29,"morn":16.51},"feels_like":{"day":14.55,"night":13.92,"eve":14.26,"morn":16.04},"pressure":1016,"humidity":87,"weather":[{"id":501,"main":"Rain","description":"moderate rain","icon":"10d"}],"speed":3.41,"deg":256,"gust":4.75,"clouds":100,"pop":1,"rain":10.14}]}
--- ENF OF RECEIVED DATA ---

{"city":{"id":2800866,"name":"Brussels","coord":{"lon":4.3488,"lat":50.8504},"country":"BE","population":1019022,"timezone":7200},"cod":"200","message":5.1333085,"cnt":4,"list":[{"dt":1721818800,"sunrise":1721793471,"sunset":1721850004,"temp":{"day":21.01,"min":13.92,"max":23.66,"night":16.61,"eve":22.55,"morn":15.85},"feels_like":{"day":20.65,"night":16.36,"eve":22.22,"morn":15.61},"pressure":1022,"humidity":57,"weather":[{"id":803,"main":"Clouds","description":"broken clouds","icon":"04d"}],"speed":2.77,"deg":322,"gust":6.08,"clouds":66,"pop":0},{"dt":1721905200,"sunrise":1721879953,"sunset":1721936324,"temp":{"day":21.55,"min":15.45,"max":24,"night":18.79,"eve":20.07,"morn":15.8},"feels_like":{"day":21.48,"night":19.07,"eve":20.35,"morn":15.5},"pressure":1015,"humidity":66,"weather":[{"id":500,"main":"Rain","description":"light rain","icon":"10d"}],"speed":4.71,"deg":216,"gust":7.19,"clouds":99,"pop":1,"rain":0.78},{"dt":1721991600,"sunrise":1721966436,"sunset":1722022642,"temp":{"day":22.13,"min":17.3,"max":23.55,"night":18.21,"eve":21.57,"morn":17.32},"feels_like":{"day":22.23,"night":17.97,"eve":21.64,"morn":17.61},"pressure":1012,"humidity":70,"weather":[{"id":500,"main":"Rain","description":"light rain","icon":"10d"}],"speed":4.82,"deg":262,"gust":10.64,"clouds":100,"pop":1,"rain":3.74},{"dt":1722078000,"sunrise":1722052921,"sunset":1722108958,"temp":{"day":14.75,"min":13.96,"max":18.19,"night":13.96,"eve":14.29,"morn":16.51},"feels_like":{"day":14.55,"night":13.92,"eve":14.26,"morn":16.04},"pressure":1016,"humidity":87,"weather":[{"id":501,"main":"Rain","description":"moderate rain","icon":"10d"}],"speed":3.41,"deg":256,"gust":4.75,"clouds":100,"pop":1,"rain":10.14}]}
--- ENF OF RECEIVED DATA ---

