________________________________________________
|             CALL API : START                |
________________________________________________

Informations : 
Called API: meteo - 7 December 2023, 05:20
Method: GETMETEO - Timeout : 300 - Cache : 1
URL CALLED : https://api.openweathermap.org/data/2.5/forecast/daily?q=Brussels,be&units=metric&cnt=4&appid=ea18c0706135505149200c3836f29800
-------------------------
________________________________________________
|             CALL API : START                |
________________________________________________

Informations : 
Called API: meteo - 7 December 2023, 05:20
Method: GETMETEO - Timeout : 300 - Cache : 1
URL CALLED : https://api.openweathermap.org/data/2.5/forecast/daily?q=Brussels,be&units=metric&cnt=4&appid=ea18c0706135505149200c3836f29800
-------------------------
{"city":{"id":2800866,"name":"Brussels","coord":{"lon":4.3488,"lat":50.8504},"country":"BE","population":1019022,"timezone":3600},"cod":"200","message":0.0652023,"cnt":4,"list":[{"dt":1701946800,"sunrise":1701934217,"sunset":1701963469,"temp":{"day":5.42,"min":1.78,"max":6.14,"night":4.67,"eve":4.1,"morn":2.12},"feels_like":{"day":2.13,"night":0.85,"eve":0.17,"morn":-0.86},"pressure":1017,"humidity":73,"weather":[{"id":803,"main":"Clouds","description":"broken clouds","icon":"04d"}],"speed":5.44,"deg":144,"gust":14.34,"clouds":59,"pop":0.03},{"dt":1702033200,"sunrise":1702020686,"sunset":1702049851,"temp":{"day":7.34,"min":4.03,"max":8.66,"night":7.03,"eve":7.95,"morn":4.9},"feels_like":{"day":4.62,"night":3.51,"eve":5,"morn":1.77},"pressure":1009,"humidity":90,"weather":[{"id":500,"main":"Rain","description":"light rain","icon":"10d"}],"speed":5.89,"deg":211,"gust":12.83,"clouds":100,"pop":1,"rain":2.25},{"dt":1702119600,"sunrise":1702107153,"sunset":1702136236,"temp":{"day":8.24,"min":5.66,"max":11.13,"night":8.69,"eve":10.31,"morn":5.81},"feels_like":{"day":4.31,"night":4.84,"eve":9.8,"morn":2},"pressure":1008,"humidity":85,"weather":[{"id":501,"main":"Rain","description":"moderate rain","icon":"10d"}],"speed":10.93,"deg":198,"gust":19.67,"clouds":99,"pop":1,"rain":5.22},{"dt":1702206000,"sunrise":1702193617,"sunset":1702222624,"temp":{"day":9.19,"min":6.56,"max":11.66,"night":11.66,"eve":10.18,"morn":6.56},"feels_like":{"day":5.83,"night":11.34,"eve":9.55,"morn":3.04},"pressure":1016,"humidity":81,"weather":[{"id":500,"main":"Rain","description":"light rain","icon":"10d"}],"speed":9.47,"deg":199,"gust":18.41,"clouds":69,"pop":0.99,"rain":2.58}]}
--- ENF OF RECEIVED DATA ---

{"city":{"id":2800866,"name":"Brussels","coord":{"lon":4.3488,"lat":50.8504},"country":"BE","population":1019022,"timezone":3600},"cod":"200","message":0.0652023,"cnt":4,"list":[{"dt":1701946800,"sunrise":1701934217,"sunset":1701963469,"temp":{"day":5.42,"min":1.78,"max":6.14,"night":4.67,"eve":4.1,"morn":2.12},"feels_like":{"day":2.13,"night":0.85,"eve":0.17,"morn":-0.86},"pressure":1017,"humidity":73,"weather":[{"id":803,"main":"Clouds","description":"broken clouds","icon":"04d"}],"speed":5.44,"deg":144,"gust":14.34,"clouds":59,"pop":0.03},{"dt":1702033200,"sunrise":1702020686,"sunset":1702049851,"temp":{"day":7.34,"min":4.03,"max":8.66,"night":7.03,"eve":7.95,"morn":4.9},"feels_like":{"day":4.62,"night":3.51,"eve":5,"morn":1.77},"pressure":1009,"humidity":90,"weather":[{"id":500,"main":"Rain","description":"light rain","icon":"10d"}],"speed":5.89,"deg":211,"gust":12.83,"clouds":100,"pop":1,"rain":2.25},{"dt":1702119600,"sunrise":1702107153,"sunset":1702136236,"temp":{"day":8.24,"min":5.66,"max":11.13,"night":8.69,"eve":10.31,"morn":5.81},"feels_like":{"day":4.31,"night":4.84,"eve":9.8,"morn":2},"pressure":1008,"humidity":85,"weather":[{"id":501,"main":"Rain","description":"moderate rain","icon":"10d"}],"speed":10.93,"deg":198,"gust":19.67,"clouds":99,"pop":1,"rain":5.22},{"dt":1702206000,"sunrise":1702193617,"sunset":1702222624,"temp":{"day":9.19,"min":6.56,"max":11.66,"night":11.66,"eve":10.18,"morn":6.56},"feels_like":{"day":5.83,"night":11.34,"eve":9.55,"morn":3.04},"pressure":1016,"humidity":81,"weather":[{"id":500,"main":"Rain","description":"light rain","icon":"10d"}],"speed":9.47,"deg":199,"gust":18.41,"clouds":69,"pop":0.99,"rain":2.58}]}
--- ENF OF RECEIVED DATA ---

