________________________________________________
|             CALL API : START                |
________________________________________________

Informations : 
Called API: meteo - 4 September 2023, 15:10
Method: GETMETEO - Timeout : 300 - Cache : 1
URL CALLED : https://api.openweathermap.org/data/2.5/forecast/daily?q=Brussels,be&units=metric&cnt=4&appid=ea18c0706135505149200c3836f29800
-------------------------
________________________________________________
|             CALL API : START                |
________________________________________________

Informations : 
Called API: meteo - 4 September 2023, 15:10
Method: GETMETEO - Timeout : 300 - Cache : 1
URL CALLED : https://api.openweathermap.org/data/2.5/forecast/daily?q=Brussels,be&units=metric&cnt=4&appid=ea18c0706135505149200c3836f29800
-------------------------
{"city":{"id":2800866,"name":"Brussels","coord":{"lon":4.3488,"lat":50.8504},"country":"BE","population":1019022,"timezone":7200},"cod":"200","message":0.0618062,"cnt":4,"list":[{"dt":1693825200,"sunrise":1693803624,"sunset":1693851816,"temp":{"day":25.21,"min":14.36,"max":25.92,"night":19,"eve":24.09,"morn":14.36},"feels_like":{"day":25.09,"night":18.71,"eve":24.04,"morn":13.99},"pressure":1024,"humidity":50,"weather":[{"id":802,"main":"Clouds","description":"scattered clouds","icon":"03d"}],"speed":4.27,"deg":93,"gust":9.75,"clouds":32,"pop":0},{"dt":1693911600,"sunrise":1693890116,"sunset":1693938084,"temp":{"day":27.43,"min":16.55,"max":30.14,"night":21.01,"eve":27.16,"morn":16.55},"feels_like":{"day":27.43,"night":20.86,"eve":27.98,"morn":15.98},"pressure":1018,"humidity":44,"weather":[{"id":800,"main":"Clear","description":"sky is clear","icon":"01d"}],"speed":4.77,"deg":121,"gust":8.63,"clouds":6,"pop":0},{"dt":1693998000,"sunrise":1693976609,"sunset":1694024350,"temp":{"day":27.27,"min":17.24,"max":29.66,"night":21,"eve":27.36,"morn":17.24},"feels_like":{"day":27.01,"night":20.7,"eve":27.7,"morn":16.74},"pressure":1019,"humidity":39,"weather":[{"id":800,"main":"Clear","description":"sky is clear","icon":"01d"}],"speed":3.66,"deg":120,"gust":7.03,"clouds":7,"pop":0},{"dt":1694084400,"sunrise":1694063101,"sunset":1694110617,"temp":{"day":28.19,"min":16.89,"max":30.16,"night":21.73,"eve":24.81,"morn":16.89},"feels_like":{"day":28.14,"night":21.71,"eve":24.89,"morn":16.28},"pressure":1017,"humidity":44,"weather":[{"id":803,"main":"Clouds","description":"broken clouds","icon":"04d"}],"speed":3.9,"deg":120,"gust":5.14,"clouds":67,"pop":0}]}
--- ENF OF RECEIVED DATA ---

{"city":{"id":2800866,"name":"Brussels","coord":{"lon":4.3488,"lat":50.8504},"country":"BE","population":1019022,"timezone":7200},"cod":"200","message":0.0618062,"cnt":4,"list":[{"dt":1693825200,"sunrise":1693803624,"sunset":1693851816,"temp":{"day":25.21,"min":14.36,"max":25.92,"night":19,"eve":24.09,"morn":14.36},"feels_like":{"day":25.09,"night":18.71,"eve":24.04,"morn":13.99},"pressure":1024,"humidity":50,"weather":[{"id":802,"main":"Clouds","description":"scattered clouds","icon":"03d"}],"speed":4.27,"deg":93,"gust":9.75,"clouds":32,"pop":0},{"dt":1693911600,"sunrise":1693890116,"sunset":1693938084,"temp":{"day":27.43,"min":16.55,"max":30.14,"night":21.01,"eve":27.16,"morn":16.55},"feels_like":{"day":27.43,"night":20.86,"eve":27.98,"morn":15.98},"pressure":1018,"humidity":44,"weather":[{"id":800,"main":"Clear","description":"sky is clear","icon":"01d"}],"speed":4.77,"deg":121,"gust":8.63,"clouds":6,"pop":0},{"dt":1693998000,"sunrise":1693976609,"sunset":1694024350,"temp":{"day":27.27,"min":17.24,"max":29.66,"night":21,"eve":27.36,"morn":17.24},"feels_like":{"day":27.01,"night":20.7,"eve":27.7,"morn":16.74},"pressure":1019,"humidity":39,"weather":[{"id":800,"main":"Clear","description":"sky is clear","icon":"01d"}],"speed":3.66,"deg":120,"gust":7.03,"clouds":7,"pop":0},{"dt":1694084400,"sunrise":1694063101,"sunset":1694110617,"temp":{"day":28.19,"min":16.89,"max":30.16,"night":21.73,"eve":24.81,"morn":16.89},"feels_like":{"day":28.14,"night":21.71,"eve":24.89,"morn":16.28},"pressure":1017,"humidity":44,"weather":[{"id":803,"main":"Clouds","description":"broken clouds","icon":"04d"}],"speed":3.9,"deg":120,"gust":5.14,"clouds":67,"pop":0}]}
--- ENF OF RECEIVED DATA ---

