________________________________________________
|             CALL API : START                |
________________________________________________

Informations : 
Called API: meteo - 2 December 2023, 00:30
Method: GETMETEO - Timeout : 300 - Cache : 1
URL CALLED : https://api.openweathermap.org/data/2.5/forecast/daily?q=Brussels,be&units=metric&cnt=4&appid=ea18c0706135505149200c3836f29800
-------------------------
________________________________________________
|             CALL API : START                |
________________________________________________

Informations : 
Called API: meteo - 2 December 2023, 00:30
Method: GETMETEO - Timeout : 300 - Cache : 1
URL CALLED : https://api.openweathermap.org/data/2.5/forecast/daily?q=Brussels,be&units=metric&cnt=4&appid=ea18c0706135505149200c3836f29800
-------------------------
{"city":{"id":2800866,"name":"Brussels","coord":{"lon":4.3488,"lat":50.8504},"country":"BE","population":1019022,"timezone":3600},"cod":"200","message":0.452418,"cnt":4,"list":[{"dt":1701514800,"sunrise":1701501838,"sunset":1701531608,"temp":{"day":1.27,"min":-2.39,"max":2.16,"night":-0.78,"eve":-0.48,"morn":-2.29},"feels_like":{"day":-1.3,"night":-4.34,"eve":-3.89,"morn":-4.45},"pressure":1015,"humidity":68,"weather":[{"id":803,"main":"Clouds","description":"broken clouds","icon":"04d"}],"speed":2.9,"deg":214,"gust":4.61,"clouds":78,"pop":0},{"dt":1701601200,"sunrise":1701588318,"sunset":1701617974,"temp":{"day":2.14,"min":-1.75,"max":2.92,"night":2.42,"eve":0.22,"morn":-1.72},"feels_like":{"day":-2.85,"night":-3.08,"eve":-6.06,"morn":-6.41},"pressure":1019,"humidity":60,"weather":[{"id":601,"main":"Snow","description":"snow","icon":"13d"}],"speed":8.42,"deg":189,"gust":17.42,"clouds":63,"pop":0.84,"snow":2.2},{"dt":1701687600,"sunrise":1701674796,"sunset":1701704343,"temp":{"day":1.67,"min":0.66,"max":6.21,"night":5.14,"eve":6.21,"morn":2.12},"feels_like":{"day":-4.04,"night":-0.44,"eve":1.44,"morn":-2.52},"pressure":1003,"humidity":97,"weather":[{"id":616,"main":"Snow","description":"rain and snow","icon":"13d"}],"speed":10.84,"deg":210,"gust":18.11,"clouds":100,"pop":1,"rain":3.75,"snow":2.51},{"dt":1701774000,"sunrise":1701761271,"sunset":1701790716,"temp":{"day":3.58,"min":3.57,"max":5.15,"night":5.05,"eve":5.15,"morn":3.61},"feels_like":{"day":-1.68,"night":0.49,"eve":0.54,"morn":-1.88},"pressure":1007,"humidity":88,"weather":[{"id":500,"main":"Rain","description":"light rain","icon":"10d"}],"speed":9.97,"deg":232,"gust":15.51,"clouds":100,"pop":0.8,"rain":3.26}]}
--- ENF OF RECEIVED DATA ---

{"city":{"id":2800866,"name":"Brussels","coord":{"lon":4.3488,"lat":50.8504},"country":"BE","population":1019022,"timezone":3600},"cod":"200","message":0.452418,"cnt":4,"list":[{"dt":1701514800,"sunrise":1701501838,"sunset":1701531608,"temp":{"day":1.27,"min":-2.39,"max":2.16,"night":-0.78,"eve":-0.48,"morn":-2.29},"feels_like":{"day":-1.3,"night":-4.34,"eve":-3.89,"morn":-4.45},"pressure":1015,"humidity":68,"weather":[{"id":803,"main":"Clouds","description":"broken clouds","icon":"04d"}],"speed":2.9,"deg":214,"gust":4.61,"clouds":78,"pop":0},{"dt":1701601200,"sunrise":1701588318,"sunset":1701617974,"temp":{"day":2.14,"min":-1.75,"max":2.92,"night":2.42,"eve":0.22,"morn":-1.72},"feels_like":{"day":-2.85,"night":-3.08,"eve":-6.06,"morn":-6.41},"pressure":1019,"humidity":60,"weather":[{"id":601,"main":"Snow","description":"snow","icon":"13d"}],"speed":8.42,"deg":189,"gust":17.42,"clouds":63,"pop":0.84,"snow":2.2},{"dt":1701687600,"sunrise":1701674796,"sunset":1701704343,"temp":{"day":1.67,"min":0.66,"max":6.21,"night":5.14,"eve":6.21,"morn":2.12},"feels_like":{"day":-4.04,"night":-0.44,"eve":1.44,"morn":-2.52},"pressure":1003,"humidity":97,"weather":[{"id":616,"main":"Snow","description":"rain and snow","icon":"13d"}],"speed":10.84,"deg":210,"gust":18.11,"clouds":100,"pop":1,"rain":3.75,"snow":2.51},{"dt":1701774000,"sunrise":1701761271,"sunset":1701790716,"temp":{"day":3.58,"min":3.57,"max":5.15,"night":5.05,"eve":5.15,"morn":3.61},"feels_like":{"day":-1.68,"night":0.49,"eve":0.54,"morn":-1.88},"pressure":1007,"humidity":88,"weather":[{"id":500,"main":"Rain","description":"light rain","icon":"10d"}],"speed":9.97,"deg":232,"gust":15.51,"clouds":100,"pop":0.8,"rain":3.26}]}
--- ENF OF RECEIVED DATA ---

