________________________________________________
|             CALL API : START                |
________________________________________________

Informations : 
Called API: meteo - 29 January 2024, 18:00
Method: GETMETEO - Timeout : 300 - Cache : 1
URL CALLED : https://api.openweathermap.org/data/2.5/forecast/daily?q=Brussels,be&units=metric&cnt=4&appid=ea18c0706135505149200c3836f29800
-------------------------
________________________________________________
|             CALL API : START                |
________________________________________________

Informations : 
Called API: meteo - 29 January 2024, 18:00
Method: GETMETEO - Timeout : 300 - Cache : 1
URL CALLED : https://api.openweathermap.org/data/2.5/forecast/daily?q=Brussels,be&units=metric&cnt=4&appid=ea18c0706135505149200c3836f29800
-------------------------
{"city":{"id":2800866,"name":"Brussels","coord":{"lon":4.3488,"lat":50.8504},"country":"BE","population":1019022,"timezone":3600},"cod":"200","message":0.0472923,"cnt":4,"list":[{"dt":1706526000,"sunrise":1706513045,"sunset":1706545616,"temp":{"day":9.8,"min":6.16,"max":11.08,"night":7.81,"eve":10.74,"morn":6.25},"feels_like":{"day":7.46,"night":5.24,"eve":9.98,"morn":3.37},"pressure":1027,"humidity":78,"weather":[{"id":804,"main":"Clouds","description":"overcast clouds","icon":"04d"}],"speed":4.72,"deg":201,"gust":12.42,"clouds":100,"pop":0},{"dt":1706612400,"sunrise":1706599362,"sunset":1706632121,"temp":{"day":9.56,"min":6.48,"max":9.93,"night":6.48,"eve":7.59,"morn":9.07},"feels_like":{"day":6.19,"night":4.57,"eve":4.81,"morn":6.07},"pressure":1028,"humidity":75,"weather":[{"id":804,"main":"Clouds","description":"overcast clouds","icon":"04d"}],"speed":8.09,"deg":250,"gust":14.24,"clouds":100,"pop":0},{"dt":1706698800,"sunrise":1706685678,"sunset":1706718627,"temp":{"day":7.42,"min":4.01,"max":8.75,"night":6.48,"eve":6.53,"morn":5.89},"feels_like":{"day":4.79,"night":2.55,"eve":3.25,"morn":4.57},"pressure":1035,"humidity":72,"weather":[{"id":802,"main":"Clouds","description":"scattered clouds","icon":"03d"}],"speed":6.61,"deg":221,"gust":15.55,"clouds":44,"pop":0},{"dt":1706785200,"sunrise":1706771991,"sunset":1706805133,"temp":{"day":8.87,"min":3.74,"max":8.87,"night":3.74,"eve":4.81,"morn":8.28},"feels_like":{"day":6.27,"night":2.06,"eve":2.57,"morn":5.22},"pressure":1032,"humidity":67,"weather":[{"id":500,"main":"Rain","description":"light rain","icon":"10d"}],"speed":6.82,"deg":234,"gust":16.08,"clouds":80,"pop":1,"rain":3.05}]}
--- ENF OF RECEIVED DATA ---

{"city":{"id":2800866,"name":"Brussels","coord":{"lon":4.3488,"lat":50.8504},"country":"BE","population":1019022,"timezone":3600},"cod":"200","message":0.0472923,"cnt":4,"list":[{"dt":1706526000,"sunrise":1706513045,"sunset":1706545616,"temp":{"day":9.8,"min":6.16,"max":11.08,"night":7.81,"eve":10.74,"morn":6.25},"feels_like":{"day":7.46,"night":5.24,"eve":9.98,"morn":3.37},"pressure":1027,"humidity":78,"weather":[{"id":804,"main":"Clouds","description":"overcast clouds","icon":"04d"}],"speed":4.72,"deg":201,"gust":12.42,"clouds":100,"pop":0},{"dt":1706612400,"sunrise":1706599362,"sunset":1706632121,"temp":{"day":9.56,"min":6.48,"max":9.93,"night":6.48,"eve":7.59,"morn":9.07},"feels_like":{"day":6.19,"night":4.57,"eve":4.81,"morn":6.07},"pressure":1028,"humidity":75,"weather":[{"id":804,"main":"Clouds","description":"overcast clouds","icon":"04d"}],"speed":8.09,"deg":250,"gust":14.24,"clouds":100,"pop":0},{"dt":1706698800,"sunrise":1706685678,"sunset":1706718627,"temp":{"day":7.42,"min":4.01,"max":8.75,"night":6.48,"eve":6.53,"morn":5.89},"feels_like":{"day":4.79,"night":2.55,"eve":3.25,"morn":4.57},"pressure":1035,"humidity":72,"weather":[{"id":802,"main":"Clouds","description":"scattered clouds","icon":"03d"}],"speed":6.61,"deg":221,"gust":15.55,"clouds":44,"pop":0},{"dt":1706785200,"sunrise":1706771991,"sunset":1706805133,"temp":{"day":8.87,"min":3.74,"max":8.87,"night":3.74,"eve":4.81,"morn":8.28},"feels_like":{"day":6.27,"night":2.06,"eve":2.57,"morn":5.22},"pressure":1032,"humidity":67,"weather":[{"id":500,"main":"Rain","description":"light rain","icon":"10d"}],"speed":6.82,"deg":234,"gust":16.08,"clouds":80,"pop":1,"rain":3.05}]}
--- ENF OF RECEIVED DATA ---

