________________________________________________
|             CALL API : START                |
________________________________________________

Informations : 
Called API: meteo - 28 October 2023, 05:20
Method: GETMETEO - Timeout : 300 - Cache : 1
URL CALLED : https://api.openweathermap.org/data/2.5/forecast/daily?q=Brussels,be&units=metric&cnt=4&appid=ea18c0706135505149200c3836f29800
-------------------------
________________________________________________
|             CALL API : START                |
________________________________________________

Informations : 
Called API: meteo - 28 October 2023, 05:20
Method: GETMETEO - Timeout : 300 - Cache : 1
URL CALLED : https://api.openweathermap.org/data/2.5/forecast/daily?q=Brussels,be&units=metric&cnt=4&appid=ea18c0706135505149200c3836f29800
-------------------------
{"city":{"id":2800866,"name":"Brussels","coord":{"lon":4.3488,"lat":50.8504},"country":"BE","population":1019022,"timezone":7200},"cod":"200","message":0.0465397,"cnt":4,"list":[{"dt":1698490800,"sunrise":1698474398,"sunset":1698510359,"temp":{"day":13.94,"min":10.14,"max":14.91,"night":13.47,"eve":12.09,"morn":10.8},"feels_like":{"day":13.37,"night":13.12,"eve":11.52,"morn":10.21},"pressure":996,"humidity":76,"weather":[{"id":501,"main":"Rain","description":"moderate rain","icon":"10d"}],"speed":9.79,"deg":187,"gust":18.45,"clouds":84,"pop":1,"rain":2.85},{"dt":1698577200,"sunrise":1698560901,"sunset":1698596648,"temp":{"day":14.12,"min":11.58,"max":14.82,"night":11.58,"eve":12.58,"morn":13.15},"feels_like":{"day":13.62,"night":10.99,"eve":12.14,"morn":12.66},"pressure":996,"humidity":78,"weather":[{"id":500,"main":"Rain","description":"light rain","icon":"10d"}],"speed":10.71,"deg":195,"gust":19.91,"clouds":70,"pop":1,"rain":4.39},{"dt":1698663600,"sunrise":1698647405,"sunset":1698682938,"temp":{"day":14.51,"min":10.87,"max":15.24,"night":10.87,"eve":12.13,"morn":11.54},"feels_like":{"day":13.77,"night":10.36,"eve":11.46,"morn":10.89},"pressure":1001,"humidity":67,"weather":[{"id":802,"main":"Clouds","description":"scattered clouds","icon":"03d"}],"speed":8.37,"deg":203,"gust":16.35,"clouds":32,"pop":0.3},{"dt":1698750000,"sunrise":1698733909,"sunset":1698769230,"temp":{"day":12.22,"min":9.19,"max":12.5,"night":11.64,"eve":12.03,"morn":9.19},"feels_like":{"day":11.61,"night":10.95,"eve":11.46,"morn":6.25},"pressure":1003,"humidity":81,"weather":[{"id":804,"main":"Clouds","description":"overcast clouds","icon":"04d"}],"speed":7.84,"deg":202,"gust":14.85,"clouds":94,"pop":0.19}]}
--- ENF OF RECEIVED DATA ---

{"city":{"id":2800866,"name":"Brussels","coord":{"lon":4.3488,"lat":50.8504},"country":"BE","population":1019022,"timezone":7200},"cod":"200","message":0.0465397,"cnt":4,"list":[{"dt":1698490800,"sunrise":1698474398,"sunset":1698510359,"temp":{"day":13.94,"min":10.14,"max":14.91,"night":13.47,"eve":12.09,"morn":10.8},"feels_like":{"day":13.37,"night":13.12,"eve":11.52,"morn":10.21},"pressure":996,"humidity":76,"weather":[{"id":501,"main":"Rain","description":"moderate rain","icon":"10d"}],"speed":9.79,"deg":187,"gust":18.45,"clouds":84,"pop":1,"rain":2.85},{"dt":1698577200,"sunrise":1698560901,"sunset":1698596648,"temp":{"day":14.12,"min":11.58,"max":14.82,"night":11.58,"eve":12.58,"morn":13.15},"feels_like":{"day":13.62,"night":10.99,"eve":12.14,"morn":12.66},"pressure":996,"humidity":78,"weather":[{"id":500,"main":"Rain","description":"light rain","icon":"10d"}],"speed":10.71,"deg":195,"gust":19.91,"clouds":70,"pop":1,"rain":4.39},{"dt":1698663600,"sunrise":1698647405,"sunset":1698682938,"temp":{"day":14.51,"min":10.87,"max":15.24,"night":10.87,"eve":12.13,"morn":11.54},"feels_like":{"day":13.77,"night":10.36,"eve":11.46,"morn":10.89},"pressure":1001,"humidity":67,"weather":[{"id":802,"main":"Clouds","description":"scattered clouds","icon":"03d"}],"speed":8.37,"deg":203,"gust":16.35,"clouds":32,"pop":0.3},{"dt":1698750000,"sunrise":1698733909,"sunset":1698769230,"temp":{"day":12.22,"min":9.19,"max":12.5,"night":11.64,"eve":12.03,"morn":9.19},"feels_like":{"day":11.61,"night":10.95,"eve":11.46,"morn":6.25},"pressure":1003,"humidity":81,"weather":[{"id":804,"main":"Clouds","description":"overcast clouds","icon":"04d"}],"speed":7.84,"deg":202,"gust":14.85,"clouds":94,"pop":0.19}]}
--- ENF OF RECEIVED DATA ---

