________________________________________________
|             CALL API : START                |
________________________________________________

Informations : 
Called API: meteo - 10 June 2024, 11:40
Method: GETMETEO - Timeout : 300 - Cache : 1
URL CALLED : https://api.openweathermap.org/data/2.5/forecast/daily?q=Brussels,be&units=metric&cnt=4&appid=ea18c0706135505149200c3836f29800
-------------------------
________________________________________________
|             CALL API : START                |
________________________________________________

Informations : 
Called API: meteo - 10 June 2024, 11:40
Method: GETMETEO - Timeout : 300 - Cache : 1
URL CALLED : https://api.openweathermap.org/data/2.5/forecast/daily?q=Brussels,be&units=metric&cnt=4&appid=ea18c0706135505149200c3836f29800
-------------------------
{"city":{"id":2800866,"name":"Brussels","coord":{"lon":4.3488,"lat":50.8504},"country":"BE","population":1019022,"timezone":7200},"cod":"200","message":4.3160798,"cnt":4,"list":[{"dt":1718017200,"sunrise":1717990167,"sunset":1718049299,"temp":{"day":12.53,"min":8.72,"max":13.02,"night":8.72,"eve":12.63,"morn":11.67},"feels_like":{"day":12.19,"night":6.79,"eve":11.85,"morn":11.09},"pressure":1005,"humidity":90,"weather":[{"id":501,"main":"Rain","description":"moderate rain","icon":"10d"}],"speed":11.93,"deg":280,"gust":16.43,"clouds":80,"pop":1,"rain":5.62},{"dt":1718103600,"sunrise":1718076549,"sunset":1718135740,"temp":{"day":14.34,"min":6.49,"max":16.17,"night":9.17,"eve":14.49,"morn":7.85},"feels_like":{"day":13.61,"night":7.61,"eve":13.61,"morn":6.23},"pressure":1016,"humidity":68,"weather":[{"id":500,"main":"Rain","description":"light rain","icon":"10d"}],"speed":5.21,"deg":322,"gust":7.39,"clouds":69,"pop":1,"rain":3.96},{"dt":1718190000,"sunrise":1718162934,"sunset":1718222179,"temp":{"day":13.56,"min":8.98,"max":14.59,"night":8.98,"eve":14.06,"morn":9.95},"feels_like":{"day":12.54,"night":8.54,"eve":13.01,"morn":8.48},"pressure":1022,"humidity":60,"weather":[{"id":803,"main":"Clouds","description":"broken clouds","icon":"04d"}],"speed":4.62,"deg":311,"gust":6.78,"clouds":59,"pop":0},{"dt":1718276400,"sunrise":1718249322,"sunset":1718308614,"temp":{"day":17.66,"min":6.79,"max":17.91,"night":12.66,"eve":16.09,"morn":8.01},"feels_like":{"day":16.97,"night":12.25,"eve":15.71,"morn":6.16},"pressure":1019,"humidity":57,"weather":[{"id":500,"main":"Rain","description":"light rain","icon":"10d"}],"speed":5.37,"deg":227,"gust":7.3,"clouds":74,"pop":0.92,"rain":0.84}]}
--- ENF OF RECEIVED DATA ---

{"city":{"id":2800866,"name":"Brussels","coord":{"lon":4.3488,"lat":50.8504},"country":"BE","population":1019022,"timezone":7200},"cod":"200","message":4.3160798,"cnt":4,"list":[{"dt":1718017200,"sunrise":1717990167,"sunset":1718049299,"temp":{"day":12.53,"min":8.72,"max":13.02,"night":8.72,"eve":12.63,"morn":11.67},"feels_like":{"day":12.19,"night":6.79,"eve":11.85,"morn":11.09},"pressure":1005,"humidity":90,"weather":[{"id":501,"main":"Rain","description":"moderate rain","icon":"10d"}],"speed":11.93,"deg":280,"gust":16.43,"clouds":80,"pop":1,"rain":5.62},{"dt":1718103600,"sunrise":1718076549,"sunset":1718135740,"temp":{"day":14.34,"min":6.49,"max":16.17,"night":9.17,"eve":14.49,"morn":7.85},"feels_like":{"day":13.61,"night":7.61,"eve":13.61,"morn":6.23},"pressure":1016,"humidity":68,"weather":[{"id":500,"main":"Rain","description":"light rain","icon":"10d"}],"speed":5.21,"deg":322,"gust":7.39,"clouds":69,"pop":1,"rain":3.96},{"dt":1718190000,"sunrise":1718162934,"sunset":1718222179,"temp":{"day":13.56,"min":8.98,"max":14.59,"night":8.98,"eve":14.06,"morn":9.95},"feels_like":{"day":12.54,"night":8.54,"eve":13.01,"morn":8.48},"pressure":1022,"humidity":60,"weather":[{"id":803,"main":"Clouds","description":"broken clouds","icon":"04d"}],"speed":4.62,"deg":311,"gust":6.78,"clouds":59,"pop":0},{"dt":1718276400,"sunrise":1718249322,"sunset":1718308614,"temp":{"day":17.66,"min":6.79,"max":17.91,"night":12.66,"eve":16.09,"morn":8.01},"feels_like":{"day":16.97,"night":12.25,"eve":15.71,"morn":6.16},"pressure":1019,"humidity":57,"weather":[{"id":500,"main":"Rain","description":"light rain","icon":"10d"}],"speed":5.37,"deg":227,"gust":7.3,"clouds":74,"pop":0.92,"rain":0.84}]}
--- ENF OF RECEIVED DATA ---

