________________________________________________
|             CALL API : START                |
________________________________________________

Informations : 
Called API: meteo - 14 July 2023, 20:10
Method: GETMETEO - Timeout : 300 - Cache : 1
URL CALLED : https://api.openweathermap.org/data/2.5/forecast/daily?q=Brussels,be&units=metric&cnt=4&appid=ea18c0706135505149200c3836f29800
-------------------------
________________________________________________
|             CALL API : START                |
________________________________________________

Informations : 
Called API: meteo - 14 July 2023, 20:10
Method: GETMETEO - Timeout : 300 - Cache : 1
URL CALLED : https://api.openweathermap.org/data/2.5/forecast/daily?q=Brussels,be&units=metric&cnt=4&appid=ea18c0706135505149200c3836f29800
-------------------------
{"city":{"id":2800866,"name":"Brussels","coord":{"lon":4.3488,"lat":50.8504},"country":"BE","population":1019022,"timezone":7200},"cod":"200","message":0.0914399,"cnt":4,"list":[{"dt":1689332400,"sunrise":1689306266,"sunset":1689364319,"temp":{"day":23.6,"min":13.09,"max":26.16,"night":23.69,"eve":26.11,"morn":14.06},"feels_like":{"day":23.22,"night":23.21,"eve":26.11,"morn":13.79},"pressure":1013,"humidity":46,"weather":[{"id":500,"main":"Rain","description":"light rain","icon":"10d"}],"speed":5.59,"deg":163,"gust":14.07,"clouds":98,"pop":0.2,"rain":0.1},{"dt":1689418800,"sunrise":1689392733,"sunset":1689450664,"temp":{"day":21,"min":17.08,"max":24.66,"night":17.08,"eve":23.86,"morn":18.04},"feels_like":{"day":20.8,"night":16.44,"eve":23.55,"morn":17.73},"pressure":1007,"humidity":63,"weather":[{"id":500,"main":"Rain","description":"light rain","icon":"10d"}],"speed":9.65,"deg":222,"gust":16.17,"clouds":78,"pop":0.21,"rain":0.12},{"dt":1689505200,"sunrise":1689479203,"sunset":1689537007,"temp":{"day":21.14,"min":14.8,"max":22.48,"night":16.49,"eve":22.48,"morn":15.09},"feels_like":{"day":20.64,"night":16.18,"eve":22.01,"morn":14.4},"pressure":1014,"humidity":51,"weather":[{"id":803,"main":"Clouds","description":"broken clouds","icon":"04d"}],"speed":8.87,"deg":224,"gust":14.01,"clouds":61,"pop":0.22},{"dt":1689591600,"sunrise":1689565674,"sunset":1689623347,"temp":{"day":22.69,"min":13.56,"max":22.69,"night":15,"eve":21.05,"morn":14.57},"feels_like":{"day":22.11,"night":13.99,"eve":20.36,"morn":14.09},"pressure":1018,"humidity":42,"weather":[{"id":802,"main":"Clouds","description":"scattered clouds","icon":"03d"}],"speed":5.78,"deg":248,"gust":8.18,"clouds":37,"pop":0}]}
--- ENF OF RECEIVED DATA ---

{"city":{"id":2800866,"name":"Brussels","coord":{"lon":4.3488,"lat":50.8504},"country":"BE","population":1019022,"timezone":7200},"cod":"200","message":0.0914399,"cnt":4,"list":[{"dt":1689332400,"sunrise":1689306266,"sunset":1689364319,"temp":{"day":23.6,"min":13.09,"max":26.16,"night":23.69,"eve":26.11,"morn":14.06},"feels_like":{"day":23.22,"night":23.21,"eve":26.11,"morn":13.79},"pressure":1013,"humidity":46,"weather":[{"id":500,"main":"Rain","description":"light rain","icon":"10d"}],"speed":5.59,"deg":163,"gust":14.07,"clouds":98,"pop":0.2,"rain":0.1},{"dt":1689418800,"sunrise":1689392733,"sunset":1689450664,"temp":{"day":21,"min":17.08,"max":24.66,"night":17.08,"eve":23.86,"morn":18.04},"feels_like":{"day":20.8,"night":16.44,"eve":23.55,"morn":17.73},"pressure":1007,"humidity":63,"weather":[{"id":500,"main":"Rain","description":"light rain","icon":"10d"}],"speed":9.65,"deg":222,"gust":16.17,"clouds":78,"pop":0.21,"rain":0.12},{"dt":1689505200,"sunrise":1689479203,"sunset":1689537007,"temp":{"day":21.14,"min":14.8,"max":22.48,"night":16.49,"eve":22.48,"morn":15.09},"feels_like":{"day":20.64,"night":16.18,"eve":22.01,"morn":14.4},"pressure":1014,"humidity":51,"weather":[{"id":803,"main":"Clouds","description":"broken clouds","icon":"04d"}],"speed":8.87,"deg":224,"gust":14.01,"clouds":61,"pop":0.22},{"dt":1689591600,"sunrise":1689565674,"sunset":1689623347,"temp":{"day":22.69,"min":13.56,"max":22.69,"night":15,"eve":21.05,"morn":14.57},"feels_like":{"day":22.11,"night":13.99,"eve":20.36,"morn":14.09},"pressure":1018,"humidity":42,"weather":[{"id":802,"main":"Clouds","description":"scattered clouds","icon":"03d"}],"speed":5.78,"deg":248,"gust":8.18,"clouds":37,"pop":0}]}
--- ENF OF RECEIVED DATA ---

