________________________________________________
|             CALL API : START                |
________________________________________________

Informations : 
Called API: meteo - 23 July 2024, 14:10
Method: GETMETEO - Timeout : 300 - Cache : 1
URL CALLED : https://api.openweathermap.org/data/2.5/forecast/daily?q=Brussels,be&units=metric&cnt=4&appid=ea18c0706135505149200c3836f29800
-------------------------
________________________________________________
|             CALL API : START                |
________________________________________________

Informations : 
Called API: meteo - 23 July 2024, 14:10
Method: GETMETEO - Timeout : 300 - Cache : 1
URL CALLED : https://api.openweathermap.org/data/2.5/forecast/daily?q=Brussels,be&units=metric&cnt=4&appid=ea18c0706135505149200c3836f29800
-------------------------
{"city":{"id":2800866,"name":"Brussels","coord":{"lon":4.3488,"lat":50.8504},"country":"BE","population":1019022,"timezone":7200},"cod":"200","message":0.0425632,"cnt":4,"list":[{"dt":1721732400,"sunrise":1721706989,"sunset":1721763682,"temp":{"day":21.59,"min":15.06,"max":21.6,"night":15.06,"eve":19.65,"morn":17.4},"feels_like":{"day":21.53,"night":15,"eve":19.73,"morn":17.7},"pressure":1017,"humidity":66,"weather":[{"id":500,"main":"Rain","description":"light rain","icon":"10d"}],"speed":7.48,"deg":256,"gust":12,"clouds":74,"pop":1,"rain":4.22},{"dt":1721818800,"sunrise":1721793471,"sunset":1721850004,"temp":{"day":22.16,"min":14.14,"max":23.8,"night":17.85,"eve":23.18,"morn":16.05},"feels_like":{"day":21.82,"night":17.49,"eve":22.83,"morn":15.75},"pressure":1022,"humidity":53,"weather":[{"id":803,"main":"Clouds","description":"broken clouds","icon":"04d"}],"speed":3.02,"deg":300,"gust":6.61,"clouds":58,"pop":0},{"dt":1721905200,"sunrise":1721879953,"sunset":1721936324,"temp":{"day":21.92,"min":15.04,"max":24.47,"night":21.14,"eve":23.12,"morn":15.46},"feels_like":{"day":21.84,"night":21.19,"eve":23.18,"morn":15.12},"pressure":1015,"humidity":64,"weather":[{"id":804,"main":"Clouds","description":"overcast clouds","icon":"04d"}],"speed":4.71,"deg":219,"gust":7.87,"clouds":100,"pop":0},{"dt":1721991600,"sunrise":1721966436,"sunset":1722022642,"temp":{"day":18.55,"min":16.82,"max":23.21,"night":17.31,"eve":20.84,"morn":17.12},"feels_like":{"day":18.92,"night":17.37,"eve":20.99,"morn":17.29},"pressure":1010,"humidity":94,"weather":[{"id":501,"main":"Rain","description":"moderate rain","icon":"10d"}],"speed":5.35,"deg":224,"gust":10.27,"clouds":100,"pop":1,"rain":9.86}]}
--- ENF OF RECEIVED DATA ---

{"city":{"id":2800866,"name":"Brussels","coord":{"lon":4.3488,"lat":50.8504},"country":"BE","population":1019022,"timezone":7200},"cod":"200","message":0.0425632,"cnt":4,"list":[{"dt":1721732400,"sunrise":1721706989,"sunset":1721763682,"temp":{"day":21.59,"min":15.06,"max":21.6,"night":15.06,"eve":19.65,"morn":17.4},"feels_like":{"day":21.53,"night":15,"eve":19.73,"morn":17.7},"pressure":1017,"humidity":66,"weather":[{"id":500,"main":"Rain","description":"light rain","icon":"10d"}],"speed":7.48,"deg":256,"gust":12,"clouds":74,"pop":1,"rain":4.22},{"dt":1721818800,"sunrise":1721793471,"sunset":1721850004,"temp":{"day":22.16,"min":14.14,"max":23.8,"night":17.85,"eve":23.18,"morn":16.05},"feels_like":{"day":21.82,"night":17.49,"eve":22.83,"morn":15.75},"pressure":1022,"humidity":53,"weather":[{"id":803,"main":"Clouds","description":"broken clouds","icon":"04d"}],"speed":3.02,"deg":300,"gust":6.61,"clouds":58,"pop":0},{"dt":1721905200,"sunrise":1721879953,"sunset":1721936324,"temp":{"day":21.92,"min":15.04,"max":24.47,"night":21.14,"eve":23.12,"morn":15.46},"feels_like":{"day":21.84,"night":21.19,"eve":23.18,"morn":15.12},"pressure":1015,"humidity":64,"weather":[{"id":804,"main":"Clouds","description":"overcast clouds","icon":"04d"}],"speed":4.71,"deg":219,"gust":7.87,"clouds":100,"pop":0},{"dt":1721991600,"sunrise":1721966436,"sunset":1722022642,"temp":{"day":18.55,"min":16.82,"max":23.21,"night":17.31,"eve":20.84,"morn":17.12},"feels_like":{"day":18.92,"night":17.37,"eve":20.99,"morn":17.29},"pressure":1010,"humidity":94,"weather":[{"id":501,"main":"Rain","description":"moderate rain","icon":"10d"}],"speed":5.35,"deg":224,"gust":10.27,"clouds":100,"pop":1,"rain":9.86}]}
--- ENF OF RECEIVED DATA ---

