________________________________________________
|             CALL API : START                |
________________________________________________

Informations : 
Called API: meteo - 6 September 2024, 21:20
Method: GETMETEO - Timeout : 300 - Cache : 1
URL CALLED : https://api.openweathermap.org/data/2.5/forecast/daily?q=Brussels,be&units=metric&cnt=4&appid=ea18c0706135505149200c3836f29800
-------------------------
________________________________________________
|             CALL API : START                |
________________________________________________

Informations : 
Called API: meteo - 6 September 2024, 21:20
Method: GETMETEO - Timeout : 300 - Cache : 1
URL CALLED : https://api.openweathermap.org/data/2.5/forecast/daily?q=Brussels,be&units=metric&cnt=4&appid=ea18c0706135505149200c3836f29800
-------------------------
{"city":{"id":2800866,"name":"Brussels","coord":{"lon":4.3488,"lat":50.8504},"country":"BE","population":1019022,"timezone":7200},"cod":"200","message":0.06699,"cnt":4,"list":[{"dt":1725620400,"sunrise":1725599077,"sunset":1725646651,"temp":{"day":17.28,"min":16.62,"max":18.34,"night":17.11,"eve":17.94,"morn":16.62},"feels_like":{"day":17.52,"night":17.25,"eve":18.09,"morn":16.87},"pressure":1011,"humidity":94,"weather":[{"id":501,"main":"Rain","description":"moderate rain","icon":"10d"}],"speed":4.86,"deg":241,"gust":9,"clouds":100,"pop":1,"rain":6.97},{"dt":1725706800,"sunrise":1725685570,"sunset":1725732917,"temp":{"day":24.39,"min":15.65,"max":27.06,"night":20.89,"eve":24.85,"morn":15.99},"feels_like":{"day":24.37,"night":20.99,"eve":25.06,"morn":15.92},"pressure":1011,"humidity":57,"weather":[{"id":500,"main":"Rain","description":"light rain","icon":"10d"}],"speed":4.71,"deg":86,"gust":11.77,"clouds":62,"pop":0.64,"rain":0.55},{"dt":1725793200,"sunrise":1725772062,"sunset":1725819183,"temp":{"day":20.57,"min":15.18,"max":21.64,"night":15.18,"eve":19.39,"morn":15.63},"feels_like":{"day":20.25,"night":15.16,"eve":19.08,"morn":15.68},"pressure":1010,"humidity":60,"weather":[{"id":502,"main":"Rain","description":"heavy intensity rain","icon":"10d"}],"speed":7.69,"deg":191,"gust":14.86,"clouds":7,"pop":1,"rain":8.63},{"dt":1725879600,"sunrise":1725858554,"sunset":1725905448,"temp":{"day":18.95,"min":13.37,"max":20,"night":14.68,"eve":16.93,"morn":13.37},"feels_like":{"day":18.75,"night":13.82,"eve":16.51,"morn":13.27},"pressure":1006,"humidity":71,"weather":[{"id":501,"main":"Rain","description":"moderate rain","icon":"10d"}],"speed":7.88,"deg":277,"gust":11.55,"clouds":57,"pop":1,"rain":3.06}]}
--- ENF OF RECEIVED DATA ---

{"city":{"id":2800866,"name":"Brussels","coord":{"lon":4.3488,"lat":50.8504},"country":"BE","population":1019022,"timezone":7200},"cod":"200","message":0.06699,"cnt":4,"list":[{"dt":1725620400,"sunrise":1725599077,"sunset":1725646651,"temp":{"day":17.28,"min":16.62,"max":18.34,"night":17.11,"eve":17.94,"morn":16.62},"feels_like":{"day":17.52,"night":17.25,"eve":18.09,"morn":16.87},"pressure":1011,"humidity":94,"weather":[{"id":501,"main":"Rain","description":"moderate rain","icon":"10d"}],"speed":4.86,"deg":241,"gust":9,"clouds":100,"pop":1,"rain":6.97},{"dt":1725706800,"sunrise":1725685570,"sunset":1725732917,"temp":{"day":24.39,"min":15.65,"max":27.06,"night":20.89,"eve":24.85,"morn":15.99},"feels_like":{"day":24.37,"night":20.99,"eve":25.06,"morn":15.92},"pressure":1011,"humidity":57,"weather":[{"id":500,"main":"Rain","description":"light rain","icon":"10d"}],"speed":4.71,"deg":86,"gust":11.77,"clouds":62,"pop":0.64,"rain":0.55},{"dt":1725793200,"sunrise":1725772062,"sunset":1725819183,"temp":{"day":20.57,"min":15.18,"max":21.64,"night":15.18,"eve":19.39,"morn":15.63},"feels_like":{"day":20.25,"night":15.16,"eve":19.08,"morn":15.68},"pressure":1010,"humidity":60,"weather":[{"id":502,"main":"Rain","description":"heavy intensity rain","icon":"10d"}],"speed":7.69,"deg":191,"gust":14.86,"clouds":7,"pop":1,"rain":8.63},{"dt":1725879600,"sunrise":1725858554,"sunset":1725905448,"temp":{"day":18.95,"min":13.37,"max":20,"night":14.68,"eve":16.93,"morn":13.37},"feels_like":{"day":18.75,"night":13.82,"eve":16.51,"morn":13.27},"pressure":1006,"humidity":71,"weather":[{"id":501,"main":"Rain","description":"moderate rain","icon":"10d"}],"speed":7.88,"deg":277,"gust":11.55,"clouds":57,"pop":1,"rain":3.06}]}
--- ENF OF RECEIVED DATA ---

