________________________________________________
|             CALL API : START                |
________________________________________________

Informations : 
Called API: meteo - 15 October 2023, 01:30
Method: GETMETEO - Timeout : 300 - Cache : 1
URL CALLED : https://api.openweathermap.org/data/2.5/forecast/daily?q=Brussels,be&units=metric&cnt=4&appid=ea18c0706135505149200c3836f29800
-------------------------
________________________________________________
|             CALL API : START                |
________________________________________________

Informations : 
Called API: meteo - 15 October 2023, 01:30
Method: GETMETEO - Timeout : 300 - Cache : 1
URL CALLED : https://api.openweathermap.org/data/2.5/forecast/daily?q=Brussels,be&units=metric&cnt=4&appid=ea18c0706135505149200c3836f29800
-------------------------
{"city":{"id":2800866,"name":"Brussels","coord":{"lon":4.3488,"lat":50.8504},"country":"BE","population":1019022,"timezone":7200},"cod":"200","message":10.022622,"cnt":4,"list":[{"dt":1697367600,"sunrise":1697349881,"sunset":1697388716,"temp":{"day":11.12,"min":6.17,"max":11.32,"night":6.39,"eve":9.12,"morn":6.44},"feels_like":{"day":9.75,"night":6.39,"eve":7.69,"morn":3.56},"pressure":1023,"humidity":56,"weather":[{"id":500,"main":"Rain","description":"light rain","icon":"10d"}],"speed":5.99,"deg":304,"gust":10.77,"clouds":30,"pop":0.35,"rain":0.39},{"dt":1697454000,"sunrise":1697436380,"sunset":1697474990,"temp":{"day":11.2,"min":5.2,"max":12.1,"night":7.23,"eve":8.76,"morn":5.24},"feels_like":{"day":9.84,"night":4.82,"eve":6.58,"morn":5.24},"pressure":1023,"humidity":56,"weather":[{"id":804,"main":"Clouds","description":"overcast clouds","icon":"04d"}],"speed":4.27,"deg":80,"gust":10.33,"clouds":100,"pop":0},{"dt":1697540400,"sunrise":1697522880,"sunset":1697561265,"temp":{"day":12.16,"min":5.72,"max":13.45,"night":9.28,"eve":10.47,"morn":5.77},"feels_like":{"day":10.68,"night":6.9,"eve":9.01,"morn":2.89},"pressure":1015,"humidity":48,"weather":[{"id":804,"main":"Clouds","description":"overcast clouds","icon":"04d"}],"speed":6.42,"deg":90,"gust":11.92,"clouds":100,"pop":0},{"dt":1697626800,"sunrise":1697609380,"sunset":1697647541,"temp":{"day":13.18,"min":8.75,"max":16.08,"night":16.08,"eve":14.45,"morn":10.26},"feels_like":{"day":12.85,"night":16.17,"eve":14.38,"morn":8.88},"pressure":1001,"humidity":88,"weather":[{"id":501,"main":"Rain","description":"moderate rain","icon":"10d"}],"speed":8.3,"deg":190,"gust":15.86,"clouds":100,"pop":1,"rain":9.81}]}
--- ENF OF RECEIVED DATA ---

{"city":{"id":2800866,"name":"Brussels","coord":{"lon":4.3488,"lat":50.8504},"country":"BE","population":1019022,"timezone":7200},"cod":"200","message":10.022622,"cnt":4,"list":[{"dt":1697367600,"sunrise":1697349881,"sunset":1697388716,"temp":{"day":11.12,"min":6.17,"max":11.32,"night":6.39,"eve":9.12,"morn":6.44},"feels_like":{"day":9.75,"night":6.39,"eve":7.69,"morn":3.56},"pressure":1023,"humidity":56,"weather":[{"id":500,"main":"Rain","description":"light rain","icon":"10d"}],"speed":5.99,"deg":304,"gust":10.77,"clouds":30,"pop":0.35,"rain":0.39},{"dt":1697454000,"sunrise":1697436380,"sunset":1697474990,"temp":{"day":11.2,"min":5.2,"max":12.1,"night":7.23,"eve":8.76,"morn":5.24},"feels_like":{"day":9.84,"night":4.82,"eve":6.58,"morn":5.24},"pressure":1023,"humidity":56,"weather":[{"id":804,"main":"Clouds","description":"overcast clouds","icon":"04d"}],"speed":4.27,"deg":80,"gust":10.33,"clouds":100,"pop":0},{"dt":1697540400,"sunrise":1697522880,"sunset":1697561265,"temp":{"day":12.16,"min":5.72,"max":13.45,"night":9.28,"eve":10.47,"morn":5.77},"feels_like":{"day":10.68,"night":6.9,"eve":9.01,"morn":2.89},"pressure":1015,"humidity":48,"weather":[{"id":804,"main":"Clouds","description":"overcast clouds","icon":"04d"}],"speed":6.42,"deg":90,"gust":11.92,"clouds":100,"pop":0},{"dt":1697626800,"sunrise":1697609380,"sunset":1697647541,"temp":{"day":13.18,"min":8.75,"max":16.08,"night":16.08,"eve":14.45,"morn":10.26},"feels_like":{"day":12.85,"night":16.17,"eve":14.38,"morn":8.88},"pressure":1001,"humidity":88,"weather":[{"id":501,"main":"Rain","description":"moderate rain","icon":"10d"}],"speed":8.3,"deg":190,"gust":15.86,"clouds":100,"pop":1,"rain":9.81}]}
--- ENF OF RECEIVED DATA ---

