________________________________________________
|             CALL API : START                |
________________________________________________

Informations : 
Called API: meteo - 19 January 2025, 14:50
Method: GETMETEO - Timeout : 300 - Cache : 1
URL CALLED : https://api.openweathermap.org/data/2.5/forecast/daily?q=Brussels,be&units=metric&cnt=4&appid=ea18c0706135505149200c3836f29800
-------------------------
________________________________________________
|             CALL API : START                |
________________________________________________

Informations : 
Called API: meteo - 19 January 2025, 14:50
Method: GETMETEO - Timeout : 300 - Cache : 1
URL CALLED : https://api.openweathermap.org/data/2.5/forecast/daily?q=Brussels,be&units=metric&cnt=4&appid=ea18c0706135505149200c3836f29800
-------------------------
{"city":{"id":2800866,"name":"Brussels","coord":{"lon":4.3488,"lat":50.8504},"country":"BE","population":1019022,"timezone":3600},"cod":"200","message":0.073478,"cnt":4,"list":[{"dt":1737284400,"sunrise":1737272099,"sunset":1737303079,"temp":{"day":1.23,"min":-1.11,"max":1.23,"night":0.07,"eve":0.14,"morn":-0.79},"feels_like":{"day":1.23,"night":0.07,"eve":0.14,"morn":-0.79},"pressure":1022,"humidity":80,"weather":[{"id":802,"main":"Clouds","description":"scattered clouds","icon":"03d"}],"speed":1.78,"deg":213,"gust":2.02,"clouds":33,"pop":0},{"dt":1737370800,"sunrise":1737358438,"sunset":1737389576,"temp":{"day":2.77,"min":-0.39,"max":3.66,"night":1.09,"eve":1.92,"morn":0.2},"feels_like":{"day":1.32,"night":-1.86,"eve":-0.14,"morn":-1.99},"pressure":1021,"humidity":75,"weather":[{"id":804,"main":"Clouds","description":"overcast clouds","icon":"04d"}],"speed":2.63,"deg":196,"gust":4.06,"clouds":97,"pop":0},{"dt":1737457200,"sunrise":1737444775,"sunset":1737476075,"temp":{"day":5.25,"min":0.33,"max":7.06,"night":2.46,"eve":3.91,"morn":0.36},"feels_like":{"day":3.07,"night":-0.34,"eve":2.14,"morn":-3.01},"pressure":1018,"humidity":75,"weather":[{"id":803,"main":"Clouds","description":"broken clouds","icon":"04d"}],"speed":2.99,"deg":196,"gust":6.29,"clouds":71,"pop":0},{"dt":1737543600,"sunrise":1737531109,"sunset":1737562574,"temp":{"day":4.86,"min":2.28,"max":8.62,"night":8.62,"eve":6.91,"morn":2.53},"feels_like":{"day":1.46,"night":5.21,"eve":3.79,"morn":-0.94},"pressure":1007,"humidity":86,"weather":[{"id":500,"main":"Rain","description":"light rain","icon":"10d"}],"speed":6.87,"deg":176,"gust":16.03,"clouds":100,"pop":0.56,"rain":0.48}]}
--- ENF OF RECEIVED DATA ---

{"city":{"id":2800866,"name":"Brussels","coord":{"lon":4.3488,"lat":50.8504},"country":"BE","population":1019022,"timezone":3600},"cod":"200","message":0.073478,"cnt":4,"list":[{"dt":1737284400,"sunrise":1737272099,"sunset":1737303079,"temp":{"day":1.23,"min":-1.11,"max":1.23,"night":0.07,"eve":0.14,"morn":-0.79},"feels_like":{"day":1.23,"night":0.07,"eve":0.14,"morn":-0.79},"pressure":1022,"humidity":80,"weather":[{"id":802,"main":"Clouds","description":"scattered clouds","icon":"03d"}],"speed":1.78,"deg":213,"gust":2.02,"clouds":33,"pop":0},{"dt":1737370800,"sunrise":1737358438,"sunset":1737389576,"temp":{"day":2.77,"min":-0.39,"max":3.66,"night":1.09,"eve":1.92,"morn":0.2},"feels_like":{"day":1.32,"night":-1.86,"eve":-0.14,"morn":-1.99},"pressure":1021,"humidity":75,"weather":[{"id":804,"main":"Clouds","description":"overcast clouds","icon":"04d"}],"speed":2.63,"deg":196,"gust":4.06,"clouds":97,"pop":0},{"dt":1737457200,"sunrise":1737444775,"sunset":1737476075,"temp":{"day":5.25,"min":0.33,"max":7.06,"night":2.46,"eve":3.91,"morn":0.36},"feels_like":{"day":3.07,"night":-0.34,"eve":2.14,"morn":-3.01},"pressure":1018,"humidity":75,"weather":[{"id":803,"main":"Clouds","description":"broken clouds","icon":"04d"}],"speed":2.99,"deg":196,"gust":6.29,"clouds":71,"pop":0},{"dt":1737543600,"sunrise":1737531109,"sunset":1737562574,"temp":{"day":4.86,"min":2.28,"max":8.62,"night":8.62,"eve":6.91,"morn":2.53},"feels_like":{"day":1.46,"night":5.21,"eve":3.79,"morn":-0.94},"pressure":1007,"humidity":86,"weather":[{"id":500,"main":"Rain","description":"light rain","icon":"10d"}],"speed":6.87,"deg":176,"gust":16.03,"clouds":100,"pop":0.56,"rain":0.48}]}
--- ENF OF RECEIVED DATA ---

