________________________________________________
|             CALL API : START                |
________________________________________________

Informations : 
Called API: meteo - 31 July 2022, 01:00
Method: GETMETEO - Timeout : 300 - Cache : 1
URL CALLED : https://rmipro.meteo.be/products/bx1/5373bc0393d004fc/web_forecast
-------------------------
________________________________________________
|             CALL API : START                |
________________________________________________

Informations : 
Called API: meteo - 31 July 2022, 01:00
Method: GETMETEO - Timeout : 300 - Cache : 1
URL CALLED : https://rmipro.meteo.be/products/bx1/5373bc0393d004fc/web_forecast
-------------------------
<?xml version='1.0' encoding='UTF-8'?>
<meteo>
  <generationDate>30/07/2022 19:58</generationDate>
  <forecast date="20220730" period="NIGHT">
    <titledate>30/07/22</titledate>
    <titleday>samedi</titleday>
    <data>
      <city>Ostende</city>
      <tempMin>17 </tempMin>
      <weathertype>TNN3</weathertype>
    </data>
    <data>
      <city>Anvers</city>
      <tempMin>17 </tempMin>
      <weathertype>TNN3</weathertype>
    </data>
    <data>
      <city>Bruxelles</city>
      <tempMin>17 </tempMin>
      <weathertype>TNN3</weathertype>
    </data>
    <data>
      <city>Namur</city>
      <tempMin>15 </tempMin>
      <weathertype>TNN3</weathertype>
    </data>
    <data>
      <city>Liege</city>
      <tempMin>17 </tempMin>
      <weathertype>TNN2</weathertype>
    </data>
    <data>
      <city>Arlon</city>
      <tempMin>14 </tempMin>
      <weathertype>TNN2</weathertype>
    </data>
  </forecast>
  <forecast date="20220731" period="AM">
    <titledate>31/07/22</titledate>
    <titleday>dimanche</titleday>
    <data>
      <city>Ostende</city>
      <tempMax>20 </tempMax>
      <weathertype>TJ10</weathertype>
    </data>
    <data>
      <city>Anvers</city>
      <tempMax>21 </tempMax>
      <weathertype>TJ10</weathertype>
    </data>
    <data>
      <city>Bruxelles</city>
      <tempMax>21 </tempMax>
      <weathertype>TJ10</weathertype>
    </data>
    <data>
      <city>Namur</city>
      <tempMax>20 </tempMax>
      <weathertype>TJ3</weathertype>
    </data>
    <data>
      <city>Liege</city>
      <tempMax>20 </tempMax>
      <weathertype>TJ3</weathertype>
    </data>
    <data>
      <city>Arlon</city>
      <tempMax>19 </tempMax>
      <weathertype>TJ3</weathertype>
    </data>
  </forecast>
  <forecast date="20220731" period="PM">
    <titledate>31/07/22</titledate>
    <titleday>dimanche</titleday>
    <data>
      <city>Ostende</city>
      <tempMax>23 </tempMax>
      <weathertype>TJ2</weathertype>
    </data>
    <data>
      <city>Anvers</city>
      <tempMax>25 </tempMax>
      <weathertype>TJ3</weathertype>
    </data>
    <data>
      <city>Bruxelles</city>
      <tempMax>25 </tempMax>
      <weathertype>TJ3</weathertype>
    </data>
    <data>
      <city>Namur</city>
      <tempMax>24 </tempMax>
      <weathertype>TJ3</weathertype>
    </data>
    <data>
      <city>Liege</city>
      <tempMax>25 </tempMax>
      <weathertype>TJ11</weathertype>
    </data>
    <data>
      <city>Arlon</city>
      <tempMax>23 </tempMax>
      <weathertype>TJ3</weathertype>
    </data>
  </forecast>
  <forecast date="20220801" period="DAY">
    <titledate>01/08/22</titledate>
    <titleday>lundi</titleday>
    <data>
      <city>Ostende</city>
      <tempMin>16 </tempMin>
      <tempMax>22 </tempMax>
      <weathertype>TJ2</weathertype>
    </data>
    <data>
      <city>Anvers</city>
      <tempMin>15 </tempMin>
      <tempMax>24 </tempMax>
      <weathertype>TJ11</weathertype>
    </data>
    <data>
      <city>Bruxelles</city>
      <tempMin>15 </tempMin>
      <tempMax>24 </tempMax>
      <weathertype>TJ11</weathertype>
    </data>
    <data>
      <city>Namur</city>
      <tempMin>13 </tempMin>
      <tempMax>23 </tempMax>
      <weathertype>TJ11</weathertype>
    </data>
    <data>
      <city>Liege</city>
      <tempMin>14 </tempMin>
      <tempMax>23 </tempMax>
      <weathertype>TJ11</weathertype>
    </data>
    <data>
      <city>Arlon</city>
      <tempMin>13 </tempMin>
      <tempMax>21 </tempMax>
      <weathertype>TJ11</weathertype>
    </data>
  </forecast>
  <forecast date="20220802" period="DAY">
    <titledate>02/08/22</titledate>
    <titleday>mardi</titleday>
    <data>
      <city>Ostende</city>
      <tempMin>19 </tempMin>
      <tempMax>24 </tempMax>
      <weathertype>TJ2</weathertype>
    </data>
    <data>
      <city>Anvers</city>
      <tempMin>18 </tempMin>
      <tempMax>28 </tempMax>
      <weathertype>TJ2</weathertype>
    </data>
    <data>
      <city>Bruxelles</city>
      <tempMin>18 </tempMin>
      <tempMax>28 </tempMax>
      <weathertype>TJ2</weathertype>
    </data>
    <data>
      <city>Namur</city>
      <tempMin>15 </tempMin>
      <tempMax>26 </tempMax>
      <weathertype>TJ2</weathertype>
    </data>
    <data>
      <city>Liege</city>
      <tempMin>17 </tempMin>
      <tempMax>29 </tempMax>
      <weathertype>TJ2</weathertype>
    </data>
    <data>
      <city>Arlon</city>
      <tempMin>15 </tempMin>
      <tempMax>26 </tempMax>
      <weathertype>TJ2</weathertype>
    </data>
  </forecast>
  <forecast date="20220803" period="DAY">
    <titledate>03/08/22</titledate>
    <titleday>mercredi</titleday>
    <data>
      <city>Ostende</city>
      <tempMin>19 </tempMin>
      <tempMax>25 </tempMax>
      <weathertype>TJ2</weathertype>
    </data>
    <data>
      <city>Anvers</city>
      <tempMin>19 </tempMin>
      <tempMax>31 </tempMax>
      <weathertype>TJ2</weathertype>
    </data>
    <data>
      <city>Bruxelles</city>
      <tempMin>19 </tempMin>
      <tempMax>31 </tempMax>
      <weathertype>TJ2</weathertype>
    </data>
    <data>
      <city>Namur</city>
      <tempMin>16 </tempMin>
      <tempMax>28 </tempMax>
      <weathertype>TJ2</weathertype>
    </data>
    <data>
      <city>Liege</city>
      <tempMin>18 </tempMin>
      <tempMax>32 </tempMax>
      <weathertype>TJ2</weathertype>
    </data>
    <data>
      <city>Arlon</city>
      <tempMin>16 </tempMin>
      <tempMax>28 </tempMax>
      <weathertype>TJ2</weathertype>
    </data>
  </forecast>
  <forecast_foreign date="20220731" period="DAY">
    <titledate>31/07/22</titledate>
    <titleday>dimanche</titleday>
    <data>
      <city>Paris</city>
      <temp>23 </temp>
      <weathertype>TJ4</weathertype>
    </data>
    <data>
      <city>Londres</city>
      <temp>21 </temp>
      <weathertype>TJ11</weathertype>
    </data>
    <data>
      <city>Amsterdam</city>
      <temp>20 </temp>
      <weathertype>TJ7</weathertype>
    </data>
  </forecast_foreign>
  <forecast_foreign date="20220801" period="DAY">
    <titledate>01/08/22</titledate>
    <titleday>lundi</titleday>
    <data>
      <city>Paris</city>
      <temp>22 </temp>
      <weathertype>TJ4</weathertype>
    </data>
    <data>
      <city>Londres</city>
      <temp>22 </temp>
      <weathertype>TJ4</weathertype>
    </data>
    <data>
      <city>Amsterdam</city>
      <temp>18 </temp>
      <weathertype>TJ4</weathertype>
    </data>
  </forecast_foreign>
  <Ephemerides>
    <Ephemeride>
      <titledate>30/07/22</titledate>
      <titleday>samedi</titleday>
      <data>
        <sunRise>06:07</sunRise>
        <sunSet>21:30</sunSet>
        <gain>-3 </gain>
      </data>
    </Ephemeride>
    <Ephemeride>
      <titledate>31/07/22</titledate>
      <titleday>dimanche</titleday>
      <data>
        <sunRise>06:09</sunRise>
        <sunSet>21:29</sunSet>
        <gain>-3 </gain>
      </data>
    </Ephemeride>
    <Ephemeride>
      <titledate>01/08/22</titledate>
      <titleday>lundi</titleday>
      <data>
        <sunRise>06:10</sunRise>
        <sunSet>21:27</sunSet>
        <gain>-3 </gain>
      </data>
    </Ephemeride>
    <Ephemeride>
      <titledate>02/08/22</titledate>
      <titleday>mardi</titleday>
      <data>
        <sunRise>06:12</sunRise>
        <sunSet>21:26</sunSet>
        <gain>-3 </gain>
      </data>
    </Ephemeride>
  </Ephemerides>
  <indices>
    <indice>
      <titledate>30/07/22</titledate>
      <titleday>samedi</titleday>
      <data>
        <value>4</value>
        <evaluation>assez bonne</evaluation>
      </data>
    </indice>
    <indice>
      <titledate>31/07/22</titledate>
      <titleday>dimanche</titleday>
      <data>
        <value>2</value>
        <evaluation>très bonne</evaluation>
      </data>
    </indice>
    <indice>
      <titledate>01/08/22</titledate>
      <titleday>lundi</titleday>
      <data>
        <value>3</value>
        <evaluation>bonne</evaluation>
      </data>
    </indice>
  </indices>
</meteo>

--- ENF OF RECEIVED DATA ---

<?xml version='1.0' encoding='UTF-8'?>
<meteo>
  <generationDate>30/07/2022 19:58</generationDate>
  <forecast date="20220730" period="NIGHT">
    <titledate>30/07/22</titledate>
    <titleday>samedi</titleday>
    <data>
      <city>Ostende</city>
      <tempMin>17 </tempMin>
      <weathertype>TNN3</weathertype>
    </data>
    <data>
      <city>Anvers</city>
      <tempMin>17 </tempMin>
      <weathertype>TNN3</weathertype>
    </data>
    <data>
      <city>Bruxelles</city>
      <tempMin>17 </tempMin>
      <weathertype>TNN3</weathertype>
    </data>
    <data>
      <city>Namur</city>
      <tempMin>15 </tempMin>
      <weathertype>TNN3</weathertype>
    </data>
    <data>
      <city>Liege</city>
      <tempMin>17 </tempMin>
      <weathertype>TNN2</weathertype>
    </data>
    <data>
      <city>Arlon</city>
      <tempMin>14 </tempMin>
      <weathertype>TNN2</weathertype>
    </data>
  </forecast>
  <forecast date="20220731" period="AM">
    <titledate>31/07/22</titledate>
    <titleday>dimanche</titleday>
    <data>
      <city>Ostende</city>
      <tempMax>20 </tempMax>
      <weathertype>TJ10</weathertype>
    </data>
    <data>
      <city>Anvers</city>
      <tempMax>21 </tempMax>
      <weathertype>TJ10</weathertype>
    </data>
    <data>
      <city>Bruxelles</city>
      <tempMax>21 </tempMax>
      <weathertype>TJ10</weathertype>
    </data>
    <data>
      <city>Namur</city>
      <tempMax>20 </tempMax>
      <weathertype>TJ3</weathertype>
    </data>
    <data>
      <city>Liege</city>
      <tempMax>20 </tempMax>
      <weathertype>TJ3</weathertype>
    </data>
    <data>
      <city>Arlon</city>
      <tempMax>19 </tempMax>
      <weathertype>TJ3</weathertype>
    </data>
  </forecast>
  <forecast date="20220731" period="PM">
    <titledate>31/07/22</titledate>
    <titleday>dimanche</titleday>
    <data>
      <city>Ostende</city>
      <tempMax>23 </tempMax>
      <weathertype>TJ2</weathertype>
    </data>
    <data>
      <city>Anvers</city>
      <tempMax>25 </tempMax>
      <weathertype>TJ3</weathertype>
    </data>
    <data>
      <city>Bruxelles</city>
      <tempMax>25 </tempMax>
      <weathertype>TJ3</weathertype>
    </data>
    <data>
      <city>Namur</city>
      <tempMax>24 </tempMax>
      <weathertype>TJ3</weathertype>
    </data>
    <data>
      <city>Liege</city>
      <tempMax>25 </tempMax>
      <weathertype>TJ11</weathertype>
    </data>
    <data>
      <city>Arlon</city>
      <tempMax>23 </tempMax>
      <weathertype>TJ3</weathertype>
    </data>
  </forecast>
  <forecast date="20220801" period="DAY">
    <titledate>01/08/22</titledate>
    <titleday>lundi</titleday>
    <data>
      <city>Ostende</city>
      <tempMin>16 </tempMin>
      <tempMax>22 </tempMax>
      <weathertype>TJ2</weathertype>
    </data>
    <data>
      <city>Anvers</city>
      <tempMin>15 </tempMin>
      <tempMax>24 </tempMax>
      <weathertype>TJ11</weathertype>
    </data>
    <data>
      <city>Bruxelles</city>
      <tempMin>15 </tempMin>
      <tempMax>24 </tempMax>
      <weathertype>TJ11</weathertype>
    </data>
    <data>
      <city>Namur</city>
      <tempMin>13 </tempMin>
      <tempMax>23 </tempMax>
      <weathertype>TJ11</weathertype>
    </data>
    <data>
      <city>Liege</city>
      <tempMin>14 </tempMin>
      <tempMax>23 </tempMax>
      <weathertype>TJ11</weathertype>
    </data>
    <data>
      <city>Arlon</city>
      <tempMin>13 </tempMin>
      <tempMax>21 </tempMax>
      <weathertype>TJ11</weathertype>
    </data>
  </forecast>
  <forecast date="20220802" period="DAY">
    <titledate>02/08/22</titledate>
    <titleday>mardi</titleday>
    <data>
      <city>Ostende</city>
      <tempMin>19 </tempMin>
      <tempMax>24 </tempMax>
      <weathertype>TJ2</weathertype>
    </data>
    <data>
      <city>Anvers</city>
      <tempMin>18 </tempMin>
      <tempMax>28 </tempMax>
      <weathertype>TJ2</weathertype>
    </data>
    <data>
      <city>Bruxelles</city>
      <tempMin>18 </tempMin>
      <tempMax>28 </tempMax>
      <weathertype>TJ2</weathertype>
    </data>
    <data>
      <city>Namur</city>
      <tempMin>15 </tempMin>
      <tempMax>26 </tempMax>
      <weathertype>TJ2</weathertype>
    </data>
    <data>
      <city>Liege</city>
      <tempMin>17 </tempMin>
      <tempMax>29 </tempMax>
      <weathertype>TJ2</weathertype>
    </data>
    <data>
      <city>Arlon</city>
      <tempMin>15 </tempMin>
      <tempMax>26 </tempMax>
      <weathertype>TJ2</weathertype>
    </data>
  </forecast>
  <forecast date="20220803" period="DAY">
    <titledate>03/08/22</titledate>
    <titleday>mercredi</titleday>
    <data>
      <city>Ostende</city>
      <tempMin>19 </tempMin>
      <tempMax>25 </tempMax>
      <weathertype>TJ2</weathertype>
    </data>
    <data>
      <city>Anvers</city>
      <tempMin>19 </tempMin>
      <tempMax>31 </tempMax>
      <weathertype>TJ2</weathertype>
    </data>
    <data>
      <city>Bruxelles</city>
      <tempMin>19 </tempMin>
      <tempMax>31 </tempMax>
      <weathertype>TJ2</weathertype>
    </data>
    <data>
      <city>Namur</city>
      <tempMin>16 </tempMin>
      <tempMax>28 </tempMax>
      <weathertype>TJ2</weathertype>
    </data>
    <data>
      <city>Liege</city>
      <tempMin>18 </tempMin>
      <tempMax>32 </tempMax>
      <weathertype>TJ2</weathertype>
    </data>
    <data>
      <city>Arlon</city>
      <tempMin>16 </tempMin>
      <tempMax>28 </tempMax>
      <weathertype>TJ2</weathertype>
    </data>
  </forecast>
  <forecast_foreign date="20220731" period="DAY">
    <titledate>31/07/22</titledate>
    <titleday>dimanche</titleday>
    <data>
      <city>Paris</city>
      <temp>23 </temp>
      <weathertype>TJ4</weathertype>
    </data>
    <data>
      <city>Londres</city>
      <temp>21 </temp>
      <weathertype>TJ11</weathertype>
    </data>
    <data>
      <city>Amsterdam</city>
      <temp>20 </temp>
      <weathertype>TJ7</weathertype>
    </data>
  </forecast_foreign>
  <forecast_foreign date="20220801" period="DAY">
    <titledate>01/08/22</titledate>
    <titleday>lundi</titleday>
    <data>
      <city>Paris</city>
      <temp>22 </temp>
      <weathertype>TJ4</weathertype>
    </data>
    <data>
      <city>Londres</city>
      <temp>22 </temp>
      <weathertype>TJ4</weathertype>
    </data>
    <data>
      <city>Amsterdam</city>
      <temp>18 </temp>
      <weathertype>TJ4</weathertype>
    </data>
  </forecast_foreign>
  <Ephemerides>
    <Ephemeride>
      <titledate>30/07/22</titledate>
      <titleday>samedi</titleday>
      <data>
        <sunRise>06:07</sunRise>
        <sunSet>21:30</sunSet>
        <gain>-3 </gain>
      </data>
    </Ephemeride>
    <Ephemeride>
      <titledate>31/07/22</titledate>
      <titleday>dimanche</titleday>
      <data>
        <sunRise>06:09</sunRise>
        <sunSet>21:29</sunSet>
        <gain>-3 </gain>
      </data>
    </Ephemeride>
    <Ephemeride>
      <titledate>01/08/22</titledate>
      <titleday>lundi</titleday>
      <data>
        <sunRise>06:10</sunRise>
        <sunSet>21:27</sunSet>
        <gain>-3 </gain>
      </data>
    </Ephemeride>
    <Ephemeride>
      <titledate>02/08/22</titledate>
      <titleday>mardi</titleday>
      <data>
        <sunRise>06:12</sunRise>
        <sunSet>21:26</sunSet>
        <gain>-3 </gain>
      </data>
    </Ephemeride>
  </Ephemerides>
  <indices>
    <indice>
      <titledate>30/07/22</titledate>
      <titleday>samedi</titleday>
      <data>
        <value>4</value>
        <evaluation>assez bonne</evaluation>
      </data>
    </indice>
    <indice>
      <titledate>31/07/22</titledate>
      <titleday>dimanche</titleday>
      <data>
        <value>2</value>
        <evaluation>très bonne</evaluation>
      </data>
    </indice>
    <indice>
      <titledate>01/08/22</titledate>
      <titleday>lundi</titleday>
      <data>
        <value>3</value>
        <evaluation>bonne</evaluation>
      </data>
    </indice>
  </indices>
</meteo>

--- ENF OF RECEIVED DATA ---

