________________________________________________
|             CALL API : START                |
________________________________________________

Informations : 
Called API: meteo - 29 August 2023, 14:20
Method: GETMETEO - Timeout : 300 - Cache : 1
URL CALLED : https://api.openweathermap.org/data/2.5/forecast/daily?q=Brussels,be&units=metric&cnt=4&appid=ea18c0706135505149200c3836f29800
-------------------------
________________________________________________
|             CALL API : START                |
________________________________________________

Informations : 
Called API: meteo - 29 August 2023, 14:20
Method: GETMETEO - Timeout : 300 - Cache : 1
URL CALLED : https://api.openweathermap.org/data/2.5/forecast/daily?q=Brussels,be&units=metric&cnt=4&appid=ea18c0706135505149200c3836f29800
-------------------------
{"city":{"id":2800866,"name":"Brussels","coord":{"lon":4.3488,"lat":50.8504},"country":"BE","population":1019022,"timezone":7200},"cod":"200","message":2.8029132,"cnt":4,"list":[{"dt":1693306800,"sunrise":1693284668,"sunset":1693334200,"temp":{"day":19.7,"min":11.93,"max":20.09,"night":14.47,"eve":18.24,"morn":11.93},"feels_like":{"day":19.48,"night":13.75,"eve":17.69,"morn":11.63},"pressure":1012,"humidity":67,"weather":[{"id":500,"main":"Rain","description":"light rain","icon":"10d"}],"speed":4.28,"deg":313,"gust":5.79,"clouds":36,"pop":0.49,"rain":0.68},{"dt":1693393200,"sunrise":1693371161,"sunset":1693420471,"temp":{"day":14.8,"min":10.87,"max":17.7,"night":11.64,"eve":16.43,"morn":12.24},"feels_like":{"day":14.69,"night":11.11,"eve":15.75,"morn":11.63},"pressure":1006,"humidity":90,"weather":[{"id":501,"main":"Rain","description":"moderate rain","icon":"10d"}],"speed":5.85,"deg":215,"gust":10.69,"clouds":97,"pop":0.98,"rain":3.81},{"dt":1693479600,"sunrise":1693457654,"sunset":1693506741,"temp":{"day":18.11,"min":9.88,"max":18.25,"night":14.04,"eve":14.5,"morn":9.94},"feels_like":{"day":17.6,"night":13.72,"eve":13.91,"morn":8.09},"pressure":1011,"humidity":62,"weather":[{"id":500,"main":"Rain","description":"light rain","icon":"10d"}],"speed":6.65,"deg":228,"gust":9.5,"clouds":100,"pop":0.5,"rain":1.03},{"dt":1693566000,"sunrise":1693544146,"sunset":1693593011,"temp":{"day":21.7,"min":14.25,"max":22.46,"night":16.04,"eve":18.85,"morn":15.41},"feels_like":{"day":21.41,"night":15.92,"eve":18.64,"morn":15.57},"pressure":1013,"humidity":57,"weather":[{"id":500,"main":"Rain","description":"light rain","icon":"10d"}],"speed":4.76,"deg":204,"gust":10.84,"clouds":100,"pop":0.59,"rain":0.65}]}
--- ENF OF RECEIVED DATA ---

{"city":{"id":2800866,"name":"Brussels","coord":{"lon":4.3488,"lat":50.8504},"country":"BE","population":1019022,"timezone":7200},"cod":"200","message":2.8029132,"cnt":4,"list":[{"dt":1693306800,"sunrise":1693284668,"sunset":1693334200,"temp":{"day":19.7,"min":11.93,"max":20.09,"night":14.47,"eve":18.24,"morn":11.93},"feels_like":{"day":19.48,"night":13.75,"eve":17.69,"morn":11.63},"pressure":1012,"humidity":67,"weather":[{"id":500,"main":"Rain","description":"light rain","icon":"10d"}],"speed":4.28,"deg":313,"gust":5.79,"clouds":36,"pop":0.49,"rain":0.68},{"dt":1693393200,"sunrise":1693371161,"sunset":1693420471,"temp":{"day":14.8,"min":10.87,"max":17.7,"night":11.64,"eve":16.43,"morn":12.24},"feels_like":{"day":14.69,"night":11.11,"eve":15.75,"morn":11.63},"pressure":1006,"humidity":90,"weather":[{"id":501,"main":"Rain","description":"moderate rain","icon":"10d"}],"speed":5.85,"deg":215,"gust":10.69,"clouds":97,"pop":0.98,"rain":3.81},{"dt":1693479600,"sunrise":1693457654,"sunset":1693506741,"temp":{"day":18.11,"min":9.88,"max":18.25,"night":14.04,"eve":14.5,"morn":9.94},"feels_like":{"day":17.6,"night":13.72,"eve":13.91,"morn":8.09},"pressure":1011,"humidity":62,"weather":[{"id":500,"main":"Rain","description":"light rain","icon":"10d"}],"speed":6.65,"deg":228,"gust":9.5,"clouds":100,"pop":0.5,"rain":1.03},{"dt":1693566000,"sunrise":1693544146,"sunset":1693593011,"temp":{"day":21.7,"min":14.25,"max":22.46,"night":16.04,"eve":18.85,"morn":15.41},"feels_like":{"day":21.41,"night":15.92,"eve":18.64,"morn":15.57},"pressure":1013,"humidity":57,"weather":[{"id":500,"main":"Rain","description":"light rain","icon":"10d"}],"speed":4.76,"deg":204,"gust":10.84,"clouds":100,"pop":0.59,"rain":0.65}]}
--- ENF OF RECEIVED DATA ---

