________________________________________________
|             CALL API : START                |
________________________________________________

Informations : 
Called API: meteo - 28 March 2024, 01:50
Method: GETMETEO - Timeout : 300 - Cache : 1
URL CALLED : https://api.openweathermap.org/data/2.5/forecast/daily?q=Brussels,be&units=metric&cnt=4&appid=ea18c0706135505149200c3836f29800
-------------------------
________________________________________________
|             CALL API : START                |
________________________________________________

Informations : 
Called API: meteo - 28 March 2024, 01:50
Method: GETMETEO - Timeout : 300 - Cache : 1
URL CALLED : https://api.openweathermap.org/data/2.5/forecast/daily?q=Brussels,be&units=metric&cnt=4&appid=ea18c0706135505149200c3836f29800
-------------------------
{"city":{"id":2800866,"name":"Brussels","coord":{"lon":4.3488,"lat":50.8504},"country":"BE","population":1019022,"timezone":3600},"cod":"200","message":0.0481398,"cnt":4,"list":[{"dt":1711623600,"sunrise":1711603599,"sunset":1711649295,"temp":{"day":10.34,"min":6.58,"max":11.9,"night":8.34,"eve":10.37,"morn":6.58},"feels_like":{"day":8.87,"night":4.07,"eve":9.11,"morn":2.34},"pressure":987,"humidity":55,"weather":[{"id":500,"main":"Rain","description":"light rain","icon":"10d"}],"speed":10.81,"deg":204,"gust":18.77,"clouds":93,"pop":0.99,"rain":0.76},{"dt":1711710000,"sunrise":1711689864,"sunset":1711735792,"temp":{"day":10.62,"min":6.91,"max":12.53,"night":8.75,"eve":11.53,"morn":6.91},"feels_like":{"day":10.11,"night":5.65,"eve":10.64,"morn":5},"pressure":990,"humidity":91,"weather":[{"id":501,"main":"Rain","description":"moderate rain","icon":"10d"}],"speed":9.4,"deg":202,"gust":16.88,"clouds":100,"pop":1,"rain":5.96},{"dt":1711796400,"sunrise":1711776129,"sunset":1711822290,"temp":{"day":11.09,"min":7.47,"max":12.66,"night":7.58,"eve":12.12,"morn":7.53},"feels_like":{"day":10.24,"night":5.64,"eve":11.22,"morn":6.21},"pressure":1000,"humidity":76,"weather":[{"id":501,"main":"Rain","description":"moderate rain","icon":"10d"}],"speed":6.18,"deg":184,"gust":12.83,"clouds":100,"pop":1,"rain":4.72},{"dt":1711882800,"sunrise":1711862395,"sunset":1711908787,"temp":{"day":15.14,"min":6.04,"max":15.14,"night":10.55,"eve":10.52,"morn":6.16},"feels_like":{"day":14.28,"night":10.06,"eve":10.03,"morn":3.32},"pressure":999,"humidity":60,"weather":[{"id":501,"main":"Rain","description":"moderate rain","icon":"10d"}],"speed":5.66,"deg":95,"gust":12.19,"clouds":98,"pop":1,"rain":8.49}]}
--- ENF OF RECEIVED DATA ---

{"city":{"id":2800866,"name":"Brussels","coord":{"lon":4.3488,"lat":50.8504},"country":"BE","population":1019022,"timezone":3600},"cod":"200","message":0.0481398,"cnt":4,"list":[{"dt":1711623600,"sunrise":1711603599,"sunset":1711649295,"temp":{"day":10.34,"min":6.58,"max":11.9,"night":8.34,"eve":10.37,"morn":6.58},"feels_like":{"day":8.87,"night":4.07,"eve":9.11,"morn":2.34},"pressure":987,"humidity":55,"weather":[{"id":500,"main":"Rain","description":"light rain","icon":"10d"}],"speed":10.81,"deg":204,"gust":18.77,"clouds":93,"pop":0.99,"rain":0.76},{"dt":1711710000,"sunrise":1711689864,"sunset":1711735792,"temp":{"day":10.62,"min":6.91,"max":12.53,"night":8.75,"eve":11.53,"morn":6.91},"feels_like":{"day":10.11,"night":5.65,"eve":10.64,"morn":5},"pressure":990,"humidity":91,"weather":[{"id":501,"main":"Rain","description":"moderate rain","icon":"10d"}],"speed":9.4,"deg":202,"gust":16.88,"clouds":100,"pop":1,"rain":5.96},{"dt":1711796400,"sunrise":1711776129,"sunset":1711822290,"temp":{"day":11.09,"min":7.47,"max":12.66,"night":7.58,"eve":12.12,"morn":7.53},"feels_like":{"day":10.24,"night":5.64,"eve":11.22,"morn":6.21},"pressure":1000,"humidity":76,"weather":[{"id":501,"main":"Rain","description":"moderate rain","icon":"10d"}],"speed":6.18,"deg":184,"gust":12.83,"clouds":100,"pop":1,"rain":4.72},{"dt":1711882800,"sunrise":1711862395,"sunset":1711908787,"temp":{"day":15.14,"min":6.04,"max":15.14,"night":10.55,"eve":10.52,"morn":6.16},"feels_like":{"day":14.28,"night":10.06,"eve":10.03,"morn":3.32},"pressure":999,"humidity":60,"weather":[{"id":501,"main":"Rain","description":"moderate rain","icon":"10d"}],"speed":5.66,"deg":95,"gust":12.19,"clouds":98,"pop":1,"rain":8.49}]}
--- ENF OF RECEIVED DATA ---

