________________________________________________
|             CALL API : START                |
________________________________________________

Informations : 
Called API: meteo - 20 April 2024, 20:20
Method: GETMETEO - Timeout : 300 - Cache : 1
URL CALLED : https://api.openweathermap.org/data/2.5/forecast/daily?q=Brussels,be&units=metric&cnt=4&appid=ea18c0706135505149200c3836f29800
-------------------------
________________________________________________
|             CALL API : START                |
________________________________________________

Informations : 
Called API: meteo - 20 April 2024, 20:20
Method: GETMETEO - Timeout : 300 - Cache : 1
URL CALLED : https://api.openweathermap.org/data/2.5/forecast/daily?q=Brussels,be&units=metric&cnt=4&appid=ea18c0706135505149200c3836f29800
-------------------------
{"city":{"id":2800866,"name":"Brussels","coord":{"lon":4.3488,"lat":50.8504},"country":"BE","population":1019022,"timezone":7200},"cod":"200","message":3.2488684,"cnt":4,"list":[{"dt":1713610800,"sunrise":1713587815,"sunset":1713638734,"temp":{"day":9.01,"min":4.71,"max":10.08,"night":6.78,"eve":7.6,"morn":5.15},"feels_like":{"day":5.67,"night":3.57,"eve":3.86,"morn":1.65},"pressure":1024,"humidity":56,"weather":[{"id":500,"main":"Rain","description":"light rain","icon":"10d"}],"speed":8.11,"deg":330,"gust":11.58,"clouds":94,"pop":1,"rain":0.83},{"dt":1713697200,"sunrise":1713674094,"sunset":1713725232,"temp":{"day":9.66,"min":3.76,"max":11.22,"night":5.1,"eve":9.35,"morn":3.92},"feels_like":{"day":6.61,"night":1.5,"eve":6.55,"morn":-0.15},"pressure":1025,"humidity":53,"weather":[{"id":500,"main":"Rain","description":"light rain","icon":"10d"}],"speed":7.4,"deg":43,"gust":11.27,"clouds":36,"pop":1,"rain":1.1},{"dt":1713783600,"sunrise":1713760374,"sunset":1713811729,"temp":{"day":8.91,"min":1.88,"max":9.77,"night":3.99,"eve":8.99,"morn":2.17},"feels_like":{"day":6.33,"night":1.68,"eve":6.64,"morn":-0.89},"pressure":1025,"humidity":46,"weather":[{"id":804,"main":"Clouds","description":"overcast clouds","icon":"04d"}],"speed":5.49,"deg":15,"gust":9.22,"clouds":96,"pop":0},{"dt":1713870000,"sunrise":1713846655,"sunset":1713898227,"temp":{"day":9.92,"min":1.55,"max":11.05,"night":5.67,"eve":9.06,"morn":1.62},"feels_like":{"day":9.39,"night":3.53,"eve":6.49,"morn":1.62},"pressure":1017,"humidity":46,"weather":[{"id":500,"main":"Rain","description":"light rain","icon":"10d"}],"speed":4.82,"deg":299,"gust":4.71,"clouds":18,"pop":0.38,"rain":0.16}]}
--- ENF OF RECEIVED DATA ---

{"city":{"id":2800866,"name":"Brussels","coord":{"lon":4.3488,"lat":50.8504},"country":"BE","population":1019022,"timezone":7200},"cod":"200","message":3.2488684,"cnt":4,"list":[{"dt":1713610800,"sunrise":1713587815,"sunset":1713638734,"temp":{"day":9.01,"min":4.71,"max":10.08,"night":6.78,"eve":7.6,"morn":5.15},"feels_like":{"day":5.67,"night":3.57,"eve":3.86,"morn":1.65},"pressure":1024,"humidity":56,"weather":[{"id":500,"main":"Rain","description":"light rain","icon":"10d"}],"speed":8.11,"deg":330,"gust":11.58,"clouds":94,"pop":1,"rain":0.83},{"dt":1713697200,"sunrise":1713674094,"sunset":1713725232,"temp":{"day":9.66,"min":3.76,"max":11.22,"night":5.1,"eve":9.35,"morn":3.92},"feels_like":{"day":6.61,"night":1.5,"eve":6.55,"morn":-0.15},"pressure":1025,"humidity":53,"weather":[{"id":500,"main":"Rain","description":"light rain","icon":"10d"}],"speed":7.4,"deg":43,"gust":11.27,"clouds":36,"pop":1,"rain":1.1},{"dt":1713783600,"sunrise":1713760374,"sunset":1713811729,"temp":{"day":8.91,"min":1.88,"max":9.77,"night":3.99,"eve":8.99,"morn":2.17},"feels_like":{"day":6.33,"night":1.68,"eve":6.64,"morn":-0.89},"pressure":1025,"humidity":46,"weather":[{"id":804,"main":"Clouds","description":"overcast clouds","icon":"04d"}],"speed":5.49,"deg":15,"gust":9.22,"clouds":96,"pop":0},{"dt":1713870000,"sunrise":1713846655,"sunset":1713898227,"temp":{"day":9.92,"min":1.55,"max":11.05,"night":5.67,"eve":9.06,"morn":1.62},"feels_like":{"day":9.39,"night":3.53,"eve":6.49,"morn":1.62},"pressure":1017,"humidity":46,"weather":[{"id":500,"main":"Rain","description":"light rain","icon":"10d"}],"speed":4.82,"deg":299,"gust":4.71,"clouds":18,"pop":0.38,"rain":0.16}]}
--- ENF OF RECEIVED DATA ---

