________________________________________________
|             CALL API : START                |
________________________________________________

Informations : 
Called API: meteo - 26 June 2023, 19:40
Method: GETMETEO - Timeout : 300 - Cache : 1
URL CALLED : https://api.openweathermap.org/data/2.5/forecast/daily?q=Brussels,be&units=metric&cnt=4&appid=ea18c0706135505149200c3836f29800
-------------------------
________________________________________________
|             CALL API : START                |
________________________________________________

Informations : 
Called API: meteo - 26 June 2023, 19:40
Method: GETMETEO - Timeout : 300 - Cache : 1
URL CALLED : https://api.openweathermap.org/data/2.5/forecast/daily?q=Brussels,be&units=metric&cnt=4&appid=ea18c0706135505149200c3836f29800
-------------------------
{"city":{"id":2800866,"name":"Brussels","coord":{"lon":4.3488,"lat":50.8504},"country":"BE","population":1019022,"timezone":7200},"cod":"200","message":0.0437695,"cnt":4,"list":[{"dt":1687777200,"sunrise":1687750213,"sunset":1687809620,"temp":{"day":22.72,"min":15.8,"max":23.02,"night":17.83,"eve":20.51,"morn":16.29},"feels_like":{"day":22.07,"night":17.34,"eve":20,"morn":16.17},"pressure":1019,"humidity":39,"weather":[{"id":803,"main":"Clouds","description":"broken clouds","icon":"04d"}],"speed":7.15,"deg":300,"gust":11.9,"clouds":64,"pop":0},{"dt":1687863600,"sunrise":1687836640,"sunset":1687896017,"temp":{"day":22.26,"min":12.7,"max":23.91,"night":16.4,"eve":19.62,"morn":14.11},"feels_like":{"day":21.64,"night":15.85,"eve":18.97,"morn":13.61},"pressure":1020,"humidity":42,"weather":[{"id":804,"main":"Clouds","description":"overcast clouds","icon":"04d"}],"speed":5.69,"deg":317,"gust":7.74,"clouds":100,"pop":0.2},{"dt":1687950000,"sunrise":1687923069,"sunset":1687982411,"temp":{"day":20.77,"min":14.51,"max":22.71,"night":18.08,"eve":22.33,"morn":15.09},"feels_like":{"day":20.91,"night":18.14,"eve":22.45,"morn":14.95},"pressure":1017,"humidity":77,"weather":[{"id":500,"main":"Rain","description":"light rain","icon":"10d"}],"speed":2.65,"deg":170,"gust":5.6,"clouds":99,"pop":0.88,"rain":2.84},{"dt":1688036400,"sunrise":1688009500,"sunset":1688068803,"temp":{"day":25.93,"min":15.64,"max":25.93,"night":15.64,"eve":20.08,"morn":16.75},"feels_like":{"day":25.83,"night":15.69,"eve":20.15,"morn":16.8},"pressure":1015,"humidity":48,"weather":[{"id":500,"main":"Rain","description":"light rain","icon":"10d"}],"speed":5.2,"deg":339,"gust":7.2,"clouds":100,"pop":0.4,"rain":0.13}]}
--- ENF OF RECEIVED DATA ---

{"city":{"id":2800866,"name":"Brussels","coord":{"lon":4.3488,"lat":50.8504},"country":"BE","population":1019022,"timezone":7200},"cod":"200","message":0.0437695,"cnt":4,"list":[{"dt":1687777200,"sunrise":1687750213,"sunset":1687809620,"temp":{"day":22.72,"min":15.8,"max":23.02,"night":17.83,"eve":20.51,"morn":16.29},"feels_like":{"day":22.07,"night":17.34,"eve":20,"morn":16.17},"pressure":1019,"humidity":39,"weather":[{"id":803,"main":"Clouds","description":"broken clouds","icon":"04d"}],"speed":7.15,"deg":300,"gust":11.9,"clouds":64,"pop":0},{"dt":1687863600,"sunrise":1687836640,"sunset":1687896017,"temp":{"day":22.26,"min":12.7,"max":23.91,"night":16.4,"eve":19.62,"morn":14.11},"feels_like":{"day":21.64,"night":15.85,"eve":18.97,"morn":13.61},"pressure":1020,"humidity":42,"weather":[{"id":804,"main":"Clouds","description":"overcast clouds","icon":"04d"}],"speed":5.69,"deg":317,"gust":7.74,"clouds":100,"pop":0.2},{"dt":1687950000,"sunrise":1687923069,"sunset":1687982411,"temp":{"day":20.77,"min":14.51,"max":22.71,"night":18.08,"eve":22.33,"morn":15.09},"feels_like":{"day":20.91,"night":18.14,"eve":22.45,"morn":14.95},"pressure":1017,"humidity":77,"weather":[{"id":500,"main":"Rain","description":"light rain","icon":"10d"}],"speed":2.65,"deg":170,"gust":5.6,"clouds":99,"pop":0.88,"rain":2.84},{"dt":1688036400,"sunrise":1688009500,"sunset":1688068803,"temp":{"day":25.93,"min":15.64,"max":25.93,"night":15.64,"eve":20.08,"morn":16.75},"feels_like":{"day":25.83,"night":15.69,"eve":20.15,"morn":16.8},"pressure":1015,"humidity":48,"weather":[{"id":500,"main":"Rain","description":"light rain","icon":"10d"}],"speed":5.2,"deg":339,"gust":7.2,"clouds":100,"pop":0.4,"rain":0.13}]}
--- ENF OF RECEIVED DATA ---

