________________________________________________
|             CALL API : START                |
________________________________________________

Informations : 
Called API: meteo - 28 November 2023, 03:20
Method: GETMETEO - Timeout : 300 - Cache : 1
URL CALLED : https://api.openweathermap.org/data/2.5/forecast/daily?q=Brussels,be&units=metric&cnt=4&appid=ea18c0706135505149200c3836f29800
-------------------------
________________________________________________
|             CALL API : START                |
________________________________________________

Informations : 
Called API: meteo - 28 November 2023, 03:20
Method: GETMETEO - Timeout : 300 - Cache : 1
URL CALLED : https://api.openweathermap.org/data/2.5/forecast/daily?q=Brussels,be&units=metric&cnt=4&appid=ea18c0706135505149200c3836f29800
-------------------------
{"city":{"id":2800866,"name":"Brussels","coord":{"lon":4.3488,"lat":50.8504},"country":"BE","population":1019022,"timezone":3600},"cod":"200","message":6.7461038,"cnt":4,"list":[{"dt":1701169200,"sunrise":1701155901,"sunset":1701186174,"temp":{"day":2.96,"min":0.83,"max":3.7,"night":2.47,"eve":2.32,"morn":2.73},"feels_like":{"day":-0.37,"night":-1.81,"eve":0.89,"morn":-2.16},"pressure":1009,"humidity":76,"weather":[{"id":600,"main":"Snow","description":"light snow","icon":"13d"}],"speed":6.56,"deg":5,"gust":10.57,"clouds":28,"pop":0.82,"snow":0.12},{"dt":1701255600,"sunrise":1701242388,"sunset":1701272528,"temp":{"day":3.08,"min":0.73,"max":5.13,"night":2.52,"eve":4.09,"morn":0.79},"feels_like":{"day":-1.72,"night":2.52,"eve":0.62,"morn":-3.82},"pressure":1004,"humidity":91,"weather":[{"id":500,"main":"Rain","description":"light rain","icon":"10d"}],"speed":7.24,"deg":230,"gust":13.74,"clouds":90,"pop":0.82,"rain":1.74},{"dt":1701342000,"sunrise":1701328873,"sunset":1701358885,"temp":{"day":0.55,"min":-0.98,"max":2.1,"night":-0.98,"eve":-0.66,"morn":0.61},"feels_like":{"day":-4.52,"night":-4.13,"eve":-5.07,"morn":-4.25},"pressure":1001,"humidity":66,"weather":[{"id":804,"main":"Clouds","description":"overcast clouds","icon":"04d"}],"speed":5.84,"deg":45,"gust":10.54,"clouds":99,"pop":0.18},{"dt":1701428400,"sunrise":1701415356,"sunset":1701445245,"temp":{"day":2.9,"min":-1.78,"max":2.9,"night":-0.61,"eve":-0.74,"morn":-1.43},"feels_like":{"day":-0.89,"night":-0.61,"eve":-4.52,"morn":-1.43},"pressure":1005,"humidity":64,"weather":[{"id":803,"main":"Clouds","description":"broken clouds","icon":"04d"}],"speed":4.28,"deg":248,"gust":8.67,"clouds":72,"pop":0.09}]}
--- ENF OF RECEIVED DATA ---

{"city":{"id":2800866,"name":"Brussels","coord":{"lon":4.3488,"lat":50.8504},"country":"BE","population":1019022,"timezone":3600},"cod":"200","message":6.7461038,"cnt":4,"list":[{"dt":1701169200,"sunrise":1701155901,"sunset":1701186174,"temp":{"day":2.96,"min":0.83,"max":3.7,"night":2.47,"eve":2.32,"morn":2.73},"feels_like":{"day":-0.37,"night":-1.81,"eve":0.89,"morn":-2.16},"pressure":1009,"humidity":76,"weather":[{"id":600,"main":"Snow","description":"light snow","icon":"13d"}],"speed":6.56,"deg":5,"gust":10.57,"clouds":28,"pop":0.82,"snow":0.12},{"dt":1701255600,"sunrise":1701242388,"sunset":1701272528,"temp":{"day":3.08,"min":0.73,"max":5.13,"night":2.52,"eve":4.09,"morn":0.79},"feels_like":{"day":-1.72,"night":2.52,"eve":0.62,"morn":-3.82},"pressure":1004,"humidity":91,"weather":[{"id":500,"main":"Rain","description":"light rain","icon":"10d"}],"speed":7.24,"deg":230,"gust":13.74,"clouds":90,"pop":0.82,"rain":1.74},{"dt":1701342000,"sunrise":1701328873,"sunset":1701358885,"temp":{"day":0.55,"min":-0.98,"max":2.1,"night":-0.98,"eve":-0.66,"morn":0.61},"feels_like":{"day":-4.52,"night":-4.13,"eve":-5.07,"morn":-4.25},"pressure":1001,"humidity":66,"weather":[{"id":804,"main":"Clouds","description":"overcast clouds","icon":"04d"}],"speed":5.84,"deg":45,"gust":10.54,"clouds":99,"pop":0.18},{"dt":1701428400,"sunrise":1701415356,"sunset":1701445245,"temp":{"day":2.9,"min":-1.78,"max":2.9,"night":-0.61,"eve":-0.74,"morn":-1.43},"feels_like":{"day":-0.89,"night":-0.61,"eve":-4.52,"morn":-1.43},"pressure":1005,"humidity":64,"weather":[{"id":803,"main":"Clouds","description":"broken clouds","icon":"04d"}],"speed":4.28,"deg":248,"gust":8.67,"clouds":72,"pop":0.09}]}
--- ENF OF RECEIVED DATA ---

