________________________________________________
|             CALL API : START                |
________________________________________________

Informations : 
Called API: meteo - 8 June 2023, 07:40
Method: GETMETEO - Timeout : 300 - Cache : 1
URL CALLED : https://api.openweathermap.org/data/2.5/forecast/daily?q=Brussels,be&units=metric&cnt=4&appid=ea18c0706135505149200c3836f29800
-------------------------
________________________________________________
|             CALL API : START                |
________________________________________________

Informations : 
Called API: meteo - 8 June 2023, 07:40
Method: GETMETEO - Timeout : 300 - Cache : 1
URL CALLED : https://api.openweathermap.org/data/2.5/forecast/daily?q=Brussels,be&units=metric&cnt=4&appid=ea18c0706135505149200c3836f29800
-------------------------
{"city":{"id":2800866,"name":"Brussels","coord":{"lon":4.3488,"lat":50.8504},"country":"BE","population":1019022,"timezone":7200},"cod":"200","message":8.4596573,"cnt":4,"list":[{"dt":1686222000,"sunrise":1686195032,"sunset":1686253974,"temp":{"day":23.46,"min":12.91,"max":25.26,"night":17.36,"eve":23.49,"morn":13.71},"feels_like":{"day":23.3,"night":17.34,"eve":23.41,"morn":13.43},"pressure":1016,"humidity":55,"weather":[{"id":801,"main":"Clouds","description":"few clouds","icon":"02d"}],"speed":5.35,"deg":53,"gust":10.18,"clouds":16,"pop":0.36},{"dt":1686308400,"sunrise":1686281406,"sunset":1686340422,"temp":{"day":25.39,"min":13.55,"max":27.53,"night":21.04,"eve":26.6,"morn":14.46},"feels_like":{"day":25.29,"night":20.92,"eve":26.6,"morn":14.34},"pressure":1013,"humidity":50,"weather":[{"id":800,"main":"Clear","description":"sky is clear","icon":"01d"}],"speed":5.37,"deg":89,"gust":11.18,"clouds":0,"pop":0.02},{"dt":1686394800,"sunrise":1686367783,"sunset":1686426867,"temp":{"day":27.46,"min":16.58,"max":28.39,"night":21.4,"eve":26.94,"morn":17.73},"feels_like":{"day":27.1,"night":21.21,"eve":27.02,"morn":17.46},"pressure":1014,"humidity":38,"weather":[{"id":801,"main":"Clouds","description":"few clouds","icon":"02d"}],"speed":6.18,"deg":121,"gust":9.83,"clouds":12,"pop":0},{"dt":1686481200,"sunrise":1686454162,"sunset":1686513310,"temp":{"day":26.31,"min":18.07,"max":27.27,"night":19.21,"eve":24.61,"morn":20.46},"feels_like":{"day":26.31,"night":18.7,"eve":24.43,"morn":20.31},"pressure":1016,"humidity":44,"weather":[{"id":803,"main":"Clouds","description":"broken clouds","icon":"04d"}],"speed":5.43,"deg":92,"gust":8.66,"clouds":81,"pop":0.15}]}
--- ENF OF RECEIVED DATA ---

{"city":{"id":2800866,"name":"Brussels","coord":{"lon":4.3488,"lat":50.8504},"country":"BE","population":1019022,"timezone":7200},"cod":"200","message":8.4596573,"cnt":4,"list":[{"dt":1686222000,"sunrise":1686195032,"sunset":1686253974,"temp":{"day":23.46,"min":12.91,"max":25.26,"night":17.36,"eve":23.49,"morn":13.71},"feels_like":{"day":23.3,"night":17.34,"eve":23.41,"morn":13.43},"pressure":1016,"humidity":55,"weather":[{"id":801,"main":"Clouds","description":"few clouds","icon":"02d"}],"speed":5.35,"deg":53,"gust":10.18,"clouds":16,"pop":0.36},{"dt":1686308400,"sunrise":1686281406,"sunset":1686340422,"temp":{"day":25.39,"min":13.55,"max":27.53,"night":21.04,"eve":26.6,"morn":14.46},"feels_like":{"day":25.29,"night":20.92,"eve":26.6,"morn":14.34},"pressure":1013,"humidity":50,"weather":[{"id":800,"main":"Clear","description":"sky is clear","icon":"01d"}],"speed":5.37,"deg":89,"gust":11.18,"clouds":0,"pop":0.02},{"dt":1686394800,"sunrise":1686367783,"sunset":1686426867,"temp":{"day":27.46,"min":16.58,"max":28.39,"night":21.4,"eve":26.94,"morn":17.73},"feels_like":{"day":27.1,"night":21.21,"eve":27.02,"morn":17.46},"pressure":1014,"humidity":38,"weather":[{"id":801,"main":"Clouds","description":"few clouds","icon":"02d"}],"speed":6.18,"deg":121,"gust":9.83,"clouds":12,"pop":0},{"dt":1686481200,"sunrise":1686454162,"sunset":1686513310,"temp":{"day":26.31,"min":18.07,"max":27.27,"night":19.21,"eve":24.61,"morn":20.46},"feels_like":{"day":26.31,"night":18.7,"eve":24.43,"morn":20.31},"pressure":1016,"humidity":44,"weather":[{"id":803,"main":"Clouds","description":"broken clouds","icon":"04d"}],"speed":5.43,"deg":92,"gust":8.66,"clouds":81,"pop":0.15}]}
--- ENF OF RECEIVED DATA ---

