________________________________________________
|             CALL API : START                |
________________________________________________

Informations : 
Called API: meteo - 10 August 2024, 18:40
Method: GETMETEO - Timeout : 300 - Cache : 1
URL CALLED : https://api.openweathermap.org/data/2.5/forecast/daily?q=Brussels,be&units=metric&cnt=4&appid=ea18c0706135505149200c3836f29800
-------------------------
________________________________________________
|             CALL API : START                |
________________________________________________

Informations : 
Called API: meteo - 10 August 2024, 18:40
Method: GETMETEO - Timeout : 300 - Cache : 1
URL CALLED : https://api.openweathermap.org/data/2.5/forecast/daily?q=Brussels,be&units=metric&cnt=4&appid=ea18c0706135505149200c3836f29800
-------------------------
{"city":{"id":2800866,"name":"Brussels","coord":{"lon":4.3488,"lat":50.8504},"country":"BE","population":1019022,"timezone":7200},"cod":"200","message":0.0517324,"cnt":4,"list":[{"dt":1723287600,"sunrise":1723263770,"sunset":1723317188,"temp":{"day":23.49,"min":13.95,"max":25.9,"night":20.37,"eve":25.9,"morn":14.04},"feels_like":{"day":23.38,"night":20.21,"eve":26.09,"morn":13.98},"pressure":1021,"humidity":57,"weather":[{"id":800,"main":"Clear","description":"sky is clear","icon":"01d"}],"speed":4.77,"deg":237,"gust":8.89,"clouds":7,"pop":0},{"dt":1723374000,"sunrise":1723350262,"sunset":1723403478,"temp":{"day":25.27,"min":16.55,"max":27.33,"night":21.01,"eve":26.79,"morn":16.8},"feels_like":{"day":25.39,"night":21.18,"eve":27.76,"morn":16.62},"pressure":1021,"humidity":59,"weather":[{"id":800,"main":"Clear","description":"sky is clear","icon":"01d"}],"speed":3.7,"deg":69,"gust":9.12,"clouds":0,"pop":0},{"dt":1723460400,"sunrise":1723436755,"sunset":1723489767,"temp":{"day":29.51,"min":18.17,"max":32.42,"night":26.08,"eve":31.07,"morn":18.21},"feels_like":{"day":31.41,"night":26.08,"eve":34.74,"morn":18.28},"pressure":1011,"humidity":57,"weather":[{"id":803,"main":"Clouds","description":"broken clouds","icon":"04d"}],"speed":4.03,"deg":78,"gust":9.9,"clouds":70,"pop":0},{"dt":1723546800,"sunrise":1723523247,"sunset":1723576055,"temp":{"day":27.23,"min":19.47,"max":28.91,"night":19.47,"eve":21.92,"morn":21.56},"feels_like":{"day":28.71,"night":19.87,"eve":22.47,"morn":21.7},"pressure":1010,"humidity":64,"weather":[{"id":501,"main":"Rain","description":"moderate rain","icon":"10d"}],"speed":5.53,"deg":303,"gust":9.01,"clouds":96,"pop":1,"rain":6.57}]}
--- ENF OF RECEIVED DATA ---

{"city":{"id":2800866,"name":"Brussels","coord":{"lon":4.3488,"lat":50.8504},"country":"BE","population":1019022,"timezone":7200},"cod":"200","message":0.0517324,"cnt":4,"list":[{"dt":1723287600,"sunrise":1723263770,"sunset":1723317188,"temp":{"day":23.49,"min":13.95,"max":25.9,"night":20.37,"eve":25.9,"morn":14.04},"feels_like":{"day":23.38,"night":20.21,"eve":26.09,"morn":13.98},"pressure":1021,"humidity":57,"weather":[{"id":800,"main":"Clear","description":"sky is clear","icon":"01d"}],"speed":4.77,"deg":237,"gust":8.89,"clouds":7,"pop":0},{"dt":1723374000,"sunrise":1723350262,"sunset":1723403478,"temp":{"day":25.27,"min":16.55,"max":27.33,"night":21.01,"eve":26.79,"morn":16.8},"feels_like":{"day":25.39,"night":21.18,"eve":27.76,"morn":16.62},"pressure":1021,"humidity":59,"weather":[{"id":800,"main":"Clear","description":"sky is clear","icon":"01d"}],"speed":3.7,"deg":69,"gust":9.12,"clouds":0,"pop":0},{"dt":1723460400,"sunrise":1723436755,"sunset":1723489767,"temp":{"day":29.51,"min":18.17,"max":32.42,"night":26.08,"eve":31.07,"morn":18.21},"feels_like":{"day":31.41,"night":26.08,"eve":34.74,"morn":18.28},"pressure":1011,"humidity":57,"weather":[{"id":803,"main":"Clouds","description":"broken clouds","icon":"04d"}],"speed":4.03,"deg":78,"gust":9.9,"clouds":70,"pop":0},{"dt":1723546800,"sunrise":1723523247,"sunset":1723576055,"temp":{"day":27.23,"min":19.47,"max":28.91,"night":19.47,"eve":21.92,"morn":21.56},"feels_like":{"day":28.71,"night":19.87,"eve":22.47,"morn":21.7},"pressure":1010,"humidity":64,"weather":[{"id":501,"main":"Rain","description":"moderate rain","icon":"10d"}],"speed":5.53,"deg":303,"gust":9.01,"clouds":96,"pop":1,"rain":6.57}]}
--- ENF OF RECEIVED DATA ---

