________________________________________________
|             CALL API : START                |
________________________________________________

Informations : 
Called API: meteo - 20 August 2024, 06:50
Method: GETMETEO - Timeout : 300 - Cache : 1
URL CALLED : https://api.openweathermap.org/data/2.5/forecast/daily?q=Brussels,be&units=metric&cnt=4&appid=ea18c0706135505149200c3836f29800
-------------------------
________________________________________________
|             CALL API : START                |
________________________________________________

Informations : 
Called API: meteo - 20 August 2024, 06:50
Method: GETMETEO - Timeout : 300 - Cache : 1
URL CALLED : https://api.openweathermap.org/data/2.5/forecast/daily?q=Brussels,be&units=metric&cnt=4&appid=ea18c0706135505149200c3836f29800
-------------------------
{"city":{"id":2800866,"name":"Brussels","coord":{"lon":4.3488,"lat":50.8504},"country":"BE","population":1019022,"timezone":7200},"cod":"200","message":0.0427395,"cnt":4,"list":[{"dt":1724151600,"sunrise":1724128699,"sunset":1724180033,"temp":{"day":22,"min":14.02,"max":23.34,"night":16.38,"eve":17.18,"morn":14.02},"feels_like":{"day":21.72,"night":16.5,"eve":17.49,"morn":13.75},"pressure":1012,"humidity":56,"weather":[{"id":502,"main":"Rain","description":"heavy intensity rain","icon":"10d"}],"speed":5.97,"deg":259,"gust":11.14,"clouds":11,"pop":1,"rain":13.25},{"dt":1724238000,"sunrise":1724215192,"sunset":1724266311,"temp":{"day":18.72,"min":10.86,"max":20.16,"night":13.84,"eve":19.21,"morn":10.86},"feels_like":{"day":17.98,"night":13.21,"eve":18.54,"morn":10.27},"pressure":1019,"humidity":51,"weather":[{"id":804,"main":"Clouds","description":"overcast clouds","icon":"04d"}],"speed":5.65,"deg":247,"gust":12.19,"clouds":95,"pop":0.9},{"dt":1724324400,"sunrise":1724301686,"sunset":1724352588,"temp":{"day":21.65,"min":11.67,"max":23.89,"night":16.99,"eve":22.49,"morn":11.67},"feels_like":{"day":21.23,"night":16.44,"eve":22.15,"morn":11.03},"pressure":1011,"humidity":52,"weather":[{"id":803,"main":"Clouds","description":"broken clouds","icon":"04d"}],"speed":7.39,"deg":204,"gust":11.79,"clouds":54,"pop":0},{"dt":1724410800,"sunrise":1724388179,"sunset":1724438865,"temp":{"day":20.98,"min":15.71,"max":21.43,"night":17.93,"eve":19.26,"morn":16.29},"feels_like":{"day":21.04,"night":18.05,"eve":19.23,"morn":15.8},"pressure":1010,"humidity":73,"weather":[{"id":500,"main":"Rain","description":"light rain","icon":"10d"}],"speed":8.97,"deg":226,"gust":16.11,"clouds":100,"pop":0.2,"rain":0.13}]}
--- ENF OF RECEIVED DATA ---

{"city":{"id":2800866,"name":"Brussels","coord":{"lon":4.3488,"lat":50.8504},"country":"BE","population":1019022,"timezone":7200},"cod":"200","message":0.0427395,"cnt":4,"list":[{"dt":1724151600,"sunrise":1724128699,"sunset":1724180033,"temp":{"day":22,"min":14.02,"max":23.34,"night":16.38,"eve":17.18,"morn":14.02},"feels_like":{"day":21.72,"night":16.5,"eve":17.49,"morn":13.75},"pressure":1012,"humidity":56,"weather":[{"id":502,"main":"Rain","description":"heavy intensity rain","icon":"10d"}],"speed":5.97,"deg":259,"gust":11.14,"clouds":11,"pop":1,"rain":13.25},{"dt":1724238000,"sunrise":1724215192,"sunset":1724266311,"temp":{"day":18.72,"min":10.86,"max":20.16,"night":13.84,"eve":19.21,"morn":10.86},"feels_like":{"day":17.98,"night":13.21,"eve":18.54,"morn":10.27},"pressure":1019,"humidity":51,"weather":[{"id":804,"main":"Clouds","description":"overcast clouds","icon":"04d"}],"speed":5.65,"deg":247,"gust":12.19,"clouds":95,"pop":0.9},{"dt":1724324400,"sunrise":1724301686,"sunset":1724352588,"temp":{"day":21.65,"min":11.67,"max":23.89,"night":16.99,"eve":22.49,"morn":11.67},"feels_like":{"day":21.23,"night":16.44,"eve":22.15,"morn":11.03},"pressure":1011,"humidity":52,"weather":[{"id":803,"main":"Clouds","description":"broken clouds","icon":"04d"}],"speed":7.39,"deg":204,"gust":11.79,"clouds":54,"pop":0},{"dt":1724410800,"sunrise":1724388179,"sunset":1724438865,"temp":{"day":20.98,"min":15.71,"max":21.43,"night":17.93,"eve":19.26,"morn":16.29},"feels_like":{"day":21.04,"night":18.05,"eve":19.23,"morn":15.8},"pressure":1010,"humidity":73,"weather":[{"id":500,"main":"Rain","description":"light rain","icon":"10d"}],"speed":8.97,"deg":226,"gust":16.11,"clouds":100,"pop":0.2,"rain":0.13}]}
--- ENF OF RECEIVED DATA ---

