________________________________________________
|             CALL API : START                |
________________________________________________

Informations : 
Called API: meteo - 27 March 2024, 15:30
Method: GETMETEO - Timeout : 300 - Cache : 1
URL CALLED : https://api.openweathermap.org/data/2.5/forecast/daily?q=Brussels,be&units=metric&cnt=4&appid=ea18c0706135505149200c3836f29800
-------------------------
________________________________________________
|             CALL API : START                |
________________________________________________

Informations : 
Called API: meteo - 27 March 2024, 15:30
Method: GETMETEO - Timeout : 300 - Cache : 1
URL CALLED : https://api.openweathermap.org/data/2.5/forecast/daily?q=Brussels,be&units=metric&cnt=4&appid=ea18c0706135505149200c3836f29800
-------------------------
{"city":{"id":2800866,"name":"Brussels","coord":{"lon":4.3488,"lat":50.8504},"country":"BE","population":1019022,"timezone":3600},"cod":"200","message":6.4923752,"cnt":4,"list":[{"dt":1711537200,"sunrise":1711517334,"sunset":1711562798,"temp":{"day":9.87,"min":5.9,"max":11.62,"night":7.31,"eve":10.99,"morn":5.93},"feels_like":{"day":7.08,"night":4.22,"eve":9.87,"morn":2.83},"pressure":987,"humidity":66,"weather":[{"id":803,"main":"Clouds","description":"broken clouds","icon":"04d"}],"speed":7.59,"deg":185,"gust":13.77,"clouds":80,"pop":0.06},{"dt":1711623600,"sunrise":1711603599,"sunset":1711649295,"temp":{"day":9.75,"min":5.75,"max":10.95,"night":7.57,"eve":9.36,"morn":5.95},"feels_like":{"day":5.77,"night":3.05,"eve":5.5,"morn":1.56},"pressure":988,"humidity":62,"weather":[{"id":500,"main":"Rain","description":"light rain","icon":"10d"}],"speed":10.53,"deg":213,"gust":18.07,"clouds":69,"pop":1,"rain":1.32},{"dt":1711710000,"sunrise":1711689864,"sunset":1711735792,"temp":{"day":9.92,"min":7.15,"max":12.13,"night":8.87,"eve":10.54,"morn":7.68},"feels_like":{"day":7.32,"night":5.83,"eve":9.74,"morn":6.22},"pressure":993,"humidity":83,"weather":[{"id":501,"main":"Rain","description":"moderate rain","icon":"10d"}],"speed":8.61,"deg":194,"gust":17.01,"clouds":100,"pop":1,"rain":5.1},{"dt":1711796400,"sunrise":1711776129,"sunset":1711822290,"temp":{"day":7.62,"min":7.19,"max":10.6,"night":7.19,"eve":9.67,"morn":7.64},"feels_like":{"day":5.45,"night":5.56,"eve":8.54,"morn":7.64},"pressure":999,"humidity":93,"weather":[{"id":501,"main":"Rain","description":"moderate rain","icon":"10d"}],"speed":5.07,"deg":191,"gust":11.16,"clouds":100,"pop":1,"rain":7.87}]}
--- ENF OF RECEIVED DATA ---

{"city":{"id":2800866,"name":"Brussels","coord":{"lon":4.3488,"lat":50.8504},"country":"BE","population":1019022,"timezone":3600},"cod":"200","message":6.4923752,"cnt":4,"list":[{"dt":1711537200,"sunrise":1711517334,"sunset":1711562798,"temp":{"day":9.87,"min":5.9,"max":11.62,"night":7.31,"eve":10.99,"morn":5.93},"feels_like":{"day":7.08,"night":4.22,"eve":9.87,"morn":2.83},"pressure":987,"humidity":66,"weather":[{"id":803,"main":"Clouds","description":"broken clouds","icon":"04d"}],"speed":7.59,"deg":185,"gust":13.77,"clouds":80,"pop":0.06},{"dt":1711623600,"sunrise":1711603599,"sunset":1711649295,"temp":{"day":9.75,"min":5.75,"max":10.95,"night":7.57,"eve":9.36,"morn":5.95},"feels_like":{"day":5.77,"night":3.05,"eve":5.5,"morn":1.56},"pressure":988,"humidity":62,"weather":[{"id":500,"main":"Rain","description":"light rain","icon":"10d"}],"speed":10.53,"deg":213,"gust":18.07,"clouds":69,"pop":1,"rain":1.32},{"dt":1711710000,"sunrise":1711689864,"sunset":1711735792,"temp":{"day":9.92,"min":7.15,"max":12.13,"night":8.87,"eve":10.54,"morn":7.68},"feels_like":{"day":7.32,"night":5.83,"eve":9.74,"morn":6.22},"pressure":993,"humidity":83,"weather":[{"id":501,"main":"Rain","description":"moderate rain","icon":"10d"}],"speed":8.61,"deg":194,"gust":17.01,"clouds":100,"pop":1,"rain":5.1},{"dt":1711796400,"sunrise":1711776129,"sunset":1711822290,"temp":{"day":7.62,"min":7.19,"max":10.6,"night":7.19,"eve":9.67,"morn":7.64},"feels_like":{"day":5.45,"night":5.56,"eve":8.54,"morn":7.64},"pressure":999,"humidity":93,"weather":[{"id":501,"main":"Rain","description":"moderate rain","icon":"10d"}],"speed":5.07,"deg":191,"gust":11.16,"clouds":100,"pop":1,"rain":7.87}]}
--- ENF OF RECEIVED DATA ---

