________________________________________________
|             CALL API : START                |
________________________________________________

Informations : 
Called API: meteo - 22 January 2024, 12:00
Method: GETMETEO - Timeout : 300 - Cache : 1
URL CALLED : https://api.openweathermap.org/data/2.5/forecast/daily?q=Brussels,be&units=metric&cnt=4&appid=ea18c0706135505149200c3836f29800
-------------------------
________________________________________________
|             CALL API : START                |
________________________________________________

Informations : 
Called API: meteo - 22 January 2024, 12:00
Method: GETMETEO - Timeout : 300 - Cache : 1
URL CALLED : https://api.openweathermap.org/data/2.5/forecast/daily?q=Brussels,be&units=metric&cnt=4&appid=ea18c0706135505149200c3836f29800
-------------------------
{"city":{"id":2800866,"name":"Brussels","coord":{"lon":4.3488,"lat":50.8504},"country":"BE","population":1019022,"timezone":3600},"cod":"200","message":19.3606435,"cnt":4,"list":[{"dt":1705921200,"sunrise":1705908759,"sunset":1705940100,"temp":{"day":10.81,"min":7.01,"max":10.81,"night":7.01,"eve":7.55,"morn":10.06},"feels_like":{"day":10.19,"night":2.52,"eve":3.19,"morn":9.31},"pressure":1009,"humidity":86,"weather":[{"id":501,"main":"Rain","description":"moderate rain","icon":"10d"}],"speed":14.49,"deg":215,"gust":26.84,"clouds":75,"pop":1,"rain":5.74},{"dt":1706007600,"sunrise":1705995092,"sunset":1706026600,"temp":{"day":7.29,"min":4.1,"max":11.82,"night":11.82,"eve":8.16,"morn":4.56},"feels_like":{"day":3.56,"night":11.46,"eve":3.77,"morn":0.77},"pressure":1028,"humidity":86,"weather":[{"id":500,"main":"Rain","description":"light rain","icon":"10d"}],"speed":10.78,"deg":221,"gust":20.55,"clouds":49,"pop":0.98,"rain":0.9},{"dt":1706094000,"sunrise":1706081424,"sunset":1706113100,"temp":{"day":10.61,"min":7.31,"max":13.18,"night":7.75,"eve":8.41,"morn":12.66},"feels_like":{"day":9.63,"night":4.36,"eve":5.14,"morn":12.17},"pressure":1026,"humidity":73,"weather":[{"id":500,"main":"Rain","description":"light rain","icon":"10d"}],"speed":11.61,"deg":243,"gust":22.39,"clouds":76,"pop":0.28,"rain":0.13},{"dt":1706180400,"sunrise":1706167752,"sunset":1706199602,"temp":{"day":8.3,"min":5.02,"max":10.77,"night":10.69,"eve":10.77,"morn":5.02},"feels_like":{"day":6.27,"night":10.27,"eve":10.28,"morn":3.37},"pressure":1029,"humidity":86,"weather":[{"id":500,"main":"Rain","description":"light rain","icon":"10d"}],"speed":5.93,"deg":215,"gust":12.91,"clouds":100,"pop":0.79,"rain":0.57}]}
--- ENF OF RECEIVED DATA ---

{"city":{"id":2800866,"name":"Brussels","coord":{"lon":4.3488,"lat":50.8504},"country":"BE","population":1019022,"timezone":3600},"cod":"200","message":19.3606435,"cnt":4,"list":[{"dt":1705921200,"sunrise":1705908759,"sunset":1705940100,"temp":{"day":10.81,"min":7.01,"max":10.81,"night":7.01,"eve":7.55,"morn":10.06},"feels_like":{"day":10.19,"night":2.52,"eve":3.19,"morn":9.31},"pressure":1009,"humidity":86,"weather":[{"id":501,"main":"Rain","description":"moderate rain","icon":"10d"}],"speed":14.49,"deg":215,"gust":26.84,"clouds":75,"pop":1,"rain":5.74},{"dt":1706007600,"sunrise":1705995092,"sunset":1706026600,"temp":{"day":7.29,"min":4.1,"max":11.82,"night":11.82,"eve":8.16,"morn":4.56},"feels_like":{"day":3.56,"night":11.46,"eve":3.77,"morn":0.77},"pressure":1028,"humidity":86,"weather":[{"id":500,"main":"Rain","description":"light rain","icon":"10d"}],"speed":10.78,"deg":221,"gust":20.55,"clouds":49,"pop":0.98,"rain":0.9},{"dt":1706094000,"sunrise":1706081424,"sunset":1706113100,"temp":{"day":10.61,"min":7.31,"max":13.18,"night":7.75,"eve":8.41,"morn":12.66},"feels_like":{"day":9.63,"night":4.36,"eve":5.14,"morn":12.17},"pressure":1026,"humidity":73,"weather":[{"id":500,"main":"Rain","description":"light rain","icon":"10d"}],"speed":11.61,"deg":243,"gust":22.39,"clouds":76,"pop":0.28,"rain":0.13},{"dt":1706180400,"sunrise":1706167752,"sunset":1706199602,"temp":{"day":8.3,"min":5.02,"max":10.77,"night":10.69,"eve":10.77,"morn":5.02},"feels_like":{"day":6.27,"night":10.27,"eve":10.28,"morn":3.37},"pressure":1029,"humidity":86,"weather":[{"id":500,"main":"Rain","description":"light rain","icon":"10d"}],"speed":5.93,"deg":215,"gust":12.91,"clouds":100,"pop":0.79,"rain":0.57}]}
--- ENF OF RECEIVED DATA ---

