________________________________________________
|             CALL API : START                |
________________________________________________

Informations : 
Called API: meteo - 6 June 2023, 10:40
Method: GETMETEO - Timeout : 300 - Cache : 1
URL CALLED : https://api.openweathermap.org/data/2.5/forecast/daily?q=Brussels,be&units=metric&cnt=4&appid=ea18c0706135505149200c3836f29800
-------------------------
________________________________________________
|             CALL API : START                |
________________________________________________

Informations : 
Called API: meteo - 6 June 2023, 10:40
Method: GETMETEO - Timeout : 300 - Cache : 1
URL CALLED : https://api.openweathermap.org/data/2.5/forecast/daily?q=Brussels,be&units=metric&cnt=4&appid=ea18c0706135505149200c3836f29800
-------------------------
{"city":{"id":2800866,"name":"Brussels","coord":{"lon":4.3488,"lat":50.8504},"country":"BE","population":1019022,"timezone":7200},"cod":"200","message":1.9377398,"cnt":4,"list":[{"dt":1686049200,"sunrise":1686022292,"sunset":1686081071,"temp":{"day":19.7,"min":10.35,"max":24.44,"night":16.07,"eve":22.1,"morn":13.08},"feels_like":{"day":19.34,"night":15.77,"eve":21.83,"morn":12.64},"pressure":1020,"humidity":62,"weather":[{"id":800,"main":"Clear","description":"sky is clear","icon":"01d"}],"speed":4.75,"deg":35,"gust":10.4,"clouds":1,"pop":0.02},{"dt":1686135600,"sunrise":1686108660,"sunset":1686167523,"temp":{"day":22.65,"min":12.24,"max":23.5,"night":15.63,"eve":20.91,"morn":12.95},"feels_like":{"day":22.35,"night":15.44,"eve":20.65,"morn":12.68},"pressure":1020,"humidity":53,"weather":[{"id":500,"main":"Rain","description":"light rain","icon":"10d"}],"speed":5.82,"deg":77,"gust":9.81,"clouds":14,"pop":0.41,"rain":0.22},{"dt":1686222000,"sunrise":1686195032,"sunset":1686253974,"temp":{"day":22.08,"min":10.95,"max":24.71,"night":18.52,"eve":24.06,"morn":11.82},"feels_like":{"day":21.75,"night":18.33,"eve":23.91,"morn":11.2},"pressure":1017,"humidity":54,"weather":[{"id":800,"main":"Clear","description":"sky is clear","icon":"01d"}],"speed":5.59,"deg":43,"gust":12.45,"clouds":0,"pop":0.08},{"dt":1686308400,"sunrise":1686281406,"sunset":1686340422,"temp":{"day":26.55,"min":13.07,"max":28.17,"night":20.67,"eve":24.28,"morn":15.24},"feels_like":{"day":26.55,"night":20.57,"eve":24.36,"morn":14.88},"pressure":1013,"humidity":48,"weather":[{"id":800,"main":"Clear","description":"sky is clear","icon":"01d"}],"speed":6.06,"deg":47,"gust":12.81,"clouds":0,"pop":0.11}]}
--- ENF OF RECEIVED DATA ---

{"city":{"id":2800866,"name":"Brussels","coord":{"lon":4.3488,"lat":50.8504},"country":"BE","population":1019022,"timezone":7200},"cod":"200","message":1.9377398,"cnt":4,"list":[{"dt":1686049200,"sunrise":1686022292,"sunset":1686081071,"temp":{"day":19.7,"min":10.35,"max":24.44,"night":16.07,"eve":22.1,"morn":13.08},"feels_like":{"day":19.34,"night":15.77,"eve":21.83,"morn":12.64},"pressure":1020,"humidity":62,"weather":[{"id":800,"main":"Clear","description":"sky is clear","icon":"01d"}],"speed":4.75,"deg":35,"gust":10.4,"clouds":1,"pop":0.02},{"dt":1686135600,"sunrise":1686108660,"sunset":1686167523,"temp":{"day":22.65,"min":12.24,"max":23.5,"night":15.63,"eve":20.91,"morn":12.95},"feels_like":{"day":22.35,"night":15.44,"eve":20.65,"morn":12.68},"pressure":1020,"humidity":53,"weather":[{"id":500,"main":"Rain","description":"light rain","icon":"10d"}],"speed":5.82,"deg":77,"gust":9.81,"clouds":14,"pop":0.41,"rain":0.22},{"dt":1686222000,"sunrise":1686195032,"sunset":1686253974,"temp":{"day":22.08,"min":10.95,"max":24.71,"night":18.52,"eve":24.06,"morn":11.82},"feels_like":{"day":21.75,"night":18.33,"eve":23.91,"morn":11.2},"pressure":1017,"humidity":54,"weather":[{"id":800,"main":"Clear","description":"sky is clear","icon":"01d"}],"speed":5.59,"deg":43,"gust":12.45,"clouds":0,"pop":0.08},{"dt":1686308400,"sunrise":1686281406,"sunset":1686340422,"temp":{"day":26.55,"min":13.07,"max":28.17,"night":20.67,"eve":24.28,"morn":15.24},"feels_like":{"day":26.55,"night":20.57,"eve":24.36,"morn":14.88},"pressure":1013,"humidity":48,"weather":[{"id":800,"main":"Clear","description":"sky is clear","icon":"01d"}],"speed":6.06,"deg":47,"gust":12.81,"clouds":0,"pop":0.11}]}
--- ENF OF RECEIVED DATA ---

