________________________________________________
|             CALL API : START                |
________________________________________________

Informations : 
Called API: meteo - 6 January 2025, 12:50
Method: GETMETEO - Timeout : 300 - Cache : 1
URL CALLED : https://api.openweathermap.org/data/2.5/forecast/daily?q=Brussels,be&units=metric&cnt=4&appid=ea18c0706135505149200c3836f29800
-------------------------
________________________________________________
|             CALL API : START                |
________________________________________________

Informations : 
Called API: meteo - 6 January 2025, 12:50
Method: GETMETEO - Timeout : 300 - Cache : 1
URL CALLED : https://api.openweathermap.org/data/2.5/forecast/daily?q=Brussels,be&units=metric&cnt=4&appid=ea18c0706135505149200c3836f29800
-------------------------
{"city":{"id":2800866,"name":"Brussels","coord":{"lon":4.3488,"lat":50.8504},"country":"BE","population":1019022,"timezone":3600},"cod":"200","message":0.8896311,"cnt":4,"list":[{"dt":1736161200,"sunrise":1736149433,"sunset":1736178760,"temp":{"day":11.13,"min":4.55,"max":11.42,"night":4.55,"eve":6.69,"morn":10.87},"feels_like":{"day":10.57,"night":-0.25,"eve":1.93,"morn":10.15},"pressure":980,"humidity":87,"weather":[{"id":501,"main":"Rain","description":"moderate rain","icon":"10d"}],"speed":14.01,"deg":237,"gust":23.97,"clouds":80,"pop":1,"rain":4.76},{"dt":1736247600,"sunrise":1736235809,"sunset":1736265234,"temp":{"day":2.89,"min":2.77,"max":5.59,"night":2.77,"eve":4.21,"morn":3.59},"feels_like":{"day":-2.31,"night":-2.04,"eve":-1.09,"morn":-1.1},"pressure":1002,"humidity":93,"weather":[{"id":616,"main":"Snow","description":"rain and snow","icon":"13d"}],"speed":9.39,"deg":232,"gust":16.73,"clouds":94,"pop":1,"rain":7.36,"snow":0.18},{"dt":1736334000,"sunrise":1736322183,"sunset":1736351711,"temp":{"day":3.54,"min":0.45,"max":4.2,"night":0.49,"eve":2.07,"morn":0.76},"feels_like":{"day":0.67,"night":-4.78,"eve":-1.24,"morn":-3.44},"pressure":1007,"humidity":72,"weather":[{"id":616,"main":"Snow","description":"rain and snow","icon":"13d"}],"speed":6.11,"deg":67,"gust":13.64,"clouds":96,"pop":1,"rain":1.92,"snow":11.99},{"dt":1736420400,"sunrise":1736408554,"sunset":1736438190,"temp":{"day":0.38,"min":0.18,"max":1.39,"night":1.39,"eve":0.91,"morn":0.25},"feels_like":{"day":-3.05,"night":-3.43,"eve":-4.29,"morn":-4.95},"pressure":1003,"humidity":100,"weather":[{"id":616,"main":"Snow","description":"rain and snow","icon":"13d"}],"speed":6.36,"deg":19,"gust":13.3,"clouds":100,"pop":1,"rain":4.25,"snow":15.27}]}
--- ENF OF RECEIVED DATA ---

{"city":{"id":2800866,"name":"Brussels","coord":{"lon":4.3488,"lat":50.8504},"country":"BE","population":1019022,"timezone":3600},"cod":"200","message":0.8896311,"cnt":4,"list":[{"dt":1736161200,"sunrise":1736149433,"sunset":1736178760,"temp":{"day":11.13,"min":4.55,"max":11.42,"night":4.55,"eve":6.69,"morn":10.87},"feels_like":{"day":10.57,"night":-0.25,"eve":1.93,"morn":10.15},"pressure":980,"humidity":87,"weather":[{"id":501,"main":"Rain","description":"moderate rain","icon":"10d"}],"speed":14.01,"deg":237,"gust":23.97,"clouds":80,"pop":1,"rain":4.76},{"dt":1736247600,"sunrise":1736235809,"sunset":1736265234,"temp":{"day":2.89,"min":2.77,"max":5.59,"night":2.77,"eve":4.21,"morn":3.59},"feels_like":{"day":-2.31,"night":-2.04,"eve":-1.09,"morn":-1.1},"pressure":1002,"humidity":93,"weather":[{"id":616,"main":"Snow","description":"rain and snow","icon":"13d"}],"speed":9.39,"deg":232,"gust":16.73,"clouds":94,"pop":1,"rain":7.36,"snow":0.18},{"dt":1736334000,"sunrise":1736322183,"sunset":1736351711,"temp":{"day":3.54,"min":0.45,"max":4.2,"night":0.49,"eve":2.07,"morn":0.76},"feels_like":{"day":0.67,"night":-4.78,"eve":-1.24,"morn":-3.44},"pressure":1007,"humidity":72,"weather":[{"id":616,"main":"Snow","description":"rain and snow","icon":"13d"}],"speed":6.11,"deg":67,"gust":13.64,"clouds":96,"pop":1,"rain":1.92,"snow":11.99},{"dt":1736420400,"sunrise":1736408554,"sunset":1736438190,"temp":{"day":0.38,"min":0.18,"max":1.39,"night":1.39,"eve":0.91,"morn":0.25},"feels_like":{"day":-3.05,"night":-3.43,"eve":-4.29,"morn":-4.95},"pressure":1003,"humidity":100,"weather":[{"id":616,"main":"Snow","description":"rain and snow","icon":"13d"}],"speed":6.36,"deg":19,"gust":13.3,"clouds":100,"pop":1,"rain":4.25,"snow":15.27}]}
--- ENF OF RECEIVED DATA ---

