________________________________________________
|             CALL API : START                |
________________________________________________

Informations : 
Called API: meteo - 5 June 2024, 08:00
Method: GETMETEO - Timeout : 300 - Cache : 1
URL CALLED : https://api.openweathermap.org/data/2.5/forecast/daily?q=Brussels,be&units=metric&cnt=4&appid=ea18c0706135505149200c3836f29800
-------------------------
________________________________________________
|             CALL API : START                |
________________________________________________

Informations : 
Called API: meteo - 5 June 2024, 08:00
Method: GETMETEO - Timeout : 300 - Cache : 1
URL CALLED : https://api.openweathermap.org/data/2.5/forecast/daily?q=Brussels,be&units=metric&cnt=4&appid=ea18c0706135505149200c3836f29800
-------------------------
{"city":{"id":2800866,"name":"Brussels","coord":{"lon":4.3488,"lat":50.8504},"country":"BE","population":1019022,"timezone":7200},"cod":"200","message":4.5094973,"cnt":4,"list":[{"dt":1717585200,"sunrise":1717558301,"sunset":1717617057,"temp":{"day":16.5,"min":10.17,"max":17.38,"night":10.17,"eve":15.22,"morn":12.22},"feels_like":{"day":15.67,"night":9.07,"eve":14.31,"morn":11.85},"pressure":1014,"humidity":56,"weather":[{"id":500,"main":"Rain","description":"light rain","icon":"10d"}],"speed":5.65,"deg":236,"gust":11.88,"clouds":90,"pop":0.71,"rain":0.17},{"dt":1717671600,"sunrise":1717644668,"sunset":1717703510,"temp":{"day":16.61,"min":7.7,"max":17.11,"night":10.21,"eve":16.14,"morn":8.87},"feels_like":{"day":15.71,"night":9.27,"eve":15.22,"morn":7.6},"pressure":1018,"humidity":53,"weather":[{"id":802,"main":"Clouds","description":"scattered clouds","icon":"03d"}],"speed":4.43,"deg":245,"gust":5.87,"clouds":47,"pop":0},{"dt":1717758000,"sunrise":1717731039,"sunset":1717789961,"temp":{"day":17.38,"min":7.61,"max":19.24,"night":11.65,"eve":17.53,"morn":9.06},"feels_like":{"day":16.56,"night":11.04,"eve":17.01,"morn":8.35},"pressure":1019,"humidity":53,"weather":[{"id":800,"main":"Clear","description":"sky is clear","icon":"01d"}],"speed":3.82,"deg":228,"gust":4.88,"clouds":1,"pop":0},{"dt":1717844400,"sunrise":1717817412,"sunset":1717876410,"temp":{"day":15.99,"min":7.58,"max":16.17,"night":13.25,"eve":15.03,"morn":8.75},"feels_like":{"day":15.5,"night":12.75,"eve":14.52,"morn":6.93},"pressure":1011,"humidity":71,"weather":[{"id":802,"main":"Clouds","description":"scattered clouds","icon":"03d"}],"speed":4.99,"deg":242,"gust":6.52,"clouds":38,"pop":0}]}
--- ENF OF RECEIVED DATA ---

{"city":{"id":2800866,"name":"Brussels","coord":{"lon":4.3488,"lat":50.8504},"country":"BE","population":1019022,"timezone":7200},"cod":"200","message":4.5094973,"cnt":4,"list":[{"dt":1717585200,"sunrise":1717558301,"sunset":1717617057,"temp":{"day":16.5,"min":10.17,"max":17.38,"night":10.17,"eve":15.22,"morn":12.22},"feels_like":{"day":15.67,"night":9.07,"eve":14.31,"morn":11.85},"pressure":1014,"humidity":56,"weather":[{"id":500,"main":"Rain","description":"light rain","icon":"10d"}],"speed":5.65,"deg":236,"gust":11.88,"clouds":90,"pop":0.71,"rain":0.17},{"dt":1717671600,"sunrise":1717644668,"sunset":1717703510,"temp":{"day":16.61,"min":7.7,"max":17.11,"night":10.21,"eve":16.14,"morn":8.87},"feels_like":{"day":15.71,"night":9.27,"eve":15.22,"morn":7.6},"pressure":1018,"humidity":53,"weather":[{"id":802,"main":"Clouds","description":"scattered clouds","icon":"03d"}],"speed":4.43,"deg":245,"gust":5.87,"clouds":47,"pop":0},{"dt":1717758000,"sunrise":1717731039,"sunset":1717789961,"temp":{"day":17.38,"min":7.61,"max":19.24,"night":11.65,"eve":17.53,"morn":9.06},"feels_like":{"day":16.56,"night":11.04,"eve":17.01,"morn":8.35},"pressure":1019,"humidity":53,"weather":[{"id":800,"main":"Clear","description":"sky is clear","icon":"01d"}],"speed":3.82,"deg":228,"gust":4.88,"clouds":1,"pop":0},{"dt":1717844400,"sunrise":1717817412,"sunset":1717876410,"temp":{"day":15.99,"min":7.58,"max":16.17,"night":13.25,"eve":15.03,"morn":8.75},"feels_like":{"day":15.5,"night":12.75,"eve":14.52,"morn":6.93},"pressure":1011,"humidity":71,"weather":[{"id":802,"main":"Clouds","description":"scattered clouds","icon":"03d"}],"speed":4.99,"deg":242,"gust":6.52,"clouds":38,"pop":0}]}
--- ENF OF RECEIVED DATA ---

