________________________________________________
|             CALL API : START                |
________________________________________________

Informations : 
Called API: meteo - 4 September 2024, 10:00
Method: GETMETEO - Timeout : 300 - Cache : 1
URL CALLED : https://api.openweathermap.org/data/2.5/forecast/daily?q=Brussels,be&units=metric&cnt=4&appid=ea18c0706135505149200c3836f29800
-------------------------
________________________________________________
|             CALL API : START                |
________________________________________________

Informations : 
Called API: meteo - 4 September 2024, 10:00
Method: GETMETEO - Timeout : 300 - Cache : 1
URL CALLED : https://api.openweathermap.org/data/2.5/forecast/daily?q=Brussels,be&units=metric&cnt=4&appid=ea18c0706135505149200c3836f29800
-------------------------
{"city":{"id":2800866,"name":"Brussels","coord":{"lon":4.3488,"lat":50.8504},"country":"BE","population":1019022,"timezone":7200},"cod":"200","message":0.0458604,"cnt":4,"list":[{"dt":1725447600,"sunrise":1725426093,"sunset":1725474118,"temp":{"day":16.72,"min":15.81,"max":21.13,"night":17.38,"eve":19.15,"morn":16.02},"feels_like":{"day":16.8,"night":17.31,"eve":19.03,"morn":16.11},"pressure":1017,"humidity":90,"weather":[{"id":500,"main":"Rain","description":"light rain","icon":"10d"}],"speed":2.94,"deg":220,"gust":5.48,"clouds":68,"pop":0.8,"rain":0.78},{"dt":1725534000,"sunrise":1725512585,"sunset":1725560385,"temp":{"day":18.7,"min":15.99,"max":21.09,"night":17.78,"eve":20.67,"morn":16.12},"feels_like":{"day":19.03,"night":18.17,"eve":21.04,"morn":16.27},"pressure":1010,"humidity":92,"weather":[{"id":501,"main":"Rain","description":"moderate rain","icon":"10d"}],"speed":4.59,"deg":32,"gust":10.06,"clouds":100,"pop":1,"rain":10.96},{"dt":1725620400,"sunrise":1725599077,"sunset":1725646651,"temp":{"day":19.54,"min":15.73,"max":20.23,"night":15.73,"eve":17.06,"morn":16.92},"feels_like":{"day":19.9,"night":15.92,"eve":17.33,"morn":17.25},"pressure":1010,"humidity":90,"weather":[{"id":500,"main":"Rain","description":"light rain","icon":"10d"}],"speed":3.7,"deg":231,"gust":5.57,"clouds":100,"pop":1,"rain":4.99},{"dt":1725706800,"sunrise":1725685570,"sunset":1725732917,"temp":{"day":25.24,"min":14.45,"max":26.95,"night":18.77,"eve":23,"morn":14.65},"feels_like":{"day":25.31,"night":18.95,"eve":23.18,"morn":14.65},"pressure":1011,"humidity":57,"weather":[{"id":500,"main":"Rain","description":"light rain","icon":"10d"}],"speed":5.77,"deg":213,"gust":10.62,"clouds":73,"pop":1,"rain":1.17}]}
--- ENF OF RECEIVED DATA ---

{"city":{"id":2800866,"name":"Brussels","coord":{"lon":4.3488,"lat":50.8504},"country":"BE","population":1019022,"timezone":7200},"cod":"200","message":0.0458604,"cnt":4,"list":[{"dt":1725447600,"sunrise":1725426093,"sunset":1725474118,"temp":{"day":16.72,"min":15.81,"max":21.13,"night":17.38,"eve":19.15,"morn":16.02},"feels_like":{"day":16.8,"night":17.31,"eve":19.03,"morn":16.11},"pressure":1017,"humidity":90,"weather":[{"id":500,"main":"Rain","description":"light rain","icon":"10d"}],"speed":2.94,"deg":220,"gust":5.48,"clouds":68,"pop":0.8,"rain":0.78},{"dt":1725534000,"sunrise":1725512585,"sunset":1725560385,"temp":{"day":18.7,"min":15.99,"max":21.09,"night":17.78,"eve":20.67,"morn":16.12},"feels_like":{"day":19.03,"night":18.17,"eve":21.04,"morn":16.27},"pressure":1010,"humidity":92,"weather":[{"id":501,"main":"Rain","description":"moderate rain","icon":"10d"}],"speed":4.59,"deg":32,"gust":10.06,"clouds":100,"pop":1,"rain":10.96},{"dt":1725620400,"sunrise":1725599077,"sunset":1725646651,"temp":{"day":19.54,"min":15.73,"max":20.23,"night":15.73,"eve":17.06,"morn":16.92},"feels_like":{"day":19.9,"night":15.92,"eve":17.33,"morn":17.25},"pressure":1010,"humidity":90,"weather":[{"id":500,"main":"Rain","description":"light rain","icon":"10d"}],"speed":3.7,"deg":231,"gust":5.57,"clouds":100,"pop":1,"rain":4.99},{"dt":1725706800,"sunrise":1725685570,"sunset":1725732917,"temp":{"day":25.24,"min":14.45,"max":26.95,"night":18.77,"eve":23,"morn":14.65},"feels_like":{"day":25.31,"night":18.95,"eve":23.18,"morn":14.65},"pressure":1011,"humidity":57,"weather":[{"id":500,"main":"Rain","description":"light rain","icon":"10d"}],"speed":5.77,"deg":213,"gust":10.62,"clouds":73,"pop":1,"rain":1.17}]}
--- ENF OF RECEIVED DATA ---

