________________________________________________
|             CALL API : START                |
________________________________________________

Informations : 
Called API: meteo - 3 October 2024, 01:20
Method: GETMETEO - Timeout : 300 - Cache : 1
URL CALLED : https://api.openweathermap.org/data/2.5/forecast/daily?q=Brussels,be&units=metric&cnt=4&appid=ea18c0706135505149200c3836f29800
-------------------------
________________________________________________
|             CALL API : START                |
________________________________________________

Informations : 
Called API: meteo - 3 October 2024, 01:20
Method: GETMETEO - Timeout : 300 - Cache : 1
URL CALLED : https://api.openweathermap.org/data/2.5/forecast/daily?q=Brussels,be&units=metric&cnt=4&appid=ea18c0706135505149200c3836f29800
-------------------------
{"city":{"id":2800866,"name":"Brussels","coord":{"lon":4.3488,"lat":50.8504},"country":"BE","population":1019022,"timezone":7200},"cod":"200","message":0.0399616,"cnt":4,"list":[{"dt":1727953200,"sunrise":1727934387,"sunset":1727975785,"temp":{"day":13.04,"min":7.42,"max":14.74,"night":11.02,"eve":12.19,"morn":7.82},"feels_like":{"day":11.97,"night":10.06,"eve":11.06,"morn":4.99},"pressure":1020,"humidity":60,"weather":[{"id":801,"main":"Clouds","description":"few clouds","icon":"02d"}],"speed":6.13,"deg":47,"gust":11.96,"clouds":15,"pop":0},{"dt":1728039600,"sunrise":1728020883,"sunset":1728062051,"temp":{"day":13.66,"min":6.46,"max":15.46,"night":8.82,"eve":12.22,"morn":6.77},"feels_like":{"day":12.62,"night":7.23,"eve":11.19,"morn":4.86},"pressure":1021,"humidity":59,"weather":[{"id":800,"main":"Clear","description":"sky is clear","icon":"01d"}],"speed":3.82,"deg":59,"gust":8.48,"clouds":0,"pop":0},{"dt":1728126000,"sunrise":1728107379,"sunset":1728148318,"temp":{"day":14.51,"min":6.79,"max":15.93,"night":9.78,"eve":12.46,"morn":6.79},"feels_like":{"day":13.48,"night":8.11,"eve":11.41,"morn":5.73},"pressure":1020,"humidity":56,"weather":[{"id":804,"main":"Clouds","description":"overcast clouds","icon":"04d"}],"speed":3.75,"deg":124,"gust":8.13,"clouds":87,"pop":0},{"dt":1728212400,"sunrise":1728193875,"sunset":1728234585,"temp":{"day":12.09,"min":9.42,"max":13.31,"night":11.92,"eve":11.78,"morn":10.26},"feels_like":{"day":11.13,"night":11.62,"eve":11.36,"morn":9.14},"pressure":1009,"humidity":68,"weather":[{"id":501,"main":"Rain","description":"moderate rain","icon":"10d"}],"speed":5.8,"deg":194,"gust":12.49,"clouds":100,"pop":1,"rain":4.13}]}
--- ENF OF RECEIVED DATA ---

{"city":{"id":2800866,"name":"Brussels","coord":{"lon":4.3488,"lat":50.8504},"country":"BE","population":1019022,"timezone":7200},"cod":"200","message":0.0399616,"cnt":4,"list":[{"dt":1727953200,"sunrise":1727934387,"sunset":1727975785,"temp":{"day":13.04,"min":7.42,"max":14.74,"night":11.02,"eve":12.19,"morn":7.82},"feels_like":{"day":11.97,"night":10.06,"eve":11.06,"morn":4.99},"pressure":1020,"humidity":60,"weather":[{"id":801,"main":"Clouds","description":"few clouds","icon":"02d"}],"speed":6.13,"deg":47,"gust":11.96,"clouds":15,"pop":0},{"dt":1728039600,"sunrise":1728020883,"sunset":1728062051,"temp":{"day":13.66,"min":6.46,"max":15.46,"night":8.82,"eve":12.22,"morn":6.77},"feels_like":{"day":12.62,"night":7.23,"eve":11.19,"morn":4.86},"pressure":1021,"humidity":59,"weather":[{"id":800,"main":"Clear","description":"sky is clear","icon":"01d"}],"speed":3.82,"deg":59,"gust":8.48,"clouds":0,"pop":0},{"dt":1728126000,"sunrise":1728107379,"sunset":1728148318,"temp":{"day":14.51,"min":6.79,"max":15.93,"night":9.78,"eve":12.46,"morn":6.79},"feels_like":{"day":13.48,"night":8.11,"eve":11.41,"morn":5.73},"pressure":1020,"humidity":56,"weather":[{"id":804,"main":"Clouds","description":"overcast clouds","icon":"04d"}],"speed":3.75,"deg":124,"gust":8.13,"clouds":87,"pop":0},{"dt":1728212400,"sunrise":1728193875,"sunset":1728234585,"temp":{"day":12.09,"min":9.42,"max":13.31,"night":11.92,"eve":11.78,"morn":10.26},"feels_like":{"day":11.13,"night":11.62,"eve":11.36,"morn":9.14},"pressure":1009,"humidity":68,"weather":[{"id":501,"main":"Rain","description":"moderate rain","icon":"10d"}],"speed":5.8,"deg":194,"gust":12.49,"clouds":100,"pop":1,"rain":4.13}]}
--- ENF OF RECEIVED DATA ---

