________________________________________________
|             CALL API : START                |
________________________________________________

Informations : 
Called API: meteo - 29 October 2023, 12:20
Method: GETMETEO - Timeout : 300 - Cache : 1
URL CALLED : https://api.openweathermap.org/data/2.5/forecast/daily?q=Brussels,be&units=metric&cnt=4&appid=ea18c0706135505149200c3836f29800
-------------------------
________________________________________________
|             CALL API : START                |
________________________________________________

Informations : 
Called API: meteo - 29 October 2023, 12:20
Method: GETMETEO - Timeout : 300 - Cache : 1
URL CALLED : https://api.openweathermap.org/data/2.5/forecast/daily?q=Brussels,be&units=metric&cnt=4&appid=ea18c0706135505149200c3836f29800
-------------------------
{"city":{"id":2800866,"name":"Brussels","coord":{"lon":4.3488,"lat":50.8504},"country":"BE","population":1019022,"timezone":3600},"cod":"200","message":0.0613021,"cnt":4,"list":[{"dt":1698577200,"sunrise":1698560901,"sunset":1698596648,"temp":{"day":14.03,"min":11.39,"max":14.47,"night":11.39,"eve":12.41,"morn":12.8},"feels_like":{"day":13.5,"night":10.73,"eve":11.64,"morn":12.17},"pressure":995,"humidity":77,"weather":[{"id":501,"main":"Rain","description":"moderate rain","icon":"10d"}],"speed":11.55,"deg":215,"gust":19.87,"clouds":20,"pop":1,"rain":3.95},{"dt":1698663600,"sunrise":1698647405,"sunset":1698682938,"temp":{"day":13.23,"min":10.31,"max":13.68,"night":11.31,"eve":11.32,"morn":10.71},"feels_like":{"day":12.62,"night":11,"eve":10.94,"morn":10.13},"pressure":1000,"humidity":77,"weather":[{"id":500,"main":"Rain","description":"light rain","icon":"10d"}],"speed":7.39,"deg":207,"gust":15.05,"clouds":95,"pop":0.95,"rain":2.25},{"dt":1698750000,"sunrise":1698733909,"sunset":1698769230,"temp":{"day":11.58,"min":8.09,"max":13.41,"night":11.16,"eve":11.97,"morn":9.51},"feels_like":{"day":11.01,"night":10.79,"eve":11.47,"morn":7.04},"pressure":1003,"humidity":85,"weather":[{"id":501,"main":"Rain","description":"moderate rain","icon":"10d"}],"speed":6.44,"deg":235,"gust":13.29,"clouds":52,"pop":0.98,"rain":2.89},{"dt":1698836400,"sunrise":1698820413,"sunset":1698855523,"temp":{"day":12.54,"min":10.15,"max":13.14,"night":10.15,"eve":10.62,"morn":12.05},"feels_like":{"day":11.96,"night":9.34,"eve":9.77,"morn":11.61},"pressure":1000,"humidity":81,"weather":[{"id":500,"main":"Rain","description":"light rain","icon":"10d"}],"speed":10.29,"deg":200,"gust":19.32,"clouds":100,"pop":1,"rain":2.19}]}
--- ENF OF RECEIVED DATA ---

{"city":{"id":2800866,"name":"Brussels","coord":{"lon":4.3488,"lat":50.8504},"country":"BE","population":1019022,"timezone":3600},"cod":"200","message":0.0613021,"cnt":4,"list":[{"dt":1698577200,"sunrise":1698560901,"sunset":1698596648,"temp":{"day":14.03,"min":11.39,"max":14.47,"night":11.39,"eve":12.41,"morn":12.8},"feels_like":{"day":13.5,"night":10.73,"eve":11.64,"morn":12.17},"pressure":995,"humidity":77,"weather":[{"id":501,"main":"Rain","description":"moderate rain","icon":"10d"}],"speed":11.55,"deg":215,"gust":19.87,"clouds":20,"pop":1,"rain":3.95},{"dt":1698663600,"sunrise":1698647405,"sunset":1698682938,"temp":{"day":13.23,"min":10.31,"max":13.68,"night":11.31,"eve":11.32,"morn":10.71},"feels_like":{"day":12.62,"night":11,"eve":10.94,"morn":10.13},"pressure":1000,"humidity":77,"weather":[{"id":500,"main":"Rain","description":"light rain","icon":"10d"}],"speed":7.39,"deg":207,"gust":15.05,"clouds":95,"pop":0.95,"rain":2.25},{"dt":1698750000,"sunrise":1698733909,"sunset":1698769230,"temp":{"day":11.58,"min":8.09,"max":13.41,"night":11.16,"eve":11.97,"morn":9.51},"feels_like":{"day":11.01,"night":10.79,"eve":11.47,"morn":7.04},"pressure":1003,"humidity":85,"weather":[{"id":501,"main":"Rain","description":"moderate rain","icon":"10d"}],"speed":6.44,"deg":235,"gust":13.29,"clouds":52,"pop":0.98,"rain":2.89},{"dt":1698836400,"sunrise":1698820413,"sunset":1698855523,"temp":{"day":12.54,"min":10.15,"max":13.14,"night":10.15,"eve":10.62,"morn":12.05},"feels_like":{"day":11.96,"night":9.34,"eve":9.77,"morn":11.61},"pressure":1000,"humidity":81,"weather":[{"id":500,"main":"Rain","description":"light rain","icon":"10d"}],"speed":10.29,"deg":200,"gust":19.32,"clouds":100,"pop":1,"rain":2.19}]}
--- ENF OF RECEIVED DATA ---

