________________________________________________
|             CALL API : START                |
________________________________________________

Informations : 
Called API: meteo - 14 August 2023, 07:00
Method: GETMETEO - Timeout : 300 - Cache : 1
URL CALLED : https://api.openweathermap.org/data/2.5/forecast/daily?q=Brussels,be&units=metric&cnt=4&appid=ea18c0706135505149200c3836f29800
-------------------------
________________________________________________
|             CALL API : START                |
________________________________________________

Informations : 
Called API: meteo - 14 August 2023, 07:00
Method: GETMETEO - Timeout : 300 - Cache : 1
URL CALLED : https://api.openweathermap.org/data/2.5/forecast/daily?q=Brussels,be&units=metric&cnt=4&appid=ea18c0706135505149200c3836f29800
-------------------------
{"city":{"id":2800866,"name":"Brussels","coord":{"lon":4.3488,"lat":50.8504},"country":"BE","population":1019022,"timezone":7200},"cod":"200","message":11.7233784,"cnt":4,"list":[{"dt":1692010800,"sunrise":1691987271,"sunset":1692040025,"temp":{"day":24.73,"min":13.47,"max":26.59,"night":19.32,"eve":25.78,"morn":13.47},"feels_like":{"day":24.62,"night":19.34,"eve":25.88,"morn":13.38},"pressure":1014,"humidity":52,"weather":[{"id":803,"main":"Clouds","description":"broken clouds","icon":"04d"}],"speed":4.81,"deg":207,"gust":6.48,"clouds":53,"pop":0},{"dt":1692097200,"sunrise":1692073764,"sunset":1692126311,"temp":{"day":23.88,"min":16.25,"max":24.28,"night":17.18,"eve":21.49,"morn":16.25},"feels_like":{"day":23.84,"night":17.15,"eve":21.47,"morn":15.99},"pressure":1016,"humidity":58,"weather":[{"id":500,"main":"Rain","description":"light rain","icon":"10d"}],"speed":3.78,"deg":273,"gust":4.64,"clouds":87,"pop":0.34,"rain":0.3},{"dt":1692183600,"sunrise":1692160257,"sunset":1692212596,"temp":{"day":23.83,"min":14.84,"max":24.98,"night":18.54,"eve":22.72,"morn":14.94},"feels_like":{"day":23.78,"night":18.64,"eve":22.8,"morn":14.66},"pressure":1020,"humidity":58,"weather":[{"id":804,"main":"Clouds","description":"overcast clouds","icon":"04d"}],"speed":3.85,"deg":50,"gust":7.27,"clouds":88,"pop":0.01},{"dt":1692270000,"sunrise":1692246750,"sunset":1692298879,"temp":{"day":24.64,"min":16.51,"max":26.28,"night":19.12,"eve":23.79,"morn":16.72},"feels_like":{"day":24.75,"night":19.41,"eve":24.05,"morn":16.75},"pressure":1017,"humidity":61,"weather":[{"id":804,"main":"Clouds","description":"overcast clouds","icon":"04d"}],"speed":4.25,"deg":65,"gust":8.47,"clouds":98,"pop":0.34}]}
--- ENF OF RECEIVED DATA ---

{"city":{"id":2800866,"name":"Brussels","coord":{"lon":4.3488,"lat":50.8504},"country":"BE","population":1019022,"timezone":7200},"cod":"200","message":11.7233784,"cnt":4,"list":[{"dt":1692010800,"sunrise":1691987271,"sunset":1692040025,"temp":{"day":24.73,"min":13.47,"max":26.59,"night":19.32,"eve":25.78,"morn":13.47},"feels_like":{"day":24.62,"night":19.34,"eve":25.88,"morn":13.38},"pressure":1014,"humidity":52,"weather":[{"id":803,"main":"Clouds","description":"broken clouds","icon":"04d"}],"speed":4.81,"deg":207,"gust":6.48,"clouds":53,"pop":0},{"dt":1692097200,"sunrise":1692073764,"sunset":1692126311,"temp":{"day":23.88,"min":16.25,"max":24.28,"night":17.18,"eve":21.49,"morn":16.25},"feels_like":{"day":23.84,"night":17.15,"eve":21.47,"morn":15.99},"pressure":1016,"humidity":58,"weather":[{"id":500,"main":"Rain","description":"light rain","icon":"10d"}],"speed":3.78,"deg":273,"gust":4.64,"clouds":87,"pop":0.34,"rain":0.3},{"dt":1692183600,"sunrise":1692160257,"sunset":1692212596,"temp":{"day":23.83,"min":14.84,"max":24.98,"night":18.54,"eve":22.72,"morn":14.94},"feels_like":{"day":23.78,"night":18.64,"eve":22.8,"morn":14.66},"pressure":1020,"humidity":58,"weather":[{"id":804,"main":"Clouds","description":"overcast clouds","icon":"04d"}],"speed":3.85,"deg":50,"gust":7.27,"clouds":88,"pop":0.01},{"dt":1692270000,"sunrise":1692246750,"sunset":1692298879,"temp":{"day":24.64,"min":16.51,"max":26.28,"night":19.12,"eve":23.79,"morn":16.72},"feels_like":{"day":24.75,"night":19.41,"eve":24.05,"morn":16.75},"pressure":1017,"humidity":61,"weather":[{"id":804,"main":"Clouds","description":"overcast clouds","icon":"04d"}],"speed":4.25,"deg":65,"gust":8.47,"clouds":98,"pop":0.34}]}
--- ENF OF RECEIVED DATA ---

