________________________________________________
|             CALL API : START                |
________________________________________________

Informations : 
Called API: meteo - 30 December 2023, 23:40
Method: GETMETEO - Timeout : 300 - Cache : 1
URL CALLED : https://api.openweathermap.org/data/2.5/forecast/daily?q=Brussels,be&units=metric&cnt=4&appid=ea18c0706135505149200c3836f29800
-------------------------
________________________________________________
|             CALL API : START                |
________________________________________________

Informations : 
Called API: meteo - 30 December 2023, 23:40
Method: GETMETEO - Timeout : 300 - Cache : 1
URL CALLED : https://api.openweathermap.org/data/2.5/forecast/daily?q=Brussels,be&units=metric&cnt=4&appid=ea18c0706135505149200c3836f29800
-------------------------
{"city":{"id":2800866,"name":"Brussels","coord":{"lon":4.3488,"lat":50.8504},"country":"BE","population":1019022,"timezone":3600},"cod":"200","message":0.0703528,"cnt":4,"list":[{"dt":1703934000,"sunrise":1703922305,"sunset":1703951067,"temp":{"day":9.26,"min":7.86,"max":10.05,"night":9.2,"eve":10.02,"morn":8.25},"feels_like":{"day":6.22,"night":5.52,"eve":9.14,"morn":4.72},"pressure":1014,"humidity":80,"weather":[{"id":500,"main":"Rain","description":"light rain","icon":"10d"}],"speed":8.43,"deg":184,"gust":16.08,"clouds":91,"pop":0.4,"rain":0.12},{"dt":1704020400,"sunrise":1704008707,"sunset":1704037522,"temp":{"day":8.58,"min":7.58,"max":9.37,"night":7.58,"eve":7.64,"morn":9.31},"feels_like":{"day":4.59,"night":2.77,"eve":2.89,"morn":5.57},"pressure":999,"humidity":74,"weather":[{"id":501,"main":"Rain","description":"moderate rain","icon":"10d"}],"speed":11.56,"deg":216,"gust":20.45,"clouds":100,"pop":0.98,"rain":4.09},{"dt":1704106800,"sunrise":1704095105,"sunset":1704123979,"temp":{"day":7.55,"min":6.99,"max":8.42,"night":8.42,"eve":7.64,"morn":7.52},"feels_like":{"day":3.35,"night":4.28,"eve":4.64,"morn":2.9},"pressure":1009,"humidity":79,"weather":[{"id":501,"main":"Rain","description":"moderate rain","icon":"10d"}],"speed":10.73,"deg":225,"gust":18.3,"clouds":100,"pop":1,"rain":4.82},{"dt":1704193200,"sunrise":1704181500,"sunset":1704210439,"temp":{"day":11.04,"min":8.71,"max":11.28,"night":10.71,"eve":11.14,"morn":10.18},"feels_like":{"day":10.52,"night":9.82,"eve":10.35,"morn":9.58},"pressure":997,"humidity":89,"weather":[{"id":501,"main":"Rain","description":"moderate rain","icon":"10d"}],"speed":13.49,"deg":203,"gust":25.12,"clouds":100,"pop":1,"rain":15.5}]}
--- ENF OF RECEIVED DATA ---

{"city":{"id":2800866,"name":"Brussels","coord":{"lon":4.3488,"lat":50.8504},"country":"BE","population":1019022,"timezone":3600},"cod":"200","message":0.0703528,"cnt":4,"list":[{"dt":1703934000,"sunrise":1703922305,"sunset":1703951067,"temp":{"day":9.26,"min":7.86,"max":10.05,"night":9.2,"eve":10.02,"morn":8.25},"feels_like":{"day":6.22,"night":5.52,"eve":9.14,"morn":4.72},"pressure":1014,"humidity":80,"weather":[{"id":500,"main":"Rain","description":"light rain","icon":"10d"}],"speed":8.43,"deg":184,"gust":16.08,"clouds":91,"pop":0.4,"rain":0.12},{"dt":1704020400,"sunrise":1704008707,"sunset":1704037522,"temp":{"day":8.58,"min":7.58,"max":9.37,"night":7.58,"eve":7.64,"morn":9.31},"feels_like":{"day":4.59,"night":2.77,"eve":2.89,"morn":5.57},"pressure":999,"humidity":74,"weather":[{"id":501,"main":"Rain","description":"moderate rain","icon":"10d"}],"speed":11.56,"deg":216,"gust":20.45,"clouds":100,"pop":0.98,"rain":4.09},{"dt":1704106800,"sunrise":1704095105,"sunset":1704123979,"temp":{"day":7.55,"min":6.99,"max":8.42,"night":8.42,"eve":7.64,"morn":7.52},"feels_like":{"day":3.35,"night":4.28,"eve":4.64,"morn":2.9},"pressure":1009,"humidity":79,"weather":[{"id":501,"main":"Rain","description":"moderate rain","icon":"10d"}],"speed":10.73,"deg":225,"gust":18.3,"clouds":100,"pop":1,"rain":4.82},{"dt":1704193200,"sunrise":1704181500,"sunset":1704210439,"temp":{"day":11.04,"min":8.71,"max":11.28,"night":10.71,"eve":11.14,"morn":10.18},"feels_like":{"day":10.52,"night":9.82,"eve":10.35,"morn":9.58},"pressure":997,"humidity":89,"weather":[{"id":501,"main":"Rain","description":"moderate rain","icon":"10d"}],"speed":13.49,"deg":203,"gust":25.12,"clouds":100,"pop":1,"rain":15.5}]}
--- ENF OF RECEIVED DATA ---

