________________________________________________
|             CALL API : START                |
________________________________________________

Informations : 
Called API: meteo - 14 December 2023, 15:50
Method: GETMETEO - Timeout : 300 - Cache : 1
URL CALLED : https://api.openweathermap.org/data/2.5/forecast/daily?q=Brussels,be&units=metric&cnt=4&appid=ea18c0706135505149200c3836f29800
-------------------------
________________________________________________
|             CALL API : START                |
________________________________________________

Informations : 
Called API: meteo - 14 December 2023, 15:50
Method: GETMETEO - Timeout : 300 - Cache : 1
URL CALLED : https://api.openweathermap.org/data/2.5/forecast/daily?q=Brussels,be&units=metric&cnt=4&appid=ea18c0706135505149200c3836f29800
-------------------------
{"city":{"id":2800866,"name":"Brussels","coord":{"lon":4.3488,"lat":50.8504},"country":"BE","population":1019022,"timezone":3600},"cod":"200","message":0.0507241,"cnt":4,"list":[{"dt":1702551600,"sunrise":1702539449,"sunset":1702568209,"temp":{"day":6.84,"min":5.14,"max":7.56,"night":6.03,"eve":6.5,"morn":6.24},"feels_like":{"day":5.44,"night":3.55,"eve":4.58,"morn":3.68},"pressure":1020,"humidity":80,"weather":[{"id":500,"main":"Rain","description":"light rain","icon":"10d"}],"speed":4.48,"deg":349,"gust":7.78,"clouds":94,"pop":0.54,"rain":0.27},{"dt":1702638000,"sunrise":1702625900,"sunset":1702654613,"temp":{"day":7.86,"min":4.66,"max":8.71,"night":4.66,"eve":5.73,"morn":6.97},"feels_like":{"day":6.25,"night":2.13,"eve":3.82,"morn":5.05},"pressure":1036,"humidity":85,"weather":[{"id":803,"main":"Clouds","description":"broken clouds","icon":"04d"}],"speed":3.7,"deg":228,"gust":8.36,"clouds":51,"pop":0.15},{"dt":1702724400,"sunrise":1702712349,"sunset":1702741021,"temp":{"day":7.2,"min":3.82,"max":8.35,"night":5.15,"eve":5.87,"morn":3.92},"feels_like":{"day":4.54,"night":2.33,"eve":3.45,"morn":1},"pressure":1042,"humidity":83,"weather":[{"id":802,"main":"Clouds","description":"scattered clouds","icon":"03d"}],"speed":4.14,"deg":234,"gust":8,"clouds":44,"pop":0},{"dt":1702810800,"sunrise":1702798794,"sunset":1702827432,"temp":{"day":7.87,"min":4.11,"max":7.87,"night":4.52,"eve":5.31,"morn":4.11},"feels_like":{"day":4.55,"night":0.44,"eve":1.43,"morn":0.9},"pressure":1036,"humidity":72,"weather":[{"id":800,"main":"Clear","description":"sky is clear","icon":"01d"}],"speed":5.96,"deg":219,"gust":13.57,"clouds":4,"pop":0}]}
--- ENF OF RECEIVED DATA ---

{"city":{"id":2800866,"name":"Brussels","coord":{"lon":4.3488,"lat":50.8504},"country":"BE","population":1019022,"timezone":3600},"cod":"200","message":0.0507241,"cnt":4,"list":[{"dt":1702551600,"sunrise":1702539449,"sunset":1702568209,"temp":{"day":6.84,"min":5.14,"max":7.56,"night":6.03,"eve":6.5,"morn":6.24},"feels_like":{"day":5.44,"night":3.55,"eve":4.58,"morn":3.68},"pressure":1020,"humidity":80,"weather":[{"id":500,"main":"Rain","description":"light rain","icon":"10d"}],"speed":4.48,"deg":349,"gust":7.78,"clouds":94,"pop":0.54,"rain":0.27},{"dt":1702638000,"sunrise":1702625900,"sunset":1702654613,"temp":{"day":7.86,"min":4.66,"max":8.71,"night":4.66,"eve":5.73,"morn":6.97},"feels_like":{"day":6.25,"night":2.13,"eve":3.82,"morn":5.05},"pressure":1036,"humidity":85,"weather":[{"id":803,"main":"Clouds","description":"broken clouds","icon":"04d"}],"speed":3.7,"deg":228,"gust":8.36,"clouds":51,"pop":0.15},{"dt":1702724400,"sunrise":1702712349,"sunset":1702741021,"temp":{"day":7.2,"min":3.82,"max":8.35,"night":5.15,"eve":5.87,"morn":3.92},"feels_like":{"day":4.54,"night":2.33,"eve":3.45,"morn":1},"pressure":1042,"humidity":83,"weather":[{"id":802,"main":"Clouds","description":"scattered clouds","icon":"03d"}],"speed":4.14,"deg":234,"gust":8,"clouds":44,"pop":0},{"dt":1702810800,"sunrise":1702798794,"sunset":1702827432,"temp":{"day":7.87,"min":4.11,"max":7.87,"night":4.52,"eve":5.31,"morn":4.11},"feels_like":{"day":4.55,"night":0.44,"eve":1.43,"morn":0.9},"pressure":1036,"humidity":72,"weather":[{"id":800,"main":"Clear","description":"sky is clear","icon":"01d"}],"speed":5.96,"deg":219,"gust":13.57,"clouds":4,"pop":0}]}
--- ENF OF RECEIVED DATA ---

