________________________________________________
|             CALL API : START                |
________________________________________________

Informations : 
Called API: meteo - 10 November 2023, 23:50
Method: GETMETEO - Timeout : 300 - Cache : 1
URL CALLED : https://api.openweathermap.org/data/2.5/forecast/daily?q=Brussels,be&units=metric&cnt=4&appid=ea18c0706135505149200c3836f29800
-------------------------
________________________________________________
|             CALL API : START                |
________________________________________________

Informations : 
Called API: meteo - 10 November 2023, 23:50
Method: GETMETEO - Timeout : 300 - Cache : 1
URL CALLED : https://api.openweathermap.org/data/2.5/forecast/daily?q=Brussels,be&units=metric&cnt=4&appid=ea18c0706135505149200c3836f29800
-------------------------
{"city":{"id":2800866,"name":"Brussels","coord":{"lon":4.3488,"lat":50.8504},"country":"BE","population":1019022,"timezone":3600},"cod":"200","message":0.0407067,"cnt":4,"list":[{"dt":1699614000,"sunrise":1699598948,"sunset":1699632236,"temp":{"day":7.93,"min":7.15,"max":9.15,"night":7.33,"eve":8.7,"morn":7.69},"feels_like":{"day":4.08,"night":4.21,"eve":6.07,"morn":3.85},"pressure":996,"humidity":90,"weather":[{"id":501,"main":"Rain","description":"moderate rain","icon":"10d"}],"speed":9,"deg":201,"gust":15.3,"clouds":100,"pop":1,"rain":25.14},{"dt":1699700400,"sunrise":1699685451,"sunset":1699718546,"temp":{"day":8.98,"min":4.99,"max":9.96,"night":5.28,"eve":6.55,"morn":5.19},"feels_like":{"day":6.19,"night":3.1,"eve":4.85,"morn":1.52},"pressure":1007,"humidity":81,"weather":[{"id":500,"main":"Rain","description":"light rain","icon":"10d"}],"speed":6.35,"deg":279,"gust":13.15,"clouds":43,"pop":0.83,"rain":0.8},{"dt":1699786800,"sunrise":1699771953,"sunset":1699804859,"temp":{"day":8.82,"min":5.08,"max":9.21,"night":7.32,"eve":7.23,"morn":5.88},"feels_like":{"day":7.14,"night":6.24,"eve":4.81,"morn":4.06},"pressure":1006,"humidity":76,"weather":[{"id":500,"main":"Rain","description":"light rain","icon":"10d"}],"speed":3.67,"deg":154,"gust":7.2,"clouds":100,"pop":0.58,"rain":0.63},{"dt":1699873200,"sunrise":1699858456,"sunset":1699891173,"temp":{"day":14.34,"min":7.56,"max":14.34,"night":10.76,"eve":11.25,"morn":9.49},"feels_like":{"day":14.21,"night":10.06,"eve":10.57,"morn":7.04},"pressure":997,"humidity":91,"weather":[{"id":501,"main":"Rain","description":"moderate rain","icon":"10d"}],"speed":11.59,"deg":260,"gust":20.23,"clouds":100,"pop":1,"rain":11.04}]}
--- ENF OF RECEIVED DATA ---

{"city":{"id":2800866,"name":"Brussels","coord":{"lon":4.3488,"lat":50.8504},"country":"BE","population":1019022,"timezone":3600},"cod":"200","message":0.0407067,"cnt":4,"list":[{"dt":1699614000,"sunrise":1699598948,"sunset":1699632236,"temp":{"day":7.93,"min":7.15,"max":9.15,"night":7.33,"eve":8.7,"morn":7.69},"feels_like":{"day":4.08,"night":4.21,"eve":6.07,"morn":3.85},"pressure":996,"humidity":90,"weather":[{"id":501,"main":"Rain","description":"moderate rain","icon":"10d"}],"speed":9,"deg":201,"gust":15.3,"clouds":100,"pop":1,"rain":25.14},{"dt":1699700400,"sunrise":1699685451,"sunset":1699718546,"temp":{"day":8.98,"min":4.99,"max":9.96,"night":5.28,"eve":6.55,"morn":5.19},"feels_like":{"day":6.19,"night":3.1,"eve":4.85,"morn":1.52},"pressure":1007,"humidity":81,"weather":[{"id":500,"main":"Rain","description":"light rain","icon":"10d"}],"speed":6.35,"deg":279,"gust":13.15,"clouds":43,"pop":0.83,"rain":0.8},{"dt":1699786800,"sunrise":1699771953,"sunset":1699804859,"temp":{"day":8.82,"min":5.08,"max":9.21,"night":7.32,"eve":7.23,"morn":5.88},"feels_like":{"day":7.14,"night":6.24,"eve":4.81,"morn":4.06},"pressure":1006,"humidity":76,"weather":[{"id":500,"main":"Rain","description":"light rain","icon":"10d"}],"speed":3.67,"deg":154,"gust":7.2,"clouds":100,"pop":0.58,"rain":0.63},{"dt":1699873200,"sunrise":1699858456,"sunset":1699891173,"temp":{"day":14.34,"min":7.56,"max":14.34,"night":10.76,"eve":11.25,"morn":9.49},"feels_like":{"day":14.21,"night":10.06,"eve":10.57,"morn":7.04},"pressure":997,"humidity":91,"weather":[{"id":501,"main":"Rain","description":"moderate rain","icon":"10d"}],"speed":11.59,"deg":260,"gust":20.23,"clouds":100,"pop":1,"rain":11.04}]}
--- ENF OF RECEIVED DATA ---

