________________________________________________
|             CALL API : START                |
________________________________________________

Informations : 
Called API: meteo - 31 May 2024, 01:10
Method: GETMETEO - Timeout : 300 - Cache : 1
URL CALLED : https://api.openweathermap.org/data/2.5/forecast/daily?q=Brussels,be&units=metric&cnt=4&appid=ea18c0706135505149200c3836f29800
-------------------------
________________________________________________
|             CALL API : START                |
________________________________________________

Informations : 
Called API: meteo - 31 May 2024, 01:10
Method: GETMETEO - Timeout : 300 - Cache : 1
URL CALLED : https://api.openweathermap.org/data/2.5/forecast/daily?q=Brussels,be&units=metric&cnt=4&appid=ea18c0706135505149200c3836f29800
-------------------------
{"city":{"id":2800866,"name":"Brussels","coord":{"lon":4.3488,"lat":50.8504},"country":"BE","population":1019022,"timezone":7200},"cod":"200","message":4.2706655,"cnt":4,"list":[{"dt":1717153200,"sunrise":1717126504,"sunset":1717184757,"temp":{"day":14.68,"min":11.81,"max":17.31,"night":13.01,"eve":16.95,"morn":11.81},"feels_like":{"day":14.32,"night":12.87,"eve":16.82,"morn":11.58},"pressure":1012,"humidity":81,"weather":[{"id":501,"main":"Rain","description":"moderate rain","icon":"10d"}],"speed":4.91,"deg":345,"gust":10.13,"clouds":99,"pop":1,"rain":6.37},{"dt":1717239600,"sunrise":1717212858,"sunset":1717271221,"temp":{"day":13.89,"min":12.63,"max":15.35,"night":12.8,"eve":15.23,"morn":12.8},"feels_like":{"day":13.87,"night":12.43,"eve":15.11,"morn":12.67},"pressure":1018,"humidity":97,"weather":[{"id":500,"main":"Rain","description":"light rain","icon":"10d"}],"speed":6.14,"deg":331,"gust":10.26,"clouds":100,"pop":0.8,"rain":0.36},{"dt":1717326000,"sunrise":1717299215,"sunset":1717357683,"temp":{"day":18.95,"min":10.65,"max":19.4,"night":11.07,"eve":16.42,"morn":11.6},"feels_like":{"day":18.23,"night":10.61,"eve":15.84,"morn":11.3},"pressure":1023,"humidity":51,"weather":[{"id":800,"main":"Clear","description":"sky is clear","icon":"01d"}],"speed":6.21,"deg":337,"gust":10.09,"clouds":7,"pop":0},{"dt":1717412400,"sunrise":1717385574,"sunset":1717444143,"temp":{"day":18.06,"min":9.09,"max":18.06,"night":13.15,"eve":17.68,"morn":12.12},"feels_like":{"day":17.72,"night":12.92,"eve":17.46,"morn":11.61},"pressure":1020,"humidity":69,"weather":[{"id":500,"main":"Rain","description":"light rain","icon":"10d"}],"speed":3.12,"deg":318,"gust":4.38,"clouds":100,"pop":0.27,"rain":0.53}]}
--- ENF OF RECEIVED DATA ---

{"city":{"id":2800866,"name":"Brussels","coord":{"lon":4.3488,"lat":50.8504},"country":"BE","population":1019022,"timezone":7200},"cod":"200","message":4.2706655,"cnt":4,"list":[{"dt":1717153200,"sunrise":1717126504,"sunset":1717184757,"temp":{"day":14.68,"min":11.81,"max":17.31,"night":13.01,"eve":16.95,"morn":11.81},"feels_like":{"day":14.32,"night":12.87,"eve":16.82,"morn":11.58},"pressure":1012,"humidity":81,"weather":[{"id":501,"main":"Rain","description":"moderate rain","icon":"10d"}],"speed":4.91,"deg":345,"gust":10.13,"clouds":99,"pop":1,"rain":6.37},{"dt":1717239600,"sunrise":1717212858,"sunset":1717271221,"temp":{"day":13.89,"min":12.63,"max":15.35,"night":12.8,"eve":15.23,"morn":12.8},"feels_like":{"day":13.87,"night":12.43,"eve":15.11,"morn":12.67},"pressure":1018,"humidity":97,"weather":[{"id":500,"main":"Rain","description":"light rain","icon":"10d"}],"speed":6.14,"deg":331,"gust":10.26,"clouds":100,"pop":0.8,"rain":0.36},{"dt":1717326000,"sunrise":1717299215,"sunset":1717357683,"temp":{"day":18.95,"min":10.65,"max":19.4,"night":11.07,"eve":16.42,"morn":11.6},"feels_like":{"day":18.23,"night":10.61,"eve":15.84,"morn":11.3},"pressure":1023,"humidity":51,"weather":[{"id":800,"main":"Clear","description":"sky is clear","icon":"01d"}],"speed":6.21,"deg":337,"gust":10.09,"clouds":7,"pop":0},{"dt":1717412400,"sunrise":1717385574,"sunset":1717444143,"temp":{"day":18.06,"min":9.09,"max":18.06,"night":13.15,"eve":17.68,"morn":12.12},"feels_like":{"day":17.72,"night":12.92,"eve":17.46,"morn":11.61},"pressure":1020,"humidity":69,"weather":[{"id":500,"main":"Rain","description":"light rain","icon":"10d"}],"speed":3.12,"deg":318,"gust":4.38,"clouds":100,"pop":0.27,"rain":0.53}]}
--- ENF OF RECEIVED DATA ---

