________________________________________________
|             CALL API : START                |
________________________________________________

Informations : 
Called API: meteo - 26 May 2024, 08:50
Method: GETMETEO - Timeout : 300 - Cache : 1
URL CALLED : https://api.openweathermap.org/data/2.5/forecast/daily?q=Brussels,be&units=metric&cnt=4&appid=ea18c0706135505149200c3836f29800
-------------------------
________________________________________________
|             CALL API : START                |
________________________________________________

Informations : 
Called API: meteo - 26 May 2024, 08:50
Method: GETMETEO - Timeout : 300 - Cache : 1
URL CALLED : https://api.openweathermap.org/data/2.5/forecast/daily?q=Brussels,be&units=metric&cnt=4&appid=ea18c0706135505149200c3836f29800
-------------------------
{"city":{"id":2800866,"name":"Brussels","coord":{"lon":4.3488,"lat":50.8504},"country":"BE","population":1019022,"timezone":7200},"cod":"200","message":0.0529734,"cnt":4,"list":[{"dt":1716721200,"sunrise":1716694775,"sunset":1716752408,"temp":{"day":15.4,"min":12.01,"max":19.99,"night":12.56,"eve":17.52,"morn":13.78},"feels_like":{"day":15.16,"night":12.3,"eve":17.39,"morn":13.46},"pressure":1014,"humidity":83,"weather":[{"id":501,"main":"Rain","description":"moderate rain","icon":"10d"}],"speed":6.66,"deg":196,"gust":9.45,"clouds":79,"pop":1,"rain":4.3},{"dt":1716807600,"sunrise":1716781116,"sunset":1716838881,"temp":{"day":16.65,"min":10.09,"max":17.62,"night":10.57,"eve":14.72,"morn":11.7},"feels_like":{"day":15.99,"night":9.93,"eve":14.08,"morn":11.3},"pressure":1018,"humidity":62,"weather":[{"id":804,"main":"Clouds","description":"overcast clouds","icon":"04d"}],"speed":6.43,"deg":261,"gust":8.07,"clouds":100,"pop":0},{"dt":1716894000,"sunrise":1716867459,"sunset":1716925353,"temp":{"day":15.51,"min":7.24,"max":17.75,"night":12.28,"eve":13.3,"morn":8.27},"feels_like":{"day":14.94,"night":12.04,"eve":12.98,"morn":6.09},"pressure":1020,"humidity":70,"weather":[{"id":500,"main":"Rain","description":"light rain","icon":"10d"}],"speed":7.28,"deg":222,"gust":11.21,"clouds":40,"pop":1,"rain":1.45},{"dt":1716980400,"sunrise":1716953805,"sunset":1717011823,"temp":{"day":16.46,"min":11.04,"max":17.22,"night":11.04,"eve":15.32,"morn":12.92},"feels_like":{"day":16.43,"night":10.55,"eve":14.92,"morn":12.75},"pressure":1011,"humidity":87,"weather":[{"id":501,"main":"Rain","description":"moderate rain","icon":"10d"}],"speed":7.46,"deg":220,"gust":12.13,"clouds":98,"pop":1,"rain":8.49}]}
--- ENF OF RECEIVED DATA ---

{"city":{"id":2800866,"name":"Brussels","coord":{"lon":4.3488,"lat":50.8504},"country":"BE","population":1019022,"timezone":7200},"cod":"200","message":0.0529734,"cnt":4,"list":[{"dt":1716721200,"sunrise":1716694775,"sunset":1716752408,"temp":{"day":15.4,"min":12.01,"max":19.99,"night":12.56,"eve":17.52,"morn":13.78},"feels_like":{"day":15.16,"night":12.3,"eve":17.39,"morn":13.46},"pressure":1014,"humidity":83,"weather":[{"id":501,"main":"Rain","description":"moderate rain","icon":"10d"}],"speed":6.66,"deg":196,"gust":9.45,"clouds":79,"pop":1,"rain":4.3},{"dt":1716807600,"sunrise":1716781116,"sunset":1716838881,"temp":{"day":16.65,"min":10.09,"max":17.62,"night":10.57,"eve":14.72,"morn":11.7},"feels_like":{"day":15.99,"night":9.93,"eve":14.08,"morn":11.3},"pressure":1018,"humidity":62,"weather":[{"id":804,"main":"Clouds","description":"overcast clouds","icon":"04d"}],"speed":6.43,"deg":261,"gust":8.07,"clouds":100,"pop":0},{"dt":1716894000,"sunrise":1716867459,"sunset":1716925353,"temp":{"day":15.51,"min":7.24,"max":17.75,"night":12.28,"eve":13.3,"morn":8.27},"feels_like":{"day":14.94,"night":12.04,"eve":12.98,"morn":6.09},"pressure":1020,"humidity":70,"weather":[{"id":500,"main":"Rain","description":"light rain","icon":"10d"}],"speed":7.28,"deg":222,"gust":11.21,"clouds":40,"pop":1,"rain":1.45},{"dt":1716980400,"sunrise":1716953805,"sunset":1717011823,"temp":{"day":16.46,"min":11.04,"max":17.22,"night":11.04,"eve":15.32,"morn":12.92},"feels_like":{"day":16.43,"night":10.55,"eve":14.92,"morn":12.75},"pressure":1011,"humidity":87,"weather":[{"id":501,"main":"Rain","description":"moderate rain","icon":"10d"}],"speed":7.46,"deg":220,"gust":12.13,"clouds":98,"pop":1,"rain":8.49}]}
--- ENF OF RECEIVED DATA ---

