________________________________________________
|             CALL API : START                |
________________________________________________

Informations : 
Called API: meteo - 10 May 2023, 12:20
Method: GETMETEO - Timeout : 300 - Cache : 1
URL CALLED : https://api.openweathermap.org/data/2.5/forecast/daily?q=Brussels,be&units=metric&cnt=4&appid=ea18c0706135505149200c3836f29800
-------------------------
________________________________________________
|             CALL API : START                |
________________________________________________

Informations : 
Called API: meteo - 10 May 2023, 12:20
Method: GETMETEO - Timeout : 300 - Cache : 1
URL CALLED : https://api.openweathermap.org/data/2.5/forecast/daily?q=Brussels,be&units=metric&cnt=4&appid=ea18c0706135505149200c3836f29800
-------------------------
{"city":{"id":2800866,"name":"Brussels","coord":{"lon":4.3488,"lat":50.8504},"country":"BE","population":1019022,"timezone":7200},"cod":"200","message":8.2447307,"cnt":4,"list":[{"dt":1683716400,"sunrise":1683691299,"sunset":1683746186,"temp":{"day":12.39,"min":9.72,"max":12.69,"night":10.59,"eve":12.38,"morn":10.82},"feels_like":{"day":12.11,"night":10.05,"eve":12.05,"morn":10.49},"pressure":1013,"humidity":93,"weather":[{"id":501,"main":"Rain","description":"moderate rain","icon":"10d"}],"speed":4.68,"deg":244,"gust":9.28,"clouds":80,"pop":0.99,"rain":10.38},{"dt":1683802800,"sunrise":1683777605,"sunset":1683832678,"temp":{"day":14.43,"min":7.41,"max":15.57,"night":11.14,"eve":13.96,"morn":7.93},"feels_like":{"day":13.97,"night":10.79,"eve":13.63,"morn":6.21},"pressure":1015,"humidity":78,"weather":[{"id":500,"main":"Rain","description":"light rain","icon":"10d"}],"speed":3.06,"deg":233,"gust":5.77,"clouds":87,"pop":0.96,"rain":3.03},{"dt":1683889200,"sunrise":1683863912,"sunset":1683919170,"temp":{"day":14.75,"min":10.59,"max":16.63,"night":12.03,"eve":16.32,"morn":10.59},"feels_like":{"day":14.4,"night":11.59,"eve":15.89,"morn":10.26},"pressure":1016,"humidity":81,"weather":[{"id":501,"main":"Rain","description":"moderate rain","icon":"10d"}],"speed":5.97,"deg":84,"gust":8.88,"clouds":100,"pop":1,"rain":10.32},{"dt":1683975600,"sunrise":1683950220,"sunset":1684005661,"temp":{"day":15.66,"min":9.43,"max":17.68,"night":12.13,"eve":15.42,"morn":11.59},"feels_like":{"day":15.11,"night":11.75,"eve":15.13,"morn":11.15},"pressure":1019,"humidity":70,"weather":[{"id":500,"main":"Rain","description":"light rain","icon":"10d"}],"speed":4.84,"deg":70,"gust":7.15,"clouds":84,"pop":1,"rain":1.47}]}
--- ENF OF RECEIVED DATA ---

{"city":{"id":2800866,"name":"Brussels","coord":{"lon":4.3488,"lat":50.8504},"country":"BE","population":1019022,"timezone":7200},"cod":"200","message":8.2447307,"cnt":4,"list":[{"dt":1683716400,"sunrise":1683691299,"sunset":1683746186,"temp":{"day":12.39,"min":9.72,"max":12.69,"night":10.59,"eve":12.38,"morn":10.82},"feels_like":{"day":12.11,"night":10.05,"eve":12.05,"morn":10.49},"pressure":1013,"humidity":93,"weather":[{"id":501,"main":"Rain","description":"moderate rain","icon":"10d"}],"speed":4.68,"deg":244,"gust":9.28,"clouds":80,"pop":0.99,"rain":10.38},{"dt":1683802800,"sunrise":1683777605,"sunset":1683832678,"temp":{"day":14.43,"min":7.41,"max":15.57,"night":11.14,"eve":13.96,"morn":7.93},"feels_like":{"day":13.97,"night":10.79,"eve":13.63,"morn":6.21},"pressure":1015,"humidity":78,"weather":[{"id":500,"main":"Rain","description":"light rain","icon":"10d"}],"speed":3.06,"deg":233,"gust":5.77,"clouds":87,"pop":0.96,"rain":3.03},{"dt":1683889200,"sunrise":1683863912,"sunset":1683919170,"temp":{"day":14.75,"min":10.59,"max":16.63,"night":12.03,"eve":16.32,"morn":10.59},"feels_like":{"day":14.4,"night":11.59,"eve":15.89,"morn":10.26},"pressure":1016,"humidity":81,"weather":[{"id":501,"main":"Rain","description":"moderate rain","icon":"10d"}],"speed":5.97,"deg":84,"gust":8.88,"clouds":100,"pop":1,"rain":10.32},{"dt":1683975600,"sunrise":1683950220,"sunset":1684005661,"temp":{"day":15.66,"min":9.43,"max":17.68,"night":12.13,"eve":15.42,"morn":11.59},"feels_like":{"day":15.11,"night":11.75,"eve":15.13,"morn":11.15},"pressure":1019,"humidity":70,"weather":[{"id":500,"main":"Rain","description":"light rain","icon":"10d"}],"speed":4.84,"deg":70,"gust":7.15,"clouds":84,"pop":1,"rain":1.47}]}
--- ENF OF RECEIVED DATA ---

