________________________________________________
|             CALL API : START                |
________________________________________________

Informations : 
Called API: meteo - 20 June 2023, 00:20
Method: GETMETEO - Timeout : 300 - Cache : 1
URL CALLED : https://api.openweathermap.org/data/2.5/forecast/daily?q=Brussels,be&units=metric&cnt=4&appid=ea18c0706135505149200c3836f29800
-------------------------
________________________________________________
|             CALL API : START                |
________________________________________________

Informations : 
Called API: meteo - 20 June 2023, 00:20
Method: GETMETEO - Timeout : 300 - Cache : 1
URL CALLED : https://api.openweathermap.org/data/2.5/forecast/daily?q=Brussels,be&units=metric&cnt=4&appid=ea18c0706135505149200c3836f29800
-------------------------
{"city":{"id":2800866,"name":"Brussels","coord":{"lon":4.3488,"lat":50.8504},"country":"BE","population":1019022,"timezone":7200},"cod":"200","message":6.9012502,"cnt":4,"list":[{"dt":1687258800,"sunrise":1687231714,"sunset":1687291174,"temp":{"day":27.14,"min":16.82,"max":27.18,"night":18.79,"eve":20.61,"morn":18.03},"feels_like":{"day":27.75,"night":19.13,"eve":20.84,"morn":18.26},"pressure":1011,"humidity":53,"weather":[{"id":500,"main":"Rain","description":"light rain","icon":"10d"}],"speed":5.89,"deg":214,"gust":10.28,"clouds":82,"pop":0.7,"rain":0.93},{"dt":1687345200,"sunrise":1687318123,"sunset":1687377589,"temp":{"day":25.87,"min":16.68,"max":27.31,"night":18.72,"eve":25.64,"morn":17.77},"feels_like":{"day":25.84,"night":18.11,"eve":25.49,"morn":17.95},"pressure":1017,"humidity":51,"weather":[{"id":803,"main":"Clouds","description":"broken clouds","icon":"04d"}],"speed":4.2,"deg":10,"gust":7.44,"clouds":62,"pop":0.41},{"dt":1687431600,"sunrise":1687404536,"sunset":1687464001,"temp":{"day":18.23,"min":16.23,"max":20.04,"night":16.72,"eve":20.04,"morn":16.57},"feels_like":{"day":18.64,"night":16.82,"eve":20.32,"morn":16.68},"pressure":1014,"humidity":97,"weather":[{"id":502,"main":"Rain","description":"heavy intensity rain","icon":"10d"}],"speed":5.81,"deg":351,"gust":10.42,"clouds":100,"pop":1,"rain":31.37},{"dt":1687518000,"sunrise":1687490951,"sunset":1687550411,"temp":{"day":23.82,"min":13.58,"max":23.82,"night":16.48,"eve":20.62,"morn":16.43},"feels_like":{"day":23.59,"night":16.56,"eve":20.72,"morn":16.27},"pressure":1024,"humidity":51,"weather":[{"id":500,"main":"Rain","description":"light rain","icon":"10d"}],"speed":3.62,"deg":268,"gust":5.76,"clouds":68,"pop":0.96,"rain":2.27}]}
--- ENF OF RECEIVED DATA ---

{"city":{"id":2800866,"name":"Brussels","coord":{"lon":4.3488,"lat":50.8504},"country":"BE","population":1019022,"timezone":7200},"cod":"200","message":6.9012502,"cnt":4,"list":[{"dt":1687258800,"sunrise":1687231714,"sunset":1687291174,"temp":{"day":27.14,"min":16.82,"max":27.18,"night":18.79,"eve":20.61,"morn":18.03},"feels_like":{"day":27.75,"night":19.13,"eve":20.84,"morn":18.26},"pressure":1011,"humidity":53,"weather":[{"id":500,"main":"Rain","description":"light rain","icon":"10d"}],"speed":5.89,"deg":214,"gust":10.28,"clouds":82,"pop":0.7,"rain":0.93},{"dt":1687345200,"sunrise":1687318123,"sunset":1687377589,"temp":{"day":25.87,"min":16.68,"max":27.31,"night":18.72,"eve":25.64,"morn":17.77},"feels_like":{"day":25.84,"night":18.11,"eve":25.49,"morn":17.95},"pressure":1017,"humidity":51,"weather":[{"id":803,"main":"Clouds","description":"broken clouds","icon":"04d"}],"speed":4.2,"deg":10,"gust":7.44,"clouds":62,"pop":0.41},{"dt":1687431600,"sunrise":1687404536,"sunset":1687464001,"temp":{"day":18.23,"min":16.23,"max":20.04,"night":16.72,"eve":20.04,"morn":16.57},"feels_like":{"day":18.64,"night":16.82,"eve":20.32,"morn":16.68},"pressure":1014,"humidity":97,"weather":[{"id":502,"main":"Rain","description":"heavy intensity rain","icon":"10d"}],"speed":5.81,"deg":351,"gust":10.42,"clouds":100,"pop":1,"rain":31.37},{"dt":1687518000,"sunrise":1687490951,"sunset":1687550411,"temp":{"day":23.82,"min":13.58,"max":23.82,"night":16.48,"eve":20.62,"morn":16.43},"feels_like":{"day":23.59,"night":16.56,"eve":20.72,"morn":16.27},"pressure":1024,"humidity":51,"weather":[{"id":500,"main":"Rain","description":"light rain","icon":"10d"}],"speed":3.62,"deg":268,"gust":5.76,"clouds":68,"pop":0.96,"rain":2.27}]}
--- ENF OF RECEIVED DATA ---

