________________________________________________
|             CALL API : START                |
________________________________________________

Informations : 
Called API: meteo - 11 September 2023, 03:50
Method: GETMETEO - Timeout : 300 - Cache : 1
URL CALLED : https://api.openweathermap.org/data/2.5/forecast/daily?q=Brussels,be&units=metric&cnt=4&appid=ea18c0706135505149200c3836f29800
-------------------------
________________________________________________
|             CALL API : START                |
________________________________________________

Informations : 
Called API: meteo - 11 September 2023, 03:50
Method: GETMETEO - Timeout : 300 - Cache : 1
URL CALLED : https://api.openweathermap.org/data/2.5/forecast/daily?q=Brussels,be&units=metric&cnt=4&appid=ea18c0706135505149200c3836f29800
-------------------------
{"city":{"id":2800866,"name":"Brussels","coord":{"lon":4.3488,"lat":50.8504},"country":"BE","population":1019022,"timezone":7200},"cod":"200","message":0.0741466,"cnt":4,"list":[{"dt":1694430000,"sunrise":1694409070,"sunset":1694455678,"temp":{"day":26.98,"min":18.46,"max":28.4,"night":18.46,"eve":24.99,"morn":19.58},"feels_like":{"day":27.58,"night":18.71,"eve":25.22,"morn":19.53},"pressure":1014,"humidity":53,"weather":[{"id":501,"main":"Rain","description":"moderate rain","icon":"10d"}],"speed":3.4,"deg":335,"gust":6.34,"clouds":30,"pop":0.82,"rain":2.43},{"dt":1694516400,"sunrise":1694495562,"sunset":1694541943,"temp":{"day":23.32,"min":16.83,"max":25.14,"night":17.54,"eve":21.24,"morn":16.83},"feels_like":{"day":23.22,"night":17.8,"eve":21.4,"morn":16.94},"pressure":1014,"humidity":58,"weather":[{"id":501,"main":"Rain","description":"moderate rain","icon":"10d"}],"speed":3.28,"deg":297,"gust":5.35,"clouds":100,"pop":0.72,"rain":4.86},{"dt":1694602800,"sunrise":1694582054,"sunset":1694628207,"temp":{"day":16.75,"min":15.08,"max":19.53,"night":15.08,"eve":18.98,"morn":15.87},"feels_like":{"day":16.57,"night":14.65,"eve":18.63,"morn":16.02},"pressure":1021,"humidity":80,"weather":[{"id":500,"main":"Rain","description":"light rain","icon":"10d"}],"speed":4.76,"deg":60,"gust":7.25,"clouds":100,"pop":0.72,"rain":0.12},{"dt":1694689200,"sunrise":1694668546,"sunset":1694714471,"temp":{"day":22.06,"min":12.65,"max":23.03,"night":16.14,"eve":18.59,"morn":12.65},"feels_like":{"day":21.65,"night":15.74,"eve":18.2,"morn":12.19},"pressure":1021,"humidity":51,"weather":[{"id":800,"main":"Clear","description":"sky is clear","icon":"01d"}],"speed":2.94,"deg":90,"gust":5.03,"clouds":9,"pop":0}]}
--- ENF OF RECEIVED DATA ---

{"city":{"id":2800866,"name":"Brussels","coord":{"lon":4.3488,"lat":50.8504},"country":"BE","population":1019022,"timezone":7200},"cod":"200","message":0.0741466,"cnt":4,"list":[{"dt":1694430000,"sunrise":1694409070,"sunset":1694455678,"temp":{"day":26.98,"min":18.46,"max":28.4,"night":18.46,"eve":24.99,"morn":19.58},"feels_like":{"day":27.58,"night":18.71,"eve":25.22,"morn":19.53},"pressure":1014,"humidity":53,"weather":[{"id":501,"main":"Rain","description":"moderate rain","icon":"10d"}],"speed":3.4,"deg":335,"gust":6.34,"clouds":30,"pop":0.82,"rain":2.43},{"dt":1694516400,"sunrise":1694495562,"sunset":1694541943,"temp":{"day":23.32,"min":16.83,"max":25.14,"night":17.54,"eve":21.24,"morn":16.83},"feels_like":{"day":23.22,"night":17.8,"eve":21.4,"morn":16.94},"pressure":1014,"humidity":58,"weather":[{"id":501,"main":"Rain","description":"moderate rain","icon":"10d"}],"speed":3.28,"deg":297,"gust":5.35,"clouds":100,"pop":0.72,"rain":4.86},{"dt":1694602800,"sunrise":1694582054,"sunset":1694628207,"temp":{"day":16.75,"min":15.08,"max":19.53,"night":15.08,"eve":18.98,"morn":15.87},"feels_like":{"day":16.57,"night":14.65,"eve":18.63,"morn":16.02},"pressure":1021,"humidity":80,"weather":[{"id":500,"main":"Rain","description":"light rain","icon":"10d"}],"speed":4.76,"deg":60,"gust":7.25,"clouds":100,"pop":0.72,"rain":0.12},{"dt":1694689200,"sunrise":1694668546,"sunset":1694714471,"temp":{"day":22.06,"min":12.65,"max":23.03,"night":16.14,"eve":18.59,"morn":12.65},"feels_like":{"day":21.65,"night":15.74,"eve":18.2,"morn":12.19},"pressure":1021,"humidity":51,"weather":[{"id":800,"main":"Clear","description":"sky is clear","icon":"01d"}],"speed":2.94,"deg":90,"gust":5.03,"clouds":9,"pop":0}]}
--- ENF OF RECEIVED DATA ---

