________________________________________________
|             CALL API : START                |
________________________________________________

Informations : 
Called API: meteo - 6 October 2024, 05:30
Method: GETMETEO - Timeout : 300 - Cache : 1
URL CALLED : https://api.openweathermap.org/data/2.5/forecast/daily?q=Brussels,be&units=metric&cnt=4&appid=ea18c0706135505149200c3836f29800
-------------------------
________________________________________________
|             CALL API : START                |
________________________________________________

Informations : 
Called API: meteo - 6 October 2024, 05:30
Method: GETMETEO - Timeout : 300 - Cache : 1
URL CALLED : https://api.openweathermap.org/data/2.5/forecast/daily?q=Brussels,be&units=metric&cnt=4&appid=ea18c0706135505149200c3836f29800
-------------------------
{"city":{"id":2800866,"name":"Brussels","coord":{"lon":4.3488,"lat":50.8504},"country":"BE","population":1019022,"timezone":7200},"cod":"200","message":0.0616868,"cnt":4,"list":[{"dt":1728212400,"sunrise":1728193875,"sunset":1728234585,"temp":{"day":14.13,"min":6.34,"max":14.18,"night":13.66,"eve":12.16,"morn":6.95},"feels_like":{"day":13.22,"night":13.41,"eve":11.6,"morn":4.28},"pressure":1006,"humidity":62,"weather":[{"id":500,"main":"Rain","description":"light rain","icon":"10d"}],"speed":5.6,"deg":183,"gust":12.23,"clouds":100,"pop":0.28,"rain":0.27},{"dt":1728298800,"sunrise":1728280371,"sunset":1728320854,"temp":{"day":17.23,"min":11.09,"max":18.63,"night":15.64,"eve":15.69,"morn":11.66},"feels_like":{"day":16.71,"night":15.69,"eve":15.51,"morn":11.31},"pressure":1004,"humidity":65,"weather":[{"id":500,"main":"Rain","description":"light rain","icon":"10d"}],"speed":6.85,"deg":231,"gust":13.84,"clouds":32,"pop":1,"rain":1.62},{"dt":1728385200,"sunrise":1728366868,"sunset":1728407122,"temp":{"day":16.57,"min":13.78,"max":17.13,"night":14.2,"eve":15.33,"morn":14.62},"feels_like":{"day":16.32,"night":13.79,"eve":14.93,"morn":14.51},"pressure":1000,"humidity":78,"weather":[{"id":500,"main":"Rain","description":"light rain","icon":"10d"}],"speed":7.26,"deg":211,"gust":14.52,"clouds":100,"pop":1,"rain":1.44},{"dt":1728471600,"sunrise":1728453365,"sunset":1728493391,"temp":{"day":14.93,"min":13.4,"max":15.43,"night":14.42,"eve":13.56,"morn":13.4},"feels_like":{"day":14.7,"night":14.48,"eve":13.5,"morn":13.07},"pressure":993,"humidity":85,"weather":[{"id":501,"main":"Rain","description":"moderate rain","icon":"10d"}],"speed":7.83,"deg":199,"gust":14.84,"clouds":99,"pop":1,"rain":19.33}]}
--- ENF OF RECEIVED DATA ---

{"city":{"id":2800866,"name":"Brussels","coord":{"lon":4.3488,"lat":50.8504},"country":"BE","population":1019022,"timezone":7200},"cod":"200","message":0.0616868,"cnt":4,"list":[{"dt":1728212400,"sunrise":1728193875,"sunset":1728234585,"temp":{"day":14.13,"min":6.34,"max":14.18,"night":13.66,"eve":12.16,"morn":6.95},"feels_like":{"day":13.22,"night":13.41,"eve":11.6,"morn":4.28},"pressure":1006,"humidity":62,"weather":[{"id":500,"main":"Rain","description":"light rain","icon":"10d"}],"speed":5.6,"deg":183,"gust":12.23,"clouds":100,"pop":0.28,"rain":0.27},{"dt":1728298800,"sunrise":1728280371,"sunset":1728320854,"temp":{"day":17.23,"min":11.09,"max":18.63,"night":15.64,"eve":15.69,"morn":11.66},"feels_like":{"day":16.71,"night":15.69,"eve":15.51,"morn":11.31},"pressure":1004,"humidity":65,"weather":[{"id":500,"main":"Rain","description":"light rain","icon":"10d"}],"speed":6.85,"deg":231,"gust":13.84,"clouds":32,"pop":1,"rain":1.62},{"dt":1728385200,"sunrise":1728366868,"sunset":1728407122,"temp":{"day":16.57,"min":13.78,"max":17.13,"night":14.2,"eve":15.33,"morn":14.62},"feels_like":{"day":16.32,"night":13.79,"eve":14.93,"morn":14.51},"pressure":1000,"humidity":78,"weather":[{"id":500,"main":"Rain","description":"light rain","icon":"10d"}],"speed":7.26,"deg":211,"gust":14.52,"clouds":100,"pop":1,"rain":1.44},{"dt":1728471600,"sunrise":1728453365,"sunset":1728493391,"temp":{"day":14.93,"min":13.4,"max":15.43,"night":14.42,"eve":13.56,"morn":13.4},"feels_like":{"day":14.7,"night":14.48,"eve":13.5,"morn":13.07},"pressure":993,"humidity":85,"weather":[{"id":501,"main":"Rain","description":"moderate rain","icon":"10d"}],"speed":7.83,"deg":199,"gust":14.84,"clouds":99,"pop":1,"rain":19.33}]}
--- ENF OF RECEIVED DATA ---

