________________________________________________
|             CALL API : START                |
________________________________________________

Informations : 
Called API: meteo - 3 December 2024, 12:20
Method: GETMETEO - Timeout : 300 - Cache : 1
URL CALLED : https://api.openweathermap.org/data/2.5/forecast/daily?q=Brussels,be&units=metric&cnt=4&appid=ea18c0706135505149200c3836f29800
-------------------------
________________________________________________
|             CALL API : START                |
________________________________________________

Informations : 
Called API: meteo - 3 December 2024, 12:20
Method: GETMETEO - Timeout : 300 - Cache : 1
URL CALLED : https://api.openweathermap.org/data/2.5/forecast/daily?q=Brussels,be&units=metric&cnt=4&appid=ea18c0706135505149200c3836f29800
-------------------------
{"city":{"id":2800866,"name":"Brussels","coord":{"lon":4.3488,"lat":50.8504},"country":"BE","population":1019022,"timezone":3600},"cod":"200","message":0.0308064,"cnt":4,"list":[{"dt":1733223600,"sunrise":1733210776,"sunset":1733240351,"temp":{"day":7.36,"min":5.33,"max":7.88,"night":5.54,"eve":5.95,"morn":6.88},"feels_like":{"day":6.2,"night":4.16,"eve":4.41,"morn":4.87},"pressure":1021,"humidity":84,"weather":[{"id":500,"main":"Rain","description":"light rain","icon":"10d"}],"speed":5.67,"deg":239,"gust":11.02,"clouds":20,"pop":0.97,"rain":0.43},{"dt":1733310000,"sunrise":1733297252,"sunset":1733326722,"temp":{"day":5.28,"min":2.57,"max":6.21,"night":4.28,"eve":5.11,"morn":3.38},"feels_like":{"day":2.87,"night":0.68,"eve":1.99,"morn":0.79},"pressure":1028,"humidity":72,"weather":[{"id":804,"main":"Clouds","description":"overcast clouds","icon":"04d"}],"speed":4.53,"deg":198,"gust":10.42,"clouds":92,"pop":0},{"dt":1733396400,"sunrise":1733383726,"sunset":1733413097,"temp":{"day":5.89,"min":3.85,"max":8.14,"night":8.14,"eve":6.31,"morn":4.4},"feels_like":{"day":1.27,"night":3.68,"eve":1.66,"morn":-0.15},"pressure":1021,"humidity":78,"weather":[{"id":501,"main":"Rain","description":"moderate rain","icon":"10d"}],"speed":10.3,"deg":202,"gust":22.04,"clouds":100,"pop":1,"rain":3.4},{"dt":1733482800,"sunrise":1733470198,"sunset":1733499475,"temp":{"day":8.8,"min":6.79,"max":11.69,"night":7.8,"eve":6.79,"morn":8.35},"feels_like":{"day":6.48,"night":4.05,"eve":3.91,"morn":4.77},"pressure":1018,"humidity":74,"weather":[{"id":501,"main":"Rain","description":"moderate rain","icon":"10d"}],"speed":12.49,"deg":222,"gust":24.23,"clouds":87,"pop":1,"rain":2.98}]}
--- ENF OF RECEIVED DATA ---

{"city":{"id":2800866,"name":"Brussels","coord":{"lon":4.3488,"lat":50.8504},"country":"BE","population":1019022,"timezone":3600},"cod":"200","message":0.0308064,"cnt":4,"list":[{"dt":1733223600,"sunrise":1733210776,"sunset":1733240351,"temp":{"day":7.36,"min":5.33,"max":7.88,"night":5.54,"eve":5.95,"morn":6.88},"feels_like":{"day":6.2,"night":4.16,"eve":4.41,"morn":4.87},"pressure":1021,"humidity":84,"weather":[{"id":500,"main":"Rain","description":"light rain","icon":"10d"}],"speed":5.67,"deg":239,"gust":11.02,"clouds":20,"pop":0.97,"rain":0.43},{"dt":1733310000,"sunrise":1733297252,"sunset":1733326722,"temp":{"day":5.28,"min":2.57,"max":6.21,"night":4.28,"eve":5.11,"morn":3.38},"feels_like":{"day":2.87,"night":0.68,"eve":1.99,"morn":0.79},"pressure":1028,"humidity":72,"weather":[{"id":804,"main":"Clouds","description":"overcast clouds","icon":"04d"}],"speed":4.53,"deg":198,"gust":10.42,"clouds":92,"pop":0},{"dt":1733396400,"sunrise":1733383726,"sunset":1733413097,"temp":{"day":5.89,"min":3.85,"max":8.14,"night":8.14,"eve":6.31,"morn":4.4},"feels_like":{"day":1.27,"night":3.68,"eve":1.66,"morn":-0.15},"pressure":1021,"humidity":78,"weather":[{"id":501,"main":"Rain","description":"moderate rain","icon":"10d"}],"speed":10.3,"deg":202,"gust":22.04,"clouds":100,"pop":1,"rain":3.4},{"dt":1733482800,"sunrise":1733470198,"sunset":1733499475,"temp":{"day":8.8,"min":6.79,"max":11.69,"night":7.8,"eve":6.79,"morn":8.35},"feels_like":{"day":6.48,"night":4.05,"eve":3.91,"morn":4.77},"pressure":1018,"humidity":74,"weather":[{"id":501,"main":"Rain","description":"moderate rain","icon":"10d"}],"speed":12.49,"deg":222,"gust":24.23,"clouds":87,"pop":1,"rain":2.98}]}
--- ENF OF RECEIVED DATA ---

