________________________________________________
|             CALL API : START                |
________________________________________________

Informations : 
Called API: meteo - 20 June 2024, 12:20
Method: GETMETEO - Timeout : 300 - Cache : 1
URL CALLED : https://api.openweathermap.org/data/2.5/forecast/daily?q=Brussels,be&units=metric&cnt=4&appid=ea18c0706135505149200c3836f29800
-------------------------
________________________________________________
|             CALL API : START                |
________________________________________________

Informations : 
Called API: meteo - 20 June 2024, 12:20
Method: GETMETEO - Timeout : 300 - Cache : 1
URL CALLED : https://api.openweathermap.org/data/2.5/forecast/daily?q=Brussels,be&units=metric&cnt=4&appid=ea18c0706135505149200c3836f29800
-------------------------
{"city":{"id":2800866,"name":"Brussels","coord":{"lon":4.3488,"lat":50.8504},"country":"BE","population":1019022,"timezone":7200},"cod":"200","message":0.1753451,"cnt":4,"list":[{"dt":1718881200,"sunrise":1718854121,"sunset":1718913586,"temp":{"day":19.89,"min":11.49,"max":20.24,"night":15.51,"eve":15.86,"morn":12.63},"feels_like":{"day":19.79,"night":15.68,"eve":16.03,"morn":12.35},"pressure":1018,"humidity":71,"weather":[{"id":501,"main":"Rain","description":"moderate rain","icon":"10d"}],"speed":4.93,"deg":69,"gust":10.28,"clouds":20,"pop":1,"rain":4.91},{"dt":1718967600,"sunrise":1718940532,"sunset":1718999999,"temp":{"day":20.76,"min":13.45,"max":22.03,"night":15.5,"eve":18.85,"morn":13.91},"feels_like":{"day":20.54,"night":15.66,"eve":19.01,"morn":13.92},"pressure":1015,"humidity":63,"weather":[{"id":501,"main":"Rain","description":"moderate rain","icon":"10d"}],"speed":4.65,"deg":261,"gust":8.06,"clouds":100,"pop":1,"rain":4.8},{"dt":1719054000,"sunrise":1719026947,"sunset":1719086409,"temp":{"day":14.9,"min":12.59,"max":19.83,"night":14.78,"eve":18.43,"morn":13.29},"feels_like":{"day":14.51,"night":14.64,"eve":18.31,"morn":13.08},"pressure":1017,"humidity":79,"weather":[{"id":500,"main":"Rain","description":"light rain","icon":"10d"}],"speed":4.34,"deg":218,"gust":8.69,"clouds":99,"pop":1,"rain":1.05},{"dt":1719140400,"sunrise":1719113364,"sunset":1719172815,"temp":{"day":21.48,"min":11.34,"max":21.48,"night":16.25,"eve":20.32,"morn":12.3},"feels_like":{"day":21.33,"night":16.18,"eve":20.37,"morn":11.99},"pressure":1020,"humidity":63,"weather":[{"id":802,"main":"Clouds","description":"scattered clouds","icon":"03d"}],"speed":3.23,"deg":226,"gust":5.56,"clouds":50,"pop":0}]}
--- ENF OF RECEIVED DATA ---

{"city":{"id":2800866,"name":"Brussels","coord":{"lon":4.3488,"lat":50.8504},"country":"BE","population":1019022,"timezone":7200},"cod":"200","message":0.1753451,"cnt":4,"list":[{"dt":1718881200,"sunrise":1718854121,"sunset":1718913586,"temp":{"day":19.89,"min":11.49,"max":20.24,"night":15.51,"eve":15.86,"morn":12.63},"feels_like":{"day":19.79,"night":15.68,"eve":16.03,"morn":12.35},"pressure":1018,"humidity":71,"weather":[{"id":501,"main":"Rain","description":"moderate rain","icon":"10d"}],"speed":4.93,"deg":69,"gust":10.28,"clouds":20,"pop":1,"rain":4.91},{"dt":1718967600,"sunrise":1718940532,"sunset":1718999999,"temp":{"day":20.76,"min":13.45,"max":22.03,"night":15.5,"eve":18.85,"morn":13.91},"feels_like":{"day":20.54,"night":15.66,"eve":19.01,"morn":13.92},"pressure":1015,"humidity":63,"weather":[{"id":501,"main":"Rain","description":"moderate rain","icon":"10d"}],"speed":4.65,"deg":261,"gust":8.06,"clouds":100,"pop":1,"rain":4.8},{"dt":1719054000,"sunrise":1719026947,"sunset":1719086409,"temp":{"day":14.9,"min":12.59,"max":19.83,"night":14.78,"eve":18.43,"morn":13.29},"feels_like":{"day":14.51,"night":14.64,"eve":18.31,"morn":13.08},"pressure":1017,"humidity":79,"weather":[{"id":500,"main":"Rain","description":"light rain","icon":"10d"}],"speed":4.34,"deg":218,"gust":8.69,"clouds":99,"pop":1,"rain":1.05},{"dt":1719140400,"sunrise":1719113364,"sunset":1719172815,"temp":{"day":21.48,"min":11.34,"max":21.48,"night":16.25,"eve":20.32,"morn":12.3},"feels_like":{"day":21.33,"night":16.18,"eve":20.37,"morn":11.99},"pressure":1020,"humidity":63,"weather":[{"id":802,"main":"Clouds","description":"scattered clouds","icon":"03d"}],"speed":3.23,"deg":226,"gust":5.56,"clouds":50,"pop":0}]}
--- ENF OF RECEIVED DATA ---

