________________________________________________
|             CALL API : START                |
________________________________________________

Informations : 
Called API: meteo - 25 July 2024, 20:00
Method: GETMETEO - Timeout : 300 - Cache : 1
URL CALLED : https://api.openweathermap.org/data/2.5/forecast/daily?q=Brussels,be&units=metric&cnt=4&appid=ea18c0706135505149200c3836f29800
-------------------------
________________________________________________
|             CALL API : START                |
________________________________________________

Informations : 
Called API: meteo - 25 July 2024, 20:00
Method: GETMETEO - Timeout : 300 - Cache : 1
URL CALLED : https://api.openweathermap.org/data/2.5/forecast/daily?q=Brussels,be&units=metric&cnt=4&appid=ea18c0706135505149200c3836f29800
-------------------------
{"city":{"id":2800866,"name":"Brussels","coord":{"lon":4.3488,"lat":50.8504},"country":"BE","population":1019022,"timezone":7200},"cod":"200","message":0.6181034,"cnt":4,"list":[{"dt":1721905200,"sunrise":1721879953,"sunset":1721936324,"temp":{"day":21.81,"min":15.64,"max":23.96,"night":20.56,"eve":23.21,"morn":16.36},"feels_like":{"day":21.8,"night":20.81,"eve":23.28,"morn":16.06},"pressure":1014,"humidity":67,"weather":[{"id":500,"main":"Rain","description":"light rain","icon":"10d"}],"speed":5.89,"deg":222,"gust":8.13,"clouds":100,"pop":1,"rain":2.03},{"dt":1721991600,"sunrise":1721966436,"sunset":1722022642,"temp":{"day":20.68,"min":17.73,"max":23.6,"night":18.44,"eve":20.47,"morn":17.99},"feels_like":{"day":20.89,"night":18.3,"eve":20.58,"morn":18.38},"pressure":1011,"humidity":80,"weather":[{"id":501,"main":"Rain","description":"moderate rain","icon":"10d"}],"speed":4.78,"deg":209,"gust":10.62,"clouds":95,"pop":1,"rain":10.9},{"dt":1722078000,"sunrise":1722052921,"sunset":1722108958,"temp":{"day":18.3,"min":13.51,"max":19.08,"night":13.68,"eve":15.11,"morn":14.01},"feels_like":{"day":17.8,"night":13.58,"eve":15.1,"morn":13.58},"pressure":1016,"humidity":62,"weather":[{"id":501,"main":"Rain","description":"moderate rain","icon":"10d"}],"speed":3.23,"deg":252,"gust":3.92,"clouds":100,"pop":1,"rain":2.72},{"dt":1722164400,"sunrise":1722139406,"sunset":1722195272,"temp":{"day":21.86,"min":12.27,"max":23.23,"night":16.45,"eve":22.47,"morn":12.52},"feels_like":{"day":21.51,"night":16.24,"eve":22.21,"morn":12.26},"pressure":1025,"humidity":54,"weather":[{"id":800,"main":"Clear","description":"sky is clear","icon":"01d"}],"speed":3.03,"deg":29,"gust":5.38,"clouds":0,"pop":0}]}
--- ENF OF RECEIVED DATA ---

{"city":{"id":2800866,"name":"Brussels","coord":{"lon":4.3488,"lat":50.8504},"country":"BE","population":1019022,"timezone":7200},"cod":"200","message":0.6181034,"cnt":4,"list":[{"dt":1721905200,"sunrise":1721879953,"sunset":1721936324,"temp":{"day":21.81,"min":15.64,"max":23.96,"night":20.56,"eve":23.21,"morn":16.36},"feels_like":{"day":21.8,"night":20.81,"eve":23.28,"morn":16.06},"pressure":1014,"humidity":67,"weather":[{"id":500,"main":"Rain","description":"light rain","icon":"10d"}],"speed":5.89,"deg":222,"gust":8.13,"clouds":100,"pop":1,"rain":2.03},{"dt":1721991600,"sunrise":1721966436,"sunset":1722022642,"temp":{"day":20.68,"min":17.73,"max":23.6,"night":18.44,"eve":20.47,"morn":17.99},"feels_like":{"day":20.89,"night":18.3,"eve":20.58,"morn":18.38},"pressure":1011,"humidity":80,"weather":[{"id":501,"main":"Rain","description":"moderate rain","icon":"10d"}],"speed":4.78,"deg":209,"gust":10.62,"clouds":95,"pop":1,"rain":10.9},{"dt":1722078000,"sunrise":1722052921,"sunset":1722108958,"temp":{"day":18.3,"min":13.51,"max":19.08,"night":13.68,"eve":15.11,"morn":14.01},"feels_like":{"day":17.8,"night":13.58,"eve":15.1,"morn":13.58},"pressure":1016,"humidity":62,"weather":[{"id":501,"main":"Rain","description":"moderate rain","icon":"10d"}],"speed":3.23,"deg":252,"gust":3.92,"clouds":100,"pop":1,"rain":2.72},{"dt":1722164400,"sunrise":1722139406,"sunset":1722195272,"temp":{"day":21.86,"min":12.27,"max":23.23,"night":16.45,"eve":22.47,"morn":12.52},"feels_like":{"day":21.51,"night":16.24,"eve":22.21,"morn":12.26},"pressure":1025,"humidity":54,"weather":[{"id":800,"main":"Clear","description":"sky is clear","icon":"01d"}],"speed":3.03,"deg":29,"gust":5.38,"clouds":0,"pop":0}]}
--- ENF OF RECEIVED DATA ---

