________________________________________________
|             CALL API : START                |
________________________________________________

Informations : 
Called API: meteo - 11 May 2024, 14:20
Method: GETMETEO - Timeout : 300 - Cache : 1
URL CALLED : https://api.openweathermap.org/data/2.5/forecast/daily?q=Brussels,be&units=metric&cnt=4&appid=ea18c0706135505149200c3836f29800
-------------------------
________________________________________________
|             CALL API : START                |
________________________________________________

Informations : 
Called API: meteo - 11 May 2024, 14:20
Method: GETMETEO - Timeout : 300 - Cache : 1
URL CALLED : https://api.openweathermap.org/data/2.5/forecast/daily?q=Brussels,be&units=metric&cnt=4&appid=ea18c0706135505149200c3836f29800
-------------------------
{"city":{"id":2800866,"name":"Brussels","coord":{"lon":4.3488,"lat":50.8504},"country":"BE","population":1019022,"timezone":7200},"cod":"200","message":0.0443677,"cnt":4,"list":[{"dt":1715425200,"sunrise":1715399935,"sunset":1715455147,"temp":{"day":23.51,"min":11.85,"max":23.96,"night":17.68,"eve":21.69,"morn":12.4},"feels_like":{"day":23.22,"night":17.41,"eve":21.51,"morn":12.05},"pressure":1021,"humidity":50,"weather":[{"id":800,"main":"Clear","description":"sky is clear","icon":"01d"}],"speed":4.7,"deg":74,"gust":12.28,"clouds":8,"pop":0},{"dt":1715511600,"sunrise":1715486244,"sunset":1715541638,"temp":{"day":22.45,"min":12.77,"max":23.95,"night":17.15,"eve":22.73,"morn":13.32},"feels_like":{"day":22.27,"night":17.22,"eve":22.81,"morn":12.77},"pressure":1015,"humidity":58,"weather":[{"id":501,"main":"Rain","description":"moderate rain","icon":"10d"}],"speed":5.04,"deg":110,"gust":11.58,"clouds":100,"pop":1,"rain":1.71},{"dt":1715598000,"sunrise":1715572554,"sunset":1715628128,"temp":{"day":16.79,"min":15.09,"max":19.58,"night":15.09,"eve":19.02,"morn":15.49},"feels_like":{"day":16.67,"night":15.03,"eve":18.99,"morn":15.5},"pressure":1010,"humidity":82,"weather":[{"id":500,"main":"Rain","description":"light rain","icon":"10d"}],"speed":5.82,"deg":188,"gust":10.23,"clouds":100,"pop":0.8,"rain":0.29},{"dt":1715684400,"sunrise":1715658866,"sunset":1715714618,"temp":{"day":18.59,"min":12.33,"max":19.29,"night":12.68,"eve":12.67,"morn":14.21},"feels_like":{"day":18.62,"night":12.48,"eve":12.47,"morn":13.93},"pressure":1003,"humidity":81,"weather":[{"id":500,"main":"Rain","description":"light rain","icon":"10d"}],"speed":6.45,"deg":188,"gust":12.9,"clouds":100,"pop":1,"rain":5.02}]}
--- ENF OF RECEIVED DATA ---

{"city":{"id":2800866,"name":"Brussels","coord":{"lon":4.3488,"lat":50.8504},"country":"BE","population":1019022,"timezone":7200},"cod":"200","message":0.0443677,"cnt":4,"list":[{"dt":1715425200,"sunrise":1715399935,"sunset":1715455147,"temp":{"day":23.51,"min":11.85,"max":23.96,"night":17.68,"eve":21.69,"morn":12.4},"feels_like":{"day":23.22,"night":17.41,"eve":21.51,"morn":12.05},"pressure":1021,"humidity":50,"weather":[{"id":800,"main":"Clear","description":"sky is clear","icon":"01d"}],"speed":4.7,"deg":74,"gust":12.28,"clouds":8,"pop":0},{"dt":1715511600,"sunrise":1715486244,"sunset":1715541638,"temp":{"day":22.45,"min":12.77,"max":23.95,"night":17.15,"eve":22.73,"morn":13.32},"feels_like":{"day":22.27,"night":17.22,"eve":22.81,"morn":12.77},"pressure":1015,"humidity":58,"weather":[{"id":501,"main":"Rain","description":"moderate rain","icon":"10d"}],"speed":5.04,"deg":110,"gust":11.58,"clouds":100,"pop":1,"rain":1.71},{"dt":1715598000,"sunrise":1715572554,"sunset":1715628128,"temp":{"day":16.79,"min":15.09,"max":19.58,"night":15.09,"eve":19.02,"morn":15.49},"feels_like":{"day":16.67,"night":15.03,"eve":18.99,"morn":15.5},"pressure":1010,"humidity":82,"weather":[{"id":500,"main":"Rain","description":"light rain","icon":"10d"}],"speed":5.82,"deg":188,"gust":10.23,"clouds":100,"pop":0.8,"rain":0.29},{"dt":1715684400,"sunrise":1715658866,"sunset":1715714618,"temp":{"day":18.59,"min":12.33,"max":19.29,"night":12.68,"eve":12.67,"morn":14.21},"feels_like":{"day":18.62,"night":12.48,"eve":12.47,"morn":13.93},"pressure":1003,"humidity":81,"weather":[{"id":500,"main":"Rain","description":"light rain","icon":"10d"}],"speed":6.45,"deg":188,"gust":12.9,"clouds":100,"pop":1,"rain":5.02}]}
--- ENF OF RECEIVED DATA ---

