________________________________________________
|             CALL API : START                |
________________________________________________

Informations : 
Called API: meteo - 27 April 2024, 11:20
Method: GETMETEO - Timeout : 300 - Cache : 1
URL CALLED : https://api.openweathermap.org/data/2.5/forecast/daily?q=Brussels,be&units=metric&cnt=4&appid=ea18c0706135505149200c3836f29800
-------------------------
________________________________________________
|             CALL API : START                |
________________________________________________

Informations : 
Called API: meteo - 27 April 2024, 11:20
Method: GETMETEO - Timeout : 300 - Cache : 1
URL CALLED : https://api.openweathermap.org/data/2.5/forecast/daily?q=Brussels,be&units=metric&cnt=4&appid=ea18c0706135505149200c3836f29800
-------------------------
{"city":{"id":2800866,"name":"Brussels","coord":{"lon":4.3488,"lat":50.8504},"country":"BE","population":1019022,"timezone":7200},"cod":"200","message":3.2003083,"cnt":4,"list":[{"dt":1714215600,"sunrise":1714191790,"sunset":1714244217,"temp":{"day":13.14,"min":6.37,"max":14.85,"night":11.33,"eve":13.79,"morn":8.73},"feels_like":{"day":12.55,"night":10.92,"eve":13.37,"morn":6.63},"pressure":1005,"humidity":78,"weather":[{"id":501,"main":"Rain","description":"moderate rain","icon":"10d"}],"speed":7.45,"deg":164,"gust":14.34,"clouds":85,"pop":1,"rain":5.27},{"dt":1714302000,"sunrise":1714278077,"sunset":1714330714,"temp":{"day":12.19,"min":8.82,"max":15.04,"night":8.82,"eve":14.41,"morn":11},"feels_like":{"day":11.53,"night":6.71,"eve":13.55,"morn":10.24},"pressure":1009,"humidity":79,"weather":[{"id":500,"main":"Rain","description":"light rain","icon":"10d"}],"speed":9.4,"deg":207,"gust":16.24,"clouds":94,"pop":1,"rain":1.38},{"dt":1714388400,"sunrise":1714364365,"sunset":1714417211,"temp":{"day":15.43,"min":5.24,"max":16.2,"night":10.6,"eve":13.58,"morn":5.85},"feels_like":{"day":14.78,"night":10.12,"eve":13.21,"morn":4.77},"pressure":1018,"humidity":67,"weather":[{"id":500,"main":"Rain","description":"light rain","icon":"10d"}],"speed":4.16,"deg":192,"gust":8.45,"clouds":100,"pop":1,"rain":3.95},{"dt":1714474800,"sunrise":1714450654,"sunset":1714503707,"temp":{"day":18.59,"min":9.65,"max":18.59,"night":13.8,"eve":14.54,"morn":10.71},"feels_like":{"day":18.15,"night":13.64,"eve":14.37,"morn":10.26},"pressure":1014,"humidity":63,"weather":[{"id":500,"main":"Rain","description":"light rain","icon":"10d"}],"speed":4.11,"deg":142,"gust":6.87,"clouds":100,"pop":1,"rain":3.04}]}
--- ENF OF RECEIVED DATA ---

{"city":{"id":2800866,"name":"Brussels","coord":{"lon":4.3488,"lat":50.8504},"country":"BE","population":1019022,"timezone":7200},"cod":"200","message":3.2003083,"cnt":4,"list":[{"dt":1714215600,"sunrise":1714191790,"sunset":1714244217,"temp":{"day":13.14,"min":6.37,"max":14.85,"night":11.33,"eve":13.79,"morn":8.73},"feels_like":{"day":12.55,"night":10.92,"eve":13.37,"morn":6.63},"pressure":1005,"humidity":78,"weather":[{"id":501,"main":"Rain","description":"moderate rain","icon":"10d"}],"speed":7.45,"deg":164,"gust":14.34,"clouds":85,"pop":1,"rain":5.27},{"dt":1714302000,"sunrise":1714278077,"sunset":1714330714,"temp":{"day":12.19,"min":8.82,"max":15.04,"night":8.82,"eve":14.41,"morn":11},"feels_like":{"day":11.53,"night":6.71,"eve":13.55,"morn":10.24},"pressure":1009,"humidity":79,"weather":[{"id":500,"main":"Rain","description":"light rain","icon":"10d"}],"speed":9.4,"deg":207,"gust":16.24,"clouds":94,"pop":1,"rain":1.38},{"dt":1714388400,"sunrise":1714364365,"sunset":1714417211,"temp":{"day":15.43,"min":5.24,"max":16.2,"night":10.6,"eve":13.58,"morn":5.85},"feels_like":{"day":14.78,"night":10.12,"eve":13.21,"morn":4.77},"pressure":1018,"humidity":67,"weather":[{"id":500,"main":"Rain","description":"light rain","icon":"10d"}],"speed":4.16,"deg":192,"gust":8.45,"clouds":100,"pop":1,"rain":3.95},{"dt":1714474800,"sunrise":1714450654,"sunset":1714503707,"temp":{"day":18.59,"min":9.65,"max":18.59,"night":13.8,"eve":14.54,"morn":10.71},"feels_like":{"day":18.15,"night":13.64,"eve":14.37,"morn":10.26},"pressure":1014,"humidity":63,"weather":[{"id":500,"main":"Rain","description":"light rain","icon":"10d"}],"speed":4.11,"deg":142,"gust":6.87,"clouds":100,"pop":1,"rain":3.04}]}
--- ENF OF RECEIVED DATA ---

