________________________________________________
|             CALL API : START                |
________________________________________________

Informations : 
Called API: meteo - 29 November 2023, 22:20
Method: GETMETEO - Timeout : 300 - Cache : 1
URL CALLED : https://api.openweathermap.org/data/2.5/forecast/daily?q=Brussels,be&units=metric&cnt=4&appid=ea18c0706135505149200c3836f29800
-------------------------
________________________________________________
|             CALL API : START                |
________________________________________________

Informations : 
Called API: meteo - 29 November 2023, 22:20
Method: GETMETEO - Timeout : 300 - Cache : 1
URL CALLED : https://api.openweathermap.org/data/2.5/forecast/daily?q=Brussels,be&units=metric&cnt=4&appid=ea18c0706135505149200c3836f29800
-------------------------
{"city":{"id":2800866,"name":"Brussels","coord":{"lon":4.3488,"lat":50.8504},"country":"BE","population":1019022,"timezone":3600},"cod":"200","message":0.0470822,"cnt":4,"list":[{"dt":1701255600,"sunrise":1701242388,"sunset":1701272528,"temp":{"day":5.14,"min":1.6,"max":5.72,"night":1.8,"eve":2.72,"morn":2.79},"feels_like":{"day":1.68,"night":-0.7,"eve":1.07,"morn":-1.93},"pressure":1005,"humidity":77,"weather":[{"id":500,"main":"Rain","description":"light rain","icon":"10d"}],"speed":6.14,"deg":243,"gust":12.87,"clouds":28,"pop":0.62,"rain":1.24},{"dt":1701342000,"sunrise":1701328873,"sunset":1701358885,"temp":{"day":2.54,"min":1.32,"max":2.75,"night":1.32,"eve":2.32,"morn":2.51},"feels_like":{"day":-0.1,"night":-1.15,"eve":-0.61,"morn":0.4},"pressure":1003,"humidity":85,"weather":[{"id":804,"main":"Clouds","description":"overcast clouds","icon":"04d"}],"speed":3.48,"deg":40,"gust":5.39,"clouds":99,"pop":0.38},{"dt":1701428400,"sunrise":1701415356,"sunset":1701445245,"temp":{"day":1.6,"min":-1.62,"max":2.35,"night":-1.62,"eve":-0.48,"morn":-0.89},"feels_like":{"day":-2.14,"night":-4.22,"eve":-3.93,"morn":-4.09},"pressure":1008,"humidity":70,"weather":[{"id":801,"main":"Clouds","description":"few clouds","icon":"02d"}],"speed":3.76,"deg":34,"gust":5.89,"clouds":18,"pop":0},{"dt":1701514800,"sunrise":1701501838,"sunset":1701531608,"temp":{"day":1.53,"min":-1.87,"max":2.18,"night":-0.58,"eve":0.73,"morn":-1.85},"feels_like":{"day":-1.38,"night":-4.59,"eve":-2.94,"morn":-1.85},"pressure":1015,"humidity":58,"weather":[{"id":600,"main":"Snow","description":"light snow","icon":"13d"}],"speed":3.46,"deg":222,"gust":7.8,"clouds":78,"pop":0.34,"snow":0.17}]}
--- ENF OF RECEIVED DATA ---

{"city":{"id":2800866,"name":"Brussels","coord":{"lon":4.3488,"lat":50.8504},"country":"BE","population":1019022,"timezone":3600},"cod":"200","message":0.0470822,"cnt":4,"list":[{"dt":1701255600,"sunrise":1701242388,"sunset":1701272528,"temp":{"day":5.14,"min":1.6,"max":5.72,"night":1.8,"eve":2.72,"morn":2.79},"feels_like":{"day":1.68,"night":-0.7,"eve":1.07,"morn":-1.93},"pressure":1005,"humidity":77,"weather":[{"id":500,"main":"Rain","description":"light rain","icon":"10d"}],"speed":6.14,"deg":243,"gust":12.87,"clouds":28,"pop":0.62,"rain":1.24},{"dt":1701342000,"sunrise":1701328873,"sunset":1701358885,"temp":{"day":2.54,"min":1.32,"max":2.75,"night":1.32,"eve":2.32,"morn":2.51},"feels_like":{"day":-0.1,"night":-1.15,"eve":-0.61,"morn":0.4},"pressure":1003,"humidity":85,"weather":[{"id":804,"main":"Clouds","description":"overcast clouds","icon":"04d"}],"speed":3.48,"deg":40,"gust":5.39,"clouds":99,"pop":0.38},{"dt":1701428400,"sunrise":1701415356,"sunset":1701445245,"temp":{"day":1.6,"min":-1.62,"max":2.35,"night":-1.62,"eve":-0.48,"morn":-0.89},"feels_like":{"day":-2.14,"night":-4.22,"eve":-3.93,"morn":-4.09},"pressure":1008,"humidity":70,"weather":[{"id":801,"main":"Clouds","description":"few clouds","icon":"02d"}],"speed":3.76,"deg":34,"gust":5.89,"clouds":18,"pop":0},{"dt":1701514800,"sunrise":1701501838,"sunset":1701531608,"temp":{"day":1.53,"min":-1.87,"max":2.18,"night":-0.58,"eve":0.73,"morn":-1.85},"feels_like":{"day":-1.38,"night":-4.59,"eve":-2.94,"morn":-1.85},"pressure":1015,"humidity":58,"weather":[{"id":600,"main":"Snow","description":"light snow","icon":"13d"}],"speed":3.46,"deg":222,"gust":7.8,"clouds":78,"pop":0.34,"snow":0.17}]}
--- ENF OF RECEIVED DATA ---

