________________________________________________
|             CALL API : START                |
________________________________________________

Informations : 
Called API: meteo - 3 December 2023, 00:50
Method: GETMETEO - Timeout : 300 - Cache : 1
URL CALLED : https://api.openweathermap.org/data/2.5/forecast/daily?q=Brussels,be&units=metric&cnt=4&appid=ea18c0706135505149200c3836f29800
-------------------------
________________________________________________
|             CALL API : START                |
________________________________________________

Informations : 
Called API: meteo - 3 December 2023, 00:50
Method: GETMETEO - Timeout : 300 - Cache : 1
URL CALLED : https://api.openweathermap.org/data/2.5/forecast/daily?q=Brussels,be&units=metric&cnt=4&appid=ea18c0706135505149200c3836f29800
-------------------------
{"city":{"id":2800866,"name":"Brussels","coord":{"lon":4.3488,"lat":50.8504},"country":"BE","population":1019022,"timezone":3600},"cod":"200","message":0.0909246,"cnt":4,"list":[{"dt":1701601200,"sunrise":1701588318,"sunset":1701617974,"temp":{"day":2.12,"min":-0.99,"max":2.34,"night":2.19,"eve":0.34,"morn":-0.99},"feels_like":{"day":-3.03,"night":-2.81,"eve":-5.74,"morn":-5.49},"pressure":1020,"humidity":65,"weather":[{"id":616,"main":"Snow","description":"rain and snow","icon":"13d"}],"speed":7.76,"deg":188,"gust":16.44,"clouds":73,"pop":0.91,"rain":0.57,"snow":0.67},{"dt":1701687600,"sunrise":1701674796,"sunset":1701704343,"temp":{"day":2.66,"min":1.41,"max":6.42,"night":5.25,"eve":6.06,"morn":2.37},"feels_like":{"day":-2.69,"night":0.91,"eve":1.58,"morn":-2.42},"pressure":1003,"humidity":95,"weather":[{"id":616,"main":"Snow","description":"rain and snow","icon":"13d"}],"speed":7.91,"deg":185,"gust":16.48,"clouds":100,"pop":1,"rain":3.24,"snow":0.18},{"dt":1701774000,"sunrise":1701761271,"sunset":1701790716,"temp":{"day":5.9,"min":5.07,"max":6,"night":5.74,"eve":5.44,"morn":5.65},"feels_like":{"day":2.44,"night":3.81,"eve":3.69,"morn":1.18},"pressure":1002,"humidity":95,"weather":[{"id":501,"main":"Rain","description":"moderate rain","icon":"10d"}],"speed":7.73,"deg":181,"gust":14.49,"clouds":100,"pop":1,"rain":4.18},{"dt":1701860400,"sunrise":1701847745,"sunset":1701877091,"temp":{"day":6.46,"min":3.73,"max":6.46,"night":4.31,"eve":3.73,"morn":4.94},"feels_like":{"day":3.73,"night":0.59,"eve":0.77,"morn":2.33},"pressure":1015,"humidity":76,"weather":[{"id":500,"main":"Rain","description":"light rain","icon":"10d"}],"speed":4.76,"deg":178,"gust":11.6,"clouds":92,"pop":0.67,"rain":1.9}]}
--- ENF OF RECEIVED DATA ---

{"city":{"id":2800866,"name":"Brussels","coord":{"lon":4.3488,"lat":50.8504},"country":"BE","population":1019022,"timezone":3600},"cod":"200","message":0.0909246,"cnt":4,"list":[{"dt":1701601200,"sunrise":1701588318,"sunset":1701617974,"temp":{"day":2.12,"min":-0.99,"max":2.34,"night":2.19,"eve":0.34,"morn":-0.99},"feels_like":{"day":-3.03,"night":-2.81,"eve":-5.74,"morn":-5.49},"pressure":1020,"humidity":65,"weather":[{"id":616,"main":"Snow","description":"rain and snow","icon":"13d"}],"speed":7.76,"deg":188,"gust":16.44,"clouds":73,"pop":0.91,"rain":0.57,"snow":0.67},{"dt":1701687600,"sunrise":1701674796,"sunset":1701704343,"temp":{"day":2.66,"min":1.41,"max":6.42,"night":5.25,"eve":6.06,"morn":2.37},"feels_like":{"day":-2.69,"night":0.91,"eve":1.58,"morn":-2.42},"pressure":1003,"humidity":95,"weather":[{"id":616,"main":"Snow","description":"rain and snow","icon":"13d"}],"speed":7.91,"deg":185,"gust":16.48,"clouds":100,"pop":1,"rain":3.24,"snow":0.18},{"dt":1701774000,"sunrise":1701761271,"sunset":1701790716,"temp":{"day":5.9,"min":5.07,"max":6,"night":5.74,"eve":5.44,"morn":5.65},"feels_like":{"day":2.44,"night":3.81,"eve":3.69,"morn":1.18},"pressure":1002,"humidity":95,"weather":[{"id":501,"main":"Rain","description":"moderate rain","icon":"10d"}],"speed":7.73,"deg":181,"gust":14.49,"clouds":100,"pop":1,"rain":4.18},{"dt":1701860400,"sunrise":1701847745,"sunset":1701877091,"temp":{"day":6.46,"min":3.73,"max":6.46,"night":4.31,"eve":3.73,"morn":4.94},"feels_like":{"day":3.73,"night":0.59,"eve":0.77,"morn":2.33},"pressure":1015,"humidity":76,"weather":[{"id":500,"main":"Rain","description":"light rain","icon":"10d"}],"speed":4.76,"deg":178,"gust":11.6,"clouds":92,"pop":0.67,"rain":1.9}]}
--- ENF OF RECEIVED DATA ---

