________________________________________________
|             CALL API : START                |
________________________________________________

Informations : 
Called API: meteo - 13 August 2023, 21:40
Method: GETMETEO - Timeout : 300 - Cache : 1
URL CALLED : https://api.openweathermap.org/data/2.5/forecast/daily?q=Brussels,be&units=metric&cnt=4&appid=ea18c0706135505149200c3836f29800
-------------------------
________________________________________________
|             CALL API : START                |
________________________________________________

Informations : 
Called API: meteo - 13 August 2023, 21:40
Method: GETMETEO - Timeout : 300 - Cache : 1
URL CALLED : https://api.openweathermap.org/data/2.5/forecast/daily?q=Brussels,be&units=metric&cnt=4&appid=ea18c0706135505149200c3836f29800
-------------------------
{"city":{"id":2800866,"name":"Brussels","coord":{"lon":4.3488,"lat":50.8504},"country":"BE","population":1019022,"timezone":7200},"cod":"200","message":5.5457347,"cnt":4,"list":[{"dt":1691924400,"sunrise":1691900778,"sunset":1691953738,"temp":{"day":22.19,"min":14.6,"max":23.24,"night":18.63,"eve":20.54,"morn":14.79},"feels_like":{"day":22.01,"night":18.59,"eve":20.5,"morn":14.57},"pressure":1016,"humidity":59,"weather":[{"id":500,"main":"Rain","description":"light rain","icon":"10d"}],"speed":5.75,"deg":226,"gust":7.68,"clouds":100,"pop":0.54,"rain":0.5},{"dt":1692010800,"sunrise":1691987271,"sunset":1692040025,"temp":{"day":24.82,"min":14.99,"max":26.84,"night":19.61,"eve":25.82,"morn":15.15},"feels_like":{"day":24.69,"night":19.64,"eve":25.92,"morn":14.94},"pressure":1014,"humidity":51,"weather":[{"id":802,"main":"Clouds","description":"scattered clouds","icon":"03d"}],"speed":4.66,"deg":210,"gust":6.05,"clouds":39,"pop":0},{"dt":1692097200,"sunrise":1692073764,"sunset":1692126311,"temp":{"day":24.03,"min":16.31,"max":24.82,"night":18.63,"eve":22.86,"morn":16.31},"feels_like":{"day":23.98,"night":18.48,"eve":22.92,"morn":16.14},"pressure":1016,"humidity":57,"weather":[{"id":500,"main":"Rain","description":"light rain","icon":"10d"}],"speed":3.92,"deg":325,"gust":5.34,"clouds":83,"pop":0.46,"rain":0.81},{"dt":1692183600,"sunrise":1692160257,"sunset":1692212596,"temp":{"day":23.4,"min":18.04,"max":25.7,"night":18.84,"eve":22.43,"morn":18.04},"feels_like":{"day":23.41,"night":19.03,"eve":22.61,"morn":17.91},"pressure":1020,"humidity":62,"weather":[{"id":500,"main":"Rain","description":"light rain","icon":"10d"}],"speed":3.42,"deg":31,"gust":5.8,"clouds":100,"pop":0.37,"rain":0.49}]}
--- ENF OF RECEIVED DATA ---

{"city":{"id":2800866,"name":"Brussels","coord":{"lon":4.3488,"lat":50.8504},"country":"BE","population":1019022,"timezone":7200},"cod":"200","message":5.5457347,"cnt":4,"list":[{"dt":1691924400,"sunrise":1691900778,"sunset":1691953738,"temp":{"day":22.19,"min":14.6,"max":23.24,"night":18.63,"eve":20.54,"morn":14.79},"feels_like":{"day":22.01,"night":18.59,"eve":20.5,"morn":14.57},"pressure":1016,"humidity":59,"weather":[{"id":500,"main":"Rain","description":"light rain","icon":"10d"}],"speed":5.75,"deg":226,"gust":7.68,"clouds":100,"pop":0.54,"rain":0.5},{"dt":1692010800,"sunrise":1691987271,"sunset":1692040025,"temp":{"day":24.82,"min":14.99,"max":26.84,"night":19.61,"eve":25.82,"morn":15.15},"feels_like":{"day":24.69,"night":19.64,"eve":25.92,"morn":14.94},"pressure":1014,"humidity":51,"weather":[{"id":802,"main":"Clouds","description":"scattered clouds","icon":"03d"}],"speed":4.66,"deg":210,"gust":6.05,"clouds":39,"pop":0},{"dt":1692097200,"sunrise":1692073764,"sunset":1692126311,"temp":{"day":24.03,"min":16.31,"max":24.82,"night":18.63,"eve":22.86,"morn":16.31},"feels_like":{"day":23.98,"night":18.48,"eve":22.92,"morn":16.14},"pressure":1016,"humidity":57,"weather":[{"id":500,"main":"Rain","description":"light rain","icon":"10d"}],"speed":3.92,"deg":325,"gust":5.34,"clouds":83,"pop":0.46,"rain":0.81},{"dt":1692183600,"sunrise":1692160257,"sunset":1692212596,"temp":{"day":23.4,"min":18.04,"max":25.7,"night":18.84,"eve":22.43,"morn":18.04},"feels_like":{"day":23.41,"night":19.03,"eve":22.61,"morn":17.91},"pressure":1020,"humidity":62,"weather":[{"id":500,"main":"Rain","description":"light rain","icon":"10d"}],"speed":3.42,"deg":31,"gust":5.8,"clouds":100,"pop":0.37,"rain":0.49}]}
--- ENF OF RECEIVED DATA ---

