________________________________________________
|             CALL API : START                |
________________________________________________

Informations : 
Called API: meteo - 28 August 2023, 06:30
Method: GETMETEO - Timeout : 300 - Cache : 1
URL CALLED : https://api.openweathermap.org/data/2.5/forecast/daily?q=Brussels,be&units=metric&cnt=4&appid=ea18c0706135505149200c3836f29800
-------------------------
________________________________________________
|             CALL API : START                |
________________________________________________

Informations : 
Called API: meteo - 28 August 2023, 06:30
Method: GETMETEO - Timeout : 300 - Cache : 1
URL CALLED : https://api.openweathermap.org/data/2.5/forecast/daily?q=Brussels,be&units=metric&cnt=4&appid=ea18c0706135505149200c3836f29800
-------------------------
{"city":{"id":2800866,"name":"Brussels","coord":{"lon":4.3488,"lat":50.8504},"country":"BE","population":1019022,"timezone":7200},"cod":"200","message":20.5116437,"cnt":4,"list":[{"dt":1693220400,"sunrise":1693198175,"sunset":1693247928,"temp":{"day":19.85,"min":11.93,"max":20.17,"night":14.09,"eve":17.8,"morn":11.93},"feels_like":{"day":19.38,"night":13.85,"eve":17.54,"morn":11.61},"pressure":1012,"humidity":57,"weather":[{"id":500,"main":"Rain","description":"light rain","icon":"10d"}],"speed":4.13,"deg":336,"gust":7.34,"clouds":81,"pop":0.88,"rain":2.54},{"dt":1693306800,"sunrise":1693284668,"sunset":1693334200,"temp":{"day":19.1,"min":12.1,"max":20.09,"night":13.27,"eve":18.45,"morn":12.1},"feels_like":{"day":18.71,"night":12.69,"eve":18.05,"morn":11.79},"pressure":1011,"humidity":63,"weather":[{"id":500,"main":"Rain","description":"light rain","icon":"10d"}],"speed":3.66,"deg":322,"gust":5.74,"clouds":100,"pop":0.66,"rain":1.72},{"dt":1693393200,"sunrise":1693371161,"sunset":1693420471,"temp":{"day":16.45,"min":11.38,"max":20.14,"night":14.36,"eve":17.78,"morn":12.46},"feels_like":{"day":16.14,"night":13.68,"eve":17.05,"morn":12.14},"pressure":1009,"humidity":76,"weather":[{"id":500,"main":"Rain","description":"light rain","icon":"10d"}],"speed":6.01,"deg":283,"gust":10.23,"clouds":70,"pop":0.69,"rain":1.47},{"dt":1693479600,"sunrise":1693457654,"sunset":1693506741,"temp":{"day":20.25,"min":10.78,"max":20.25,"night":16.77,"eve":18.22,"morn":11.44},"feels_like":{"day":19.71,"night":16.04,"eve":17.72,"morn":10.91},"pressure":1014,"humidity":53,"weather":[{"id":804,"main":"Clouds","description":"overcast clouds","icon":"04d"}],"speed":5.58,"deg":228,"gust":7.39,"clouds":90,"pop":0}]}
--- ENF OF RECEIVED DATA ---

{"city":{"id":2800866,"name":"Brussels","coord":{"lon":4.3488,"lat":50.8504},"country":"BE","population":1019022,"timezone":7200},"cod":"200","message":20.5116437,"cnt":4,"list":[{"dt":1693220400,"sunrise":1693198175,"sunset":1693247928,"temp":{"day":19.85,"min":11.93,"max":20.17,"night":14.09,"eve":17.8,"morn":11.93},"feels_like":{"day":19.38,"night":13.85,"eve":17.54,"morn":11.61},"pressure":1012,"humidity":57,"weather":[{"id":500,"main":"Rain","description":"light rain","icon":"10d"}],"speed":4.13,"deg":336,"gust":7.34,"clouds":81,"pop":0.88,"rain":2.54},{"dt":1693306800,"sunrise":1693284668,"sunset":1693334200,"temp":{"day":19.1,"min":12.1,"max":20.09,"night":13.27,"eve":18.45,"morn":12.1},"feels_like":{"day":18.71,"night":12.69,"eve":18.05,"morn":11.79},"pressure":1011,"humidity":63,"weather":[{"id":500,"main":"Rain","description":"light rain","icon":"10d"}],"speed":3.66,"deg":322,"gust":5.74,"clouds":100,"pop":0.66,"rain":1.72},{"dt":1693393200,"sunrise":1693371161,"sunset":1693420471,"temp":{"day":16.45,"min":11.38,"max":20.14,"night":14.36,"eve":17.78,"morn":12.46},"feels_like":{"day":16.14,"night":13.68,"eve":17.05,"morn":12.14},"pressure":1009,"humidity":76,"weather":[{"id":500,"main":"Rain","description":"light rain","icon":"10d"}],"speed":6.01,"deg":283,"gust":10.23,"clouds":70,"pop":0.69,"rain":1.47},{"dt":1693479600,"sunrise":1693457654,"sunset":1693506741,"temp":{"day":20.25,"min":10.78,"max":20.25,"night":16.77,"eve":18.22,"morn":11.44},"feels_like":{"day":19.71,"night":16.04,"eve":17.72,"morn":10.91},"pressure":1014,"humidity":53,"weather":[{"id":804,"main":"Clouds","description":"overcast clouds","icon":"04d"}],"speed":5.58,"deg":228,"gust":7.39,"clouds":90,"pop":0}]}
--- ENF OF RECEIVED DATA ---

