________________________________________________
|             CALL API : START                |
________________________________________________

Informations : 
Called API: meteo - 17 July 2022, 08:10
Method: GETMETEO - Timeout : 300 - Cache : 1
URL CALLED : https://rmipro.meteo.be/products/bx1/5373bc0393d004fc/web_forecast
-------------------------
________________________________________________
|             CALL API : START                |
________________________________________________

Informations : 
Called API: meteo - 17 July 2022, 08:10
Method: GETMETEO - Timeout : 300 - Cache : 1
URL CALLED : https://rmipro.meteo.be/products/bx1/5373bc0393d004fc/web_forecast
-------------------------
<?xml version='1.0' encoding='UTF-8'?>
<meteo>
  <generationDate>17/07/2022 05:02</generationDate>
  <forecast date="20220717" period="PM">
    <titledate>17/07/22</titledate>
    <titleday>dimanche</titleday>
    <data>
      <city>Ostende</city>
      <tempMax>26 </tempMax>
      <weathertype>TJ2</weathertype>
    </data>
    <data>
      <city>Anvers</city>
      <tempMax>28 </tempMax>
      <weathertype>TJ2</weathertype>
    </data>
    <data>
      <city>Bruxelles</city>
      <tempMax>27 </tempMax>
      <weathertype>TJ1</weathertype>
    </data>
    <data>
      <city>Namur</city>
      <tempMax>26 </tempMax>
      <weathertype>TJ1</weathertype>
    </data>
    <data>
      <city>Liege</city>
      <tempMax>28 </tempMax>
      <weathertype>TJ1</weathertype>
    </data>
    <data>
      <city>Arlon</city>
      <tempMax>24 </tempMax>
      <weathertype>TJ1</weathertype>
    </data>
  </forecast>
  <forecast date="20220717" period="NIGHT">
    <titledate>17/07/22</titledate>
    <titleday>dimanche</titleday>
    <data>
      <city>Ostende</city>
      <tempMin>16 </tempMin>
      <weathertype>TNN1</weathertype>
    </data>
    <data>
      <city>Anvers</city>
      <tempMin>15 </tempMin>
      <weathertype>TNN1</weathertype>
    </data>
    <data>
      <city>Bruxelles</city>
      <tempMin>15 </tempMin>
      <weathertype>TNN1</weathertype>
    </data>
    <data>
      <city>Namur</city>
      <tempMin>13 </tempMin>
      <weathertype>TNN1</weathertype>
    </data>
    <data>
      <city>Liege</city>
      <tempMin>14 </tempMin>
      <weathertype>TNN1</weathertype>
    </data>
    <data>
      <city>Arlon</city>
      <tempMin>14 </tempMin>
      <weathertype>TNN1</weathertype>
    </data>
  </forecast>
  <forecast date="20220718" period="AM">
    <titledate>18/07/22</titledate>
    <titleday>lundi</titleday>
    <data>
      <city>Ostende</city>
      <tempMax>26 </tempMax>
      <weathertype>TJ1</weathertype>
    </data>
    <data>
      <city>Anvers</city>
      <tempMax>27 </tempMax>
      <weathertype>TJ2</weathertype>
    </data>
    <data>
      <city>Bruxelles</city>
      <tempMax>28 </tempMax>
      <weathertype>TJ1</weathertype>
    </data>
    <data>
      <city>Namur</city>
      <tempMax>27 </tempMax>
      <weathertype>TJ1</weathertype>
    </data>
    <data>
      <city>Liege</city>
      <tempMax>28 </tempMax>
      <weathertype>TJ2</weathertype>
    </data>
    <data>
      <city>Arlon</city>
      <tempMax>25 </tempMax>
      <weathertype>TJ1</weathertype>
    </data>
  </forecast>
  <forecast date="20220718" period="PM">
    <titledate>18/07/22</titledate>
    <titleday>lundi</titleday>
    <data>
      <city>Ostende</city>
      <tempMax>29 </tempMax>
      <weathertype>TJ1</weathertype>
    </data>
    <data>
      <city>Anvers</city>
      <tempMax>34 </tempMax>
      <weathertype>TJ2</weathertype>
    </data>
    <data>
      <city>Bruxelles</city>
      <tempMax>34 </tempMax>
      <weathertype>TJ1</weathertype>
    </data>
    <data>
      <city>Namur</city>
      <tempMax>32 </tempMax>
      <weathertype>TJ1</weathertype>
    </data>
    <data>
      <city>Liege</city>
      <tempMax>34 </tempMax>
      <weathertype>TJ2</weathertype>
    </data>
    <data>
      <city>Arlon</city>
      <tempMax>31 </tempMax>
      <weathertype>TJ1</weathertype>
    </data>
  </forecast>
  <forecast date="20220719" period="DAY">
    <titledate>19/07/22</titledate>
    <titleday>mardi</titleday>
    <data>
      <city>Ostende</city>
      <tempMin>19 </tempMin>
      <tempMax>36 </tempMax>
      <weathertype>TJ2</weathertype>
    </data>
    <data>
      <city>Anvers</city>
      <tempMin>20 </tempMin>
      <tempMax>38 </tempMax>
      <weathertype>TJ2</weathertype>
    </data>
    <data>
      <city>Bruxelles</city>
      <tempMin>20 </tempMin>
      <tempMax>38 </tempMax>
      <weathertype>TJ2</weathertype>
    </data>
    <data>
      <city>Namur</city>
      <tempMin>19 </tempMin>
      <tempMax>33 </tempMax>
      <weathertype>TJ1</weathertype>
    </data>
    <data>
      <city>Liege</city>
      <tempMin>21 </tempMin>
      <tempMax>38 </tempMax>
      <weathertype>TJ1</weathertype>
    </data>
    <data>
      <city>Arlon</city>
      <tempMin>19 </tempMin>
      <tempMax>33 </tempMax>
      <weathertype>TJ1</weathertype>
    </data>
  </forecast>
  <forecast date="20220720" period="DAY">
    <titledate>20/07/22</titledate>
    <titleday>mercredi</titleday>
    <data>
      <city>Ostende</city>
      <tempMin>18 </tempMin>
      <tempMax>24 </tempMax>
      <weathertype>TJ11</weathertype>
    </data>
    <data>
      <city>Anvers</city>
      <tempMin>18 </tempMin>
      <tempMax>27 </tempMax>
      <weathertype>TJ12</weathertype>
    </data>
    <data>
      <city>Bruxelles</city>
      <tempMin>18 </tempMin>
      <tempMax>27 </tempMax>
      <weathertype>TJ12</weathertype>
    </data>
    <data>
      <city>Namur</city>
      <tempMin>11 </tempMin>
      <tempMax>24 </tempMax>
      <weathertype>TJ12</weathertype>
    </data>
    <data>
      <city>Liege</city>
      <tempMin>18 </tempMin>
      <tempMax>28 </tempMax>
      <weathertype>TJ12</weathertype>
    </data>
    <data>
      <city>Arlon</city>
      <tempMin>11 </tempMin>
      <tempMax>24 </tempMax>
      <weathertype>TJ12</weathertype>
    </data>
  </forecast>
  <forecast date="20220721" period="DAY">
    <titledate>21/07/22</titledate>
    <titleday>jeudi</titleday>
    <data>
      <city>Ostende</city>
      <tempMin>17 </tempMin>
      <tempMax>21 </tempMax>
      <weathertype>TJ2</weathertype>
    </data>
    <data>
      <city>Anvers</city>
      <tempMin>14 </tempMin>
      <tempMax>25 </tempMax>
      <weathertype>TJ2</weathertype>
    </data>
    <data>
      <city>Bruxelles</city>
      <tempMin>14 </tempMin>
      <tempMax>25 </tempMax>
      <weathertype>TJ2</weathertype>
    </data>
    <data>
      <city>Namur</city>
      <tempMin>14 </tempMin>
      <tempMax>23 </tempMax>
      <weathertype>TJ2</weathertype>
    </data>
    <data>
      <city>Liege</city>
      <tempMin>14 </tempMin>
      <tempMax>26 </tempMax>
      <weathertype>TJ2</weathertype>
    </data>
    <data>
      <city>Arlon</city>
      <tempMin>14 </tempMin>
      <tempMax>23 </tempMax>
      <weathertype>TJ2</weathertype>
    </data>
  </forecast>
  <forecast_foreign date="20220717" period="DAY">
    <titledate>17/07/22</titledate>
    <titleday>dimanche</titleday>
    <data>
      <city>Paris</city>
      <temp>22 </temp>
      <weathertype>TJ4</weathertype>
    </data>
    <data>
      <city>Londres</city>
      <temp>22 </temp>
      <weathertype>TJ1</weathertype>
    </data>
    <data>
      <city>Amsterdam</city>
      <temp>16 </temp>
      <weathertype>TJ2</weathertype>
    </data>
  </forecast_foreign>
  <forecast_foreign date="20220718" period="DAY">
    <titledate>18/07/22</titledate>
    <titleday>lundi</titleday>
    <data>
      <city>Paris</city>
      <temp>26 </temp>
      <weathertype>TJ1</weathertype>
    </data>
    <data>
      <city>Londres</city>
      <temp>26 </temp>
      <weathertype>TJ1</weathertype>
    </data>
    <data>
      <city>Amsterdam</city>
      <temp>21 </temp>
      <weathertype>TJ1</weathertype>
    </data>
  </forecast_foreign>
  <Ephemerides>
    <Ephemeride>
      <titledate>17/07/22</titledate>
      <titleday>dimanche</titleday>
      <data>
        <sunRise>05:50</sunRise>
        <sunSet>21:47</sunSet>
        <gain>-2 </gain>
      </data>
    </Ephemeride>
    <Ephemeride>
      <titledate>18/07/22</titledate>
      <titleday>lundi</titleday>
      <data>
        <sunRise>05:51</sunRise>
        <sunSet>21:46</sunSet>
        <gain>-2 </gain>
      </data>
    </Ephemeride>
    <Ephemeride>
      <titledate>19/07/22</titledate>
      <titleday>mardi</titleday>
      <data>
        <sunRise>05:52</sunRise>
        <sunSet>21:45</sunSet>
        <gain>-2 </gain>
      </data>
    </Ephemeride>
    <Ephemeride>
      <titledate>20/07/22</titledate>
      <titleday>mercredi</titleday>
      <data>
        <sunRise>05:54</sunRise>
        <sunSet>21:44</sunSet>
        <gain>-3 </gain>
      </data>
    </Ephemeride>
  </Ephemerides>
  <indices>
    <indice>
      <titledate>17/07/22</titledate>
      <titleday>dimanche</titleday>
      <data>
        <value>4</value>
        <evaluation>assez bonne</evaluation>
      </data>
    </indice>
    <indice>
      <titledate>18/07/22</titledate>
      <titleday>lundi</titleday>
      <data>
        <value>6</value>
        <evaluation>médiocre</evaluation>
      </data>
    </indice>
    <indice>
      <titledate>19/07/22</titledate>
      <titleday>mardi</titleday>
      <data>
        <value>6</value>
        <evaluation>médiocre</evaluation>
      </data>
    </indice>
  </indices>
</meteo>

--- ENF OF RECEIVED DATA ---

<?xml version='1.0' encoding='UTF-8'?>
<meteo>
  <generationDate>17/07/2022 05:02</generationDate>
  <forecast date="20220717" period="PM">
    <titledate>17/07/22</titledate>
    <titleday>dimanche</titleday>
    <data>
      <city>Ostende</city>
      <tempMax>26 </tempMax>
      <weathertype>TJ2</weathertype>
    </data>
    <data>
      <city>Anvers</city>
      <tempMax>28 </tempMax>
      <weathertype>TJ2</weathertype>
    </data>
    <data>
      <city>Bruxelles</city>
      <tempMax>27 </tempMax>
      <weathertype>TJ1</weathertype>
    </data>
    <data>
      <city>Namur</city>
      <tempMax>26 </tempMax>
      <weathertype>TJ1</weathertype>
    </data>
    <data>
      <city>Liege</city>
      <tempMax>28 </tempMax>
      <weathertype>TJ1</weathertype>
    </data>
    <data>
      <city>Arlon</city>
      <tempMax>24 </tempMax>
      <weathertype>TJ1</weathertype>
    </data>
  </forecast>
  <forecast date="20220717" period="NIGHT">
    <titledate>17/07/22</titledate>
    <titleday>dimanche</titleday>
    <data>
      <city>Ostende</city>
      <tempMin>16 </tempMin>
      <weathertype>TNN1</weathertype>
    </data>
    <data>
      <city>Anvers</city>
      <tempMin>15 </tempMin>
      <weathertype>TNN1</weathertype>
    </data>
    <data>
      <city>Bruxelles</city>
      <tempMin>15 </tempMin>
      <weathertype>TNN1</weathertype>
    </data>
    <data>
      <city>Namur</city>
      <tempMin>13 </tempMin>
      <weathertype>TNN1</weathertype>
    </data>
    <data>
      <city>Liege</city>
      <tempMin>14 </tempMin>
      <weathertype>TNN1</weathertype>
    </data>
    <data>
      <city>Arlon</city>
      <tempMin>14 </tempMin>
      <weathertype>TNN1</weathertype>
    </data>
  </forecast>
  <forecast date="20220718" period="AM">
    <titledate>18/07/22</titledate>
    <titleday>lundi</titleday>
    <data>
      <city>Ostende</city>
      <tempMax>26 </tempMax>
      <weathertype>TJ1</weathertype>
    </data>
    <data>
      <city>Anvers</city>
      <tempMax>27 </tempMax>
      <weathertype>TJ2</weathertype>
    </data>
    <data>
      <city>Bruxelles</city>
      <tempMax>28 </tempMax>
      <weathertype>TJ1</weathertype>
    </data>
    <data>
      <city>Namur</city>
      <tempMax>27 </tempMax>
      <weathertype>TJ1</weathertype>
    </data>
    <data>
      <city>Liege</city>
      <tempMax>28 </tempMax>
      <weathertype>TJ2</weathertype>
    </data>
    <data>
      <city>Arlon</city>
      <tempMax>25 </tempMax>
      <weathertype>TJ1</weathertype>
    </data>
  </forecast>
  <forecast date="20220718" period="PM">
    <titledate>18/07/22</titledate>
    <titleday>lundi</titleday>
    <data>
      <city>Ostende</city>
      <tempMax>29 </tempMax>
      <weathertype>TJ1</weathertype>
    </data>
    <data>
      <city>Anvers</city>
      <tempMax>34 </tempMax>
      <weathertype>TJ2</weathertype>
    </data>
    <data>
      <city>Bruxelles</city>
      <tempMax>34 </tempMax>
      <weathertype>TJ1</weathertype>
    </data>
    <data>
      <city>Namur</city>
      <tempMax>32 </tempMax>
      <weathertype>TJ1</weathertype>
    </data>
    <data>
      <city>Liege</city>
      <tempMax>34 </tempMax>
      <weathertype>TJ2</weathertype>
    </data>
    <data>
      <city>Arlon</city>
      <tempMax>31 </tempMax>
      <weathertype>TJ1</weathertype>
    </data>
  </forecast>
  <forecast date="20220719" period="DAY">
    <titledate>19/07/22</titledate>
    <titleday>mardi</titleday>
    <data>
      <city>Ostende</city>
      <tempMin>19 </tempMin>
      <tempMax>36 </tempMax>
      <weathertype>TJ2</weathertype>
    </data>
    <data>
      <city>Anvers</city>
      <tempMin>20 </tempMin>
      <tempMax>38 </tempMax>
      <weathertype>TJ2</weathertype>
    </data>
    <data>
      <city>Bruxelles</city>
      <tempMin>20 </tempMin>
      <tempMax>38 </tempMax>
      <weathertype>TJ2</weathertype>
    </data>
    <data>
      <city>Namur</city>
      <tempMin>19 </tempMin>
      <tempMax>33 </tempMax>
      <weathertype>TJ1</weathertype>
    </data>
    <data>
      <city>Liege</city>
      <tempMin>21 </tempMin>
      <tempMax>38 </tempMax>
      <weathertype>TJ1</weathertype>
    </data>
    <data>
      <city>Arlon</city>
      <tempMin>19 </tempMin>
      <tempMax>33 </tempMax>
      <weathertype>TJ1</weathertype>
    </data>
  </forecast>
  <forecast date="20220720" period="DAY">
    <titledate>20/07/22</titledate>
    <titleday>mercredi</titleday>
    <data>
      <city>Ostende</city>
      <tempMin>18 </tempMin>
      <tempMax>24 </tempMax>
      <weathertype>TJ11</weathertype>
    </data>
    <data>
      <city>Anvers</city>
      <tempMin>18 </tempMin>
      <tempMax>27 </tempMax>
      <weathertype>TJ12</weathertype>
    </data>
    <data>
      <city>Bruxelles</city>
      <tempMin>18 </tempMin>
      <tempMax>27 </tempMax>
      <weathertype>TJ12</weathertype>
    </data>
    <data>
      <city>Namur</city>
      <tempMin>11 </tempMin>
      <tempMax>24 </tempMax>
      <weathertype>TJ12</weathertype>
    </data>
    <data>
      <city>Liege</city>
      <tempMin>18 </tempMin>
      <tempMax>28 </tempMax>
      <weathertype>TJ12</weathertype>
    </data>
    <data>
      <city>Arlon</city>
      <tempMin>11 </tempMin>
      <tempMax>24 </tempMax>
      <weathertype>TJ12</weathertype>
    </data>
  </forecast>
  <forecast date="20220721" period="DAY">
    <titledate>21/07/22</titledate>
    <titleday>jeudi</titleday>
    <data>
      <city>Ostende</city>
      <tempMin>17 </tempMin>
      <tempMax>21 </tempMax>
      <weathertype>TJ2</weathertype>
    </data>
    <data>
      <city>Anvers</city>
      <tempMin>14 </tempMin>
      <tempMax>25 </tempMax>
      <weathertype>TJ2</weathertype>
    </data>
    <data>
      <city>Bruxelles</city>
      <tempMin>14 </tempMin>
      <tempMax>25 </tempMax>
      <weathertype>TJ2</weathertype>
    </data>
    <data>
      <city>Namur</city>
      <tempMin>14 </tempMin>
      <tempMax>23 </tempMax>
      <weathertype>TJ2</weathertype>
    </data>
    <data>
      <city>Liege</city>
      <tempMin>14 </tempMin>
      <tempMax>26 </tempMax>
      <weathertype>TJ2</weathertype>
    </data>
    <data>
      <city>Arlon</city>
      <tempMin>14 </tempMin>
      <tempMax>23 </tempMax>
      <weathertype>TJ2</weathertype>
    </data>
  </forecast>
  <forecast_foreign date="20220717" period="DAY">
    <titledate>17/07/22</titledate>
    <titleday>dimanche</titleday>
    <data>
      <city>Paris</city>
      <temp>22 </temp>
      <weathertype>TJ4</weathertype>
    </data>
    <data>
      <city>Londres</city>
      <temp>22 </temp>
      <weathertype>TJ1</weathertype>
    </data>
    <data>
      <city>Amsterdam</city>
      <temp>16 </temp>
      <weathertype>TJ2</weathertype>
    </data>
  </forecast_foreign>
  <forecast_foreign date="20220718" period="DAY">
    <titledate>18/07/22</titledate>
    <titleday>lundi</titleday>
    <data>
      <city>Paris</city>
      <temp>26 </temp>
      <weathertype>TJ1</weathertype>
    </data>
    <data>
      <city>Londres</city>
      <temp>26 </temp>
      <weathertype>TJ1</weathertype>
    </data>
    <data>
      <city>Amsterdam</city>
      <temp>21 </temp>
      <weathertype>TJ1</weathertype>
    </data>
  </forecast_foreign>
  <Ephemerides>
    <Ephemeride>
      <titledate>17/07/22</titledate>
      <titleday>dimanche</titleday>
      <data>
        <sunRise>05:50</sunRise>
        <sunSet>21:47</sunSet>
        <gain>-2 </gain>
      </data>
    </Ephemeride>
    <Ephemeride>
      <titledate>18/07/22</titledate>
      <titleday>lundi</titleday>
      <data>
        <sunRise>05:51</sunRise>
        <sunSet>21:46</sunSet>
        <gain>-2 </gain>
      </data>
    </Ephemeride>
    <Ephemeride>
      <titledate>19/07/22</titledate>
      <titleday>mardi</titleday>
      <data>
        <sunRise>05:52</sunRise>
        <sunSet>21:45</sunSet>
        <gain>-2 </gain>
      </data>
    </Ephemeride>
    <Ephemeride>
      <titledate>20/07/22</titledate>
      <titleday>mercredi</titleday>
      <data>
        <sunRise>05:54</sunRise>
        <sunSet>21:44</sunSet>
        <gain>-3 </gain>
      </data>
    </Ephemeride>
  </Ephemerides>
  <indices>
    <indice>
      <titledate>17/07/22</titledate>
      <titleday>dimanche</titleday>
      <data>
        <value>4</value>
        <evaluation>assez bonne</evaluation>
      </data>
    </indice>
    <indice>
      <titledate>18/07/22</titledate>
      <titleday>lundi</titleday>
      <data>
        <value>6</value>
        <evaluation>médiocre</evaluation>
      </data>
    </indice>
    <indice>
      <titledate>19/07/22</titledate>
      <titleday>mardi</titleday>
      <data>
        <value>6</value>
        <evaluation>médiocre</evaluation>
      </data>
    </indice>
  </indices>
</meteo>

--- ENF OF RECEIVED DATA ---

