________________________________________________
|             CALL API : START                |
________________________________________________

Informations : 
Called API: meteo - 10 August 2024, 21:40
Method: GETMETEO - Timeout : 300 - Cache : 1
URL CALLED : https://api.openweathermap.org/data/2.5/forecast/daily?q=Brussels,be&units=metric&cnt=4&appid=ea18c0706135505149200c3836f29800
-------------------------
________________________________________________
|             CALL API : START                |
________________________________________________

Informations : 
Called API: meteo - 10 August 2024, 21:40
Method: GETMETEO - Timeout : 300 - Cache : 1
URL CALLED : https://api.openweathermap.org/data/2.5/forecast/daily?q=Brussels,be&units=metric&cnt=4&appid=ea18c0706135505149200c3836f29800
-------------------------
{"city":{"id":2800866,"name":"Brussels","coord":{"lon":4.3488,"lat":50.8504},"country":"BE","population":1019022,"timezone":7200},"cod":"200","message":0.0550603,"cnt":4,"list":[{"dt":1723287600,"sunrise":1723263770,"sunset":1723317188,"temp":{"day":23.49,"min":13.95,"max":25.76,"night":21.03,"eve":23.94,"morn":14.04},"feels_like":{"day":23.38,"night":21.04,"eve":23.98,"morn":13.98},"pressure":1021,"humidity":57,"weather":[{"id":800,"main":"Clear","description":"sky is clear","icon":"01d"}],"speed":4.77,"deg":237,"gust":8.89,"clouds":7,"pop":0},{"dt":1723374000,"sunrise":1723350262,"sunset":1723403478,"temp":{"day":25.13,"min":16.49,"max":27.42,"night":21.25,"eve":26.65,"morn":16.72},"feels_like":{"day":25.24,"night":21.44,"eve":26.65,"morn":16.56},"pressure":1021,"humidity":59,"weather":[{"id":800,"main":"Clear","description":"sky is clear","icon":"01d"}],"speed":3.97,"deg":76,"gust":9.72,"clouds":0,"pop":0},{"dt":1723460400,"sunrise":1723436755,"sunset":1723489767,"temp":{"day":29.99,"min":18.5,"max":32.57,"night":26.31,"eve":31.41,"morn":18.66},"feels_like":{"day":31.87,"night":26.31,"eve":35.2,"morn":18.75},"pressure":1010,"humidity":55,"weather":[{"id":801,"main":"Clouds","description":"few clouds","icon":"02d"}],"speed":4.01,"deg":78,"gust":9.85,"clouds":12,"pop":0},{"dt":1723546800,"sunrise":1723523247,"sunset":1723576055,"temp":{"day":27.83,"min":19.53,"max":28.95,"night":19.53,"eve":23.48,"morn":21.42},"feels_like":{"day":29.2,"night":19.73,"eve":23.92,"morn":21.68},"pressure":1010,"humidity":60,"weather":[{"id":501,"main":"Rain","description":"moderate rain","icon":"10d"}],"speed":5.13,"deg":289,"gust":8.21,"clouds":85,"pop":1,"rain":4.68}]}
--- ENF OF RECEIVED DATA ---

{"city":{"id":2800866,"name":"Brussels","coord":{"lon":4.3488,"lat":50.8504},"country":"BE","population":1019022,"timezone":7200},"cod":"200","message":0.0550603,"cnt":4,"list":[{"dt":1723287600,"sunrise":1723263770,"sunset":1723317188,"temp":{"day":23.49,"min":13.95,"max":25.76,"night":21.03,"eve":23.94,"morn":14.04},"feels_like":{"day":23.38,"night":21.04,"eve":23.98,"morn":13.98},"pressure":1021,"humidity":57,"weather":[{"id":800,"main":"Clear","description":"sky is clear","icon":"01d"}],"speed":4.77,"deg":237,"gust":8.89,"clouds":7,"pop":0},{"dt":1723374000,"sunrise":1723350262,"sunset":1723403478,"temp":{"day":25.13,"min":16.49,"max":27.42,"night":21.25,"eve":26.65,"morn":16.72},"feels_like":{"day":25.24,"night":21.44,"eve":26.65,"morn":16.56},"pressure":1021,"humidity":59,"weather":[{"id":800,"main":"Clear","description":"sky is clear","icon":"01d"}],"speed":3.97,"deg":76,"gust":9.72,"clouds":0,"pop":0},{"dt":1723460400,"sunrise":1723436755,"sunset":1723489767,"temp":{"day":29.99,"min":18.5,"max":32.57,"night":26.31,"eve":31.41,"morn":18.66},"feels_like":{"day":31.87,"night":26.31,"eve":35.2,"morn":18.75},"pressure":1010,"humidity":55,"weather":[{"id":801,"main":"Clouds","description":"few clouds","icon":"02d"}],"speed":4.01,"deg":78,"gust":9.85,"clouds":12,"pop":0},{"dt":1723546800,"sunrise":1723523247,"sunset":1723576055,"temp":{"day":27.83,"min":19.53,"max":28.95,"night":19.53,"eve":23.48,"morn":21.42},"feels_like":{"day":29.2,"night":19.73,"eve":23.92,"morn":21.68},"pressure":1010,"humidity":60,"weather":[{"id":501,"main":"Rain","description":"moderate rain","icon":"10d"}],"speed":5.13,"deg":289,"gust":8.21,"clouds":85,"pop":1,"rain":4.68}]}
--- ENF OF RECEIVED DATA ---

