________________________________________________
|             CALL API : START                |
________________________________________________

Informations : 
Called API: meteo - 11 March 2024, 01:10
Method: GETMETEO - Timeout : 300 - Cache : 1
URL CALLED : https://api.openweathermap.org/data/2.5/forecast/daily?q=Brussels,be&units=metric&cnt=4&appid=ea18c0706135505149200c3836f29800
-------------------------
________________________________________________
|             CALL API : START                |
________________________________________________

Informations : 
Called API: meteo - 11 March 2024, 01:10
Method: GETMETEO - Timeout : 300 - Cache : 1
URL CALLED : https://api.openweathermap.org/data/2.5/forecast/daily?q=Brussels,be&units=metric&cnt=4&appid=ea18c0706135505149200c3836f29800
-------------------------
{"city":{"id":2800866,"name":"Brussels","coord":{"lon":4.3488,"lat":50.8504},"country":"BE","population":1019022,"timezone":3600},"cod":"200","message":0.0878638,"cnt":4,"list":[{"dt":1710154800,"sunrise":1710137089,"sunset":1710178827,"temp":{"day":9.02,"min":7.41,"max":9.25,"night":7.73,"eve":8.1,"morn":7.69},"feels_like":{"day":6.34,"night":5.53,"eve":5.91,"morn":5.31},"pressure":1003,"humidity":88,"weather":[{"id":501,"main":"Rain","description":"moderate rain","icon":"10d"}],"speed":5.07,"deg":253,"gust":8.62,"clouds":100,"pop":1,"rain":10.76},{"dt":1710241200,"sunrise":1710223356,"sunset":1710265327,"temp":{"day":8.89,"min":6.58,"max":11.19,"night":8.97,"eve":8.4,"morn":6.65},"feels_like":{"day":6.53,"night":6.45,"eve":6.02,"morn":3.77},"pressure":1016,"humidity":75,"weather":[{"id":501,"main":"Rain","description":"moderate rain","icon":"10d"}],"speed":4.96,"deg":233,"gust":11.54,"clouds":100,"pop":1,"rain":6.14},{"dt":1710327600,"sunrise":1710309622,"sunset":1710351826,"temp":{"day":13.67,"min":9.44,"max":15.65,"night":10.78,"eve":14.04,"morn":9.86},"feels_like":{"day":13,"night":10.16,"eve":13.38,"morn":7.53},"pressure":1016,"humidity":73,"weather":[{"id":500,"main":"Rain","description":"light rain","icon":"10d"}],"speed":6.34,"deg":236,"gust":11.54,"clouds":100,"pop":0.8,"rain":0.28},{"dt":1710414000,"sunrise":1710395888,"sunset":1710438326,"temp":{"day":15.7,"min":7.83,"max":16,"night":11.7,"eve":12.75,"morn":7.83},"feels_like":{"day":14.94,"night":11.12,"eve":12.14,"morn":5.5},"pressure":1015,"humidity":62,"weather":[{"id":804,"main":"Clouds","description":"overcast clouds","icon":"04d"}],"speed":5.27,"deg":200,"gust":11.03,"clouds":99,"pop":0}]}
--- ENF OF RECEIVED DATA ---

{"city":{"id":2800866,"name":"Brussels","coord":{"lon":4.3488,"lat":50.8504},"country":"BE","population":1019022,"timezone":3600},"cod":"200","message":0.0878638,"cnt":4,"list":[{"dt":1710154800,"sunrise":1710137089,"sunset":1710178827,"temp":{"day":9.02,"min":7.41,"max":9.25,"night":7.73,"eve":8.1,"morn":7.69},"feels_like":{"day":6.34,"night":5.53,"eve":5.91,"morn":5.31},"pressure":1003,"humidity":88,"weather":[{"id":501,"main":"Rain","description":"moderate rain","icon":"10d"}],"speed":5.07,"deg":253,"gust":8.62,"clouds":100,"pop":1,"rain":10.76},{"dt":1710241200,"sunrise":1710223356,"sunset":1710265327,"temp":{"day":8.89,"min":6.58,"max":11.19,"night":8.97,"eve":8.4,"morn":6.65},"feels_like":{"day":6.53,"night":6.45,"eve":6.02,"morn":3.77},"pressure":1016,"humidity":75,"weather":[{"id":501,"main":"Rain","description":"moderate rain","icon":"10d"}],"speed":4.96,"deg":233,"gust":11.54,"clouds":100,"pop":1,"rain":6.14},{"dt":1710327600,"sunrise":1710309622,"sunset":1710351826,"temp":{"day":13.67,"min":9.44,"max":15.65,"night":10.78,"eve":14.04,"morn":9.86},"feels_like":{"day":13,"night":10.16,"eve":13.38,"morn":7.53},"pressure":1016,"humidity":73,"weather":[{"id":500,"main":"Rain","description":"light rain","icon":"10d"}],"speed":6.34,"deg":236,"gust":11.54,"clouds":100,"pop":0.8,"rain":0.28},{"dt":1710414000,"sunrise":1710395888,"sunset":1710438326,"temp":{"day":15.7,"min":7.83,"max":16,"night":11.7,"eve":12.75,"morn":7.83},"feels_like":{"day":14.94,"night":11.12,"eve":12.14,"morn":5.5},"pressure":1015,"humidity":62,"weather":[{"id":804,"main":"Clouds","description":"overcast clouds","icon":"04d"}],"speed":5.27,"deg":200,"gust":11.03,"clouds":99,"pop":0}]}
--- ENF OF RECEIVED DATA ---

