________________________________________________
|             CALL API : START                |
________________________________________________

Informations : 
Called API: meteo - 9 February 2025, 06:20
Method: GETMETEO - Timeout : 300 - Cache : 1
URL CALLED : https://api.openweathermap.org/data/2.5/forecast/daily?q=Brussels,be&units=metric&cnt=4&appid=ea18c0706135505149200c3836f29800
-------------------------
________________________________________________
|             CALL API : START                |
________________________________________________

Informations : 
Called API: meteo - 9 February 2025, 06:20
Method: GETMETEO - Timeout : 300 - Cache : 1
URL CALLED : https://api.openweathermap.org/data/2.5/forecast/daily?q=Brussels,be&units=metric&cnt=4&appid=ea18c0706135505149200c3836f29800
-------------------------
{"city":{"id":2800866,"name":"Brussels","coord":{"lon":4.3488,"lat":50.8504},"country":"BE","population":1019022,"timezone":3600},"cod":"200","message":0.8890404,"cnt":4,"list":[{"dt":1739098800,"sunrise":1739084754,"sunset":1739119671,"temp":{"day":5.53,"min":3.9,"max":7.46,"night":5.43,"eve":5.8,"morn":3.9},"feels_like":{"day":3.74,"night":4.03,"eve":3.95,"morn":2.29},"pressure":1029,"humidity":85,"weather":[{"id":500,"main":"Rain","description":"light rain","icon":"10d"}],"speed":3.83,"deg":231,"gust":6.94,"clouds":100,"pop":1,"rain":2.29},{"dt":1739185200,"sunrise":1739171050,"sunset":1739206179,"temp":{"day":3.55,"min":0.31,"max":5.24,"night":4.63,"eve":4.69,"morn":1.06},"feels_like":{"day":-0.18,"night":0.75,"eve":0.82,"morn":-2.61},"pressure":1024,"humidity":76,"weather":[{"id":501,"main":"Rain","description":"moderate rain","icon":"10d"}],"speed":5.56,"deg":76,"gust":10.37,"clouds":89,"pop":1,"rain":5.1},{"dt":1739271600,"sunrise":1739257344,"sunset":1739292687,"temp":{"day":3.27,"min":2.13,"max":4.84,"night":3.08,"eve":2.34,"morn":4.17},"feels_like":{"day":0.99,"night":0.86,"eve":-0.11,"morn":2.76},"pressure":1018,"humidity":97,"weather":[{"id":616,"main":"Snow","description":"rain and snow","icon":"13d"}],"speed":5.26,"deg":91,"gust":10.63,"clouds":100,"pop":1,"rain":8.46,"snow":1.24},{"dt":1739358000,"sunrise":1739343637,"sunset":1739379194,"temp":{"day":3.56,"min":0.76,"max":3.56,"night":0.76,"eve":2.27,"morn":2.17},"feels_like":{"day":0.53,"night":-3.12,"eve":-0.81,"morn":-0.65},"pressure":1020,"humidity":85,"weather":[{"id":616,"main":"Snow","description":"rain and snow","icon":"13d"}],"speed":3.81,"deg":334,"gust":8.3,"clouds":100,"pop":0.2,"rain":0.17,"snow":0.13}]}
--- ENF OF RECEIVED DATA ---

{"city":{"id":2800866,"name":"Brussels","coord":{"lon":4.3488,"lat":50.8504},"country":"BE","population":1019022,"timezone":3600},"cod":"200","message":0.8890404,"cnt":4,"list":[{"dt":1739098800,"sunrise":1739084754,"sunset":1739119671,"temp":{"day":5.53,"min":3.9,"max":7.46,"night":5.43,"eve":5.8,"morn":3.9},"feels_like":{"day":3.74,"night":4.03,"eve":3.95,"morn":2.29},"pressure":1029,"humidity":85,"weather":[{"id":500,"main":"Rain","description":"light rain","icon":"10d"}],"speed":3.83,"deg":231,"gust":6.94,"clouds":100,"pop":1,"rain":2.29},{"dt":1739185200,"sunrise":1739171050,"sunset":1739206179,"temp":{"day":3.55,"min":0.31,"max":5.24,"night":4.63,"eve":4.69,"morn":1.06},"feels_like":{"day":-0.18,"night":0.75,"eve":0.82,"morn":-2.61},"pressure":1024,"humidity":76,"weather":[{"id":501,"main":"Rain","description":"moderate rain","icon":"10d"}],"speed":5.56,"deg":76,"gust":10.37,"clouds":89,"pop":1,"rain":5.1},{"dt":1739271600,"sunrise":1739257344,"sunset":1739292687,"temp":{"day":3.27,"min":2.13,"max":4.84,"night":3.08,"eve":2.34,"morn":4.17},"feels_like":{"day":0.99,"night":0.86,"eve":-0.11,"morn":2.76},"pressure":1018,"humidity":97,"weather":[{"id":616,"main":"Snow","description":"rain and snow","icon":"13d"}],"speed":5.26,"deg":91,"gust":10.63,"clouds":100,"pop":1,"rain":8.46,"snow":1.24},{"dt":1739358000,"sunrise":1739343637,"sunset":1739379194,"temp":{"day":3.56,"min":0.76,"max":3.56,"night":0.76,"eve":2.27,"morn":2.17},"feels_like":{"day":0.53,"night":-3.12,"eve":-0.81,"morn":-0.65},"pressure":1020,"humidity":85,"weather":[{"id":616,"main":"Snow","description":"rain and snow","icon":"13d"}],"speed":3.81,"deg":334,"gust":8.3,"clouds":100,"pop":0.2,"rain":0.17,"snow":0.13}]}
--- ENF OF RECEIVED DATA ---

