________________________________________________
|             CALL API : START                |
________________________________________________

Informations : 
Called API: meteo - 9 October 2023, 00:50
Method: GETMETEO - Timeout : 300 - Cache : 1
URL CALLED : https://api.openweathermap.org/data/2.5/forecast/daily?q=Brussels,be&units=metric&cnt=4&appid=ea18c0706135505149200c3836f29800
-------------------------
________________________________________________
|             CALL API : START                |
________________________________________________

Informations : 
Called API: meteo - 9 October 2023, 00:50
Method: GETMETEO - Timeout : 300 - Cache : 1
URL CALLED : https://api.openweathermap.org/data/2.5/forecast/daily?q=Brussels,be&units=metric&cnt=4&appid=ea18c0706135505149200c3836f29800
-------------------------
{"city":{"id":2800866,"name":"Brussels","coord":{"lon":4.3488,"lat":50.8504},"country":"BE","population":1019022,"timezone":7200},"cod":"200","message":6.0763888,"cnt":4,"list":[{"dt":1696849200,"sunrise":1696830893,"sunset":1696871089,"temp":{"day":21.96,"min":13.82,"max":22.95,"night":16.77,"eve":19.05,"morn":14.03},"feels_like":{"day":21.49,"night":16.33,"eve":18.6,"morn":13.32},"pressure":1022,"humidity":49,"weather":[{"id":804,"main":"Clouds","description":"overcast clouds","icon":"04d"}],"speed":3.91,"deg":251,"gust":7.97,"clouds":97,"pop":0},{"dt":1696935600,"sunrise":1696917390,"sunset":1696957358,"temp":{"day":20.91,"min":12.56,"max":23.74,"night":16.23,"eve":19.3,"morn":12.61},"feels_like":{"day":20.44,"night":15.58,"eve":18.8,"morn":11.88},"pressure":1020,"humidity":53,"weather":[{"id":804,"main":"Clouds","description":"overcast clouds","icon":"04d"}],"speed":5.11,"deg":236,"gust":11.25,"clouds":100,"pop":0},{"dt":1697022000,"sunrise":1697003887,"sunset":1697043628,"temp":{"day":21.21,"min":14.14,"max":22.78,"night":18.11,"eve":19.41,"morn":14.37},"feels_like":{"day":20.74,"night":17.73,"eve":18.82,"morn":13.69},"pressure":1016,"humidity":52,"weather":[{"id":804,"main":"Clouds","description":"overcast clouds","icon":"04d"}],"speed":7.62,"deg":239,"gust":14.54,"clouds":96,"pop":0.34},{"dt":1697108400,"sunrise":1697090385,"sunset":1697129899,"temp":{"day":15.93,"min":12.69,"max":16.57,"night":13.13,"eve":13.45,"morn":12.69},"feels_like":{"day":15.09,"night":12.33,"eve":12.63,"morn":12.1},"pressure":1022,"humidity":58,"weather":[{"id":500,"main":"Rain","description":"light rain","icon":"10d"}],"speed":4.42,"deg":319,"gust":7.83,"clouds":100,"pop":0.86,"rain":1.41}]}
--- ENF OF RECEIVED DATA ---

{"city":{"id":2800866,"name":"Brussels","coord":{"lon":4.3488,"lat":50.8504},"country":"BE","population":1019022,"timezone":7200},"cod":"200","message":6.0763888,"cnt":4,"list":[{"dt":1696849200,"sunrise":1696830893,"sunset":1696871089,"temp":{"day":21.96,"min":13.82,"max":22.95,"night":16.77,"eve":19.05,"morn":14.03},"feels_like":{"day":21.49,"night":16.33,"eve":18.6,"morn":13.32},"pressure":1022,"humidity":49,"weather":[{"id":804,"main":"Clouds","description":"overcast clouds","icon":"04d"}],"speed":3.91,"deg":251,"gust":7.97,"clouds":97,"pop":0},{"dt":1696935600,"sunrise":1696917390,"sunset":1696957358,"temp":{"day":20.91,"min":12.56,"max":23.74,"night":16.23,"eve":19.3,"morn":12.61},"feels_like":{"day":20.44,"night":15.58,"eve":18.8,"morn":11.88},"pressure":1020,"humidity":53,"weather":[{"id":804,"main":"Clouds","description":"overcast clouds","icon":"04d"}],"speed":5.11,"deg":236,"gust":11.25,"clouds":100,"pop":0},{"dt":1697022000,"sunrise":1697003887,"sunset":1697043628,"temp":{"day":21.21,"min":14.14,"max":22.78,"night":18.11,"eve":19.41,"morn":14.37},"feels_like":{"day":20.74,"night":17.73,"eve":18.82,"morn":13.69},"pressure":1016,"humidity":52,"weather":[{"id":804,"main":"Clouds","description":"overcast clouds","icon":"04d"}],"speed":7.62,"deg":239,"gust":14.54,"clouds":96,"pop":0.34},{"dt":1697108400,"sunrise":1697090385,"sunset":1697129899,"temp":{"day":15.93,"min":12.69,"max":16.57,"night":13.13,"eve":13.45,"morn":12.69},"feels_like":{"day":15.09,"night":12.33,"eve":12.63,"morn":12.1},"pressure":1022,"humidity":58,"weather":[{"id":500,"main":"Rain","description":"light rain","icon":"10d"}],"speed":4.42,"deg":319,"gust":7.83,"clouds":100,"pop":0.86,"rain":1.41}]}
--- ENF OF RECEIVED DATA ---

