________________________________________________
|             CALL API : START                |
________________________________________________

Informations : 
Called API: meteo - 18 September 2024, 07:10
Method: GETMETEO - Timeout : 300 - Cache : 1
URL CALLED : https://api.openweathermap.org/data/2.5/forecast/daily?q=Brussels,be&units=metric&cnt=4&appid=ea18c0706135505149200c3836f29800
-------------------------
________________________________________________
|             CALL API : START                |
________________________________________________

Informations : 
Called API: meteo - 18 September 2024, 07:10
Method: GETMETEO - Timeout : 300 - Cache : 1
URL CALLED : https://api.openweathermap.org/data/2.5/forecast/daily?q=Brussels,be&units=metric&cnt=4&appid=ea18c0706135505149200c3836f29800
-------------------------
{"city":{"id":2800866,"name":"Brussels","coord":{"lon":4.3488,"lat":50.8504},"country":"BE","population":1019022,"timezone":7200},"cod":"200","message":0.3653032,"cnt":4,"list":[{"dt":1726657200,"sunrise":1726636984,"sunset":1726681823,"temp":{"day":21.88,"min":13.55,"max":24.28,"night":18.56,"eve":21.52,"morn":13.59},"feels_like":{"day":21.56,"night":18.04,"eve":21.11,"morn":13.41},"pressure":1025,"humidity":55,"weather":[{"id":801,"main":"Clouds","description":"few clouds","icon":"02d"}],"speed":7.11,"deg":63,"gust":14.59,"clouds":20,"pop":0},{"dt":1726743600,"sunrise":1726723476,"sunset":1726768086,"temp":{"day":22.94,"min":14.04,"max":24.6,"night":16.99,"eve":21.62,"morn":14.14},"feels_like":{"day":22.46,"night":16.39,"eve":21.09,"morn":13.57},"pressure":1022,"humidity":45,"weather":[{"id":500,"main":"Rain","description":"light rain","icon":"10d"}],"speed":7.2,"deg":81,"gust":14.05,"clouds":1,"pop":0.74,"rain":0.17},{"dt":1726830000,"sunrise":1726809969,"sunset":1726854350,"temp":{"day":20.57,"min":12.7,"max":22.77,"night":16.55,"eve":20.34,"morn":12.98},"feels_like":{"day":20.09,"night":16.25,"eve":20.07,"morn":12.32},"pressure":1020,"humidity":54,"weather":[{"id":800,"main":"Clear","description":"sky is clear","icon":"01d"}],"speed":5.77,"deg":88,"gust":13.14,"clouds":2,"pop":0.12},{"dt":1726916400,"sunrise":1726896461,"sunset":1726940613,"temp":{"day":23.26,"min":13.88,"max":23.76,"night":16.8,"eve":18.71,"morn":13.88},"feels_like":{"day":22.92,"night":16.29,"eve":18.23,"morn":13.41},"pressure":1019,"humidity":49,"weather":[{"id":800,"main":"Clear","description":"sky is clear","icon":"01d"}],"speed":3.51,"deg":90,"gust":5.07,"clouds":5,"pop":0}]}
--- ENF OF RECEIVED DATA ---

{"city":{"id":2800866,"name":"Brussels","coord":{"lon":4.3488,"lat":50.8504},"country":"BE","population":1019022,"timezone":7200},"cod":"200","message":0.3653032,"cnt":4,"list":[{"dt":1726657200,"sunrise":1726636984,"sunset":1726681823,"temp":{"day":21.88,"min":13.55,"max":24.28,"night":18.56,"eve":21.52,"morn":13.59},"feels_like":{"day":21.56,"night":18.04,"eve":21.11,"morn":13.41},"pressure":1025,"humidity":55,"weather":[{"id":801,"main":"Clouds","description":"few clouds","icon":"02d"}],"speed":7.11,"deg":63,"gust":14.59,"clouds":20,"pop":0},{"dt":1726743600,"sunrise":1726723476,"sunset":1726768086,"temp":{"day":22.94,"min":14.04,"max":24.6,"night":16.99,"eve":21.62,"morn":14.14},"feels_like":{"day":22.46,"night":16.39,"eve":21.09,"morn":13.57},"pressure":1022,"humidity":45,"weather":[{"id":500,"main":"Rain","description":"light rain","icon":"10d"}],"speed":7.2,"deg":81,"gust":14.05,"clouds":1,"pop":0.74,"rain":0.17},{"dt":1726830000,"sunrise":1726809969,"sunset":1726854350,"temp":{"day":20.57,"min":12.7,"max":22.77,"night":16.55,"eve":20.34,"morn":12.98},"feels_like":{"day":20.09,"night":16.25,"eve":20.07,"morn":12.32},"pressure":1020,"humidity":54,"weather":[{"id":800,"main":"Clear","description":"sky is clear","icon":"01d"}],"speed":5.77,"deg":88,"gust":13.14,"clouds":2,"pop":0.12},{"dt":1726916400,"sunrise":1726896461,"sunset":1726940613,"temp":{"day":23.26,"min":13.88,"max":23.76,"night":16.8,"eve":18.71,"morn":13.88},"feels_like":{"day":22.92,"night":16.29,"eve":18.23,"morn":13.41},"pressure":1019,"humidity":49,"weather":[{"id":800,"main":"Clear","description":"sky is clear","icon":"01d"}],"speed":3.51,"deg":90,"gust":5.07,"clouds":5,"pop":0}]}
--- ENF OF RECEIVED DATA ---

