________________________________________________
|             CALL API : START                |
________________________________________________

Informations : 
Called API: meteo - 5 December 2023, 04:00
Method: GETMETEO - Timeout : 300 - Cache : 1
URL CALLED : https://api.openweathermap.org/data/2.5/forecast/daily?q=Brussels,be&units=metric&cnt=4&appid=ea18c0706135505149200c3836f29800
-------------------------
________________________________________________
|             CALL API : START                |
________________________________________________

Informations : 
Called API: meteo - 5 December 2023, 04:00
Method: GETMETEO - Timeout : 300 - Cache : 1
URL CALLED : https://api.openweathermap.org/data/2.5/forecast/daily?q=Brussels,be&units=metric&cnt=4&appid=ea18c0706135505149200c3836f29800
-------------------------
{"city":{"id":2800866,"name":"Brussels","coord":{"lon":4.3488,"lat":50.8504},"country":"BE","population":1019022,"timezone":3600},"cod":"200","message":8.8015079,"cnt":4,"list":[{"dt":1701774000,"sunrise":1701761271,"sunset":1701790716,"temp":{"day":3.93,"min":3.88,"max":5.38,"night":4.5,"eve":4.54,"morn":5.27},"feels_like":{"day":0.94,"night":1.77,"eve":2.23,"morn":4.43},"pressure":1004,"humidity":97,"weather":[{"id":500,"main":"Rain","description":"light rain","icon":"10d"}],"speed":3.38,"deg":309,"gust":8.31,"clouds":100,"pop":1,"rain":1.63},{"dt":1701860400,"sunrise":1701847745,"sunset":1701877091,"temp":{"day":6.23,"min":2.68,"max":7.08,"night":2.68,"eve":3.75,"morn":4.73},"feels_like":{"day":4.4,"night":0.21,"eve":1.33,"morn":2.2},"pressure":1017,"humidity":78,"weather":[{"id":500,"main":"Rain","description":"light rain","icon":"10d"}],"speed":3.39,"deg":294,"gust":7.47,"clouds":98,"pop":0.29,"rain":0.14},{"dt":1701946800,"sunrise":1701934217,"sunset":1701963469,"temp":{"day":5.24,"min":1.94,"max":5.9,"night":4.75,"eve":4.73,"morn":2.19},"feels_like":{"day":1.39,"night":0.19,"eve":0.68,"morn":-1},"pressure":1016,"humidity":74,"weather":[{"id":500,"main":"Rain","description":"light rain","icon":"10d"}],"speed":6.99,"deg":164,"gust":16.32,"clouds":100,"pop":1,"rain":1.71},{"dt":1702033200,"sunrise":1702020686,"sunset":1702049851,"temp":{"day":8.88,"min":5.84,"max":8.88,"night":7.5,"eve":8.24,"morn":6.32},"feels_like":{"day":6.22,"night":3.88,"eve":5.3,"morn":3.22},"pressure":1010,"humidity":88,"weather":[{"id":500,"main":"Rain","description":"light rain","icon":"10d"}],"speed":6.52,"deg":207,"gust":13.43,"clouds":100,"pop":1,"rain":0.62}]}
--- ENF OF RECEIVED DATA ---

{"city":{"id":2800866,"name":"Brussels","coord":{"lon":4.3488,"lat":50.8504},"country":"BE","population":1019022,"timezone":3600},"cod":"200","message":8.8015079,"cnt":4,"list":[{"dt":1701774000,"sunrise":1701761271,"sunset":1701790716,"temp":{"day":3.93,"min":3.88,"max":5.38,"night":4.5,"eve":4.54,"morn":5.27},"feels_like":{"day":0.94,"night":1.77,"eve":2.23,"morn":4.43},"pressure":1004,"humidity":97,"weather":[{"id":500,"main":"Rain","description":"light rain","icon":"10d"}],"speed":3.38,"deg":309,"gust":8.31,"clouds":100,"pop":1,"rain":1.63},{"dt":1701860400,"sunrise":1701847745,"sunset":1701877091,"temp":{"day":6.23,"min":2.68,"max":7.08,"night":2.68,"eve":3.75,"morn":4.73},"feels_like":{"day":4.4,"night":0.21,"eve":1.33,"morn":2.2},"pressure":1017,"humidity":78,"weather":[{"id":500,"main":"Rain","description":"light rain","icon":"10d"}],"speed":3.39,"deg":294,"gust":7.47,"clouds":98,"pop":0.29,"rain":0.14},{"dt":1701946800,"sunrise":1701934217,"sunset":1701963469,"temp":{"day":5.24,"min":1.94,"max":5.9,"night":4.75,"eve":4.73,"morn":2.19},"feels_like":{"day":1.39,"night":0.19,"eve":0.68,"morn":-1},"pressure":1016,"humidity":74,"weather":[{"id":500,"main":"Rain","description":"light rain","icon":"10d"}],"speed":6.99,"deg":164,"gust":16.32,"clouds":100,"pop":1,"rain":1.71},{"dt":1702033200,"sunrise":1702020686,"sunset":1702049851,"temp":{"day":8.88,"min":5.84,"max":8.88,"night":7.5,"eve":8.24,"morn":6.32},"feels_like":{"day":6.22,"night":3.88,"eve":5.3,"morn":3.22},"pressure":1010,"humidity":88,"weather":[{"id":500,"main":"Rain","description":"light rain","icon":"10d"}],"speed":6.52,"deg":207,"gust":13.43,"clouds":100,"pop":1,"rain":0.62}]}
--- ENF OF RECEIVED DATA ---

