________________________________________________
|             CALL API : START                |
________________________________________________

Informations : 
Called API: meteo - 27 August 2023, 05:40
Method: GETMETEO - Timeout : 300 - Cache : 1
URL CALLED : https://api.openweathermap.org/data/2.5/forecast/daily?q=Brussels,be&units=metric&cnt=4&appid=ea18c0706135505149200c3836f29800
-------------------------
________________________________________________
|             CALL API : START                |
________________________________________________

Informations : 
Called API: meteo - 27 August 2023, 05:40
Method: GETMETEO - Timeout : 300 - Cache : 1
URL CALLED : https://api.openweathermap.org/data/2.5/forecast/daily?q=Brussels,be&units=metric&cnt=4&appid=ea18c0706135505149200c3836f29800
-------------------------
{"city":{"id":2800866,"name":"Brussels","coord":{"lon":4.3488,"lat":50.8504},"country":"BE","population":1019022,"timezone":7200},"cod":"200","message":5.2509091,"cnt":4,"list":[{"dt":1693134000,"sunrise":1693111682,"sunset":1693161655,"temp":{"day":19.78,"min":12.98,"max":21.07,"night":13.63,"eve":18.55,"morn":13.22},"feels_like":{"day":19.22,"night":13.06,"eve":17.92,"morn":13.03},"pressure":1009,"humidity":54,"weather":[{"id":500,"main":"Rain","description":"light rain","icon":"10d"}],"speed":6.38,"deg":249,"gust":9.63,"clouds":35,"pop":0.4,"rain":0.69},{"dt":1693220400,"sunrise":1693198175,"sunset":1693247928,"temp":{"day":20.33,"min":11.17,"max":20.73,"night":14.66,"eve":17.68,"morn":11.17},"feels_like":{"day":19.8,"night":14.56,"eve":17.49,"morn":10.77},"pressure":1011,"humidity":53,"weather":[{"id":500,"main":"Rain","description":"light rain","icon":"10d"}],"speed":4.74,"deg":323,"gust":7.36,"clouds":42,"pop":0.82,"rain":2.15},{"dt":1693306800,"sunrise":1693284668,"sunset":1693334200,"temp":{"day":20.17,"min":12.78,"max":21.1,"night":13.79,"eve":19.29,"morn":12.78},"feels_like":{"day":19.63,"night":13.34,"eve":18.87,"morn":12.57},"pressure":1012,"humidity":53,"weather":[{"id":803,"main":"Clouds","description":"broken clouds","icon":"04d"}],"speed":3.34,"deg":309,"gust":5.93,"clouds":57,"pop":0.14},{"dt":1693393200,"sunrise":1693371161,"sunset":1693420471,"temp":{"day":19.44,"min":12.26,"max":19.44,"night":12.34,"eve":16.26,"morn":14.05},"feels_like":{"day":19.08,"night":11.56,"eve":15.59,"morn":13.52},"pressure":1009,"humidity":63,"weather":[{"id":500,"main":"Rain","description":"light rain","icon":"10d"}],"speed":4.47,"deg":324,"gust":7.91,"clouds":80,"pop":0.8,"rain":3.95}]}
--- ENF OF RECEIVED DATA ---

{"city":{"id":2800866,"name":"Brussels","coord":{"lon":4.3488,"lat":50.8504},"country":"BE","population":1019022,"timezone":7200},"cod":"200","message":5.2509091,"cnt":4,"list":[{"dt":1693134000,"sunrise":1693111682,"sunset":1693161655,"temp":{"day":19.78,"min":12.98,"max":21.07,"night":13.63,"eve":18.55,"morn":13.22},"feels_like":{"day":19.22,"night":13.06,"eve":17.92,"morn":13.03},"pressure":1009,"humidity":54,"weather":[{"id":500,"main":"Rain","description":"light rain","icon":"10d"}],"speed":6.38,"deg":249,"gust":9.63,"clouds":35,"pop":0.4,"rain":0.69},{"dt":1693220400,"sunrise":1693198175,"sunset":1693247928,"temp":{"day":20.33,"min":11.17,"max":20.73,"night":14.66,"eve":17.68,"morn":11.17},"feels_like":{"day":19.8,"night":14.56,"eve":17.49,"morn":10.77},"pressure":1011,"humidity":53,"weather":[{"id":500,"main":"Rain","description":"light rain","icon":"10d"}],"speed":4.74,"deg":323,"gust":7.36,"clouds":42,"pop":0.82,"rain":2.15},{"dt":1693306800,"sunrise":1693284668,"sunset":1693334200,"temp":{"day":20.17,"min":12.78,"max":21.1,"night":13.79,"eve":19.29,"morn":12.78},"feels_like":{"day":19.63,"night":13.34,"eve":18.87,"morn":12.57},"pressure":1012,"humidity":53,"weather":[{"id":803,"main":"Clouds","description":"broken clouds","icon":"04d"}],"speed":3.34,"deg":309,"gust":5.93,"clouds":57,"pop":0.14},{"dt":1693393200,"sunrise":1693371161,"sunset":1693420471,"temp":{"day":19.44,"min":12.26,"max":19.44,"night":12.34,"eve":16.26,"morn":14.05},"feels_like":{"day":19.08,"night":11.56,"eve":15.59,"morn":13.52},"pressure":1009,"humidity":63,"weather":[{"id":500,"main":"Rain","description":"light rain","icon":"10d"}],"speed":4.47,"deg":324,"gust":7.91,"clouds":80,"pop":0.8,"rain":3.95}]}
--- ENF OF RECEIVED DATA ---

