________________________________________________
|             CALL API : START                |
________________________________________________

Informations : 
Called API: meteo - 13 October 2023, 01:20
Method: GETMETEO - Timeout : 300 - Cache : 1
URL CALLED : https://api.openweathermap.org/data/2.5/forecast/daily?q=Brussels,be&units=metric&cnt=4&appid=ea18c0706135505149200c3836f29800
-------------------------
________________________________________________
|             CALL API : START                |
________________________________________________

Informations : 
Called API: meteo - 13 October 2023, 01:20
Method: GETMETEO - Timeout : 300 - Cache : 1
URL CALLED : https://api.openweathermap.org/data/2.5/forecast/daily?q=Brussels,be&units=metric&cnt=4&appid=ea18c0706135505149200c3836f29800
-------------------------
{"city":{"id":2800866,"name":"Brussels","coord":{"lon":4.3488,"lat":50.8504},"country":"BE","population":1019022,"timezone":7200},"cod":"200","message":7.4487885,"cnt":4,"list":[{"dt":1697194800,"sunrise":1697176883,"sunset":1697216170,"temp":{"day":21.39,"min":17.04,"max":21.79,"night":20.16,"eve":21.7,"morn":17.47},"feels_like":{"day":21.05,"night":19.85,"eve":21.23,"morn":17.62},"pressure":1007,"humidity":56,"weather":[{"id":500,"main":"Rain","description":"light rain","icon":"10d"}],"speed":11.82,"deg":225,"gust":20.6,"clouds":97,"pop":0.4,"rain":0.42},{"dt":1697281200,"sunrise":1697263382,"sunset":1697302443,"temp":{"day":13.69,"min":7.89,"max":17.92,"night":7.89,"eve":9.92,"morn":9.65},"feels_like":{"day":12.39,"night":6.1,"eve":8.11,"morn":7.23},"pressure":1018,"humidity":49,"weather":[{"id":501,"main":"Rain","description":"moderate rain","icon":"10d"}],"speed":10.13,"deg":232,"gust":17.46,"clouds":55,"pop":0.78,"rain":3.33},{"dt":1697367600,"sunrise":1697349881,"sunset":1697388716,"temp":{"day":12.01,"min":6.26,"max":12.27,"night":6.45,"eve":7.57,"morn":7.18},"feels_like":{"day":10.42,"night":5.66,"eve":6.35,"morn":4.92},"pressure":1024,"humidity":44,"weather":[{"id":500,"main":"Rain","description":"light rain","icon":"10d"}],"speed":5.57,"deg":307,"gust":8.89,"clouds":8,"pop":0.46,"rain":0.56},{"dt":1697454000,"sunrise":1697436380,"sunset":1697474990,"temp":{"day":11.74,"min":5.62,"max":11.78,"night":8.56,"eve":9.54,"morn":5.62},"feels_like":{"day":10.35,"night":6.24,"eve":7.23,"morn":3.65},"pressure":1020,"humidity":53,"weather":[{"id":804,"main":"Clouds","description":"overcast clouds","icon":"04d"}],"speed":5.16,"deg":69,"gust":9.76,"clouds":100,"pop":0}]}
--- ENF OF RECEIVED DATA ---

{"city":{"id":2800866,"name":"Brussels","coord":{"lon":4.3488,"lat":50.8504},"country":"BE","population":1019022,"timezone":7200},"cod":"200","message":7.4487885,"cnt":4,"list":[{"dt":1697194800,"sunrise":1697176883,"sunset":1697216170,"temp":{"day":21.39,"min":17.04,"max":21.79,"night":20.16,"eve":21.7,"morn":17.47},"feels_like":{"day":21.05,"night":19.85,"eve":21.23,"morn":17.62},"pressure":1007,"humidity":56,"weather":[{"id":500,"main":"Rain","description":"light rain","icon":"10d"}],"speed":11.82,"deg":225,"gust":20.6,"clouds":97,"pop":0.4,"rain":0.42},{"dt":1697281200,"sunrise":1697263382,"sunset":1697302443,"temp":{"day":13.69,"min":7.89,"max":17.92,"night":7.89,"eve":9.92,"morn":9.65},"feels_like":{"day":12.39,"night":6.1,"eve":8.11,"morn":7.23},"pressure":1018,"humidity":49,"weather":[{"id":501,"main":"Rain","description":"moderate rain","icon":"10d"}],"speed":10.13,"deg":232,"gust":17.46,"clouds":55,"pop":0.78,"rain":3.33},{"dt":1697367600,"sunrise":1697349881,"sunset":1697388716,"temp":{"day":12.01,"min":6.26,"max":12.27,"night":6.45,"eve":7.57,"morn":7.18},"feels_like":{"day":10.42,"night":5.66,"eve":6.35,"morn":4.92},"pressure":1024,"humidity":44,"weather":[{"id":500,"main":"Rain","description":"light rain","icon":"10d"}],"speed":5.57,"deg":307,"gust":8.89,"clouds":8,"pop":0.46,"rain":0.56},{"dt":1697454000,"sunrise":1697436380,"sunset":1697474990,"temp":{"day":11.74,"min":5.62,"max":11.78,"night":8.56,"eve":9.54,"morn":5.62},"feels_like":{"day":10.35,"night":6.24,"eve":7.23,"morn":3.65},"pressure":1020,"humidity":53,"weather":[{"id":804,"main":"Clouds","description":"overcast clouds","icon":"04d"}],"speed":5.16,"deg":69,"gust":9.76,"clouds":100,"pop":0}]}
--- ENF OF RECEIVED DATA ---

