________________________________________________
|             CALL API : START                |
________________________________________________

Informations : 
Called API: meteo - 5 November 2023, 01:30
Method: GETMETEO - Timeout : 300 - Cache : 1
URL CALLED : https://api.openweathermap.org/data/2.5/forecast/daily?q=Brussels,be&units=metric&cnt=4&appid=ea18c0706135505149200c3836f29800
-------------------------
________________________________________________
|             CALL API : START                |
________________________________________________

Informations : 
Called API: meteo - 5 November 2023, 01:30
Method: GETMETEO - Timeout : 300 - Cache : 1
URL CALLED : https://api.openweathermap.org/data/2.5/forecast/daily?q=Brussels,be&units=metric&cnt=4&appid=ea18c0706135505149200c3836f29800
-------------------------
{"city":{"id":2800866,"name":"Brussels","coord":{"lon":4.3488,"lat":50.8504},"country":"BE","population":1019022,"timezone":3600},"cod":"200","message":0.1444308,"cnt":4,"list":[{"dt":1699182000,"sunrise":1699166429,"sunset":1699200711,"temp":{"day":11.69,"min":9.28,"max":11.7,"night":9.65,"eve":10.21,"morn":9.49},"feels_like":{"day":10.98,"night":6.07,"eve":9.32,"morn":6.53},"pressure":979,"humidity":79,"weather":[{"id":500,"main":"Rain","description":"light rain","icon":"10d"}],"speed":9.86,"deg":262,"gust":16.4,"clouds":77,"pop":1,"rain":2.26},{"dt":1699268400,"sunrise":1699252933,"sunset":1699287012,"temp":{"day":11.64,"min":8.05,"max":12.23,"night":8.15,"eve":8.97,"morn":8.47},"feels_like":{"day":10.77,"night":4.73,"eve":5.83,"morn":4.49},"pressure":1001,"humidity":73,"weather":[{"id":500,"main":"Rain","description":"light rain","icon":"10d"}],"speed":9.63,"deg":220,"gust":16.55,"clouds":16,"pop":0.86,"rain":1.75},{"dt":1699354800,"sunrise":1699339437,"sunset":1699373315,"temp":{"day":10.72,"min":7.76,"max":10.72,"night":7.95,"eve":8.44,"morn":7.84},"feels_like":{"day":9.83,"night":4.44,"eve":5.5,"morn":4.82},"pressure":1011,"humidity":76,"weather":[{"id":500,"main":"Rain","description":"light rain","icon":"10d"}],"speed":7.43,"deg":223,"gust":13.77,"clouds":69,"pop":0.62,"rain":2.27},{"dt":1699441200,"sunrise":1699425940,"sunset":1699459620,"temp":{"day":10.88,"min":6.5,"max":10.88,"night":7.2,"eve":9.61,"morn":6.5},"feels_like":{"day":10.03,"night":4.52,"eve":6.6,"morn":2.64},"pressure":1009,"humidity":77,"weather":[{"id":500,"main":"Rain","description":"light rain","icon":"10d"}],"speed":11.68,"deg":208,"gust":22.07,"clouds":93,"pop":1,"rain":2.77}]}
--- ENF OF RECEIVED DATA ---

{"city":{"id":2800866,"name":"Brussels","coord":{"lon":4.3488,"lat":50.8504},"country":"BE","population":1019022,"timezone":3600},"cod":"200","message":0.1444308,"cnt":4,"list":[{"dt":1699182000,"sunrise":1699166429,"sunset":1699200711,"temp":{"day":11.69,"min":9.28,"max":11.7,"night":9.65,"eve":10.21,"morn":9.49},"feels_like":{"day":10.98,"night":6.07,"eve":9.32,"morn":6.53},"pressure":979,"humidity":79,"weather":[{"id":500,"main":"Rain","description":"light rain","icon":"10d"}],"speed":9.86,"deg":262,"gust":16.4,"clouds":77,"pop":1,"rain":2.26},{"dt":1699268400,"sunrise":1699252933,"sunset":1699287012,"temp":{"day":11.64,"min":8.05,"max":12.23,"night":8.15,"eve":8.97,"morn":8.47},"feels_like":{"day":10.77,"night":4.73,"eve":5.83,"morn":4.49},"pressure":1001,"humidity":73,"weather":[{"id":500,"main":"Rain","description":"light rain","icon":"10d"}],"speed":9.63,"deg":220,"gust":16.55,"clouds":16,"pop":0.86,"rain":1.75},{"dt":1699354800,"sunrise":1699339437,"sunset":1699373315,"temp":{"day":10.72,"min":7.76,"max":10.72,"night":7.95,"eve":8.44,"morn":7.84},"feels_like":{"day":9.83,"night":4.44,"eve":5.5,"morn":4.82},"pressure":1011,"humidity":76,"weather":[{"id":500,"main":"Rain","description":"light rain","icon":"10d"}],"speed":7.43,"deg":223,"gust":13.77,"clouds":69,"pop":0.62,"rain":2.27},{"dt":1699441200,"sunrise":1699425940,"sunset":1699459620,"temp":{"day":10.88,"min":6.5,"max":10.88,"night":7.2,"eve":9.61,"morn":6.5},"feels_like":{"day":10.03,"night":4.52,"eve":6.6,"morn":2.64},"pressure":1009,"humidity":77,"weather":[{"id":500,"main":"Rain","description":"light rain","icon":"10d"}],"speed":11.68,"deg":208,"gust":22.07,"clouds":93,"pop":1,"rain":2.77}]}
--- ENF OF RECEIVED DATA ---

