________________________________________________
|             CALL API : START                |
________________________________________________

Informations : 
Called API: meteo - 22 February 2025, 12:50
Method: GETMETEO - Timeout : 300 - Cache : 1
URL CALLED : https://api.openweathermap.org/data/2.5/forecast/daily?q=Brussels,be&units=metric&cnt=4&appid=ea18c0706135505149200c3836f29800
-------------------------
________________________________________________
|             CALL API : START                |
________________________________________________

Informations : 
Called API: meteo - 22 February 2025, 12:50
Method: GETMETEO - Timeout : 300 - Cache : 1
URL CALLED : https://api.openweathermap.org/data/2.5/forecast/daily?q=Brussels,be&units=metric&cnt=4&appid=ea18c0706135505149200c3836f29800
-------------------------
{"city":{"id":2800866,"name":"Brussels","coord":{"lon":4.3488,"lat":50.8504},"country":"BE","population":1019022,"timezone":3600},"cod":"200","message":1.1949244,"cnt":4,"list":[{"dt":1740222000,"sunrise":1740206491,"sunset":1740244260,"temp":{"day":12.07,"min":7.48,"max":12.27,"night":7.48,"eve":10.21,"morn":11.49},"feels_like":{"day":11.53,"night":4.68,"eve":9.4,"morn":10.71},"pressure":1013,"humidity":84,"weather":[{"id":500,"main":"Rain","description":"light rain","icon":"10d"}],"speed":7.17,"deg":189,"gust":14.68,"clouds":80,"pop":1,"rain":3.18},{"dt":1740308400,"sunrise":1740292770,"sunset":1740330765,"temp":{"day":11.69,"min":5.08,"max":13.56,"night":8.94,"eve":10.94,"morn":5.44},"feels_like":{"day":10.72,"night":5.85,"eve":10,"morn":2.74},"pressure":1028,"humidity":69,"weather":[{"id":800,"main":"Clear","description":"sky is clear","icon":"01d"}],"speed":6.13,"deg":197,"gust":14.84,"clouds":0,"pop":0},{"dt":1740394800,"sunrise":1740379048,"sunset":1740417270,"temp":{"day":11.44,"min":8.27,"max":11.44,"night":8.27,"eve":9.45,"morn":9.79},"feels_like":{"day":10.49,"night":6.1,"eve":6.57,"morn":6.53},"pressure":1020,"humidity":71,"weather":[{"id":500,"main":"Rain","description":"light rain","icon":"10d"}],"speed":7.61,"deg":191,"gust":16.24,"clouds":100,"pop":1,"rain":3.25},{"dt":1740481200,"sunrise":1740465325,"sunset":1740503774,"temp":{"day":10.22,"min":6.43,"max":11.46,"night":6.76,"eve":7.45,"morn":6.66},"feels_like":{"day":9.31,"night":4.84,"eve":5.22,"morn":4.88},"pressure":1016,"humidity":77,"weather":[{"id":500,"main":"Rain","description":"light rain","icon":"10d"}],"speed":3.71,"deg":299,"gust":6.98,"clouds":100,"pop":0.2,"rain":0.11}]}
--- ENF OF RECEIVED DATA ---

{"city":{"id":2800866,"name":"Brussels","coord":{"lon":4.3488,"lat":50.8504},"country":"BE","population":1019022,"timezone":3600},"cod":"200","message":1.1949244,"cnt":4,"list":[{"dt":1740222000,"sunrise":1740206491,"sunset":1740244260,"temp":{"day":12.07,"min":7.48,"max":12.27,"night":7.48,"eve":10.21,"morn":11.49},"feels_like":{"day":11.53,"night":4.68,"eve":9.4,"morn":10.71},"pressure":1013,"humidity":84,"weather":[{"id":500,"main":"Rain","description":"light rain","icon":"10d"}],"speed":7.17,"deg":189,"gust":14.68,"clouds":80,"pop":1,"rain":3.18},{"dt":1740308400,"sunrise":1740292770,"sunset":1740330765,"temp":{"day":11.69,"min":5.08,"max":13.56,"night":8.94,"eve":10.94,"morn":5.44},"feels_like":{"day":10.72,"night":5.85,"eve":10,"morn":2.74},"pressure":1028,"humidity":69,"weather":[{"id":800,"main":"Clear","description":"sky is clear","icon":"01d"}],"speed":6.13,"deg":197,"gust":14.84,"clouds":0,"pop":0},{"dt":1740394800,"sunrise":1740379048,"sunset":1740417270,"temp":{"day":11.44,"min":8.27,"max":11.44,"night":8.27,"eve":9.45,"morn":9.79},"feels_like":{"day":10.49,"night":6.1,"eve":6.57,"morn":6.53},"pressure":1020,"humidity":71,"weather":[{"id":500,"main":"Rain","description":"light rain","icon":"10d"}],"speed":7.61,"deg":191,"gust":16.24,"clouds":100,"pop":1,"rain":3.25},{"dt":1740481200,"sunrise":1740465325,"sunset":1740503774,"temp":{"day":10.22,"min":6.43,"max":11.46,"night":6.76,"eve":7.45,"morn":6.66},"feels_like":{"day":9.31,"night":4.84,"eve":5.22,"morn":4.88},"pressure":1016,"humidity":77,"weather":[{"id":500,"main":"Rain","description":"light rain","icon":"10d"}],"speed":3.71,"deg":299,"gust":6.98,"clouds":100,"pop":0.2,"rain":0.11}]}
--- ENF OF RECEIVED DATA ---

