________________________________________________
|             CALL API : START                |
________________________________________________

Informations : 
Called API: meteo - 27 September 2024, 06:50
Method: GETMETEO - Timeout : 300 - Cache : 1
URL CALLED : https://api.openweathermap.org/data/2.5/forecast/daily?q=Brussels,be&units=metric&cnt=4&appid=ea18c0706135505149200c3836f29800
-------------------------
________________________________________________
|             CALL API : START                |
________________________________________________

Informations : 
Called API: meteo - 27 September 2024, 06:50
Method: GETMETEO - Timeout : 300 - Cache : 1
URL CALLED : https://api.openweathermap.org/data/2.5/forecast/daily?q=Brussels,be&units=metric&cnt=4&appid=ea18c0706135505149200c3836f29800
-------------------------
{"city":{"id":2800866,"name":"Brussels","coord":{"lon":4.3488,"lat":50.8504},"country":"BE","population":1019022,"timezone":7200},"cod":"200","message":0.0357043,"cnt":4,"list":[{"dt":1727434800,"sunrise":1727415421,"sunset":1727458194,"temp":{"day":14.91,"min":11.65,"max":14.95,"night":11.65,"eve":12.26,"morn":11.91},"feels_like":{"day":14.21,"night":10.93,"eve":11.89,"morn":11.27},"pressure":997,"humidity":67,"weather":[{"id":501,"main":"Rain","description":"moderate rain","icon":"10d"}],"speed":9.92,"deg":231,"gust":17.39,"clouds":49,"pop":1,"rain":4.48},{"dt":1727521200,"sunrise":1727501914,"sunset":1727544458,"temp":{"day":12.93,"min":8.52,"max":14.34,"night":10.71,"eve":11.82,"morn":9.14},"feels_like":{"day":11.98,"night":9.48,"eve":10.65,"morn":7.63},"pressure":1021,"humidity":65,"weather":[{"id":500,"main":"Rain","description":"light rain","icon":"10d"}],"speed":5.6,"deg":312,"gust":9.68,"clouds":97,"pop":1,"rain":3.19},{"dt":1727607600,"sunrise":1727588408,"sunset":1727630723,"temp":{"day":13.58,"min":6.89,"max":14.72,"night":11.85,"eve":12.81,"morn":7.29},"feels_like":{"day":12.48,"night":10.87,"eve":11.84,"morn":6.24},"pressure":1027,"humidity":57,"weather":[{"id":804,"main":"Clouds","description":"overcast clouds","icon":"04d"}],"speed":4.69,"deg":128,"gust":11.55,"clouds":93,"pop":0},{"dt":1727694000,"sunrise":1727674903,"sunset":1727716988,"temp":{"day":15.11,"min":11.36,"max":15.11,"night":13.9,"eve":13.88,"morn":11.99},"feels_like":{"day":14.71,"night":13.72,"eve":13.52,"morn":10.94},"pressure":1008,"humidity":78,"weather":[{"id":500,"main":"Rain","description":"light rain","icon":"10d"}],"speed":9.26,"deg":224,"gust":16.27,"clouds":95,"pop":1,"rain":2.08}]}
--- ENF OF RECEIVED DATA ---

{"city":{"id":2800866,"name":"Brussels","coord":{"lon":4.3488,"lat":50.8504},"country":"BE","population":1019022,"timezone":7200},"cod":"200","message":0.0357043,"cnt":4,"list":[{"dt":1727434800,"sunrise":1727415421,"sunset":1727458194,"temp":{"day":14.91,"min":11.65,"max":14.95,"night":11.65,"eve":12.26,"morn":11.91},"feels_like":{"day":14.21,"night":10.93,"eve":11.89,"morn":11.27},"pressure":997,"humidity":67,"weather":[{"id":501,"main":"Rain","description":"moderate rain","icon":"10d"}],"speed":9.92,"deg":231,"gust":17.39,"clouds":49,"pop":1,"rain":4.48},{"dt":1727521200,"sunrise":1727501914,"sunset":1727544458,"temp":{"day":12.93,"min":8.52,"max":14.34,"night":10.71,"eve":11.82,"morn":9.14},"feels_like":{"day":11.98,"night":9.48,"eve":10.65,"morn":7.63},"pressure":1021,"humidity":65,"weather":[{"id":500,"main":"Rain","description":"light rain","icon":"10d"}],"speed":5.6,"deg":312,"gust":9.68,"clouds":97,"pop":1,"rain":3.19},{"dt":1727607600,"sunrise":1727588408,"sunset":1727630723,"temp":{"day":13.58,"min":6.89,"max":14.72,"night":11.85,"eve":12.81,"morn":7.29},"feels_like":{"day":12.48,"night":10.87,"eve":11.84,"morn":6.24},"pressure":1027,"humidity":57,"weather":[{"id":804,"main":"Clouds","description":"overcast clouds","icon":"04d"}],"speed":4.69,"deg":128,"gust":11.55,"clouds":93,"pop":0},{"dt":1727694000,"sunrise":1727674903,"sunset":1727716988,"temp":{"day":15.11,"min":11.36,"max":15.11,"night":13.9,"eve":13.88,"morn":11.99},"feels_like":{"day":14.71,"night":13.72,"eve":13.52,"morn":10.94},"pressure":1008,"humidity":78,"weather":[{"id":500,"main":"Rain","description":"light rain","icon":"10d"}],"speed":9.26,"deg":224,"gust":16.27,"clouds":95,"pop":1,"rain":2.08}]}
--- ENF OF RECEIVED DATA ---

