________________________________________________
|             CALL API : START                |
________________________________________________

Informations : 
Called API: meteo - 13 October 2024, 09:30
Method: GETMETEO - Timeout : 300 - Cache : 1
URL CALLED : https://api.openweathermap.org/data/2.5/forecast/daily?q=Brussels,be&units=metric&cnt=4&appid=ea18c0706135505149200c3836f29800
-------------------------
________________________________________________
|             CALL API : START                |
________________________________________________

Informations : 
Called API: meteo - 13 October 2024, 09:30
Method: GETMETEO - Timeout : 300 - Cache : 1
URL CALLED : https://api.openweathermap.org/data/2.5/forecast/daily?q=Brussels,be&units=metric&cnt=4&appid=ea18c0706135505149200c3836f29800
-------------------------
{"city":{"id":2800866,"name":"Brussels","coord":{"lon":4.3488,"lat":50.8504},"country":"BE","population":1019022,"timezone":7200},"cod":"200","message":1.7221235,"cnt":4,"list":[{"dt":1728817200,"sunrise":1728799357,"sunset":1728838475,"temp":{"day":10.89,"min":7.38,"max":12.67,"night":8.17,"eve":10.26,"morn":7.38},"feels_like":{"day":9.73,"night":8.17,"eve":9.06,"morn":4.04},"pressure":1018,"humidity":65,"weather":[{"id":500,"main":"Rain","description":"light rain","icon":"10d"}],"speed":7.02,"deg":247,"gust":14.36,"clouds":80,"pop":0.2,"rain":0.13},{"dt":1728903600,"sunrise":1728885855,"sunset":1728924748,"temp":{"day":10.46,"min":7.16,"max":12.71,"night":7.22,"eve":9.45,"morn":7.98},"feels_like":{"day":9.26,"night":5.04,"eve":7.94,"morn":7.98},"pressure":1020,"humidity":65,"weather":[{"id":804,"main":"Clouds","description":"overcast clouds","icon":"04d"}],"speed":3.2,"deg":90,"gust":5.78,"clouds":100,"pop":0},{"dt":1728990000,"sunrise":1728972355,"sunset":1729011022,"temp":{"day":13.47,"min":6,"max":15.33,"night":11.83,"eve":12.56,"morn":6.49},"feels_like":{"day":12.67,"night":11.18,"eve":11.93,"morn":4.5},"pressure":1019,"humidity":69,"weather":[{"id":500,"main":"Rain","description":"light rain","icon":"10d"}],"speed":5.06,"deg":101,"gust":11.72,"clouds":100,"pop":0.22,"rain":0.11},{"dt":1729076400,"sunrise":1729058854,"sunset":1729097297,"temp":{"day":22.01,"min":11.1,"max":22.01,"night":17.93,"eve":18.91,"morn":11.85},"feels_like":{"day":21.89,"night":17.87,"eve":18.87,"morn":11.28},"pressure":1008,"humidity":62,"weather":[{"id":500,"main":"Rain","description":"light rain","icon":"10d"}],"speed":7.47,"deg":169,"gust":14.73,"clouds":88,"pop":0.36,"rain":0.25}]}
--- ENF OF RECEIVED DATA ---

{"city":{"id":2800866,"name":"Brussels","coord":{"lon":4.3488,"lat":50.8504},"country":"BE","population":1019022,"timezone":7200},"cod":"200","message":1.7221235,"cnt":4,"list":[{"dt":1728817200,"sunrise":1728799357,"sunset":1728838475,"temp":{"day":10.89,"min":7.38,"max":12.67,"night":8.17,"eve":10.26,"morn":7.38},"feels_like":{"day":9.73,"night":8.17,"eve":9.06,"morn":4.04},"pressure":1018,"humidity":65,"weather":[{"id":500,"main":"Rain","description":"light rain","icon":"10d"}],"speed":7.02,"deg":247,"gust":14.36,"clouds":80,"pop":0.2,"rain":0.13},{"dt":1728903600,"sunrise":1728885855,"sunset":1728924748,"temp":{"day":10.46,"min":7.16,"max":12.71,"night":7.22,"eve":9.45,"morn":7.98},"feels_like":{"day":9.26,"night":5.04,"eve":7.94,"morn":7.98},"pressure":1020,"humidity":65,"weather":[{"id":804,"main":"Clouds","description":"overcast clouds","icon":"04d"}],"speed":3.2,"deg":90,"gust":5.78,"clouds":100,"pop":0},{"dt":1728990000,"sunrise":1728972355,"sunset":1729011022,"temp":{"day":13.47,"min":6,"max":15.33,"night":11.83,"eve":12.56,"morn":6.49},"feels_like":{"day":12.67,"night":11.18,"eve":11.93,"morn":4.5},"pressure":1019,"humidity":69,"weather":[{"id":500,"main":"Rain","description":"light rain","icon":"10d"}],"speed":5.06,"deg":101,"gust":11.72,"clouds":100,"pop":0.22,"rain":0.11},{"dt":1729076400,"sunrise":1729058854,"sunset":1729097297,"temp":{"day":22.01,"min":11.1,"max":22.01,"night":17.93,"eve":18.91,"morn":11.85},"feels_like":{"day":21.89,"night":17.87,"eve":18.87,"morn":11.28},"pressure":1008,"humidity":62,"weather":[{"id":500,"main":"Rain","description":"light rain","icon":"10d"}],"speed":7.47,"deg":169,"gust":14.73,"clouds":88,"pop":0.36,"rain":0.25}]}
--- ENF OF RECEIVED DATA ---

