________________________________________________
|             CALL API : START                |
________________________________________________

Informations : 
Called API: meteo - 13 July 2023, 00:40
Method: GETMETEO - Timeout : 300 - Cache : 1
URL CALLED : https://api.openweathermap.org/data/2.5/forecast/daily?q=Brussels,be&units=metric&cnt=4&appid=ea18c0706135505149200c3836f29800
-------------------------
________________________________________________
|             CALL API : START                |
________________________________________________

Informations : 
Called API: meteo - 13 July 2023, 00:40
Method: GETMETEO - Timeout : 300 - Cache : 1
URL CALLED : https://api.openweathermap.org/data/2.5/forecast/daily?q=Brussels,be&units=metric&cnt=4&appid=ea18c0706135505149200c3836f29800
-------------------------
{"city":{"id":2800866,"name":"Brussels","coord":{"lon":4.3488,"lat":50.8504},"country":"BE","population":1019022,"timezone":7200},"cod":"200","message":0.0392797,"cnt":4,"list":[{"dt":1689246000,"sunrise":1689219800,"sunset":1689277970,"temp":{"day":21.88,"min":12.55,"max":23.95,"night":15.92,"eve":21.91,"morn":13.34},"feels_like":{"day":21.46,"night":15.4,"eve":21.33,"morn":13.05},"pressure":1017,"humidity":51,"weather":[{"id":500,"main":"Rain","description":"light rain","icon":"10d"}],"speed":6.95,"deg":248,"gust":10.85,"clouds":79,"pop":0.53,"rain":0.13},{"dt":1689332400,"sunrise":1689306266,"sunset":1689364319,"temp":{"day":23.62,"min":13.12,"max":26.36,"night":21.02,"eve":24.76,"morn":14.29},"feels_like":{"day":23.13,"night":20.4,"eve":24.34,"morn":13.81},"pressure":1014,"humidity":42,"weather":[{"id":804,"main":"Clouds","description":"overcast clouds","icon":"04d"}],"speed":5.29,"deg":200,"gust":11.85,"clouds":100,"pop":0},{"dt":1689418800,"sunrise":1689392733,"sunset":1689450664,"temp":{"day":24.6,"min":18.55,"max":24.6,"night":18.55,"eve":22.8,"morn":19.56},"feels_like":{"day":24.76,"night":18.21,"eve":22.62,"morn":19.03},"pressure":1005,"humidity":63,"weather":[{"id":501,"main":"Rain","description":"moderate rain","icon":"10d"}],"speed":8.42,"deg":215,"gust":15.96,"clouds":68,"pop":0.9,"rain":3.39},{"dt":1689505200,"sunrise":1689479203,"sunset":1689537007,"temp":{"day":21.34,"min":16.17,"max":22.5,"night":18.22,"eve":20.94,"morn":16.81},"feels_like":{"day":20.78,"night":17.64,"eve":20.4,"morn":16.24},"pressure":1013,"humidity":48,"weather":[{"id":804,"main":"Clouds","description":"overcast clouds","icon":"04d"}],"speed":9.76,"deg":234,"gust":15.96,"clouds":87,"pop":0.1}]}
--- ENF OF RECEIVED DATA ---

{"city":{"id":2800866,"name":"Brussels","coord":{"lon":4.3488,"lat":50.8504},"country":"BE","population":1019022,"timezone":7200},"cod":"200","message":0.0392797,"cnt":4,"list":[{"dt":1689246000,"sunrise":1689219800,"sunset":1689277970,"temp":{"day":21.88,"min":12.55,"max":23.95,"night":15.92,"eve":21.91,"morn":13.34},"feels_like":{"day":21.46,"night":15.4,"eve":21.33,"morn":13.05},"pressure":1017,"humidity":51,"weather":[{"id":500,"main":"Rain","description":"light rain","icon":"10d"}],"speed":6.95,"deg":248,"gust":10.85,"clouds":79,"pop":0.53,"rain":0.13},{"dt":1689332400,"sunrise":1689306266,"sunset":1689364319,"temp":{"day":23.62,"min":13.12,"max":26.36,"night":21.02,"eve":24.76,"morn":14.29},"feels_like":{"day":23.13,"night":20.4,"eve":24.34,"morn":13.81},"pressure":1014,"humidity":42,"weather":[{"id":804,"main":"Clouds","description":"overcast clouds","icon":"04d"}],"speed":5.29,"deg":200,"gust":11.85,"clouds":100,"pop":0},{"dt":1689418800,"sunrise":1689392733,"sunset":1689450664,"temp":{"day":24.6,"min":18.55,"max":24.6,"night":18.55,"eve":22.8,"morn":19.56},"feels_like":{"day":24.76,"night":18.21,"eve":22.62,"morn":19.03},"pressure":1005,"humidity":63,"weather":[{"id":501,"main":"Rain","description":"moderate rain","icon":"10d"}],"speed":8.42,"deg":215,"gust":15.96,"clouds":68,"pop":0.9,"rain":3.39},{"dt":1689505200,"sunrise":1689479203,"sunset":1689537007,"temp":{"day":21.34,"min":16.17,"max":22.5,"night":18.22,"eve":20.94,"morn":16.81},"feels_like":{"day":20.78,"night":17.64,"eve":20.4,"morn":16.24},"pressure":1013,"humidity":48,"weather":[{"id":804,"main":"Clouds","description":"overcast clouds","icon":"04d"}],"speed":9.76,"deg":234,"gust":15.96,"clouds":87,"pop":0.1}]}
--- ENF OF RECEIVED DATA ---

