________________________________________________
|             CALL API : START                |
________________________________________________

Informations : 
Called API: meteo - 20 March 2024, 05:00
Method: GETMETEO - Timeout : 300 - Cache : 1
URL CALLED : https://api.openweathermap.org/data/2.5/forecast/daily?q=Brussels,be&units=metric&cnt=4&appid=ea18c0706135505149200c3836f29800
-------------------------
________________________________________________
|             CALL API : START                |
________________________________________________

Informations : 
Called API: meteo - 20 March 2024, 05:00
Method: GETMETEO - Timeout : 300 - Cache : 1
URL CALLED : https://api.openweathermap.org/data/2.5/forecast/daily?q=Brussels,be&units=metric&cnt=4&appid=ea18c0706135505149200c3836f29800
-------------------------
{"city":{"id":2800866,"name":"Brussels","coord":{"lon":4.3488,"lat":50.8504},"country":"BE","population":1019022,"timezone":3600},"cod":"200","message":111.8870569,"cnt":4,"list":[{"dt":1710932400,"sunrise":1710913480,"sunset":1710957316,"temp":{"day":16.17,"min":7.39,"max":17.62,"night":12.1,"eve":15.96,"morn":7.89},"feels_like":{"day":15.38,"night":11.38,"eve":15.23,"morn":6.64},"pressure":1019,"humidity":59,"weather":[{"id":804,"main":"Clouds","description":"overcast clouds","icon":"04d"}],"speed":2.27,"deg":191,"gust":3.47,"clouds":100,"pop":0},{"dt":1711018800,"sunrise":1710999745,"sunset":1711043814,"temp":{"day":15.52,"min":9.07,"max":16.75,"night":11.15,"eve":14.74,"morn":9.29},"feels_like":{"day":14.9,"night":10.46,"eve":14.1,"morn":8.59},"pressure":1026,"humidity":68,"weather":[{"id":803,"main":"Clouds","description":"broken clouds","icon":"04d"}],"speed":3.49,"deg":292,"gust":4.44,"clouds":51,"pop":0},{"dt":1711105200,"sunrise":1711086010,"sunset":1711130311,"temp":{"day":16.43,"min":8.54,"max":18,"night":10.83,"eve":16.43,"morn":8.77},"feels_like":{"day":15.67,"night":10.03,"eve":15.75,"morn":7.12},"pressure":1018,"humidity":59,"weather":[{"id":802,"main":"Clouds","description":"scattered clouds","icon":"03d"}],"speed":5.27,"deg":247,"gust":6.78,"clouds":47,"pop":0.03},{"dt":1711191600,"sunrise":1711172274,"sunset":1711216809,"temp":{"day":7.92,"min":6.34,"max":10.05,"night":6.54,"eve":7.22,"morn":7.42},"feels_like":{"day":4.81,"night":2.19,"eve":3.3,"morn":4.74},"pressure":1014,"humidity":76,"weather":[{"id":501,"main":"Rain","description":"moderate rain","icon":"10d"}],"speed":7.95,"deg":230,"gust":12.62,"clouds":100,"pop":1,"rain":5.33}]}
--- ENF OF RECEIVED DATA ---

{"city":{"id":2800866,"name":"Brussels","coord":{"lon":4.3488,"lat":50.8504},"country":"BE","population":1019022,"timezone":3600},"cod":"200","message":111.8870569,"cnt":4,"list":[{"dt":1710932400,"sunrise":1710913480,"sunset":1710957316,"temp":{"day":16.17,"min":7.39,"max":17.62,"night":12.1,"eve":15.96,"morn":7.89},"feels_like":{"day":15.38,"night":11.38,"eve":15.23,"morn":6.64},"pressure":1019,"humidity":59,"weather":[{"id":804,"main":"Clouds","description":"overcast clouds","icon":"04d"}],"speed":2.27,"deg":191,"gust":3.47,"clouds":100,"pop":0},{"dt":1711018800,"sunrise":1710999745,"sunset":1711043814,"temp":{"day":15.52,"min":9.07,"max":16.75,"night":11.15,"eve":14.74,"morn":9.29},"feels_like":{"day":14.9,"night":10.46,"eve":14.1,"morn":8.59},"pressure":1026,"humidity":68,"weather":[{"id":803,"main":"Clouds","description":"broken clouds","icon":"04d"}],"speed":3.49,"deg":292,"gust":4.44,"clouds":51,"pop":0},{"dt":1711105200,"sunrise":1711086010,"sunset":1711130311,"temp":{"day":16.43,"min":8.54,"max":18,"night":10.83,"eve":16.43,"morn":8.77},"feels_like":{"day":15.67,"night":10.03,"eve":15.75,"morn":7.12},"pressure":1018,"humidity":59,"weather":[{"id":802,"main":"Clouds","description":"scattered clouds","icon":"03d"}],"speed":5.27,"deg":247,"gust":6.78,"clouds":47,"pop":0.03},{"dt":1711191600,"sunrise":1711172274,"sunset":1711216809,"temp":{"day":7.92,"min":6.34,"max":10.05,"night":6.54,"eve":7.22,"morn":7.42},"feels_like":{"day":4.81,"night":2.19,"eve":3.3,"morn":4.74},"pressure":1014,"humidity":76,"weather":[{"id":501,"main":"Rain","description":"moderate rain","icon":"10d"}],"speed":7.95,"deg":230,"gust":12.62,"clouds":100,"pop":1,"rain":5.33}]}
--- ENF OF RECEIVED DATA ---

