________________________________________________
|             CALL API : START                |
________________________________________________

Informations : 
Called API: meteo - 5 October 2024, 03:50
Method: GETMETEO - Timeout : 300 - Cache : 1
URL CALLED : https://api.openweathermap.org/data/2.5/forecast/daily?q=Brussels,be&units=metric&cnt=4&appid=ea18c0706135505149200c3836f29800
-------------------------
________________________________________________
|             CALL API : START                |
________________________________________________

Informations : 
Called API: meteo - 5 October 2024, 03:50
Method: GETMETEO - Timeout : 300 - Cache : 1
URL CALLED : https://api.openweathermap.org/data/2.5/forecast/daily?q=Brussels,be&units=metric&cnt=4&appid=ea18c0706135505149200c3836f29800
-------------------------
{"city":{"id":2800866,"name":"Brussels","coord":{"lon":4.3488,"lat":50.8504},"country":"BE","population":1019022,"timezone":7200},"cod":"200","message":4.3809927,"cnt":4,"list":[{"dt":1728126000,"sunrise":1728107379,"sunset":1728148318,"temp":{"day":14.64,"min":5.67,"max":15.85,"night":9.86,"eve":12.62,"morn":6.79},"feels_like":{"day":13.54,"night":8.22,"eve":11.63,"morn":5.22},"pressure":1018,"humidity":53,"weather":[{"id":800,"main":"Clear","description":"sky is clear","icon":"01d"}],"speed":3.56,"deg":130,"gust":7.68,"clouds":0,"pop":0},{"dt":1728212400,"sunrise":1728193875,"sunset":1728234585,"temp":{"day":16.17,"min":8.28,"max":16.17,"night":14.2,"eve":13.76,"morn":8.64},"feels_like":{"day":15.3,"night":13.9,"eve":13.12,"morn":6.04},"pressure":1006,"humidity":56,"weather":[{"id":804,"main":"Clouds","description":"overcast clouds","icon":"04d"}],"speed":5.63,"deg":186,"gust":11.86,"clouds":94,"pop":0},{"dt":1728298800,"sunrise":1728280371,"sunset":1728320854,"temp":{"day":15.33,"min":13.25,"max":17.86,"night":13.25,"eve":14.92,"morn":14.38},"feels_like":{"day":15.19,"night":13.01,"eve":14.74,"morn":14.3},"pressure":1005,"humidity":87,"weather":[{"id":500,"main":"Rain","description":"light rain","icon":"10d"}],"speed":6.9,"deg":207,"gust":13.43,"clouds":98,"pop":1,"rain":1.21},{"dt":1728385200,"sunrise":1728366868,"sunset":1728407122,"temp":{"day":13.58,"min":12.29,"max":14.1,"night":12.37,"eve":12.79,"morn":12.64},"feels_like":{"day":13.55,"night":12.12,"eve":12.63,"morn":12.36},"pressure":999,"humidity":98,"weather":[{"id":501,"main":"Rain","description":"moderate rain","icon":"10d"}],"speed":4.66,"deg":182,"gust":11.6,"clouds":100,"pop":1,"rain":8.7}]}
--- ENF OF RECEIVED DATA ---

{"city":{"id":2800866,"name":"Brussels","coord":{"lon":4.3488,"lat":50.8504},"country":"BE","population":1019022,"timezone":7200},"cod":"200","message":4.3809927,"cnt":4,"list":[{"dt":1728126000,"sunrise":1728107379,"sunset":1728148318,"temp":{"day":14.64,"min":5.67,"max":15.85,"night":9.86,"eve":12.62,"morn":6.79},"feels_like":{"day":13.54,"night":8.22,"eve":11.63,"morn":5.22},"pressure":1018,"humidity":53,"weather":[{"id":800,"main":"Clear","description":"sky is clear","icon":"01d"}],"speed":3.56,"deg":130,"gust":7.68,"clouds":0,"pop":0},{"dt":1728212400,"sunrise":1728193875,"sunset":1728234585,"temp":{"day":16.17,"min":8.28,"max":16.17,"night":14.2,"eve":13.76,"morn":8.64},"feels_like":{"day":15.3,"night":13.9,"eve":13.12,"morn":6.04},"pressure":1006,"humidity":56,"weather":[{"id":804,"main":"Clouds","description":"overcast clouds","icon":"04d"}],"speed":5.63,"deg":186,"gust":11.86,"clouds":94,"pop":0},{"dt":1728298800,"sunrise":1728280371,"sunset":1728320854,"temp":{"day":15.33,"min":13.25,"max":17.86,"night":13.25,"eve":14.92,"morn":14.38},"feels_like":{"day":15.19,"night":13.01,"eve":14.74,"morn":14.3},"pressure":1005,"humidity":87,"weather":[{"id":500,"main":"Rain","description":"light rain","icon":"10d"}],"speed":6.9,"deg":207,"gust":13.43,"clouds":98,"pop":1,"rain":1.21},{"dt":1728385200,"sunrise":1728366868,"sunset":1728407122,"temp":{"day":13.58,"min":12.29,"max":14.1,"night":12.37,"eve":12.79,"morn":12.64},"feels_like":{"day":13.55,"night":12.12,"eve":12.63,"morn":12.36},"pressure":999,"humidity":98,"weather":[{"id":501,"main":"Rain","description":"moderate rain","icon":"10d"}],"speed":4.66,"deg":182,"gust":11.6,"clouds":100,"pop":1,"rain":8.7}]}
--- ENF OF RECEIVED DATA ---

