________________________________________________
|             CALL API : START                |
________________________________________________

Informations : 
Called API: meteo - 22 December 2024, 06:10
Method: GETMETEO - Timeout : 300 - Cache : 1
URL CALLED : https://api.openweathermap.org/data/2.5/forecast/daily?q=Brussels,be&units=metric&cnt=4&appid=ea18c0706135505149200c3836f29800
-------------------------
________________________________________________
|             CALL API : START                |
________________________________________________

Informations : 
Called API: meteo - 22 December 2024, 06:10
Method: GETMETEO - Timeout : 300 - Cache : 1
URL CALLED : https://api.openweathermap.org/data/2.5/forecast/daily?q=Brussels,be&units=metric&cnt=4&appid=ea18c0706135505149200c3836f29800
-------------------------
{"city":{"id":2800866,"name":"Brussels","coord":{"lon":4.3488,"lat":50.8504},"country":"BE","population":1019022,"timezone":3600},"cod":"200","message":0.0228094,"cnt":4,"list":[{"dt":1734865200,"sunrise":1734853397,"sunset":1734881959,"temp":{"day":5.39,"min":1.76,"max":9.03,"night":4.27,"eve":3.79,"morn":7.34},"feels_like":{"day":0.37,"night":-0.38,"eve":-0.77,"morn":3.18},"pressure":1003,"humidity":68,"weather":[{"id":616,"main":"Snow","description":"rain and snow","icon":"13d"}],"speed":9.2,"deg":285,"gust":15.49,"clouds":100,"pop":1,"rain":8.63,"snow":1.19},{"dt":1734951600,"sunrise":1734939822,"sunset":1734968392,"temp":{"day":6.64,"min":3.88,"max":6.79,"night":3.88,"eve":4.87,"morn":5.92},"feels_like":{"day":2.39,"night":0.54,"eve":0.52,"morn":0.99},"pressure":1019,"humidity":71,"weather":[{"id":501,"main":"Rain","description":"moderate rain","icon":"10d"}],"speed":10.01,"deg":308,"gust":19.94,"clouds":98,"pop":1,"rain":5.83},{"dt":1735038000,"sunrise":1735026244,"sunset":1735054828,"temp":{"day":3.77,"min":3.39,"max":5.1,"night":5.1,"eve":4.56,"morn":3.87},"feels_like":{"day":0.59,"night":2.55,"eve":1.53,"morn":0.69},"pressure":1028,"humidity":96,"weather":[{"id":804,"main":"Clouds","description":"overcast clouds","icon":"04d"}],"speed":3.86,"deg":185,"gust":8.34,"clouds":100,"pop":0},{"dt":1735124400,"sunrise":1735112662,"sunset":1735141267,"temp":{"day":6.83,"min":4.64,"max":7.47,"night":7.47,"eve":7.25,"morn":4.96},"feels_like":{"day":5.61,"night":7.47,"eve":6.45,"morn":2.74},"pressure":1036,"humidity":80,"weather":[{"id":804,"main":"Clouds","description":"overcast clouds","icon":"04d"}],"speed":3.19,"deg":195,"gust":6.65,"clouds":95,"pop":0}]}
--- ENF OF RECEIVED DATA ---

{"city":{"id":2800866,"name":"Brussels","coord":{"lon":4.3488,"lat":50.8504},"country":"BE","population":1019022,"timezone":3600},"cod":"200","message":0.0228094,"cnt":4,"list":[{"dt":1734865200,"sunrise":1734853397,"sunset":1734881959,"temp":{"day":5.39,"min":1.76,"max":9.03,"night":4.27,"eve":3.79,"morn":7.34},"feels_like":{"day":0.37,"night":-0.38,"eve":-0.77,"morn":3.18},"pressure":1003,"humidity":68,"weather":[{"id":616,"main":"Snow","description":"rain and snow","icon":"13d"}],"speed":9.2,"deg":285,"gust":15.49,"clouds":100,"pop":1,"rain":8.63,"snow":1.19},{"dt":1734951600,"sunrise":1734939822,"sunset":1734968392,"temp":{"day":6.64,"min":3.88,"max":6.79,"night":3.88,"eve":4.87,"morn":5.92},"feels_like":{"day":2.39,"night":0.54,"eve":0.52,"morn":0.99},"pressure":1019,"humidity":71,"weather":[{"id":501,"main":"Rain","description":"moderate rain","icon":"10d"}],"speed":10.01,"deg":308,"gust":19.94,"clouds":98,"pop":1,"rain":5.83},{"dt":1735038000,"sunrise":1735026244,"sunset":1735054828,"temp":{"day":3.77,"min":3.39,"max":5.1,"night":5.1,"eve":4.56,"morn":3.87},"feels_like":{"day":0.59,"night":2.55,"eve":1.53,"morn":0.69},"pressure":1028,"humidity":96,"weather":[{"id":804,"main":"Clouds","description":"overcast clouds","icon":"04d"}],"speed":3.86,"deg":185,"gust":8.34,"clouds":100,"pop":0},{"dt":1735124400,"sunrise":1735112662,"sunset":1735141267,"temp":{"day":6.83,"min":4.64,"max":7.47,"night":7.47,"eve":7.25,"morn":4.96},"feels_like":{"day":5.61,"night":7.47,"eve":6.45,"morn":2.74},"pressure":1036,"humidity":80,"weather":[{"id":804,"main":"Clouds","description":"overcast clouds","icon":"04d"}],"speed":3.19,"deg":195,"gust":6.65,"clouds":95,"pop":0}]}
--- ENF OF RECEIVED DATA ---

