________________________________________________
|             CALL API : START                |
________________________________________________

Informations : 
Called API: meteo - 17 April 2024, 05:00
Method: GETMETEO - Timeout : 300 - Cache : 1
URL CALLED : https://api.openweathermap.org/data/2.5/forecast/daily?q=Brussels,be&units=metric&cnt=4&appid=ea18c0706135505149200c3836f29800
-------------------------
________________________________________________
|             CALL API : START                |
________________________________________________

Informations : 
Called API: meteo - 17 April 2024, 05:00
Method: GETMETEO - Timeout : 300 - Cache : 1
URL CALLED : https://api.openweathermap.org/data/2.5/forecast/daily?q=Brussels,be&units=metric&cnt=4&appid=ea18c0706135505149200c3836f29800
-------------------------
{"city":{"id":2800866,"name":"Brussels","coord":{"lon":4.3488,"lat":50.8504},"country":"BE","population":1019022,"timezone":7200},"cod":"200","message":11.4462083,"cnt":4,"list":[{"dt":1713351600,"sunrise":1713328984,"sunset":1713379241,"temp":{"day":8.07,"min":3.88,"max":8.92,"night":3.88,"eve":7.68,"morn":4.56},"feels_like":{"day":5.12,"night":1.66,"eve":4.37,"morn":1.98},"pressure":1013,"humidity":73,"weather":[{"id":500,"main":"Rain","description":"light rain","icon":"10d"}],"speed":6.29,"deg":327,"gust":8.62,"clouds":97,"pop":1,"rain":4.27},{"dt":1713438000,"sunrise":1713415260,"sunset":1713465739,"temp":{"day":11.23,"min":2.84,"max":12.21,"night":6.62,"eve":9.93,"morn":3.14},"feels_like":{"day":9.69,"night":4.31,"eve":7.54,"morn":0.26},"pressure":1021,"humidity":49,"weather":[{"id":500,"main":"Rain","description":"light rain","icon":"10d"}],"speed":5.2,"deg":320,"gust":7.92,"clouds":14,"pop":0.81,"rain":1.01},{"dt":1713524400,"sunrise":1713501537,"sunset":1713552236,"temp":{"day":10.44,"min":6.43,"max":10.44,"night":7.81,"eve":8.06,"morn":7.15},"feels_like":{"day":9.37,"night":4.11,"eve":3.97,"morn":2.96},"pressure":1013,"humidity":70,"weather":[{"id":501,"main":"Rain","description":"moderate rain","icon":"10d"}],"speed":9.04,"deg":314,"gust":15,"clouds":95,"pop":1,"rain":8.59},{"dt":1713610800,"sunrise":1713587815,"sunset":1713638734,"temp":{"day":10,"min":4.83,"max":10.54,"night":4.83,"eve":7.81,"morn":6.58},"feels_like":{"day":7.53,"night":2.11,"eve":4.67,"morn":3.58},"pressure":1027,"humidity":54,"weather":[{"id":500,"main":"Rain","description":"light rain","icon":"10d"}],"speed":6.19,"deg":348,"gust":11.61,"clouds":63,"pop":0.2,"rain":0.43}]}
--- ENF OF RECEIVED DATA ---

{"city":{"id":2800866,"name":"Brussels","coord":{"lon":4.3488,"lat":50.8504},"country":"BE","population":1019022,"timezone":7200},"cod":"200","message":11.4462083,"cnt":4,"list":[{"dt":1713351600,"sunrise":1713328984,"sunset":1713379241,"temp":{"day":8.07,"min":3.88,"max":8.92,"night":3.88,"eve":7.68,"morn":4.56},"feels_like":{"day":5.12,"night":1.66,"eve":4.37,"morn":1.98},"pressure":1013,"humidity":73,"weather":[{"id":500,"main":"Rain","description":"light rain","icon":"10d"}],"speed":6.29,"deg":327,"gust":8.62,"clouds":97,"pop":1,"rain":4.27},{"dt":1713438000,"sunrise":1713415260,"sunset":1713465739,"temp":{"day":11.23,"min":2.84,"max":12.21,"night":6.62,"eve":9.93,"morn":3.14},"feels_like":{"day":9.69,"night":4.31,"eve":7.54,"morn":0.26},"pressure":1021,"humidity":49,"weather":[{"id":500,"main":"Rain","description":"light rain","icon":"10d"}],"speed":5.2,"deg":320,"gust":7.92,"clouds":14,"pop":0.81,"rain":1.01},{"dt":1713524400,"sunrise":1713501537,"sunset":1713552236,"temp":{"day":10.44,"min":6.43,"max":10.44,"night":7.81,"eve":8.06,"morn":7.15},"feels_like":{"day":9.37,"night":4.11,"eve":3.97,"morn":2.96},"pressure":1013,"humidity":70,"weather":[{"id":501,"main":"Rain","description":"moderate rain","icon":"10d"}],"speed":9.04,"deg":314,"gust":15,"clouds":95,"pop":1,"rain":8.59},{"dt":1713610800,"sunrise":1713587815,"sunset":1713638734,"temp":{"day":10,"min":4.83,"max":10.54,"night":4.83,"eve":7.81,"morn":6.58},"feels_like":{"day":7.53,"night":2.11,"eve":4.67,"morn":3.58},"pressure":1027,"humidity":54,"weather":[{"id":500,"main":"Rain","description":"light rain","icon":"10d"}],"speed":6.19,"deg":348,"gust":11.61,"clouds":63,"pop":0.2,"rain":0.43}]}
--- ENF OF RECEIVED DATA ---

