________________________________________________
|             CALL API : START                |
________________________________________________

Informations : 
Called API: meteo - 26 February 2025, 23:10
Method: GETMETEO - Timeout : 300 - Cache : 1
URL CALLED : https://api.openweathermap.org/data/2.5/forecast/daily?q=Brussels,be&units=metric&cnt=4&appid=ea18c0706135505149200c3836f29800
-------------------------
________________________________________________
|             CALL API : START                |
________________________________________________

Informations : 
Called API: meteo - 26 February 2025, 23:10
Method: GETMETEO - Timeout : 300 - Cache : 1
URL CALLED : https://api.openweathermap.org/data/2.5/forecast/daily?q=Brussels,be&units=metric&cnt=4&appid=ea18c0706135505149200c3836f29800
-------------------------
{"city":{"id":2800866,"name":"Brussels","coord":{"lon":4.3488,"lat":50.8504},"country":"BE","population":1019022,"timezone":3600},"cod":"200","message":1.020857,"cnt":4,"list":[{"dt":1740567600,"sunrise":1740551602,"sunset":1740590278,"temp":{"day":8.81,"min":4.08,"max":10.49,"night":7.14,"eve":8.17,"morn":5.11},"feels_like":{"day":5.89,"night":3.97,"eve":4.31,"morn":2.76},"pressure":1018,"humidity":68,"weather":[{"id":501,"main":"Rain","description":"moderate rain","icon":"10d"}],"speed":9.23,"deg":196,"gust":15.99,"clouds":6,"pop":1,"rain":9.56},{"dt":1740654000,"sunrise":1740637877,"sunset":1740676782,"temp":{"day":5.36,"min":2.89,"max":6.86,"night":4.87,"eve":5.53,"morn":3.24},"feels_like":{"day":1.72,"night":0.92,"eve":0.94,"morn":-0.64},"pressure":1017,"humidity":87,"weather":[{"id":500,"main":"Rain","description":"light rain","icon":"10d"}],"speed":7.98,"deg":290,"gust":13.54,"clouds":78,"pop":1,"rain":2.35},{"dt":1740740400,"sunrise":1740724151,"sunset":1740763286,"temp":{"day":7.87,"min":2.61,"max":8.89,"night":3.34,"eve":6.88,"morn":2.74},"feels_like":{"day":5.04,"night":0.79,"eve":3.97,"morn":-0.12},"pressure":1027,"humidity":66,"weather":[{"id":801,"main":"Clouds","description":"few clouds","icon":"02d"}],"speed":4.79,"deg":345,"gust":10.18,"clouds":22,"pop":0},{"dt":1740826800,"sunrise":1740810425,"sunset":1740849789,"temp":{"day":7,"min":1.43,"max":8.68,"night":3.89,"eve":6.61,"morn":1.63},"feels_like":{"day":4.39,"night":2.67,"eve":4.41,"morn":-0.67},"pressure":1032,"humidity":64,"weather":[{"id":801,"main":"Clouds","description":"few clouds","icon":"02d"}],"speed":4.2,"deg":40,"gust":7.07,"clouds":11,"pop":0}]}
--- ENF OF RECEIVED DATA ---

{"city":{"id":2800866,"name":"Brussels","coord":{"lon":4.3488,"lat":50.8504},"country":"BE","population":1019022,"timezone":3600},"cod":"200","message":1.020857,"cnt":4,"list":[{"dt":1740567600,"sunrise":1740551602,"sunset":1740590278,"temp":{"day":8.81,"min":4.08,"max":10.49,"night":7.14,"eve":8.17,"morn":5.11},"feels_like":{"day":5.89,"night":3.97,"eve":4.31,"morn":2.76},"pressure":1018,"humidity":68,"weather":[{"id":501,"main":"Rain","description":"moderate rain","icon":"10d"}],"speed":9.23,"deg":196,"gust":15.99,"clouds":6,"pop":1,"rain":9.56},{"dt":1740654000,"sunrise":1740637877,"sunset":1740676782,"temp":{"day":5.36,"min":2.89,"max":6.86,"night":4.87,"eve":5.53,"morn":3.24},"feels_like":{"day":1.72,"night":0.92,"eve":0.94,"morn":-0.64},"pressure":1017,"humidity":87,"weather":[{"id":500,"main":"Rain","description":"light rain","icon":"10d"}],"speed":7.98,"deg":290,"gust":13.54,"clouds":78,"pop":1,"rain":2.35},{"dt":1740740400,"sunrise":1740724151,"sunset":1740763286,"temp":{"day":7.87,"min":2.61,"max":8.89,"night":3.34,"eve":6.88,"morn":2.74},"feels_like":{"day":5.04,"night":0.79,"eve":3.97,"morn":-0.12},"pressure":1027,"humidity":66,"weather":[{"id":801,"main":"Clouds","description":"few clouds","icon":"02d"}],"speed":4.79,"deg":345,"gust":10.18,"clouds":22,"pop":0},{"dt":1740826800,"sunrise":1740810425,"sunset":1740849789,"temp":{"day":7,"min":1.43,"max":8.68,"night":3.89,"eve":6.61,"morn":1.63},"feels_like":{"day":4.39,"night":2.67,"eve":4.41,"morn":-0.67},"pressure":1032,"humidity":64,"weather":[{"id":801,"main":"Clouds","description":"few clouds","icon":"02d"}],"speed":4.2,"deg":40,"gust":7.07,"clouds":11,"pop":0}]}
--- ENF OF RECEIVED DATA ---

