________________________________________________
|             CALL API : START                |
________________________________________________

Informations : 
Called API: meteo - 6 September 2024, 00:30
Method: GETMETEO - Timeout : 300 - Cache : 1
URL CALLED : https://api.openweathermap.org/data/2.5/forecast/daily?q=Brussels,be&units=metric&cnt=4&appid=ea18c0706135505149200c3836f29800
-------------------------
________________________________________________
|             CALL API : START                |
________________________________________________

Informations : 
Called API: meteo - 6 September 2024, 00:30
Method: GETMETEO - Timeout : 300 - Cache : 1
URL CALLED : https://api.openweathermap.org/data/2.5/forecast/daily?q=Brussels,be&units=metric&cnt=4&appid=ea18c0706135505149200c3836f29800
-------------------------
{"city":{"id":2800866,"name":"Brussels","coord":{"lon":4.3488,"lat":50.8504},"country":"BE","population":1019022,"timezone":7200},"cod":"200","message":3.9648066,"cnt":4,"list":[{"dt":1725620400,"sunrise":1725599077,"sunset":1725646651,"temp":{"day":16.55,"min":14.19,"max":18.63,"night":14.19,"eve":16.86,"morn":16.75},"feels_like":{"day":16.61,"night":13.99,"eve":16.77,"morn":17.04},"pressure":1012,"humidity":90,"weather":[{"id":501,"main":"Rain","description":"moderate rain","icon":"10d"}],"speed":4.86,"deg":241,"gust":9.52,"clouds":100,"pop":1,"rain":7.49},{"dt":1725706800,"sunrise":1725685570,"sunset":1725732917,"temp":{"day":23,"min":13.89,"max":27.01,"night":20.16,"eve":25.15,"morn":13.9},"feels_like":{"day":23.05,"night":20.45,"eve":25.37,"morn":13.67},"pressure":1011,"humidity":65,"weather":[{"id":500,"main":"Rain","description":"light rain","icon":"10d"}],"speed":4.28,"deg":107,"gust":10.2,"clouds":100,"pop":0.8,"rain":0.3},{"dt":1725793200,"sunrise":1725772062,"sunset":1725819183,"temp":{"day":20.75,"min":15.83,"max":22.58,"night":16.06,"eve":18.1,"morn":16.07},"feels_like":{"day":20.42,"night":15.86,"eve":17.95,"morn":16.06},"pressure":1010,"humidity":59,"weather":[{"id":500,"main":"Rain","description":"light rain","icon":"10d"}],"speed":6.86,"deg":201,"gust":12.89,"clouds":57,"pop":1,"rain":1.04},{"dt":1725879600,"sunrise":1725858554,"sunset":1725905448,"temp":{"day":19.42,"min":14.61,"max":19.42,"night":14.61,"eve":16.67,"morn":15.47},"feels_like":{"day":19.27,"night":14.61,"eve":16.61,"morn":15.47},"pressure":1006,"humidity":71,"weather":[{"id":500,"main":"Rain","description":"light rain","icon":"10d"}],"speed":6.13,"deg":190,"gust":12.57,"clouds":88,"pop":1,"rain":3.63}]}
--- ENF OF RECEIVED DATA ---

{"city":{"id":2800866,"name":"Brussels","coord":{"lon":4.3488,"lat":50.8504},"country":"BE","population":1019022,"timezone":7200},"cod":"200","message":3.9648066,"cnt":4,"list":[{"dt":1725620400,"sunrise":1725599077,"sunset":1725646651,"temp":{"day":16.55,"min":14.19,"max":18.63,"night":14.19,"eve":16.86,"morn":16.75},"feels_like":{"day":16.61,"night":13.99,"eve":16.77,"morn":17.04},"pressure":1012,"humidity":90,"weather":[{"id":501,"main":"Rain","description":"moderate rain","icon":"10d"}],"speed":4.86,"deg":241,"gust":9.52,"clouds":100,"pop":1,"rain":7.49},{"dt":1725706800,"sunrise":1725685570,"sunset":1725732917,"temp":{"day":23,"min":13.89,"max":27.01,"night":20.16,"eve":25.15,"morn":13.9},"feels_like":{"day":23.05,"night":20.45,"eve":25.37,"morn":13.67},"pressure":1011,"humidity":65,"weather":[{"id":500,"main":"Rain","description":"light rain","icon":"10d"}],"speed":4.28,"deg":107,"gust":10.2,"clouds":100,"pop":0.8,"rain":0.3},{"dt":1725793200,"sunrise":1725772062,"sunset":1725819183,"temp":{"day":20.75,"min":15.83,"max":22.58,"night":16.06,"eve":18.1,"morn":16.07},"feels_like":{"day":20.42,"night":15.86,"eve":17.95,"morn":16.06},"pressure":1010,"humidity":59,"weather":[{"id":500,"main":"Rain","description":"light rain","icon":"10d"}],"speed":6.86,"deg":201,"gust":12.89,"clouds":57,"pop":1,"rain":1.04},{"dt":1725879600,"sunrise":1725858554,"sunset":1725905448,"temp":{"day":19.42,"min":14.61,"max":19.42,"night":14.61,"eve":16.67,"morn":15.47},"feels_like":{"day":19.27,"night":14.61,"eve":16.61,"morn":15.47},"pressure":1006,"humidity":71,"weather":[{"id":500,"main":"Rain","description":"light rain","icon":"10d"}],"speed":6.13,"deg":190,"gust":12.57,"clouds":88,"pop":1,"rain":3.63}]}
--- ENF OF RECEIVED DATA ---

