________________________________________________
|             CALL API : START                |
________________________________________________

Informations : 
Called API: meteo - 13 November 2023, 00:40
Method: GETMETEO - Timeout : 300 - Cache : 1
URL CALLED : https://api.openweathermap.org/data/2.5/forecast/daily?q=Brussels,be&units=metric&cnt=4&appid=ea18c0706135505149200c3836f29800
-------------------------
________________________________________________
|             CALL API : START                |
________________________________________________

Informations : 
Called API: meteo - 13 November 2023, 00:40
Method: GETMETEO - Timeout : 300 - Cache : 1
URL CALLED : https://api.openweathermap.org/data/2.5/forecast/daily?q=Brussels,be&units=metric&cnt=4&appid=ea18c0706135505149200c3836f29800
-------------------------
{"city":{"id":2800866,"name":"Brussels","coord":{"lon":4.3488,"lat":50.8504},"country":"BE","population":1019022,"timezone":3600},"cod":"200","message":0.0903142,"cnt":4,"list":[{"dt":1699873200,"sunrise":1699858456,"sunset":1699891173,"temp":{"day":14.45,"min":7.47,"max":14.95,"night":11.24,"eve":12.26,"morn":9.76},"feels_like":{"day":14.22,"night":10.51,"eve":11.55,"morn":6.78},"pressure":1000,"humidity":87,"weather":[{"id":501,"main":"Rain","description":"moderate rain","icon":"10d"}],"speed":11.36,"deg":255,"gust":21.21,"clouds":100,"pop":1,"rain":9.21},{"dt":1699959600,"sunrise":1699944958,"sunset":1699977490,"temp":{"day":12.97,"min":9.69,"max":12.97,"night":10.39,"eve":10.5,"morn":10.97},"feels_like":{"day":12.33,"night":9.76,"eve":9.85,"morn":10.26},"pressure":1005,"humidity":77,"weather":[{"id":501,"main":"Rain","description":"moderate rain","icon":"10d"}],"speed":10.09,"deg":237,"gust":17.61,"clouds":100,"pop":1,"rain":9.25},{"dt":1700046000,"sunrise":1700031459,"sunset":1700063809,"temp":{"day":10.48,"min":6.61,"max":11.61,"night":6.61,"eve":9.47,"morn":9.87},"feels_like":{"day":9.59,"night":3.75,"eve":6.96,"morn":6.45},"pressure":1017,"humidity":77,"weather":[{"id":804,"main":"Clouds","description":"overcast clouds","icon":"04d"}],"speed":8.81,"deg":257,"gust":14.71,"clouds":100,"pop":0.4},{"dt":1700132400,"sunrise":1700117960,"sunset":1700150130,"temp":{"day":11.84,"min":7.93,"max":11.84,"night":8.15,"eve":9.9,"morn":9.82},"feels_like":{"day":10.91,"night":2.86,"eve":5.29,"morn":5.96},"pressure":1004,"humidity":70,"weather":[{"id":501,"main":"Rain","description":"moderate rain","icon":"10d"}],"speed":14.58,"deg":258,"gust":24.81,"clouds":100,"pop":1,"rain":8.14}]}
--- ENF OF RECEIVED DATA ---

{"city":{"id":2800866,"name":"Brussels","coord":{"lon":4.3488,"lat":50.8504},"country":"BE","population":1019022,"timezone":3600},"cod":"200","message":0.0903142,"cnt":4,"list":[{"dt":1699873200,"sunrise":1699858456,"sunset":1699891173,"temp":{"day":14.45,"min":7.47,"max":14.95,"night":11.24,"eve":12.26,"morn":9.76},"feels_like":{"day":14.22,"night":10.51,"eve":11.55,"morn":6.78},"pressure":1000,"humidity":87,"weather":[{"id":501,"main":"Rain","description":"moderate rain","icon":"10d"}],"speed":11.36,"deg":255,"gust":21.21,"clouds":100,"pop":1,"rain":9.21},{"dt":1699959600,"sunrise":1699944958,"sunset":1699977490,"temp":{"day":12.97,"min":9.69,"max":12.97,"night":10.39,"eve":10.5,"morn":10.97},"feels_like":{"day":12.33,"night":9.76,"eve":9.85,"morn":10.26},"pressure":1005,"humidity":77,"weather":[{"id":501,"main":"Rain","description":"moderate rain","icon":"10d"}],"speed":10.09,"deg":237,"gust":17.61,"clouds":100,"pop":1,"rain":9.25},{"dt":1700046000,"sunrise":1700031459,"sunset":1700063809,"temp":{"day":10.48,"min":6.61,"max":11.61,"night":6.61,"eve":9.47,"morn":9.87},"feels_like":{"day":9.59,"night":3.75,"eve":6.96,"morn":6.45},"pressure":1017,"humidity":77,"weather":[{"id":804,"main":"Clouds","description":"overcast clouds","icon":"04d"}],"speed":8.81,"deg":257,"gust":14.71,"clouds":100,"pop":0.4},{"dt":1700132400,"sunrise":1700117960,"sunset":1700150130,"temp":{"day":11.84,"min":7.93,"max":11.84,"night":8.15,"eve":9.9,"morn":9.82},"feels_like":{"day":10.91,"night":2.86,"eve":5.29,"morn":5.96},"pressure":1004,"humidity":70,"weather":[{"id":501,"main":"Rain","description":"moderate rain","icon":"10d"}],"speed":14.58,"deg":258,"gust":24.81,"clouds":100,"pop":1,"rain":8.14}]}
--- ENF OF RECEIVED DATA ---

