________________________________________________
|             CALL API : START                |
________________________________________________

Informations : 
Called API: meteo - 17 December 2023, 20:10
Method: GETMETEO - Timeout : 300 - Cache : 1
URL CALLED : https://api.openweathermap.org/data/2.5/forecast/daily?q=Brussels,be&units=metric&cnt=4&appid=ea18c0706135505149200c3836f29800
-------------------------
________________________________________________
|             CALL API : START                |
________________________________________________

Informations : 
Called API: meteo - 17 December 2023, 20:10
Method: GETMETEO - Timeout : 300 - Cache : 1
URL CALLED : https://api.openweathermap.org/data/2.5/forecast/daily?q=Brussels,be&units=metric&cnt=4&appid=ea18c0706135505149200c3836f29800
-------------------------
{"city":{"id":2800866,"name":"Brussels","coord":{"lon":4.3488,"lat":50.8504},"country":"BE","population":1019022,"timezone":3600},"cod":"200","message":0.2436905,"cnt":4,"list":[{"dt":1702810800,"sunrise":1702798794,"sunset":1702827432,"temp":{"day":7.29,"min":4.25,"max":8.34,"night":5.18,"eve":5.81,"morn":4.69},"feels_like":{"day":4.12,"night":1.37,"eve":2.24,"morn":1.57},"pressure":1038,"humidity":76,"weather":[{"id":803,"main":"Clouds","description":"broken clouds","icon":"04d"}],"speed":5.43,"deg":216,"gust":13.03,"clouds":70,"pop":0},{"dt":1702897200,"sunrise":1702885237,"sunset":1702913846,"temp":{"day":6.06,"min":3.19,"max":7.3,"night":5.44,"eve":5.42,"morn":3.33},"feels_like":{"day":2.32,"night":1.43,"eve":1.49,"morn":-0.52},"pressure":1032,"humidity":69,"weather":[{"id":802,"main":"Clouds","description":"scattered clouds","icon":"03d"}],"speed":6.07,"deg":207,"gust":13.49,"clouds":34,"pop":0},{"dt":1702983600,"sunrise":1702971676,"sunset":1703000264,"temp":{"day":7.32,"min":5.76,"max":8.4,"night":7.72,"eve":8.11,"morn":6.34},"feels_like":{"day":3.21,"night":5.95,"eve":4.2,"morn":2.15},"pressure":1022,"humidity":86,"weather":[{"id":501,"main":"Rain","description":"moderate rain","icon":"10d"}],"speed":8.59,"deg":217,"gust":16.99,"clouds":100,"pop":1,"rain":7.35},{"dt":1703070000,"sunrise":1703058113,"sunset":1703086685,"temp":{"day":6.76,"min":4.73,"max":7.87,"night":7.42,"eve":6.94,"morn":4.97},"feels_like":{"day":3.09,"night":3.68,"eve":3.26,"morn":1.71},"pressure":1020,"humidity":78,"weather":[{"id":500,"main":"Rain","description":"light rain","icon":"10d"}],"speed":6.84,"deg":241,"gust":13.71,"clouds":78,"pop":1,"rain":1.73}]}
--- ENF OF RECEIVED DATA ---

{"city":{"id":2800866,"name":"Brussels","coord":{"lon":4.3488,"lat":50.8504},"country":"BE","population":1019022,"timezone":3600},"cod":"200","message":0.2436905,"cnt":4,"list":[{"dt":1702810800,"sunrise":1702798794,"sunset":1702827432,"temp":{"day":7.29,"min":4.25,"max":8.34,"night":5.18,"eve":5.81,"morn":4.69},"feels_like":{"day":4.12,"night":1.37,"eve":2.24,"morn":1.57},"pressure":1038,"humidity":76,"weather":[{"id":803,"main":"Clouds","description":"broken clouds","icon":"04d"}],"speed":5.43,"deg":216,"gust":13.03,"clouds":70,"pop":0},{"dt":1702897200,"sunrise":1702885237,"sunset":1702913846,"temp":{"day":6.06,"min":3.19,"max":7.3,"night":5.44,"eve":5.42,"morn":3.33},"feels_like":{"day":2.32,"night":1.43,"eve":1.49,"morn":-0.52},"pressure":1032,"humidity":69,"weather":[{"id":802,"main":"Clouds","description":"scattered clouds","icon":"03d"}],"speed":6.07,"deg":207,"gust":13.49,"clouds":34,"pop":0},{"dt":1702983600,"sunrise":1702971676,"sunset":1703000264,"temp":{"day":7.32,"min":5.76,"max":8.4,"night":7.72,"eve":8.11,"morn":6.34},"feels_like":{"day":3.21,"night":5.95,"eve":4.2,"morn":2.15},"pressure":1022,"humidity":86,"weather":[{"id":501,"main":"Rain","description":"moderate rain","icon":"10d"}],"speed":8.59,"deg":217,"gust":16.99,"clouds":100,"pop":1,"rain":7.35},{"dt":1703070000,"sunrise":1703058113,"sunset":1703086685,"temp":{"day":6.76,"min":4.73,"max":7.87,"night":7.42,"eve":6.94,"morn":4.97},"feels_like":{"day":3.09,"night":3.68,"eve":3.26,"morn":1.71},"pressure":1020,"humidity":78,"weather":[{"id":500,"main":"Rain","description":"light rain","icon":"10d"}],"speed":6.84,"deg":241,"gust":13.71,"clouds":78,"pop":1,"rain":1.73}]}
--- ENF OF RECEIVED DATA ---

