________________________________________________
|             CALL API : START                |
________________________________________________

Informations : 
Called API: meteo - 7 July 2024, 12:30
Method: GETMETEO - Timeout : 300 - Cache : 1
URL CALLED : https://api.openweathermap.org/data/2.5/forecast/daily?q=Brussels,be&units=metric&cnt=4&appid=ea18c0706135505149200c3836f29800
-------------------------
________________________________________________
|             CALL API : START                |
________________________________________________

Informations : 
Called API: meteo - 7 July 2024, 12:30
Method: GETMETEO - Timeout : 300 - Cache : 1
URL CALLED : https://api.openweathermap.org/data/2.5/forecast/daily?q=Brussels,be&units=metric&cnt=4&appid=ea18c0706135505149200c3836f29800
-------------------------
{"city":{"id":2800866,"name":"Brussels","coord":{"lon":4.3488,"lat":50.8504},"country":"BE","population":1019022,"timezone":7200},"cod":"200","message":0.0736686,"cnt":4,"list":[{"dt":1720350000,"sunrise":1720323486,"sunset":1720382199,"temp":{"day":18.27,"min":9.69,"max":19.01,"night":14.23,"eve":17.26,"morn":10.74},"feels_like":{"day":17.72,"night":13.88,"eve":16.76,"morn":10.12},"pressure":1013,"humidity":60,"weather":[{"id":500,"main":"Rain","description":"light rain","icon":"10d"}],"speed":7.55,"deg":225,"gust":11.85,"clouds":52,"pop":1,"rain":1.34},{"dt":1720436400,"sunrise":1720409941,"sunset":1720468561,"temp":{"day":18.88,"min":12.89,"max":20.54,"night":15.11,"eve":16.19,"morn":13.49},"feels_like":{"day":18.55,"night":14.9,"eve":16.03,"morn":13.14},"pressure":1018,"humidity":66,"weather":[{"id":500,"main":"Rain","description":"light rain","icon":"10d"}],"speed":4.16,"deg":198,"gust":8.21,"clouds":98,"pop":0.95,"rain":0.58},{"dt":1720522800,"sunrise":1720496399,"sunset":1720554921,"temp":{"day":25.48,"min":14.19,"max":25.96,"night":19.05,"eve":22.37,"morn":15.79},"feels_like":{"day":25.57,"night":19.54,"eve":22.78,"morn":15.57},"pressure":1014,"humidity":57,"weather":[{"id":501,"main":"Rain","description":"moderate rain","icon":"10d"}],"speed":3.33,"deg":98,"gust":7.31,"clouds":71,"pop":1,"rain":5.31},{"dt":1720609200,"sunrise":1720582859,"sunset":1720641278,"temp":{"day":17.63,"min":16.94,"max":20.27,"night":16.94,"eve":20.27,"morn":17.38},"feels_like":{"day":17.93,"night":17.12,"eve":20.57,"morn":17.68},"pressure":1016,"humidity":95,"weather":[{"id":500,"main":"Rain","description":"light rain","icon":"10d"}],"speed":3.18,"deg":247,"gust":6.26,"clouds":100,"pop":1,"rain":7.3}]}
--- ENF OF RECEIVED DATA ---

{"city":{"id":2800866,"name":"Brussels","coord":{"lon":4.3488,"lat":50.8504},"country":"BE","population":1019022,"timezone":7200},"cod":"200","message":0.0736686,"cnt":4,"list":[{"dt":1720350000,"sunrise":1720323486,"sunset":1720382199,"temp":{"day":18.27,"min":9.69,"max":19.01,"night":14.23,"eve":17.26,"morn":10.74},"feels_like":{"day":17.72,"night":13.88,"eve":16.76,"morn":10.12},"pressure":1013,"humidity":60,"weather":[{"id":500,"main":"Rain","description":"light rain","icon":"10d"}],"speed":7.55,"deg":225,"gust":11.85,"clouds":52,"pop":1,"rain":1.34},{"dt":1720436400,"sunrise":1720409941,"sunset":1720468561,"temp":{"day":18.88,"min":12.89,"max":20.54,"night":15.11,"eve":16.19,"morn":13.49},"feels_like":{"day":18.55,"night":14.9,"eve":16.03,"morn":13.14},"pressure":1018,"humidity":66,"weather":[{"id":500,"main":"Rain","description":"light rain","icon":"10d"}],"speed":4.16,"deg":198,"gust":8.21,"clouds":98,"pop":0.95,"rain":0.58},{"dt":1720522800,"sunrise":1720496399,"sunset":1720554921,"temp":{"day":25.48,"min":14.19,"max":25.96,"night":19.05,"eve":22.37,"morn":15.79},"feels_like":{"day":25.57,"night":19.54,"eve":22.78,"morn":15.57},"pressure":1014,"humidity":57,"weather":[{"id":501,"main":"Rain","description":"moderate rain","icon":"10d"}],"speed":3.33,"deg":98,"gust":7.31,"clouds":71,"pop":1,"rain":5.31},{"dt":1720609200,"sunrise":1720582859,"sunset":1720641278,"temp":{"day":17.63,"min":16.94,"max":20.27,"night":16.94,"eve":20.27,"morn":17.38},"feels_like":{"day":17.93,"night":17.12,"eve":20.57,"morn":17.68},"pressure":1016,"humidity":95,"weather":[{"id":500,"main":"Rain","description":"light rain","icon":"10d"}],"speed":3.18,"deg":247,"gust":6.26,"clouds":100,"pop":1,"rain":7.3}]}
--- ENF OF RECEIVED DATA ---

