________________________________________________
|             CALL API : START                |
________________________________________________

Informations : 
Called API: meteo - 30 January 2025, 10:30
Method: GETMETEO - Timeout : 300 - Cache : 1
URL CALLED : https://api.openweathermap.org/data/2.5/forecast/daily?q=Brussels,be&units=metric&cnt=4&appid=ea18c0706135505149200c3836f29800
-------------------------
________________________________________________
|             CALL API : START                |
________________________________________________

Informations : 
Called API: meteo - 30 January 2025, 10:30
Method: GETMETEO - Timeout : 300 - Cache : 1
URL CALLED : https://api.openweathermap.org/data/2.5/forecast/daily?q=Brussels,be&units=metric&cnt=4&appid=ea18c0706135505149200c3836f29800
-------------------------
{"city":{"id":2800866,"name":"Brussels","coord":{"lon":4.3488,"lat":50.8504},"country":"BE","population":1019022,"timezone":3600},"cod":"200","message":0.0389685,"cnt":4,"list":[{"dt":1738234800,"sunrise":1738221700,"sunset":1738254600,"temp":{"day":5.54,"min":2.35,"max":6.79,"night":2.35,"eve":4.75,"morn":6.34},"feels_like":{"day":2.83,"night":-0.48,"eve":2.05,"morn":5.38},"pressure":1015,"humidity":95,"weather":[{"id":501,"main":"Rain","description":"moderate rain","icon":"10d"}],"speed":4.66,"deg":346,"gust":7.94,"clouds":100,"pop":1,"rain":16.77},{"dt":1738321200,"sunrise":1738308014,"sunset":1738341106,"temp":{"day":4.9,"min":1.57,"max":6.02,"night":2.05,"eve":4.12,"morn":1.95},"feels_like":{"day":1.34,"night":0.44,"eve":1.82,"morn":-1.71},"pressure":1028,"humidity":81,"weather":[{"id":804,"main":"Clouds","description":"overcast clouds","icon":"04d"}],"speed":4.73,"deg":221,"gust":9.14,"clouds":100,"pop":0},{"dt":1738407600,"sunrise":1738394325,"sunset":1738427612,"temp":{"day":5.18,"min":0.73,"max":6.8,"night":1.61,"eve":3.33,"morn":0.93},"feels_like":{"day":3.26,"night":-0.99,"eve":1.07,"morn":-1.71},"pressure":1031,"humidity":62,"weather":[{"id":800,"main":"Clear","description":"sky is clear","icon":"01d"}],"speed":2.74,"deg":134,"gust":4.13,"clouds":2,"pop":0},{"dt":1738494000,"sunrise":1738480635,"sunset":1738514119,"temp":{"day":6.8,"min":0.68,"max":7.14,"night":2.74,"eve":3.6,"morn":0.75},"feels_like":{"day":5.87,"night":1.55,"eve":3.6,"morn":0.75},"pressure":1022,"humidity":55,"weather":[{"id":802,"main":"Clouds","description":"scattered clouds","icon":"03d"}],"speed":2.16,"deg":161,"gust":3.6,"clouds":27,"pop":0}]}
--- ENF OF RECEIVED DATA ---

{"city":{"id":2800866,"name":"Brussels","coord":{"lon":4.3488,"lat":50.8504},"country":"BE","population":1019022,"timezone":3600},"cod":"200","message":0.0389685,"cnt":4,"list":[{"dt":1738234800,"sunrise":1738221700,"sunset":1738254600,"temp":{"day":5.54,"min":2.35,"max":6.79,"night":2.35,"eve":4.75,"morn":6.34},"feels_like":{"day":2.83,"night":-0.48,"eve":2.05,"morn":5.38},"pressure":1015,"humidity":95,"weather":[{"id":501,"main":"Rain","description":"moderate rain","icon":"10d"}],"speed":4.66,"deg":346,"gust":7.94,"clouds":100,"pop":1,"rain":16.77},{"dt":1738321200,"sunrise":1738308014,"sunset":1738341106,"temp":{"day":4.9,"min":1.57,"max":6.02,"night":2.05,"eve":4.12,"morn":1.95},"feels_like":{"day":1.34,"night":0.44,"eve":1.82,"morn":-1.71},"pressure":1028,"humidity":81,"weather":[{"id":804,"main":"Clouds","description":"overcast clouds","icon":"04d"}],"speed":4.73,"deg":221,"gust":9.14,"clouds":100,"pop":0},{"dt":1738407600,"sunrise":1738394325,"sunset":1738427612,"temp":{"day":5.18,"min":0.73,"max":6.8,"night":1.61,"eve":3.33,"morn":0.93},"feels_like":{"day":3.26,"night":-0.99,"eve":1.07,"morn":-1.71},"pressure":1031,"humidity":62,"weather":[{"id":800,"main":"Clear","description":"sky is clear","icon":"01d"}],"speed":2.74,"deg":134,"gust":4.13,"clouds":2,"pop":0},{"dt":1738494000,"sunrise":1738480635,"sunset":1738514119,"temp":{"day":6.8,"min":0.68,"max":7.14,"night":2.74,"eve":3.6,"morn":0.75},"feels_like":{"day":5.87,"night":1.55,"eve":3.6,"morn":0.75},"pressure":1022,"humidity":55,"weather":[{"id":802,"main":"Clouds","description":"scattered clouds","icon":"03d"}],"speed":2.16,"deg":161,"gust":3.6,"clouds":27,"pop":0}]}
--- ENF OF RECEIVED DATA ---

