________________________________________________
|             CALL API : START                |
________________________________________________

Informations : 
Called API: meteo - 1 June 2024, 08:20
Method: GETMETEO - Timeout : 300 - Cache : 1
URL CALLED : https://api.openweathermap.org/data/2.5/forecast/daily?q=Brussels,be&units=metric&cnt=4&appid=ea18c0706135505149200c3836f29800
-------------------------
________________________________________________
|             CALL API : START                |
________________________________________________

Informations : 
Called API: meteo - 1 June 2024, 08:20
Method: GETMETEO - Timeout : 300 - Cache : 1
URL CALLED : https://api.openweathermap.org/data/2.5/forecast/daily?q=Brussels,be&units=metric&cnt=4&appid=ea18c0706135505149200c3836f29800
-------------------------
{"city":{"id":2800866,"name":"Brussels","coord":{"lon":4.3488,"lat":50.8504},"country":"BE","population":1019022,"timezone":7200},"cod":"200","message":3.9021812,"cnt":4,"list":[{"dt":1717239600,"sunrise":1717212858,"sunset":1717271221,"temp":{"day":15.63,"min":12.59,"max":17.23,"night":13.2,"eve":15.96,"morn":13.49},"feels_like":{"day":15.62,"night":12.82,"eve":15.78,"morn":13.32},"pressure":1018,"humidity":91,"weather":[{"id":804,"main":"Clouds","description":"overcast clouds","icon":"04d"}],"speed":6.81,"deg":336,"gust":10.49,"clouds":100,"pop":0.8},{"dt":1717326000,"sunrise":1717299215,"sunset":1717357683,"temp":{"day":19.4,"min":10.9,"max":20.01,"night":10.9,"eve":16.59,"morn":12.62},"feels_like":{"day":18.86,"night":10.4,"eve":15.9,"morn":12.29},"pressure":1023,"humidity":56,"weather":[{"id":801,"main":"Clouds","description":"few clouds","icon":"02d"}],"speed":6.66,"deg":338,"gust":9.06,"clouds":16,"pop":0},{"dt":1717412400,"sunrise":1717385574,"sunset":1717444143,"temp":{"day":17.12,"min":8.71,"max":19.15,"night":13.43,"eve":17.16,"morn":10.04},"feels_like":{"day":16.77,"night":13.23,"eve":17.1,"morn":9.5},"pressure":1020,"humidity":72,"weather":[{"id":500,"main":"Rain","description":"light rain","icon":"10d"}],"speed":4.28,"deg":293,"gust":6.32,"clouds":100,"pop":1,"rain":1.01},{"dt":1717498800,"sunrise":1717471936,"sunset":1717530601,"temp":{"day":17.37,"min":11.77,"max":19.06,"night":13.86,"eve":16.95,"morn":13.36},"feels_like":{"day":17.25,"night":13.55,"eve":16.82,"morn":13.23},"pressure":1013,"humidity":80,"weather":[{"id":500,"main":"Rain","description":"light rain","icon":"10d"}],"speed":6.45,"deg":273,"gust":9.35,"clouds":99,"pop":1,"rain":3.15}]}
--- ENF OF RECEIVED DATA ---

{"city":{"id":2800866,"name":"Brussels","coord":{"lon":4.3488,"lat":50.8504},"country":"BE","population":1019022,"timezone":7200},"cod":"200","message":3.9021812,"cnt":4,"list":[{"dt":1717239600,"sunrise":1717212858,"sunset":1717271221,"temp":{"day":15.63,"min":12.59,"max":17.23,"night":13.2,"eve":15.96,"morn":13.49},"feels_like":{"day":15.62,"night":12.82,"eve":15.78,"morn":13.32},"pressure":1018,"humidity":91,"weather":[{"id":804,"main":"Clouds","description":"overcast clouds","icon":"04d"}],"speed":6.81,"deg":336,"gust":10.49,"clouds":100,"pop":0.8},{"dt":1717326000,"sunrise":1717299215,"sunset":1717357683,"temp":{"day":19.4,"min":10.9,"max":20.01,"night":10.9,"eve":16.59,"morn":12.62},"feels_like":{"day":18.86,"night":10.4,"eve":15.9,"morn":12.29},"pressure":1023,"humidity":56,"weather":[{"id":801,"main":"Clouds","description":"few clouds","icon":"02d"}],"speed":6.66,"deg":338,"gust":9.06,"clouds":16,"pop":0},{"dt":1717412400,"sunrise":1717385574,"sunset":1717444143,"temp":{"day":17.12,"min":8.71,"max":19.15,"night":13.43,"eve":17.16,"morn":10.04},"feels_like":{"day":16.77,"night":13.23,"eve":17.1,"morn":9.5},"pressure":1020,"humidity":72,"weather":[{"id":500,"main":"Rain","description":"light rain","icon":"10d"}],"speed":4.28,"deg":293,"gust":6.32,"clouds":100,"pop":1,"rain":1.01},{"dt":1717498800,"sunrise":1717471936,"sunset":1717530601,"temp":{"day":17.37,"min":11.77,"max":19.06,"night":13.86,"eve":16.95,"morn":13.36},"feels_like":{"day":17.25,"night":13.55,"eve":16.82,"morn":13.23},"pressure":1013,"humidity":80,"weather":[{"id":500,"main":"Rain","description":"light rain","icon":"10d"}],"speed":6.45,"deg":273,"gust":9.35,"clouds":99,"pop":1,"rain":3.15}]}
--- ENF OF RECEIVED DATA ---

