________________________________________________
|             CALL API : START                |
________________________________________________

Informations : 
Called API: meteo - 1 February 2025, 05:30
Method: GETMETEO - Timeout : 300 - Cache : 1
URL CALLED : https://api.openweathermap.org/data/2.5/forecast/daily?q=Brussels,be&units=metric&cnt=4&appid=ea18c0706135505149200c3836f29800
-------------------------
________________________________________________
|             CALL API : START                |
________________________________________________

Informations : 
Called API: meteo - 1 February 2025, 05:30
Method: GETMETEO - Timeout : 300 - Cache : 1
URL CALLED : https://api.openweathermap.org/data/2.5/forecast/daily?q=Brussels,be&units=metric&cnt=4&appid=ea18c0706135505149200c3836f29800
-------------------------
{"city":{"id":2800866,"name":"Brussels","coord":{"lon":4.3488,"lat":50.8504},"country":"BE","population":1019022,"timezone":3600},"cod":"200","message":0.0474878,"cnt":4,"list":[{"dt":1738407600,"sunrise":1738394325,"sunset":1738427612,"temp":{"day":4.99,"min":-1.42,"max":6.22,"night":0.78,"eve":3.08,"morn":-1.42},"feels_like":{"day":3.19,"night":-2.07,"eve":0.73,"morn":-4.16},"pressure":1031,"humidity":65,"weather":[{"id":800,"main":"Clear","description":"sky is clear","icon":"01d"}],"speed":2.68,"deg":90,"gust":4.12,"clouds":0,"pop":0},{"dt":1738494000,"sunrise":1738480635,"sunset":1738514119,"temp":{"day":4.55,"min":0.14,"max":6.61,"night":2.02,"eve":3.39,"morn":0.26},"feels_like":{"day":3.59,"night":2.02,"eve":3.39,"morn":-2.08},"pressure":1025,"humidity":55,"weather":[{"id":801,"main":"Clouds","description":"few clouds","icon":"02d"}],"speed":2.24,"deg":139,"gust":2.95,"clouds":20,"pop":0},{"dt":1738580400,"sunrise":1738566943,"sunset":1738600626,"temp":{"day":5.1,"min":0.49,"max":6.87,"night":1.16,"eve":3.14,"morn":0.62},"feels_like":{"day":3.33,"night":-2.01,"eve":1.19,"morn":-1.45},"pressure":1029,"humidity":69,"weather":[{"id":802,"main":"Clouds","description":"scattered clouds","icon":"03d"}],"speed":2.89,"deg":204,"gust":4.3,"clouds":29,"pop":0},{"dt":1738666800,"sunrise":1738653250,"sunset":1738687133,"temp":{"day":6.99,"min":0.41,"max":7.35,"night":1.98,"eve":3.21,"morn":0.46},"feels_like":{"day":4.48,"night":-1.6,"eve":-0.01,"morn":-2.87},"pressure":1028,"humidity":55,"weather":[{"id":801,"main":"Clouds","description":"few clouds","icon":"02d"}],"speed":3.68,"deg":203,"gust":8.14,"clouds":24,"pop":0}]}
--- ENF OF RECEIVED DATA ---

{"city":{"id":2800866,"name":"Brussels","coord":{"lon":4.3488,"lat":50.8504},"country":"BE","population":1019022,"timezone":3600},"cod":"200","message":0.0474878,"cnt":4,"list":[{"dt":1738407600,"sunrise":1738394325,"sunset":1738427612,"temp":{"day":4.99,"min":-1.42,"max":6.22,"night":0.78,"eve":3.08,"morn":-1.42},"feels_like":{"day":3.19,"night":-2.07,"eve":0.73,"morn":-4.16},"pressure":1031,"humidity":65,"weather":[{"id":800,"main":"Clear","description":"sky is clear","icon":"01d"}],"speed":2.68,"deg":90,"gust":4.12,"clouds":0,"pop":0},{"dt":1738494000,"sunrise":1738480635,"sunset":1738514119,"temp":{"day":4.55,"min":0.14,"max":6.61,"night":2.02,"eve":3.39,"morn":0.26},"feels_like":{"day":3.59,"night":2.02,"eve":3.39,"morn":-2.08},"pressure":1025,"humidity":55,"weather":[{"id":801,"main":"Clouds","description":"few clouds","icon":"02d"}],"speed":2.24,"deg":139,"gust":2.95,"clouds":20,"pop":0},{"dt":1738580400,"sunrise":1738566943,"sunset":1738600626,"temp":{"day":5.1,"min":0.49,"max":6.87,"night":1.16,"eve":3.14,"morn":0.62},"feels_like":{"day":3.33,"night":-2.01,"eve":1.19,"morn":-1.45},"pressure":1029,"humidity":69,"weather":[{"id":802,"main":"Clouds","description":"scattered clouds","icon":"03d"}],"speed":2.89,"deg":204,"gust":4.3,"clouds":29,"pop":0},{"dt":1738666800,"sunrise":1738653250,"sunset":1738687133,"temp":{"day":6.99,"min":0.41,"max":7.35,"night":1.98,"eve":3.21,"morn":0.46},"feels_like":{"day":4.48,"night":-1.6,"eve":-0.01,"morn":-2.87},"pressure":1028,"humidity":55,"weather":[{"id":801,"main":"Clouds","description":"few clouds","icon":"02d"}],"speed":3.68,"deg":203,"gust":8.14,"clouds":24,"pop":0}]}
--- ENF OF RECEIVED DATA ---

