________________________________________________
|             CALL API : START                |
________________________________________________

Informations : 
Called API: meteo - 20 June 2024, 00:10
Method: GETMETEO - Timeout : 300 - Cache : 1
URL CALLED : https://api.openweathermap.org/data/2.5/forecast/daily?q=Brussels,be&units=metric&cnt=4&appid=ea18c0706135505149200c3836f29800
-------------------------
________________________________________________
|             CALL API : START                |
________________________________________________

Informations : 
Called API: meteo - 20 June 2024, 00:10
Method: GETMETEO - Timeout : 300 - Cache : 1
URL CALLED : https://api.openweathermap.org/data/2.5/forecast/daily?q=Brussels,be&units=metric&cnt=4&appid=ea18c0706135505149200c3836f29800
-------------------------
{"city":{"id":2800866,"name":"Brussels","coord":{"lon":4.3488,"lat":50.8504},"country":"BE","population":1019022,"timezone":7200},"cod":"200","message":0.0703804,"cnt":4,"list":[{"dt":1718881200,"sunrise":1718854121,"sunset":1718913586,"temp":{"day":17.92,"min":11.17,"max":21.26,"night":16.39,"eve":17.64,"morn":12.09},"feels_like":{"day":17.67,"night":16.51,"eve":17.78,"morn":11.73},"pressure":1020,"humidity":73,"weather":[{"id":500,"main":"Rain","description":"light rain","icon":"10d"}],"speed":5.41,"deg":59,"gust":8.81,"clouds":99,"pop":1,"rain":0.88},{"dt":1718967600,"sunrise":1718940532,"sunset":1718999999,"temp":{"day":17.74,"min":13.72,"max":18.98,"night":13.72,"eve":18.97,"morn":15.69},"feels_like":{"day":17.92,"night":13.55,"eve":19.04,"morn":15.9},"pressure":1013,"humidity":90,"weather":[{"id":501,"main":"Rain","description":"moderate rain","icon":"10d"}],"speed":3.85,"deg":293,"gust":9.12,"clouds":100,"pop":1,"rain":15.93},{"dt":1719054000,"sunrise":1719026947,"sunset":1719086409,"temp":{"day":15.23,"min":11.96,"max":18.28,"night":12.98,"eve":17.71,"morn":11.99},"feels_like":{"day":15.11,"night":12.74,"eve":17.49,"morn":11.78},"pressure":1013,"humidity":88,"weather":[{"id":501,"main":"Rain","description":"moderate rain","icon":"10d"}],"speed":5.5,"deg":287,"gust":9.36,"clouds":100,"pop":1,"rain":14.01},{"dt":1719140400,"sunrise":1719113364,"sunset":1719172815,"temp":{"day":21.82,"min":11.06,"max":21.82,"night":15.44,"eve":20.28,"morn":13.87},"feels_like":{"day":21.55,"night":15.23,"eve":20.19,"morn":13.71},"pressure":1021,"humidity":57,"weather":[{"id":802,"main":"Clouds","description":"scattered clouds","icon":"03d"}],"speed":3.93,"deg":316,"gust":4.13,"clouds":34,"pop":0}]}
--- ENF OF RECEIVED DATA ---

{"city":{"id":2800866,"name":"Brussels","coord":{"lon":4.3488,"lat":50.8504},"country":"BE","population":1019022,"timezone":7200},"cod":"200","message":0.0703804,"cnt":4,"list":[{"dt":1718881200,"sunrise":1718854121,"sunset":1718913586,"temp":{"day":17.92,"min":11.17,"max":21.26,"night":16.39,"eve":17.64,"morn":12.09},"feels_like":{"day":17.67,"night":16.51,"eve":17.78,"morn":11.73},"pressure":1020,"humidity":73,"weather":[{"id":500,"main":"Rain","description":"light rain","icon":"10d"}],"speed":5.41,"deg":59,"gust":8.81,"clouds":99,"pop":1,"rain":0.88},{"dt":1718967600,"sunrise":1718940532,"sunset":1718999999,"temp":{"day":17.74,"min":13.72,"max":18.98,"night":13.72,"eve":18.97,"morn":15.69},"feels_like":{"day":17.92,"night":13.55,"eve":19.04,"morn":15.9},"pressure":1013,"humidity":90,"weather":[{"id":501,"main":"Rain","description":"moderate rain","icon":"10d"}],"speed":3.85,"deg":293,"gust":9.12,"clouds":100,"pop":1,"rain":15.93},{"dt":1719054000,"sunrise":1719026947,"sunset":1719086409,"temp":{"day":15.23,"min":11.96,"max":18.28,"night":12.98,"eve":17.71,"morn":11.99},"feels_like":{"day":15.11,"night":12.74,"eve":17.49,"morn":11.78},"pressure":1013,"humidity":88,"weather":[{"id":501,"main":"Rain","description":"moderate rain","icon":"10d"}],"speed":5.5,"deg":287,"gust":9.36,"clouds":100,"pop":1,"rain":14.01},{"dt":1719140400,"sunrise":1719113364,"sunset":1719172815,"temp":{"day":21.82,"min":11.06,"max":21.82,"night":15.44,"eve":20.28,"morn":13.87},"feels_like":{"day":21.55,"night":15.23,"eve":20.19,"morn":13.71},"pressure":1021,"humidity":57,"weather":[{"id":802,"main":"Clouds","description":"scattered clouds","icon":"03d"}],"speed":3.93,"deg":316,"gust":4.13,"clouds":34,"pop":0}]}
--- ENF OF RECEIVED DATA ---

