________________________________________________
|             CALL API : START                |
________________________________________________

Informations : 
Called API: meteo - 14 October 2023, 04:50
Method: GETMETEO - Timeout : 300 - Cache : 1
URL CALLED : https://api.openweathermap.org/data/2.5/forecast/daily?q=Brussels,be&units=metric&cnt=4&appid=ea18c0706135505149200c3836f29800
-------------------------
________________________________________________
|             CALL API : START                |
________________________________________________

Informations : 
Called API: meteo - 14 October 2023, 04:50
Method: GETMETEO - Timeout : 300 - Cache : 1
URL CALLED : https://api.openweathermap.org/data/2.5/forecast/daily?q=Brussels,be&units=metric&cnt=4&appid=ea18c0706135505149200c3836f29800
-------------------------
{"city":{"id":2800866,"name":"Brussels","coord":{"lon":4.3488,"lat":50.8504},"country":"BE","population":1019022,"timezone":7200},"cod":"200","message":0.0704424,"cnt":4,"list":[{"dt":1697281200,"sunrise":1697263382,"sunset":1697302443,"temp":{"day":13.65,"min":8.08,"max":18.81,"night":8.08,"eve":10.17,"morn":11.3},"feels_like":{"day":12.56,"night":6.79,"eve":9.1,"morn":10.71},"pressure":1017,"humidity":57,"weather":[{"id":502,"main":"Rain","description":"heavy intensity rain","icon":"10d"}],"speed":11.17,"deg":225,"gust":19.35,"clouds":21,"pop":0.98,"rain":5.93},{"dt":1697367600,"sunrise":1697349881,"sunset":1697388716,"temp":{"day":12.09,"min":6.24,"max":12.09,"night":6.49,"eve":8.64,"morn":6.72},"feels_like":{"day":10.61,"night":6.49,"eve":7.22,"morn":4.1},"pressure":1024,"humidity":48,"weather":[{"id":500,"main":"Rain","description":"light rain","icon":"10d"}],"speed":5.73,"deg":315,"gust":10.02,"clouds":9,"pop":0.43,"rain":0.11},{"dt":1697454000,"sunrise":1697436380,"sunset":1697474990,"temp":{"day":10.61,"min":4.85,"max":11.89,"night":7.41,"eve":9.21,"morn":4.97},"feels_like":{"day":9.14,"night":4.85,"eve":6.7,"morn":3.08},"pressure":1022,"humidity":54,"weather":[{"id":804,"main":"Clouds","description":"overcast clouds","icon":"04d"}],"speed":5.37,"deg":80,"gust":10.04,"clouds":100,"pop":0.02},{"dt":1697540400,"sunrise":1697522880,"sunset":1697561265,"temp":{"day":13.6,"min":4.83,"max":13.64,"night":8,"eve":9.44,"morn":4.83},"feels_like":{"day":12.27,"night":5.09,"eve":6.9,"morn":1.86},"pressure":1017,"humidity":48,"weather":[{"id":800,"main":"Clear","description":"sky is clear","icon":"01d"}],"speed":6.05,"deg":74,"gust":12.5,"clouds":0,"pop":0}]}
--- ENF OF RECEIVED DATA ---

{"city":{"id":2800866,"name":"Brussels","coord":{"lon":4.3488,"lat":50.8504},"country":"BE","population":1019022,"timezone":7200},"cod":"200","message":0.0704424,"cnt":4,"list":[{"dt":1697281200,"sunrise":1697263382,"sunset":1697302443,"temp":{"day":13.65,"min":8.08,"max":18.81,"night":8.08,"eve":10.17,"morn":11.3},"feels_like":{"day":12.56,"night":6.79,"eve":9.1,"morn":10.71},"pressure":1017,"humidity":57,"weather":[{"id":502,"main":"Rain","description":"heavy intensity rain","icon":"10d"}],"speed":11.17,"deg":225,"gust":19.35,"clouds":21,"pop":0.98,"rain":5.93},{"dt":1697367600,"sunrise":1697349881,"sunset":1697388716,"temp":{"day":12.09,"min":6.24,"max":12.09,"night":6.49,"eve":8.64,"morn":6.72},"feels_like":{"day":10.61,"night":6.49,"eve":7.22,"morn":4.1},"pressure":1024,"humidity":48,"weather":[{"id":500,"main":"Rain","description":"light rain","icon":"10d"}],"speed":5.73,"deg":315,"gust":10.02,"clouds":9,"pop":0.43,"rain":0.11},{"dt":1697454000,"sunrise":1697436380,"sunset":1697474990,"temp":{"day":10.61,"min":4.85,"max":11.89,"night":7.41,"eve":9.21,"morn":4.97},"feels_like":{"day":9.14,"night":4.85,"eve":6.7,"morn":3.08},"pressure":1022,"humidity":54,"weather":[{"id":804,"main":"Clouds","description":"overcast clouds","icon":"04d"}],"speed":5.37,"deg":80,"gust":10.04,"clouds":100,"pop":0.02},{"dt":1697540400,"sunrise":1697522880,"sunset":1697561265,"temp":{"day":13.6,"min":4.83,"max":13.64,"night":8,"eve":9.44,"morn":4.83},"feels_like":{"day":12.27,"night":5.09,"eve":6.9,"morn":1.86},"pressure":1017,"humidity":48,"weather":[{"id":800,"main":"Clear","description":"sky is clear","icon":"01d"}],"speed":6.05,"deg":74,"gust":12.5,"clouds":0,"pop":0}]}
--- ENF OF RECEIVED DATA ---

