________________________________________________
|             CALL API : START                |
________________________________________________

Informations : 
Called API: meteo - 29 June 2024, 19:30
Method: GETMETEO - Timeout : 300 - Cache : 1
URL CALLED : https://api.openweathermap.org/data/2.5/forecast/daily?q=Brussels,be&units=metric&cnt=4&appid=ea18c0706135505149200c3836f29800
-------------------------
________________________________________________
|             CALL API : START                |
________________________________________________

Informations : 
Called API: meteo - 29 June 2024, 19:30
Method: GETMETEO - Timeout : 300 - Cache : 1
URL CALLED : https://api.openweathermap.org/data/2.5/forecast/daily?q=Brussels,be&units=metric&cnt=4&appid=ea18c0706135505149200c3836f29800
-------------------------
{"city":{"id":2800866,"name":"Brussels","coord":{"lon":4.3488,"lat":50.8504},"country":"BE","population":1019022,"timezone":7200},"cod":"200","message":6.1739137,"cnt":4,"list":[{"dt":1719658800,"sunrise":1719631926,"sunset":1719691194,"temp":{"day":21.89,"min":12.32,"max":23.36,"night":17.73,"eve":18.76,"morn":13.54},"feels_like":{"day":21.57,"night":17.62,"eve":18.81,"morn":13.17},"pressure":1014,"humidity":55,"weather":[{"id":804,"main":"Clouds","description":"overcast clouds","icon":"04d"}],"speed":3.89,"deg":0,"gust":7.47,"clouds":88,"pop":0},{"dt":1719745200,"sunrise":1719718362,"sunset":1719777580,"temp":{"day":21.55,"min":13.63,"max":21.55,"night":13.63,"eve":15.18,"morn":16.53},"feels_like":{"day":21.3,"night":13.4,"eve":15.03,"morn":16.41},"pressure":1011,"humidity":59,"weather":[{"id":500,"main":"Rain","description":"light rain","icon":"10d"}],"speed":5.56,"deg":323,"gust":8.72,"clouds":72,"pop":0.94,"rain":0.2},{"dt":1719831600,"sunrise":1719804801,"sunset":1719863963,"temp":{"day":18.29,"min":9.96,"max":20,"night":16.54,"eve":18.79,"morn":11.14},"feels_like":{"day":17.72,"night":16.13,"eve":18.32,"morn":10.63},"pressure":1017,"humidity":59,"weather":[{"id":804,"main":"Clouds","description":"overcast clouds","icon":"04d"}],"speed":5.16,"deg":285,"gust":8.37,"clouds":96,"pop":0.05},{"dt":1719918000,"sunrise":1719891243,"sunset":1719950343,"temp":{"day":17.45,"min":13.1,"max":19.8,"night":13.1,"eve":17.09,"morn":14.7},"feels_like":{"day":17.16,"night":12.76,"eve":16.53,"morn":14.34},"pressure":1017,"humidity":73,"weather":[{"id":500,"main":"Rain","description":"light rain","icon":"10d"}],"speed":5.78,"deg":292,"gust":8.31,"clouds":100,"pop":0.2,"rain":0.17}]}
--- ENF OF RECEIVED DATA ---

{"city":{"id":2800866,"name":"Brussels","coord":{"lon":4.3488,"lat":50.8504},"country":"BE","population":1019022,"timezone":7200},"cod":"200","message":6.1739137,"cnt":4,"list":[{"dt":1719658800,"sunrise":1719631926,"sunset":1719691194,"temp":{"day":21.89,"min":12.32,"max":23.36,"night":17.73,"eve":18.76,"morn":13.54},"feels_like":{"day":21.57,"night":17.62,"eve":18.81,"morn":13.17},"pressure":1014,"humidity":55,"weather":[{"id":804,"main":"Clouds","description":"overcast clouds","icon":"04d"}],"speed":3.89,"deg":0,"gust":7.47,"clouds":88,"pop":0},{"dt":1719745200,"sunrise":1719718362,"sunset":1719777580,"temp":{"day":21.55,"min":13.63,"max":21.55,"night":13.63,"eve":15.18,"morn":16.53},"feels_like":{"day":21.3,"night":13.4,"eve":15.03,"morn":16.41},"pressure":1011,"humidity":59,"weather":[{"id":500,"main":"Rain","description":"light rain","icon":"10d"}],"speed":5.56,"deg":323,"gust":8.72,"clouds":72,"pop":0.94,"rain":0.2},{"dt":1719831600,"sunrise":1719804801,"sunset":1719863963,"temp":{"day":18.29,"min":9.96,"max":20,"night":16.54,"eve":18.79,"morn":11.14},"feels_like":{"day":17.72,"night":16.13,"eve":18.32,"morn":10.63},"pressure":1017,"humidity":59,"weather":[{"id":804,"main":"Clouds","description":"overcast clouds","icon":"04d"}],"speed":5.16,"deg":285,"gust":8.37,"clouds":96,"pop":0.05},{"dt":1719918000,"sunrise":1719891243,"sunset":1719950343,"temp":{"day":17.45,"min":13.1,"max":19.8,"night":13.1,"eve":17.09,"morn":14.7},"feels_like":{"day":17.16,"night":12.76,"eve":16.53,"morn":14.34},"pressure":1017,"humidity":73,"weather":[{"id":500,"main":"Rain","description":"light rain","icon":"10d"}],"speed":5.78,"deg":292,"gust":8.31,"clouds":100,"pop":0.2,"rain":0.17}]}
--- ENF OF RECEIVED DATA ---

