________________________________________________
|             CALL API : START                |
________________________________________________

Informations : 
Called API: meteo - 4 October 2024, 08:40
Method: GETMETEO - Timeout : 300 - Cache : 1
URL CALLED : https://api.openweathermap.org/data/2.5/forecast/daily?q=Brussels,be&units=metric&cnt=4&appid=ea18c0706135505149200c3836f29800
-------------------------
________________________________________________
|             CALL API : START                |
________________________________________________

Informations : 
Called API: meteo - 4 October 2024, 08:40
Method: GETMETEO - Timeout : 300 - Cache : 1
URL CALLED : https://api.openweathermap.org/data/2.5/forecast/daily?q=Brussels,be&units=metric&cnt=4&appid=ea18c0706135505149200c3836f29800
-------------------------
{"city":{"id":2800866,"name":"Brussels","coord":{"lon":4.3488,"lat":50.8504},"country":"BE","population":1019022,"timezone":7200},"cod":"200","message":0.3061392,"cnt":4,"list":[{"dt":1728039600,"sunrise":1728020883,"sunset":1728062051,"temp":{"day":12.16,"min":5.08,"max":15.37,"night":13.28,"eve":13.21,"morn":6.15},"feels_like":{"day":11.15,"night":12.15,"eve":12.13,"morn":4.12},"pressure":1021,"humidity":66,"weather":[{"id":800,"main":"Clear","description":"sky is clear","icon":"01d"}],"speed":3.17,"deg":42,"gust":7.57,"clouds":0,"pop":0},{"dt":1728126000,"sunrise":1728107379,"sunset":1728148318,"temp":{"day":15.09,"min":7.44,"max":16.45,"night":9.86,"eve":13.14,"morn":7.64},"feels_like":{"day":14.04,"night":8.37,"eve":12.18,"morn":6.61},"pressure":1018,"humidity":53,"weather":[{"id":801,"main":"Clouds","description":"few clouds","icon":"02d"}],"speed":3.67,"deg":117,"gust":6.8,"clouds":15,"pop":0},{"dt":1728212400,"sunrise":1728193875,"sunset":1728234585,"temp":{"day":15.96,"min":9.18,"max":17.23,"night":12.89,"eve":14.23,"morn":9.61},"feels_like":{"day":15.1,"night":12.51,"eve":13.41,"morn":7.39},"pressure":1007,"humidity":57,"weather":[{"id":500,"main":"Rain","description":"light rain","icon":"10d"}],"speed":6.01,"deg":187,"gust":13.13,"clouds":87,"pop":0.71,"rain":0.28},{"dt":1728298800,"sunrise":1728280371,"sunset":1728320854,"temp":{"day":17.72,"min":12.55,"max":17.72,"night":12.55,"eve":13.62,"morn":13.73},"feels_like":{"day":17.38,"night":12.29,"eve":13.41,"morn":13.56},"pressure":1004,"humidity":70,"weather":[{"id":500,"main":"Rain","description":"light rain","icon":"10d"}],"speed":7.07,"deg":201,"gust":14.12,"clouds":100,"pop":1,"rain":2.1}]}
--- ENF OF RECEIVED DATA ---

{"city":{"id":2800866,"name":"Brussels","coord":{"lon":4.3488,"lat":50.8504},"country":"BE","population":1019022,"timezone":7200},"cod":"200","message":0.3061392,"cnt":4,"list":[{"dt":1728039600,"sunrise":1728020883,"sunset":1728062051,"temp":{"day":12.16,"min":5.08,"max":15.37,"night":13.28,"eve":13.21,"morn":6.15},"feels_like":{"day":11.15,"night":12.15,"eve":12.13,"morn":4.12},"pressure":1021,"humidity":66,"weather":[{"id":800,"main":"Clear","description":"sky is clear","icon":"01d"}],"speed":3.17,"deg":42,"gust":7.57,"clouds":0,"pop":0},{"dt":1728126000,"sunrise":1728107379,"sunset":1728148318,"temp":{"day":15.09,"min":7.44,"max":16.45,"night":9.86,"eve":13.14,"morn":7.64},"feels_like":{"day":14.04,"night":8.37,"eve":12.18,"morn":6.61},"pressure":1018,"humidity":53,"weather":[{"id":801,"main":"Clouds","description":"few clouds","icon":"02d"}],"speed":3.67,"deg":117,"gust":6.8,"clouds":15,"pop":0},{"dt":1728212400,"sunrise":1728193875,"sunset":1728234585,"temp":{"day":15.96,"min":9.18,"max":17.23,"night":12.89,"eve":14.23,"morn":9.61},"feels_like":{"day":15.1,"night":12.51,"eve":13.41,"morn":7.39},"pressure":1007,"humidity":57,"weather":[{"id":500,"main":"Rain","description":"light rain","icon":"10d"}],"speed":6.01,"deg":187,"gust":13.13,"clouds":87,"pop":0.71,"rain":0.28},{"dt":1728298800,"sunrise":1728280371,"sunset":1728320854,"temp":{"day":17.72,"min":12.55,"max":17.72,"night":12.55,"eve":13.62,"morn":13.73},"feels_like":{"day":17.38,"night":12.29,"eve":13.41,"morn":13.56},"pressure":1004,"humidity":70,"weather":[{"id":500,"main":"Rain","description":"light rain","icon":"10d"}],"speed":7.07,"deg":201,"gust":14.12,"clouds":100,"pop":1,"rain":2.1}]}
--- ENF OF RECEIVED DATA ---

