________________________________________________
|             CALL API : START                |
________________________________________________

Informations : 
Called API: meteo - 10 December 2023, 02:40
Method: GETMETEO - Timeout : 300 - Cache : 1
URL CALLED : https://api.openweathermap.org/data/2.5/forecast/daily?q=Brussels,be&units=metric&cnt=4&appid=ea18c0706135505149200c3836f29800
-------------------------
________________________________________________
|             CALL API : START                |
________________________________________________

Informations : 
Called API: meteo - 10 December 2023, 02:40
Method: GETMETEO - Timeout : 300 - Cache : 1
URL CALLED : https://api.openweathermap.org/data/2.5/forecast/daily?q=Brussels,be&units=metric&cnt=4&appid=ea18c0706135505149200c3836f29800
-------------------------
{"city":{"id":2800866,"name":"Brussels","coord":{"lon":4.3488,"lat":50.8504},"country":"BE","population":1019022,"timezone":3600},"cod":"200","message":0.0501727,"cnt":4,"list":[{"dt":1702206000,"sunrise":1702193617,"sunset":1702222624,"temp":{"day":10.34,"min":7.83,"max":10.98,"night":10.6,"eve":9.64,"morn":8.89},"feels_like":{"day":9.57,"night":10.04,"eve":5.58,"morn":4.68},"pressure":1009,"humidity":82,"weather":[{"id":500,"main":"Rain","description":"light rain","icon":"10d"}],"speed":10.81,"deg":257,"gust":20.27,"clouds":20,"pop":1,"rain":1.56},{"dt":1702292400,"sunrise":1702280079,"sunset":1702309015,"temp":{"day":9.92,"min":6.64,"max":10.47,"night":6.64,"eve":8,"morn":9.63},"feels_like":{"day":6.51,"night":4.09,"eve":5.29,"morn":6.19},"pressure":1005,"humidity":72,"weather":[{"id":804,"main":"Clouds","description":"overcast clouds","icon":"04d"}],"speed":9.09,"deg":253,"gust":15.73,"clouds":97,"pop":0.18},{"dt":1702378800,"sunrise":1702366538,"sunset":1702395410,"temp":{"day":11.58,"min":6.26,"max":11.95,"night":9.35,"eve":9.88,"morn":8.39},"feels_like":{"day":11.04,"night":5.99,"eve":7.32,"morn":5.85},"pressure":1003,"humidity":86,"weather":[{"id":500,"main":"Rain","description":"light rain","icon":"10d"}],"speed":7.39,"deg":221,"gust":13.92,"clouds":100,"pop":1,"rain":3.04},{"dt":1702465200,"sunrise":1702452995,"sunset":1702481808,"temp":{"day":9.59,"min":6.14,"max":9.59,"night":6.14,"eve":7.62,"morn":8.65},"feels_like":{"day":7.2,"night":2.25,"eve":4.19,"morn":5.29},"pressure":999,"humidity":86,"weather":[{"id":501,"main":"Rain","description":"moderate rain","icon":"10d"}],"speed":8.53,"deg":219,"gust":14.57,"clouds":100,"pop":1,"rain":6.44}]}
--- ENF OF RECEIVED DATA ---

{"city":{"id":2800866,"name":"Brussels","coord":{"lon":4.3488,"lat":50.8504},"country":"BE","population":1019022,"timezone":3600},"cod":"200","message":0.0501727,"cnt":4,"list":[{"dt":1702206000,"sunrise":1702193617,"sunset":1702222624,"temp":{"day":10.34,"min":7.83,"max":10.98,"night":10.6,"eve":9.64,"morn":8.89},"feels_like":{"day":9.57,"night":10.04,"eve":5.58,"morn":4.68},"pressure":1009,"humidity":82,"weather":[{"id":500,"main":"Rain","description":"light rain","icon":"10d"}],"speed":10.81,"deg":257,"gust":20.27,"clouds":20,"pop":1,"rain":1.56},{"dt":1702292400,"sunrise":1702280079,"sunset":1702309015,"temp":{"day":9.92,"min":6.64,"max":10.47,"night":6.64,"eve":8,"morn":9.63},"feels_like":{"day":6.51,"night":4.09,"eve":5.29,"morn":6.19},"pressure":1005,"humidity":72,"weather":[{"id":804,"main":"Clouds","description":"overcast clouds","icon":"04d"}],"speed":9.09,"deg":253,"gust":15.73,"clouds":97,"pop":0.18},{"dt":1702378800,"sunrise":1702366538,"sunset":1702395410,"temp":{"day":11.58,"min":6.26,"max":11.95,"night":9.35,"eve":9.88,"morn":8.39},"feels_like":{"day":11.04,"night":5.99,"eve":7.32,"morn":5.85},"pressure":1003,"humidity":86,"weather":[{"id":500,"main":"Rain","description":"light rain","icon":"10d"}],"speed":7.39,"deg":221,"gust":13.92,"clouds":100,"pop":1,"rain":3.04},{"dt":1702465200,"sunrise":1702452995,"sunset":1702481808,"temp":{"day":9.59,"min":6.14,"max":9.59,"night":6.14,"eve":7.62,"morn":8.65},"feels_like":{"day":7.2,"night":2.25,"eve":4.19,"morn":5.29},"pressure":999,"humidity":86,"weather":[{"id":501,"main":"Rain","description":"moderate rain","icon":"10d"}],"speed":8.53,"deg":219,"gust":14.57,"clouds":100,"pop":1,"rain":6.44}]}
--- ENF OF RECEIVED DATA ---

