________________________________________________
|             CALL API : START                |
________________________________________________

Informations : 
Called API: meteo - 21 May 2023, 18:50
Method: GETMETEO - Timeout : 300 - Cache : 1
URL CALLED : https://api.openweathermap.org/data/2.5/forecast/daily?q=Brussels,be&units=metric&cnt=4&appid=ea18c0706135505149200c3836f29800
-------------------------
________________________________________________
|             CALL API : START                |
________________________________________________

Informations : 
Called API: meteo - 21 May 2023, 18:50
Method: GETMETEO - Timeout : 300 - Cache : 1
URL CALLED : https://api.openweathermap.org/data/2.5/forecast/daily?q=Brussels,be&units=metric&cnt=4&appid=ea18c0706135505149200c3836f29800
-------------------------
{"city":{"id":2800866,"name":"Brussels","coord":{"lon":4.3488,"lat":50.8504},"country":"BE","population":1019022,"timezone":7200},"cod":"200","message":8.3811701,"cnt":4,"list":[{"dt":1684666800,"sunrise":1684640761,"sunset":1684697556,"temp":{"day":19.67,"min":10.13,"max":21.81,"night":15.08,"eve":21.81,"morn":10.95},"feels_like":{"day":19.42,"night":14.92,"eve":21.69,"morn":10.53},"pressure":1016,"humidity":66,"weather":[{"id":804,"main":"Clouds","description":"overcast clouds","icon":"04d"}],"speed":4.76,"deg":28,"gust":8.9,"clouds":86,"pop":0.01},{"dt":1684753200,"sunrise":1684727088,"sunset":1684784038,"temp":{"day":17.94,"min":10.89,"max":19.3,"night":13.15,"eve":16.23,"morn":11.69},"feels_like":{"day":17.8,"night":12.82,"eve":16.08,"morn":11.45},"pressure":1016,"humidity":77,"weather":[{"id":804,"main":"Clouds","description":"overcast clouds","icon":"04d"}],"speed":6.55,"deg":331,"gust":10.83,"clouds":96,"pop":0},{"dt":1684839600,"sunrise":1684813418,"sunset":1684870519,"temp":{"day":14.56,"min":9.47,"max":16.94,"night":9.47,"eve":15.02,"morn":11.87},"feels_like":{"day":13.9,"night":7.2,"eve":14.2,"morn":11.38},"pressure":1022,"humidity":70,"weather":[{"id":804,"main":"Clouds","description":"overcast clouds","icon":"04d"}],"speed":6.31,"deg":350,"gust":10.76,"clouds":100,"pop":0},{"dt":1684926000,"sunrise":1684899750,"sunset":1684956998,"temp":{"day":17.27,"min":5.97,"max":18.07,"night":11.16,"eve":15.1,"morn":7.21},"feels_like":{"day":16.44,"night":10.58,"eve":14.52,"morn":5.83},"pressure":1025,"humidity":53,"weather":[{"id":802,"main":"Clouds","description":"scattered clouds","icon":"03d"}],"speed":4.74,"deg":23,"gust":8.16,"clouds":38,"pop":0}]}
--- ENF OF RECEIVED DATA ---

{"city":{"id":2800866,"name":"Brussels","coord":{"lon":4.3488,"lat":50.8504},"country":"BE","population":1019022,"timezone":7200},"cod":"200","message":8.3811701,"cnt":4,"list":[{"dt":1684666800,"sunrise":1684640761,"sunset":1684697556,"temp":{"day":19.67,"min":10.13,"max":21.81,"night":15.08,"eve":21.81,"morn":10.95},"feels_like":{"day":19.42,"night":14.92,"eve":21.69,"morn":10.53},"pressure":1016,"humidity":66,"weather":[{"id":804,"main":"Clouds","description":"overcast clouds","icon":"04d"}],"speed":4.76,"deg":28,"gust":8.9,"clouds":86,"pop":0.01},{"dt":1684753200,"sunrise":1684727088,"sunset":1684784038,"temp":{"day":17.94,"min":10.89,"max":19.3,"night":13.15,"eve":16.23,"morn":11.69},"feels_like":{"day":17.8,"night":12.82,"eve":16.08,"morn":11.45},"pressure":1016,"humidity":77,"weather":[{"id":804,"main":"Clouds","description":"overcast clouds","icon":"04d"}],"speed":6.55,"deg":331,"gust":10.83,"clouds":96,"pop":0},{"dt":1684839600,"sunrise":1684813418,"sunset":1684870519,"temp":{"day":14.56,"min":9.47,"max":16.94,"night":9.47,"eve":15.02,"morn":11.87},"feels_like":{"day":13.9,"night":7.2,"eve":14.2,"morn":11.38},"pressure":1022,"humidity":70,"weather":[{"id":804,"main":"Clouds","description":"overcast clouds","icon":"04d"}],"speed":6.31,"deg":350,"gust":10.76,"clouds":100,"pop":0},{"dt":1684926000,"sunrise":1684899750,"sunset":1684956998,"temp":{"day":17.27,"min":5.97,"max":18.07,"night":11.16,"eve":15.1,"morn":7.21},"feels_like":{"day":16.44,"night":10.58,"eve":14.52,"morn":5.83},"pressure":1025,"humidity":53,"weather":[{"id":802,"main":"Clouds","description":"scattered clouds","icon":"03d"}],"speed":4.74,"deg":23,"gust":8.16,"clouds":38,"pop":0}]}
--- ENF OF RECEIVED DATA ---

