________________________________________________
|             CALL API : START                |
________________________________________________

Informations : 
Called API: meteo - 28 November 2024, 00:30
Method: GETMETEO - Timeout : 300 - Cache : 1
URL CALLED : https://api.openweathermap.org/data/2.5/forecast/daily?q=Brussels,be&units=metric&cnt=4&appid=ea18c0706135505149200c3836f29800
-------------------------
________________________________________________
|             CALL API : START                |
________________________________________________

Informations : 
Called API: meteo - 28 November 2024, 00:30
Method: GETMETEO - Timeout : 300 - Cache : 1
URL CALLED : https://api.openweathermap.org/data/2.5/forecast/daily?q=Brussels,be&units=metric&cnt=4&appid=ea18c0706135505149200c3836f29800
-------------------------
{"city":{"id":2800866,"name":"Brussels","coord":{"lon":4.3488,"lat":50.8504},"country":"BE","population":1019022,"timezone":3600},"cod":"200","message":4.8469773,"cnt":4,"list":[{"dt":1732791600,"sunrise":1732778365,"sunset":1732808539,"temp":{"day":8.62,"min":4.64,"max":9.53,"night":4.64,"eve":6.14,"morn":5.18},"feels_like":{"day":6.82,"night":4.64,"eve":6.14,"morn":2.05},"pressure":1027,"humidity":69,"weather":[{"id":800,"main":"Clear","description":"sky is clear","icon":"01d"}],"speed":5.53,"deg":280,"gust":11.02,"clouds":6,"pop":0},{"dt":1732878000,"sunrise":1732864851,"sunset":1732894896,"temp":{"day":7.07,"min":2.69,"max":8.17,"night":3.1,"eve":4.95,"morn":3.02},"feels_like":{"day":4.56,"night":0.02,"eve":2.08,"morn":0.37},"pressure":1031,"humidity":66,"weather":[{"id":802,"main":"Clouds","description":"scattered clouds","icon":"03d"}],"speed":3.88,"deg":133,"gust":8.78,"clouds":45,"pop":0},{"dt":1732964400,"sunrise":1732951335,"sunset":1732981255,"temp":{"day":6.84,"min":1.99,"max":7.95,"night":4.56,"eve":5.33,"morn":2.01},"feels_like":{"day":4.05,"night":1.94,"eve":2.85,"morn":-0.8},"pressure":1026,"humidity":60,"weather":[{"id":804,"main":"Clouds","description":"overcast clouds","icon":"04d"}],"speed":4.13,"deg":189,"gust":10.13,"clouds":91,"pop":0},{"dt":1733050800,"sunrise":1733037817,"sunset":1733067617,"temp":{"day":8.82,"min":3.54,"max":8.82,"night":7,"eve":6.12,"morn":3.54},"feels_like":{"day":6.49,"night":3.79,"eve":2.83,"morn":0.57},"pressure":1020,"humidity":52,"weather":[{"id":801,"main":"Clouds","description":"few clouds","icon":"02d"}],"speed":5.1,"deg":201,"gust":13.56,"clouds":15,"pop":0}]}
--- ENF OF RECEIVED DATA ---

{"city":{"id":2800866,"name":"Brussels","coord":{"lon":4.3488,"lat":50.8504},"country":"BE","population":1019022,"timezone":3600},"cod":"200","message":4.8469773,"cnt":4,"list":[{"dt":1732791600,"sunrise":1732778365,"sunset":1732808539,"temp":{"day":8.62,"min":4.64,"max":9.53,"night":4.64,"eve":6.14,"morn":5.18},"feels_like":{"day":6.82,"night":4.64,"eve":6.14,"morn":2.05},"pressure":1027,"humidity":69,"weather":[{"id":800,"main":"Clear","description":"sky is clear","icon":"01d"}],"speed":5.53,"deg":280,"gust":11.02,"clouds":6,"pop":0},{"dt":1732878000,"sunrise":1732864851,"sunset":1732894896,"temp":{"day":7.07,"min":2.69,"max":8.17,"night":3.1,"eve":4.95,"morn":3.02},"feels_like":{"day":4.56,"night":0.02,"eve":2.08,"morn":0.37},"pressure":1031,"humidity":66,"weather":[{"id":802,"main":"Clouds","description":"scattered clouds","icon":"03d"}],"speed":3.88,"deg":133,"gust":8.78,"clouds":45,"pop":0},{"dt":1732964400,"sunrise":1732951335,"sunset":1732981255,"temp":{"day":6.84,"min":1.99,"max":7.95,"night":4.56,"eve":5.33,"morn":2.01},"feels_like":{"day":4.05,"night":1.94,"eve":2.85,"morn":-0.8},"pressure":1026,"humidity":60,"weather":[{"id":804,"main":"Clouds","description":"overcast clouds","icon":"04d"}],"speed":4.13,"deg":189,"gust":10.13,"clouds":91,"pop":0},{"dt":1733050800,"sunrise":1733037817,"sunset":1733067617,"temp":{"day":8.82,"min":3.54,"max":8.82,"night":7,"eve":6.12,"morn":3.54},"feels_like":{"day":6.49,"night":3.79,"eve":2.83,"morn":0.57},"pressure":1020,"humidity":52,"weather":[{"id":801,"main":"Clouds","description":"few clouds","icon":"02d"}],"speed":5.1,"deg":201,"gust":13.56,"clouds":15,"pop":0}]}
--- ENF OF RECEIVED DATA ---

