________________________________________________
|             CALL API : START                |
________________________________________________

Informations : 
Called API: meteo - 20 July 2023, 07:40
Method: GETMETEO - Timeout : 300 - Cache : 1
URL CALLED : https://api.openweathermap.org/data/2.5/forecast/daily?q=Brussels,be&units=metric&cnt=4&appid=ea18c0706135505149200c3836f29800
-------------------------
________________________________________________
|             CALL API : START                |
________________________________________________

Informations : 
Called API: meteo - 20 July 2023, 07:40
Method: GETMETEO - Timeout : 300 - Cache : 1
URL CALLED : https://api.openweathermap.org/data/2.5/forecast/daily?q=Brussels,be&units=metric&cnt=4&appid=ea18c0706135505149200c3836f29800
-------------------------
{"city":{"id":2800866,"name":"Brussels","coord":{"lon":4.3488,"lat":50.8504},"country":"BE","population":1019022,"timezone":7200},"cod":"200","message":4.6829013,"cnt":4,"list":[{"dt":1689850800,"sunrise":1689825095,"sunset":1689882354,"temp":{"day":21.29,"min":12.49,"max":23.04,"night":16.76,"eve":20.05,"morn":14.64},"feels_like":{"day":20.73,"night":16.06,"eve":19.42,"morn":14.64},"pressure":1015,"humidity":48,"weather":[{"id":803,"main":"Clouds","description":"broken clouds","icon":"04d"}],"speed":4.12,"deg":2,"gust":9.52,"clouds":54,"pop":0.52},{"dt":1689937200,"sunrise":1689911572,"sunset":1689968684,"temp":{"day":22,"min":13.32,"max":22,"night":14.38,"eve":20,"morn":13.6},"feels_like":{"day":21.38,"night":13.47,"eve":19.18,"morn":13},"pressure":1011,"humidity":43,"weather":[{"id":500,"main":"Rain","description":"light rain","icon":"10d"}],"speed":5.66,"deg":306,"gust":7.11,"clouds":87,"pop":0.84,"rain":2.32},{"dt":1690023600,"sunrise":1689998050,"sunset":1690055013,"temp":{"day":20.86,"min":11.73,"max":23.44,"night":16.81,"eve":17.04,"morn":12.9},"feels_like":{"day":20.2,"night":16.27,"eve":16.42,"morn":12.33},"pressure":1014,"humidity":46,"weather":[{"id":804,"main":"Clouds","description":"overcast clouds","icon":"04d"}],"speed":8.19,"deg":254,"gust":11.62,"clouds":100,"pop":0.2},{"dt":1690110000,"sunrise":1690084530,"sunset":1690141339,"temp":{"day":15.94,"min":14.83,"max":19.94,"night":17.74,"eve":19.94,"morn":17.74},"feels_like":{"day":15.84,"night":17.76,"eve":19.79,"morn":17.14},"pressure":1009,"humidity":86,"weather":[{"id":500,"main":"Rain","description":"light rain","icon":"10d"}],"speed":8.02,"deg":222,"gust":15.24,"clouds":100,"pop":0.48,"rain":0.94}]}
--- ENF OF RECEIVED DATA ---

{"city":{"id":2800866,"name":"Brussels","coord":{"lon":4.3488,"lat":50.8504},"country":"BE","population":1019022,"timezone":7200},"cod":"200","message":4.6829013,"cnt":4,"list":[{"dt":1689850800,"sunrise":1689825095,"sunset":1689882354,"temp":{"day":21.29,"min":12.49,"max":23.04,"night":16.76,"eve":20.05,"morn":14.64},"feels_like":{"day":20.73,"night":16.06,"eve":19.42,"morn":14.64},"pressure":1015,"humidity":48,"weather":[{"id":803,"main":"Clouds","description":"broken clouds","icon":"04d"}],"speed":4.12,"deg":2,"gust":9.52,"clouds":54,"pop":0.52},{"dt":1689937200,"sunrise":1689911572,"sunset":1689968684,"temp":{"day":22,"min":13.32,"max":22,"night":14.38,"eve":20,"morn":13.6},"feels_like":{"day":21.38,"night":13.47,"eve":19.18,"morn":13},"pressure":1011,"humidity":43,"weather":[{"id":500,"main":"Rain","description":"light rain","icon":"10d"}],"speed":5.66,"deg":306,"gust":7.11,"clouds":87,"pop":0.84,"rain":2.32},{"dt":1690023600,"sunrise":1689998050,"sunset":1690055013,"temp":{"day":20.86,"min":11.73,"max":23.44,"night":16.81,"eve":17.04,"morn":12.9},"feels_like":{"day":20.2,"night":16.27,"eve":16.42,"morn":12.33},"pressure":1014,"humidity":46,"weather":[{"id":804,"main":"Clouds","description":"overcast clouds","icon":"04d"}],"speed":8.19,"deg":254,"gust":11.62,"clouds":100,"pop":0.2},{"dt":1690110000,"sunrise":1690084530,"sunset":1690141339,"temp":{"day":15.94,"min":14.83,"max":19.94,"night":17.74,"eve":19.94,"morn":17.74},"feels_like":{"day":15.84,"night":17.76,"eve":19.79,"morn":17.14},"pressure":1009,"humidity":86,"weather":[{"id":500,"main":"Rain","description":"light rain","icon":"10d"}],"speed":8.02,"deg":222,"gust":15.24,"clouds":100,"pop":0.48,"rain":0.94}]}
--- ENF OF RECEIVED DATA ---

