________________________________________________
|             CALL API : START                |
________________________________________________

Informations : 
Called API: meteo - 8 June 2023, 00:00
Method: GETMETEO - Timeout : 300 - Cache : 1
URL CALLED : https://api.openweathermap.org/data/2.5/forecast/daily?q=Brussels,be&units=metric&cnt=4&appid=ea18c0706135505149200c3836f29800
-------------------------
________________________________________________
|             CALL API : START                |
________________________________________________

Informations : 
Called API: meteo - 8 June 2023, 00:00
Method: GETMETEO - Timeout : 300 - Cache : 1
URL CALLED : https://api.openweathermap.org/data/2.5/forecast/daily?q=Brussels,be&units=metric&cnt=4&appid=ea18c0706135505149200c3836f29800
-------------------------
{"city":{"id":2800866,"name":"Brussels","coord":{"lon":4.3488,"lat":50.8504},"country":"BE","population":1019022,"timezone":7200},"cod":"200","message":1.2519855,"cnt":4,"list":[{"dt":1686135600,"sunrise":1686108660,"sunset":1686167523,"temp":{"day":22.9,"min":11.86,"max":23.69,"night":16.26,"eve":17.99,"morn":12.75},"feels_like":{"day":22.58,"night":16,"eve":17.8,"morn":12.43},"pressure":1019,"humidity":51,"weather":[{"id":500,"main":"Rain","description":"light rain","icon":"10d"}],"speed":5.3,"deg":77,"gust":10.79,"clouds":12,"pop":0.7,"rain":0.96},{"dt":1686222000,"sunrise":1686195032,"sunset":1686253974,"temp":{"day":23.46,"min":11.5,"max":25.77,"night":18.05,"eve":22.66,"morn":12.53},"feels_like":{"day":23.27,"night":18,"eve":22.55,"morn":12.16},"pressure":1016,"humidity":54,"weather":[{"id":800,"main":"Clear","description":"sky is clear","icon":"01d"}],"speed":5.1,"deg":61,"gust":10.78,"clouds":7,"pop":0.27},{"dt":1686308400,"sunrise":1686281406,"sunset":1686340422,"temp":{"day":25.7,"min":13.33,"max":27.73,"night":21.33,"eve":26.95,"morn":14.31},"feels_like":{"day":25.63,"night":21.22,"eve":27.31,"morn":14.22},"pressure":1013,"humidity":50,"weather":[{"id":800,"main":"Clear","description":"sky is clear","icon":"01d"}],"speed":5,"deg":75,"gust":10.89,"clouds":0,"pop":0.08},{"dt":1686394800,"sunrise":1686367783,"sunset":1686426867,"temp":{"day":27.52,"min":16.21,"max":28.09,"night":22.16,"eve":25.46,"morn":17.33},"feels_like":{"day":27.64,"night":22,"eve":25.5,"morn":17},"pressure":1014,"humidity":46,"weather":[{"id":802,"main":"Clouds","description":"scattered clouds","icon":"03d"}],"speed":5.93,"deg":128,"gust":10.34,"clouds":45,"pop":0.18}]}
--- ENF OF RECEIVED DATA ---

{"city":{"id":2800866,"name":"Brussels","coord":{"lon":4.3488,"lat":50.8504},"country":"BE","population":1019022,"timezone":7200},"cod":"200","message":1.2519855,"cnt":4,"list":[{"dt":1686135600,"sunrise":1686108660,"sunset":1686167523,"temp":{"day":22.9,"min":11.86,"max":23.69,"night":16.26,"eve":17.99,"morn":12.75},"feels_like":{"day":22.58,"night":16,"eve":17.8,"morn":12.43},"pressure":1019,"humidity":51,"weather":[{"id":500,"main":"Rain","description":"light rain","icon":"10d"}],"speed":5.3,"deg":77,"gust":10.79,"clouds":12,"pop":0.7,"rain":0.96},{"dt":1686222000,"sunrise":1686195032,"sunset":1686253974,"temp":{"day":23.46,"min":11.5,"max":25.77,"night":18.05,"eve":22.66,"morn":12.53},"feels_like":{"day":23.27,"night":18,"eve":22.55,"morn":12.16},"pressure":1016,"humidity":54,"weather":[{"id":800,"main":"Clear","description":"sky is clear","icon":"01d"}],"speed":5.1,"deg":61,"gust":10.78,"clouds":7,"pop":0.27},{"dt":1686308400,"sunrise":1686281406,"sunset":1686340422,"temp":{"day":25.7,"min":13.33,"max":27.73,"night":21.33,"eve":26.95,"morn":14.31},"feels_like":{"day":25.63,"night":21.22,"eve":27.31,"morn":14.22},"pressure":1013,"humidity":50,"weather":[{"id":800,"main":"Clear","description":"sky is clear","icon":"01d"}],"speed":5,"deg":75,"gust":10.89,"clouds":0,"pop":0.08},{"dt":1686394800,"sunrise":1686367783,"sunset":1686426867,"temp":{"day":27.52,"min":16.21,"max":28.09,"night":22.16,"eve":25.46,"morn":17.33},"feels_like":{"day":27.64,"night":22,"eve":25.5,"morn":17},"pressure":1014,"humidity":46,"weather":[{"id":802,"main":"Clouds","description":"scattered clouds","icon":"03d"}],"speed":5.93,"deg":128,"gust":10.34,"clouds":45,"pop":0.18}]}
--- ENF OF RECEIVED DATA ---

