________________________________________________
|             CALL API : START                |
________________________________________________

Informations : 
Called API: meteo - 21 October 2024, 17:20
Method: GETMETEO - Timeout : 300 - Cache : 1
URL CALLED : https://api.openweathermap.org/data/2.5/forecast/daily?q=Brussels,be&units=metric&cnt=4&appid=ea18c0706135505149200c3836f29800
-------------------------
________________________________________________
|             CALL API : START                |
________________________________________________

Informations : 
Called API: meteo - 21 October 2024, 17:20
Method: GETMETEO - Timeout : 300 - Cache : 1
URL CALLED : https://api.openweathermap.org/data/2.5/forecast/daily?q=Brussels,be&units=metric&cnt=4&appid=ea18c0706135505149200c3836f29800
-------------------------
{"city":{"id":2800866,"name":"Brussels","coord":{"lon":4.3488,"lat":50.8504},"country":"BE","population":1019022,"timezone":7200},"cod":"200","message":0.0376229,"cnt":4,"list":[{"dt":1729508400,"sunrise":1729491357,"sunset":1729528685,"temp":{"day":13.53,"min":12.6,"max":18.08,"night":12.6,"eve":12.99,"morn":15.31},"feels_like":{"day":13.29,"night":12.47,"eve":12.77,"morn":15.01},"pressure":1025,"humidity":90,"weather":[{"id":501,"main":"Rain","description":"moderate rain","icon":"10d"}],"speed":8.09,"deg":213,"gust":14.8,"clouds":95,"pop":1,"rain":5.62},{"dt":1729594800,"sunrise":1729577859,"sunset":1729614966,"temp":{"day":14.88,"min":9.59,"max":15.79,"night":10.28,"eve":12.18,"morn":10.29},"feels_like":{"day":14.36,"night":9.56,"eve":11.52,"morn":9.86},"pressure":1030,"humidity":74,"weather":[{"id":501,"main":"Rain","description":"moderate rain","icon":"10d"}],"speed":5.58,"deg":350,"gust":9.67,"clouds":11,"pop":1,"rain":5.47},{"dt":1729681200,"sunrise":1729664361,"sunset":1729701248,"temp":{"day":14.96,"min":8.72,"max":16.16,"night":9.7,"eve":12.28,"morn":8.78},"feels_like":{"day":14.18,"night":8.32,"eve":11.55,"morn":7.72},"pressure":1033,"humidity":64,"weather":[{"id":800,"main":"Clear","description":"sky is clear","icon":"01d"}],"speed":3.45,"deg":101,"gust":7.48,"clouds":0,"pop":0},{"dt":1729767600,"sunrise":1729750863,"sunset":1729787531,"temp":{"day":16.89,"min":8.6,"max":18.51,"night":13.87,"eve":14.26,"morn":8.6},"feels_like":{"day":16.49,"night":13.66,"eve":14.07,"morn":6.87},"pressure":1022,"humidity":71,"weather":[{"id":800,"main":"Clear","description":"sky is clear","icon":"01d"}],"speed":4.99,"deg":183,"gust":10.88,"clouds":0,"pop":0}]}
--- ENF OF RECEIVED DATA ---

{"city":{"id":2800866,"name":"Brussels","coord":{"lon":4.3488,"lat":50.8504},"country":"BE","population":1019022,"timezone":7200},"cod":"200","message":0.0376229,"cnt":4,"list":[{"dt":1729508400,"sunrise":1729491357,"sunset":1729528685,"temp":{"day":13.53,"min":12.6,"max":18.08,"night":12.6,"eve":12.99,"morn":15.31},"feels_like":{"day":13.29,"night":12.47,"eve":12.77,"morn":15.01},"pressure":1025,"humidity":90,"weather":[{"id":501,"main":"Rain","description":"moderate rain","icon":"10d"}],"speed":8.09,"deg":213,"gust":14.8,"clouds":95,"pop":1,"rain":5.62},{"dt":1729594800,"sunrise":1729577859,"sunset":1729614966,"temp":{"day":14.88,"min":9.59,"max":15.79,"night":10.28,"eve":12.18,"morn":10.29},"feels_like":{"day":14.36,"night":9.56,"eve":11.52,"morn":9.86},"pressure":1030,"humidity":74,"weather":[{"id":501,"main":"Rain","description":"moderate rain","icon":"10d"}],"speed":5.58,"deg":350,"gust":9.67,"clouds":11,"pop":1,"rain":5.47},{"dt":1729681200,"sunrise":1729664361,"sunset":1729701248,"temp":{"day":14.96,"min":8.72,"max":16.16,"night":9.7,"eve":12.28,"morn":8.78},"feels_like":{"day":14.18,"night":8.32,"eve":11.55,"morn":7.72},"pressure":1033,"humidity":64,"weather":[{"id":800,"main":"Clear","description":"sky is clear","icon":"01d"}],"speed":3.45,"deg":101,"gust":7.48,"clouds":0,"pop":0},{"dt":1729767600,"sunrise":1729750863,"sunset":1729787531,"temp":{"day":16.89,"min":8.6,"max":18.51,"night":13.87,"eve":14.26,"morn":8.6},"feels_like":{"day":16.49,"night":13.66,"eve":14.07,"morn":6.87},"pressure":1022,"humidity":71,"weather":[{"id":800,"main":"Clear","description":"sky is clear","icon":"01d"}],"speed":4.99,"deg":183,"gust":10.88,"clouds":0,"pop":0}]}
--- ENF OF RECEIVED DATA ---

