________________________________________________
|             CALL API : START                |
________________________________________________

Informations : 
Called API: meteo - 27 June 2023, 03:10
Method: GETMETEO - Timeout : 300 - Cache : 1
URL CALLED : https://api.openweathermap.org/data/2.5/forecast/daily?q=Brussels,be&units=metric&cnt=4&appid=ea18c0706135505149200c3836f29800
-------------------------
________________________________________________
|             CALL API : START                |
________________________________________________

Informations : 
Called API: meteo - 27 June 2023, 03:10
Method: GETMETEO - Timeout : 300 - Cache : 1
URL CALLED : https://api.openweathermap.org/data/2.5/forecast/daily?q=Brussels,be&units=metric&cnt=4&appid=ea18c0706135505149200c3836f29800
-------------------------
{"city":{"id":2800866,"name":"Brussels","coord":{"lon":4.3488,"lat":50.8504},"country":"BE","population":1019022,"timezone":7200},"cod":"200","message":6.6584042,"cnt":4,"list":[{"dt":1687863600,"sunrise":1687836640,"sunset":1687896017,"temp":{"day":22.23,"min":13.75,"max":23.43,"night":17.3,"eve":21.34,"morn":14.2},"feels_like":{"day":21.63,"night":16.65,"eve":20.73,"morn":13.82},"pressure":1021,"humidity":43,"weather":[{"id":804,"main":"Clouds","description":"overcast clouds","icon":"04d"}],"speed":5.05,"deg":318,"gust":8.41,"clouds":100,"pop":0},{"dt":1687950000,"sunrise":1687923069,"sunset":1687982411,"temp":{"day":23.16,"min":15.88,"max":23.94,"night":19.7,"eve":23.53,"morn":15.92},"feels_like":{"day":23.12,"night":19.76,"eve":23.58,"morn":15.58},"pressure":1018,"humidity":61,"weather":[{"id":500,"main":"Rain","description":"light rain","icon":"10d"}],"speed":3.91,"deg":272,"gust":6.77,"clouds":87,"pop":0.78,"rain":0.53},{"dt":1688036400,"sunrise":1688009500,"sunset":1688068803,"temp":{"day":24.43,"min":16.64,"max":25.78,"night":17.2,"eve":23.61,"morn":17.6},"feels_like":{"day":24.31,"night":17.48,"eve":23.62,"morn":17.64},"pressure":1016,"humidity":53,"weather":[{"id":501,"main":"Rain","description":"moderate rain","icon":"10d"}],"speed":3.55,"deg":322,"gust":6.68,"clouds":100,"pop":0.95,"rain":4.35},{"dt":1688122800,"sunrise":1688095935,"sunset":1688155191,"temp":{"day":16.31,"min":13.73,"max":18.93,"night":13.73,"eve":18.73,"morn":16.66},"feels_like":{"day":16.22,"night":13.04,"eve":18.07,"morn":16.81},"pressure":1013,"humidity":85,"weather":[{"id":501,"main":"Rain","description":"moderate rain","icon":"10d"}],"speed":5.45,"deg":305,"gust":7.14,"clouds":100,"pop":1,"rain":9.47}]}
--- ENF OF RECEIVED DATA ---

{"city":{"id":2800866,"name":"Brussels","coord":{"lon":4.3488,"lat":50.8504},"country":"BE","population":1019022,"timezone":7200},"cod":"200","message":6.6584042,"cnt":4,"list":[{"dt":1687863600,"sunrise":1687836640,"sunset":1687896017,"temp":{"day":22.23,"min":13.75,"max":23.43,"night":17.3,"eve":21.34,"morn":14.2},"feels_like":{"day":21.63,"night":16.65,"eve":20.73,"morn":13.82},"pressure":1021,"humidity":43,"weather":[{"id":804,"main":"Clouds","description":"overcast clouds","icon":"04d"}],"speed":5.05,"deg":318,"gust":8.41,"clouds":100,"pop":0},{"dt":1687950000,"sunrise":1687923069,"sunset":1687982411,"temp":{"day":23.16,"min":15.88,"max":23.94,"night":19.7,"eve":23.53,"morn":15.92},"feels_like":{"day":23.12,"night":19.76,"eve":23.58,"morn":15.58},"pressure":1018,"humidity":61,"weather":[{"id":500,"main":"Rain","description":"light rain","icon":"10d"}],"speed":3.91,"deg":272,"gust":6.77,"clouds":87,"pop":0.78,"rain":0.53},{"dt":1688036400,"sunrise":1688009500,"sunset":1688068803,"temp":{"day":24.43,"min":16.64,"max":25.78,"night":17.2,"eve":23.61,"morn":17.6},"feels_like":{"day":24.31,"night":17.48,"eve":23.62,"morn":17.64},"pressure":1016,"humidity":53,"weather":[{"id":501,"main":"Rain","description":"moderate rain","icon":"10d"}],"speed":3.55,"deg":322,"gust":6.68,"clouds":100,"pop":0.95,"rain":4.35},{"dt":1688122800,"sunrise":1688095935,"sunset":1688155191,"temp":{"day":16.31,"min":13.73,"max":18.93,"night":13.73,"eve":18.73,"morn":16.66},"feels_like":{"day":16.22,"night":13.04,"eve":18.07,"morn":16.81},"pressure":1013,"humidity":85,"weather":[{"id":501,"main":"Rain","description":"moderate rain","icon":"10d"}],"speed":5.45,"deg":305,"gust":7.14,"clouds":100,"pop":1,"rain":9.47}]}
--- ENF OF RECEIVED DATA ---

