________________________________________________
|             CALL API : START                |
________________________________________________

Informations : 
Called API: meteo - 26 October 2023, 23:00
Method: GETMETEO - Timeout : 300 - Cache : 1
URL CALLED : https://api.openweathermap.org/data/2.5/forecast/daily?q=Brussels,be&units=metric&cnt=4&appid=ea18c0706135505149200c3836f29800
-------------------------
________________________________________________
|             CALL API : START                |
________________________________________________

Informations : 
Called API: meteo - 26 October 2023, 23:00
Method: GETMETEO - Timeout : 300 - Cache : 1
URL CALLED : https://api.openweathermap.org/data/2.5/forecast/daily?q=Brussels,be&units=metric&cnt=4&appid=ea18c0706135505149200c3836f29800
-------------------------
{"city":{"id":2800866,"name":"Brussels","coord":{"lon":4.3488,"lat":50.8504},"country":"BE","population":1019022,"timezone":7200},"cod":"200","message":6.013459,"cnt":4,"list":[{"dt":1698318000,"sunrise":1698301392,"sunset":1698337786,"temp":{"day":10.28,"min":7.82,"max":13.32,"night":10.44,"eve":10.56,"morn":7.82},"feels_like":{"day":9.77,"night":10.02,"eve":10.07,"morn":6.17},"pressure":995,"humidity":92,"weather":[{"id":500,"main":"Rain","description":"light rain","icon":"10d"}],"speed":4.34,"deg":189,"gust":7.21,"clouds":100,"pop":0.56,"rain":1.46},{"dt":1698404400,"sunrise":1698387895,"sunset":1698424072,"temp":{"day":11.12,"min":9.18,"max":12.62,"night":9.82,"eve":9.86,"morn":9.67},"feels_like":{"day":10.72,"night":7.06,"eve":7.72,"morn":9.67},"pressure":993,"humidity":93,"weather":[{"id":501,"main":"Rain","description":"moderate rain","icon":"10d"}],"speed":7.88,"deg":236,"gust":12.82,"clouds":100,"pop":1,"rain":17.7},{"dt":1698490800,"sunrise":1698474398,"sunset":1698510359,"temp":{"day":13.27,"min":9.01,"max":13.6,"night":12.91,"eve":11.64,"morn":11.01},"feels_like":{"day":12.64,"night":12.55,"eve":11.03,"morn":10.39},"pressure":997,"humidity":76,"weather":[{"id":501,"main":"Rain","description":"moderate rain","icon":"10d"}],"speed":9.28,"deg":201,"gust":17.3,"clouds":77,"pop":1,"rain":4.32},{"dt":1698577200,"sunrise":1698560901,"sunset":1698596648,"temp":{"day":13.9,"min":11.94,"max":14.54,"night":13.27,"eve":13.11,"morn":13.06},"feels_like":{"day":13.2,"night":12.85,"eve":12.46,"morn":12.56},"pressure":997,"humidity":71,"weather":[{"id":501,"main":"Rain","description":"moderate rain","icon":"10d"}],"speed":12.11,"deg":222,"gust":20.4,"clouds":31,"pop":1,"rain":9.83}]}
--- ENF OF RECEIVED DATA ---

{"city":{"id":2800866,"name":"Brussels","coord":{"lon":4.3488,"lat":50.8504},"country":"BE","population":1019022,"timezone":7200},"cod":"200","message":6.013459,"cnt":4,"list":[{"dt":1698318000,"sunrise":1698301392,"sunset":1698337786,"temp":{"day":10.28,"min":7.82,"max":13.32,"night":10.44,"eve":10.56,"morn":7.82},"feels_like":{"day":9.77,"night":10.02,"eve":10.07,"morn":6.17},"pressure":995,"humidity":92,"weather":[{"id":500,"main":"Rain","description":"light rain","icon":"10d"}],"speed":4.34,"deg":189,"gust":7.21,"clouds":100,"pop":0.56,"rain":1.46},{"dt":1698404400,"sunrise":1698387895,"sunset":1698424072,"temp":{"day":11.12,"min":9.18,"max":12.62,"night":9.82,"eve":9.86,"morn":9.67},"feels_like":{"day":10.72,"night":7.06,"eve":7.72,"morn":9.67},"pressure":993,"humidity":93,"weather":[{"id":501,"main":"Rain","description":"moderate rain","icon":"10d"}],"speed":7.88,"deg":236,"gust":12.82,"clouds":100,"pop":1,"rain":17.7},{"dt":1698490800,"sunrise":1698474398,"sunset":1698510359,"temp":{"day":13.27,"min":9.01,"max":13.6,"night":12.91,"eve":11.64,"morn":11.01},"feels_like":{"day":12.64,"night":12.55,"eve":11.03,"morn":10.39},"pressure":997,"humidity":76,"weather":[{"id":501,"main":"Rain","description":"moderate rain","icon":"10d"}],"speed":9.28,"deg":201,"gust":17.3,"clouds":77,"pop":1,"rain":4.32},{"dt":1698577200,"sunrise":1698560901,"sunset":1698596648,"temp":{"day":13.9,"min":11.94,"max":14.54,"night":13.27,"eve":13.11,"morn":13.06},"feels_like":{"day":13.2,"night":12.85,"eve":12.46,"morn":12.56},"pressure":997,"humidity":71,"weather":[{"id":501,"main":"Rain","description":"moderate rain","icon":"10d"}],"speed":12.11,"deg":222,"gust":20.4,"clouds":31,"pop":1,"rain":9.83}]}
--- ENF OF RECEIVED DATA ---

