________________________________________________
|             CALL API : START                |
________________________________________________

Informations : 
Called API: meteo - 22 November 2023, 00:20
Method: GETMETEO - Timeout : 300 - Cache : 1
URL CALLED : https://api.openweathermap.org/data/2.5/forecast/daily?q=Brussels,be&units=metric&cnt=4&appid=ea18c0706135505149200c3836f29800
-------------------------
________________________________________________
|             CALL API : START                |
________________________________________________

Informations : 
Called API: meteo - 22 November 2023, 00:20
Method: GETMETEO - Timeout : 300 - Cache : 1
URL CALLED : https://api.openweathermap.org/data/2.5/forecast/daily?q=Brussels,be&units=metric&cnt=4&appid=ea18c0706135505149200c3836f29800
-------------------------
{"city":{"id":2800866,"name":"Brussels","coord":{"lon":4.3488,"lat":50.8504},"country":"BE","population":1019022,"timezone":3600},"cod":"200","message":0.0461674,"cnt":4,"list":[{"dt":1700650800,"sunrise":1700636950,"sunset":1700668106,"temp":{"day":6.77,"min":3.59,"max":7.39,"night":7.1,"eve":5.97,"morn":3.9},"feels_like":{"day":5.85,"night":4.21,"eve":3.58,"morn":1.23},"pressure":1030,"humidity":73,"weather":[{"id":804,"main":"Clouds","description":"overcast clouds","icon":"04d"}],"speed":4.46,"deg":229,"gust":9.81,"clouds":91,"pop":0},{"dt":1700737200,"sunrise":1700723445,"sunset":1700754444,"temp":{"day":11.85,"min":7.11,"max":12.2,"night":11,"eve":10.06,"morn":8.21},"feels_like":{"day":11.26,"night":10.45,"eve":9.5,"morn":5.59},"pressure":1025,"humidity":83,"weather":[{"id":803,"main":"Clouds","description":"broken clouds","icon":"04d"}],"speed":8.18,"deg":272,"gust":16.06,"clouds":58,"pop":0.08},{"dt":1700823600,"sunrise":1700809939,"sunset":1700840784,"temp":{"day":4.61,"min":4.61,"max":11.3,"night":5.14,"eve":5.04,"morn":7.64},"feels_like":{"day":0.37,"night":1.17,"eve":0.24,"morn":4.33},"pressure":1015,"humidity":92,"weather":[{"id":501,"main":"Rain","description":"moderate rain","icon":"10d"}],"speed":8.44,"deg":285,"gust":15.56,"clouds":100,"pop":1,"rain":11.1},{"dt":1700910000,"sunrise":1700896431,"sunset":1700927128,"temp":{"day":7.87,"min":4.46,"max":7.87,"night":4.66,"eve":5.33,"morn":5.94},"feels_like":{"day":4.12,"night":1.74,"eve":2.35,"morn":1.53},"pressure":1014,"humidity":68,"weather":[{"id":500,"main":"Rain","description":"light rain","icon":"10d"}],"speed":7.61,"deg":325,"gust":14.38,"clouds":97,"pop":1,"rain":4.45}]}
--- ENF OF RECEIVED DATA ---

{"city":{"id":2800866,"name":"Brussels","coord":{"lon":4.3488,"lat":50.8504},"country":"BE","population":1019022,"timezone":3600},"cod":"200","message":0.0461674,"cnt":4,"list":[{"dt":1700650800,"sunrise":1700636950,"sunset":1700668106,"temp":{"day":6.77,"min":3.59,"max":7.39,"night":7.1,"eve":5.97,"morn":3.9},"feels_like":{"day":5.85,"night":4.21,"eve":3.58,"morn":1.23},"pressure":1030,"humidity":73,"weather":[{"id":804,"main":"Clouds","description":"overcast clouds","icon":"04d"}],"speed":4.46,"deg":229,"gust":9.81,"clouds":91,"pop":0},{"dt":1700737200,"sunrise":1700723445,"sunset":1700754444,"temp":{"day":11.85,"min":7.11,"max":12.2,"night":11,"eve":10.06,"morn":8.21},"feels_like":{"day":11.26,"night":10.45,"eve":9.5,"morn":5.59},"pressure":1025,"humidity":83,"weather":[{"id":803,"main":"Clouds","description":"broken clouds","icon":"04d"}],"speed":8.18,"deg":272,"gust":16.06,"clouds":58,"pop":0.08},{"dt":1700823600,"sunrise":1700809939,"sunset":1700840784,"temp":{"day":4.61,"min":4.61,"max":11.3,"night":5.14,"eve":5.04,"morn":7.64},"feels_like":{"day":0.37,"night":1.17,"eve":0.24,"morn":4.33},"pressure":1015,"humidity":92,"weather":[{"id":501,"main":"Rain","description":"moderate rain","icon":"10d"}],"speed":8.44,"deg":285,"gust":15.56,"clouds":100,"pop":1,"rain":11.1},{"dt":1700910000,"sunrise":1700896431,"sunset":1700927128,"temp":{"day":7.87,"min":4.46,"max":7.87,"night":4.66,"eve":5.33,"morn":5.94},"feels_like":{"day":4.12,"night":1.74,"eve":2.35,"morn":1.53},"pressure":1014,"humidity":68,"weather":[{"id":500,"main":"Rain","description":"light rain","icon":"10d"}],"speed":7.61,"deg":325,"gust":14.38,"clouds":97,"pop":1,"rain":4.45}]}
--- ENF OF RECEIVED DATA ---

