________________________________________________
|             CALL API : START                |
________________________________________________

Informations : 
Called API: meteo - 13 June 2024, 17:10
Method: GETMETEO - Timeout : 300 - Cache : 1
URL CALLED : https://api.openweathermap.org/data/2.5/forecast/daily?q=Brussels,be&units=metric&cnt=4&appid=ea18c0706135505149200c3836f29800
-------------------------
________________________________________________
|             CALL API : START                |
________________________________________________

Informations : 
Called API: meteo - 13 June 2024, 17:10
Method: GETMETEO - Timeout : 300 - Cache : 1
URL CALLED : https://api.openweathermap.org/data/2.5/forecast/daily?q=Brussels,be&units=metric&cnt=4&appid=ea18c0706135505149200c3836f29800
-------------------------
{"city":{"id":2800866,"name":"Brussels","coord":{"lon":4.3488,"lat":50.8504},"country":"BE","population":1019022,"timezone":7200},"cod":"200","message":0.0717908,"cnt":4,"list":[{"dt":1718276400,"sunrise":1718249322,"sunset":1718308614,"temp":{"day":17.61,"min":8.06,"max":19.68,"night":13.23,"eve":18.45,"morn":8.94},"feels_like":{"day":16.89,"night":12.88,"eve":17.92,"morn":7.36},"pressure":1016,"humidity":56,"weather":[{"id":500,"main":"Rain","description":"light rain","icon":"10d"}],"speed":5.61,"deg":233,"gust":7.78,"clouds":42,"pop":0.2,"rain":0.42},{"dt":1718362800,"sunrise":1718335713,"sunset":1718395047,"temp":{"day":14.3,"min":11.86,"max":19.77,"night":14.54,"eve":18.86,"morn":11.86},"feels_like":{"day":14.14,"night":14.4,"eve":18.55,"morn":11.4},"pressure":1007,"humidity":90,"weather":[{"id":501,"main":"Rain","description":"moderate rain","icon":"10d"}],"speed":6.75,"deg":205,"gust":14.05,"clouds":100,"pop":1,"rain":4.06},{"dt":1718449200,"sunrise":1718422107,"sunset":1718481477,"temp":{"day":15.88,"min":10.84,"max":17.12,"night":13.18,"eve":15.25,"morn":10.99},"feels_like":{"day":15.12,"night":12.96,"eve":14.92,"morn":10.57},"pressure":1006,"humidity":61,"weather":[{"id":500,"main":"Rain","description":"light rain","icon":"10d"}],"speed":9.48,"deg":223,"gust":13.89,"clouds":38,"pop":1,"rain":5.29},{"dt":1718535600,"sunrise":1718508504,"sunset":1718567905,"temp":{"day":18.3,"min":10.88,"max":18.75,"night":14.31,"eve":14.44,"morn":11.43},"feels_like":{"day":17.73,"night":14.25,"eve":14.32,"morn":11.03},"pressure":1009,"humidity":59,"weather":[{"id":501,"main":"Rain","description":"moderate rain","icon":"10d"}],"speed":8.3,"deg":214,"gust":14.1,"clouds":71,"pop":1,"rain":6.21}]}
--- ENF OF RECEIVED DATA ---

{"city":{"id":2800866,"name":"Brussels","coord":{"lon":4.3488,"lat":50.8504},"country":"BE","population":1019022,"timezone":7200},"cod":"200","message":0.0717908,"cnt":4,"list":[{"dt":1718276400,"sunrise":1718249322,"sunset":1718308614,"temp":{"day":17.61,"min":8.06,"max":19.68,"night":13.23,"eve":18.45,"morn":8.94},"feels_like":{"day":16.89,"night":12.88,"eve":17.92,"morn":7.36},"pressure":1016,"humidity":56,"weather":[{"id":500,"main":"Rain","description":"light rain","icon":"10d"}],"speed":5.61,"deg":233,"gust":7.78,"clouds":42,"pop":0.2,"rain":0.42},{"dt":1718362800,"sunrise":1718335713,"sunset":1718395047,"temp":{"day":14.3,"min":11.86,"max":19.77,"night":14.54,"eve":18.86,"morn":11.86},"feels_like":{"day":14.14,"night":14.4,"eve":18.55,"morn":11.4},"pressure":1007,"humidity":90,"weather":[{"id":501,"main":"Rain","description":"moderate rain","icon":"10d"}],"speed":6.75,"deg":205,"gust":14.05,"clouds":100,"pop":1,"rain":4.06},{"dt":1718449200,"sunrise":1718422107,"sunset":1718481477,"temp":{"day":15.88,"min":10.84,"max":17.12,"night":13.18,"eve":15.25,"morn":10.99},"feels_like":{"day":15.12,"night":12.96,"eve":14.92,"morn":10.57},"pressure":1006,"humidity":61,"weather":[{"id":500,"main":"Rain","description":"light rain","icon":"10d"}],"speed":9.48,"deg":223,"gust":13.89,"clouds":38,"pop":1,"rain":5.29},{"dt":1718535600,"sunrise":1718508504,"sunset":1718567905,"temp":{"day":18.3,"min":10.88,"max":18.75,"night":14.31,"eve":14.44,"morn":11.43},"feels_like":{"day":17.73,"night":14.25,"eve":14.32,"morn":11.03},"pressure":1009,"humidity":59,"weather":[{"id":501,"main":"Rain","description":"moderate rain","icon":"10d"}],"speed":8.3,"deg":214,"gust":14.1,"clouds":71,"pop":1,"rain":6.21}]}
--- ENF OF RECEIVED DATA ---

