________________________________________________
|             CALL API : START                |
________________________________________________

Informations : 
Called API: meteo - 25 August 2023, 11:00
Method: GETMETEO - Timeout : 300 - Cache : 1
URL CALLED : https://api.openweathermap.org/data/2.5/forecast/daily?q=Brussels,be&units=metric&cnt=4&appid=ea18c0706135505149200c3836f29800
-------------------------
________________________________________________
|             CALL API : START                |
________________________________________________

Informations : 
Called API: meteo - 25 August 2023, 11:00
Method: GETMETEO - Timeout : 300 - Cache : 1
URL CALLED : https://api.openweathermap.org/data/2.5/forecast/daily?q=Brussels,be&units=metric&cnt=4&appid=ea18c0706135505149200c3836f29800
-------------------------
{"city":{"id":2800866,"name":"Brussels","coord":{"lon":4.3488,"lat":50.8504},"country":"BE","population":1019022,"timezone":7200},"cod":"200","message":51.5922154,"cnt":4,"list":[{"dt":1692961200,"sunrise":1692938696,"sunset":1692989108,"temp":{"day":20.39,"min":14.2,"max":22.98,"night":14.2,"eve":19.39,"morn":18.34},"feels_like":{"day":20.83,"night":13.76,"eve":19.55,"morn":18.79},"pressure":1008,"humidity":90,"weather":[{"id":501,"main":"Rain","description":"moderate rain","icon":"10d"}],"speed":5.81,"deg":245,"gust":8.72,"clouds":82,"pop":1,"rain":6.8},{"dt":1693047600,"sunrise":1693025189,"sunset":1693075382,"temp":{"day":20.69,"min":11.65,"max":20.95,"night":14.89,"eve":19.65,"morn":11.65},"feels_like":{"day":20.15,"night":14.42,"eve":19.19,"morn":11.19},"pressure":1011,"humidity":51,"weather":[{"id":801,"main":"Clouds","description":"few clouds","icon":"02d"}],"speed":6.85,"deg":221,"gust":10.7,"clouds":22,"pop":0.18},{"dt":1693134000,"sunrise":1693111682,"sunset":1693161655,"temp":{"day":18.72,"min":11.92,"max":19.42,"night":13.17,"eve":18.09,"morn":11.92},"feels_like":{"day":18.19,"night":12.63,"eve":17.55,"morn":11.62},"pressure":1009,"humidity":59,"weather":[{"id":500,"main":"Rain","description":"light rain","icon":"10d"}],"speed":6.35,"deg":245,"gust":9.32,"clouds":33,"pop":0.98,"rain":2.46},{"dt":1693220400,"sunrise":1693198175,"sunset":1693247928,"temp":{"day":18.25,"min":11.58,"max":18.84,"night":13.22,"eve":16.46,"morn":12.23},"feels_like":{"day":17.75,"night":12.76,"eve":16.02,"morn":11.78},"pressure":1012,"humidity":62,"weather":[{"id":500,"main":"Rain","description":"light rain","icon":"10d"}],"speed":4.33,"deg":285,"gust":7.36,"clouds":54,"pop":0.77,"rain":1.11}]}
--- ENF OF RECEIVED DATA ---

{"city":{"id":2800866,"name":"Brussels","coord":{"lon":4.3488,"lat":50.8504},"country":"BE","population":1019022,"timezone":7200},"cod":"200","message":51.5922154,"cnt":4,"list":[{"dt":1692961200,"sunrise":1692938696,"sunset":1692989108,"temp":{"day":20.39,"min":14.2,"max":22.98,"night":14.2,"eve":19.39,"morn":18.34},"feels_like":{"day":20.83,"night":13.76,"eve":19.55,"morn":18.79},"pressure":1008,"humidity":90,"weather":[{"id":501,"main":"Rain","description":"moderate rain","icon":"10d"}],"speed":5.81,"deg":245,"gust":8.72,"clouds":82,"pop":1,"rain":6.8},{"dt":1693047600,"sunrise":1693025189,"sunset":1693075382,"temp":{"day":20.69,"min":11.65,"max":20.95,"night":14.89,"eve":19.65,"morn":11.65},"feels_like":{"day":20.15,"night":14.42,"eve":19.19,"morn":11.19},"pressure":1011,"humidity":51,"weather":[{"id":801,"main":"Clouds","description":"few clouds","icon":"02d"}],"speed":6.85,"deg":221,"gust":10.7,"clouds":22,"pop":0.18},{"dt":1693134000,"sunrise":1693111682,"sunset":1693161655,"temp":{"day":18.72,"min":11.92,"max":19.42,"night":13.17,"eve":18.09,"morn":11.92},"feels_like":{"day":18.19,"night":12.63,"eve":17.55,"morn":11.62},"pressure":1009,"humidity":59,"weather":[{"id":500,"main":"Rain","description":"light rain","icon":"10d"}],"speed":6.35,"deg":245,"gust":9.32,"clouds":33,"pop":0.98,"rain":2.46},{"dt":1693220400,"sunrise":1693198175,"sunset":1693247928,"temp":{"day":18.25,"min":11.58,"max":18.84,"night":13.22,"eve":16.46,"morn":12.23},"feels_like":{"day":17.75,"night":12.76,"eve":16.02,"morn":11.78},"pressure":1012,"humidity":62,"weather":[{"id":500,"main":"Rain","description":"light rain","icon":"10d"}],"speed":4.33,"deg":285,"gust":7.36,"clouds":54,"pop":0.77,"rain":1.11}]}
--- ENF OF RECEIVED DATA ---

