________________________________________________
|             CALL API : START                |
________________________________________________

Informations : 
Called API: meteo - 8 October 2023, 13:30
Method: GETMETEO - Timeout : 300 - Cache : 1
URL CALLED : https://api.openweathermap.org/data/2.5/forecast/daily?q=Brussels,be&units=metric&cnt=4&appid=ea18c0706135505149200c3836f29800
-------------------------
________________________________________________
|             CALL API : START                |
________________________________________________

Informations : 
Called API: meteo - 8 October 2023, 13:30
Method: GETMETEO - Timeout : 300 - Cache : 1
URL CALLED : https://api.openweathermap.org/data/2.5/forecast/daily?q=Brussels,be&units=metric&cnt=4&appid=ea18c0706135505149200c3836f29800
-------------------------
{"city":{"id":2800866,"name":"Brussels","coord":{"lon":4.3488,"lat":50.8504},"country":"BE","population":1019022,"timezone":7200},"cod":"200","message":0.0742541,"cnt":4,"list":[{"dt":1696762800,"sunrise":1696744396,"sunset":1696784820,"temp":{"day":20.69,"min":13.84,"max":23.2,"night":16.92,"eve":19.92,"morn":13.84},"feels_like":{"day":20.69,"night":16.34,"eve":19.48,"morn":13.42},"pressure":1026,"humidity":72,"weather":[{"id":800,"main":"Clear","description":"sky is clear","icon":"01d"}],"speed":4.23,"deg":234,"gust":9.3,"clouds":0,"pop":0},{"dt":1696849200,"sunrise":1696830893,"sunset":1696871089,"temp":{"day":21.43,"min":14.39,"max":22.04,"night":15.99,"eve":18.37,"morn":14.71},"feels_like":{"day":21.14,"night":15.89,"eve":18.22,"morn":13.91},"pressure":1023,"humidity":58,"weather":[{"id":804,"main":"Clouds","description":"overcast clouds","icon":"04d"}],"speed":4.07,"deg":286,"gust":9.55,"clouds":100,"pop":0},{"dt":1696935600,"sunrise":1696917390,"sunset":1696957358,"temp":{"day":21.27,"min":13.29,"max":23.37,"night":16.39,"eve":19.6,"morn":13.64},"feels_like":{"day":20.68,"night":15.65,"eve":19.03,"morn":13.33},"pressure":1020,"humidity":47,"weather":[{"id":804,"main":"Clouds","description":"overcast clouds","icon":"04d"}],"speed":4.45,"deg":234,"gust":9.31,"clouds":100,"pop":0},{"dt":1697022000,"sunrise":1697003887,"sunset":1697043628,"temp":{"day":22.55,"min":13.7,"max":22.64,"night":17.72,"eve":19.16,"morn":13.7},"feels_like":{"day":22.09,"night":17.27,"eve":18.49,"morn":13.42},"pressure":1015,"humidity":47,"weather":[{"id":804,"main":"Clouds","description":"overcast clouds","icon":"04d"}],"speed":7.21,"deg":240,"gust":13.1,"clouds":94,"pop":0.08}]}
--- ENF OF RECEIVED DATA ---

{"city":{"id":2800866,"name":"Brussels","coord":{"lon":4.3488,"lat":50.8504},"country":"BE","population":1019022,"timezone":7200},"cod":"200","message":0.0742541,"cnt":4,"list":[{"dt":1696762800,"sunrise":1696744396,"sunset":1696784820,"temp":{"day":20.69,"min":13.84,"max":23.2,"night":16.92,"eve":19.92,"morn":13.84},"feels_like":{"day":20.69,"night":16.34,"eve":19.48,"morn":13.42},"pressure":1026,"humidity":72,"weather":[{"id":800,"main":"Clear","description":"sky is clear","icon":"01d"}],"speed":4.23,"deg":234,"gust":9.3,"clouds":0,"pop":0},{"dt":1696849200,"sunrise":1696830893,"sunset":1696871089,"temp":{"day":21.43,"min":14.39,"max":22.04,"night":15.99,"eve":18.37,"morn":14.71},"feels_like":{"day":21.14,"night":15.89,"eve":18.22,"morn":13.91},"pressure":1023,"humidity":58,"weather":[{"id":804,"main":"Clouds","description":"overcast clouds","icon":"04d"}],"speed":4.07,"deg":286,"gust":9.55,"clouds":100,"pop":0},{"dt":1696935600,"sunrise":1696917390,"sunset":1696957358,"temp":{"day":21.27,"min":13.29,"max":23.37,"night":16.39,"eve":19.6,"morn":13.64},"feels_like":{"day":20.68,"night":15.65,"eve":19.03,"morn":13.33},"pressure":1020,"humidity":47,"weather":[{"id":804,"main":"Clouds","description":"overcast clouds","icon":"04d"}],"speed":4.45,"deg":234,"gust":9.31,"clouds":100,"pop":0},{"dt":1697022000,"sunrise":1697003887,"sunset":1697043628,"temp":{"day":22.55,"min":13.7,"max":22.64,"night":17.72,"eve":19.16,"morn":13.7},"feels_like":{"day":22.09,"night":17.27,"eve":18.49,"morn":13.42},"pressure":1015,"humidity":47,"weather":[{"id":804,"main":"Clouds","description":"overcast clouds","icon":"04d"}],"speed":7.21,"deg":240,"gust":13.1,"clouds":94,"pop":0.08}]}
--- ENF OF RECEIVED DATA ---

