________________________________________________
|             CALL API : START                |
________________________________________________

Informations : 
Called API: meteo - 1 December 2023, 17:30
Method: GETMETEO - Timeout : 300 - Cache : 1
URL CALLED : https://api.openweathermap.org/data/2.5/forecast/daily?q=Brussels,be&units=metric&cnt=4&appid=ea18c0706135505149200c3836f29800
-------------------------
________________________________________________
|             CALL API : START                |
________________________________________________

Informations : 
Called API: meteo - 1 December 2023, 17:30
Method: GETMETEO - Timeout : 300 - Cache : 1
URL CALLED : https://api.openweathermap.org/data/2.5/forecast/daily?q=Brussels,be&units=metric&cnt=4&appid=ea18c0706135505149200c3836f29800
-------------------------
{"city":{"id":2800866,"name":"Brussels","coord":{"lon":4.3488,"lat":50.8504},"country":"BE","population":1019022,"timezone":3600},"cod":"200","message":3.4761504,"cnt":4,"list":[{"dt":1701428400,"sunrise":1701415356,"sunset":1701445245,"temp":{"day":0.31,"min":-1.83,"max":0.77,"night":-1.83,"eve":0.31,"morn":-1.06},"feels_like":{"day":-4.12,"night":-5.28,"eve":-3.12,"morn":-4.55},"pressure":1007,"humidity":77,"weather":[{"id":802,"main":"Clouds","description":"scattered clouds","icon":"03d"}],"speed":4.61,"deg":52,"gust":6.98,"clouds":49,"pop":0},{"dt":1701514800,"sunrise":1701501838,"sunset":1701531608,"temp":{"day":1.71,"min":-2.13,"max":2.78,"night":-0.9,"eve":0.38,"morn":-2.12},"feels_like":{"day":-1.12,"night":-4.61,"eve":-2.06,"morn":-4.46},"pressure":1015,"humidity":68,"weather":[{"id":803,"main":"Clouds","description":"broken clouds","icon":"04d"}],"speed":3.03,"deg":220,"gust":5.41,"clouds":58,"pop":0.04},{"dt":1701601200,"sunrise":1701588318,"sunset":1701617974,"temp":{"day":2.21,"min":-1.23,"max":2.77,"night":2.77,"eve":0.94,"morn":-1.14},"feels_like":{"day":-3.13,"night":-2.56,"eve":-5.37,"morn":-5.82},"pressure":1018,"humidity":55,"weather":[{"id":616,"main":"Snow","description":"rain and snow","icon":"13d"}],"speed":9.31,"deg":194,"gust":18.36,"clouds":61,"pop":1,"rain":5.62,"snow":4.39},{"dt":1701687600,"sunrise":1701674796,"sunset":1701704343,"temp":{"day":1.78,"min":1.78,"max":5.33,"night":5.33,"eve":4.02,"morn":2.32},"feels_like":{"day":-3.59,"night":1.67,"eve":-0.44,"morn":-2.39},"pressure":1004,"humidity":97,"weather":[{"id":500,"main":"Rain","description":"light rain","icon":"10d"}],"speed":7.19,"deg":182,"gust":15.58,"clouds":100,"pop":1,"rain":7.31}]}
--- ENF OF RECEIVED DATA ---

{"city":{"id":2800866,"name":"Brussels","coord":{"lon":4.3488,"lat":50.8504},"country":"BE","population":1019022,"timezone":3600},"cod":"200","message":3.4761504,"cnt":4,"list":[{"dt":1701428400,"sunrise":1701415356,"sunset":1701445245,"temp":{"day":0.31,"min":-1.83,"max":0.77,"night":-1.83,"eve":0.31,"morn":-1.06},"feels_like":{"day":-4.12,"night":-5.28,"eve":-3.12,"morn":-4.55},"pressure":1007,"humidity":77,"weather":[{"id":802,"main":"Clouds","description":"scattered clouds","icon":"03d"}],"speed":4.61,"deg":52,"gust":6.98,"clouds":49,"pop":0},{"dt":1701514800,"sunrise":1701501838,"sunset":1701531608,"temp":{"day":1.71,"min":-2.13,"max":2.78,"night":-0.9,"eve":0.38,"morn":-2.12},"feels_like":{"day":-1.12,"night":-4.61,"eve":-2.06,"morn":-4.46},"pressure":1015,"humidity":68,"weather":[{"id":803,"main":"Clouds","description":"broken clouds","icon":"04d"}],"speed":3.03,"deg":220,"gust":5.41,"clouds":58,"pop":0.04},{"dt":1701601200,"sunrise":1701588318,"sunset":1701617974,"temp":{"day":2.21,"min":-1.23,"max":2.77,"night":2.77,"eve":0.94,"morn":-1.14},"feels_like":{"day":-3.13,"night":-2.56,"eve":-5.37,"morn":-5.82},"pressure":1018,"humidity":55,"weather":[{"id":616,"main":"Snow","description":"rain and snow","icon":"13d"}],"speed":9.31,"deg":194,"gust":18.36,"clouds":61,"pop":1,"rain":5.62,"snow":4.39},{"dt":1701687600,"sunrise":1701674796,"sunset":1701704343,"temp":{"day":1.78,"min":1.78,"max":5.33,"night":5.33,"eve":4.02,"morn":2.32},"feels_like":{"day":-3.59,"night":1.67,"eve":-0.44,"morn":-2.39},"pressure":1004,"humidity":97,"weather":[{"id":500,"main":"Rain","description":"light rain","icon":"10d"}],"speed":7.19,"deg":182,"gust":15.58,"clouds":100,"pop":1,"rain":7.31}]}
--- ENF OF RECEIVED DATA ---

