________________________________________________
|             CALL API : START                |
________________________________________________

Informations : 
Called API: meteo - 25 February 2024, 14:20
Method: GETMETEO - Timeout : 300 - Cache : 1
URL CALLED : https://api.openweathermap.org/data/2.5/forecast/daily?q=Brussels,be&units=metric&cnt=4&appid=ea18c0706135505149200c3836f29800
-------------------------
________________________________________________
|             CALL API : START                |
________________________________________________

Informations : 
Called API: meteo - 25 February 2024, 14:20
Method: GETMETEO - Timeout : 300 - Cache : 1
URL CALLED : https://api.openweathermap.org/data/2.5/forecast/daily?q=Brussels,be&units=metric&cnt=4&appid=ea18c0706135505149200c3836f29800
-------------------------
{"city":{"id":2800866,"name":"Brussels","coord":{"lon":4.3488,"lat":50.8504},"country":"BE","population":1019022,"timezone":3600},"cod":"200","message":0.0457609,"cnt":4,"list":[{"dt":1708858800,"sunrise":1708843017,"sunset":1708881297,"temp":{"day":8.64,"min":5.09,"max":9.78,"night":6.38,"eve":7.9,"morn":5.38},"feels_like":{"day":5.77,"night":2.49,"eve":5.49,"morn":1.6},"pressure":1000,"humidity":74,"weather":[{"id":500,"main":"Rain","description":"light rain","icon":"10d"}],"speed":6.58,"deg":104,"gust":11.87,"clouds":64,"pop":0.72,"rain":1.19},{"dt":1708945200,"sunrise":1708929294,"sunset":1708967801,"temp":{"day":5.16,"min":4.47,"max":6.31,"night":4.47,"eve":4.99,"morn":5.45},"feels_like":{"day":0.73,"night":0.01,"eve":0.49,"morn":0.93},"pressure":1002,"humidity":93,"weather":[{"id":501,"main":"Rain","description":"moderate rain","icon":"10d"}],"speed":8.13,"deg":68,"gust":13.65,"clouds":100,"pop":1,"rain":20.41},{"dt":1709031600,"sunrise":1709015570,"sunset":1709054305,"temp":{"day":6.7,"min":1.22,"max":8.64,"night":3.83,"eve":6.35,"morn":1.74},"feels_like":{"day":4.04,"night":2.3,"eve":4.49,"morn":-2.22},"pressure":1020,"humidity":67,"weather":[{"id":800,"main":"Clear","description":"sky is clear","icon":"01d"}],"speed":6.03,"deg":31,"gust":13.46,"clouds":3,"pop":0},{"dt":1709118000,"sunrise":1709101845,"sunset":1709140809,"temp":{"day":6.95,"min":3.33,"max":8.81,"night":4.2,"eve":5.77,"morn":3.39},"feels_like":{"day":6.95,"night":2.56,"eve":4.77,"morn":2.25},"pressure":1023,"humidity":75,"weather":[{"id":804,"main":"Clouds","description":"overcast clouds","icon":"04d"}],"speed":1.89,"deg":131,"gust":2.31,"clouds":100,"pop":0}]}
--- ENF OF RECEIVED DATA ---

{"city":{"id":2800866,"name":"Brussels","coord":{"lon":4.3488,"lat":50.8504},"country":"BE","population":1019022,"timezone":3600},"cod":"200","message":0.0457609,"cnt":4,"list":[{"dt":1708858800,"sunrise":1708843017,"sunset":1708881297,"temp":{"day":8.64,"min":5.09,"max":9.78,"night":6.38,"eve":7.9,"morn":5.38},"feels_like":{"day":5.77,"night":2.49,"eve":5.49,"morn":1.6},"pressure":1000,"humidity":74,"weather":[{"id":500,"main":"Rain","description":"light rain","icon":"10d"}],"speed":6.58,"deg":104,"gust":11.87,"clouds":64,"pop":0.72,"rain":1.19},{"dt":1708945200,"sunrise":1708929294,"sunset":1708967801,"temp":{"day":5.16,"min":4.47,"max":6.31,"night":4.47,"eve":4.99,"morn":5.45},"feels_like":{"day":0.73,"night":0.01,"eve":0.49,"morn":0.93},"pressure":1002,"humidity":93,"weather":[{"id":501,"main":"Rain","description":"moderate rain","icon":"10d"}],"speed":8.13,"deg":68,"gust":13.65,"clouds":100,"pop":1,"rain":20.41},{"dt":1709031600,"sunrise":1709015570,"sunset":1709054305,"temp":{"day":6.7,"min":1.22,"max":8.64,"night":3.83,"eve":6.35,"morn":1.74},"feels_like":{"day":4.04,"night":2.3,"eve":4.49,"morn":-2.22},"pressure":1020,"humidity":67,"weather":[{"id":800,"main":"Clear","description":"sky is clear","icon":"01d"}],"speed":6.03,"deg":31,"gust":13.46,"clouds":3,"pop":0},{"dt":1709118000,"sunrise":1709101845,"sunset":1709140809,"temp":{"day":6.95,"min":3.33,"max":8.81,"night":4.2,"eve":5.77,"morn":3.39},"feels_like":{"day":6.95,"night":2.56,"eve":4.77,"morn":2.25},"pressure":1023,"humidity":75,"weather":[{"id":804,"main":"Clouds","description":"overcast clouds","icon":"04d"}],"speed":1.89,"deg":131,"gust":2.31,"clouds":100,"pop":0}]}
--- ENF OF RECEIVED DATA ---

