________________________________________________
|             CALL API : START                |
________________________________________________

Informations : 
Called API: meteo - 1 April 2025, 06:40
Method: GETMETEO - Timeout : 300 - Cache : 1
URL CALLED : https://api.openweathermap.org/data/2.5/forecast/daily?q=Brussels,be&units=metric&cnt=4&appid=ea18c0706135505149200c3836f29800
-------------------------
________________________________________________
|             CALL API : START                |
________________________________________________

Informations : 
Called API: meteo - 1 April 2025, 06:40
Method: GETMETEO - Timeout : 300 - Cache : 1
URL CALLED : https://api.openweathermap.org/data/2.5/forecast/daily?q=Brussels,be&units=metric&cnt=4&appid=ea18c0706135505149200c3836f29800
-------------------------
{"city":{"id":2800866,"name":"Brussels","coord":{"lon":4.3488,"lat":50.8504},"country":"BE","population":1019022,"timezone":7200},"cod":"200","message":0.8845199,"cnt":4,"list":[{"dt":1743505200,"sunrise":1743484696,"sunset":1743531259,"temp":{"day":12.01,"min":2.18,"max":14.04,"night":8.13,"eve":12.51,"morn":2.18},"feels_like":{"day":10.52,"night":5.06,"eve":11.07,"morn":-1.07},"pressure":1026,"humidity":48,"weather":[{"id":800,"main":"Clear","description":"sky is clear","icon":"01d"}],"speed":7.73,"deg":76,"gust":13.78,"clouds":1,"pop":0},{"dt":1743591600,"sunrise":1743570962,"sunset":1743617756,"temp":{"day":13.57,"min":5.72,"max":16.47,"night":11.7,"eve":15.21,"morn":5.72},"feels_like":{"day":12.34,"night":10.6,"eve":14.14,"morn":2.01},"pressure":1021,"humidity":52,"weather":[{"id":803,"main":"Clouds","description":"broken clouds","icon":"04d"}],"speed":8.85,"deg":83,"gust":14.9,"clouds":63,"pop":0},{"dt":1743678000,"sunrise":1743657228,"sunset":1743704253,"temp":{"day":16.61,"min":7.52,"max":19.6,"night":12.25,"eve":18.09,"morn":7.52},"feels_like":{"day":15.61,"night":11.15,"eve":17.29,"morn":4.64},"pressure":1022,"humidity":49,"weather":[{"id":803,"main":"Clouds","description":"broken clouds","icon":"04d"}],"speed":6.03,"deg":84,"gust":13.4,"clouds":64,"pop":0},{"dt":1743764400,"sunrise":1743743495,"sunset":1743790750,"temp":{"day":19.79,"min":8.76,"max":20.49,"night":13.69,"eve":16.42,"morn":8.76},"feels_like":{"day":18.95,"night":12.81,"eve":15.61,"morn":7.12},"pressure":1020,"humidity":43,"weather":[{"id":800,"main":"Clear","description":"sky is clear","icon":"01d"}],"speed":5.38,"deg":75,"gust":11.52,"clouds":0,"pop":0}]}
--- ENF OF RECEIVED DATA ---

{"city":{"id":2800866,"name":"Brussels","coord":{"lon":4.3488,"lat":50.8504},"country":"BE","population":1019022,"timezone":7200},"cod":"200","message":0.8845199,"cnt":4,"list":[{"dt":1743505200,"sunrise":1743484696,"sunset":1743531259,"temp":{"day":12.01,"min":2.18,"max":14.04,"night":8.13,"eve":12.51,"morn":2.18},"feels_like":{"day":10.52,"night":5.06,"eve":11.07,"morn":-1.07},"pressure":1026,"humidity":48,"weather":[{"id":800,"main":"Clear","description":"sky is clear","icon":"01d"}],"speed":7.73,"deg":76,"gust":13.78,"clouds":1,"pop":0},{"dt":1743591600,"sunrise":1743570962,"sunset":1743617756,"temp":{"day":13.57,"min":5.72,"max":16.47,"night":11.7,"eve":15.21,"morn":5.72},"feels_like":{"day":12.34,"night":10.6,"eve":14.14,"morn":2.01},"pressure":1021,"humidity":52,"weather":[{"id":803,"main":"Clouds","description":"broken clouds","icon":"04d"}],"speed":8.85,"deg":83,"gust":14.9,"clouds":63,"pop":0},{"dt":1743678000,"sunrise":1743657228,"sunset":1743704253,"temp":{"day":16.61,"min":7.52,"max":19.6,"night":12.25,"eve":18.09,"morn":7.52},"feels_like":{"day":15.61,"night":11.15,"eve":17.29,"morn":4.64},"pressure":1022,"humidity":49,"weather":[{"id":803,"main":"Clouds","description":"broken clouds","icon":"04d"}],"speed":6.03,"deg":84,"gust":13.4,"clouds":64,"pop":0},{"dt":1743764400,"sunrise":1743743495,"sunset":1743790750,"temp":{"day":19.79,"min":8.76,"max":20.49,"night":13.69,"eve":16.42,"morn":8.76},"feels_like":{"day":18.95,"night":12.81,"eve":15.61,"morn":7.12},"pressure":1020,"humidity":43,"weather":[{"id":800,"main":"Clear","description":"sky is clear","icon":"01d"}],"speed":5.38,"deg":75,"gust":11.52,"clouds":0,"pop":0}]}
--- ENF OF RECEIVED DATA ---

