________________________________________________
|             CALL API : START                |
________________________________________________

Informations : 
Called API: meteo - 18 July 2023, 04:00
Method: GETMETEO - Timeout : 300 - Cache : 1
URL CALLED : https://api.openweathermap.org/data/2.5/forecast/daily?q=Brussels,be&units=metric&cnt=4&appid=ea18c0706135505149200c3836f29800
-------------------------
________________________________________________
|             CALL API : START                |
________________________________________________

Informations : 
Called API: meteo - 18 July 2023, 04:00
Method: GETMETEO - Timeout : 300 - Cache : 1
URL CALLED : https://api.openweathermap.org/data/2.5/forecast/daily?q=Brussels,be&units=metric&cnt=4&appid=ea18c0706135505149200c3836f29800
-------------------------
{"city":{"id":2800866,"name":"Brussels","coord":{"lon":4.3488,"lat":50.8504},"country":"BE","population":1019022,"timezone":7200},"cod":"200","message":0.0400515,"cnt":4,"list":[{"dt":1689678000,"sunrise":1689652146,"sunset":1689709685,"temp":{"day":21.27,"min":11.47,"max":25.11,"night":17.06,"eve":24.78,"morn":11.99},"feels_like":{"day":20.65,"night":16.39,"eve":24.31,"morn":11.31},"pressure":1019,"humidity":46,"weather":[{"id":804,"main":"Clouds","description":"overcast clouds","icon":"04d"}],"speed":3.88,"deg":354,"gust":6.63,"clouds":99,"pop":0},{"dt":1689764400,"sunrise":1689738620,"sunset":1689796021,"temp":{"day":22.29,"min":13.4,"max":22.29,"night":14.57,"eve":19.75,"morn":13.87},"feels_like":{"day":22.01,"night":14.43,"eve":19.56,"morn":13.27},"pressure":1014,"humidity":55,"weather":[{"id":500,"main":"Rain","description":"light rain","icon":"10d"}],"speed":6.36,"deg":269,"gust":8.8,"clouds":86,"pop":0.7,"rain":3.28},{"dt":1689850800,"sunrise":1689825095,"sunset":1689882354,"temp":{"day":20.77,"min":11.99,"max":22.43,"night":15.31,"eve":20.47,"morn":12.84},"feels_like":{"day":20.26,"night":14.62,"eve":19.88,"morn":12.69},"pressure":1016,"humidity":52,"weather":[{"id":500,"main":"Rain","description":"light rain","icon":"10d"}],"speed":3.64,"deg":354,"gust":5.04,"clouds":49,"pop":0.39,"rain":0.48},{"dt":1689937200,"sunrise":1689911572,"sunset":1689968684,"temp":{"day":23.18,"min":11.83,"max":23.18,"night":14.87,"eve":20.78,"morn":15},"feels_like":{"day":22.57,"night":14.08,"eve":20.25,"morn":14.33},"pressure":1014,"humidity":39,"weather":[{"id":802,"main":"Clouds","description":"scattered clouds","icon":"03d"}],"speed":4.21,"deg":332,"gust":4.53,"clouds":37,"pop":0.04}]}
--- ENF OF RECEIVED DATA ---

{"city":{"id":2800866,"name":"Brussels","coord":{"lon":4.3488,"lat":50.8504},"country":"BE","population":1019022,"timezone":7200},"cod":"200","message":0.0400515,"cnt":4,"list":[{"dt":1689678000,"sunrise":1689652146,"sunset":1689709685,"temp":{"day":21.27,"min":11.47,"max":25.11,"night":17.06,"eve":24.78,"morn":11.99},"feels_like":{"day":20.65,"night":16.39,"eve":24.31,"morn":11.31},"pressure":1019,"humidity":46,"weather":[{"id":804,"main":"Clouds","description":"overcast clouds","icon":"04d"}],"speed":3.88,"deg":354,"gust":6.63,"clouds":99,"pop":0},{"dt":1689764400,"sunrise":1689738620,"sunset":1689796021,"temp":{"day":22.29,"min":13.4,"max":22.29,"night":14.57,"eve":19.75,"morn":13.87},"feels_like":{"day":22.01,"night":14.43,"eve":19.56,"morn":13.27},"pressure":1014,"humidity":55,"weather":[{"id":500,"main":"Rain","description":"light rain","icon":"10d"}],"speed":6.36,"deg":269,"gust":8.8,"clouds":86,"pop":0.7,"rain":3.28},{"dt":1689850800,"sunrise":1689825095,"sunset":1689882354,"temp":{"day":20.77,"min":11.99,"max":22.43,"night":15.31,"eve":20.47,"morn":12.84},"feels_like":{"day":20.26,"night":14.62,"eve":19.88,"morn":12.69},"pressure":1016,"humidity":52,"weather":[{"id":500,"main":"Rain","description":"light rain","icon":"10d"}],"speed":3.64,"deg":354,"gust":5.04,"clouds":49,"pop":0.39,"rain":0.48},{"dt":1689937200,"sunrise":1689911572,"sunset":1689968684,"temp":{"day":23.18,"min":11.83,"max":23.18,"night":14.87,"eve":20.78,"morn":15},"feels_like":{"day":22.57,"night":14.08,"eve":20.25,"morn":14.33},"pressure":1014,"humidity":39,"weather":[{"id":802,"main":"Clouds","description":"scattered clouds","icon":"03d"}],"speed":4.21,"deg":332,"gust":4.53,"clouds":37,"pop":0.04}]}
--- ENF OF RECEIVED DATA ---

