________________________________________________
|             CALL API : START                |
________________________________________________

Informations : 
Called API: meteo - 11 May 2023, 04:30
Method: GETMETEO - Timeout : 300 - Cache : 1
URL CALLED : https://api.openweathermap.org/data/2.5/forecast/daily?q=Brussels,be&units=metric&cnt=4&appid=ea18c0706135505149200c3836f29800
-------------------------
________________________________________________
|             CALL API : START                |
________________________________________________

Informations : 
Called API: meteo - 11 May 2023, 04:30
Method: GETMETEO - Timeout : 300 - Cache : 1
URL CALLED : https://api.openweathermap.org/data/2.5/forecast/daily?q=Brussels,be&units=metric&cnt=4&appid=ea18c0706135505149200c3836f29800
-------------------------
{"city":{"id":2800866,"name":"Brussels","coord":{"lon":4.3488,"lat":50.8504},"country":"BE","population":1019022,"timezone":7200},"cod":"200","message":7.0427058,"cnt":4,"list":[{"dt":1683802800,"sunrise":1683777605,"sunset":1683832678,"temp":{"day":16.37,"min":9.4,"max":16.88,"night":11.77,"eve":15.82,"morn":9.4},"feels_like":{"day":15.76,"night":11.43,"eve":15.42,"morn":7.88},"pressure":1015,"humidity":65,"weather":[{"id":500,"main":"Rain","description":"light rain","icon":"10d"}],"speed":3.31,"deg":218,"gust":7.05,"clouds":48,"pop":1,"rain":6.4},{"dt":1683889200,"sunrise":1683863912,"sunset":1683919170,"temp":{"day":11.79,"min":10.79,"max":16.28,"night":12.04,"eve":16.08,"morn":10.92},"feels_like":{"day":11.45,"night":11.68,"eve":15.75,"morn":10.63},"pressure":1017,"humidity":93,"weather":[{"id":500,"main":"Rain","description":"light rain","icon":"10d"}],"speed":3.32,"deg":87,"gust":5.96,"clouds":100,"pop":0.91,"rain":4.15},{"dt":1683975600,"sunrise":1683950220,"sunset":1684005661,"temp":{"day":18.14,"min":9.44,"max":18.34,"night":11.81,"eve":16.86,"morn":9.93},"feels_like":{"day":17.65,"night":11.45,"eve":16.56,"morn":8.58},"pressure":1019,"humidity":63,"weather":[{"id":500,"main":"Rain","description":"light rain","icon":"10d"}],"speed":5.56,"deg":49,"gust":9.14,"clouds":44,"pop":1,"rain":3.61},{"dt":1684062000,"sunrise":1684036531,"sunset":1684092151,"temp":{"day":19.11,"min":9.7,"max":19.11,"night":12.01,"eve":16.24,"morn":11.82},"feels_like":{"day":18.56,"night":11.56,"eve":15.8,"morn":11.41},"pressure":1013,"humidity":57,"weather":[{"id":500,"main":"Rain","description":"light rain","icon":"10d"}],"speed":4.39,"deg":47,"gust":6.55,"clouds":5,"pop":0.3,"rain":0.1}]}
--- ENF OF RECEIVED DATA ---

{"city":{"id":2800866,"name":"Brussels","coord":{"lon":4.3488,"lat":50.8504},"country":"BE","population":1019022,"timezone":7200},"cod":"200","message":7.0427058,"cnt":4,"list":[{"dt":1683802800,"sunrise":1683777605,"sunset":1683832678,"temp":{"day":16.37,"min":9.4,"max":16.88,"night":11.77,"eve":15.82,"morn":9.4},"feels_like":{"day":15.76,"night":11.43,"eve":15.42,"morn":7.88},"pressure":1015,"humidity":65,"weather":[{"id":500,"main":"Rain","description":"light rain","icon":"10d"}],"speed":3.31,"deg":218,"gust":7.05,"clouds":48,"pop":1,"rain":6.4},{"dt":1683889200,"sunrise":1683863912,"sunset":1683919170,"temp":{"day":11.79,"min":10.79,"max":16.28,"night":12.04,"eve":16.08,"morn":10.92},"feels_like":{"day":11.45,"night":11.68,"eve":15.75,"morn":10.63},"pressure":1017,"humidity":93,"weather":[{"id":500,"main":"Rain","description":"light rain","icon":"10d"}],"speed":3.32,"deg":87,"gust":5.96,"clouds":100,"pop":0.91,"rain":4.15},{"dt":1683975600,"sunrise":1683950220,"sunset":1684005661,"temp":{"day":18.14,"min":9.44,"max":18.34,"night":11.81,"eve":16.86,"morn":9.93},"feels_like":{"day":17.65,"night":11.45,"eve":16.56,"morn":8.58},"pressure":1019,"humidity":63,"weather":[{"id":500,"main":"Rain","description":"light rain","icon":"10d"}],"speed":5.56,"deg":49,"gust":9.14,"clouds":44,"pop":1,"rain":3.61},{"dt":1684062000,"sunrise":1684036531,"sunset":1684092151,"temp":{"day":19.11,"min":9.7,"max":19.11,"night":12.01,"eve":16.24,"morn":11.82},"feels_like":{"day":18.56,"night":11.56,"eve":15.8,"morn":11.41},"pressure":1013,"humidity":57,"weather":[{"id":500,"main":"Rain","description":"light rain","icon":"10d"}],"speed":4.39,"deg":47,"gust":6.55,"clouds":5,"pop":0.3,"rain":0.1}]}
--- ENF OF RECEIVED DATA ---

