________________________________________________
|             CALL API : START                |
________________________________________________

Informations : 
Called API: meteo - 16 December 2024, 10:50
Method: GETMETEO - Timeout : 300 - Cache : 1
URL CALLED : https://api.openweathermap.org/data/2.5/forecast/daily?q=Brussels,be&units=metric&cnt=4&appid=ea18c0706135505149200c3836f29800
-------------------------
________________________________________________
|             CALL API : START                |
________________________________________________

Informations : 
Called API: meteo - 16 December 2024, 10:50
Method: GETMETEO - Timeout : 300 - Cache : 1
URL CALLED : https://api.openweathermap.org/data/2.5/forecast/daily?q=Brussels,be&units=metric&cnt=4&appid=ea18c0706135505149200c3836f29800
-------------------------
{"city":{"id":2800866,"name":"Brussels","coord":{"lon":4.3488,"lat":50.8504},"country":"BE","population":1019022,"timezone":3600},"cod":"200","message":0.2081369,"cnt":4,"list":[{"dt":1734346800,"sunrise":1734334783,"sunset":1734363429,"temp":{"day":10.37,"min":9.43,"max":11.2,"night":9.43,"eve":10.46,"morn":10.49},"feels_like":{"day":9.89,"night":6.86,"eve":9.78,"morn":9.74},"pressure":1033,"humidity":93,"weather":[{"id":803,"main":"Clouds","description":"broken clouds","icon":"04d"}],"speed":7.73,"deg":249,"gust":14.66,"clouds":80,"pop":0},{"dt":1734433200,"sunrise":1734421226,"sunset":1734449842,"temp":{"day":9.05,"min":7.52,"max":9.74,"night":8.13,"eve":7.96,"morn":7.52},"feels_like":{"day":6.83,"night":4.77,"eve":5.47,"morn":5.26},"pressure":1029,"humidity":85,"weather":[{"id":804,"main":"Clouds","description":"overcast clouds","icon":"04d"}],"speed":6.28,"deg":192,"gust":13.33,"clouds":100,"pop":0},{"dt":1734519600,"sunrise":1734507666,"sunset":1734536259,"temp":{"day":11.83,"min":8.04,"max":12.52,"night":11.74,"eve":11.8,"morn":9.44},"feels_like":{"day":11.21,"night":11.24,"eve":11.2,"morn":5.67},"pressure":1014,"humidity":82,"weather":[{"id":500,"main":"Rain","description":"light rain","icon":"10d"}],"speed":9.75,"deg":220,"gust":18.72,"clouds":100,"pop":0.2,"rain":0.16},{"dt":1734606000,"sunrise":1734594104,"sunset":1734622679,"temp":{"day":6.5,"min":5.32,"max":12.91,"night":6.28,"eve":5.32,"morn":12.46},"feels_like":{"day":2.33,"night":1.97,"eve":1.3,"morn":11.98},"pressure":1004,"humidity":85,"weather":[{"id":501,"main":"Rain","description":"moderate rain","icon":"10d"}],"speed":11.22,"deg":215,"gust":20.21,"clouds":100,"pop":1,"rain":8.86}]}
--- ENF OF RECEIVED DATA ---

{"city":{"id":2800866,"name":"Brussels","coord":{"lon":4.3488,"lat":50.8504},"country":"BE","population":1019022,"timezone":3600},"cod":"200","message":0.2081369,"cnt":4,"list":[{"dt":1734346800,"sunrise":1734334783,"sunset":1734363429,"temp":{"day":10.37,"min":9.43,"max":11.2,"night":9.43,"eve":10.46,"morn":10.49},"feels_like":{"day":9.89,"night":6.86,"eve":9.78,"morn":9.74},"pressure":1033,"humidity":93,"weather":[{"id":803,"main":"Clouds","description":"broken clouds","icon":"04d"}],"speed":7.73,"deg":249,"gust":14.66,"clouds":80,"pop":0},{"dt":1734433200,"sunrise":1734421226,"sunset":1734449842,"temp":{"day":9.05,"min":7.52,"max":9.74,"night":8.13,"eve":7.96,"morn":7.52},"feels_like":{"day":6.83,"night":4.77,"eve":5.47,"morn":5.26},"pressure":1029,"humidity":85,"weather":[{"id":804,"main":"Clouds","description":"overcast clouds","icon":"04d"}],"speed":6.28,"deg":192,"gust":13.33,"clouds":100,"pop":0},{"dt":1734519600,"sunrise":1734507666,"sunset":1734536259,"temp":{"day":11.83,"min":8.04,"max":12.52,"night":11.74,"eve":11.8,"morn":9.44},"feels_like":{"day":11.21,"night":11.24,"eve":11.2,"morn":5.67},"pressure":1014,"humidity":82,"weather":[{"id":500,"main":"Rain","description":"light rain","icon":"10d"}],"speed":9.75,"deg":220,"gust":18.72,"clouds":100,"pop":0.2,"rain":0.16},{"dt":1734606000,"sunrise":1734594104,"sunset":1734622679,"temp":{"day":6.5,"min":5.32,"max":12.91,"night":6.28,"eve":5.32,"morn":12.46},"feels_like":{"day":2.33,"night":1.97,"eve":1.3,"morn":11.98},"pressure":1004,"humidity":85,"weather":[{"id":501,"main":"Rain","description":"moderate rain","icon":"10d"}],"speed":11.22,"deg":215,"gust":20.21,"clouds":100,"pop":1,"rain":8.86}]}
--- ENF OF RECEIVED DATA ---

