________________________________________________
|             CALL API : START                |
________________________________________________

Informations : 
Called API: meteo - 18 September 2023, 14:00
Method: GETMETEO - Timeout : 300 - Cache : 1
URL CALLED : https://api.openweathermap.org/data/2.5/forecast/daily?q=Brussels,be&units=metric&cnt=4&appid=ea18c0706135505149200c3836f29800
-------------------------
________________________________________________
|             CALL API : START                |
________________________________________________

Informations : 
Called API: meteo - 18 September 2023, 14:00
Method: GETMETEO - Timeout : 300 - Cache : 1
URL CALLED : https://api.openweathermap.org/data/2.5/forecast/daily?q=Brussels,be&units=metric&cnt=4&appid=ea18c0706135505149200c3836f29800
-------------------------
{"city":{"id":2800866,"name":"Brussels","coord":{"lon":4.3488,"lat":50.8504},"country":"BE","population":1019022,"timezone":7200},"cod":"200","message":0.0541235,"cnt":4,"list":[{"dt":1695034800,"sunrise":1695014515,"sunset":1695059525,"temp":{"day":21.88,"min":15.65,"max":22.35,"night":15.65,"eve":18.26,"morn":18.44},"feels_like":{"day":22,"night":15.31,"eve":18.15,"morn":18.74},"pressure":1005,"humidity":72,"weather":[{"id":501,"main":"Rain","description":"moderate rain","icon":"10d"}],"speed":10.74,"deg":223,"gust":16.75,"clouds":40,"pop":1,"rain":4.96},{"dt":1695121200,"sunrise":1695101008,"sunset":1695145788,"temp":{"day":18.49,"min":12.67,"max":20.56,"night":17.68,"eve":18.98,"morn":13.14},"feels_like":{"day":17.88,"night":17.15,"eve":18.42,"morn":12.42},"pressure":1013,"humidity":57,"weather":[{"id":804,"main":"Clouds","description":"overcast clouds","icon":"04d"}],"speed":8.79,"deg":227,"gust":13.25,"clouds":100,"pop":0.08},{"dt":1695207600,"sunrise":1695187500,"sunset":1695232051,"temp":{"day":21.22,"min":15.83,"max":23.59,"night":18.74,"eve":21.33,"morn":15.87},"feels_like":{"day":20.89,"night":18.34,"eve":20.98,"morn":15.5},"pressure":1008,"humidity":57,"weather":[{"id":804,"main":"Clouds","description":"overcast clouds","icon":"04d"}],"speed":8.42,"deg":209,"gust":14.87,"clouds":96,"pop":0},{"dt":1695294000,"sunrise":1695273993,"sunset":1695318315,"temp":{"day":16.3,"min":14.24,"max":20.73,"night":14.24,"eve":15.49,"morn":17.49},"feels_like":{"day":16.31,"night":14.1,"eve":15.34,"morn":17.2},"pressure":999,"humidity":89,"weather":[{"id":501,"main":"Rain","description":"moderate rain","icon":"10d"}],"speed":7.38,"deg":171,"gust":15.86,"clouds":100,"pop":1,"rain":9.15}]}
--- ENF OF RECEIVED DATA ---

{"city":{"id":2800866,"name":"Brussels","coord":{"lon":4.3488,"lat":50.8504},"country":"BE","population":1019022,"timezone":7200},"cod":"200","message":0.0541235,"cnt":4,"list":[{"dt":1695034800,"sunrise":1695014515,"sunset":1695059525,"temp":{"day":21.88,"min":15.65,"max":22.35,"night":15.65,"eve":18.26,"morn":18.44},"feels_like":{"day":22,"night":15.31,"eve":18.15,"morn":18.74},"pressure":1005,"humidity":72,"weather":[{"id":501,"main":"Rain","description":"moderate rain","icon":"10d"}],"speed":10.74,"deg":223,"gust":16.75,"clouds":40,"pop":1,"rain":4.96},{"dt":1695121200,"sunrise":1695101008,"sunset":1695145788,"temp":{"day":18.49,"min":12.67,"max":20.56,"night":17.68,"eve":18.98,"morn":13.14},"feels_like":{"day":17.88,"night":17.15,"eve":18.42,"morn":12.42},"pressure":1013,"humidity":57,"weather":[{"id":804,"main":"Clouds","description":"overcast clouds","icon":"04d"}],"speed":8.79,"deg":227,"gust":13.25,"clouds":100,"pop":0.08},{"dt":1695207600,"sunrise":1695187500,"sunset":1695232051,"temp":{"day":21.22,"min":15.83,"max":23.59,"night":18.74,"eve":21.33,"morn":15.87},"feels_like":{"day":20.89,"night":18.34,"eve":20.98,"morn":15.5},"pressure":1008,"humidity":57,"weather":[{"id":804,"main":"Clouds","description":"overcast clouds","icon":"04d"}],"speed":8.42,"deg":209,"gust":14.87,"clouds":96,"pop":0},{"dt":1695294000,"sunrise":1695273993,"sunset":1695318315,"temp":{"day":16.3,"min":14.24,"max":20.73,"night":14.24,"eve":15.49,"morn":17.49},"feels_like":{"day":16.31,"night":14.1,"eve":15.34,"morn":17.2},"pressure":999,"humidity":89,"weather":[{"id":501,"main":"Rain","description":"moderate rain","icon":"10d"}],"speed":7.38,"deg":171,"gust":15.86,"clouds":100,"pop":1,"rain":9.15}]}
--- ENF OF RECEIVED DATA ---

