________________________________________________
|             CALL API : START                |
________________________________________________

Informations : 
Called API: meteo - 20 November 2024, 08:00
Method: GETMETEO - Timeout : 300 - Cache : 1
URL CALLED : https://api.openweathermap.org/data/2.5/forecast/daily?q=Brussels,be&units=metric&cnt=4&appid=ea18c0706135505149200c3836f29800
-------------------------
________________________________________________
|             CALL API : START                |
________________________________________________

Informations : 
Called API: meteo - 20 November 2024, 08:00
Method: GETMETEO - Timeout : 300 - Cache : 1
URL CALLED : https://api.openweathermap.org/data/2.5/forecast/daily?q=Brussels,be&units=metric&cnt=4&appid=ea18c0706135505149200c3836f29800
-------------------------
{"city":{"id":2800866,"name":"Brussels","coord":{"lon":4.3488,"lat":50.8504},"country":"BE","population":1019022,"timezone":3600},"cod":"200","message":0.3248185,"cnt":4,"list":[{"dt":1732100400,"sunrise":1732086429,"sunset":1732117787,"temp":{"day":4.46,"min":1.05,"max":5.76,"night":3.72,"eve":2.92,"morn":2.5},"feels_like":{"day":-0.64,"night":-0.54,"eve":-1.95,"morn":-2.34},"pressure":1005,"humidity":75,"weather":[{"id":616,"main":"Snow","description":"rain and snow","icon":"13d"}],"speed":10.26,"deg":329,"gust":20.21,"clouds":68,"pop":1,"rain":5.19,"snow":4.23},{"dt":1732186800,"sunrise":1732172925,"sunset":1732204122,"temp":{"day":1.69,"min":-0.45,"max":3.59,"night":-0.06,"eve":0.34,"morn":-0.34},"feels_like":{"day":-2.18,"night":-4.64,"eve":-2.44,"morn":-5},"pressure":1002,"humidity":75,"weather":[{"id":616,"main":"Snow","description":"rain and snow","icon":"13d"}],"speed":7.1,"deg":289,"gust":14.11,"clouds":100,"pop":1,"rain":0.26,"snow":0.28},{"dt":1732273200,"sunrise":1732259420,"sunset":1732290459,"temp":{"day":3.47,"min":-0.14,"max":5.35,"night":1.07,"eve":3.17,"morn":0.45},"feels_like":{"day":-1.58,"night":-3.47,"eve":-1.43,"morn":-5.6},"pressure":1004,"humidity":89,"weather":[{"id":616,"main":"Snow","description":"rain and snow","icon":"13d"}],"speed":7.96,"deg":231,"gust":16.31,"clouds":77,"pop":1,"rain":2.18,"snow":0.51},{"dt":1732359600,"sunrise":1732345915,"sunset":1732376799,"temp":{"day":3.49,"min":0.96,"max":6.66,"night":6.66,"eve":5.01,"morn":1.13},"feels_like":{"day":-1.61,"night":1.7,"eve":-0.43,"morn":-2.98},"pressure":1017,"humidity":79,"weather":[{"id":500,"main":"Rain","description":"light rain","icon":"10d"}],"speed":10.38,"deg":203,"gust":22.59,"clouds":100,"pop":1,"rain":0.63}]}
--- ENF OF RECEIVED DATA ---

{"city":{"id":2800866,"name":"Brussels","coord":{"lon":4.3488,"lat":50.8504},"country":"BE","population":1019022,"timezone":3600},"cod":"200","message":0.3248185,"cnt":4,"list":[{"dt":1732100400,"sunrise":1732086429,"sunset":1732117787,"temp":{"day":4.46,"min":1.05,"max":5.76,"night":3.72,"eve":2.92,"morn":2.5},"feels_like":{"day":-0.64,"night":-0.54,"eve":-1.95,"morn":-2.34},"pressure":1005,"humidity":75,"weather":[{"id":616,"main":"Snow","description":"rain and snow","icon":"13d"}],"speed":10.26,"deg":329,"gust":20.21,"clouds":68,"pop":1,"rain":5.19,"snow":4.23},{"dt":1732186800,"sunrise":1732172925,"sunset":1732204122,"temp":{"day":1.69,"min":-0.45,"max":3.59,"night":-0.06,"eve":0.34,"morn":-0.34},"feels_like":{"day":-2.18,"night":-4.64,"eve":-2.44,"morn":-5},"pressure":1002,"humidity":75,"weather":[{"id":616,"main":"Snow","description":"rain and snow","icon":"13d"}],"speed":7.1,"deg":289,"gust":14.11,"clouds":100,"pop":1,"rain":0.26,"snow":0.28},{"dt":1732273200,"sunrise":1732259420,"sunset":1732290459,"temp":{"day":3.47,"min":-0.14,"max":5.35,"night":1.07,"eve":3.17,"morn":0.45},"feels_like":{"day":-1.58,"night":-3.47,"eve":-1.43,"morn":-5.6},"pressure":1004,"humidity":89,"weather":[{"id":616,"main":"Snow","description":"rain and snow","icon":"13d"}],"speed":7.96,"deg":231,"gust":16.31,"clouds":77,"pop":1,"rain":2.18,"snow":0.51},{"dt":1732359600,"sunrise":1732345915,"sunset":1732376799,"temp":{"day":3.49,"min":0.96,"max":6.66,"night":6.66,"eve":5.01,"morn":1.13},"feels_like":{"day":-1.61,"night":1.7,"eve":-0.43,"morn":-2.98},"pressure":1017,"humidity":79,"weather":[{"id":500,"main":"Rain","description":"light rain","icon":"10d"}],"speed":10.38,"deg":203,"gust":22.59,"clouds":100,"pop":1,"rain":0.63}]}
--- ENF OF RECEIVED DATA ---

