________________________________________________
|             CALL API : START                |
________________________________________________

Informations : 
Called API: meteo - 16 December 2024, 05:40
Method: GETMETEO - Timeout : 300 - Cache : 1
URL CALLED : https://api.openweathermap.org/data/2.5/forecast/daily?q=Brussels,be&units=metric&cnt=4&appid=ea18c0706135505149200c3836f29800
-------------------------
________________________________________________
|             CALL API : START                |
________________________________________________

Informations : 
Called API: meteo - 16 December 2024, 05:40
Method: GETMETEO - Timeout : 300 - Cache : 1
URL CALLED : https://api.openweathermap.org/data/2.5/forecast/daily?q=Brussels,be&units=metric&cnt=4&appid=ea18c0706135505149200c3836f29800
-------------------------
{"city":{"id":2800866,"name":"Brussels","coord":{"lon":4.3488,"lat":50.8504},"country":"BE","population":1019022,"timezone":3600},"cod":"200","message":0.9216795,"cnt":4,"list":[{"dt":1734346800,"sunrise":1734334783,"sunset":1734363429,"temp":{"day":10.94,"min":9.55,"max":10.94,"night":9.55,"eve":10.22,"morn":10.51},"feels_like":{"day":10.31,"night":6.91,"eve":9.57,"morn":10.02},"pressure":1033,"humidity":85,"weather":[{"id":804,"main":"Clouds","description":"overcast clouds","icon":"04d"}],"speed":7.97,"deg":257,"gust":14.66,"clouds":100,"pop":0},{"dt":1734433200,"sunrise":1734421226,"sunset":1734449842,"temp":{"day":8.42,"min":6.55,"max":9.44,"night":7.81,"eve":7.66,"morn":7},"feels_like":{"day":5.98,"night":4.58,"eve":5.19,"morn":4.41},"pressure":1029,"humidity":84,"weather":[{"id":803,"main":"Clouds","description":"broken clouds","icon":"04d"}],"speed":5.77,"deg":194,"gust":13.47,"clouds":84,"pop":0},{"dt":1734519600,"sunrise":1734507666,"sunset":1734536259,"temp":{"day":11.07,"min":7.78,"max":12.11,"night":11.44,"eve":11.52,"morn":8.22},"feels_like":{"day":10.35,"night":10.96,"eve":11,"morn":4.11},"pressure":1015,"humidity":81,"weather":[{"id":500,"main":"Rain","description":"light rain","icon":"10d"}],"speed":8.93,"deg":207,"gust":18.41,"clouds":86,"pop":0.25,"rain":0.39},{"dt":1734606000,"sunrise":1734594104,"sunset":1734622679,"temp":{"day":6.94,"min":6.27,"max":12.43,"night":6.27,"eve":6.5,"morn":11.57},"feels_like":{"day":2.23,"night":1.93,"eve":2.24,"morn":11.05},"pressure":1000,"humidity":87,"weather":[{"id":501,"main":"Rain","description":"moderate rain","icon":"10d"}],"speed":10.16,"deg":212,"gust":21.76,"clouds":97,"pop":1,"rain":8.02}]}
--- ENF OF RECEIVED DATA ---

{"city":{"id":2800866,"name":"Brussels","coord":{"lon":4.3488,"lat":50.8504},"country":"BE","population":1019022,"timezone":3600},"cod":"200","message":0.9216795,"cnt":4,"list":[{"dt":1734346800,"sunrise":1734334783,"sunset":1734363429,"temp":{"day":10.94,"min":9.55,"max":10.94,"night":9.55,"eve":10.22,"morn":10.51},"feels_like":{"day":10.31,"night":6.91,"eve":9.57,"morn":10.02},"pressure":1033,"humidity":85,"weather":[{"id":804,"main":"Clouds","description":"overcast clouds","icon":"04d"}],"speed":7.97,"deg":257,"gust":14.66,"clouds":100,"pop":0},{"dt":1734433200,"sunrise":1734421226,"sunset":1734449842,"temp":{"day":8.42,"min":6.55,"max":9.44,"night":7.81,"eve":7.66,"morn":7},"feels_like":{"day":5.98,"night":4.58,"eve":5.19,"morn":4.41},"pressure":1029,"humidity":84,"weather":[{"id":803,"main":"Clouds","description":"broken clouds","icon":"04d"}],"speed":5.77,"deg":194,"gust":13.47,"clouds":84,"pop":0},{"dt":1734519600,"sunrise":1734507666,"sunset":1734536259,"temp":{"day":11.07,"min":7.78,"max":12.11,"night":11.44,"eve":11.52,"morn":8.22},"feels_like":{"day":10.35,"night":10.96,"eve":11,"morn":4.11},"pressure":1015,"humidity":81,"weather":[{"id":500,"main":"Rain","description":"light rain","icon":"10d"}],"speed":8.93,"deg":207,"gust":18.41,"clouds":86,"pop":0.25,"rain":0.39},{"dt":1734606000,"sunrise":1734594104,"sunset":1734622679,"temp":{"day":6.94,"min":6.27,"max":12.43,"night":6.27,"eve":6.5,"morn":11.57},"feels_like":{"day":2.23,"night":1.93,"eve":2.24,"morn":11.05},"pressure":1000,"humidity":87,"weather":[{"id":501,"main":"Rain","description":"moderate rain","icon":"10d"}],"speed":10.16,"deg":212,"gust":21.76,"clouds":97,"pop":1,"rain":8.02}]}
--- ENF OF RECEIVED DATA ---

