________________________________________________
|             CALL API : START                |
________________________________________________

Informations : 
Called API: meteo - 27 May 2023, 06:00
Method: GETMETEO - Timeout : 300 - Cache : 1
URL CALLED : https://api.openweathermap.org/data/2.5/forecast/daily?q=Brussels,be&units=metric&cnt=4&appid=ea18c0706135505149200c3836f29800
-------------------------
________________________________________________
|             CALL API : START                |
________________________________________________

Informations : 
Called API: meteo - 27 May 2023, 06:00
Method: GETMETEO - Timeout : 300 - Cache : 1
URL CALLED : https://api.openweathermap.org/data/2.5/forecast/daily?q=Brussels,be&units=metric&cnt=4&appid=ea18c0706135505149200c3836f29800
-------------------------
{"city":{"id":2800866,"name":"Brussels","coord":{"lon":4.3488,"lat":50.8504},"country":"BE","population":1019022,"timezone":7200},"cod":"200","message":0.0395646,"cnt":4,"list":[{"dt":1685185200,"sunrise":1685158759,"sunset":1685216427,"temp":{"day":18.44,"min":7.66,"max":21.06,"night":13.65,"eve":20.61,"morn":7.75},"feels_like":{"day":17.75,"night":13.06,"eve":20.14,"morn":5.2},"pressure":1025,"humidity":54,"weather":[{"id":804,"main":"Clouds","description":"overcast clouds","icon":"04d"}],"speed":5.5,"deg":48,"gust":12.69,"clouds":95,"pop":0},{"dt":1685271600,"sunrise":1685245101,"sunset":1685302900,"temp":{"day":20.99,"min":10.19,"max":22.23,"night":15.6,"eve":20.44,"morn":11.32},"feels_like":{"day":20.58,"night":14.94,"eve":20.05,"morn":10.78},"pressure":1021,"humidity":55,"weather":[{"id":803,"main":"Clouds","description":"broken clouds","icon":"04d"}],"speed":6.81,"deg":41,"gust":12.68,"clouds":67,"pop":0},{"dt":1685358000,"sunrise":1685331445,"sunset":1685389371,"temp":{"day":17.34,"min":8.39,"max":18.13,"night":10.82,"eve":16.43,"morn":8.65},"feels_like":{"day":16.51,"night":9.73,"eve":15.51,"morn":5.78},"pressure":1025,"humidity":53,"weather":[{"id":801,"main":"Clouds","description":"few clouds","icon":"02d"}],"speed":6.61,"deg":43,"gust":12.65,"clouds":19,"pop":0},{"dt":1685444400,"sunrise":1685417791,"sunset":1685475840,"temp":{"day":19.77,"min":6.51,"max":21.08,"night":13.72,"eve":18.48,"morn":9.32},"feels_like":{"day":19.21,"night":13.45,"eve":18.19,"morn":6.74},"pressure":1025,"humidity":54,"weather":[{"id":801,"main":"Clouds","description":"few clouds","icon":"02d"}],"speed":5.68,"deg":42,"gust":11.26,"clouds":16,"pop":0}]}
--- ENF OF RECEIVED DATA ---

{"city":{"id":2800866,"name":"Brussels","coord":{"lon":4.3488,"lat":50.8504},"country":"BE","population":1019022,"timezone":7200},"cod":"200","message":0.0395646,"cnt":4,"list":[{"dt":1685185200,"sunrise":1685158759,"sunset":1685216427,"temp":{"day":18.44,"min":7.66,"max":21.06,"night":13.65,"eve":20.61,"morn":7.75},"feels_like":{"day":17.75,"night":13.06,"eve":20.14,"morn":5.2},"pressure":1025,"humidity":54,"weather":[{"id":804,"main":"Clouds","description":"overcast clouds","icon":"04d"}],"speed":5.5,"deg":48,"gust":12.69,"clouds":95,"pop":0},{"dt":1685271600,"sunrise":1685245101,"sunset":1685302900,"temp":{"day":20.99,"min":10.19,"max":22.23,"night":15.6,"eve":20.44,"morn":11.32},"feels_like":{"day":20.58,"night":14.94,"eve":20.05,"morn":10.78},"pressure":1021,"humidity":55,"weather":[{"id":803,"main":"Clouds","description":"broken clouds","icon":"04d"}],"speed":6.81,"deg":41,"gust":12.68,"clouds":67,"pop":0},{"dt":1685358000,"sunrise":1685331445,"sunset":1685389371,"temp":{"day":17.34,"min":8.39,"max":18.13,"night":10.82,"eve":16.43,"morn":8.65},"feels_like":{"day":16.51,"night":9.73,"eve":15.51,"morn":5.78},"pressure":1025,"humidity":53,"weather":[{"id":801,"main":"Clouds","description":"few clouds","icon":"02d"}],"speed":6.61,"deg":43,"gust":12.65,"clouds":19,"pop":0},{"dt":1685444400,"sunrise":1685417791,"sunset":1685475840,"temp":{"day":19.77,"min":6.51,"max":21.08,"night":13.72,"eve":18.48,"morn":9.32},"feels_like":{"day":19.21,"night":13.45,"eve":18.19,"morn":6.74},"pressure":1025,"humidity":54,"weather":[{"id":801,"main":"Clouds","description":"few clouds","icon":"02d"}],"speed":5.68,"deg":42,"gust":11.26,"clouds":16,"pop":0}]}
--- ENF OF RECEIVED DATA ---

