________________________________________________
|             CALL API : START                |
________________________________________________

Informations : 
Called API: meteo - 29 October 2024, 02:50
Method: GETMETEO - Timeout : 300 - Cache : 1
URL CALLED : https://api.openweathermap.org/data/2.5/forecast/daily?q=Brussels,be&units=metric&cnt=4&appid=ea18c0706135505149200c3836f29800
-------------------------
________________________________________________
|             CALL API : START                |
________________________________________________

Informations : 
Called API: meteo - 29 October 2024, 02:50
Method: GETMETEO - Timeout : 300 - Cache : 1
URL CALLED : https://api.openweathermap.org/data/2.5/forecast/daily?q=Brussels,be&units=metric&cnt=4&appid=ea18c0706135505149200c3836f29800
-------------------------
{"city":{"id":2800866,"name":"Brussels","coord":{"lon":4.3488,"lat":50.8504},"country":"BE","population":1019022,"timezone":3600},"cod":"200","message":0.0689573,"cnt":4,"list":[{"dt":1730199600,"sunrise":1730183378,"sunset":1730218966,"temp":{"day":13.28,"min":12.08,"max":14.19,"night":13.45,"eve":13.96,"morn":12.27},"feels_like":{"day":12.8,"night":13.31,"eve":13.63,"morn":11.88},"pressure":1026,"humidity":82,"weather":[{"id":500,"main":"Rain","description":"light rain","icon":"10d"}],"speed":4.74,"deg":213,"gust":10.37,"clouds":100,"pop":0.39,"rain":0.11},{"dt":1730286000,"sunrise":1730269882,"sunset":1730305258,"temp":{"day":14.91,"min":11.23,"max":15.52,"night":11.23,"eve":13.25,"morn":12.18},"feels_like":{"day":14.52,"night":10.86,"eve":12.9,"morn":11.93},"pressure":1028,"humidity":79,"weather":[{"id":500,"main":"Rain","description":"light rain","icon":"10d"}],"speed":2.59,"deg":69,"gust":4.82,"clouds":74,"pop":0.35,"rain":0.33},{"dt":1730372400,"sunrise":1730356386,"sunset":1730391550,"temp":{"day":15.26,"min":9.65,"max":16.67,"night":11.06,"eve":12.98,"morn":9.77},"feels_like":{"day":14.72,"night":10.44,"eve":12.47,"morn":8.74},"pressure":1028,"humidity":72,"weather":[{"id":800,"main":"Clear","description":"sky is clear","icon":"01d"}],"speed":2.46,"deg":83,"gust":4.19,"clouds":8,"pop":0},{"dt":1730458800,"sunrise":1730442890,"sunset":1730477844,"temp":{"day":16.05,"min":9.64,"max":16.05,"night":10.95,"eve":12.23,"morn":9.64},"feels_like":{"day":15.43,"night":10.45,"eve":11.62,"morn":9.35},"pressure":1024,"humidity":66,"weather":[{"id":800,"main":"Clear","description":"sky is clear","icon":"01d"}],"speed":1.79,"deg":262,"gust":2.48,"clouds":4,"pop":0}]}
--- ENF OF RECEIVED DATA ---

{"city":{"id":2800866,"name":"Brussels","coord":{"lon":4.3488,"lat":50.8504},"country":"BE","population":1019022,"timezone":3600},"cod":"200","message":0.0689573,"cnt":4,"list":[{"dt":1730199600,"sunrise":1730183378,"sunset":1730218966,"temp":{"day":13.28,"min":12.08,"max":14.19,"night":13.45,"eve":13.96,"morn":12.27},"feels_like":{"day":12.8,"night":13.31,"eve":13.63,"morn":11.88},"pressure":1026,"humidity":82,"weather":[{"id":500,"main":"Rain","description":"light rain","icon":"10d"}],"speed":4.74,"deg":213,"gust":10.37,"clouds":100,"pop":0.39,"rain":0.11},{"dt":1730286000,"sunrise":1730269882,"sunset":1730305258,"temp":{"day":14.91,"min":11.23,"max":15.52,"night":11.23,"eve":13.25,"morn":12.18},"feels_like":{"day":14.52,"night":10.86,"eve":12.9,"morn":11.93},"pressure":1028,"humidity":79,"weather":[{"id":500,"main":"Rain","description":"light rain","icon":"10d"}],"speed":2.59,"deg":69,"gust":4.82,"clouds":74,"pop":0.35,"rain":0.33},{"dt":1730372400,"sunrise":1730356386,"sunset":1730391550,"temp":{"day":15.26,"min":9.65,"max":16.67,"night":11.06,"eve":12.98,"morn":9.77},"feels_like":{"day":14.72,"night":10.44,"eve":12.47,"morn":8.74},"pressure":1028,"humidity":72,"weather":[{"id":800,"main":"Clear","description":"sky is clear","icon":"01d"}],"speed":2.46,"deg":83,"gust":4.19,"clouds":8,"pop":0},{"dt":1730458800,"sunrise":1730442890,"sunset":1730477844,"temp":{"day":16.05,"min":9.64,"max":16.05,"night":10.95,"eve":12.23,"morn":9.64},"feels_like":{"day":15.43,"night":10.45,"eve":11.62,"morn":9.35},"pressure":1024,"humidity":66,"weather":[{"id":800,"main":"Clear","description":"sky is clear","icon":"01d"}],"speed":1.79,"deg":262,"gust":2.48,"clouds":4,"pop":0}]}
--- ENF OF RECEIVED DATA ---

