________________________________________________
|             CALL API : START                |
________________________________________________

Informations : 
Called API: meteo - 26 December 2024, 14:30
Method: GETMETEO - Timeout : 300 - Cache : 1
URL CALLED : https://api.openweathermap.org/data/2.5/forecast/daily?q=Brussels,be&units=metric&cnt=4&appid=ea18c0706135505149200c3836f29800
-------------------------
________________________________________________
|             CALL API : START                |
________________________________________________

Informations : 
Called API: meteo - 26 December 2024, 14:30
Method: GETMETEO - Timeout : 300 - Cache : 1
URL CALLED : https://api.openweathermap.org/data/2.5/forecast/daily?q=Brussels,be&units=metric&cnt=4&appid=ea18c0706135505149200c3836f29800
-------------------------
{"city":{"id":2800866,"name":"Brussels","coord":{"lon":4.3488,"lat":50.8504},"country":"BE","population":1019022,"timezone":3600},"cod":"200","message":0.0375011,"cnt":4,"list":[{"dt":1735210800,"sunrise":1735199078,"sunset":1735227709,"temp":{"day":7.1,"min":5.08,"max":8.69,"night":6.67,"eve":7.24,"morn":8.66},"feels_like":{"day":6.38,"night":5.71,"eve":5.67,"morn":8.66},"pressure":1035,"humidity":94,"weather":[{"id":804,"main":"Clouds","description":"overcast clouds","icon":"04d"}],"speed":2.6,"deg":64,"gust":3.84,"clouds":100,"pop":0},{"dt":1735297200,"sunrise":1735285490,"sunset":1735314154,"temp":{"day":8.47,"min":5.26,"max":9.39,"night":5.26,"eve":6.53,"morn":6.1},"feels_like":{"day":8.47,"night":5.26,"eve":6.53,"morn":6.1},"pressure":1033,"humidity":59,"weather":[{"id":803,"main":"Clouds","description":"broken clouds","icon":"04d"}],"speed":1.51,"deg":104,"gust":1.44,"clouds":69,"pop":0},{"dt":1735383600,"sunrise":1735371899,"sunset":1735400602,"temp":{"day":6.22,"min":2.64,"max":7.28,"night":2.64,"eve":4.2,"morn":3.72},"feels_like":{"day":5.41,"night":0.31,"eve":3.16,"morn":2.7},"pressure":1029,"humidity":52,"weather":[{"id":801,"main":"Clouds","description":"few clouds","icon":"02d"}],"speed":2.29,"deg":227,"gust":2.39,"clouds":15,"pop":0},{"dt":1735470000,"sunrise":1735458304,"sunset":1735487053,"temp":{"day":4.65,"min":1.25,"max":5.54,"night":2.62,"eve":3.02,"morn":1.41},"feels_like":{"day":1.76,"night":-1.3,"eve":-0.48,"morn":-1.42},"pressure":1028,"humidity":68,"weather":[{"id":800,"main":"Clear","description":"sky is clear","icon":"01d"}],"speed":4.39,"deg":216,"gust":9.6,"clouds":4,"pop":0}]}
--- ENF OF RECEIVED DATA ---

{"city":{"id":2800866,"name":"Brussels","coord":{"lon":4.3488,"lat":50.8504},"country":"BE","population":1019022,"timezone":3600},"cod":"200","message":0.0375011,"cnt":4,"list":[{"dt":1735210800,"sunrise":1735199078,"sunset":1735227709,"temp":{"day":7.1,"min":5.08,"max":8.69,"night":6.67,"eve":7.24,"morn":8.66},"feels_like":{"day":6.38,"night":5.71,"eve":5.67,"morn":8.66},"pressure":1035,"humidity":94,"weather":[{"id":804,"main":"Clouds","description":"overcast clouds","icon":"04d"}],"speed":2.6,"deg":64,"gust":3.84,"clouds":100,"pop":0},{"dt":1735297200,"sunrise":1735285490,"sunset":1735314154,"temp":{"day":8.47,"min":5.26,"max":9.39,"night":5.26,"eve":6.53,"morn":6.1},"feels_like":{"day":8.47,"night":5.26,"eve":6.53,"morn":6.1},"pressure":1033,"humidity":59,"weather":[{"id":803,"main":"Clouds","description":"broken clouds","icon":"04d"}],"speed":1.51,"deg":104,"gust":1.44,"clouds":69,"pop":0},{"dt":1735383600,"sunrise":1735371899,"sunset":1735400602,"temp":{"day":6.22,"min":2.64,"max":7.28,"night":2.64,"eve":4.2,"morn":3.72},"feels_like":{"day":5.41,"night":0.31,"eve":3.16,"morn":2.7},"pressure":1029,"humidity":52,"weather":[{"id":801,"main":"Clouds","description":"few clouds","icon":"02d"}],"speed":2.29,"deg":227,"gust":2.39,"clouds":15,"pop":0},{"dt":1735470000,"sunrise":1735458304,"sunset":1735487053,"temp":{"day":4.65,"min":1.25,"max":5.54,"night":2.62,"eve":3.02,"morn":1.41},"feels_like":{"day":1.76,"night":-1.3,"eve":-0.48,"morn":-1.42},"pressure":1028,"humidity":68,"weather":[{"id":800,"main":"Clear","description":"sky is clear","icon":"01d"}],"speed":4.39,"deg":216,"gust":9.6,"clouds":4,"pop":0}]}
--- ENF OF RECEIVED DATA ---

