________________________________________________
|             CALL API : START                |
________________________________________________

Informations : 
Called API: meteo - 3 August 2024, 18:00
Method: GETMETEO - Timeout : 300 - Cache : 1
URL CALLED : https://api.openweathermap.org/data/2.5/forecast/daily?q=Brussels,be&units=metric&cnt=4&appid=ea18c0706135505149200c3836f29800
-------------------------
________________________________________________
|             CALL API : START                |
________________________________________________

Informations : 
Called API: meteo - 3 August 2024, 18:00
Method: GETMETEO - Timeout : 300 - Cache : 1
URL CALLED : https://api.openweathermap.org/data/2.5/forecast/daily?q=Brussels,be&units=metric&cnt=4&appid=ea18c0706135505149200c3836f29800
-------------------------
{"city":{"id":2800866,"name":"Brussels","coord":{"lon":4.3488,"lat":50.8504},"country":"BE","population":1019022,"timezone":7200},"cod":"200","message":6.577724,"cnt":4,"list":[{"dt":1722682800,"sunrise":1722658332,"sunset":1722713115,"temp":{"day":21.54,"min":15.26,"max":22.22,"night":17.62,"eve":21.46,"morn":15.53},"feels_like":{"day":21.63,"night":17.89,"eve":21.65,"morn":15.62},"pressure":1013,"humidity":72,"weather":[{"id":500,"main":"Rain","description":"light rain","icon":"10d"}],"speed":5.41,"deg":229,"gust":10.41,"clouds":100,"pop":1,"rain":1.73},{"dt":1722769200,"sunrise":1722744822,"sunset":1722799416,"temp":{"day":22.07,"min":16.23,"max":22.86,"night":16.23,"eve":20.55,"morn":16.62},"feels_like":{"day":21.98,"night":15.92,"eve":20.38,"morn":16.9},"pressure":1015,"humidity":63,"weather":[{"id":500,"main":"Rain","description":"light rain","icon":"10d"}],"speed":4.62,"deg":277,"gust":9.6,"clouds":100,"pop":0.8,"rain":0.13},{"dt":1722855600,"sunrise":1722831313,"sunset":1722885715,"temp":{"day":22.29,"min":14.03,"max":24.66,"night":19.29,"eve":24.39,"morn":14.18},"feels_like":{"day":21.88,"night":19.02,"eve":24.22,"morn":14.03},"pressure":1015,"humidity":50,"weather":[{"id":801,"main":"Clouds","description":"few clouds","icon":"02d"}],"speed":2.92,"deg":234,"gust":3.74,"clouds":17,"pop":0},{"dt":1722942000,"sunrise":1722917803,"sunset":1722972013,"temp":{"day":25.96,"min":16.73,"max":27.55,"night":21.79,"eve":25.29,"morn":16.87},"feels_like":{"day":25.96,"night":21.93,"eve":25.6,"morn":16.65},"pressure":1011,"humidity":52,"weather":[{"id":800,"main":"Clear","description":"sky is clear","icon":"01d"}],"speed":3.7,"deg":210,"gust":4.82,"clouds":1,"pop":0}]}
--- ENF OF RECEIVED DATA ---

{"city":{"id":2800866,"name":"Brussels","coord":{"lon":4.3488,"lat":50.8504},"country":"BE","population":1019022,"timezone":7200},"cod":"200","message":6.577724,"cnt":4,"list":[{"dt":1722682800,"sunrise":1722658332,"sunset":1722713115,"temp":{"day":21.54,"min":15.26,"max":22.22,"night":17.62,"eve":21.46,"morn":15.53},"feels_like":{"day":21.63,"night":17.89,"eve":21.65,"morn":15.62},"pressure":1013,"humidity":72,"weather":[{"id":500,"main":"Rain","description":"light rain","icon":"10d"}],"speed":5.41,"deg":229,"gust":10.41,"clouds":100,"pop":1,"rain":1.73},{"dt":1722769200,"sunrise":1722744822,"sunset":1722799416,"temp":{"day":22.07,"min":16.23,"max":22.86,"night":16.23,"eve":20.55,"morn":16.62},"feels_like":{"day":21.98,"night":15.92,"eve":20.38,"morn":16.9},"pressure":1015,"humidity":63,"weather":[{"id":500,"main":"Rain","description":"light rain","icon":"10d"}],"speed":4.62,"deg":277,"gust":9.6,"clouds":100,"pop":0.8,"rain":0.13},{"dt":1722855600,"sunrise":1722831313,"sunset":1722885715,"temp":{"day":22.29,"min":14.03,"max":24.66,"night":19.29,"eve":24.39,"morn":14.18},"feels_like":{"day":21.88,"night":19.02,"eve":24.22,"morn":14.03},"pressure":1015,"humidity":50,"weather":[{"id":801,"main":"Clouds","description":"few clouds","icon":"02d"}],"speed":2.92,"deg":234,"gust":3.74,"clouds":17,"pop":0},{"dt":1722942000,"sunrise":1722917803,"sunset":1722972013,"temp":{"day":25.96,"min":16.73,"max":27.55,"night":21.79,"eve":25.29,"morn":16.87},"feels_like":{"day":25.96,"night":21.93,"eve":25.6,"morn":16.65},"pressure":1011,"humidity":52,"weather":[{"id":800,"main":"Clear","description":"sky is clear","icon":"01d"}],"speed":3.7,"deg":210,"gust":4.82,"clouds":1,"pop":0}]}
--- ENF OF RECEIVED DATA ---

