________________________________________________
|             CALL API : START                |
________________________________________________

Informations : 
Called API: meteo - 30 December 2023, 01:20
Method: GETMETEO - Timeout : 300 - Cache : 1
URL CALLED : https://api.openweathermap.org/data/2.5/forecast/daily?q=Brussels,be&units=metric&cnt=4&appid=ea18c0706135505149200c3836f29800
-------------------------
________________________________________________
|             CALL API : START                |
________________________________________________

Informations : 
Called API: meteo - 30 December 2023, 01:20
Method: GETMETEO - Timeout : 300 - Cache : 1
URL CALLED : https://api.openweathermap.org/data/2.5/forecast/daily?q=Brussels,be&units=metric&cnt=4&appid=ea18c0706135505149200c3836f29800
-------------------------
{"city":{"id":2800866,"name":"Brussels","coord":{"lon":4.3488,"lat":50.8504},"country":"BE","population":1019022,"timezone":3600},"cod":"200","message":6.7456781,"cnt":4,"list":[{"dt":1703934000,"sunrise":1703922305,"sunset":1703951067,"temp":{"day":8.77,"min":7.42,"max":9.96,"night":9.4,"eve":8.85,"morn":8.14},"feels_like":{"day":5.6,"night":5.96,"eve":5.65,"morn":4.62},"pressure":1013,"humidity":83,"weather":[{"id":500,"main":"Rain","description":"light rain","icon":"10d"}],"speed":8.08,"deg":242,"gust":15.27,"clouds":97,"pop":0.39,"rain":0.12},{"dt":1704020400,"sunrise":1704008707,"sunset":1704037522,"temp":{"day":8.23,"min":6.96,"max":9.88,"night":6.96,"eve":7.34,"morn":9.62},"feels_like":{"day":3.8,"night":2.19,"eve":2.46,"morn":5.96},"pressure":997,"humidity":74,"weather":[{"id":501,"main":"Rain","description":"moderate rain","icon":"10d"}],"speed":12.38,"deg":221,"gust":20.64,"clouds":100,"pop":1,"rain":9.35},{"dt":1704106800,"sunrise":1704095105,"sunset":1704123979,"temp":{"day":7.28,"min":6.4,"max":8.57,"night":8.57,"eve":7.72,"morn":6.86},"feels_like":{"day":3.09,"night":4.37,"eve":3.92,"morn":2.13},"pressure":1006,"humidity":80,"weather":[{"id":500,"main":"Rain","description":"light rain","icon":"10d"}],"speed":10.25,"deg":226,"gust":17.55,"clouds":98,"pop":0.94,"rain":2.68},{"dt":1704193200,"sunrise":1704181500,"sunset":1704210439,"temp":{"day":11.66,"min":9.08,"max":11.68,"night":11.02,"eve":11.13,"morn":11.44},"feels_like":{"day":11.26,"night":10.14,"eve":10.49,"morn":10.86},"pressure":995,"humidity":91,"weather":[{"id":501,"main":"Rain","description":"moderate rain","icon":"10d"}],"speed":12.84,"deg":211,"gust":24.41,"clouds":100,"pop":1,"rain":12.91}]}
--- ENF OF RECEIVED DATA ---

{"city":{"id":2800866,"name":"Brussels","coord":{"lon":4.3488,"lat":50.8504},"country":"BE","population":1019022,"timezone":3600},"cod":"200","message":6.7456781,"cnt":4,"list":[{"dt":1703934000,"sunrise":1703922305,"sunset":1703951067,"temp":{"day":8.77,"min":7.42,"max":9.96,"night":9.4,"eve":8.85,"morn":8.14},"feels_like":{"day":5.6,"night":5.96,"eve":5.65,"morn":4.62},"pressure":1013,"humidity":83,"weather":[{"id":500,"main":"Rain","description":"light rain","icon":"10d"}],"speed":8.08,"deg":242,"gust":15.27,"clouds":97,"pop":0.39,"rain":0.12},{"dt":1704020400,"sunrise":1704008707,"sunset":1704037522,"temp":{"day":8.23,"min":6.96,"max":9.88,"night":6.96,"eve":7.34,"morn":9.62},"feels_like":{"day":3.8,"night":2.19,"eve":2.46,"morn":5.96},"pressure":997,"humidity":74,"weather":[{"id":501,"main":"Rain","description":"moderate rain","icon":"10d"}],"speed":12.38,"deg":221,"gust":20.64,"clouds":100,"pop":1,"rain":9.35},{"dt":1704106800,"sunrise":1704095105,"sunset":1704123979,"temp":{"day":7.28,"min":6.4,"max":8.57,"night":8.57,"eve":7.72,"morn":6.86},"feels_like":{"day":3.09,"night":4.37,"eve":3.92,"morn":2.13},"pressure":1006,"humidity":80,"weather":[{"id":500,"main":"Rain","description":"light rain","icon":"10d"}],"speed":10.25,"deg":226,"gust":17.55,"clouds":98,"pop":0.94,"rain":2.68},{"dt":1704193200,"sunrise":1704181500,"sunset":1704210439,"temp":{"day":11.66,"min":9.08,"max":11.68,"night":11.02,"eve":11.13,"morn":11.44},"feels_like":{"day":11.26,"night":10.14,"eve":10.49,"morn":10.86},"pressure":995,"humidity":91,"weather":[{"id":501,"main":"Rain","description":"moderate rain","icon":"10d"}],"speed":12.84,"deg":211,"gust":24.41,"clouds":100,"pop":1,"rain":12.91}]}
--- ENF OF RECEIVED DATA ---

