________________________________________________
|             CALL API : START                |
________________________________________________

Informations : 
Called API: meteo - 16 December 2023, 12:30
Method: GETMETEO - Timeout : 300 - Cache : 1
URL CALLED : https://api.openweathermap.org/data/2.5/forecast/daily?q=Brussels,be&units=metric&cnt=4&appid=ea18c0706135505149200c3836f29800
-------------------------
________________________________________________
|             CALL API : START                |
________________________________________________

Informations : 
Called API: meteo - 16 December 2023, 12:30
Method: GETMETEO - Timeout : 300 - Cache : 1
URL CALLED : https://api.openweathermap.org/data/2.5/forecast/daily?q=Brussels,be&units=metric&cnt=4&appid=ea18c0706135505149200c3836f29800
-------------------------
{"city":{"id":2800866,"name":"Brussels","coord":{"lon":4.3488,"lat":50.8504},"country":"BE","population":1019022,"timezone":3600},"cod":"200","message":0.0678607,"cnt":4,"list":[{"dt":1702724400,"sunrise":1702712349,"sunset":1702741021,"temp":{"day":9.02,"min":4.52,"max":9.02,"night":8.78,"eve":8.04,"morn":4.84},"feels_like":{"day":6.26,"night":6.48,"eve":5.14,"morn":1.27},"pressure":1041,"humidity":82,"weather":[{"id":803,"main":"Clouds","description":"broken clouds","icon":"04d"}],"speed":5.41,"deg":221,"gust":10.52,"clouds":75,"pop":0},{"dt":1702810800,"sunrise":1702798794,"sunset":1702827432,"temp":{"day":8.34,"min":5.49,"max":9.48,"night":5.49,"eve":6.88,"morn":7.93},"feels_like":{"day":5.15,"night":1.78,"eve":3.51,"morn":5.14},"pressure":1037,"humidity":82,"weather":[{"id":804,"main":"Clouds","description":"overcast clouds","icon":"04d"}],"speed":6.04,"deg":216,"gust":12.9,"clouds":94,"pop":0},{"dt":1702897200,"sunrise":1702885237,"sunset":1702913846,"temp":{"day":6.44,"min":3.23,"max":7.56,"night":4.07,"eve":5.16,"morn":3.81},"feels_like":{"day":2.85,"night":-0.29,"eve":1.08,"morn":-0.2},"pressure":1032,"humidity":70,"weather":[{"id":800,"main":"Clear","description":"sky is clear","icon":"01d"}],"speed":6.55,"deg":213,"gust":13.51,"clouds":0,"pop":0},{"dt":1702983600,"sunrise":1702971676,"sunset":1703000264,"temp":{"day":6.88,"min":4.16,"max":8.27,"night":8.27,"eve":7.91,"morn":6.26},"feels_like":{"day":2.73,"night":4.38,"eve":3.92,"morn":2.06},"pressure":1020,"humidity":91,"weather":[{"id":500,"main":"Rain","description":"light rain","icon":"10d"}],"speed":8.15,"deg":212,"gust":15.61,"clouds":100,"pop":0.44,"rain":0.63}]}
--- ENF OF RECEIVED DATA ---

{"city":{"id":2800866,"name":"Brussels","coord":{"lon":4.3488,"lat":50.8504},"country":"BE","population":1019022,"timezone":3600},"cod":"200","message":0.0678607,"cnt":4,"list":[{"dt":1702724400,"sunrise":1702712349,"sunset":1702741021,"temp":{"day":9.02,"min":4.52,"max":9.02,"night":8.78,"eve":8.04,"morn":4.84},"feels_like":{"day":6.26,"night":6.48,"eve":5.14,"morn":1.27},"pressure":1041,"humidity":82,"weather":[{"id":803,"main":"Clouds","description":"broken clouds","icon":"04d"}],"speed":5.41,"deg":221,"gust":10.52,"clouds":75,"pop":0},{"dt":1702810800,"sunrise":1702798794,"sunset":1702827432,"temp":{"day":8.34,"min":5.49,"max":9.48,"night":5.49,"eve":6.88,"morn":7.93},"feels_like":{"day":5.15,"night":1.78,"eve":3.51,"morn":5.14},"pressure":1037,"humidity":82,"weather":[{"id":804,"main":"Clouds","description":"overcast clouds","icon":"04d"}],"speed":6.04,"deg":216,"gust":12.9,"clouds":94,"pop":0},{"dt":1702897200,"sunrise":1702885237,"sunset":1702913846,"temp":{"day":6.44,"min":3.23,"max":7.56,"night":4.07,"eve":5.16,"morn":3.81},"feels_like":{"day":2.85,"night":-0.29,"eve":1.08,"morn":-0.2},"pressure":1032,"humidity":70,"weather":[{"id":800,"main":"Clear","description":"sky is clear","icon":"01d"}],"speed":6.55,"deg":213,"gust":13.51,"clouds":0,"pop":0},{"dt":1702983600,"sunrise":1702971676,"sunset":1703000264,"temp":{"day":6.88,"min":4.16,"max":8.27,"night":8.27,"eve":7.91,"morn":6.26},"feels_like":{"day":2.73,"night":4.38,"eve":3.92,"morn":2.06},"pressure":1020,"humidity":91,"weather":[{"id":500,"main":"Rain","description":"light rain","icon":"10d"}],"speed":8.15,"deg":212,"gust":15.61,"clouds":100,"pop":0.44,"rain":0.63}]}
--- ENF OF RECEIVED DATA ---

