________________________________________________
|             CALL API : START                |
________________________________________________

Informations : 
Called API: meteo - 12 June 2023, 04:10
Method: GETMETEO - Timeout : 300 - Cache : 1
URL CALLED : https://api.openweathermap.org/data/2.5/forecast/daily?q=Brussels,be&units=metric&cnt=4&appid=ea18c0706135505149200c3836f29800
-------------------------
________________________________________________
|             CALL API : START                |
________________________________________________

Informations : 
Called API: meteo - 12 June 2023, 04:10
Method: GETMETEO - Timeout : 300 - Cache : 1
URL CALLED : https://api.openweathermap.org/data/2.5/forecast/daily?q=Brussels,be&units=metric&cnt=4&appid=ea18c0706135505149200c3836f29800
-------------------------
{"city":{"id":2800866,"name":"Brussels","coord":{"lon":4.3488,"lat":50.8504},"country":"BE","population":1019022,"timezone":7200},"cod":"200","message":6.5400069,"cnt":4,"list":[{"dt":1686567600,"sunrise":1686540545,"sunset":1686599750,"temp":{"day":27.75,"min":16.98,"max":29.12,"night":21.53,"eve":27.21,"morn":17.67},"feels_like":{"day":27.27,"night":21.15,"eve":27.13,"morn":17.37},"pressure":1015,"humidity":37,"weather":[{"id":801,"main":"Clouds","description":"few clouds","icon":"02d"}],"speed":4.5,"deg":97,"gust":7.47,"clouds":24,"pop":0.25},{"dt":1686654000,"sunrise":1686626931,"sunset":1686686188,"temp":{"day":25.62,"min":15.88,"max":26.51,"night":19.5,"eve":25.71,"morn":17.21},"feels_like":{"day":25.26,"night":18.71,"eve":25.3,"morn":16.63},"pressure":1013,"humidity":39,"weather":[{"id":801,"main":"Clouds","description":"few clouds","icon":"02d"}],"speed":5.77,"deg":83,"gust":12.37,"clouds":14,"pop":0},{"dt":1686740400,"sunrise":1686713320,"sunset":1686772623,"temp":{"day":22.58,"min":13.44,"max":24.39,"night":17.86,"eve":23.98,"morn":14.62},"feels_like":{"day":21.94,"night":17.11,"eve":23.53,"morn":13.89},"pressure":1018,"humidity":40,"weather":[{"id":802,"main":"Clouds","description":"scattered clouds","icon":"03d"}],"speed":6.81,"deg":67,"gust":11.69,"clouds":42,"pop":0},{"dt":1686826800,"sunrise":1686799711,"sunset":1686859055,"temp":{"day":24.26,"min":12.21,"max":25.13,"night":18.29,"eve":20.86,"morn":16.04},"feels_like":{"day":23.6,"night":17.58,"eve":20.23,"morn":15.37},"pressure":1020,"humidity":33,"weather":[{"id":803,"main":"Clouds","description":"broken clouds","icon":"04d"}],"speed":3.74,"deg":69,"gust":6.63,"clouds":73,"pop":0}]}
--- ENF OF RECEIVED DATA ---

{"city":{"id":2800866,"name":"Brussels","coord":{"lon":4.3488,"lat":50.8504},"country":"BE","population":1019022,"timezone":7200},"cod":"200","message":6.5400069,"cnt":4,"list":[{"dt":1686567600,"sunrise":1686540545,"sunset":1686599750,"temp":{"day":27.75,"min":16.98,"max":29.12,"night":21.53,"eve":27.21,"morn":17.67},"feels_like":{"day":27.27,"night":21.15,"eve":27.13,"morn":17.37},"pressure":1015,"humidity":37,"weather":[{"id":801,"main":"Clouds","description":"few clouds","icon":"02d"}],"speed":4.5,"deg":97,"gust":7.47,"clouds":24,"pop":0.25},{"dt":1686654000,"sunrise":1686626931,"sunset":1686686188,"temp":{"day":25.62,"min":15.88,"max":26.51,"night":19.5,"eve":25.71,"morn":17.21},"feels_like":{"day":25.26,"night":18.71,"eve":25.3,"morn":16.63},"pressure":1013,"humidity":39,"weather":[{"id":801,"main":"Clouds","description":"few clouds","icon":"02d"}],"speed":5.77,"deg":83,"gust":12.37,"clouds":14,"pop":0},{"dt":1686740400,"sunrise":1686713320,"sunset":1686772623,"temp":{"day":22.58,"min":13.44,"max":24.39,"night":17.86,"eve":23.98,"morn":14.62},"feels_like":{"day":21.94,"night":17.11,"eve":23.53,"morn":13.89},"pressure":1018,"humidity":40,"weather":[{"id":802,"main":"Clouds","description":"scattered clouds","icon":"03d"}],"speed":6.81,"deg":67,"gust":11.69,"clouds":42,"pop":0},{"dt":1686826800,"sunrise":1686799711,"sunset":1686859055,"temp":{"day":24.26,"min":12.21,"max":25.13,"night":18.29,"eve":20.86,"morn":16.04},"feels_like":{"day":23.6,"night":17.58,"eve":20.23,"morn":15.37},"pressure":1020,"humidity":33,"weather":[{"id":803,"main":"Clouds","description":"broken clouds","icon":"04d"}],"speed":3.74,"deg":69,"gust":6.63,"clouds":73,"pop":0}]}
--- ENF OF RECEIVED DATA ---

