________________________________________________
|             CALL API : START                |
________________________________________________

Informations : 
Called API: meteo - 29 May 2024, 19:20
Method: GETMETEO - Timeout : 300 - Cache : 1
URL CALLED : https://api.openweathermap.org/data/2.5/forecast/daily?q=Brussels,be&units=metric&cnt=4&appid=ea18c0706135505149200c3836f29800
-------------------------
________________________________________________
|             CALL API : START                |
________________________________________________

Informations : 
Called API: meteo - 29 May 2024, 19:20
Method: GETMETEO - Timeout : 300 - Cache : 1
URL CALLED : https://api.openweathermap.org/data/2.5/forecast/daily?q=Brussels,be&units=metric&cnt=4&appid=ea18c0706135505149200c3836f29800
-------------------------
{"city":{"id":2800866,"name":"Brussels","coord":{"lon":4.3488,"lat":50.8504},"country":"BE","population":1019022,"timezone":7200},"cod":"200","message":4.4433345,"cnt":4,"list":[{"dt":1716980400,"sunrise":1716953805,"sunset":1717011823,"temp":{"day":15.63,"min":13.18,"max":19.28,"night":13.43,"eve":19.28,"morn":13.18},"feels_like":{"day":15.49,"night":13.02,"eve":18.93,"morn":13.06},"pressure":1010,"humidity":86,"weather":[{"id":501,"main":"Rain","description":"moderate rain","icon":"10d"}],"speed":7.53,"deg":236,"gust":13.82,"clouds":85,"pop":1,"rain":5.9},{"dt":1717066800,"sunrise":1717040153,"sunset":1717098291,"temp":{"day":16.21,"min":9.67,"max":17.13,"night":11.19,"eve":14.61,"morn":10.64},"feels_like":{"day":15.79,"night":10.85,"eve":14.22,"morn":10.21},"pressure":1007,"humidity":73,"weather":[{"id":500,"main":"Rain","description":"light rain","icon":"10d"}],"speed":6.04,"deg":305,"gust":8.32,"clouds":82,"pop":1,"rain":2.44},{"dt":1717153200,"sunrise":1717126504,"sunset":1717184757,"temp":{"day":14.83,"min":11.21,"max":14.83,"night":12.15,"eve":14.67,"morn":12.48},"feels_like":{"day":14.56,"night":11.9,"eve":14.36,"morn":12.24},"pressure":1012,"humidity":84,"weather":[{"id":500,"main":"Rain","description":"light rain","icon":"10d"}],"speed":6.15,"deg":286,"gust":9.66,"clouds":97,"pop":1,"rain":2.75},{"dt":1717239600,"sunrise":1717212858,"sunset":1717271221,"temp":{"day":14.83,"min":11.9,"max":17.89,"night":12.33,"eve":15.89,"morn":13.26},"feels_like":{"day":14.46,"night":11.66,"eve":15.44,"morn":13.15},"pressure":1019,"humidity":80,"weather":[{"id":500,"main":"Rain","description":"light rain","icon":"10d"}],"speed":7.57,"deg":337,"gust":9.98,"clouds":100,"pop":1,"rain":1.44}]}
--- ENF OF RECEIVED DATA ---

{"city":{"id":2800866,"name":"Brussels","coord":{"lon":4.3488,"lat":50.8504},"country":"BE","population":1019022,"timezone":7200},"cod":"200","message":4.4433345,"cnt":4,"list":[{"dt":1716980400,"sunrise":1716953805,"sunset":1717011823,"temp":{"day":15.63,"min":13.18,"max":19.28,"night":13.43,"eve":19.28,"morn":13.18},"feels_like":{"day":15.49,"night":13.02,"eve":18.93,"morn":13.06},"pressure":1010,"humidity":86,"weather":[{"id":501,"main":"Rain","description":"moderate rain","icon":"10d"}],"speed":7.53,"deg":236,"gust":13.82,"clouds":85,"pop":1,"rain":5.9},{"dt":1717066800,"sunrise":1717040153,"sunset":1717098291,"temp":{"day":16.21,"min":9.67,"max":17.13,"night":11.19,"eve":14.61,"morn":10.64},"feels_like":{"day":15.79,"night":10.85,"eve":14.22,"morn":10.21},"pressure":1007,"humidity":73,"weather":[{"id":500,"main":"Rain","description":"light rain","icon":"10d"}],"speed":6.04,"deg":305,"gust":8.32,"clouds":82,"pop":1,"rain":2.44},{"dt":1717153200,"sunrise":1717126504,"sunset":1717184757,"temp":{"day":14.83,"min":11.21,"max":14.83,"night":12.15,"eve":14.67,"morn":12.48},"feels_like":{"day":14.56,"night":11.9,"eve":14.36,"morn":12.24},"pressure":1012,"humidity":84,"weather":[{"id":500,"main":"Rain","description":"light rain","icon":"10d"}],"speed":6.15,"deg":286,"gust":9.66,"clouds":97,"pop":1,"rain":2.75},{"dt":1717239600,"sunrise":1717212858,"sunset":1717271221,"temp":{"day":14.83,"min":11.9,"max":17.89,"night":12.33,"eve":15.89,"morn":13.26},"feels_like":{"day":14.46,"night":11.66,"eve":15.44,"morn":13.15},"pressure":1019,"humidity":80,"weather":[{"id":500,"main":"Rain","description":"light rain","icon":"10d"}],"speed":7.57,"deg":337,"gust":9.98,"clouds":100,"pop":1,"rain":1.44}]}
--- ENF OF RECEIVED DATA ---

