________________________________________________
|             CALL API : START                |
________________________________________________

Informations : 
Called API: meteo - 24 March 2025, 12:20
Method: GETMETEO - Timeout : 300 - Cache : 1
URL CALLED : https://api.openweathermap.org/data/2.5/forecast/daily?q=Brussels,be&units=metric&cnt=4&appid=ea18c0706135505149200c3836f29800
-------------------------
________________________________________________
|             CALL API : START                |
________________________________________________

Informations : 
Called API: meteo - 24 March 2025, 12:20
Method: GETMETEO - Timeout : 300 - Cache : 1
URL CALLED : https://api.openweathermap.org/data/2.5/forecast/daily?q=Brussels,be&units=metric&cnt=4&appid=ea18c0706135505149200c3836f29800
-------------------------
{"city":{"id":2800866,"name":"Brussels","coord":{"lon":4.3488,"lat":50.8504},"country":"BE","population":1019022,"timezone":3600},"cod":"200","message":0.0683093,"cnt":4,"list":[{"dt":1742814000,"sunrise":1742794574,"sunset":1742839281,"temp":{"day":14.63,"min":7.17,"max":16.31,"night":7.78,"eve":14.04,"morn":7.17},"feels_like":{"day":13.95,"night":6.1,"eve":13.25,"morn":6.15},"pressure":1015,"humidity":69,"weather":[{"id":800,"main":"Clear","description":"sky is clear","icon":"01d"}],"speed":4.82,"deg":342,"gust":6.9,"clouds":0,"pop":0},{"dt":1742900400,"sunrise":1742880838,"sunset":1742925779,"temp":{"day":13.16,"min":6,"max":15.38,"night":9.94,"eve":12.16,"morn":6},"feels_like":{"day":12.1,"night":8.44,"eve":11.13,"morn":4.45},"pressure":1021,"humidity":60,"weather":[{"id":804,"main":"Clouds","description":"overcast clouds","icon":"04d"}],"speed":5.29,"deg":299,"gust":6.07,"clouds":97,"pop":0},{"dt":1742986800,"sunrise":1742967103,"sunset":1743012276,"temp":{"day":12.57,"min":8.01,"max":15.17,"night":8.01,"eve":13.59,"morn":8.82},"feels_like":{"day":11.32,"night":6.98,"eve":12.41,"morn":6.85},"pressure":1024,"humidity":55,"weather":[{"id":500,"main":"Rain","description":"light rain","icon":"10d"}],"speed":4.27,"deg":25,"gust":7.36,"clouds":24,"pop":0.38,"rain":0.24},{"dt":1743073200,"sunrise":1743053368,"sunset":1743098773,"temp":{"day":13.72,"min":5.52,"max":16.15,"night":9.35,"eve":12.3,"morn":5.52},"feels_like":{"day":12.48,"night":8.14,"eve":10.92,"morn":5.52},"pressure":1023,"humidity":51,"weather":[{"id":802,"main":"Clouds","description":"scattered clouds","icon":"03d"}],"speed":2.5,"deg":271,"gust":3.14,"clouds":31,"pop":0}]}
--- ENF OF RECEIVED DATA ---

{"city":{"id":2800866,"name":"Brussels","coord":{"lon":4.3488,"lat":50.8504},"country":"BE","population":1019022,"timezone":3600},"cod":"200","message":0.0683093,"cnt":4,"list":[{"dt":1742814000,"sunrise":1742794574,"sunset":1742839281,"temp":{"day":14.63,"min":7.17,"max":16.31,"night":7.78,"eve":14.04,"morn":7.17},"feels_like":{"day":13.95,"night":6.1,"eve":13.25,"morn":6.15},"pressure":1015,"humidity":69,"weather":[{"id":800,"main":"Clear","description":"sky is clear","icon":"01d"}],"speed":4.82,"deg":342,"gust":6.9,"clouds":0,"pop":0},{"dt":1742900400,"sunrise":1742880838,"sunset":1742925779,"temp":{"day":13.16,"min":6,"max":15.38,"night":9.94,"eve":12.16,"morn":6},"feels_like":{"day":12.1,"night":8.44,"eve":11.13,"morn":4.45},"pressure":1021,"humidity":60,"weather":[{"id":804,"main":"Clouds","description":"overcast clouds","icon":"04d"}],"speed":5.29,"deg":299,"gust":6.07,"clouds":97,"pop":0},{"dt":1742986800,"sunrise":1742967103,"sunset":1743012276,"temp":{"day":12.57,"min":8.01,"max":15.17,"night":8.01,"eve":13.59,"morn":8.82},"feels_like":{"day":11.32,"night":6.98,"eve":12.41,"morn":6.85},"pressure":1024,"humidity":55,"weather":[{"id":500,"main":"Rain","description":"light rain","icon":"10d"}],"speed":4.27,"deg":25,"gust":7.36,"clouds":24,"pop":0.38,"rain":0.24},{"dt":1743073200,"sunrise":1743053368,"sunset":1743098773,"temp":{"day":13.72,"min":5.52,"max":16.15,"night":9.35,"eve":12.3,"morn":5.52},"feels_like":{"day":12.48,"night":8.14,"eve":10.92,"morn":5.52},"pressure":1023,"humidity":51,"weather":[{"id":802,"main":"Clouds","description":"scattered clouds","icon":"03d"}],"speed":2.5,"deg":271,"gust":3.14,"clouds":31,"pop":0}]}
--- ENF OF RECEIVED DATA ---

