________________________________________________
|             CALL API : START                |
________________________________________________

Informations : 
Called API: meteo - 24 September 2023, 23:40
Method: GETMETEO - Timeout : 300 - Cache : 1
URL CALLED : https://api.openweathermap.org/data/2.5/forecast/daily?q=Brussels,be&units=metric&cnt=4&appid=ea18c0706135505149200c3836f29800
-------------------------
________________________________________________
|             CALL API : START                |
________________________________________________

Informations : 
Called API: meteo - 24 September 2023, 23:40
Method: GETMETEO - Timeout : 300 - Cache : 1
URL CALLED : https://api.openweathermap.org/data/2.5/forecast/daily?q=Brussels,be&units=metric&cnt=4&appid=ea18c0706135505149200c3836f29800
-------------------------
{"city":{"id":2800866,"name":"Brussels","coord":{"lon":4.3488,"lat":50.8504},"country":"BE","population":1019022,"timezone":7200},"cod":"200","message":8.2433916,"cnt":4,"list":[{"dt":1695553200,"sunrise":1695533471,"sunset":1695577104,"temp":{"day":18.48,"min":9.51,"max":19.71,"night":12.29,"eve":16.74,"morn":9.51},"feels_like":{"day":17.69,"night":11.64,"eve":16.14,"morn":7.86},"pressure":1024,"humidity":50,"weather":[{"id":802,"main":"Clouds","description":"scattered clouds","icon":"03d"}],"speed":5.86,"deg":187,"gust":11.83,"clouds":35,"pop":0},{"dt":1695639600,"sunrise":1695619964,"sunset":1695663368,"temp":{"day":19.22,"min":11.94,"max":21.44,"night":15.6,"eve":19.15,"morn":12.02},"feels_like":{"day":18.56,"night":15.07,"eve":18.74,"morn":11.03},"pressure":1022,"humidity":52,"weather":[{"id":804,"main":"Clouds","description":"overcast clouds","icon":"04d"}],"speed":4.77,"deg":173,"gust":13.14,"clouds":100,"pop":0},{"dt":1695726000,"sunrise":1695706457,"sunset":1695749631,"temp":{"day":21.43,"min":13.74,"max":22.36,"night":15.67,"eve":18.98,"morn":13.74},"feels_like":{"day":20.86,"night":15.12,"eve":18.63,"morn":13.02},"pressure":1019,"humidity":47,"weather":[{"id":804,"main":"Clouds","description":"overcast clouds","icon":"04d"}],"speed":4.11,"deg":211,"gust":6.1,"clouds":99,"pop":0},{"dt":1695812400,"sunrise":1695792951,"sunset":1695835895,"temp":{"day":22.64,"min":14.5,"max":23.35,"night":19.99,"eve":20.21,"morn":14.5},"feels_like":{"day":22.27,"night":19.48,"eve":19.85,"morn":13.89},"pressure":1017,"humidity":50,"weather":[{"id":804,"main":"Clouds","description":"overcast clouds","icon":"04d"}],"speed":5.24,"deg":205,"gust":12.97,"clouds":99,"pop":0}]}
--- ENF OF RECEIVED DATA ---

{"city":{"id":2800866,"name":"Brussels","coord":{"lon":4.3488,"lat":50.8504},"country":"BE","population":1019022,"timezone":7200},"cod":"200","message":8.2433916,"cnt":4,"list":[{"dt":1695553200,"sunrise":1695533471,"sunset":1695577104,"temp":{"day":18.48,"min":9.51,"max":19.71,"night":12.29,"eve":16.74,"morn":9.51},"feels_like":{"day":17.69,"night":11.64,"eve":16.14,"morn":7.86},"pressure":1024,"humidity":50,"weather":[{"id":802,"main":"Clouds","description":"scattered clouds","icon":"03d"}],"speed":5.86,"deg":187,"gust":11.83,"clouds":35,"pop":0},{"dt":1695639600,"sunrise":1695619964,"sunset":1695663368,"temp":{"day":19.22,"min":11.94,"max":21.44,"night":15.6,"eve":19.15,"morn":12.02},"feels_like":{"day":18.56,"night":15.07,"eve":18.74,"morn":11.03},"pressure":1022,"humidity":52,"weather":[{"id":804,"main":"Clouds","description":"overcast clouds","icon":"04d"}],"speed":4.77,"deg":173,"gust":13.14,"clouds":100,"pop":0},{"dt":1695726000,"sunrise":1695706457,"sunset":1695749631,"temp":{"day":21.43,"min":13.74,"max":22.36,"night":15.67,"eve":18.98,"morn":13.74},"feels_like":{"day":20.86,"night":15.12,"eve":18.63,"morn":13.02},"pressure":1019,"humidity":47,"weather":[{"id":804,"main":"Clouds","description":"overcast clouds","icon":"04d"}],"speed":4.11,"deg":211,"gust":6.1,"clouds":99,"pop":0},{"dt":1695812400,"sunrise":1695792951,"sunset":1695835895,"temp":{"day":22.64,"min":14.5,"max":23.35,"night":19.99,"eve":20.21,"morn":14.5},"feels_like":{"day":22.27,"night":19.48,"eve":19.85,"morn":13.89},"pressure":1017,"humidity":50,"weather":[{"id":804,"main":"Clouds","description":"overcast clouds","icon":"04d"}],"speed":5.24,"deg":205,"gust":12.97,"clouds":99,"pop":0}]}
--- ENF OF RECEIVED DATA ---

