________________________________________________
|             CALL API : START                |
________________________________________________

Informations : 
Called API: meteo - 29 November 2023, 21:00
Method: GETMETEO - Timeout : 300 - Cache : 1
URL CALLED : https://api.openweathermap.org/data/2.5/forecast/daily?q=Brussels,be&units=metric&cnt=4&appid=ea18c0706135505149200c3836f29800
-------------------------
________________________________________________
|             CALL API : START                |
________________________________________________

Informations : 
Called API: meteo - 29 November 2023, 21:00
Method: GETMETEO - Timeout : 300 - Cache : 1
URL CALLED : https://api.openweathermap.org/data/2.5/forecast/daily?q=Brussels,be&units=metric&cnt=4&appid=ea18c0706135505149200c3836f29800
-------------------------
{"city":{"id":2800866,"name":"Brussels","coord":{"lon":4.3488,"lat":50.8504},"country":"BE","population":1019022,"timezone":3600},"cod":"200","message":5.582788,"cnt":4,"list":[{"dt":1701255600,"sunrise":1701242388,"sunset":1701272528,"temp":{"day":5.32,"min":1.16,"max":5.73,"night":1.58,"eve":2.24,"morn":3.3},"feels_like":{"day":1.98,"night":-1.07,"eve":0.62,"morn":-1.46},"pressure":1004,"humidity":75,"weather":[{"id":500,"main":"Rain","description":"light rain","icon":"10d"}],"speed":6.83,"deg":251,"gust":13.21,"clouds":21,"pop":0.76,"rain":2.02},{"dt":1701342000,"sunrise":1701328873,"sunset":1701358885,"temp":{"day":2.68,"min":0.36,"max":2.7,"night":0.36,"eve":2.21,"morn":2.03},"feels_like":{"day":-0.03,"night":-1.42,"eve":-0.66,"morn":-0.37},"pressure":1003,"humidity":80,"weather":[{"id":804,"main":"Clouds","description":"overcast clouds","icon":"04d"}],"speed":3.18,"deg":46,"gust":4.7,"clouds":97,"pop":0.24},{"dt":1701428400,"sunrise":1701415356,"sunset":1701445245,"temp":{"day":1.59,"min":-1.82,"max":2.33,"night":-1.82,"eve":-0.68,"morn":-1.02},"feels_like":{"day":-2.17,"night":-4.48,"eve":-4.2,"morn":-4.27},"pressure":1008,"humidity":68,"weather":[{"id":801,"main":"Clouds","description":"few clouds","icon":"02d"}],"speed":3.83,"deg":35,"gust":5.81,"clouds":11,"pop":0},{"dt":1701514800,"sunrise":1701501838,"sunset":1701531608,"temp":{"day":1.58,"min":-2.13,"max":2.42,"night":-1.29,"eve":0.93,"morn":-2.1},"feels_like":{"day":-1.76,"night":-5.38,"eve":-2.72,"morn":-2.1},"pressure":1015,"humidity":62,"weather":[{"id":803,"main":"Clouds","description":"broken clouds","icon":"04d"}],"speed":3.63,"deg":237,"gust":7.31,"clouds":83,"pop":0.28}]}
--- ENF OF RECEIVED DATA ---

{"city":{"id":2800866,"name":"Brussels","coord":{"lon":4.3488,"lat":50.8504},"country":"BE","population":1019022,"timezone":3600},"cod":"200","message":5.582788,"cnt":4,"list":[{"dt":1701255600,"sunrise":1701242388,"sunset":1701272528,"temp":{"day":5.32,"min":1.16,"max":5.73,"night":1.58,"eve":2.24,"morn":3.3},"feels_like":{"day":1.98,"night":-1.07,"eve":0.62,"morn":-1.46},"pressure":1004,"humidity":75,"weather":[{"id":500,"main":"Rain","description":"light rain","icon":"10d"}],"speed":6.83,"deg":251,"gust":13.21,"clouds":21,"pop":0.76,"rain":2.02},{"dt":1701342000,"sunrise":1701328873,"sunset":1701358885,"temp":{"day":2.68,"min":0.36,"max":2.7,"night":0.36,"eve":2.21,"morn":2.03},"feels_like":{"day":-0.03,"night":-1.42,"eve":-0.66,"morn":-0.37},"pressure":1003,"humidity":80,"weather":[{"id":804,"main":"Clouds","description":"overcast clouds","icon":"04d"}],"speed":3.18,"deg":46,"gust":4.7,"clouds":97,"pop":0.24},{"dt":1701428400,"sunrise":1701415356,"sunset":1701445245,"temp":{"day":1.59,"min":-1.82,"max":2.33,"night":-1.82,"eve":-0.68,"morn":-1.02},"feels_like":{"day":-2.17,"night":-4.48,"eve":-4.2,"morn":-4.27},"pressure":1008,"humidity":68,"weather":[{"id":801,"main":"Clouds","description":"few clouds","icon":"02d"}],"speed":3.83,"deg":35,"gust":5.81,"clouds":11,"pop":0},{"dt":1701514800,"sunrise":1701501838,"sunset":1701531608,"temp":{"day":1.58,"min":-2.13,"max":2.42,"night":-1.29,"eve":0.93,"morn":-2.1},"feels_like":{"day":-1.76,"night":-5.38,"eve":-2.72,"morn":-2.1},"pressure":1015,"humidity":62,"weather":[{"id":803,"main":"Clouds","description":"broken clouds","icon":"04d"}],"speed":3.63,"deg":237,"gust":7.31,"clouds":83,"pop":0.28}]}
--- ENF OF RECEIVED DATA ---

