________________________________________________
|             CALL API : START                |
________________________________________________

Informations : 
Called API: meteo - 6 February 2024, 11:50
Method: GETMETEO - Timeout : 300 - Cache : 1
URL CALLED : https://api.openweathermap.org/data/2.5/forecast/daily?q=Brussels,be&units=metric&cnt=4&appid=ea18c0706135505149200c3836f29800
-------------------------
________________________________________________
|             CALL API : START                |
________________________________________________

Informations : 
Called API: meteo - 6 February 2024, 11:50
Method: GETMETEO - Timeout : 300 - Cache : 1
URL CALLED : https://api.openweathermap.org/data/2.5/forecast/daily?q=Brussels,be&units=metric&cnt=4&appid=ea18c0706135505149200c3836f29800
-------------------------
{"city":{"id":2800866,"name":"Brussels","coord":{"lon":4.3488,"lat":50.8504},"country":"BE","population":1019022,"timezone":3600},"cod":"200","message":0.0481288,"cnt":4,"list":[{"dt":1707217200,"sunrise":1707203529,"sunset":1707237668,"temp":{"day":10.51,"min":9.85,"max":11.35,"night":11.35,"eve":11.21,"morn":10.32},"feels_like":{"day":9.76,"night":10.55,"eve":10.37,"morn":9.39},"pressure":1013,"humidity":82,"weather":[{"id":803,"main":"Clouds","description":"broken clouds","icon":"04d"}],"speed":10.84,"deg":234,"gust":19.45,"clouds":75,"pop":0.28},{"dt":1707303600,"sunrise":1707289831,"sunset":1707324176,"temp":{"day":6.31,"min":5.47,"max":11.32,"night":5.47,"eve":6.08,"morn":8.59},"feels_like":{"day":6.31,"night":4.68,"eve":4.78,"morn":6.44},"pressure":1006,"humidity":90,"weather":[{"id":501,"main":"Rain","description":"moderate rain","icon":"10d"}],"speed":11.43,"deg":232,"gust":21.28,"clouds":100,"pop":1,"rain":22.28},{"dt":1707390000,"sunrise":1707376132,"sunset":1707410683,"temp":{"day":10.7,"min":4.59,"max":11.31,"night":10.27,"eve":10.71,"morn":4.76},"feels_like":{"day":10.23,"night":9.78,"eve":10.13,"morn":1.93},"pressure":994,"humidity":92,"weather":[{"id":501,"main":"Rain","description":"moderate rain","icon":"10d"}],"speed":11.41,"deg":224,"gust":21.04,"clouds":100,"pop":1,"rain":15.46},{"dt":1707476400,"sunrise":1707462430,"sunset":1707497191,"temp":{"day":10.52,"min":9.9,"max":10.94,"night":10.94,"eve":10.72,"morn":9.97},"feels_like":{"day":9.9,"night":10.28,"eve":10.04,"morn":6.78},"pressure":983,"humidity":87,"weather":[{"id":501,"main":"Rain","description":"moderate rain","icon":"10d"}],"speed":8.54,"deg":196,"gust":15.42,"clouds":100,"pop":1,"rain":6.76}]}
--- ENF OF RECEIVED DATA ---

{"city":{"id":2800866,"name":"Brussels","coord":{"lon":4.3488,"lat":50.8504},"country":"BE","population":1019022,"timezone":3600},"cod":"200","message":0.0481288,"cnt":4,"list":[{"dt":1707217200,"sunrise":1707203529,"sunset":1707237668,"temp":{"day":10.51,"min":9.85,"max":11.35,"night":11.35,"eve":11.21,"morn":10.32},"feels_like":{"day":9.76,"night":10.55,"eve":10.37,"morn":9.39},"pressure":1013,"humidity":82,"weather":[{"id":803,"main":"Clouds","description":"broken clouds","icon":"04d"}],"speed":10.84,"deg":234,"gust":19.45,"clouds":75,"pop":0.28},{"dt":1707303600,"sunrise":1707289831,"sunset":1707324176,"temp":{"day":6.31,"min":5.47,"max":11.32,"night":5.47,"eve":6.08,"morn":8.59},"feels_like":{"day":6.31,"night":4.68,"eve":4.78,"morn":6.44},"pressure":1006,"humidity":90,"weather":[{"id":501,"main":"Rain","description":"moderate rain","icon":"10d"}],"speed":11.43,"deg":232,"gust":21.28,"clouds":100,"pop":1,"rain":22.28},{"dt":1707390000,"sunrise":1707376132,"sunset":1707410683,"temp":{"day":10.7,"min":4.59,"max":11.31,"night":10.27,"eve":10.71,"morn":4.76},"feels_like":{"day":10.23,"night":9.78,"eve":10.13,"morn":1.93},"pressure":994,"humidity":92,"weather":[{"id":501,"main":"Rain","description":"moderate rain","icon":"10d"}],"speed":11.41,"deg":224,"gust":21.04,"clouds":100,"pop":1,"rain":15.46},{"dt":1707476400,"sunrise":1707462430,"sunset":1707497191,"temp":{"day":10.52,"min":9.9,"max":10.94,"night":10.94,"eve":10.72,"morn":9.97},"feels_like":{"day":9.9,"night":10.28,"eve":10.04,"morn":6.78},"pressure":983,"humidity":87,"weather":[{"id":501,"main":"Rain","description":"moderate rain","icon":"10d"}],"speed":8.54,"deg":196,"gust":15.42,"clouds":100,"pop":1,"rain":6.76}]}
--- ENF OF RECEIVED DATA ---

