________________________________________________
|             CALL API : START                |
________________________________________________

Informations : 
Called API: meteo - 23 October 2023, 22:30
Method: GETMETEO - Timeout : 300 - Cache : 1
URL CALLED : https://api.openweathermap.org/data/2.5/forecast/daily?q=Brussels,be&units=metric&cnt=4&appid=ea18c0706135505149200c3836f29800
-------------------------
________________________________________________
|             CALL API : START                |
________________________________________________

Informations : 
Called API: meteo - 23 October 2023, 22:30
Method: GETMETEO - Timeout : 300 - Cache : 1
URL CALLED : https://api.openweathermap.org/data/2.5/forecast/daily?q=Brussels,be&units=metric&cnt=4&appid=ea18c0706135505149200c3836f29800
-------------------------
{"city":{"id":2800866,"name":"Brussels","coord":{"lon":4.3488,"lat":50.8504},"country":"BE","population":1019022,"timezone":7200},"cod":"200","message":0.0412562,"cnt":4,"list":[{"dt":1698058800,"sunrise":1698041885,"sunset":1698078936,"temp":{"day":13.07,"min":8.46,"max":14.16,"night":11.36,"eve":11.34,"morn":8.46},"feels_like":{"day":12.26,"night":11.01,"eve":10.96,"morn":7.22},"pressure":1011,"humidity":70,"weather":[{"id":501,"main":"Rain","description":"moderate rain","icon":"10d"}],"speed":6.1,"deg":86,"gust":12.59,"clouds":100,"pop":1,"rain":3.38},{"dt":1698145200,"sunrise":1698128387,"sunset":1698165218,"temp":{"day":12.94,"min":9.29,"max":15.06,"night":9.29,"eve":11.25,"morn":9.78},"feels_like":{"day":12.56,"night":7.76,"eve":10.57,"morn":7.17},"pressure":1005,"humidity":87,"weather":[{"id":500,"main":"Rain","description":"light rain","icon":"10d"}],"speed":7.22,"deg":210,"gust":12.3,"clouds":100,"pop":1,"rain":1.95},{"dt":1698231600,"sunrise":1698214889,"sunset":1698251501,"temp":{"day":11.43,"min":9.11,"max":12.94,"night":9.94,"eve":10.47,"morn":10.89},"feels_like":{"day":11.03,"night":9.11,"eve":10,"morn":10.23},"pressure":996,"humidity":92,"weather":[{"id":501,"main":"Rain","description":"moderate rain","icon":"10d"}],"speed":5.71,"deg":124,"gust":12.16,"clouds":100,"pop":1,"rain":9.26},{"dt":1698318000,"sunrise":1698301392,"sunset":1698337786,"temp":{"day":10.3,"min":9.16,"max":13.84,"night":10.53,"eve":10.83,"morn":10.12},"feels_like":{"day":9.81,"night":10.07,"eve":10.32,"morn":9.69},"pressure":992,"humidity":93,"weather":[{"id":501,"main":"Rain","description":"moderate rain","icon":"10d"}],"speed":6.43,"deg":241,"gust":12.13,"clouds":100,"pop":1,"rain":3.65}]}
--- ENF OF RECEIVED DATA ---

{"city":{"id":2800866,"name":"Brussels","coord":{"lon":4.3488,"lat":50.8504},"country":"BE","population":1019022,"timezone":7200},"cod":"200","message":0.0412562,"cnt":4,"list":[{"dt":1698058800,"sunrise":1698041885,"sunset":1698078936,"temp":{"day":13.07,"min":8.46,"max":14.16,"night":11.36,"eve":11.34,"morn":8.46},"feels_like":{"day":12.26,"night":11.01,"eve":10.96,"morn":7.22},"pressure":1011,"humidity":70,"weather":[{"id":501,"main":"Rain","description":"moderate rain","icon":"10d"}],"speed":6.1,"deg":86,"gust":12.59,"clouds":100,"pop":1,"rain":3.38},{"dt":1698145200,"sunrise":1698128387,"sunset":1698165218,"temp":{"day":12.94,"min":9.29,"max":15.06,"night":9.29,"eve":11.25,"morn":9.78},"feels_like":{"day":12.56,"night":7.76,"eve":10.57,"morn":7.17},"pressure":1005,"humidity":87,"weather":[{"id":500,"main":"Rain","description":"light rain","icon":"10d"}],"speed":7.22,"deg":210,"gust":12.3,"clouds":100,"pop":1,"rain":1.95},{"dt":1698231600,"sunrise":1698214889,"sunset":1698251501,"temp":{"day":11.43,"min":9.11,"max":12.94,"night":9.94,"eve":10.47,"morn":10.89},"feels_like":{"day":11.03,"night":9.11,"eve":10,"morn":10.23},"pressure":996,"humidity":92,"weather":[{"id":501,"main":"Rain","description":"moderate rain","icon":"10d"}],"speed":5.71,"deg":124,"gust":12.16,"clouds":100,"pop":1,"rain":9.26},{"dt":1698318000,"sunrise":1698301392,"sunset":1698337786,"temp":{"day":10.3,"min":9.16,"max":13.84,"night":10.53,"eve":10.83,"morn":10.12},"feels_like":{"day":9.81,"night":10.07,"eve":10.32,"morn":9.69},"pressure":992,"humidity":93,"weather":[{"id":501,"main":"Rain","description":"moderate rain","icon":"10d"}],"speed":6.43,"deg":241,"gust":12.13,"clouds":100,"pop":1,"rain":3.65}]}
--- ENF OF RECEIVED DATA ---

