________________________________________________
|             CALL API : START                |
________________________________________________

Informations : 
Called API: meteo - 22 May 2024, 07:50
Method: GETMETEO - Timeout : 300 - Cache : 1
URL CALLED : https://api.openweathermap.org/data/2.5/forecast/daily?q=Brussels,be&units=metric&cnt=4&appid=ea18c0706135505149200c3836f29800
-------------------------
________________________________________________
|             CALL API : START                |
________________________________________________

Informations : 
Called API: meteo - 22 May 2024, 07:50
Method: GETMETEO - Timeout : 300 - Cache : 1
URL CALLED : https://api.openweathermap.org/data/2.5/forecast/daily?q=Brussels,be&units=metric&cnt=4&appid=ea18c0706135505149200c3836f29800
-------------------------
{"city":{"id":2800866,"name":"Brussels","coord":{"lon":4.3488,"lat":50.8504},"country":"BE","population":1019022,"timezone":7200},"cod":"200","message":0.0864377,"cnt":4,"list":[{"dt":1716375600,"sunrise":1716349436,"sunset":1716406498,"temp":{"day":16.99,"min":12.16,"max":18.76,"night":12.16,"eve":17.52,"morn":13.33},"feels_like":{"day":16.6,"night":11.73,"eve":17.18,"morn":13.07},"pressure":1009,"humidity":71,"weather":[{"id":500,"main":"Rain","description":"light rain","icon":"10d"}],"speed":7.24,"deg":229,"gust":10.82,"clouds":93,"pop":1,"rain":0.94},{"dt":1716462000,"sunrise":1716435767,"sunset":1716492978,"temp":{"day":17.13,"min":10.03,"max":18.21,"night":13.1,"eve":17.1,"morn":10.6},"feels_like":{"day":16.8,"night":12.79,"eve":16.8,"morn":10.14},"pressure":1016,"humidity":73,"weather":[{"id":500,"main":"Rain","description":"light rain","icon":"10d"}],"speed":5.27,"deg":247,"gust":10.67,"clouds":63,"pop":0.75,"rain":0.86},{"dt":1716548400,"sunrise":1716522100,"sunset":1716579456,"temp":{"day":17.56,"min":10.77,"max":18.17,"night":12.63,"eve":16.54,"morn":11.65},"feels_like":{"day":17.28,"night":12.48,"eve":16.5,"morn":11.25},"pressure":1019,"humidity":73,"weather":[{"id":501,"main":"Rain","description":"moderate rain","icon":"10d"}],"speed":3.8,"deg":4,"gust":5.93,"clouds":97,"pop":1,"rain":7.83},{"dt":1716634800,"sunrise":1716608436,"sunset":1716665933,"temp":{"day":17.67,"min":11.63,"max":18.73,"night":11.63,"eve":16.34,"morn":12.53},"feels_like":{"day":17.24,"night":11.15,"eve":15.91,"morn":12.4},"pressure":1019,"humidity":67,"weather":[{"id":500,"main":"Rain","description":"light rain","icon":"10d"}],"speed":5.2,"deg":298,"gust":7.13,"clouds":96,"pop":0.33,"rain":0.69}]}
--- ENF OF RECEIVED DATA ---

{"city":{"id":2800866,"name":"Brussels","coord":{"lon":4.3488,"lat":50.8504},"country":"BE","population":1019022,"timezone":7200},"cod":"200","message":0.0864377,"cnt":4,"list":[{"dt":1716375600,"sunrise":1716349436,"sunset":1716406498,"temp":{"day":16.99,"min":12.16,"max":18.76,"night":12.16,"eve":17.52,"morn":13.33},"feels_like":{"day":16.6,"night":11.73,"eve":17.18,"morn":13.07},"pressure":1009,"humidity":71,"weather":[{"id":500,"main":"Rain","description":"light rain","icon":"10d"}],"speed":7.24,"deg":229,"gust":10.82,"clouds":93,"pop":1,"rain":0.94},{"dt":1716462000,"sunrise":1716435767,"sunset":1716492978,"temp":{"day":17.13,"min":10.03,"max":18.21,"night":13.1,"eve":17.1,"morn":10.6},"feels_like":{"day":16.8,"night":12.79,"eve":16.8,"morn":10.14},"pressure":1016,"humidity":73,"weather":[{"id":500,"main":"Rain","description":"light rain","icon":"10d"}],"speed":5.27,"deg":247,"gust":10.67,"clouds":63,"pop":0.75,"rain":0.86},{"dt":1716548400,"sunrise":1716522100,"sunset":1716579456,"temp":{"day":17.56,"min":10.77,"max":18.17,"night":12.63,"eve":16.54,"morn":11.65},"feels_like":{"day":17.28,"night":12.48,"eve":16.5,"morn":11.25},"pressure":1019,"humidity":73,"weather":[{"id":501,"main":"Rain","description":"moderate rain","icon":"10d"}],"speed":3.8,"deg":4,"gust":5.93,"clouds":97,"pop":1,"rain":7.83},{"dt":1716634800,"sunrise":1716608436,"sunset":1716665933,"temp":{"day":17.67,"min":11.63,"max":18.73,"night":11.63,"eve":16.34,"morn":12.53},"feels_like":{"day":17.24,"night":11.15,"eve":15.91,"morn":12.4},"pressure":1019,"humidity":67,"weather":[{"id":500,"main":"Rain","description":"light rain","icon":"10d"}],"speed":5.2,"deg":298,"gust":7.13,"clouds":96,"pop":0.33,"rain":0.69}]}
--- ENF OF RECEIVED DATA ---

