________________________________________________
|             CALL API : START                |
________________________________________________

Informations : 
Called API: meteo - 27 December 2023, 14:00
Method: GETMETEO - Timeout : 300 - Cache : 1
URL CALLED : https://api.openweathermap.org/data/2.5/forecast/daily?q=Brussels,be&units=metric&cnt=4&appid=ea18c0706135505149200c3836f29800
-------------------------
________________________________________________
|             CALL API : START                |
________________________________________________

Informations : 
Called API: meteo - 27 December 2023, 14:00
Method: GETMETEO - Timeout : 300 - Cache : 1
URL CALLED : https://api.openweathermap.org/data/2.5/forecast/daily?q=Brussels,be&units=metric&cnt=4&appid=ea18c0706135505149200c3836f29800
-------------------------
{"city":{"id":2800866,"name":"Brussels","coord":{"lon":4.3488,"lat":50.8504},"country":"BE","population":1019022,"timezone":3600},"cod":"200","message":0.1268033,"cnt":4,"list":[{"dt":1703674800,"sunrise":1703663081,"sunset":1703691720,"temp":{"day":9.69,"min":6.11,"max":9.83,"night":9.68,"eve":8.96,"morn":9.27},"feels_like":{"day":6.39,"night":5.88,"eve":5.04,"morn":6.48},"pressure":1014,"humidity":80,"weather":[{"id":500,"main":"Rain","description":"light rain","icon":"10d"}],"speed":9.57,"deg":221,"gust":20.83,"clouds":52,"pop":0.81,"rain":1.66},{"dt":1703761200,"sunrise":1703749492,"sunset":1703778166,"temp":{"day":10.25,"min":8.83,"max":10.64,"night":9.64,"eve":9.66,"morn":9.49},"feels_like":{"day":9.31,"night":5.57,"eve":5.99,"morn":5.76},"pressure":1014,"humidity":76,"weather":[{"id":802,"main":"Clouds","description":"scattered clouds","icon":"03d"}],"speed":10.77,"deg":219,"gust":19.15,"clouds":43,"pop":0.12},{"dt":1703847600,"sunrise":1703835900,"sunset":1703864615,"temp":{"day":9.73,"min":8.7,"max":10.52,"night":8.7,"eve":9.74,"morn":9.58},"feels_like":{"day":6.42,"night":4.77,"eve":6.14,"morn":5.78},"pressure":1010,"humidity":88,"weather":[{"id":501,"main":"Rain","description":"moderate rain","icon":"10d"}],"speed":10.99,"deg":224,"gust":19.91,"clouds":100,"pop":1,"rain":6.87},{"dt":1703934000,"sunrise":1703922305,"sunset":1703951067,"temp":{"day":8.4,"min":5.78,"max":8.83,"night":8.83,"eve":7.8,"morn":6.12},"feels_like":{"day":5.22,"night":5.53,"eve":4.33,"morn":2.1},"pressure":1016,"humidity":82,"weather":[{"id":500,"main":"Rain","description":"light rain","icon":"10d"}],"speed":9.14,"deg":253,"gust":16.52,"clouds":98,"pop":1,"rain":0.87}]}
--- ENF OF RECEIVED DATA ---

{"city":{"id":2800866,"name":"Brussels","coord":{"lon":4.3488,"lat":50.8504},"country":"BE","population":1019022,"timezone":3600},"cod":"200","message":0.1268033,"cnt":4,"list":[{"dt":1703674800,"sunrise":1703663081,"sunset":1703691720,"temp":{"day":9.69,"min":6.11,"max":9.83,"night":9.68,"eve":8.96,"morn":9.27},"feels_like":{"day":6.39,"night":5.88,"eve":5.04,"morn":6.48},"pressure":1014,"humidity":80,"weather":[{"id":500,"main":"Rain","description":"light rain","icon":"10d"}],"speed":9.57,"deg":221,"gust":20.83,"clouds":52,"pop":0.81,"rain":1.66},{"dt":1703761200,"sunrise":1703749492,"sunset":1703778166,"temp":{"day":10.25,"min":8.83,"max":10.64,"night":9.64,"eve":9.66,"morn":9.49},"feels_like":{"day":9.31,"night":5.57,"eve":5.99,"morn":5.76},"pressure":1014,"humidity":76,"weather":[{"id":802,"main":"Clouds","description":"scattered clouds","icon":"03d"}],"speed":10.77,"deg":219,"gust":19.15,"clouds":43,"pop":0.12},{"dt":1703847600,"sunrise":1703835900,"sunset":1703864615,"temp":{"day":9.73,"min":8.7,"max":10.52,"night":8.7,"eve":9.74,"morn":9.58},"feels_like":{"day":6.42,"night":4.77,"eve":6.14,"morn":5.78},"pressure":1010,"humidity":88,"weather":[{"id":501,"main":"Rain","description":"moderate rain","icon":"10d"}],"speed":10.99,"deg":224,"gust":19.91,"clouds":100,"pop":1,"rain":6.87},{"dt":1703934000,"sunrise":1703922305,"sunset":1703951067,"temp":{"day":8.4,"min":5.78,"max":8.83,"night":8.83,"eve":7.8,"morn":6.12},"feels_like":{"day":5.22,"night":5.53,"eve":4.33,"morn":2.1},"pressure":1016,"humidity":82,"weather":[{"id":500,"main":"Rain","description":"light rain","icon":"10d"}],"speed":9.14,"deg":253,"gust":16.52,"clouds":98,"pop":1,"rain":0.87}]}
--- ENF OF RECEIVED DATA ---

