________________________________________________
|             CALL API : START                |
________________________________________________

Informations : 
Called API: meteo - 19 February 2025, 14:40
Method: GETMETEO - Timeout : 300 - Cache : 1
URL CALLED : https://api.openweathermap.org/data/2.5/forecast/daily?q=Brussels,be&units=metric&cnt=4&appid=ea18c0706135505149200c3836f29800
-------------------------
________________________________________________
|             CALL API : START                |
________________________________________________

Informations : 
Called API: meteo - 19 February 2025, 14:40
Method: GETMETEO - Timeout : 300 - Cache : 1
URL CALLED : https://api.openweathermap.org/data/2.5/forecast/daily?q=Brussels,be&units=metric&cnt=4&appid=ea18c0706135505149200c3836f29800
-------------------------
{"city":{"id":2800866,"name":"Brussels","coord":{"lon":4.3488,"lat":50.8504},"country":"BE","population":1019022,"timezone":3600},"cod":"200","message":0.0973817,"cnt":4,"list":[{"dt":1739962800,"sunrise":1739947648,"sunset":1739984743,"temp":{"day":5.74,"min":-1.36,"max":6.79,"night":3.42,"eve":5.54,"morn":-0.64},"feels_like":{"day":2.75,"night":0.21,"eve":2.92,"morn":-5.05},"pressure":1020,"humidity":44,"weather":[{"id":803,"main":"Clouds","description":"broken clouds","icon":"04d"}],"speed":4.29,"deg":100,"gust":10.07,"clouds":60,"pop":0},{"dt":1740049200,"sunrise":1740033930,"sunset":1740071249,"temp":{"day":8.93,"min":3.34,"max":11.05,"night":10.73,"eve":10.07,"morn":4.19},"feels_like":{"day":5.75,"night":10.16,"eve":9.43,"morn":0.97},"pressure":1022,"humidity":83,"weather":[{"id":804,"main":"Clouds","description":"overcast clouds","icon":"04d"}],"speed":6.72,"deg":193,"gust":14.45,"clouds":100,"pop":0},{"dt":1740135600,"sunrise":1740120211,"sunset":1740157755,"temp":{"day":14.18,"min":9.67,"max":15.81,"night":12.11,"eve":13.47,"morn":9.73},"feels_like":{"day":13.48,"night":11.36,"eve":12.73,"morn":7.29},"pressure":1019,"humidity":70,"weather":[{"id":500,"main":"Rain","description":"light rain","icon":"10d"}],"speed":6.89,"deg":170,"gust":14.55,"clouds":100,"pop":0.22,"rain":0.12},{"dt":1740222000,"sunrise":1740206491,"sunset":1740244260,"temp":{"day":10.69,"min":8.69,"max":12.07,"night":8.69,"eve":8.92,"morn":10.42},"feels_like":{"day":9.93,"night":7.09,"eve":6.8,"morn":9.45},"pressure":1015,"humidity":81,"weather":[{"id":500,"main":"Rain","description":"light rain","icon":"10d"}],"speed":6.57,"deg":200,"gust":13.55,"clouds":100,"pop":0.29,"rain":0.36}]}
--- ENF OF RECEIVED DATA ---

{"city":{"id":2800866,"name":"Brussels","coord":{"lon":4.3488,"lat":50.8504},"country":"BE","population":1019022,"timezone":3600},"cod":"200","message":0.0973817,"cnt":4,"list":[{"dt":1739962800,"sunrise":1739947648,"sunset":1739984743,"temp":{"day":5.74,"min":-1.36,"max":6.79,"night":3.42,"eve":5.54,"morn":-0.64},"feels_like":{"day":2.75,"night":0.21,"eve":2.92,"morn":-5.05},"pressure":1020,"humidity":44,"weather":[{"id":803,"main":"Clouds","description":"broken clouds","icon":"04d"}],"speed":4.29,"deg":100,"gust":10.07,"clouds":60,"pop":0},{"dt":1740049200,"sunrise":1740033930,"sunset":1740071249,"temp":{"day":8.93,"min":3.34,"max":11.05,"night":10.73,"eve":10.07,"morn":4.19},"feels_like":{"day":5.75,"night":10.16,"eve":9.43,"morn":0.97},"pressure":1022,"humidity":83,"weather":[{"id":804,"main":"Clouds","description":"overcast clouds","icon":"04d"}],"speed":6.72,"deg":193,"gust":14.45,"clouds":100,"pop":0},{"dt":1740135600,"sunrise":1740120211,"sunset":1740157755,"temp":{"day":14.18,"min":9.67,"max":15.81,"night":12.11,"eve":13.47,"morn":9.73},"feels_like":{"day":13.48,"night":11.36,"eve":12.73,"morn":7.29},"pressure":1019,"humidity":70,"weather":[{"id":500,"main":"Rain","description":"light rain","icon":"10d"}],"speed":6.89,"deg":170,"gust":14.55,"clouds":100,"pop":0.22,"rain":0.12},{"dt":1740222000,"sunrise":1740206491,"sunset":1740244260,"temp":{"day":10.69,"min":8.69,"max":12.07,"night":8.69,"eve":8.92,"morn":10.42},"feels_like":{"day":9.93,"night":7.09,"eve":6.8,"morn":9.45},"pressure":1015,"humidity":81,"weather":[{"id":500,"main":"Rain","description":"light rain","icon":"10d"}],"speed":6.57,"deg":200,"gust":13.55,"clouds":100,"pop":0.29,"rain":0.36}]}
--- ENF OF RECEIVED DATA ---

