________________________________________________
|             CALL API : START                |
________________________________________________

Informations : 
Called API: meteo - 20 September 2023, 14:50
Method: GETMETEO - Timeout : 300 - Cache : 1
URL CALLED : https://api.openweathermap.org/data/2.5/forecast/daily?q=Brussels,be&units=metric&cnt=4&appid=ea18c0706135505149200c3836f29800
-------------------------
________________________________________________
|             CALL API : START                |
________________________________________________

Informations : 
Called API: meteo - 20 September 2023, 14:50
Method: GETMETEO - Timeout : 300 - Cache : 1
URL CALLED : https://api.openweathermap.org/data/2.5/forecast/daily?q=Brussels,be&units=metric&cnt=4&appid=ea18c0706135505149200c3836f29800
-------------------------
{"city":{"id":2800866,"name":"Brussels","coord":{"lon":4.3488,"lat":50.8504},"country":"BE","population":1019022,"timezone":7200},"cod":"200","message":7.7723164,"cnt":4,"list":[{"dt":1695207600,"sunrise":1695187500,"sunset":1695232051,"temp":{"day":20.66,"min":15.97,"max":21.39,"night":20.32,"eve":21.26,"morn":15.97},"feels_like":{"day":20.61,"night":19.9,"eve":21.03,"morn":15.66},"pressure":1006,"humidity":70,"weather":[{"id":803,"main":"Clouds","description":"broken clouds","icon":"04d"}],"speed":8.85,"deg":200,"gust":14.66,"clouds":62,"pop":0},{"dt":1695294000,"sunrise":1695273993,"sunset":1695318315,"temp":{"day":15.61,"min":13.12,"max":20.47,"night":13.12,"eve":14.46,"morn":17.8},"feels_like":{"day":15.65,"night":12.76,"eve":14.39,"morn":17.59},"pressure":998,"humidity":93,"weather":[{"id":501,"main":"Rain","description":"moderate rain","icon":"10d"}],"speed":9.79,"deg":205,"gust":17.61,"clouds":100,"pop":1,"rain":17.21},{"dt":1695380400,"sunrise":1695360485,"sunset":1695404578,"temp":{"day":15.42,"min":11.19,"max":17.93,"night":11.19,"eve":14.32,"morn":12.46},"feels_like":{"day":14.69,"night":10.53,"eve":13.71,"morn":11.93},"pressure":1002,"humidity":64,"weather":[{"id":500,"main":"Rain","description":"light rain","icon":"10d"}],"speed":7.46,"deg":232,"gust":12.54,"clouds":65,"pop":0.52,"rain":0.4},{"dt":1695466800,"sunrise":1695446978,"sunset":1695490841,"temp":{"day":15.88,"min":9.13,"max":15.9,"night":11.03,"eve":11.99,"morn":9.15},"feels_like":{"day":14.93,"night":9.91,"eve":10.94,"morn":6.97},"pressure":1016,"humidity":54,"weather":[{"id":802,"main":"Clouds","description":"scattered clouds","icon":"03d"}],"speed":5.35,"deg":261,"gust":9.42,"clouds":46,"pop":0.04}]}
--- ENF OF RECEIVED DATA ---

{"city":{"id":2800866,"name":"Brussels","coord":{"lon":4.3488,"lat":50.8504},"country":"BE","population":1019022,"timezone":7200},"cod":"200","message":7.7723164,"cnt":4,"list":[{"dt":1695207600,"sunrise":1695187500,"sunset":1695232051,"temp":{"day":20.66,"min":15.97,"max":21.39,"night":20.32,"eve":21.26,"morn":15.97},"feels_like":{"day":20.61,"night":19.9,"eve":21.03,"morn":15.66},"pressure":1006,"humidity":70,"weather":[{"id":803,"main":"Clouds","description":"broken clouds","icon":"04d"}],"speed":8.85,"deg":200,"gust":14.66,"clouds":62,"pop":0},{"dt":1695294000,"sunrise":1695273993,"sunset":1695318315,"temp":{"day":15.61,"min":13.12,"max":20.47,"night":13.12,"eve":14.46,"morn":17.8},"feels_like":{"day":15.65,"night":12.76,"eve":14.39,"morn":17.59},"pressure":998,"humidity":93,"weather":[{"id":501,"main":"Rain","description":"moderate rain","icon":"10d"}],"speed":9.79,"deg":205,"gust":17.61,"clouds":100,"pop":1,"rain":17.21},{"dt":1695380400,"sunrise":1695360485,"sunset":1695404578,"temp":{"day":15.42,"min":11.19,"max":17.93,"night":11.19,"eve":14.32,"morn":12.46},"feels_like":{"day":14.69,"night":10.53,"eve":13.71,"morn":11.93},"pressure":1002,"humidity":64,"weather":[{"id":500,"main":"Rain","description":"light rain","icon":"10d"}],"speed":7.46,"deg":232,"gust":12.54,"clouds":65,"pop":0.52,"rain":0.4},{"dt":1695466800,"sunrise":1695446978,"sunset":1695490841,"temp":{"day":15.88,"min":9.13,"max":15.9,"night":11.03,"eve":11.99,"morn":9.15},"feels_like":{"day":14.93,"night":9.91,"eve":10.94,"morn":6.97},"pressure":1016,"humidity":54,"weather":[{"id":802,"main":"Clouds","description":"scattered clouds","icon":"03d"}],"speed":5.35,"deg":261,"gust":9.42,"clouds":46,"pop":0.04}]}
--- ENF OF RECEIVED DATA ---

