________________________________________________
|             CALL API : START                |
________________________________________________

Informations : 
Called API: meteo - 5 April 2024, 08:20
Method: GETMETEO - Timeout : 300 - Cache : 1
URL CALLED : https://api.openweathermap.org/data/2.5/forecast/daily?q=Brussels,be&units=metric&cnt=4&appid=ea18c0706135505149200c3836f29800
-------------------------
________________________________________________
|             CALL API : START                |
________________________________________________

Informations : 
Called API: meteo - 5 April 2024, 08:20
Method: GETMETEO - Timeout : 300 - Cache : 1
URL CALLED : https://api.openweathermap.org/data/2.5/forecast/daily?q=Brussels,be&units=metric&cnt=4&appid=ea18c0706135505149200c3836f29800
-------------------------
{"city":{"id":2800866,"name":"Brussels","coord":{"lon":4.3488,"lat":50.8504},"country":"BE","population":1019022,"timezone":7200},"cod":"200","message":0.0931271,"cnt":4,"list":[{"dt":1712314800,"sunrise":1712293729,"sunset":1712341272,"temp":{"day":15.17,"min":11.12,"max":17.95,"night":14.12,"eve":16.18,"morn":12.91},"feels_like":{"day":14.7,"night":13.81,"eve":15.79,"morn":12.5},"pressure":1008,"humidity":75,"weather":[{"id":500,"main":"Rain","description":"light rain","icon":"10d"}],"speed":8.74,"deg":217,"gust":18.74,"clouds":100,"pop":1,"rain":1.55},{"dt":1712401200,"sunrise":1712379997,"sunset":1712427769,"temp":{"day":21.42,"min":12.58,"max":22.7,"night":16.55,"eve":20.68,"morn":13.42},"feels_like":{"day":20.9,"night":16.09,"eve":20.55,"morn":12.85},"pressure":1009,"humidity":49,"weather":[{"id":804,"main":"Clouds","description":"overcast clouds","icon":"04d"}],"speed":8.09,"deg":181,"gust":17.17,"clouds":86,"pop":0},{"dt":1712487600,"sunrise":1712466265,"sunset":1712514266,"temp":{"day":16.5,"min":11.59,"max":17.24,"night":12.42,"eve":14.2,"morn":12.02},"feels_like":{"day":15.9,"night":11.96,"eve":13.71,"morn":11.55},"pressure":1016,"humidity":65,"weather":[{"id":501,"main":"Rain","description":"moderate rain","icon":"10d"}],"speed":8.15,"deg":209,"gust":12.74,"clouds":100,"pop":1,"rain":2.86},{"dt":1712574000,"sunrise":1712552534,"sunset":1712600764,"temp":{"day":14.96,"min":11.31,"max":16.17,"night":11.81,"eve":15.65,"morn":11.31},"feels_like":{"day":14.7,"night":11.37,"eve":15.54,"morn":10.98},"pressure":1007,"humidity":84,"weather":[{"id":500,"main":"Rain","description":"light rain","icon":"10d"}],"speed":7.14,"deg":263,"gust":12.09,"clouds":100,"pop":1,"rain":3.54}]}
--- ENF OF RECEIVED DATA ---

{"city":{"id":2800866,"name":"Brussels","coord":{"lon":4.3488,"lat":50.8504},"country":"BE","population":1019022,"timezone":7200},"cod":"200","message":0.0931271,"cnt":4,"list":[{"dt":1712314800,"sunrise":1712293729,"sunset":1712341272,"temp":{"day":15.17,"min":11.12,"max":17.95,"night":14.12,"eve":16.18,"morn":12.91},"feels_like":{"day":14.7,"night":13.81,"eve":15.79,"morn":12.5},"pressure":1008,"humidity":75,"weather":[{"id":500,"main":"Rain","description":"light rain","icon":"10d"}],"speed":8.74,"deg":217,"gust":18.74,"clouds":100,"pop":1,"rain":1.55},{"dt":1712401200,"sunrise":1712379997,"sunset":1712427769,"temp":{"day":21.42,"min":12.58,"max":22.7,"night":16.55,"eve":20.68,"morn":13.42},"feels_like":{"day":20.9,"night":16.09,"eve":20.55,"morn":12.85},"pressure":1009,"humidity":49,"weather":[{"id":804,"main":"Clouds","description":"overcast clouds","icon":"04d"}],"speed":8.09,"deg":181,"gust":17.17,"clouds":86,"pop":0},{"dt":1712487600,"sunrise":1712466265,"sunset":1712514266,"temp":{"day":16.5,"min":11.59,"max":17.24,"night":12.42,"eve":14.2,"morn":12.02},"feels_like":{"day":15.9,"night":11.96,"eve":13.71,"morn":11.55},"pressure":1016,"humidity":65,"weather":[{"id":501,"main":"Rain","description":"moderate rain","icon":"10d"}],"speed":8.15,"deg":209,"gust":12.74,"clouds":100,"pop":1,"rain":2.86},{"dt":1712574000,"sunrise":1712552534,"sunset":1712600764,"temp":{"day":14.96,"min":11.31,"max":16.17,"night":11.81,"eve":15.65,"morn":11.31},"feels_like":{"day":14.7,"night":11.37,"eve":15.54,"morn":10.98},"pressure":1007,"humidity":84,"weather":[{"id":500,"main":"Rain","description":"light rain","icon":"10d"}],"speed":7.14,"deg":263,"gust":12.09,"clouds":100,"pop":1,"rain":3.54}]}
--- ENF OF RECEIVED DATA ---

