________________________________________________
|             CALL API : START                |
________________________________________________

Informations : 
Called API: meteo - 8 May 2024, 23:20
Method: GETMETEO - Timeout : 300 - Cache : 1
URL CALLED : https://api.openweathermap.org/data/2.5/forecast/daily?q=Brussels,be&units=metric&cnt=4&appid=ea18c0706135505149200c3836f29800
-------------------------
________________________________________________
|             CALL API : START                |
________________________________________________

Informations : 
Called API: meteo - 8 May 2024, 23:20
Method: GETMETEO - Timeout : 300 - Cache : 1
URL CALLED : https://api.openweathermap.org/data/2.5/forecast/daily?q=Brussels,be&units=metric&cnt=4&appid=ea18c0706135505149200c3836f29800
-------------------------
{"city":{"id":2800866,"name":"Brussels","coord":{"lon":4.3488,"lat":50.8504},"country":"BE","population":1019022,"timezone":7200},"cod":"200","message":4.1766081,"cnt":4,"list":[{"dt":1715166000,"sunrise":1715141021,"sunset":1715195669,"temp":{"day":13.19,"min":8.12,"max":13.86,"night":11.18,"eve":12.9,"morn":8.62},"feels_like":{"day":12.55,"night":10.6,"eve":12.36,"morn":7.49},"pressure":1028,"humidity":76,"weather":[{"id":804,"main":"Clouds","description":"overcast clouds","icon":"04d"}],"speed":3.67,"deg":352,"gust":5.96,"clouds":95,"pop":0},{"dt":1715252400,"sunrise":1715227324,"sunset":1715282162,"temp":{"day":18,"min":8.59,"max":19.62,"night":12.64,"eve":19.19,"morn":9.38},"feels_like":{"day":17.45,"night":12.1,"eve":18.68,"morn":9.38},"pressure":1028,"humidity":61,"weather":[{"id":803,"main":"Clouds","description":"broken clouds","icon":"04d"}],"speed":2.79,"deg":19,"gust":4.13,"clouds":61,"pop":0},{"dt":1715338800,"sunrise":1715313629,"sunset":1715368655,"temp":{"day":18.95,"min":10.11,"max":20.42,"night":14.31,"eve":19.48,"morn":10.87},"feels_like":{"day":18.55,"night":14.07,"eve":19.21,"morn":10.31},"pressure":1024,"humidity":63,"weather":[{"id":804,"main":"Clouds","description":"overcast clouds","icon":"04d"}],"speed":3.67,"deg":75,"gust":7.12,"clouds":98,"pop":0},{"dt":1715425200,"sunrise":1715399935,"sunset":1715455147,"temp":{"day":20.83,"min":11.79,"max":22.6,"night":15.59,"eve":21.75,"morn":12.19},"feels_like":{"day":20.59,"night":15.4,"eve":21.57,"morn":11.84},"pressure":1021,"humidity":62,"weather":[{"id":804,"main":"Clouds","description":"overcast clouds","icon":"04d"}],"speed":3.97,"deg":78,"gust":7.41,"clouds":99,"pop":0}]}
--- ENF OF RECEIVED DATA ---

{"city":{"id":2800866,"name":"Brussels","coord":{"lon":4.3488,"lat":50.8504},"country":"BE","population":1019022,"timezone":7200},"cod":"200","message":4.1766081,"cnt":4,"list":[{"dt":1715166000,"sunrise":1715141021,"sunset":1715195669,"temp":{"day":13.19,"min":8.12,"max":13.86,"night":11.18,"eve":12.9,"morn":8.62},"feels_like":{"day":12.55,"night":10.6,"eve":12.36,"morn":7.49},"pressure":1028,"humidity":76,"weather":[{"id":804,"main":"Clouds","description":"overcast clouds","icon":"04d"}],"speed":3.67,"deg":352,"gust":5.96,"clouds":95,"pop":0},{"dt":1715252400,"sunrise":1715227324,"sunset":1715282162,"temp":{"day":18,"min":8.59,"max":19.62,"night":12.64,"eve":19.19,"morn":9.38},"feels_like":{"day":17.45,"night":12.1,"eve":18.68,"morn":9.38},"pressure":1028,"humidity":61,"weather":[{"id":803,"main":"Clouds","description":"broken clouds","icon":"04d"}],"speed":2.79,"deg":19,"gust":4.13,"clouds":61,"pop":0},{"dt":1715338800,"sunrise":1715313629,"sunset":1715368655,"temp":{"day":18.95,"min":10.11,"max":20.42,"night":14.31,"eve":19.48,"morn":10.87},"feels_like":{"day":18.55,"night":14.07,"eve":19.21,"morn":10.31},"pressure":1024,"humidity":63,"weather":[{"id":804,"main":"Clouds","description":"overcast clouds","icon":"04d"}],"speed":3.67,"deg":75,"gust":7.12,"clouds":98,"pop":0},{"dt":1715425200,"sunrise":1715399935,"sunset":1715455147,"temp":{"day":20.83,"min":11.79,"max":22.6,"night":15.59,"eve":21.75,"morn":12.19},"feels_like":{"day":20.59,"night":15.4,"eve":21.57,"morn":11.84},"pressure":1021,"humidity":62,"weather":[{"id":804,"main":"Clouds","description":"overcast clouds","icon":"04d"}],"speed":3.97,"deg":78,"gust":7.41,"clouds":99,"pop":0}]}
--- ENF OF RECEIVED DATA ---

