________________________________________________
|             CALL API : START                |
________________________________________________

Informations : 
Called API: meteo - 14 August 2024, 07:50
Method: GETMETEO - Timeout : 300 - Cache : 1
URL CALLED : https://api.openweathermap.org/data/2.5/forecast/daily?q=Brussels,be&units=metric&cnt=4&appid=ea18c0706135505149200c3836f29800
-------------------------
________________________________________________
|             CALL API : START                |
________________________________________________

Informations : 
Called API: meteo - 14 August 2024, 07:50
Method: GETMETEO - Timeout : 300 - Cache : 1
URL CALLED : https://api.openweathermap.org/data/2.5/forecast/daily?q=Brussels,be&units=metric&cnt=4&appid=ea18c0706135505149200c3836f29800
-------------------------
{"city":{"id":2800866,"name":"Brussels","coord":{"lon":4.3488,"lat":50.8504},"country":"BE","population":1019022,"timezone":7200},"cod":"200","message":5.2653913,"cnt":4,"list":[{"dt":1723633200,"sunrise":1723609740,"sunset":1723662341,"temp":{"day":22.31,"min":17.73,"max":25.78,"night":18.73,"eve":25.11,"morn":17.82},"feels_like":{"day":22.29,"night":18.51,"eve":25.22,"morn":18.01},"pressure":1013,"humidity":65,"weather":[{"id":501,"main":"Rain","description":"moderate rain","icon":"10d"}],"speed":3.66,"deg":333,"gust":6.19,"clouds":91,"pop":1,"rain":9.1},{"dt":1723719600,"sunrise":1723696233,"sunset":1723748626,"temp":{"day":24.39,"min":15.94,"max":25.77,"night":17.98,"eve":24.6,"morn":15.99},"feels_like":{"day":24.43,"night":17.53,"eve":24.63,"morn":15.73},"pressure":1017,"humidity":59,"weather":[{"id":803,"main":"Clouds","description":"broken clouds","icon":"04d"}],"speed":5.44,"deg":236,"gust":7.58,"clouds":69,"pop":0},{"dt":1723806000,"sunrise":1723782726,"sunset":1723834909,"temp":{"day":20.05,"min":15.71,"max":23.57,"night":18.6,"eve":20.93,"morn":15.71},"feels_like":{"day":20.17,"night":18.84,"eve":21.06,"morn":15.29},"pressure":1016,"humidity":79,"weather":[{"id":804,"main":"Clouds","description":"overcast clouds","icon":"04d"}],"speed":5.09,"deg":225,"gust":8.22,"clouds":94,"pop":0},{"dt":1723892400,"sunrise":1723869220,"sunset":1723921192,"temp":{"day":23,"min":16.92,"max":24.66,"night":17.45,"eve":20.76,"morn":16.92},"feels_like":{"day":22.9,"night":17.21,"eve":20.67,"morn":17.12},"pressure":1015,"humidity":59,"weather":[{"id":500,"main":"Rain","description":"light rain","icon":"10d"}],"speed":4.15,"deg":333,"gust":6.61,"clouds":100,"pop":0.26,"rain":0.35}]}
--- ENF OF RECEIVED DATA ---

{"city":{"id":2800866,"name":"Brussels","coord":{"lon":4.3488,"lat":50.8504},"country":"BE","population":1019022,"timezone":7200},"cod":"200","message":5.2653913,"cnt":4,"list":[{"dt":1723633200,"sunrise":1723609740,"sunset":1723662341,"temp":{"day":22.31,"min":17.73,"max":25.78,"night":18.73,"eve":25.11,"morn":17.82},"feels_like":{"day":22.29,"night":18.51,"eve":25.22,"morn":18.01},"pressure":1013,"humidity":65,"weather":[{"id":501,"main":"Rain","description":"moderate rain","icon":"10d"}],"speed":3.66,"deg":333,"gust":6.19,"clouds":91,"pop":1,"rain":9.1},{"dt":1723719600,"sunrise":1723696233,"sunset":1723748626,"temp":{"day":24.39,"min":15.94,"max":25.77,"night":17.98,"eve":24.6,"morn":15.99},"feels_like":{"day":24.43,"night":17.53,"eve":24.63,"morn":15.73},"pressure":1017,"humidity":59,"weather":[{"id":803,"main":"Clouds","description":"broken clouds","icon":"04d"}],"speed":5.44,"deg":236,"gust":7.58,"clouds":69,"pop":0},{"dt":1723806000,"sunrise":1723782726,"sunset":1723834909,"temp":{"day":20.05,"min":15.71,"max":23.57,"night":18.6,"eve":20.93,"morn":15.71},"feels_like":{"day":20.17,"night":18.84,"eve":21.06,"morn":15.29},"pressure":1016,"humidity":79,"weather":[{"id":804,"main":"Clouds","description":"overcast clouds","icon":"04d"}],"speed":5.09,"deg":225,"gust":8.22,"clouds":94,"pop":0},{"dt":1723892400,"sunrise":1723869220,"sunset":1723921192,"temp":{"day":23,"min":16.92,"max":24.66,"night":17.45,"eve":20.76,"morn":16.92},"feels_like":{"day":22.9,"night":17.21,"eve":20.67,"morn":17.12},"pressure":1015,"humidity":59,"weather":[{"id":500,"main":"Rain","description":"light rain","icon":"10d"}],"speed":4.15,"deg":333,"gust":6.61,"clouds":100,"pop":0.26,"rain":0.35}]}
--- ENF OF RECEIVED DATA ---

