________________________________________________
|             CALL API : START                |
________________________________________________

Informations : 
Called API: meteo - 20 September 2022, 15:40
Method: GETMETEO - Timeout : 300 - Cache : 1
URL CALLED : https://rmipro.meteo.be/products/bx1/5373bc0393d004fc/web_forecast
-------------------------
________________________________________________
|             CALL API : START                |
________________________________________________

Informations : 
Called API: meteo - 20 September 2022, 15:40
Method: GETMETEO - Timeout : 300 - Cache : 1
URL CALLED : https://rmipro.meteo.be/products/bx1/5373bc0393d004fc/web_forecast
-------------------------
<?xml version='1.0' encoding='UTF-8'?>
<meteo>
  <generationDate>20/09/2022 09:58</generationDate>
  <forecast date="20220920" period="PM">
    <titledate>20/09/22</titledate>
    <titleday>mardi</titleday>
    <data>
      <city>Ostende</city>
      <tempMax>17 </tempMax>
      <weathertype>TJ11</weathertype>
    </data>
    <data>
      <city>Anvers</city>
      <tempMax>16 </tempMax>
      <weathertype>TJ11</weathertype>
    </data>
    <data>
      <city>Bruxelles</city>
      <tempMax>16 </tempMax>
      <weathertype>TJ11</weathertype>
    </data>
    <data>
      <city>Namur</city>
      <tempMax>15 </tempMax>
      <weathertype>TJ11</weathertype>
    </data>
    <data>
      <city>Liege</city>
      <tempMax>16 </tempMax>
      <weathertype>TJ11</weathertype>
    </data>
    <data>
      <city>Arlon</city>
      <tempMax>13 </tempMax>
      <weathertype>TJ11</weathertype>
    </data>
  </forecast>
  <forecast date="20220920" period="NIGHT">
    <titledate>20/09/22</titledate>
    <titleday>mardi</titleday>
    <data>
      <city>Ostende</city>
      <tempMin>10 </tempMin>
      <weathertype>TNN11</weathertype>
    </data>
    <data>
      <city>Anvers</city>
      <tempMin>7 </tempMin>
      <weathertype>TNN3</weathertype>
    </data>
    <data>
      <city>Bruxelles</city>
      <tempMin>7 </tempMin>
      <weathertype>TNN3</weathertype>
    </data>
    <data>
      <city>Namur</city>
      <tempMin>4 </tempMin>
      <weathertype>TNN3</weathertype>
    </data>
    <data>
      <city>Liege</city>
      <tempMin>6 </tempMin>
      <weathertype>TNN3</weathertype>
    </data>
    <data>
      <city>Arlon</city>
      <tempMin>4 </tempMin>
      <weathertype>TNN3</weathertype>
    </data>
  </forecast>
  <forecast date="20220921" period="AM">
    <titledate>21/09/22</titledate>
    <titleday>mercredi</titleday>
    <data>
      <city>Ostende</city>
      <tempMax>14 </tempMax>
      <weathertype>TJ3</weathertype>
    </data>
    <data>
      <city>Anvers</city>
      <tempMax>15 </tempMax>
      <weathertype>TJ2</weathertype>
    </data>
    <data>
      <city>Bruxelles</city>
      <tempMax>15 </tempMax>
      <weathertype>TJ24</weathertype>
    </data>
    <data>
      <city>Namur</city>
      <tempMax>13 </tempMax>
      <weathertype>TJ24</weathertype>
    </data>
    <data>
      <city>Liege</city>
      <tempMax>13 </tempMax>
      <weathertype>TJ24</weathertype>
    </data>
    <data>
      <city>Arlon</city>
      <tempMax>11 </tempMax>
      <weathertype>TJ24</weathertype>
    </data>
  </forecast>
  <forecast date="20220921" period="PM">
    <titledate>21/09/22</titledate>
    <titleday>mercredi</titleday>
    <data>
      <city>Ostende</city>
      <tempMax>18 </tempMax>
      <weathertype>TJ2</weathertype>
    </data>
    <data>
      <city>Anvers</city>
      <tempMax>17 </tempMax>
      <weathertype>TJ2</weathertype>
    </data>
    <data>
      <city>Bruxelles</city>
      <tempMax>17 </tempMax>
      <weathertype>TJ3</weathertype>
    </data>
    <data>
      <city>Namur</city>
      <tempMax>16 </tempMax>
      <weathertype>TJ3</weathertype>
    </data>
    <data>
      <city>Liege</city>
      <tempMax>17 </tempMax>
      <weathertype>TJ3</weathertype>
    </data>
    <data>
      <city>Arlon</city>
      <tempMax>14 </tempMax>
      <weathertype>TJ3</weathertype>
    </data>
  </forecast>
  <forecast date="20220922" period="DAY">
    <titledate>22/09/22</titledate>
    <titleday>jeudi</titleday>
    <data>
      <city>Ostende</city>
      <tempMin>10 </tempMin>
      <tempMax>18 </tempMax>
      <weathertype>TJ2</weathertype>
    </data>
    <data>
      <city>Anvers</city>
      <tempMin>8 </tempMin>
      <tempMax>19 </tempMax>
      <weathertype>TJ1</weathertype>
    </data>
    <data>
      <city>Bruxelles</city>
      <tempMin>8 </tempMin>
      <tempMax>19 </tempMax>
      <weathertype>TJ1</weathertype>
    </data>
    <data>
      <city>Namur</city>
      <tempMin>6 </tempMin>
      <tempMax>17 </tempMax>
      <weathertype>TJ1</weathertype>
    </data>
    <data>
      <city>Liege</city>
      <tempMin>8 </tempMin>
      <tempMax>18 </tempMax>
      <weathertype>TJ1</weathertype>
    </data>
    <data>
      <city>Arlon</city>
      <tempMin>6 </tempMin>
      <tempMax>15 </tempMax>
      <weathertype>TJ1</weathertype>
    </data>
  </forecast>
  <forecast date="20220923" period="DAY">
    <titledate>23/09/22</titledate>
    <titleday>vendredi</titleday>
    <data>
      <city>Ostende</city>
      <tempMin>14 </tempMin>
      <tempMax>19 </tempMax>
      <weathertype>TJ2</weathertype>
    </data>
    <data>
      <city>Anvers</city>
      <tempMin>10 </tempMin>
      <tempMax>19 </tempMax>
      <weathertype>TJ2</weathertype>
    </data>
    <data>
      <city>Bruxelles</city>
      <tempMin>10 </tempMin>
      <tempMax>19 </tempMax>
      <weathertype>TJ2</weathertype>
    </data>
    <data>
      <city>Namur</city>
      <tempMin>8 </tempMin>
      <tempMax>16 </tempMax>
      <weathertype>TJ2</weathertype>
    </data>
    <data>
      <city>Liege</city>
      <tempMin>10 </tempMin>
      <tempMax>20 </tempMax>
      <weathertype>TJ2</weathertype>
    </data>
    <data>
      <city>Arlon</city>
      <tempMin>8 </tempMin>
      <tempMax>16 </tempMax>
      <weathertype>TJ2</weathertype>
    </data>
  </forecast>
  <forecast date="20220924" period="DAY">
    <titledate>24/09/22</titledate>
    <titleday>samedi</titleday>
    <data>
      <city>Ostende</city>
      <tempMin>14 </tempMin>
      <tempMax>18 </tempMax>
      <weathertype>TJ11</weathertype>
    </data>
    <data>
      <city>Anvers</city>
      <tempMin>10 </tempMin>
      <tempMax>18 </tempMax>
      <weathertype>TJ3</weathertype>
    </data>
    <data>
      <city>Bruxelles</city>
      <tempMin>10 </tempMin>
      <tempMax>18 </tempMax>
      <weathertype>TJ3</weathertype>
    </data>
    <data>
      <city>Namur</city>
      <tempMin>9 </tempMin>
      <tempMax>16 </tempMax>
      <weathertype>TJ3</weathertype>
    </data>
    <data>
      <city>Liege</city>
      <tempMin>10 </tempMin>
      <tempMax>19 </tempMax>
      <weathertype>TJ3</weathertype>
    </data>
    <data>
      <city>Arlon</city>
      <tempMin>9 </tempMin>
      <tempMax>16 </tempMax>
      <weathertype>TJ3</weathertype>
    </data>
  </forecast>
  <forecast_foreign date="20220920" period="DAY">
    <titledate>20/09/22</titledate>
    <titleday>mardi</titleday>
    <data>
      <city>Paris</city>
      <temp>12 </temp>
      <weathertype>TJ2</weathertype>
    </data>
    <data>
      <city>Londres</city>
      <temp>13 </temp>
      <weathertype>TJ4</weathertype>
    </data>
    <data>
      <city>Amsterdam</city>
      <temp>12 </temp>
      <weathertype>TJ2</weathertype>
    </data>
  </forecast_foreign>
  <forecast_foreign date="20220921" period="DAY">
    <titledate>21/09/22</titledate>
    <titleday>mercredi</titleday>
    <data>
      <city>Paris</city>
      <temp>13 </temp>
      <weathertype>TJ4</weathertype>
    </data>
    <data>
      <city>Londres</city>
      <temp>14 </temp>
      <weathertype>TJ3</weathertype>
    </data>
    <data>
      <city>Amsterdam</city>
      <temp>11 </temp>
      <weathertype>TJ1</weathertype>
    </data>
  </forecast_foreign>
  <Ephemerides>
    <Ephemeride>
      <titledate>20/09/22</titledate>
      <titleday>mardi</titleday>
      <data>
        <sunRise>07:26</sunRise>
        <sunSet>19:45</sunSet>
        <gain>-4 </gain>
      </data>
    </Ephemeride>
    <Ephemeride>
      <titledate>21/09/22</titledate>
      <titleday>mercredi</titleday>
      <data>
        <sunRise>07:27</sunRise>
        <sunSet>19:43</sunSet>
        <gain>-3 </gain>
      </data>
    </Ephemeride>
    <Ephemeride>
      <titledate>22/09/22</titledate>
      <titleday>jeudi</titleday>
      <data>
        <sunRise>07:29</sunRise>
        <sunSet>19:41</sunSet>
        <gain>-4 </gain>
      </data>
    </Ephemeride>
    <Ephemeride>
      <titledate>23/09/22</titledate>
      <titleday>vendredi</titleday>
      <data>
        <sunRise>07:30</sunRise>
        <sunSet>19:38</sunSet>
        <gain>-4 </gain>
      </data>
    </Ephemeride>
  </Ephemerides>
  <indices>
    <indice>
      <titledate>20/09/22</titledate>
      <titleday>mardi</titleday>
      <data>
        <value>4</value>
        <evaluation>assez bonne</evaluation>
      </data>
    </indice>
    <indice>
      <titledate>21/09/22</titledate>
      <titleday>mercredi</titleday>
      <data>
        <value>4</value>
        <evaluation>assez bonne</evaluation>
      </data>
    </indice>
    <indice>
      <titledate>22/09/22</titledate>
      <titleday>jeudi</titleday>
      <data>
        <value>4</value>
        <evaluation>assez bonne</evaluation>
      </data>
    </indice>
  </indices>
</meteo>

--- ENF OF RECEIVED DATA ---

<?xml version='1.0' encoding='UTF-8'?>
<meteo>
  <generationDate>20/09/2022 09:58</generationDate>
  <forecast date="20220920" period="PM">
    <titledate>20/09/22</titledate>
    <titleday>mardi</titleday>
    <data>
      <city>Ostende</city>
      <tempMax>17 </tempMax>
      <weathertype>TJ11</weathertype>
    </data>
    <data>
      <city>Anvers</city>
      <tempMax>16 </tempMax>
      <weathertype>TJ11</weathertype>
    </data>
    <data>
      <city>Bruxelles</city>
      <tempMax>16 </tempMax>
      <weathertype>TJ11</weathertype>
    </data>
    <data>
      <city>Namur</city>
      <tempMax>15 </tempMax>
      <weathertype>TJ11</weathertype>
    </data>
    <data>
      <city>Liege</city>
      <tempMax>16 </tempMax>
      <weathertype>TJ11</weathertype>
    </data>
    <data>
      <city>Arlon</city>
      <tempMax>13 </tempMax>
      <weathertype>TJ11</weathertype>
    </data>
  </forecast>
  <forecast date="20220920" period="NIGHT">
    <titledate>20/09/22</titledate>
    <titleday>mardi</titleday>
    <data>
      <city>Ostende</city>
      <tempMin>10 </tempMin>
      <weathertype>TNN11</weathertype>
    </data>
    <data>
      <city>Anvers</city>
      <tempMin>7 </tempMin>
      <weathertype>TNN3</weathertype>
    </data>
    <data>
      <city>Bruxelles</city>
      <tempMin>7 </tempMin>
      <weathertype>TNN3</weathertype>
    </data>
    <data>
      <city>Namur</city>
      <tempMin>4 </tempMin>
      <weathertype>TNN3</weathertype>
    </data>
    <data>
      <city>Liege</city>
      <tempMin>6 </tempMin>
      <weathertype>TNN3</weathertype>
    </data>
    <data>
      <city>Arlon</city>
      <tempMin>4 </tempMin>
      <weathertype>TNN3</weathertype>
    </data>
  </forecast>
  <forecast date="20220921" period="AM">
    <titledate>21/09/22</titledate>
    <titleday>mercredi</titleday>
    <data>
      <city>Ostende</city>
      <tempMax>14 </tempMax>
      <weathertype>TJ3</weathertype>
    </data>
    <data>
      <city>Anvers</city>
      <tempMax>15 </tempMax>
      <weathertype>TJ2</weathertype>
    </data>
    <data>
      <city>Bruxelles</city>
      <tempMax>15 </tempMax>
      <weathertype>TJ24</weathertype>
    </data>
    <data>
      <city>Namur</city>
      <tempMax>13 </tempMax>
      <weathertype>TJ24</weathertype>
    </data>
    <data>
      <city>Liege</city>
      <tempMax>13 </tempMax>
      <weathertype>TJ24</weathertype>
    </data>
    <data>
      <city>Arlon</city>
      <tempMax>11 </tempMax>
      <weathertype>TJ24</weathertype>
    </data>
  </forecast>
  <forecast date="20220921" period="PM">
    <titledate>21/09/22</titledate>
    <titleday>mercredi</titleday>
    <data>
      <city>Ostende</city>
      <tempMax>18 </tempMax>
      <weathertype>TJ2</weathertype>
    </data>
    <data>
      <city>Anvers</city>
      <tempMax>17 </tempMax>
      <weathertype>TJ2</weathertype>
    </data>
    <data>
      <city>Bruxelles</city>
      <tempMax>17 </tempMax>
      <weathertype>TJ3</weathertype>
    </data>
    <data>
      <city>Namur</city>
      <tempMax>16 </tempMax>
      <weathertype>TJ3</weathertype>
    </data>
    <data>
      <city>Liege</city>
      <tempMax>17 </tempMax>
      <weathertype>TJ3</weathertype>
    </data>
    <data>
      <city>Arlon</city>
      <tempMax>14 </tempMax>
      <weathertype>TJ3</weathertype>
    </data>
  </forecast>
  <forecast date="20220922" period="DAY">
    <titledate>22/09/22</titledate>
    <titleday>jeudi</titleday>
    <data>
      <city>Ostende</city>
      <tempMin>10 </tempMin>
      <tempMax>18 </tempMax>
      <weathertype>TJ2</weathertype>
    </data>
    <data>
      <city>Anvers</city>
      <tempMin>8 </tempMin>
      <tempMax>19 </tempMax>
      <weathertype>TJ1</weathertype>
    </data>
    <data>
      <city>Bruxelles</city>
      <tempMin>8 </tempMin>
      <tempMax>19 </tempMax>
      <weathertype>TJ1</weathertype>
    </data>
    <data>
      <city>Namur</city>
      <tempMin>6 </tempMin>
      <tempMax>17 </tempMax>
      <weathertype>TJ1</weathertype>
    </data>
    <data>
      <city>Liege</city>
      <tempMin>8 </tempMin>
      <tempMax>18 </tempMax>
      <weathertype>TJ1</weathertype>
    </data>
    <data>
      <city>Arlon</city>
      <tempMin>6 </tempMin>
      <tempMax>15 </tempMax>
      <weathertype>TJ1</weathertype>
    </data>
  </forecast>
  <forecast date="20220923" period="DAY">
    <titledate>23/09/22</titledate>
    <titleday>vendredi</titleday>
    <data>
      <city>Ostende</city>
      <tempMin>14 </tempMin>
      <tempMax>19 </tempMax>
      <weathertype>TJ2</weathertype>
    </data>
    <data>
      <city>Anvers</city>
      <tempMin>10 </tempMin>
      <tempMax>19 </tempMax>
      <weathertype>TJ2</weathertype>
    </data>
    <data>
      <city>Bruxelles</city>
      <tempMin>10 </tempMin>
      <tempMax>19 </tempMax>
      <weathertype>TJ2</weathertype>
    </data>
    <data>
      <city>Namur</city>
      <tempMin>8 </tempMin>
      <tempMax>16 </tempMax>
      <weathertype>TJ2</weathertype>
    </data>
    <data>
      <city>Liege</city>
      <tempMin>10 </tempMin>
      <tempMax>20 </tempMax>
      <weathertype>TJ2</weathertype>
    </data>
    <data>
      <city>Arlon</city>
      <tempMin>8 </tempMin>
      <tempMax>16 </tempMax>
      <weathertype>TJ2</weathertype>
    </data>
  </forecast>
  <forecast date="20220924" period="DAY">
    <titledate>24/09/22</titledate>
    <titleday>samedi</titleday>
    <data>
      <city>Ostende</city>
      <tempMin>14 </tempMin>
      <tempMax>18 </tempMax>
      <weathertype>TJ11</weathertype>
    </data>
    <data>
      <city>Anvers</city>
      <tempMin>10 </tempMin>
      <tempMax>18 </tempMax>
      <weathertype>TJ3</weathertype>
    </data>
    <data>
      <city>Bruxelles</city>
      <tempMin>10 </tempMin>
      <tempMax>18 </tempMax>
      <weathertype>TJ3</weathertype>
    </data>
    <data>
      <city>Namur</city>
      <tempMin>9 </tempMin>
      <tempMax>16 </tempMax>
      <weathertype>TJ3</weathertype>
    </data>
    <data>
      <city>Liege</city>
      <tempMin>10 </tempMin>
      <tempMax>19 </tempMax>
      <weathertype>TJ3</weathertype>
    </data>
    <data>
      <city>Arlon</city>
      <tempMin>9 </tempMin>
      <tempMax>16 </tempMax>
      <weathertype>TJ3</weathertype>
    </data>
  </forecast>
  <forecast_foreign date="20220920" period="DAY">
    <titledate>20/09/22</titledate>
    <titleday>mardi</titleday>
    <data>
      <city>Paris</city>
      <temp>12 </temp>
      <weathertype>TJ2</weathertype>
    </data>
    <data>
      <city>Londres</city>
      <temp>13 </temp>
      <weathertype>TJ4</weathertype>
    </data>
    <data>
      <city>Amsterdam</city>
      <temp>12 </temp>
      <weathertype>TJ2</weathertype>
    </data>
  </forecast_foreign>
  <forecast_foreign date="20220921" period="DAY">
    <titledate>21/09/22</titledate>
    <titleday>mercredi</titleday>
    <data>
      <city>Paris</city>
      <temp>13 </temp>
      <weathertype>TJ4</weathertype>
    </data>
    <data>
      <city>Londres</city>
      <temp>14 </temp>
      <weathertype>TJ3</weathertype>
    </data>
    <data>
      <city>Amsterdam</city>
      <temp>11 </temp>
      <weathertype>TJ1</weathertype>
    </data>
  </forecast_foreign>
  <Ephemerides>
    <Ephemeride>
      <titledate>20/09/22</titledate>
      <titleday>mardi</titleday>
      <data>
        <sunRise>07:26</sunRise>
        <sunSet>19:45</sunSet>
        <gain>-4 </gain>
      </data>
    </Ephemeride>
    <Ephemeride>
      <titledate>21/09/22</titledate>
      <titleday>mercredi</titleday>
      <data>
        <sunRise>07:27</sunRise>
        <sunSet>19:43</sunSet>
        <gain>-3 </gain>
      </data>
    </Ephemeride>
    <Ephemeride>
      <titledate>22/09/22</titledate>
      <titleday>jeudi</titleday>
      <data>
        <sunRise>07:29</sunRise>
        <sunSet>19:41</sunSet>
        <gain>-4 </gain>
      </data>
    </Ephemeride>
    <Ephemeride>
      <titledate>23/09/22</titledate>
      <titleday>vendredi</titleday>
      <data>
        <sunRise>07:30</sunRise>
        <sunSet>19:38</sunSet>
        <gain>-4 </gain>
      </data>
    </Ephemeride>
  </Ephemerides>
  <indices>
    <indice>
      <titledate>20/09/22</titledate>
      <titleday>mardi</titleday>
      <data>
        <value>4</value>
        <evaluation>assez bonne</evaluation>
      </data>
    </indice>
    <indice>
      <titledate>21/09/22</titledate>
      <titleday>mercredi</titleday>
      <data>
        <value>4</value>
        <evaluation>assez bonne</evaluation>
      </data>
    </indice>
    <indice>
      <titledate>22/09/22</titledate>
      <titleday>jeudi</titleday>
      <data>
        <value>4</value>
        <evaluation>assez bonne</evaluation>
      </data>
    </indice>
  </indices>
</meteo>

--- ENF OF RECEIVED DATA ---

