________________________________________________
|             CALL API : START                |
________________________________________________

Informations : 
Called API: meteo - 22 July 2023, 13:30
Method: GETMETEO - Timeout : 300 - Cache : 1
URL CALLED : https://api.openweathermap.org/data/2.5/forecast/daily?q=Brussels,be&units=metric&cnt=4&appid=ea18c0706135505149200c3836f29800
-------------------------
________________________________________________
|             CALL API : START                |
________________________________________________

Informations : 
Called API: meteo - 22 July 2023, 13:30
Method: GETMETEO - Timeout : 300 - Cache : 1
URL CALLED : https://api.openweathermap.org/data/2.5/forecast/daily?q=Brussels,be&units=metric&cnt=4&appid=ea18c0706135505149200c3836f29800
-------------------------
{"city":{"id":2800866,"name":"Brussels","coord":{"lon":4.3488,"lat":50.8504},"country":"BE","population":1019022,"timezone":7200},"cod":"200","message":0.0858523,"cnt":4,"list":[{"dt":1690023600,"sunrise":1689998050,"sunset":1690055013,"temp":{"day":21.18,"min":11.66,"max":22.54,"night":17.61,"eve":21.11,"morn":13.2},"feels_like":{"day":20.76,"night":16.91,"eve":20.48,"morn":12.66},"pressure":1014,"humidity":54,"weather":[{"id":802,"main":"Clouds","description":"scattered clouds","icon":"03d"}],"speed":6.73,"deg":232,"gust":9.66,"clouds":40,"pop":0.23},{"dt":1690110000,"sunrise":1690084530,"sunset":1690141339,"temp":{"day":18.63,"min":14.87,"max":20.76,"night":17.28,"eve":19.75,"morn":16.35},"feels_like":{"day":18.59,"night":17.52,"eve":19.92,"morn":15.74},"pressure":1008,"humidity":78,"weather":[{"id":500,"main":"Rain","description":"light rain","icon":"10d"}],"speed":9.15,"deg":214,"gust":15.96,"clouds":100,"pop":0.97,"rain":2.72},{"dt":1690196400,"sunrise":1690171010,"sunset":1690227662,"temp":{"day":19.76,"min":14.91,"max":22.29,"night":14.91,"eve":19.3,"morn":16.35},"feels_like":{"day":19.44,"night":14.44,"eve":18.9,"morn":16.55},"pressure":1006,"humidity":63,"weather":[{"id":502,"main":"Rain","description":"heavy intensity rain","icon":"10d"}],"speed":6.91,"deg":246,"gust":10.47,"clouds":97,"pop":0.86,"rain":10.45},{"dt":1690282800,"sunrise":1690257492,"sunset":1690313984,"temp":{"day":19.19,"min":14.09,"max":20.44,"night":14.4,"eve":18.25,"morn":14.4},"feels_like":{"day":18.63,"night":13.51,"eve":17.41,"morn":13.93},"pressure":1009,"humidity":56,"weather":[{"id":500,"main":"Rain","description":"light rain","icon":"10d"}],"speed":5.51,"deg":334,"gust":6.47,"clouds":83,"pop":0.93,"rain":2.3}]}
--- ENF OF RECEIVED DATA ---

{"city":{"id":2800866,"name":"Brussels","coord":{"lon":4.3488,"lat":50.8504},"country":"BE","population":1019022,"timezone":7200},"cod":"200","message":0.0858523,"cnt":4,"list":[{"dt":1690023600,"sunrise":1689998050,"sunset":1690055013,"temp":{"day":21.18,"min":11.66,"max":22.54,"night":17.61,"eve":21.11,"morn":13.2},"feels_like":{"day":20.76,"night":16.91,"eve":20.48,"morn":12.66},"pressure":1014,"humidity":54,"weather":[{"id":802,"main":"Clouds","description":"scattered clouds","icon":"03d"}],"speed":6.73,"deg":232,"gust":9.66,"clouds":40,"pop":0.23},{"dt":1690110000,"sunrise":1690084530,"sunset":1690141339,"temp":{"day":18.63,"min":14.87,"max":20.76,"night":17.28,"eve":19.75,"morn":16.35},"feels_like":{"day":18.59,"night":17.52,"eve":19.92,"morn":15.74},"pressure":1008,"humidity":78,"weather":[{"id":500,"main":"Rain","description":"light rain","icon":"10d"}],"speed":9.15,"deg":214,"gust":15.96,"clouds":100,"pop":0.97,"rain":2.72},{"dt":1690196400,"sunrise":1690171010,"sunset":1690227662,"temp":{"day":19.76,"min":14.91,"max":22.29,"night":14.91,"eve":19.3,"morn":16.35},"feels_like":{"day":19.44,"night":14.44,"eve":18.9,"morn":16.55},"pressure":1006,"humidity":63,"weather":[{"id":502,"main":"Rain","description":"heavy intensity rain","icon":"10d"}],"speed":6.91,"deg":246,"gust":10.47,"clouds":97,"pop":0.86,"rain":10.45},{"dt":1690282800,"sunrise":1690257492,"sunset":1690313984,"temp":{"day":19.19,"min":14.09,"max":20.44,"night":14.4,"eve":18.25,"morn":14.4},"feels_like":{"day":18.63,"night":13.51,"eve":17.41,"morn":13.93},"pressure":1009,"humidity":56,"weather":[{"id":500,"main":"Rain","description":"light rain","icon":"10d"}],"speed":5.51,"deg":334,"gust":6.47,"clouds":83,"pop":0.93,"rain":2.3}]}
--- ENF OF RECEIVED DATA ---

