________________________________________________
|             CALL API : START                |
________________________________________________

Informations : 
Called API: meteo - 29 May 2023, 03:30
Method: GETMETEO - Timeout : 300 - Cache : 1
URL CALLED : https://api.openweathermap.org/data/2.5/forecast/daily?q=Brussels,be&units=metric&cnt=4&appid=ea18c0706135505149200c3836f29800
-------------------------
________________________________________________
|             CALL API : START                |
________________________________________________

Informations : 
Called API: meteo - 29 May 2023, 03:30
Method: GETMETEO - Timeout : 300 - Cache : 1
URL CALLED : https://api.openweathermap.org/data/2.5/forecast/daily?q=Brussels,be&units=metric&cnt=4&appid=ea18c0706135505149200c3836f29800
-------------------------
{"city":{"id":2800866,"name":"Brussels","coord":{"lon":4.3488,"lat":50.8504},"country":"BE","population":1019022,"timezone":7200},"cod":"200","message":0.2637946,"cnt":4,"list":[{"dt":1685358000,"sunrise":1685331445,"sunset":1685389371,"temp":{"day":17.02,"min":9.85,"max":18.06,"night":11.57,"eve":17.24,"morn":9.85},"feels_like":{"day":16.19,"night":10.48,"eve":16.38,"morn":7.27},"pressure":1024,"humidity":54,"weather":[{"id":803,"main":"Clouds","description":"broken clouds","icon":"04d"}],"speed":6.87,"deg":41,"gust":13.25,"clouds":72,"pop":0},{"dt":1685444400,"sunrise":1685417791,"sunset":1685475840,"temp":{"day":18.14,"min":7.12,"max":18.93,"night":12.5,"eve":14.68,"morn":8.22},"feels_like":{"day":17.58,"night":11.89,"eve":14.14,"morn":5.81},"pressure":1026,"humidity":60,"weather":[{"id":802,"main":"Clouds","description":"scattered clouds","icon":"03d"}],"speed":6.14,"deg":25,"gust":11.83,"clouds":37,"pop":0},{"dt":1685530800,"sunrise":1685504140,"sunset":1685562308,"temp":{"day":20.8,"min":8.97,"max":22.59,"night":15.13,"eve":21.4,"morn":10.12},"feels_like":{"day":20.22,"night":14.81,"eve":21.03,"morn":9.54},"pressure":1024,"humidity":49,"weather":[{"id":800,"main":"Clear","description":"sky is clear","icon":"01d"}],"speed":6.59,"deg":57,"gust":11.44,"clouds":1,"pop":0},{"dt":1685617200,"sunrise":1685590492,"sunset":1685648774,"temp":{"day":20.79,"min":9.77,"max":21.51,"night":11.62,"eve":17.18,"morn":11.81},"feels_like":{"day":20.2,"night":10.98,"eve":16.68,"morn":10.98},"pressure":1022,"humidity":49,"weather":[{"id":800,"main":"Clear","description":"sky is clear","icon":"01d"}],"speed":6.11,"deg":355,"gust":10.26,"clouds":3,"pop":0}]}
--- ENF OF RECEIVED DATA ---

{"city":{"id":2800866,"name":"Brussels","coord":{"lon":4.3488,"lat":50.8504},"country":"BE","population":1019022,"timezone":7200},"cod":"200","message":0.2637946,"cnt":4,"list":[{"dt":1685358000,"sunrise":1685331445,"sunset":1685389371,"temp":{"day":17.02,"min":9.85,"max":18.06,"night":11.57,"eve":17.24,"morn":9.85},"feels_like":{"day":16.19,"night":10.48,"eve":16.38,"morn":7.27},"pressure":1024,"humidity":54,"weather":[{"id":803,"main":"Clouds","description":"broken clouds","icon":"04d"}],"speed":6.87,"deg":41,"gust":13.25,"clouds":72,"pop":0},{"dt":1685444400,"sunrise":1685417791,"sunset":1685475840,"temp":{"day":18.14,"min":7.12,"max":18.93,"night":12.5,"eve":14.68,"morn":8.22},"feels_like":{"day":17.58,"night":11.89,"eve":14.14,"morn":5.81},"pressure":1026,"humidity":60,"weather":[{"id":802,"main":"Clouds","description":"scattered clouds","icon":"03d"}],"speed":6.14,"deg":25,"gust":11.83,"clouds":37,"pop":0},{"dt":1685530800,"sunrise":1685504140,"sunset":1685562308,"temp":{"day":20.8,"min":8.97,"max":22.59,"night":15.13,"eve":21.4,"morn":10.12},"feels_like":{"day":20.22,"night":14.81,"eve":21.03,"morn":9.54},"pressure":1024,"humidity":49,"weather":[{"id":800,"main":"Clear","description":"sky is clear","icon":"01d"}],"speed":6.59,"deg":57,"gust":11.44,"clouds":1,"pop":0},{"dt":1685617200,"sunrise":1685590492,"sunset":1685648774,"temp":{"day":20.79,"min":9.77,"max":21.51,"night":11.62,"eve":17.18,"morn":11.81},"feels_like":{"day":20.2,"night":10.98,"eve":16.68,"morn":10.98},"pressure":1022,"humidity":49,"weather":[{"id":800,"main":"Clear","description":"sky is clear","icon":"01d"}],"speed":6.11,"deg":355,"gust":10.26,"clouds":3,"pop":0}]}
--- ENF OF RECEIVED DATA ---

