________________________________________________
|             CALL API : START                |
________________________________________________

Informations : 
Called API: meteo - 10 March 2024, 00:20
Method: GETMETEO - Timeout : 300 - Cache : 1
URL CALLED : https://api.openweathermap.org/data/2.5/forecast/daily?q=Brussels,be&units=metric&cnt=4&appid=ea18c0706135505149200c3836f29800
-------------------------
________________________________________________
|             CALL API : START                |
________________________________________________

Informations : 
Called API: meteo - 10 March 2024, 00:20
Method: GETMETEO - Timeout : 300 - Cache : 1
URL CALLED : https://api.openweathermap.org/data/2.5/forecast/daily?q=Brussels,be&units=metric&cnt=4&appid=ea18c0706135505149200c3836f29800
-------------------------
{"city":{"id":2800866,"name":"Brussels","coord":{"lon":4.3488,"lat":50.8504},"country":"BE","population":1019022,"timezone":3600},"cod":"200","message":0.0572892,"cnt":4,"list":[{"dt":1710068400,"sunrise":1710050822,"sunset":1710092328,"temp":{"day":11.17,"min":7.22,"max":13.45,"night":9.44,"eve":12.04,"morn":7.53},"feels_like":{"day":9.96,"night":9.44,"eve":10.94,"morn":5.19},"pressure":996,"humidity":62,"weather":[{"id":804,"main":"Clouds","description":"overcast clouds","icon":"04d"}],"speed":4.64,"deg":80,"gust":9.27,"clouds":100,"pop":0},{"dt":1710154800,"sunrise":1710137089,"sunset":1710178827,"temp":{"day":9.32,"min":7.27,"max":9.63,"night":7.27,"eve":8.43,"morn":7.51},"feels_like":{"day":7.58,"night":5.36,"eve":6.24,"morn":6.58},"pressure":1002,"humidity":75,"weather":[{"id":500,"main":"Rain","description":"light rain","icon":"10d"}],"speed":4.01,"deg":332,"gust":5.62,"clouds":100,"pop":0.44,"rain":0.31},{"dt":1710241200,"sunrise":1710223356,"sunset":1710265327,"temp":{"day":9.02,"min":6.96,"max":9.53,"night":7.32,"eve":9.12,"morn":6.96},"feels_like":{"day":6.75,"night":5.54,"eve":7.9,"morn":4.67},"pressure":1017,"humidity":78,"weather":[{"id":804,"main":"Clouds","description":"overcast clouds","icon":"04d"}],"speed":4.11,"deg":302,"gust":6.57,"clouds":99,"pop":0.42},{"dt":1710327600,"sunrise":1710309622,"sunset":1710351826,"temp":{"day":12.81,"min":7.65,"max":13.89,"night":9.19,"eve":11.6,"morn":8.31},"feels_like":{"day":12.05,"night":7.5,"eve":10.9,"morn":5.89},"pressure":1020,"humidity":73,"weather":[{"id":500,"main":"Rain","description":"light rain","icon":"10d"}],"speed":4.27,"deg":222,"gust":9,"clouds":98,"pop":0.2,"rain":0.16}]}
--- ENF OF RECEIVED DATA ---

{"city":{"id":2800866,"name":"Brussels","coord":{"lon":4.3488,"lat":50.8504},"country":"BE","population":1019022,"timezone":3600},"cod":"200","message":0.0572892,"cnt":4,"list":[{"dt":1710068400,"sunrise":1710050822,"sunset":1710092328,"temp":{"day":11.17,"min":7.22,"max":13.45,"night":9.44,"eve":12.04,"morn":7.53},"feels_like":{"day":9.96,"night":9.44,"eve":10.94,"morn":5.19},"pressure":996,"humidity":62,"weather":[{"id":804,"main":"Clouds","description":"overcast clouds","icon":"04d"}],"speed":4.64,"deg":80,"gust":9.27,"clouds":100,"pop":0},{"dt":1710154800,"sunrise":1710137089,"sunset":1710178827,"temp":{"day":9.32,"min":7.27,"max":9.63,"night":7.27,"eve":8.43,"morn":7.51},"feels_like":{"day":7.58,"night":5.36,"eve":6.24,"morn":6.58},"pressure":1002,"humidity":75,"weather":[{"id":500,"main":"Rain","description":"light rain","icon":"10d"}],"speed":4.01,"deg":332,"gust":5.62,"clouds":100,"pop":0.44,"rain":0.31},{"dt":1710241200,"sunrise":1710223356,"sunset":1710265327,"temp":{"day":9.02,"min":6.96,"max":9.53,"night":7.32,"eve":9.12,"morn":6.96},"feels_like":{"day":6.75,"night":5.54,"eve":7.9,"morn":4.67},"pressure":1017,"humidity":78,"weather":[{"id":804,"main":"Clouds","description":"overcast clouds","icon":"04d"}],"speed":4.11,"deg":302,"gust":6.57,"clouds":99,"pop":0.42},{"dt":1710327600,"sunrise":1710309622,"sunset":1710351826,"temp":{"day":12.81,"min":7.65,"max":13.89,"night":9.19,"eve":11.6,"morn":8.31},"feels_like":{"day":12.05,"night":7.5,"eve":10.9,"morn":5.89},"pressure":1020,"humidity":73,"weather":[{"id":500,"main":"Rain","description":"light rain","icon":"10d"}],"speed":4.27,"deg":222,"gust":9,"clouds":98,"pop":0.2,"rain":0.16}]}
--- ENF OF RECEIVED DATA ---

