________________________________________________
|             CALL API : START                |
________________________________________________

Informations : 
Called API: meteo - 17 March 2024, 15:00
Method: GETMETEO - Timeout : 300 - Cache : 1
URL CALLED : https://api.openweathermap.org/data/2.5/forecast/daily?q=Brussels,be&units=metric&cnt=4&appid=ea18c0706135505149200c3836f29800
-------------------------
________________________________________________
|             CALL API : START                |
________________________________________________

Informations : 
Called API: meteo - 17 March 2024, 15:00
Method: GETMETEO - Timeout : 300 - Cache : 1
URL CALLED : https://api.openweathermap.org/data/2.5/forecast/daily?q=Brussels,be&units=metric&cnt=4&appid=ea18c0706135505149200c3836f29800
-------------------------
{"city":{"id":2800866,"name":"Brussels","coord":{"lon":4.3488,"lat":50.8504},"country":"BE","population":1019022,"timezone":3600},"cod":"200","message":6.7201709,"cnt":4,"list":[{"dt":1710673200,"sunrise":1710654685,"sunset":1710697822,"temp":{"day":11.8,"min":6.62,"max":14.6,"night":10.79,"eve":12.09,"morn":7.6},"feels_like":{"day":11.23,"night":10.41,"eve":11.63,"morn":5.45},"pressure":1019,"humidity":84,"weather":[{"id":501,"main":"Rain","description":"moderate rain","icon":"10d"}],"speed":4.88,"deg":185,"gust":12.04,"clouds":76,"pop":1,"rain":2.7},{"dt":1710759600,"sunrise":1710740950,"sunset":1710784320,"temp":{"day":14.45,"min":9.34,"max":15.79,"night":10.55,"eve":12.98,"morn":9.34},"feels_like":{"day":13.67,"night":9.91,"eve":12.27,"morn":8.04},"pressure":1017,"humidity":66,"weather":[{"id":803,"main":"Clouds","description":"broken clouds","icon":"04d"}],"speed":4.77,"deg":271,"gust":6.78,"clouds":69,"pop":0},{"dt":1710846000,"sunrise":1710827215,"sunset":1710870818,"temp":{"day":15.26,"min":8.76,"max":16.78,"night":11.44,"eve":14.71,"morn":9.13},"feels_like":{"day":14.51,"night":10.62,"eve":13.96,"morn":7.18},"pressure":1017,"humidity":64,"weather":[{"id":804,"main":"Clouds","description":"overcast clouds","icon":"04d"}],"speed":5.27,"deg":224,"gust":9.66,"clouds":97,"pop":0},{"dt":1710932400,"sunrise":1710913480,"sunset":1710957316,"temp":{"day":16.28,"min":9.92,"max":17.48,"night":12.05,"eve":14.26,"morn":9.96},"feels_like":{"day":15.56,"night":11.37,"eve":13.6,"morn":8.75},"pressure":1017,"humidity":61,"weather":[{"id":804,"main":"Clouds","description":"overcast clouds","icon":"04d"}],"speed":2.63,"deg":195,"gust":4.62,"clouds":100,"pop":0}]}
--- ENF OF RECEIVED DATA ---

{"city":{"id":2800866,"name":"Brussels","coord":{"lon":4.3488,"lat":50.8504},"country":"BE","population":1019022,"timezone":3600},"cod":"200","message":6.7201709,"cnt":4,"list":[{"dt":1710673200,"sunrise":1710654685,"sunset":1710697822,"temp":{"day":11.8,"min":6.62,"max":14.6,"night":10.79,"eve":12.09,"morn":7.6},"feels_like":{"day":11.23,"night":10.41,"eve":11.63,"morn":5.45},"pressure":1019,"humidity":84,"weather":[{"id":501,"main":"Rain","description":"moderate rain","icon":"10d"}],"speed":4.88,"deg":185,"gust":12.04,"clouds":76,"pop":1,"rain":2.7},{"dt":1710759600,"sunrise":1710740950,"sunset":1710784320,"temp":{"day":14.45,"min":9.34,"max":15.79,"night":10.55,"eve":12.98,"morn":9.34},"feels_like":{"day":13.67,"night":9.91,"eve":12.27,"morn":8.04},"pressure":1017,"humidity":66,"weather":[{"id":803,"main":"Clouds","description":"broken clouds","icon":"04d"}],"speed":4.77,"deg":271,"gust":6.78,"clouds":69,"pop":0},{"dt":1710846000,"sunrise":1710827215,"sunset":1710870818,"temp":{"day":15.26,"min":8.76,"max":16.78,"night":11.44,"eve":14.71,"morn":9.13},"feels_like":{"day":14.51,"night":10.62,"eve":13.96,"morn":7.18},"pressure":1017,"humidity":64,"weather":[{"id":804,"main":"Clouds","description":"overcast clouds","icon":"04d"}],"speed":5.27,"deg":224,"gust":9.66,"clouds":97,"pop":0},{"dt":1710932400,"sunrise":1710913480,"sunset":1710957316,"temp":{"day":16.28,"min":9.92,"max":17.48,"night":12.05,"eve":14.26,"morn":9.96},"feels_like":{"day":15.56,"night":11.37,"eve":13.6,"morn":8.75},"pressure":1017,"humidity":61,"weather":[{"id":804,"main":"Clouds","description":"overcast clouds","icon":"04d"}],"speed":2.63,"deg":195,"gust":4.62,"clouds":100,"pop":0}]}
--- ENF OF RECEIVED DATA ---

