________________________________________________
|             CALL API : START                |
________________________________________________

Informations : 
Called API: meteo - 6 March 2024, 13:20
Method: GETMETEO - Timeout : 300 - Cache : 1
URL CALLED : https://api.openweathermap.org/data/2.5/forecast/daily?q=Brussels,be&units=metric&cnt=4&appid=ea18c0706135505149200c3836f29800
-------------------------
________________________________________________
|             CALL API : START                |
________________________________________________

Informations : 
Called API: meteo - 6 March 2024, 13:20
Method: GETMETEO - Timeout : 300 - Cache : 1
URL CALLED : https://api.openweathermap.org/data/2.5/forecast/daily?q=Brussels,be&units=metric&cnt=4&appid=ea18c0706135505149200c3836f29800
-------------------------
{"city":{"id":2800866,"name":"Brussels","coord":{"lon":4.3488,"lat":50.8504},"country":"BE","population":1019022,"timezone":3600},"cod":"200","message":0.0440601,"cnt":4,"list":[{"dt":1709722800,"sunrise":1709705748,"sunset":1709746325,"temp":{"day":10.29,"min":2.88,"max":10.75,"night":5.82,"eve":9.42,"morn":3.46},"feels_like":{"day":9.2,"night":5.82,"eve":9.42,"morn":0.95},"pressure":1023,"humidity":70,"weather":[{"id":802,"main":"Clouds","description":"scattered clouds","icon":"03d"}],"speed":2.91,"deg":212,"gust":5.8,"clouds":46,"pop":0},{"dt":1709809200,"sunrise":1709792017,"sunset":1709832826,"temp":{"day":10.18,"min":3.75,"max":11.21,"night":5.12,"eve":8.91,"morn":4.03},"feels_like":{"day":8.95,"night":1.76,"eve":6.19,"morn":0.93},"pressure":1022,"humidity":65,"weather":[{"id":800,"main":"Clear","description":"sky is clear","icon":"01d"}],"speed":6.54,"deg":90,"gust":13,"clouds":7,"pop":0},{"dt":1709895600,"sunrise":1709878286,"sunset":1709919327,"temp":{"day":8.91,"min":2.32,"max":12.21,"night":6.31,"eve":10,"morn":2.54},"feels_like":{"day":5.49,"night":3.64,"eve":7.21,"morn":-1.8},"pressure":1010,"humidity":54,"weather":[{"id":800,"main":"Clear","description":"sky is clear","icon":"01d"}],"speed":7.37,"deg":103,"gust":12.2,"clouds":7,"pop":0},{"dt":1709982000,"sunrise":1709964554,"sunset":1710005827,"temp":{"day":13.12,"min":5.54,"max":14.62,"night":9.31,"eve":11.6,"morn":5.54},"feels_like":{"day":12.03,"night":6.72,"eve":10.49,"morn":2.58},"pressure":1001,"humidity":59,"weather":[{"id":500,"main":"Rain","description":"light rain","icon":"10d"}],"speed":5.36,"deg":120,"gust":11.51,"clouds":84,"pop":0.2,"rain":0.25}]}
--- ENF OF RECEIVED DATA ---

{"city":{"id":2800866,"name":"Brussels","coord":{"lon":4.3488,"lat":50.8504},"country":"BE","population":1019022,"timezone":3600},"cod":"200","message":0.0440601,"cnt":4,"list":[{"dt":1709722800,"sunrise":1709705748,"sunset":1709746325,"temp":{"day":10.29,"min":2.88,"max":10.75,"night":5.82,"eve":9.42,"morn":3.46},"feels_like":{"day":9.2,"night":5.82,"eve":9.42,"morn":0.95},"pressure":1023,"humidity":70,"weather":[{"id":802,"main":"Clouds","description":"scattered clouds","icon":"03d"}],"speed":2.91,"deg":212,"gust":5.8,"clouds":46,"pop":0},{"dt":1709809200,"sunrise":1709792017,"sunset":1709832826,"temp":{"day":10.18,"min":3.75,"max":11.21,"night":5.12,"eve":8.91,"morn":4.03},"feels_like":{"day":8.95,"night":1.76,"eve":6.19,"morn":0.93},"pressure":1022,"humidity":65,"weather":[{"id":800,"main":"Clear","description":"sky is clear","icon":"01d"}],"speed":6.54,"deg":90,"gust":13,"clouds":7,"pop":0},{"dt":1709895600,"sunrise":1709878286,"sunset":1709919327,"temp":{"day":8.91,"min":2.32,"max":12.21,"night":6.31,"eve":10,"morn":2.54},"feels_like":{"day":5.49,"night":3.64,"eve":7.21,"morn":-1.8},"pressure":1010,"humidity":54,"weather":[{"id":800,"main":"Clear","description":"sky is clear","icon":"01d"}],"speed":7.37,"deg":103,"gust":12.2,"clouds":7,"pop":0},{"dt":1709982000,"sunrise":1709964554,"sunset":1710005827,"temp":{"day":13.12,"min":5.54,"max":14.62,"night":9.31,"eve":11.6,"morn":5.54},"feels_like":{"day":12.03,"night":6.72,"eve":10.49,"morn":2.58},"pressure":1001,"humidity":59,"weather":[{"id":500,"main":"Rain","description":"light rain","icon":"10d"}],"speed":5.36,"deg":120,"gust":11.51,"clouds":84,"pop":0.2,"rain":0.25}]}
--- ENF OF RECEIVED DATA ---

