________________________________________________
|             CALL API : START                |
________________________________________________

Informations : 
Called API: meteo - 24 May 2024, 23:00
Method: GETMETEO - Timeout : 300 - Cache : 1
URL CALLED : https://api.openweathermap.org/data/2.5/forecast/daily?q=Brussels,be&units=metric&cnt=4&appid=ea18c0706135505149200c3836f29800
-------------------------
________________________________________________
|             CALL API : START                |
________________________________________________

Informations : 
Called API: meteo - 24 May 2024, 23:00
Method: GETMETEO - Timeout : 300 - Cache : 1
URL CALLED : https://api.openweathermap.org/data/2.5/forecast/daily?q=Brussels,be&units=metric&cnt=4&appid=ea18c0706135505149200c3836f29800
-------------------------
{"city":{"id":2800866,"name":"Brussels","coord":{"lon":4.3488,"lat":50.8504},"country":"BE","population":1019022,"timezone":7200},"cod":"200","message":4.1507,"cnt":4,"list":[{"dt":1716548400,"sunrise":1716522100,"sunset":1716579456,"temp":{"day":15.73,"min":11.12,"max":15.79,"night":13.23,"eve":13.29,"morn":11.99},"feels_like":{"day":15.5,"night":12.96,"eve":13.16,"morn":11.57},"pressure":1018,"humidity":82,"weather":[{"id":501,"main":"Rain","description":"moderate rain","icon":"10d"}],"speed":3.07,"deg":87,"gust":5.95,"clouds":100,"pop":1,"rain":4.66},{"dt":1716634800,"sunrise":1716608436,"sunset":1716665933,"temp":{"day":17.2,"min":11.25,"max":18.17,"night":13.03,"eve":18.09,"morn":11.76},"feels_like":{"day":16.83,"night":12.61,"eve":17.6,"morn":11.55},"pressure":1017,"humidity":71,"weather":[{"id":804,"main":"Clouds","description":"overcast clouds","icon":"04d"}],"speed":4.46,"deg":276,"gust":8.69,"clouds":99,"pop":0.18},{"dt":1716721200,"sunrise":1716694775,"sunset":1716752408,"temp":{"day":19.28,"min":11.48,"max":20.25,"night":13.07,"eve":18.52,"morn":12.81},"feels_like":{"day":18.96,"night":12.73,"eve":18.23,"morn":12.6},"pressure":1014,"humidity":65,"weather":[{"id":500,"main":"Rain","description":"light rain","icon":"10d"}],"speed":6.58,"deg":248,"gust":8.37,"clouds":63,"pop":1,"rain":3.8},{"dt":1716807600,"sunrise":1716781116,"sunset":1716838881,"temp":{"day":16.44,"min":10.41,"max":17.37,"night":10.41,"eve":15.63,"morn":11.76},"feels_like":{"day":15.81,"night":9.57,"eve":14.97,"morn":11.37},"pressure":1018,"humidity":64,"weather":[{"id":500,"main":"Rain","description":"light rain","icon":"10d"}],"speed":5.67,"deg":245,"gust":8.42,"clouds":58,"pop":0.22,"rain":0.33}]}
--- ENF OF RECEIVED DATA ---

{"city":{"id":2800866,"name":"Brussels","coord":{"lon":4.3488,"lat":50.8504},"country":"BE","population":1019022,"timezone":7200},"cod":"200","message":4.1507,"cnt":4,"list":[{"dt":1716548400,"sunrise":1716522100,"sunset":1716579456,"temp":{"day":15.73,"min":11.12,"max":15.79,"night":13.23,"eve":13.29,"morn":11.99},"feels_like":{"day":15.5,"night":12.96,"eve":13.16,"morn":11.57},"pressure":1018,"humidity":82,"weather":[{"id":501,"main":"Rain","description":"moderate rain","icon":"10d"}],"speed":3.07,"deg":87,"gust":5.95,"clouds":100,"pop":1,"rain":4.66},{"dt":1716634800,"sunrise":1716608436,"sunset":1716665933,"temp":{"day":17.2,"min":11.25,"max":18.17,"night":13.03,"eve":18.09,"morn":11.76},"feels_like":{"day":16.83,"night":12.61,"eve":17.6,"morn":11.55},"pressure":1017,"humidity":71,"weather":[{"id":804,"main":"Clouds","description":"overcast clouds","icon":"04d"}],"speed":4.46,"deg":276,"gust":8.69,"clouds":99,"pop":0.18},{"dt":1716721200,"sunrise":1716694775,"sunset":1716752408,"temp":{"day":19.28,"min":11.48,"max":20.25,"night":13.07,"eve":18.52,"morn":12.81},"feels_like":{"day":18.96,"night":12.73,"eve":18.23,"morn":12.6},"pressure":1014,"humidity":65,"weather":[{"id":500,"main":"Rain","description":"light rain","icon":"10d"}],"speed":6.58,"deg":248,"gust":8.37,"clouds":63,"pop":1,"rain":3.8},{"dt":1716807600,"sunrise":1716781116,"sunset":1716838881,"temp":{"day":16.44,"min":10.41,"max":17.37,"night":10.41,"eve":15.63,"morn":11.76},"feels_like":{"day":15.81,"night":9.57,"eve":14.97,"morn":11.37},"pressure":1018,"humidity":64,"weather":[{"id":500,"main":"Rain","description":"light rain","icon":"10d"}],"speed":5.67,"deg":245,"gust":8.42,"clouds":58,"pop":0.22,"rain":0.33}]}
--- ENF OF RECEIVED DATA ---

