________________________________________________
|             CALL API : START                |
________________________________________________

Informations : 
Called API: meteo - 19 July 2023, 01:10
Method: GETMETEO - Timeout : 300 - Cache : 1
URL CALLED : https://api.openweathermap.org/data/2.5/forecast/daily?q=Brussels,be&units=metric&cnt=4&appid=ea18c0706135505149200c3836f29800
-------------------------
________________________________________________
|             CALL API : START                |
________________________________________________

Informations : 
Called API: meteo - 19 July 2023, 01:10
Method: GETMETEO - Timeout : 300 - Cache : 1
URL CALLED : https://api.openweathermap.org/data/2.5/forecast/daily?q=Brussels,be&units=metric&cnt=4&appid=ea18c0706135505149200c3836f29800
-------------------------
{"city":{"id":2800866,"name":"Brussels","coord":{"lon":4.3488,"lat":50.8504},"country":"BE","population":1019022,"timezone":7200},"cod":"200","message":0.0638572,"cnt":4,"list":[{"dt":1689764400,"sunrise":1689738620,"sunset":1689796021,"temp":{"day":22.27,"min":14.17,"max":22.53,"night":14.98,"eve":20.36,"morn":14.66},"feels_like":{"day":21.96,"night":14.78,"eve":20.1,"morn":14.06},"pressure":1014,"humidity":54,"weather":[{"id":500,"main":"Rain","description":"light rain","icon":"10d"}],"speed":5.66,"deg":268,"gust":7.74,"clouds":99,"pop":0.36,"rain":1.14},{"dt":1689850800,"sunrise":1689825095,"sunset":1689882354,"temp":{"day":21.36,"min":12.3,"max":22.62,"night":15.44,"eve":21.34,"morn":13.04},"feels_like":{"day":21.01,"night":14.53,"eve":20.7,"morn":12.85},"pressure":1014,"humidity":56,"weather":[{"id":500,"main":"Rain","description":"light rain","icon":"10d"}],"speed":5.21,"deg":347,"gust":5.6,"clouds":83,"pop":0.52,"rain":1.36},{"dt":1689937200,"sunrise":1689911572,"sunset":1689968684,"temp":{"day":21.29,"min":12.18,"max":21.97,"night":13.7,"eve":18.54,"morn":13.11},"feels_like":{"day":20.81,"night":12.72,"eve":17.65,"morn":12.49},"pressure":1012,"humidity":51,"weather":[{"id":500,"main":"Rain","description":"light rain","icon":"10d"}],"speed":5.16,"deg":274,"gust":6.79,"clouds":17,"pop":0.37,"rain":0.5},{"dt":1690023600,"sunrise":1689998050,"sunset":1690055013,"temp":{"day":20.36,"min":11.34,"max":22.97,"night":18.99,"eve":21.57,"morn":13.78},"feels_like":{"day":19.7,"night":18.51,"eve":21.01,"morn":13.15},"pressure":1013,"humidity":48,"weather":[{"id":804,"main":"Clouds","description":"overcast clouds","icon":"04d"}],"speed":6.28,"deg":256,"gust":13.07,"clouds":93,"pop":0.01}]}
--- ENF OF RECEIVED DATA ---

{"city":{"id":2800866,"name":"Brussels","coord":{"lon":4.3488,"lat":50.8504},"country":"BE","population":1019022,"timezone":7200},"cod":"200","message":0.0638572,"cnt":4,"list":[{"dt":1689764400,"sunrise":1689738620,"sunset":1689796021,"temp":{"day":22.27,"min":14.17,"max":22.53,"night":14.98,"eve":20.36,"morn":14.66},"feels_like":{"day":21.96,"night":14.78,"eve":20.1,"morn":14.06},"pressure":1014,"humidity":54,"weather":[{"id":500,"main":"Rain","description":"light rain","icon":"10d"}],"speed":5.66,"deg":268,"gust":7.74,"clouds":99,"pop":0.36,"rain":1.14},{"dt":1689850800,"sunrise":1689825095,"sunset":1689882354,"temp":{"day":21.36,"min":12.3,"max":22.62,"night":15.44,"eve":21.34,"morn":13.04},"feels_like":{"day":21.01,"night":14.53,"eve":20.7,"morn":12.85},"pressure":1014,"humidity":56,"weather":[{"id":500,"main":"Rain","description":"light rain","icon":"10d"}],"speed":5.21,"deg":347,"gust":5.6,"clouds":83,"pop":0.52,"rain":1.36},{"dt":1689937200,"sunrise":1689911572,"sunset":1689968684,"temp":{"day":21.29,"min":12.18,"max":21.97,"night":13.7,"eve":18.54,"morn":13.11},"feels_like":{"day":20.81,"night":12.72,"eve":17.65,"morn":12.49},"pressure":1012,"humidity":51,"weather":[{"id":500,"main":"Rain","description":"light rain","icon":"10d"}],"speed":5.16,"deg":274,"gust":6.79,"clouds":17,"pop":0.37,"rain":0.5},{"dt":1690023600,"sunrise":1689998050,"sunset":1690055013,"temp":{"day":20.36,"min":11.34,"max":22.97,"night":18.99,"eve":21.57,"morn":13.78},"feels_like":{"day":19.7,"night":18.51,"eve":21.01,"morn":13.15},"pressure":1013,"humidity":48,"weather":[{"id":804,"main":"Clouds","description":"overcast clouds","icon":"04d"}],"speed":6.28,"deg":256,"gust":13.07,"clouds":93,"pop":0.01}]}
--- ENF OF RECEIVED DATA ---

