________________________________________________
|             CALL API : START                |
________________________________________________

Informations : 
Called API: meteo - 21 October 2024, 11:10
Method: GETMETEO - Timeout : 300 - Cache : 1
URL CALLED : https://api.openweathermap.org/data/2.5/forecast/daily?q=Brussels,be&units=metric&cnt=4&appid=ea18c0706135505149200c3836f29800
-------------------------
________________________________________________
|             CALL API : START                |
________________________________________________

Informations : 
Called API: meteo - 21 October 2024, 11:10
Method: GETMETEO - Timeout : 300 - Cache : 1
URL CALLED : https://api.openweathermap.org/data/2.5/forecast/daily?q=Brussels,be&units=metric&cnt=4&appid=ea18c0706135505149200c3836f29800
-------------------------
{"city":{"id":2800866,"name":"Brussels","coord":{"lon":4.3488,"lat":50.8504},"country":"BE","population":1019022,"timezone":7200},"cod":"200","message":0.0455728,"cnt":4,"list":[{"dt":1729508400,"sunrise":1729491357,"sunset":1729528685,"temp":{"day":13.25,"min":12.3,"max":18.08,"night":12.3,"eve":12.8,"morn":14.85},"feels_like":{"day":12.98,"night":12.12,"eve":12.62,"morn":14.56},"pressure":1024,"humidity":90,"weather":[{"id":501,"main":"Rain","description":"moderate rain","icon":"10d"}],"speed":8.09,"deg":213,"gust":14.8,"clouds":85,"pop":1,"rain":7.59},{"dt":1729594800,"sunrise":1729577859,"sunset":1729614966,"temp":{"day":14.43,"min":9.7,"max":15.77,"night":10.42,"eve":12.68,"morn":10.79},"feels_like":{"day":13.81,"night":9.84,"eve":12.09,"morn":10.43},"pressure":1030,"humidity":72,"weather":[{"id":501,"main":"Rain","description":"moderate rain","icon":"10d"}],"speed":5.29,"deg":356,"gust":9.83,"clouds":36,"pop":1,"rain":6.33},{"dt":1729681200,"sunrise":1729664361,"sunset":1729701248,"temp":{"day":14.75,"min":8.46,"max":15.89,"night":9.7,"eve":11.93,"morn":8.63},"feels_like":{"day":13.9,"night":8.41,"eve":11.06,"morn":7.7},"pressure":1033,"humidity":62,"weather":[{"id":800,"main":"Clear","description":"sky is clear","icon":"01d"}],"speed":3.49,"deg":106,"gust":7.27,"clouds":4,"pop":0},{"dt":1729767600,"sunrise":1729750863,"sunset":1729787531,"temp":{"day":17.48,"min":8.39,"max":17.48,"night":13.44,"eve":13.66,"morn":8.49},"feels_like":{"day":17.06,"night":13.22,"eve":13.43,"morn":6.74},"pressure":1021,"humidity":68,"weather":[{"id":800,"main":"Clear","description":"sky is clear","icon":"01d"}],"speed":4.88,"deg":184,"gust":11.37,"clouds":0,"pop":0}]}
--- ENF OF RECEIVED DATA ---

{"city":{"id":2800866,"name":"Brussels","coord":{"lon":4.3488,"lat":50.8504},"country":"BE","population":1019022,"timezone":7200},"cod":"200","message":0.0455728,"cnt":4,"list":[{"dt":1729508400,"sunrise":1729491357,"sunset":1729528685,"temp":{"day":13.25,"min":12.3,"max":18.08,"night":12.3,"eve":12.8,"morn":14.85},"feels_like":{"day":12.98,"night":12.12,"eve":12.62,"morn":14.56},"pressure":1024,"humidity":90,"weather":[{"id":501,"main":"Rain","description":"moderate rain","icon":"10d"}],"speed":8.09,"deg":213,"gust":14.8,"clouds":85,"pop":1,"rain":7.59},{"dt":1729594800,"sunrise":1729577859,"sunset":1729614966,"temp":{"day":14.43,"min":9.7,"max":15.77,"night":10.42,"eve":12.68,"morn":10.79},"feels_like":{"day":13.81,"night":9.84,"eve":12.09,"morn":10.43},"pressure":1030,"humidity":72,"weather":[{"id":501,"main":"Rain","description":"moderate rain","icon":"10d"}],"speed":5.29,"deg":356,"gust":9.83,"clouds":36,"pop":1,"rain":6.33},{"dt":1729681200,"sunrise":1729664361,"sunset":1729701248,"temp":{"day":14.75,"min":8.46,"max":15.89,"night":9.7,"eve":11.93,"morn":8.63},"feels_like":{"day":13.9,"night":8.41,"eve":11.06,"morn":7.7},"pressure":1033,"humidity":62,"weather":[{"id":800,"main":"Clear","description":"sky is clear","icon":"01d"}],"speed":3.49,"deg":106,"gust":7.27,"clouds":4,"pop":0},{"dt":1729767600,"sunrise":1729750863,"sunset":1729787531,"temp":{"day":17.48,"min":8.39,"max":17.48,"night":13.44,"eve":13.66,"morn":8.49},"feels_like":{"day":17.06,"night":13.22,"eve":13.43,"morn":6.74},"pressure":1021,"humidity":68,"weather":[{"id":800,"main":"Clear","description":"sky is clear","icon":"01d"}],"speed":4.88,"deg":184,"gust":11.37,"clouds":0,"pop":0}]}
--- ENF OF RECEIVED DATA ---

