________________________________________________
|             CALL API : START                |
________________________________________________

Informations : 
Called API: meteo - 14 February 2025, 00:30
Method: GETMETEO - Timeout : 300 - Cache : 1
URL CALLED : https://api.openweathermap.org/data/2.5/forecast/daily?q=Brussels,be&units=metric&cnt=4&appid=ea18c0706135505149200c3836f29800
-------------------------
________________________________________________
|             CALL API : START                |
________________________________________________

Informations : 
Called API: meteo - 14 February 2025, 00:30
Method: GETMETEO - Timeout : 300 - Cache : 1
URL CALLED : https://api.openweathermap.org/data/2.5/forecast/daily?q=Brussels,be&units=metric&cnt=4&appid=ea18c0706135505149200c3836f29800
-------------------------
{"city":{"id":2800866,"name":"Brussels","coord":{"lon":4.3488,"lat":50.8504},"country":"BE","population":1019022,"timezone":3600},"cod":"200","message":0.0392729,"cnt":4,"list":[{"dt":1739530800,"sunrise":1739516218,"sunset":1739552209,"temp":{"day":2.95,"min":-1.52,"max":4.24,"night":-0.51,"eve":1.75,"morn":-1.47},"feels_like":{"day":-0.48,"night":-4.31,"eve":-1.3,"morn":-5.14},"pressure":1028,"humidity":67,"weather":[{"id":800,"main":"Clear","description":"sky is clear","icon":"01d"}],"speed":3.72,"deg":84,"gust":6.7,"clouds":8,"pop":0},{"dt":1739617200,"sunrise":1739602507,"sunset":1739638716,"temp":{"day":3.47,"min":-0.93,"max":4.91,"night":1.24,"eve":2.92,"morn":-0.74},"feels_like":{"day":1.46,"night":-1.93,"eve":0.3,"morn":-3.13},"pressure":1023,"humidity":57,"weather":[{"id":803,"main":"Clouds","description":"broken clouds","icon":"04d"}],"speed":2.97,"deg":127,"gust":6,"clouds":52,"pop":0},{"dt":1739703600,"sunrise":1739688794,"sunset":1739725223,"temp":{"day":4.06,"min":-1.12,"max":6.04,"night":-0.02,"eve":2.84,"morn":-0.76},"feels_like":{"day":0.39,"night":-2.53,"eve":-0.49,"morn":-4.36},"pressure":1020,"humidity":56,"weather":[{"id":802,"main":"Clouds","description":"scattered clouds","icon":"03d"}],"speed":4.56,"deg":64,"gust":8.19,"clouds":30,"pop":0},{"dt":1739790000,"sunrise":1739775080,"sunset":1739811730,"temp":{"day":6.19,"min":-0.24,"max":6.66,"night":1.92,"eve":3.44,"morn":-0.24},"feels_like":{"day":6.19,"night":-0.47,"eve":1.48,"morn":-2.4},"pressure":1022,"humidity":49,"weather":[{"id":802,"main":"Clouds","description":"scattered clouds","icon":"03d"}],"speed":2.23,"deg":95,"gust":2.66,"clouds":46,"pop":0}]}
--- ENF OF RECEIVED DATA ---

{"city":{"id":2800866,"name":"Brussels","coord":{"lon":4.3488,"lat":50.8504},"country":"BE","population":1019022,"timezone":3600},"cod":"200","message":0.0392729,"cnt":4,"list":[{"dt":1739530800,"sunrise":1739516218,"sunset":1739552209,"temp":{"day":2.95,"min":-1.52,"max":4.24,"night":-0.51,"eve":1.75,"morn":-1.47},"feels_like":{"day":-0.48,"night":-4.31,"eve":-1.3,"morn":-5.14},"pressure":1028,"humidity":67,"weather":[{"id":800,"main":"Clear","description":"sky is clear","icon":"01d"}],"speed":3.72,"deg":84,"gust":6.7,"clouds":8,"pop":0},{"dt":1739617200,"sunrise":1739602507,"sunset":1739638716,"temp":{"day":3.47,"min":-0.93,"max":4.91,"night":1.24,"eve":2.92,"morn":-0.74},"feels_like":{"day":1.46,"night":-1.93,"eve":0.3,"morn":-3.13},"pressure":1023,"humidity":57,"weather":[{"id":803,"main":"Clouds","description":"broken clouds","icon":"04d"}],"speed":2.97,"deg":127,"gust":6,"clouds":52,"pop":0},{"dt":1739703600,"sunrise":1739688794,"sunset":1739725223,"temp":{"day":4.06,"min":-1.12,"max":6.04,"night":-0.02,"eve":2.84,"morn":-0.76},"feels_like":{"day":0.39,"night":-2.53,"eve":-0.49,"morn":-4.36},"pressure":1020,"humidity":56,"weather":[{"id":802,"main":"Clouds","description":"scattered clouds","icon":"03d"}],"speed":4.56,"deg":64,"gust":8.19,"clouds":30,"pop":0},{"dt":1739790000,"sunrise":1739775080,"sunset":1739811730,"temp":{"day":6.19,"min":-0.24,"max":6.66,"night":1.92,"eve":3.44,"morn":-0.24},"feels_like":{"day":6.19,"night":-0.47,"eve":1.48,"morn":-2.4},"pressure":1022,"humidity":49,"weather":[{"id":802,"main":"Clouds","description":"scattered clouds","icon":"03d"}],"speed":2.23,"deg":95,"gust":2.66,"clouds":46,"pop":0}]}
--- ENF OF RECEIVED DATA ---

