________________________________________________
|             CALL API : START                |
________________________________________________

Informations : 
Called API: meteo - 2 January 2024, 06:10
Method: GETMETEO - Timeout : 300 - Cache : 1
URL CALLED : https://api.openweathermap.org/data/2.5/forecast/daily?q=Brussels,be&units=metric&cnt=4&appid=ea18c0706135505149200c3836f29800
-------------------------
________________________________________________
|             CALL API : START                |
________________________________________________

Informations : 
Called API: meteo - 2 January 2024, 06:10
Method: GETMETEO - Timeout : 300 - Cache : 1
URL CALLED : https://api.openweathermap.org/data/2.5/forecast/daily?q=Brussels,be&units=metric&cnt=4&appid=ea18c0706135505149200c3836f29800
-------------------------
{"city":{"id":2800866,"name":"Brussels","coord":{"lon":4.3488,"lat":50.8504},"country":"BE","population":1019022,"timezone":3600},"cod":"200","message":0.1904534,"cnt":4,"list":[{"dt":1704193200,"sunrise":1704181500,"sunset":1704210439,"temp":{"day":11.46,"min":7.84,"max":11.82,"night":10.79,"eve":11.82,"morn":10.65},"feels_like":{"day":10.96,"night":9.83,"eve":11.17,"morn":10.12},"pressure":995,"humidity":88,"weather":[{"id":501,"main":"Rain","description":"moderate rain","icon":"10d"}],"speed":12.99,"deg":207,"gust":26.4,"clouds":100,"pop":1,"rain":17.19},{"dt":1704279600,"sunrise":1704267892,"sunset":1704296902,"temp":{"day":9.76,"min":9.09,"max":10.77,"night":9.21,"eve":9.81,"morn":10},"feels_like":{"day":5.85,"night":5.28,"eve":6.04,"morn":6.12},"pressure":996,"humidity":81,"weather":[{"id":501,"main":"Rain","description":"moderate rain","icon":"10d"}],"speed":11.67,"deg":235,"gust":19.72,"clouds":100,"pop":1,"rain":6.55},{"dt":1704366000,"sunrise":1704354280,"sunset":1704383368,"temp":{"day":8.67,"min":7.84,"max":9.95,"night":9.95,"eve":9.63,"morn":8.11},"feels_like":{"day":5.49,"night":6.38,"eve":5.81,"morn":4.23},"pressure":1005,"humidity":80,"weather":[{"id":501,"main":"Rain","description":"moderate rain","icon":"10d"}],"speed":9.58,"deg":197,"gust":17.6,"clouds":91,"pop":1,"rain":9.8},{"dt":1704452400,"sunrise":1704440666,"sunset":1704469836,"temp":{"day":7.23,"min":4.48,"max":8.24,"night":5.52,"eve":5.47,"morn":4.8},"feels_like":{"day":5.07,"night":4.36,"eve":4.66,"morn":1.2},"pressure":1004,"humidity":78,"weather":[{"id":500,"main":"Rain","description":"light rain","icon":"10d"}],"speed":7.87,"deg":216,"gust":13.5,"clouds":4,"pop":1,"rain":0.56}]}
--- ENF OF RECEIVED DATA ---

{"city":{"id":2800866,"name":"Brussels","coord":{"lon":4.3488,"lat":50.8504},"country":"BE","population":1019022,"timezone":3600},"cod":"200","message":0.1904534,"cnt":4,"list":[{"dt":1704193200,"sunrise":1704181500,"sunset":1704210439,"temp":{"day":11.46,"min":7.84,"max":11.82,"night":10.79,"eve":11.82,"morn":10.65},"feels_like":{"day":10.96,"night":9.83,"eve":11.17,"morn":10.12},"pressure":995,"humidity":88,"weather":[{"id":501,"main":"Rain","description":"moderate rain","icon":"10d"}],"speed":12.99,"deg":207,"gust":26.4,"clouds":100,"pop":1,"rain":17.19},{"dt":1704279600,"sunrise":1704267892,"sunset":1704296902,"temp":{"day":9.76,"min":9.09,"max":10.77,"night":9.21,"eve":9.81,"morn":10},"feels_like":{"day":5.85,"night":5.28,"eve":6.04,"morn":6.12},"pressure":996,"humidity":81,"weather":[{"id":501,"main":"Rain","description":"moderate rain","icon":"10d"}],"speed":11.67,"deg":235,"gust":19.72,"clouds":100,"pop":1,"rain":6.55},{"dt":1704366000,"sunrise":1704354280,"sunset":1704383368,"temp":{"day":8.67,"min":7.84,"max":9.95,"night":9.95,"eve":9.63,"morn":8.11},"feels_like":{"day":5.49,"night":6.38,"eve":5.81,"morn":4.23},"pressure":1005,"humidity":80,"weather":[{"id":501,"main":"Rain","description":"moderate rain","icon":"10d"}],"speed":9.58,"deg":197,"gust":17.6,"clouds":91,"pop":1,"rain":9.8},{"dt":1704452400,"sunrise":1704440666,"sunset":1704469836,"temp":{"day":7.23,"min":4.48,"max":8.24,"night":5.52,"eve":5.47,"morn":4.8},"feels_like":{"day":5.07,"night":4.36,"eve":4.66,"morn":1.2},"pressure":1004,"humidity":78,"weather":[{"id":500,"main":"Rain","description":"light rain","icon":"10d"}],"speed":7.87,"deg":216,"gust":13.5,"clouds":4,"pop":1,"rain":0.56}]}
--- ENF OF RECEIVED DATA ---

