________________________________________________
|             CALL API : START                |
________________________________________________

Informations : 
Called API: meteo - 25 May 2023, 07:40
Method: GETMETEO - Timeout : 300 - Cache : 1
URL CALLED : https://api.openweathermap.org/data/2.5/forecast/daily?q=Brussels,be&units=metric&cnt=4&appid=ea18c0706135505149200c3836f29800
-------------------------
________________________________________________
|             CALL API : START                |
________________________________________________

Informations : 
Called API: meteo - 25 May 2023, 07:40
Method: GETMETEO - Timeout : 300 - Cache : 1
URL CALLED : https://api.openweathermap.org/data/2.5/forecast/daily?q=Brussels,be&units=metric&cnt=4&appid=ea18c0706135505149200c3836f29800
-------------------------
{"city":{"id":2800866,"name":"Brussels","coord":{"lon":4.3488,"lat":50.8504},"country":"BE","population":1019022,"timezone":7200},"cod":"200","message":0.0589017,"cnt":4,"list":[{"dt":1685012400,"sunrise":1684986084,"sunset":1685043476,"temp":{"day":17.42,"min":8.36,"max":18.99,"night":11.79,"eve":17.65,"morn":9.32},"feels_like":{"day":16.68,"night":10.88,"eve":17.14,"morn":7.85},"pressure":1027,"humidity":56,"weather":[{"id":801,"main":"Clouds","description":"few clouds","icon":"02d"}],"speed":5.68,"deg":37,"gust":11.23,"clouds":12,"pop":0},{"dt":1685098800,"sunrise":1685072420,"sunset":1685129952,"temp":{"day":16.08,"min":6.15,"max":18.16,"night":10.8,"eve":17.13,"morn":7.11},"feels_like":{"day":15,"night":9.89,"eve":16.39,"morn":4.11},"pressure":1030,"humidity":48,"weather":[{"id":800,"main":"Clear","description":"sky is clear","icon":"01d"}],"speed":6.34,"deg":50,"gust":11.31,"clouds":0,"pop":0},{"dt":1685185200,"sunrise":1685158759,"sunset":1685216427,"temp":{"day":17.51,"min":5.91,"max":20.11,"night":12.99,"eve":19.17,"morn":7.01},"feels_like":{"day":16.67,"night":12.28,"eve":18.66,"morn":4.28},"pressure":1026,"humidity":52,"weather":[{"id":802,"main":"Clouds","description":"scattered clouds","icon":"03d"}],"speed":5.24,"deg":66,"gust":10.8,"clouds":26,"pop":0},{"dt":1685271600,"sunrise":1685245101,"sunset":1685302900,"temp":{"day":20.92,"min":9.39,"max":20.92,"night":13.16,"eve":17.41,"morn":12.33},"feels_like":{"day":20.43,"night":12.2,"eve":16.77,"morn":11.76},"pressure":1021,"humidity":52,"weather":[{"id":803,"main":"Clouds","description":"broken clouds","icon":"04d"}],"speed":6.51,"deg":35,"gust":13.03,"clouds":51,"pop":0}]}
--- ENF OF RECEIVED DATA ---

{"city":{"id":2800866,"name":"Brussels","coord":{"lon":4.3488,"lat":50.8504},"country":"BE","population":1019022,"timezone":7200},"cod":"200","message":0.0589017,"cnt":4,"list":[{"dt":1685012400,"sunrise":1684986084,"sunset":1685043476,"temp":{"day":17.42,"min":8.36,"max":18.99,"night":11.79,"eve":17.65,"morn":9.32},"feels_like":{"day":16.68,"night":10.88,"eve":17.14,"morn":7.85},"pressure":1027,"humidity":56,"weather":[{"id":801,"main":"Clouds","description":"few clouds","icon":"02d"}],"speed":5.68,"deg":37,"gust":11.23,"clouds":12,"pop":0},{"dt":1685098800,"sunrise":1685072420,"sunset":1685129952,"temp":{"day":16.08,"min":6.15,"max":18.16,"night":10.8,"eve":17.13,"morn":7.11},"feels_like":{"day":15,"night":9.89,"eve":16.39,"morn":4.11},"pressure":1030,"humidity":48,"weather":[{"id":800,"main":"Clear","description":"sky is clear","icon":"01d"}],"speed":6.34,"deg":50,"gust":11.31,"clouds":0,"pop":0},{"dt":1685185200,"sunrise":1685158759,"sunset":1685216427,"temp":{"day":17.51,"min":5.91,"max":20.11,"night":12.99,"eve":19.17,"morn":7.01},"feels_like":{"day":16.67,"night":12.28,"eve":18.66,"morn":4.28},"pressure":1026,"humidity":52,"weather":[{"id":802,"main":"Clouds","description":"scattered clouds","icon":"03d"}],"speed":5.24,"deg":66,"gust":10.8,"clouds":26,"pop":0},{"dt":1685271600,"sunrise":1685245101,"sunset":1685302900,"temp":{"day":20.92,"min":9.39,"max":20.92,"night":13.16,"eve":17.41,"morn":12.33},"feels_like":{"day":20.43,"night":12.2,"eve":16.77,"morn":11.76},"pressure":1021,"humidity":52,"weather":[{"id":803,"main":"Clouds","description":"broken clouds","icon":"04d"}],"speed":6.51,"deg":35,"gust":13.03,"clouds":51,"pop":0}]}
--- ENF OF RECEIVED DATA ---

