________________________________________________
|             CALL API : START                |
________________________________________________

Informations : 
Called API: meteo - 9 August 2024, 20:30
Method: GETMETEO - Timeout : 300 - Cache : 1
URL CALLED : https://api.openweathermap.org/data/2.5/forecast/daily?q=Brussels,be&units=metric&cnt=4&appid=ea18c0706135505149200c3836f29800
-------------------------
________________________________________________
|             CALL API : START                |
________________________________________________

Informations : 
Called API: meteo - 9 August 2024, 20:30
Method: GETMETEO - Timeout : 300 - Cache : 1
URL CALLED : https://api.openweathermap.org/data/2.5/forecast/daily?q=Brussels,be&units=metric&cnt=4&appid=ea18c0706135505149200c3836f29800
-------------------------
{"city":{"id":2800866,"name":"Brussels","coord":{"lon":4.3488,"lat":50.8504},"country":"BE","population":1019022,"timezone":7200},"cod":"200","message":0.0812185,"cnt":4,"list":[{"dt":1723201200,"sunrise":1723177278,"sunset":1723230896,"temp":{"day":21.28,"min":18.9,"max":23.45,"night":18.9,"eve":23,"morn":19.64},"feels_like":{"day":21.53,"night":18.57,"eve":22.84,"morn":19.59},"pressure":1016,"humidity":79,"weather":[{"id":500,"main":"Rain","description":"light rain","icon":"10d"}],"speed":7.53,"deg":241,"gust":12.77,"clouds":100,"pop":0.94,"rain":0.45},{"dt":1723287600,"sunrise":1723263770,"sunset":1723317188,"temp":{"day":23.12,"min":13.63,"max":26.1,"night":18.67,"eve":25.66,"morn":13.71},"feels_like":{"day":22.98,"night":18.5,"eve":25.72,"morn":13.59},"pressure":1021,"humidity":57,"weather":[{"id":800,"main":"Clear","description":"sky is clear","icon":"01d"}],"speed":4.37,"deg":244,"gust":8.24,"clouds":5,"pop":0},{"dt":1723374000,"sunrise":1723350262,"sunset":1723403478,"temp":{"day":24.94,"min":16.2,"max":27.08,"night":20.95,"eve":26.35,"morn":16.45},"feels_like":{"day":24.95,"night":20.95,"eve":26.35,"morn":16.24},"pressure":1021,"humidity":56,"weather":[{"id":800,"main":"Clear","description":"sky is clear","icon":"01d"}],"speed":4.26,"deg":77,"gust":10.49,"clouds":7,"pop":0},{"dt":1723460400,"sunrise":1723436755,"sunset":1723489767,"temp":{"day":29.98,"min":18.45,"max":32.53,"night":26.09,"eve":31.45,"morn":18.46},"feels_like":{"day":31.51,"night":26.09,"eve":35.29,"morn":18.53},"pressure":1010,"humidity":53,"weather":[{"id":804,"main":"Clouds","description":"overcast clouds","icon":"04d"}],"speed":4.54,"deg":77,"gust":10.92,"clouds":90,"pop":0}]}
--- ENF OF RECEIVED DATA ---

{"city":{"id":2800866,"name":"Brussels","coord":{"lon":4.3488,"lat":50.8504},"country":"BE","population":1019022,"timezone":7200},"cod":"200","message":0.0812185,"cnt":4,"list":[{"dt":1723201200,"sunrise":1723177278,"sunset":1723230896,"temp":{"day":21.28,"min":18.9,"max":23.45,"night":18.9,"eve":23,"morn":19.64},"feels_like":{"day":21.53,"night":18.57,"eve":22.84,"morn":19.59},"pressure":1016,"humidity":79,"weather":[{"id":500,"main":"Rain","description":"light rain","icon":"10d"}],"speed":7.53,"deg":241,"gust":12.77,"clouds":100,"pop":0.94,"rain":0.45},{"dt":1723287600,"sunrise":1723263770,"sunset":1723317188,"temp":{"day":23.12,"min":13.63,"max":26.1,"night":18.67,"eve":25.66,"morn":13.71},"feels_like":{"day":22.98,"night":18.5,"eve":25.72,"morn":13.59},"pressure":1021,"humidity":57,"weather":[{"id":800,"main":"Clear","description":"sky is clear","icon":"01d"}],"speed":4.37,"deg":244,"gust":8.24,"clouds":5,"pop":0},{"dt":1723374000,"sunrise":1723350262,"sunset":1723403478,"temp":{"day":24.94,"min":16.2,"max":27.08,"night":20.95,"eve":26.35,"morn":16.45},"feels_like":{"day":24.95,"night":20.95,"eve":26.35,"morn":16.24},"pressure":1021,"humidity":56,"weather":[{"id":800,"main":"Clear","description":"sky is clear","icon":"01d"}],"speed":4.26,"deg":77,"gust":10.49,"clouds":7,"pop":0},{"dt":1723460400,"sunrise":1723436755,"sunset":1723489767,"temp":{"day":29.98,"min":18.45,"max":32.53,"night":26.09,"eve":31.45,"morn":18.46},"feels_like":{"day":31.51,"night":26.09,"eve":35.29,"morn":18.53},"pressure":1010,"humidity":53,"weather":[{"id":804,"main":"Clouds","description":"overcast clouds","icon":"04d"}],"speed":4.54,"deg":77,"gust":10.92,"clouds":90,"pop":0}]}
--- ENF OF RECEIVED DATA ---

