________________________________________________
|             CALL API : START                |
________________________________________________

Informations : 
Called API: meteo - 21 July 2023, 00:50
Method: GETMETEO - Timeout : 300 - Cache : 1
URL CALLED : https://api.openweathermap.org/data/2.5/forecast/daily?q=Brussels,be&units=metric&cnt=4&appid=ea18c0706135505149200c3836f29800
-------------------------
________________________________________________
|             CALL API : START                |
________________________________________________

Informations : 
Called API: meteo - 21 July 2023, 00:50
Method: GETMETEO - Timeout : 300 - Cache : 1
URL CALLED : https://api.openweathermap.org/data/2.5/forecast/daily?q=Brussels,be&units=metric&cnt=4&appid=ea18c0706135505149200c3836f29800
-------------------------
{"city":{"id":2800866,"name":"Brussels","coord":{"lon":4.3488,"lat":50.8504},"country":"BE","population":1019022,"timezone":7200},"cod":"200","message":5.5414195,"cnt":4,"list":[{"dt":1689937200,"sunrise":1689911572,"sunset":1689968684,"temp":{"day":20.74,"min":12.09,"max":22.29,"night":14.73,"eve":18.7,"morn":12.72},"feels_like":{"day":20.25,"night":13.77,"eve":18.04,"morn":12.37},"pressure":1012,"humidity":53,"weather":[{"id":500,"main":"Rain","description":"light rain","icon":"10d"}],"speed":4.99,"deg":310,"gust":6.42,"clouds":75,"pop":0.63,"rain":2.16},{"dt":1690023600,"sunrise":1689998050,"sunset":1690055013,"temp":{"day":21.83,"min":11.28,"max":23.26,"night":17.88,"eve":22.85,"morn":11.94},"feels_like":{"day":21.19,"night":17.19,"eve":22.18,"morn":11.36},"pressure":1013,"humidity":43,"weather":[{"id":803,"main":"Clouds","description":"broken clouds","icon":"04d"}],"speed":6.24,"deg":257,"gust":8.98,"clouds":74,"pop":0.06},{"dt":1690110000,"sunrise":1690084530,"sunset":1690141339,"temp":{"day":16.46,"min":14.84,"max":17.71,"night":16.7,"eve":16.97,"morn":14.84},"feels_like":{"day":16.54,"night":16.91,"eve":17.15,"morn":14.7},"pressure":1009,"humidity":91,"weather":[{"id":500,"main":"Rain","description":"light rain","icon":"10d"}],"speed":8.15,"deg":216,"gust":15.71,"clouds":100,"pop":1,"rain":5.81},{"dt":1690196400,"sunrise":1690171010,"sunset":1690227662,"temp":{"day":19.56,"min":14.97,"max":19.56,"night":14.97,"eve":18.99,"morn":16.47},"feels_like":{"day":19.32,"night":14.72,"eve":18.88,"morn":16.63},"pressure":1006,"humidity":67,"weather":[{"id":500,"main":"Rain","description":"light rain","icon":"10d"}],"speed":6.51,"deg":253,"gust":10.72,"clouds":62,"pop":1,"rain":7.65}]}
--- ENF OF RECEIVED DATA ---

{"city":{"id":2800866,"name":"Brussels","coord":{"lon":4.3488,"lat":50.8504},"country":"BE","population":1019022,"timezone":7200},"cod":"200","message":5.5414195,"cnt":4,"list":[{"dt":1689937200,"sunrise":1689911572,"sunset":1689968684,"temp":{"day":20.74,"min":12.09,"max":22.29,"night":14.73,"eve":18.7,"morn":12.72},"feels_like":{"day":20.25,"night":13.77,"eve":18.04,"morn":12.37},"pressure":1012,"humidity":53,"weather":[{"id":500,"main":"Rain","description":"light rain","icon":"10d"}],"speed":4.99,"deg":310,"gust":6.42,"clouds":75,"pop":0.63,"rain":2.16},{"dt":1690023600,"sunrise":1689998050,"sunset":1690055013,"temp":{"day":21.83,"min":11.28,"max":23.26,"night":17.88,"eve":22.85,"morn":11.94},"feels_like":{"day":21.19,"night":17.19,"eve":22.18,"morn":11.36},"pressure":1013,"humidity":43,"weather":[{"id":803,"main":"Clouds","description":"broken clouds","icon":"04d"}],"speed":6.24,"deg":257,"gust":8.98,"clouds":74,"pop":0.06},{"dt":1690110000,"sunrise":1690084530,"sunset":1690141339,"temp":{"day":16.46,"min":14.84,"max":17.71,"night":16.7,"eve":16.97,"morn":14.84},"feels_like":{"day":16.54,"night":16.91,"eve":17.15,"morn":14.7},"pressure":1009,"humidity":91,"weather":[{"id":500,"main":"Rain","description":"light rain","icon":"10d"}],"speed":8.15,"deg":216,"gust":15.71,"clouds":100,"pop":1,"rain":5.81},{"dt":1690196400,"sunrise":1690171010,"sunset":1690227662,"temp":{"day":19.56,"min":14.97,"max":19.56,"night":14.97,"eve":18.99,"morn":16.47},"feels_like":{"day":19.32,"night":14.72,"eve":18.88,"morn":16.63},"pressure":1006,"humidity":67,"weather":[{"id":500,"main":"Rain","description":"light rain","icon":"10d"}],"speed":6.51,"deg":253,"gust":10.72,"clouds":62,"pop":1,"rain":7.65}]}
--- ENF OF RECEIVED DATA ---

