________________________________________________
|             CALL API : START                |
________________________________________________

Informations : 
Called API: meteo - 31 October 2023, 10:30
Method: GETMETEO - Timeout : 300 - Cache : 1
URL CALLED : https://api.openweathermap.org/data/2.5/forecast/daily?q=Brussels,be&units=metric&cnt=4&appid=ea18c0706135505149200c3836f29800
-------------------------
________________________________________________
|             CALL API : START                |
________________________________________________

Informations : 
Called API: meteo - 31 October 2023, 10:30
Method: GETMETEO - Timeout : 300 - Cache : 1
URL CALLED : https://api.openweathermap.org/data/2.5/forecast/daily?q=Brussels,be&units=metric&cnt=4&appid=ea18c0706135505149200c3836f29800
-------------------------
{"city":{"id":2800866,"name":"Brussels","coord":{"lon":4.3488,"lat":50.8504},"country":"BE","population":1019022,"timezone":3600},"cod":"200","message":0.1230183,"cnt":4,"list":[{"dt":1698750000,"sunrise":1698733909,"sunset":1698769230,"temp":{"day":11.16,"min":8.99,"max":11.87,"night":11.04,"eve":11.37,"morn":8.99},"feels_like":{"day":10.55,"night":10.63,"eve":10.83,"morn":6.3},"pressure":1002,"humidity":85,"weather":[{"id":500,"main":"Rain","description":"light rain","icon":"10d"}],"speed":7.12,"deg":219,"gust":13.63,"clouds":78,"pop":0.8,"rain":1.14},{"dt":1698836400,"sunrise":1698820413,"sunset":1698855523,"temp":{"day":13.47,"min":9.47,"max":13.59,"night":9.47,"eve":12.04,"morn":11.32},"feels_like":{"day":12.75,"night":6.3,"eve":11.34,"morn":10.88},"pressure":1000,"humidity":72,"weather":[{"id":501,"main":"Rain","description":"moderate rain","icon":"10d"}],"speed":9.15,"deg":199,"gust":16.61,"clouds":100,"pop":0.98,"rain":4.25},{"dt":1698922800,"sunrise":1698906916,"sunset":1698941818,"temp":{"day":12.08,"min":8.93,"max":12.47,"night":8.93,"eve":10.27,"morn":10.48},"feels_like":{"day":11.09,"night":5.75,"eve":8.95,"morn":9.72},"pressure":980,"humidity":67,"weather":[{"id":501,"main":"Rain","description":"moderate rain","icon":"10d"}],"speed":13.18,"deg":202,"gust":24.87,"clouds":67,"pop":1,"rain":3.98},{"dt":1699009200,"sunrise":1698993420,"sunset":1699028114,"temp":{"day":9.65,"min":6.57,"max":10,"night":9.8,"eve":10,"morn":6.57},"feels_like":{"day":6.35,"night":6.22,"eve":6.39,"morn":2.7},"pressure":984,"humidity":74,"weather":[{"id":500,"main":"Rain","description":"light rain","icon":"10d"}],"speed":9.19,"deg":210,"gust":15.67,"clouds":100,"pop":0.96,"rain":2.96}]}
--- ENF OF RECEIVED DATA ---

{"city":{"id":2800866,"name":"Brussels","coord":{"lon":4.3488,"lat":50.8504},"country":"BE","population":1019022,"timezone":3600},"cod":"200","message":0.1230183,"cnt":4,"list":[{"dt":1698750000,"sunrise":1698733909,"sunset":1698769230,"temp":{"day":11.16,"min":8.99,"max":11.87,"night":11.04,"eve":11.37,"morn":8.99},"feels_like":{"day":10.55,"night":10.63,"eve":10.83,"morn":6.3},"pressure":1002,"humidity":85,"weather":[{"id":500,"main":"Rain","description":"light rain","icon":"10d"}],"speed":7.12,"deg":219,"gust":13.63,"clouds":78,"pop":0.8,"rain":1.14},{"dt":1698836400,"sunrise":1698820413,"sunset":1698855523,"temp":{"day":13.47,"min":9.47,"max":13.59,"night":9.47,"eve":12.04,"morn":11.32},"feels_like":{"day":12.75,"night":6.3,"eve":11.34,"morn":10.88},"pressure":1000,"humidity":72,"weather":[{"id":501,"main":"Rain","description":"moderate rain","icon":"10d"}],"speed":9.15,"deg":199,"gust":16.61,"clouds":100,"pop":0.98,"rain":4.25},{"dt":1698922800,"sunrise":1698906916,"sunset":1698941818,"temp":{"day":12.08,"min":8.93,"max":12.47,"night":8.93,"eve":10.27,"morn":10.48},"feels_like":{"day":11.09,"night":5.75,"eve":8.95,"morn":9.72},"pressure":980,"humidity":67,"weather":[{"id":501,"main":"Rain","description":"moderate rain","icon":"10d"}],"speed":13.18,"deg":202,"gust":24.87,"clouds":67,"pop":1,"rain":3.98},{"dt":1699009200,"sunrise":1698993420,"sunset":1699028114,"temp":{"day":9.65,"min":6.57,"max":10,"night":9.8,"eve":10,"morn":6.57},"feels_like":{"day":6.35,"night":6.22,"eve":6.39,"morn":2.7},"pressure":984,"humidity":74,"weather":[{"id":500,"main":"Rain","description":"light rain","icon":"10d"}],"speed":9.19,"deg":210,"gust":15.67,"clouds":100,"pop":0.96,"rain":2.96}]}
--- ENF OF RECEIVED DATA ---

