________________________________________________
|             CALL API : START                |
________________________________________________

Informations : 
Called API: meteo - 4 July 2023, 10:30
Method: GETMETEO - Timeout : 300 - Cache : 1
URL CALLED : https://api.openweathermap.org/data/2.5/forecast/daily?q=Brussels,be&units=metric&cnt=4&appid=ea18c0706135505149200c3836f29800
-------------------------
________________________________________________
|             CALL API : START                |
________________________________________________

Informations : 
Called API: meteo - 4 July 2023, 10:30
Method: GETMETEO - Timeout : 300 - Cache : 1
URL CALLED : https://api.openweathermap.org/data/2.5/forecast/daily?q=Brussels,be&units=metric&cnt=4&appid=ea18c0706135505149200c3836f29800
-------------------------
{"city":{"id":2800866,"name":"Brussels","coord":{"lon":4.3488,"lat":50.8504},"country":"BE","population":1019022,"timezone":7200},"cod":"200","message":0.7502244,"cnt":4,"list":[{"dt":1688468400,"sunrise":1688441698,"sunset":1688500713,"temp":{"day":19.02,"min":11.68,"max":20.48,"night":17.14,"eve":19.64,"morn":13.59},"feels_like":{"day":18.52,"night":16.71,"eve":19.1,"morn":13.3},"pressure":1014,"humidity":59,"weather":[{"id":500,"main":"Rain","description":"light rain","icon":"10d"}],"speed":7.12,"deg":240,"gust":14.11,"clouds":54,"pop":0.47,"rain":0.32},{"dt":1688554800,"sunrise":1688528145,"sunset":1688587087,"temp":{"day":20.79,"min":12.23,"max":21.59,"night":13.49,"eve":18.95,"morn":12.23},"feels_like":{"day":19.97,"night":12.64,"eve":18.31,"morn":11.78},"pressure":1012,"humidity":40,"weather":[{"id":500,"main":"Rain","description":"light rain","icon":"10d"}],"speed":10.52,"deg":241,"gust":16.96,"clouds":44,"pop":1,"rain":2.65},{"dt":1688641200,"sunrise":1688614595,"sunset":1688673457,"temp":{"day":21.92,"min":10.08,"max":24.47,"night":15.98,"eve":23.73,"morn":11.35},"feels_like":{"day":21.24,"night":15.49,"eve":23.12,"morn":10.79},"pressure":1018,"humidity":41,"weather":[{"id":802,"main":"Clouds","description":"scattered clouds","icon":"03d"}],"speed":4.11,"deg":229,"gust":7.98,"clouds":43,"pop":0.01},{"dt":1688727600,"sunrise":1688701046,"sunset":1688759825,"temp":{"day":28.72,"min":14.04,"max":30.44,"night":21.52,"eve":28.75,"morn":17.88},"feels_like":{"day":27.5,"night":20.8,"eve":27.91,"morn":17.19},"pressure":1018,"humidity":27,"weather":[{"id":802,"main":"Clouds","description":"scattered clouds","icon":"03d"}],"speed":3.26,"deg":138,"gust":5.33,"clouds":27,"pop":0}]}
--- ENF OF RECEIVED DATA ---

{"city":{"id":2800866,"name":"Brussels","coord":{"lon":4.3488,"lat":50.8504},"country":"BE","population":1019022,"timezone":7200},"cod":"200","message":0.7502244,"cnt":4,"list":[{"dt":1688468400,"sunrise":1688441698,"sunset":1688500713,"temp":{"day":19.02,"min":11.68,"max":20.48,"night":17.14,"eve":19.64,"morn":13.59},"feels_like":{"day":18.52,"night":16.71,"eve":19.1,"morn":13.3},"pressure":1014,"humidity":59,"weather":[{"id":500,"main":"Rain","description":"light rain","icon":"10d"}],"speed":7.12,"deg":240,"gust":14.11,"clouds":54,"pop":0.47,"rain":0.32},{"dt":1688554800,"sunrise":1688528145,"sunset":1688587087,"temp":{"day":20.79,"min":12.23,"max":21.59,"night":13.49,"eve":18.95,"morn":12.23},"feels_like":{"day":19.97,"night":12.64,"eve":18.31,"morn":11.78},"pressure":1012,"humidity":40,"weather":[{"id":500,"main":"Rain","description":"light rain","icon":"10d"}],"speed":10.52,"deg":241,"gust":16.96,"clouds":44,"pop":1,"rain":2.65},{"dt":1688641200,"sunrise":1688614595,"sunset":1688673457,"temp":{"day":21.92,"min":10.08,"max":24.47,"night":15.98,"eve":23.73,"morn":11.35},"feels_like":{"day":21.24,"night":15.49,"eve":23.12,"morn":10.79},"pressure":1018,"humidity":41,"weather":[{"id":802,"main":"Clouds","description":"scattered clouds","icon":"03d"}],"speed":4.11,"deg":229,"gust":7.98,"clouds":43,"pop":0.01},{"dt":1688727600,"sunrise":1688701046,"sunset":1688759825,"temp":{"day":28.72,"min":14.04,"max":30.44,"night":21.52,"eve":28.75,"morn":17.88},"feels_like":{"day":27.5,"night":20.8,"eve":27.91,"morn":17.19},"pressure":1018,"humidity":27,"weather":[{"id":802,"main":"Clouds","description":"scattered clouds","icon":"03d"}],"speed":3.26,"deg":138,"gust":5.33,"clouds":27,"pop":0}]}
--- ENF OF RECEIVED DATA ---

