________________________________________________
|             CALL API : START                |
________________________________________________

Informations : 
Called API: meteo - 16 March 2024, 07:00
Method: GETMETEO - Timeout : 300 - Cache : 1
URL CALLED : https://api.openweathermap.org/data/2.5/forecast/daily?q=Brussels,be&units=metric&cnt=4&appid=ea18c0706135505149200c3836f29800
-------------------------
________________________________________________
|             CALL API : START                |
________________________________________________

Informations : 
Called API: meteo - 16 March 2024, 07:00
Method: GETMETEO - Timeout : 300 - Cache : 1
URL CALLED : https://api.openweathermap.org/data/2.5/forecast/daily?q=Brussels,be&units=metric&cnt=4&appid=ea18c0706135505149200c3836f29800
-------------------------
{"city":{"id":2800866,"name":"Brussels","coord":{"lon":4.3488,"lat":50.8504},"country":"BE","population":1019022,"timezone":3600},"cod":"200","message":8.7714239,"cnt":4,"list":[{"dt":1710586800,"sunrise":1710568420,"sunset":1710611323,"temp":{"day":10.7,"min":7.77,"max":12.54,"night":8.19,"eve":11.12,"morn":7.96},"feels_like":{"day":9.39,"night":6.69,"eve":9.83,"morn":5.28},"pressure":1021,"humidity":60,"weather":[{"id":500,"main":"Rain","description":"light rain","icon":"10d"}],"speed":5.96,"deg":234,"gust":11.86,"clouds":70,"pop":1,"rain":1.59},{"dt":1710673200,"sunrise":1710654685,"sunset":1710697822,"temp":{"day":10.13,"min":7.53,"max":11.23,"night":10.45,"eve":10.36,"morn":8.58},"feels_like":{"day":9.55,"night":9.87,"eve":9.8,"morn":6.37},"pressure":1020,"humidity":90,"weather":[{"id":500,"main":"Rain","description":"light rain","icon":"10d"}],"speed":5.24,"deg":187,"gust":10.97,"clouds":100,"pop":1,"rain":2.88},{"dt":1710759600,"sunrise":1710740950,"sunset":1710784320,"temp":{"day":13.01,"min":9.27,"max":15.33,"night":9.27,"eve":13.09,"morn":9.68},"feels_like":{"day":12.53,"night":8.06,"eve":12.49,"morn":8.39},"pressure":1014,"humidity":83,"weather":[{"id":500,"main":"Rain","description":"light rain","icon":"10d"}],"speed":3.54,"deg":184,"gust":9.38,"clouds":100,"pop":1,"rain":5.78},{"dt":1710846000,"sunrise":1710827215,"sunset":1710870818,"temp":{"day":14.21,"min":8.03,"max":15.13,"night":10.65,"eve":11.97,"morn":8.51},"feels_like":{"day":13.25,"night":9.52,"eve":10.87,"morn":6.93},"pressure":1017,"humidity":60,"weather":[{"id":804,"main":"Clouds","description":"overcast clouds","icon":"04d"}],"speed":3.1,"deg":226,"gust":5.58,"clouds":98,"pop":0}]}
--- ENF OF RECEIVED DATA ---

{"city":{"id":2800866,"name":"Brussels","coord":{"lon":4.3488,"lat":50.8504},"country":"BE","population":1019022,"timezone":3600},"cod":"200","message":8.7714239,"cnt":4,"list":[{"dt":1710586800,"sunrise":1710568420,"sunset":1710611323,"temp":{"day":10.7,"min":7.77,"max":12.54,"night":8.19,"eve":11.12,"morn":7.96},"feels_like":{"day":9.39,"night":6.69,"eve":9.83,"morn":5.28},"pressure":1021,"humidity":60,"weather":[{"id":500,"main":"Rain","description":"light rain","icon":"10d"}],"speed":5.96,"deg":234,"gust":11.86,"clouds":70,"pop":1,"rain":1.59},{"dt":1710673200,"sunrise":1710654685,"sunset":1710697822,"temp":{"day":10.13,"min":7.53,"max":11.23,"night":10.45,"eve":10.36,"morn":8.58},"feels_like":{"day":9.55,"night":9.87,"eve":9.8,"morn":6.37},"pressure":1020,"humidity":90,"weather":[{"id":500,"main":"Rain","description":"light rain","icon":"10d"}],"speed":5.24,"deg":187,"gust":10.97,"clouds":100,"pop":1,"rain":2.88},{"dt":1710759600,"sunrise":1710740950,"sunset":1710784320,"temp":{"day":13.01,"min":9.27,"max":15.33,"night":9.27,"eve":13.09,"morn":9.68},"feels_like":{"day":12.53,"night":8.06,"eve":12.49,"morn":8.39},"pressure":1014,"humidity":83,"weather":[{"id":500,"main":"Rain","description":"light rain","icon":"10d"}],"speed":3.54,"deg":184,"gust":9.38,"clouds":100,"pop":1,"rain":5.78},{"dt":1710846000,"sunrise":1710827215,"sunset":1710870818,"temp":{"day":14.21,"min":8.03,"max":15.13,"night":10.65,"eve":11.97,"morn":8.51},"feels_like":{"day":13.25,"night":9.52,"eve":10.87,"morn":6.93},"pressure":1017,"humidity":60,"weather":[{"id":804,"main":"Clouds","description":"overcast clouds","icon":"04d"}],"speed":3.1,"deg":226,"gust":5.58,"clouds":98,"pop":0}]}
--- ENF OF RECEIVED DATA ---

