________________________________________________
|             CALL API : START                |
________________________________________________

Informations : 
Called API: meteo - 17 October 2024, 00:50
Method: GETMETEO - Timeout : 300 - Cache : 1
URL CALLED : https://api.openweathermap.org/data/2.5/forecast/daily?q=Brussels,be&units=metric&cnt=4&appid=ea18c0706135505149200c3836f29800
-------------------------
________________________________________________
|             CALL API : START                |
________________________________________________

Informations : 
Called API: meteo - 17 October 2024, 00:50
Method: GETMETEO - Timeout : 300 - Cache : 1
URL CALLED : https://api.openweathermap.org/data/2.5/forecast/daily?q=Brussels,be&units=metric&cnt=4&appid=ea18c0706135505149200c3836f29800
-------------------------
{"city":{"id":2800866,"name":"Brussels","coord":{"lon":4.3488,"lat":50.8504},"country":"BE","population":1019022,"timezone":7200},"cod":"200","message":0.0428055,"cnt":4,"list":[{"dt":1729162800,"sunrise":1729145354,"sunset":1729183573,"temp":{"day":19.05,"min":15.43,"max":19.8,"night":15.72,"eve":17.37,"morn":16.11},"feels_like":{"day":19.05,"night":15.75,"eve":17.36,"morn":16.18},"pressure":1013,"humidity":78,"weather":[{"id":500,"main":"Rain","description":"light rain","icon":"10d"}],"speed":7.69,"deg":184,"gust":16.11,"clouds":100,"pop":0.38,"rain":0.83},{"dt":1729249200,"sunrise":1729231854,"sunset":1729269849,"temp":{"day":18.94,"min":13.96,"max":20.53,"night":16.64,"eve":18.01,"morn":13.96},"feels_like":{"day":18.93,"night":16.79,"eve":18.01,"morn":13.97},"pressure":1014,"humidity":78,"weather":[{"id":500,"main":"Rain","description":"light rain","icon":"10d"}],"speed":2.35,"deg":77,"gust":4.63,"clouds":100,"pop":1,"rain":1.84},{"dt":1729335600,"sunrise":1729318355,"sunset":1729356127,"temp":{"day":12.91,"min":11.23,"max":16.27,"night":11.23,"eve":13.2,"morn":13.35},"feels_like":{"day":12.76,"night":10.81,"eve":13,"morn":13.25},"pressure":1013,"humidity":96,"weather":[{"id":502,"main":"Rain","description":"heavy intensity rain","icon":"10d"}],"speed":6.53,"deg":198,"gust":12.18,"clouds":100,"pop":1,"rain":30.19},{"dt":1729422000,"sunrise":1729404856,"sunset":1729442405,"temp":{"day":15.14,"min":11.23,"max":15.14,"night":14.03,"eve":14.6,"morn":11.23},"feels_like":{"day":14.85,"night":13.34,"eve":14,"morn":10.86},"pressure":1017,"humidity":82,"weather":[{"id":804,"main":"Clouds","description":"overcast clouds","icon":"04d"}],"speed":7.27,"deg":189,"gust":14.39,"clouds":100,"pop":0}]}
--- ENF OF RECEIVED DATA ---

{"city":{"id":2800866,"name":"Brussels","coord":{"lon":4.3488,"lat":50.8504},"country":"BE","population":1019022,"timezone":7200},"cod":"200","message":0.0428055,"cnt":4,"list":[{"dt":1729162800,"sunrise":1729145354,"sunset":1729183573,"temp":{"day":19.05,"min":15.43,"max":19.8,"night":15.72,"eve":17.37,"morn":16.11},"feels_like":{"day":19.05,"night":15.75,"eve":17.36,"morn":16.18},"pressure":1013,"humidity":78,"weather":[{"id":500,"main":"Rain","description":"light rain","icon":"10d"}],"speed":7.69,"deg":184,"gust":16.11,"clouds":100,"pop":0.38,"rain":0.83},{"dt":1729249200,"sunrise":1729231854,"sunset":1729269849,"temp":{"day":18.94,"min":13.96,"max":20.53,"night":16.64,"eve":18.01,"morn":13.96},"feels_like":{"day":18.93,"night":16.79,"eve":18.01,"morn":13.97},"pressure":1014,"humidity":78,"weather":[{"id":500,"main":"Rain","description":"light rain","icon":"10d"}],"speed":2.35,"deg":77,"gust":4.63,"clouds":100,"pop":1,"rain":1.84},{"dt":1729335600,"sunrise":1729318355,"sunset":1729356127,"temp":{"day":12.91,"min":11.23,"max":16.27,"night":11.23,"eve":13.2,"morn":13.35},"feels_like":{"day":12.76,"night":10.81,"eve":13,"morn":13.25},"pressure":1013,"humidity":96,"weather":[{"id":502,"main":"Rain","description":"heavy intensity rain","icon":"10d"}],"speed":6.53,"deg":198,"gust":12.18,"clouds":100,"pop":1,"rain":30.19},{"dt":1729422000,"sunrise":1729404856,"sunset":1729442405,"temp":{"day":15.14,"min":11.23,"max":15.14,"night":14.03,"eve":14.6,"morn":11.23},"feels_like":{"day":14.85,"night":13.34,"eve":14,"morn":10.86},"pressure":1017,"humidity":82,"weather":[{"id":804,"main":"Clouds","description":"overcast clouds","icon":"04d"}],"speed":7.27,"deg":189,"gust":14.39,"clouds":100,"pop":0}]}
--- ENF OF RECEIVED DATA ---

