________________________________________________
|             CALL API : START                |
________________________________________________

Informations : 
Called API: meteo - 15 October 2024, 02:40
Method: GETMETEO - Timeout : 300 - Cache : 1
URL CALLED : https://api.openweathermap.org/data/2.5/forecast/daily?q=Brussels,be&units=metric&cnt=4&appid=ea18c0706135505149200c3836f29800
-------------------------
________________________________________________
|             CALL API : START                |
________________________________________________

Informations : 
Called API: meteo - 15 October 2024, 02:40
Method: GETMETEO - Timeout : 300 - Cache : 1
URL CALLED : https://api.openweathermap.org/data/2.5/forecast/daily?q=Brussels,be&units=metric&cnt=4&appid=ea18c0706135505149200c3836f29800
-------------------------
{"city":{"id":2800866,"name":"Brussels","coord":{"lon":4.3488,"lat":50.8504},"country":"BE","population":1019022,"timezone":7200},"cod":"200","message":3.6501015,"cnt":4,"list":[{"dt":1728990000,"sunrise":1728972355,"sunset":1729011022,"temp":{"day":15.31,"min":7.85,"max":16.88,"night":13.05,"eve":14.08,"morn":8.82},"feels_like":{"day":15.04,"night":12.73,"eve":13.95,"morn":7.04},"pressure":1017,"humidity":82,"weather":[{"id":804,"main":"Clouds","description":"overcast clouds","icon":"04d"}],"speed":4.66,"deg":104,"gust":10.46,"clouds":100,"pop":0},{"dt":1729076400,"sunrise":1729058854,"sunset":1729097297,"temp":{"day":22.48,"min":12.76,"max":22.49,"night":18.17,"eve":18.21,"morn":14.1},"feels_like":{"day":22.45,"night":18.08,"eve":18.23,"morn":13.94},"pressure":1008,"humidity":64,"weather":[{"id":803,"main":"Clouds","description":"broken clouds","icon":"04d"}],"speed":7.02,"deg":183,"gust":14.5,"clouds":60,"pop":0},{"dt":1729162800,"sunrise":1729145354,"sunset":1729183573,"temp":{"day":17.55,"min":16.75,"max":20,"night":16.75,"eve":18.08,"morn":17.36},"feels_like":{"day":17.79,"night":16.78,"eve":18.01,"morn":17.58},"pressure":1011,"humidity":93,"weather":[{"id":500,"main":"Rain","description":"light rain","icon":"10d"}],"speed":6.58,"deg":158,"gust":15.6,"clouds":100,"pop":1,"rain":1.73},{"dt":1729249200,"sunrise":1729231854,"sunset":1729269849,"temp":{"day":20.11,"min":15.26,"max":20.47,"night":15.64,"eve":16.64,"morn":15.26},"feels_like":{"day":20.13,"night":15.53,"eve":16.55,"morn":15.4},"pressure":1013,"humidity":75,"weather":[{"id":500,"main":"Rain","description":"light rain","icon":"10d"}],"speed":2.59,"deg":40,"gust":5.72,"clouds":86,"pop":0.73,"rain":0.85}]}
--- ENF OF RECEIVED DATA ---

{"city":{"id":2800866,"name":"Brussels","coord":{"lon":4.3488,"lat":50.8504},"country":"BE","population":1019022,"timezone":7200},"cod":"200","message":3.6501015,"cnt":4,"list":[{"dt":1728990000,"sunrise":1728972355,"sunset":1729011022,"temp":{"day":15.31,"min":7.85,"max":16.88,"night":13.05,"eve":14.08,"morn":8.82},"feels_like":{"day":15.04,"night":12.73,"eve":13.95,"morn":7.04},"pressure":1017,"humidity":82,"weather":[{"id":804,"main":"Clouds","description":"overcast clouds","icon":"04d"}],"speed":4.66,"deg":104,"gust":10.46,"clouds":100,"pop":0},{"dt":1729076400,"sunrise":1729058854,"sunset":1729097297,"temp":{"day":22.48,"min":12.76,"max":22.49,"night":18.17,"eve":18.21,"morn":14.1},"feels_like":{"day":22.45,"night":18.08,"eve":18.23,"morn":13.94},"pressure":1008,"humidity":64,"weather":[{"id":803,"main":"Clouds","description":"broken clouds","icon":"04d"}],"speed":7.02,"deg":183,"gust":14.5,"clouds":60,"pop":0},{"dt":1729162800,"sunrise":1729145354,"sunset":1729183573,"temp":{"day":17.55,"min":16.75,"max":20,"night":16.75,"eve":18.08,"morn":17.36},"feels_like":{"day":17.79,"night":16.78,"eve":18.01,"morn":17.58},"pressure":1011,"humidity":93,"weather":[{"id":500,"main":"Rain","description":"light rain","icon":"10d"}],"speed":6.58,"deg":158,"gust":15.6,"clouds":100,"pop":1,"rain":1.73},{"dt":1729249200,"sunrise":1729231854,"sunset":1729269849,"temp":{"day":20.11,"min":15.26,"max":20.47,"night":15.64,"eve":16.64,"morn":15.26},"feels_like":{"day":20.13,"night":15.53,"eve":16.55,"morn":15.4},"pressure":1013,"humidity":75,"weather":[{"id":500,"main":"Rain","description":"light rain","icon":"10d"}],"speed":2.59,"deg":40,"gust":5.72,"clouds":86,"pop":0.73,"rain":0.85}]}
--- ENF OF RECEIVED DATA ---

