________________________________________________
|             CALL API : START                |
________________________________________________

Informations : 
Called API: meteo - 30 March 2025, 16:10
Method: GETMETEO - Timeout : 300 - Cache : 1
URL CALLED : https://api.openweathermap.org/data/2.5/forecast/daily?q=Brussels,be&units=metric&cnt=4&appid=ea18c0706135505149200c3836f29800
-------------------------
________________________________________________
|             CALL API : START                |
________________________________________________

Informations : 
Called API: meteo - 30 March 2025, 16:10
Method: GETMETEO - Timeout : 300 - Cache : 1
URL CALLED : https://api.openweathermap.org/data/2.5/forecast/daily?q=Brussels,be&units=metric&cnt=4&appid=ea18c0706135505149200c3836f29800
-------------------------
{"city":{"id":2800866,"name":"Brussels","coord":{"lon":4.3488,"lat":50.8504},"country":"BE","population":1019022,"timezone":7200},"cod":"200","message":0.0567512,"cnt":4,"list":[{"dt":1743332400,"sunrise":1743312164,"sunset":1743358265,"temp":{"day":13.01,"min":6.47,"max":13.61,"night":7.63,"eve":13.06,"morn":7.9},"feels_like":{"day":12.01,"night":5.1,"eve":11.94,"morn":4.18},"pressure":1018,"humidity":63,"weather":[{"id":803,"main":"Clouds","description":"broken clouds","icon":"04d"}],"speed":7.73,"deg":308,"gust":14.63,"clouds":66,"pop":0},{"dt":1743418800,"sunrise":1743398430,"sunset":1743444762,"temp":{"day":12.27,"min":4.79,"max":14.28,"night":7.1,"eve":12.46,"morn":4.79},"feels_like":{"day":10.78,"night":4.68,"eve":11.01,"morn":2.43},"pressure":1028,"humidity":47,"weather":[{"id":800,"main":"Clear","description":"sky is clear","icon":"01d"}],"speed":4.53,"deg":12,"gust":9.11,"clouds":8,"pop":0},{"dt":1743505200,"sunrise":1743484696,"sunset":1743531259,"temp":{"day":11.02,"min":3.8,"max":13.85,"night":8.81,"eve":13.12,"morn":3.8},"feels_like":{"day":9.46,"night":5.95,"eve":11.71,"morn":0.6},"pressure":1026,"humidity":49,"weather":[{"id":800,"main":"Clear","description":"sky is clear","icon":"01d"}],"speed":7.31,"deg":80,"gust":13.76,"clouds":2,"pop":0},{"dt":1743591600,"sunrise":1743570962,"sunset":1743617756,"temp":{"day":13.44,"min":5.76,"max":15.78,"night":12.29,"eve":12.63,"morn":5.76},"feels_like":{"day":12.2,"night":10.98,"eve":11.41,"morn":2.04},"pressure":1021,"humidity":52,"weather":[{"id":801,"main":"Clouds","description":"few clouds","icon":"02d"}],"speed":9.14,"deg":81,"gust":14.22,"clouds":22,"pop":0}]}
--- ENF OF RECEIVED DATA ---

{"city":{"id":2800866,"name":"Brussels","coord":{"lon":4.3488,"lat":50.8504},"country":"BE","population":1019022,"timezone":7200},"cod":"200","message":0.0567512,"cnt":4,"list":[{"dt":1743332400,"sunrise":1743312164,"sunset":1743358265,"temp":{"day":13.01,"min":6.47,"max":13.61,"night":7.63,"eve":13.06,"morn":7.9},"feels_like":{"day":12.01,"night":5.1,"eve":11.94,"morn":4.18},"pressure":1018,"humidity":63,"weather":[{"id":803,"main":"Clouds","description":"broken clouds","icon":"04d"}],"speed":7.73,"deg":308,"gust":14.63,"clouds":66,"pop":0},{"dt":1743418800,"sunrise":1743398430,"sunset":1743444762,"temp":{"day":12.27,"min":4.79,"max":14.28,"night":7.1,"eve":12.46,"morn":4.79},"feels_like":{"day":10.78,"night":4.68,"eve":11.01,"morn":2.43},"pressure":1028,"humidity":47,"weather":[{"id":800,"main":"Clear","description":"sky is clear","icon":"01d"}],"speed":4.53,"deg":12,"gust":9.11,"clouds":8,"pop":0},{"dt":1743505200,"sunrise":1743484696,"sunset":1743531259,"temp":{"day":11.02,"min":3.8,"max":13.85,"night":8.81,"eve":13.12,"morn":3.8},"feels_like":{"day":9.46,"night":5.95,"eve":11.71,"morn":0.6},"pressure":1026,"humidity":49,"weather":[{"id":800,"main":"Clear","description":"sky is clear","icon":"01d"}],"speed":7.31,"deg":80,"gust":13.76,"clouds":2,"pop":0},{"dt":1743591600,"sunrise":1743570962,"sunset":1743617756,"temp":{"day":13.44,"min":5.76,"max":15.78,"night":12.29,"eve":12.63,"morn":5.76},"feels_like":{"day":12.2,"night":10.98,"eve":11.41,"morn":2.04},"pressure":1021,"humidity":52,"weather":[{"id":801,"main":"Clouds","description":"few clouds","icon":"02d"}],"speed":9.14,"deg":81,"gust":14.22,"clouds":22,"pop":0}]}
--- ENF OF RECEIVED DATA ---

