________________________________________________
|             CALL API : START                |
________________________________________________

Informations : 
Called API: meteo - 11 December 2024, 17:40
Method: GETMETEO - Timeout : 300 - Cache : 1
URL CALLED : https://api.openweathermap.org/data/2.5/forecast/daily?q=Brussels,be&units=metric&cnt=4&appid=ea18c0706135505149200c3836f29800
-------------------------
________________________________________________
|             CALL API : START                |
________________________________________________

Informations : 
Called API: meteo - 11 December 2024, 17:40
Method: GETMETEO - Timeout : 300 - Cache : 1
URL CALLED : https://api.openweathermap.org/data/2.5/forecast/daily?q=Brussels,be&units=metric&cnt=4&appid=ea18c0706135505149200c3836f29800
-------------------------
{"city":{"id":2800866,"name":"Brussels","coord":{"lon":4.3488,"lat":50.8504},"country":"BE","population":1019022,"timezone":3600},"cod":"200","message":0.0652397,"cnt":4,"list":[{"dt":1733914800,"sunrise":1733902523,"sunset":1733931411,"temp":{"day":3.98,"min":1.98,"max":4.66,"night":2.19,"eve":3.42,"morn":2.5},"feels_like":{"day":0.65,"night":-0.3,"eve":0.04,"morn":-0.74},"pressure":1031,"humidity":77,"weather":[{"id":802,"main":"Clouds","description":"scattered clouds","icon":"03d"}],"speed":4.35,"deg":58,"gust":8.27,"clouds":43,"pop":0},{"dt":1734001200,"sunrise":1733988981,"sunset":1734017808,"temp":{"day":4.49,"min":0.92,"max":5.41,"night":4.21,"eve":4.95,"morn":0.92},"feels_like":{"day":3.09,"night":2.41,"eve":3.74,"morn":-0.9},"pressure":1031,"humidity":76,"weather":[{"id":804,"main":"Clouds","description":"overcast clouds","icon":"04d"}],"speed":2.31,"deg":55,"gust":3.94,"clouds":100,"pop":0},{"dt":1734087600,"sunrise":1734075435,"sunset":1734104208,"temp":{"day":4.84,"min":1.28,"max":5.96,"night":1.28,"eve":3.45,"morn":1.7},"feels_like":{"day":4.84,"night":-2.06,"eve":2.22,"morn":-0.53},"pressure":1026,"humidity":64,"weather":[{"id":800,"main":"Clear","description":"sky is clear","icon":"01d"}],"speed":3.12,"deg":216,"gust":6.07,"clouds":6,"pop":0},{"dt":1734174000,"sunrise":1734161887,"sunset":1734190612,"temp":{"day":3.92,"min":1.2,"max":6.24,"night":4.26,"eve":5.6,"morn":2.8},"feels_like":{"day":-0.33,"night":1.02,"eve":2.71,"morn":-1.1},"pressure":1021,"humidity":88,"weather":[{"id":500,"main":"Rain","description":"light rain","icon":"10d"}],"speed":5.66,"deg":227,"gust":12.21,"clouds":100,"pop":0.59,"rain":1.37}]}
--- ENF OF RECEIVED DATA ---

{"city":{"id":2800866,"name":"Brussels","coord":{"lon":4.3488,"lat":50.8504},"country":"BE","population":1019022,"timezone":3600},"cod":"200","message":0.0652397,"cnt":4,"list":[{"dt":1733914800,"sunrise":1733902523,"sunset":1733931411,"temp":{"day":3.98,"min":1.98,"max":4.66,"night":2.19,"eve":3.42,"morn":2.5},"feels_like":{"day":0.65,"night":-0.3,"eve":0.04,"morn":-0.74},"pressure":1031,"humidity":77,"weather":[{"id":802,"main":"Clouds","description":"scattered clouds","icon":"03d"}],"speed":4.35,"deg":58,"gust":8.27,"clouds":43,"pop":0},{"dt":1734001200,"sunrise":1733988981,"sunset":1734017808,"temp":{"day":4.49,"min":0.92,"max":5.41,"night":4.21,"eve":4.95,"morn":0.92},"feels_like":{"day":3.09,"night":2.41,"eve":3.74,"morn":-0.9},"pressure":1031,"humidity":76,"weather":[{"id":804,"main":"Clouds","description":"overcast clouds","icon":"04d"}],"speed":2.31,"deg":55,"gust":3.94,"clouds":100,"pop":0},{"dt":1734087600,"sunrise":1734075435,"sunset":1734104208,"temp":{"day":4.84,"min":1.28,"max":5.96,"night":1.28,"eve":3.45,"morn":1.7},"feels_like":{"day":4.84,"night":-2.06,"eve":2.22,"morn":-0.53},"pressure":1026,"humidity":64,"weather":[{"id":800,"main":"Clear","description":"sky is clear","icon":"01d"}],"speed":3.12,"deg":216,"gust":6.07,"clouds":6,"pop":0},{"dt":1734174000,"sunrise":1734161887,"sunset":1734190612,"temp":{"day":3.92,"min":1.2,"max":6.24,"night":4.26,"eve":5.6,"morn":2.8},"feels_like":{"day":-0.33,"night":1.02,"eve":2.71,"morn":-1.1},"pressure":1021,"humidity":88,"weather":[{"id":500,"main":"Rain","description":"light rain","icon":"10d"}],"speed":5.66,"deg":227,"gust":12.21,"clouds":100,"pop":0.59,"rain":1.37}]}
--- ENF OF RECEIVED DATA ---

