________________________________________________
|             CALL API : START                |
________________________________________________

Informations : 
Called API: meteo - 7 February 2025, 14:10
Method: GETMETEO - Timeout : 300 - Cache : 1
URL CALLED : https://api.openweathermap.org/data/2.5/forecast/daily?q=Brussels,be&units=metric&cnt=4&appid=ea18c0706135505149200c3836f29800
-------------------------
________________________________________________
|             CALL API : START                |
________________________________________________

Informations : 
Called API: meteo - 7 February 2025, 14:10
Method: GETMETEO - Timeout : 300 - Cache : 1
URL CALLED : https://api.openweathermap.org/data/2.5/forecast/daily?q=Brussels,be&units=metric&cnt=4&appid=ea18c0706135505149200c3836f29800
-------------------------
{"city":{"id":2800866,"name":"Brussels","coord":{"lon":4.3488,"lat":50.8504},"country":"BE","population":1019022,"timezone":3600},"cod":"200","message":0.1651225,"cnt":4,"list":[{"dt":1738926000,"sunrise":1738912157,"sunset":1738946656,"temp":{"day":4.11,"min":2.85,"max":4.72,"night":2.85,"eve":4.48,"morn":3.24},"feels_like":{"day":-1,"night":-1.57,"eve":0.04,"morn":-1.99},"pressure":1024,"humidity":72,"weather":[{"id":804,"main":"Clouds","description":"overcast clouds","icon":"04d"}],"speed":8.06,"deg":87,"gust":13.46,"clouds":85,"pop":0},{"dt":1739012400,"sunrise":1738998456,"sunset":1739033164,"temp":{"day":8.33,"min":2.3,"max":11.34,"night":5.44,"eve":7.71,"morn":5.03},"feels_like":{"day":5.61,"night":5.44,"eve":6.01,"morn":1.63},"pressure":1021,"humidity":70,"weather":[{"id":804,"main":"Clouds","description":"overcast clouds","icon":"04d"}],"speed":6.48,"deg":178,"gust":14.57,"clouds":97,"pop":0},{"dt":1739098800,"sunrise":1739084754,"sunset":1739119671,"temp":{"day":6.3,"min":2.22,"max":7.54,"night":3.89,"eve":5.99,"morn":3.11},"feels_like":{"day":4.29,"night":0.44,"eve":3.75,"morn":1.19},"pressure":1028,"humidity":64,"weather":[{"id":804,"main":"Clouds","description":"overcast clouds","icon":"04d"}],"speed":4.1,"deg":55,"gust":9.11,"clouds":98,"pop":0},{"dt":1739185200,"sunrise":1739171050,"sunset":1739206179,"temp":{"day":3.94,"min":0.43,"max":5.03,"night":4.84,"eve":3.94,"morn":1.04},"feels_like":{"day":0.26,"night":1.35,"eve":0.67,"morn":-3.19},"pressure":1023,"humidity":70,"weather":[{"id":500,"main":"Rain","description":"light rain","icon":"10d"}],"speed":4.83,"deg":63,"gust":10.28,"clouds":71,"pop":1,"rain":3.02}]}
--- ENF OF RECEIVED DATA ---

{"city":{"id":2800866,"name":"Brussels","coord":{"lon":4.3488,"lat":50.8504},"country":"BE","population":1019022,"timezone":3600},"cod":"200","message":0.1651225,"cnt":4,"list":[{"dt":1738926000,"sunrise":1738912157,"sunset":1738946656,"temp":{"day":4.11,"min":2.85,"max":4.72,"night":2.85,"eve":4.48,"morn":3.24},"feels_like":{"day":-1,"night":-1.57,"eve":0.04,"morn":-1.99},"pressure":1024,"humidity":72,"weather":[{"id":804,"main":"Clouds","description":"overcast clouds","icon":"04d"}],"speed":8.06,"deg":87,"gust":13.46,"clouds":85,"pop":0},{"dt":1739012400,"sunrise":1738998456,"sunset":1739033164,"temp":{"day":8.33,"min":2.3,"max":11.34,"night":5.44,"eve":7.71,"morn":5.03},"feels_like":{"day":5.61,"night":5.44,"eve":6.01,"morn":1.63},"pressure":1021,"humidity":70,"weather":[{"id":804,"main":"Clouds","description":"overcast clouds","icon":"04d"}],"speed":6.48,"deg":178,"gust":14.57,"clouds":97,"pop":0},{"dt":1739098800,"sunrise":1739084754,"sunset":1739119671,"temp":{"day":6.3,"min":2.22,"max":7.54,"night":3.89,"eve":5.99,"morn":3.11},"feels_like":{"day":4.29,"night":0.44,"eve":3.75,"morn":1.19},"pressure":1028,"humidity":64,"weather":[{"id":804,"main":"Clouds","description":"overcast clouds","icon":"04d"}],"speed":4.1,"deg":55,"gust":9.11,"clouds":98,"pop":0},{"dt":1739185200,"sunrise":1739171050,"sunset":1739206179,"temp":{"day":3.94,"min":0.43,"max":5.03,"night":4.84,"eve":3.94,"morn":1.04},"feels_like":{"day":0.26,"night":1.35,"eve":0.67,"morn":-3.19},"pressure":1023,"humidity":70,"weather":[{"id":500,"main":"Rain","description":"light rain","icon":"10d"}],"speed":4.83,"deg":63,"gust":10.28,"clouds":71,"pop":1,"rain":3.02}]}
--- ENF OF RECEIVED DATA ---

