________________________________________________
|             CALL API : START                |
________________________________________________

Informations : 
Called API: meteo - 28 September 2023, 12:50
Method: GETMETEO - Timeout : 300 - Cache : 1
URL CALLED : https://api.openweathermap.org/data/2.5/forecast/daily?q=Brussels,be&units=metric&cnt=4&appid=ea18c0706135505149200c3836f29800
-------------------------
________________________________________________
|             CALL API : START                |
________________________________________________

Informations : 
Called API: meteo - 28 September 2023, 12:50
Method: GETMETEO - Timeout : 300 - Cache : 1
URL CALLED : https://api.openweathermap.org/data/2.5/forecast/daily?q=Brussels,be&units=metric&cnt=4&appid=ea18c0706135505149200c3836f29800
-------------------------
{"city":{"id":2800866,"name":"Brussels","coord":{"lon":4.3488,"lat":50.8504},"country":"BE","population":1019022,"timezone":7200},"cod":"200","message":0.0408152,"cnt":4,"list":[{"dt":1695898800,"sunrise":1695879445,"sunset":1695922159,"temp":{"day":19.47,"min":14.43,"max":21.05,"night":16.24,"eve":18.63,"morn":14.91},"feels_like":{"day":19.35,"night":15.49,"eve":18.14,"morn":14.94},"pressure":1018,"humidity":72,"weather":[{"id":500,"main":"Rain","description":"light rain","icon":"10d"}],"speed":6.28,"deg":187,"gust":15.13,"clouds":40,"pop":0.28,"rain":0.21},{"dt":1695985200,"sunrise":1695965939,"sunset":1696008424,"temp":{"day":21.04,"min":13.32,"max":21.63,"night":13.32,"eve":16.44,"morn":18.29},"feels_like":{"day":21,"night":13.03,"eve":16.39,"morn":18.32},"pressure":1017,"humidity":69,"weather":[{"id":500,"main":"Rain","description":"light rain","icon":"10d"}],"speed":7.52,"deg":223,"gust":14.97,"clouds":72,"pop":0.99,"rain":2},{"dt":1696071600,"sunrise":1696052433,"sunset":1696094688,"temp":{"day":18.57,"min":10.58,"max":20.1,"night":13.99,"eve":16.99,"morn":10.65},"feels_like":{"day":17.97,"night":13.17,"eve":16.29,"morn":10.07},"pressure":1026,"humidity":57,"weather":[{"id":803,"main":"Clouds","description":"broken clouds","icon":"04d"}],"speed":3.22,"deg":202,"gust":5.73,"clouds":52,"pop":0},{"dt":1696158000,"sunrise":1696138927,"sunset":1696180953,"temp":{"day":22.64,"min":12.48,"max":23.14,"night":16.74,"eve":18.39,"morn":12.48},"feels_like":{"day":22.21,"night":16.32,"eve":18.03,"morn":11.56},"pressure":1023,"humidity":48,"weather":[{"id":803,"main":"Clouds","description":"broken clouds","icon":"04d"}],"speed":4.9,"deg":218,"gust":8.79,"clouds":70,"pop":0}]}
--- ENF OF RECEIVED DATA ---

{"city":{"id":2800866,"name":"Brussels","coord":{"lon":4.3488,"lat":50.8504},"country":"BE","population":1019022,"timezone":7200},"cod":"200","message":0.0408152,"cnt":4,"list":[{"dt":1695898800,"sunrise":1695879445,"sunset":1695922159,"temp":{"day":19.47,"min":14.43,"max":21.05,"night":16.24,"eve":18.63,"morn":14.91},"feels_like":{"day":19.35,"night":15.49,"eve":18.14,"morn":14.94},"pressure":1018,"humidity":72,"weather":[{"id":500,"main":"Rain","description":"light rain","icon":"10d"}],"speed":6.28,"deg":187,"gust":15.13,"clouds":40,"pop":0.28,"rain":0.21},{"dt":1695985200,"sunrise":1695965939,"sunset":1696008424,"temp":{"day":21.04,"min":13.32,"max":21.63,"night":13.32,"eve":16.44,"morn":18.29},"feels_like":{"day":21,"night":13.03,"eve":16.39,"morn":18.32},"pressure":1017,"humidity":69,"weather":[{"id":500,"main":"Rain","description":"light rain","icon":"10d"}],"speed":7.52,"deg":223,"gust":14.97,"clouds":72,"pop":0.99,"rain":2},{"dt":1696071600,"sunrise":1696052433,"sunset":1696094688,"temp":{"day":18.57,"min":10.58,"max":20.1,"night":13.99,"eve":16.99,"morn":10.65},"feels_like":{"day":17.97,"night":13.17,"eve":16.29,"morn":10.07},"pressure":1026,"humidity":57,"weather":[{"id":803,"main":"Clouds","description":"broken clouds","icon":"04d"}],"speed":3.22,"deg":202,"gust":5.73,"clouds":52,"pop":0},{"dt":1696158000,"sunrise":1696138927,"sunset":1696180953,"temp":{"day":22.64,"min":12.48,"max":23.14,"night":16.74,"eve":18.39,"morn":12.48},"feels_like":{"day":22.21,"night":16.32,"eve":18.03,"morn":11.56},"pressure":1023,"humidity":48,"weather":[{"id":803,"main":"Clouds","description":"broken clouds","icon":"04d"}],"speed":4.9,"deg":218,"gust":8.79,"clouds":70,"pop":0}]}
--- ENF OF RECEIVED DATA ---

