________________________________________________
|             CALL API : START                |
________________________________________________

Informations : 
Called API: meteo - 23 June 2022, 11:30
Method: GETMETEO - Timeout : 300 - Cache : 1
URL CALLED : https://rmipro.meteo.be/products/bx1/5373bc0393d004fc/web_forecast
-------------------------
________________________________________________
|             CALL API : START                |
________________________________________________

Informations : 
Called API: meteo - 23 June 2022, 11:30
Method: GETMETEO - Timeout : 300 - Cache : 1
URL CALLED : https://rmipro.meteo.be/products/bx1/5373bc0393d004fc/web_forecast
-------------------------
<?xml version='1.0' encoding='UTF-8'?>
<meteo>
  <generationDate>23/06/2022 06:58</generationDate>
  <forecast date="20220623" period="PM">
    <titledate>23/06/22</titledate>
    <titleday>jeudi</titleday>
    <data>
      <city>Ostende</city>
      <tempMax>25 </tempMax>
      <weathertype>TJ11</weathertype>
    </data>
    <data>
      <city>Anvers</city>
      <tempMax>29 </tempMax>
      <weathertype>TJ12</weathertype>
    </data>
    <data>
      <city>Bruxelles</city>
      <tempMax>28 </tempMax>
      <weathertype>TJ11</weathertype>
    </data>
    <data>
      <city>Namur</city>
      <tempMax>26 </tempMax>
      <weathertype>TJ2</weathertype>
    </data>
    <data>
      <city>Liege</city>
      <tempMax>28 </tempMax>
      <weathertype>TJ11</weathertype>
    </data>
    <data>
      <city>Arlon</city>
      <tempMax>25 </tempMax>
      <weathertype>TJ11</weathertype>
    </data>
  </forecast>
  <forecast date="20220623" period="NIGHT">
    <titledate>23/06/22</titledate>
    <titleday>jeudi</titleday>
    <data>
      <city>Ostende</city>
      <tempMin>16 </tempMin>
      <weathertype>TNN2</weathertype>
    </data>
    <data>
      <city>Anvers</city>
      <tempMin>18 </tempMin>
      <weathertype>TNN11</weathertype>
    </data>
    <data>
      <city>Bruxelles</city>
      <tempMin>18 </tempMin>
      <weathertype>TNN11</weathertype>
    </data>
    <data>
      <city>Namur</city>
      <tempMin>16 </tempMin>
      <weathertype>TNN11</weathertype>
    </data>
    <data>
      <city>Liege</city>
      <tempMin>18 </tempMin>
      <weathertype>TNN12</weathertype>
    </data>
    <data>
      <city>Arlon</city>
      <tempMin>16 </tempMin>
      <weathertype>TNN12</weathertype>
    </data>
  </forecast>
  <forecast date="20220624" period="AM">
    <titledate>24/06/22</titledate>
    <titleday>vendredi</titleday>
    <data>
      <city>Ostende</city>
      <tempMax>20 </tempMax>
      <weathertype>TJ3</weathertype>
    </data>
    <data>
      <city>Anvers</city>
      <tempMax>22 </tempMax>
      <weathertype>TJ2</weathertype>
    </data>
    <data>
      <city>Bruxelles</city>
      <tempMax>22 </tempMax>
      <weathertype>TJ2</weathertype>
    </data>
    <data>
      <city>Namur</city>
      <tempMax>17 </tempMax>
      <weathertype>TJ3</weathertype>
    </data>
    <data>
      <city>Liege</city>
      <tempMax>21 </tempMax>
      <weathertype>TJ2</weathertype>
    </data>
    <data>
      <city>Arlon</city>
      <tempMax>20 </tempMax>
      <weathertype>TJ3</weathertype>
    </data>
  </forecast>
  <forecast date="20220624" period="PM">
    <titledate>24/06/22</titledate>
    <titleday>vendredi</titleday>
    <data>
      <city>Ostende</city>
      <tempMax>21 </tempMax>
      <weathertype>TJ12</weathertype>
    </data>
    <data>
      <city>Anvers</city>
      <tempMax>25 </tempMax>
      <weathertype>TJ12</weathertype>
    </data>
    <data>
      <city>Bruxelles</city>
      <tempMax>24 </tempMax>
      <weathertype>TJ12</weathertype>
    </data>
    <data>
      <city>Namur</city>
      <tempMax>21 </tempMax>
      <weathertype>TJ12</weathertype>
    </data>
    <data>
      <city>Liege</city>
      <tempMax>23 </tempMax>
      <weathertype>TJ12</weathertype>
    </data>
    <data>
      <city>Arlon</city>
      <tempMax>21 </tempMax>
      <weathertype>TJ12</weathertype>
    </data>
  </forecast>
  <forecast date="20220625" period="DAY">
    <titledate>25/06/22</titledate>
    <titleday>samedi</titleday>
    <data>
      <city>Ostende</city>
      <tempMin>14 </tempMin>
      <tempMax>22 </tempMax>
      <weathertype>TJ12</weathertype>
    </data>
    <data>
      <city>Anvers</city>
      <tempMin>14 </tempMin>
      <tempMax>24 </tempMax>
      <weathertype>TJ12</weathertype>
    </data>
    <data>
      <city>Bruxelles</city>
      <tempMin>14 </tempMin>
      <tempMax>24 </tempMax>
      <weathertype>TJ12</weathertype>
    </data>
    <data>
      <city>Namur</city>
      <tempMin>13 </tempMin>
      <tempMax>21 </tempMax>
      <weathertype>TJ3</weathertype>
    </data>
    <data>
      <city>Liege</city>
      <tempMin>17 </tempMin>
      <tempMax>25 </tempMax>
      <weathertype>TJ11</weathertype>
    </data>
    <data>
      <city>Arlon</city>
      <tempMin>13 </tempMin>
      <tempMax>21 </tempMax>
      <weathertype>TJ3</weathertype>
    </data>
  </forecast>
  <forecast date="20220626" period="DAY">
    <titledate>26/06/22</titledate>
    <titleday>dimanche</titleday>
    <data>
      <city>Ostende</city>
      <tempMin>15 </tempMin>
      <tempMax>22 </tempMax>
      <weathertype>TJ2</weathertype>
    </data>
    <data>
      <city>Anvers</city>
      <tempMin>15 </tempMin>
      <tempMax>22 </tempMax>
      <weathertype>TJ3</weathertype>
    </data>
    <data>
      <city>Bruxelles</city>
      <tempMin>15 </tempMin>
      <tempMax>22 </tempMax>
      <weathertype>TJ3</weathertype>
    </data>
    <data>
      <city>Namur</city>
      <tempMin>14 </tempMin>
      <tempMax>19 </tempMax>
      <weathertype>TJ6</weathertype>
    </data>
    <data>
      <city>Liege</city>
      <tempMin>16 </tempMin>
      <tempMax>22 </tempMax>
      <weathertype>TJ10</weathertype>
    </data>
    <data>
      <city>Arlon</city>
      <tempMin>14 </tempMin>
      <tempMax>19 </tempMax>
      <weathertype>TJ6</weathertype>
    </data>
  </forecast>
  <forecast date="20220627" period="DAY">
    <titledate>27/06/22</titledate>
    <titleday>lundi</titleday>
    <data>
      <city>Ostende</city>
      <tempMin>14 </tempMin>
      <tempMax>19 </tempMax>
      <weathertype>TJ2</weathertype>
    </data>
    <data>
      <city>Anvers</city>
      <tempMin>14 </tempMin>
      <tempMax>22 </tempMax>
      <weathertype>TJ6</weathertype>
    </data>
    <data>
      <city>Bruxelles</city>
      <tempMin>14 </tempMin>
      <tempMax>22 </tempMax>
      <weathertype>TJ6</weathertype>
    </data>
    <data>
      <city>Namur</city>
      <tempMin>13 </tempMin>
      <tempMax>20 </tempMax>
      <weathertype>TJ16</weathertype>
    </data>
    <data>
      <city>Liege</city>
      <tempMin>14 </tempMin>
      <tempMax>22 </tempMax>
      <weathertype>TJ6</weathertype>
    </data>
    <data>
      <city>Arlon</city>
      <tempMin>13 </tempMin>
      <tempMax>20 </tempMax>
      <weathertype>TJ16</weathertype>
    </data>
  </forecast>
  <forecast_foreign date="20220623" period="DAY">
    <titledate>23/06/22</titledate>
    <titleday>jeudi</titleday>
    <data>
      <city>Paris</city>
      <temp>20 </temp>
      <weathertype>TJ1</weathertype>
    </data>
    <data>
      <city>Londres</city>
      <temp>18 </temp>
      <weathertype>TJ1</weathertype>
    </data>
    <data>
      <city>Amsterdam</city>
      <temp>20 </temp>
      <weathertype>TJ1</weathertype>
    </data>
  </forecast_foreign>
  <forecast_foreign date="20220624" period="DAY">
    <titledate>24/06/22</titledate>
    <titleday>vendredi</titleday>
    <data>
      <city>Paris</city>
      <temp>22 </temp>
      <weathertype>TJ4</weathertype>
    </data>
    <data>
      <city>Londres</city>
      <temp>20 </temp>
      <weathertype>TJ1</weathertype>
    </data>
    <data>
      <city>Amsterdam</city>
      <temp>23 </temp>
      <weathertype>TJ4</weathertype>
    </data>
  </forecast_foreign>
  <Ephemerides>
    <Ephemeride>
      <titledate>23/06/22</titledate>
      <titleday>jeudi</titleday>
      <data>
        <sunRise>05:30</sunRise>
        <sunSet>21:59</sunSet>
        <gain>0 </gain>
      </data>
    </Ephemeride>
    <Ephemeride>
      <titledate>24/06/22</titledate>
      <titleday>vendredi</titleday>
      <data>
        <sunRise>05:31</sunRise>
        <sunSet>21:59</sunSet>
        <gain>-1 </gain>
      </data>
    </Ephemeride>
    <Ephemeride>
      <titledate>25/06/22</titledate>
      <titleday>samedi</titleday>
      <data>
        <sunRise>05:31</sunRise>
        <sunSet>21:59</sunSet>
        <gain>0 </gain>
      </data>
    </Ephemeride>
    <Ephemeride>
      <titledate>26/06/22</titledate>
      <titleday>dimanche</titleday>
      <data>
        <sunRise>05:32</sunRise>
        <sunSet>21:59</sunSet>
        <gain>-1 </gain>
      </data>
    </Ephemeride>
  </Ephemerides>
  <indices>
    <indice>
      <titledate>23/06/22</titledate>
      <titleday>jeudi</titleday>
      <data>
        <value>4</value>
        <evaluation>assez bonne</evaluation>
      </data>
    </indice>
    <indice>
      <titledate>24/06/22</titledate>
      <titleday>vendredi</titleday>
      <data>
        <value>4</value>
        <evaluation>assez bonne</evaluation>
      </data>
    </indice>
    <indice>
      <titledate>25/06/22</titledate>
      <titleday>samedi</titleday>
      <data>
        <value>3</value>
        <evaluation>bonne</evaluation>
      </data>
    </indice>
  </indices>
</meteo>

--- ENF OF RECEIVED DATA ---

<?xml version='1.0' encoding='UTF-8'?>
<meteo>
  <generationDate>23/06/2022 06:58</generationDate>
  <forecast date="20220623" period="PM">
    <titledate>23/06/22</titledate>
    <titleday>jeudi</titleday>
    <data>
      <city>Ostende</city>
      <tempMax>25 </tempMax>
      <weathertype>TJ11</weathertype>
    </data>
    <data>
      <city>Anvers</city>
      <tempMax>29 </tempMax>
      <weathertype>TJ12</weathertype>
    </data>
    <data>
      <city>Bruxelles</city>
      <tempMax>28 </tempMax>
      <weathertype>TJ11</weathertype>
    </data>
    <data>
      <city>Namur</city>
      <tempMax>26 </tempMax>
      <weathertype>TJ2</weathertype>
    </data>
    <data>
      <city>Liege</city>
      <tempMax>28 </tempMax>
      <weathertype>TJ11</weathertype>
    </data>
    <data>
      <city>Arlon</city>
      <tempMax>25 </tempMax>
      <weathertype>TJ11</weathertype>
    </data>
  </forecast>
  <forecast date="20220623" period="NIGHT">
    <titledate>23/06/22</titledate>
    <titleday>jeudi</titleday>
    <data>
      <city>Ostende</city>
      <tempMin>16 </tempMin>
      <weathertype>TNN2</weathertype>
    </data>
    <data>
      <city>Anvers</city>
      <tempMin>18 </tempMin>
      <weathertype>TNN11</weathertype>
    </data>
    <data>
      <city>Bruxelles</city>
      <tempMin>18 </tempMin>
      <weathertype>TNN11</weathertype>
    </data>
    <data>
      <city>Namur</city>
      <tempMin>16 </tempMin>
      <weathertype>TNN11</weathertype>
    </data>
    <data>
      <city>Liege</city>
      <tempMin>18 </tempMin>
      <weathertype>TNN12</weathertype>
    </data>
    <data>
      <city>Arlon</city>
      <tempMin>16 </tempMin>
      <weathertype>TNN12</weathertype>
    </data>
  </forecast>
  <forecast date="20220624" period="AM">
    <titledate>24/06/22</titledate>
    <titleday>vendredi</titleday>
    <data>
      <city>Ostende</city>
      <tempMax>20 </tempMax>
      <weathertype>TJ3</weathertype>
    </data>
    <data>
      <city>Anvers</city>
      <tempMax>22 </tempMax>
      <weathertype>TJ2</weathertype>
    </data>
    <data>
      <city>Bruxelles</city>
      <tempMax>22 </tempMax>
      <weathertype>TJ2</weathertype>
    </data>
    <data>
      <city>Namur</city>
      <tempMax>17 </tempMax>
      <weathertype>TJ3</weathertype>
    </data>
    <data>
      <city>Liege</city>
      <tempMax>21 </tempMax>
      <weathertype>TJ2</weathertype>
    </data>
    <data>
      <city>Arlon</city>
      <tempMax>20 </tempMax>
      <weathertype>TJ3</weathertype>
    </data>
  </forecast>
  <forecast date="20220624" period="PM">
    <titledate>24/06/22</titledate>
    <titleday>vendredi</titleday>
    <data>
      <city>Ostende</city>
      <tempMax>21 </tempMax>
      <weathertype>TJ12</weathertype>
    </data>
    <data>
      <city>Anvers</city>
      <tempMax>25 </tempMax>
      <weathertype>TJ12</weathertype>
    </data>
    <data>
      <city>Bruxelles</city>
      <tempMax>24 </tempMax>
      <weathertype>TJ12</weathertype>
    </data>
    <data>
      <city>Namur</city>
      <tempMax>21 </tempMax>
      <weathertype>TJ12</weathertype>
    </data>
    <data>
      <city>Liege</city>
      <tempMax>23 </tempMax>
      <weathertype>TJ12</weathertype>
    </data>
    <data>
      <city>Arlon</city>
      <tempMax>21 </tempMax>
      <weathertype>TJ12</weathertype>
    </data>
  </forecast>
  <forecast date="20220625" period="DAY">
    <titledate>25/06/22</titledate>
    <titleday>samedi</titleday>
    <data>
      <city>Ostende</city>
      <tempMin>14 </tempMin>
      <tempMax>22 </tempMax>
      <weathertype>TJ12</weathertype>
    </data>
    <data>
      <city>Anvers</city>
      <tempMin>14 </tempMin>
      <tempMax>24 </tempMax>
      <weathertype>TJ12</weathertype>
    </data>
    <data>
      <city>Bruxelles</city>
      <tempMin>14 </tempMin>
      <tempMax>24 </tempMax>
      <weathertype>TJ12</weathertype>
    </data>
    <data>
      <city>Namur</city>
      <tempMin>13 </tempMin>
      <tempMax>21 </tempMax>
      <weathertype>TJ3</weathertype>
    </data>
    <data>
      <city>Liege</city>
      <tempMin>17 </tempMin>
      <tempMax>25 </tempMax>
      <weathertype>TJ11</weathertype>
    </data>
    <data>
      <city>Arlon</city>
      <tempMin>13 </tempMin>
      <tempMax>21 </tempMax>
      <weathertype>TJ3</weathertype>
    </data>
  </forecast>
  <forecast date="20220626" period="DAY">
    <titledate>26/06/22</titledate>
    <titleday>dimanche</titleday>
    <data>
      <city>Ostende</city>
      <tempMin>15 </tempMin>
      <tempMax>22 </tempMax>
      <weathertype>TJ2</weathertype>
    </data>
    <data>
      <city>Anvers</city>
      <tempMin>15 </tempMin>
      <tempMax>22 </tempMax>
      <weathertype>TJ3</weathertype>
    </data>
    <data>
      <city>Bruxelles</city>
      <tempMin>15 </tempMin>
      <tempMax>22 </tempMax>
      <weathertype>TJ3</weathertype>
    </data>
    <data>
      <city>Namur</city>
      <tempMin>14 </tempMin>
      <tempMax>19 </tempMax>
      <weathertype>TJ6</weathertype>
    </data>
    <data>
      <city>Liege</city>
      <tempMin>16 </tempMin>
      <tempMax>22 </tempMax>
      <weathertype>TJ10</weathertype>
    </data>
    <data>
      <city>Arlon</city>
      <tempMin>14 </tempMin>
      <tempMax>19 </tempMax>
      <weathertype>TJ6</weathertype>
    </data>
  </forecast>
  <forecast date="20220627" period="DAY">
    <titledate>27/06/22</titledate>
    <titleday>lundi</titleday>
    <data>
      <city>Ostende</city>
      <tempMin>14 </tempMin>
      <tempMax>19 </tempMax>
      <weathertype>TJ2</weathertype>
    </data>
    <data>
      <city>Anvers</city>
      <tempMin>14 </tempMin>
      <tempMax>22 </tempMax>
      <weathertype>TJ6</weathertype>
    </data>
    <data>
      <city>Bruxelles</city>
      <tempMin>14 </tempMin>
      <tempMax>22 </tempMax>
      <weathertype>TJ6</weathertype>
    </data>
    <data>
      <city>Namur</city>
      <tempMin>13 </tempMin>
      <tempMax>20 </tempMax>
      <weathertype>TJ16</weathertype>
    </data>
    <data>
      <city>Liege</city>
      <tempMin>14 </tempMin>
      <tempMax>22 </tempMax>
      <weathertype>TJ6</weathertype>
    </data>
    <data>
      <city>Arlon</city>
      <tempMin>13 </tempMin>
      <tempMax>20 </tempMax>
      <weathertype>TJ16</weathertype>
    </data>
  </forecast>
  <forecast_foreign date="20220623" period="DAY">
    <titledate>23/06/22</titledate>
    <titleday>jeudi</titleday>
    <data>
      <city>Paris</city>
      <temp>20 </temp>
      <weathertype>TJ1</weathertype>
    </data>
    <data>
      <city>Londres</city>
      <temp>18 </temp>
      <weathertype>TJ1</weathertype>
    </data>
    <data>
      <city>Amsterdam</city>
      <temp>20 </temp>
      <weathertype>TJ1</weathertype>
    </data>
  </forecast_foreign>
  <forecast_foreign date="20220624" period="DAY">
    <titledate>24/06/22</titledate>
    <titleday>vendredi</titleday>
    <data>
      <city>Paris</city>
      <temp>22 </temp>
      <weathertype>TJ4</weathertype>
    </data>
    <data>
      <city>Londres</city>
      <temp>20 </temp>
      <weathertype>TJ1</weathertype>
    </data>
    <data>
      <city>Amsterdam</city>
      <temp>23 </temp>
      <weathertype>TJ4</weathertype>
    </data>
  </forecast_foreign>
  <Ephemerides>
    <Ephemeride>
      <titledate>23/06/22</titledate>
      <titleday>jeudi</titleday>
      <data>
        <sunRise>05:30</sunRise>
        <sunSet>21:59</sunSet>
        <gain>0 </gain>
      </data>
    </Ephemeride>
    <Ephemeride>
      <titledate>24/06/22</titledate>
      <titleday>vendredi</titleday>
      <data>
        <sunRise>05:31</sunRise>
        <sunSet>21:59</sunSet>
        <gain>-1 </gain>
      </data>
    </Ephemeride>
    <Ephemeride>
      <titledate>25/06/22</titledate>
      <titleday>samedi</titleday>
      <data>
        <sunRise>05:31</sunRise>
        <sunSet>21:59</sunSet>
        <gain>0 </gain>
      </data>
    </Ephemeride>
    <Ephemeride>
      <titledate>26/06/22</titledate>
      <titleday>dimanche</titleday>
      <data>
        <sunRise>05:32</sunRise>
        <sunSet>21:59</sunSet>
        <gain>-1 </gain>
      </data>
    </Ephemeride>
  </Ephemerides>
  <indices>
    <indice>
      <titledate>23/06/22</titledate>
      <titleday>jeudi</titleday>
      <data>
        <value>4</value>
        <evaluation>assez bonne</evaluation>
      </data>
    </indice>
    <indice>
      <titledate>24/06/22</titledate>
      <titleday>vendredi</titleday>
      <data>
        <value>4</value>
        <evaluation>assez bonne</evaluation>
      </data>
    </indice>
    <indice>
      <titledate>25/06/22</titledate>
      <titleday>samedi</titleday>
      <data>
        <value>3</value>
        <evaluation>bonne</evaluation>
      </data>
    </indice>
  </indices>
</meteo>

--- ENF OF RECEIVED DATA ---

