________________________________________________
|             CALL API : START                |
________________________________________________

Informations : 
Called API: meteo - 4 October 2023, 04:30
Method: GETMETEO - Timeout : 300 - Cache : 1
URL CALLED : https://api.openweathermap.org/data/2.5/forecast/daily?q=Brussels,be&units=metric&cnt=4&appid=ea18c0706135505149200c3836f29800
-------------------------
________________________________________________
|             CALL API : START                |
________________________________________________

Informations : 
Called API: meteo - 4 October 2023, 04:30
Method: GETMETEO - Timeout : 300 - Cache : 1
URL CALLED : https://api.openweathermap.org/data/2.5/forecast/daily?q=Brussels,be&units=metric&cnt=4&appid=ea18c0706135505149200c3836f29800
-------------------------
{"city":{"id":2800866,"name":"Brussels","coord":{"lon":4.3488,"lat":50.8504},"country":"BE","population":1019022,"timezone":7200},"cod":"200","message":8.765107,"cnt":4,"list":[{"dt":1696417200,"sunrise":1696398412,"sunset":1696439750,"temp":{"day":16.95,"min":10.84,"max":17.71,"night":11.87,"eve":16.29,"morn":11.28},"feels_like":{"day":16.37,"night":11.31,"eve":15.54,"morn":10.79},"pressure":1028,"humidity":64,"weather":[{"id":803,"main":"Clouds","description":"broken clouds","icon":"04d"}],"speed":5.64,"deg":248,"gust":10.64,"clouds":63,"pop":0},{"dt":1696503600,"sunrise":1696484907,"sunset":1696526017,"temp":{"day":16.43,"min":10.44,"max":17.62,"night":12.86,"eve":15.19,"morn":10.62},"feels_like":{"day":15.88,"night":12.21,"eve":14.51,"morn":10.14},"pressure":1026,"humidity":67,"weather":[{"id":804,"main":"Clouds","description":"overcast clouds","icon":"04d"}],"speed":4.34,"deg":253,"gust":10.24,"clouds":100,"pop":0},{"dt":1696590000,"sunrise":1696571403,"sunset":1696612284,"temp":{"day":18.07,"min":10.61,"max":20.44,"night":14.48,"eve":17.02,"morn":10.88},"feels_like":{"day":17.24,"night":13.52,"eve":16.21,"morn":10.35},"pressure":1026,"humidity":50,"weather":[{"id":803,"main":"Clouds","description":"broken clouds","icon":"04d"}],"speed":5.74,"deg":234,"gust":9.45,"clouds":74,"pop":0},{"dt":1696676400,"sunrise":1696657899,"sunset":1696698552,"temp":{"day":22.99,"min":12.74,"max":23.57,"night":15.56,"eve":17.95,"morn":12.74},"feels_like":{"day":22.57,"night":14.89,"eve":17.37,"morn":11.85},"pressure":1022,"humidity":47,"weather":[{"id":801,"main":"Clouds","description":"few clouds","icon":"02d"}],"speed":6.78,"deg":252,"gust":12.56,"clouds":20,"pop":0}]}
--- ENF OF RECEIVED DATA ---

{"city":{"id":2800866,"name":"Brussels","coord":{"lon":4.3488,"lat":50.8504},"country":"BE","population":1019022,"timezone":7200},"cod":"200","message":8.765107,"cnt":4,"list":[{"dt":1696417200,"sunrise":1696398412,"sunset":1696439750,"temp":{"day":16.95,"min":10.84,"max":17.71,"night":11.87,"eve":16.29,"morn":11.28},"feels_like":{"day":16.37,"night":11.31,"eve":15.54,"morn":10.79},"pressure":1028,"humidity":64,"weather":[{"id":803,"main":"Clouds","description":"broken clouds","icon":"04d"}],"speed":5.64,"deg":248,"gust":10.64,"clouds":63,"pop":0},{"dt":1696503600,"sunrise":1696484907,"sunset":1696526017,"temp":{"day":16.43,"min":10.44,"max":17.62,"night":12.86,"eve":15.19,"morn":10.62},"feels_like":{"day":15.88,"night":12.21,"eve":14.51,"morn":10.14},"pressure":1026,"humidity":67,"weather":[{"id":804,"main":"Clouds","description":"overcast clouds","icon":"04d"}],"speed":4.34,"deg":253,"gust":10.24,"clouds":100,"pop":0},{"dt":1696590000,"sunrise":1696571403,"sunset":1696612284,"temp":{"day":18.07,"min":10.61,"max":20.44,"night":14.48,"eve":17.02,"morn":10.88},"feels_like":{"day":17.24,"night":13.52,"eve":16.21,"morn":10.35},"pressure":1026,"humidity":50,"weather":[{"id":803,"main":"Clouds","description":"broken clouds","icon":"04d"}],"speed":5.74,"deg":234,"gust":9.45,"clouds":74,"pop":0},{"dt":1696676400,"sunrise":1696657899,"sunset":1696698552,"temp":{"day":22.99,"min":12.74,"max":23.57,"night":15.56,"eve":17.95,"morn":12.74},"feels_like":{"day":22.57,"night":14.89,"eve":17.37,"morn":11.85},"pressure":1022,"humidity":47,"weather":[{"id":801,"main":"Clouds","description":"few clouds","icon":"02d"}],"speed":6.78,"deg":252,"gust":12.56,"clouds":20,"pop":0}]}
--- ENF OF RECEIVED DATA ---

